 UserInterfaceLayer

 Timestamp is 5963682e (Mon Jul 10 19:42:38 2017)

 Preferred load address is 00400000

 Start         Length     Name                   Class
 0001:00000000 000000c0H .text$di                CODE
 0001:000000c0 00011f80H .text$mn                CODE
 0001:00012040 00002080H .text$x                 CODE
 0001:000140c0 000000fdH .text$yd                CODE
 0002:00000000 00000488H .idata$5                DATA
 0002:00000488 00000004H .00cfg                  DATA
 0002:0000048c 00000004H .CRT$XCA                DATA
 0002:00000490 00000004H .CRT$XCAA               DATA
 0002:00000494 00000028H .CRT$XCU                DATA
 0002:000004bc 00000004H .CRT$XCZ                DATA
 0002:000004c0 00000004H .CRT$XIA                DATA
 0002:000004c4 00000004H .CRT$XIAA               DATA
 0002:000004c8 00000004H .CRT$XIAC               DATA
 0002:000004cc 00000004H .CRT$XIC                DATA
 0002:000004d0 00000004H .CRT$XIZ                DATA
 0002:000004d4 00000004H .CRT$XLA                DATA
 0002:000004d8 00000004H .CRT$XLZ                DATA
 0002:000004dc 00000004H .CRT$XPA                DATA
 0002:000004e0 00000004H .CRT$XPZ                DATA
 0002:000004e4 00000004H .CRT$XTA                DATA
 0002:000004e8 00000008H .CRT$XTZ                DATA
 0002:000004f0 0004c944H .rdata                  DATA
 0002:0004ce34 00000018H .rdata$T                DATA
 0002:0004ce4c 00000714H .rdata$r                DATA
 0002:0004d560 000001b0H .rdata$sxdata           DATA
 0002:0004d710 000003dcH .rdata$zzzdbg           DATA
 0002:0004daec 00000004H .rtc$IAA                DATA
 0002:0004daf0 00000004H .rtc$IZZ                DATA
 0002:0004daf4 00000004H .rtc$TAA                DATA
 0002:0004daf8 00000008H .rtc$TZZ                DATA
 0002:0004db00 000028f4H .xdata$x                DATA
 0002:000503f4 00000000H .edata                  DATA
 0002:000503f4 00000118H .idata$2                DATA
 0002:0005050c 00000014H .idata$3                DATA
 0002:00050520 00000488H .idata$4                DATA
 0002:000509a8 00002798H .idata$6                DATA
 0003:00000000 00000108H .data                   DATA
 0003:00000108 00000430H .data$r                 DATA
 0003:00000538 000003e0H .bss                    DATA
 0004:00000000 00000058H .gfids$y                DATA
 0005:00000000 00000004H .tls                    DATA
 0005:00000004 00000004H .tls$                   DATA
 0005:00000008 00000001H .tls$ZZZ                DATA
 0006:00000000 00000060H .rsrc$01                DATA
 0006:00000060 00000290H .rsrc$02                DATA

  Address         Publics by Value              Rva+Base       Lib:Object

 0000:00000000       ___guard_fids_table        00000000     <absolute>
 0000:00000000       ___guard_longjmp_count     00000000     <absolute>
 0000:00000000       ___guard_longjmp_table     00000000     <absolute>
 0000:00000000       ___dynamic_value_reloc_table 00000000     <absolute>
 0000:00000000       ___guard_fids_count        00000000     <absolute>
 0000:00000000       ___guard_iat_table         00000000     <absolute>
 0000:00000000       ___guard_iat_count         00000000     <absolute>
 0000:0000002c       __tls_array                0000002c     <absolute>
 0000:0000006c       ___safe_se_handler_count   0000006c     <absolute>
 0000:00000100       ___guard_flags             00000100     <absolute>
 0000:00000000       ___ImageBase               00400000     <linker-defined>
 0001:000000c0       ??$connect@P8QQmlEngine@@AEXXZP6AXXZ@QObject@@SA?AVConnection@QMetaObject@@PBVQQmlEngine@@P83@AEXXZPBV0@P6AXXZW4ConnectionType@Qt@@@Z 004010c0 f i main.obj
 0001:00000120       ??$createInto@VOperationParamObject@@@QQmlPrivate@@YAXPAX@Z 00401120 f i main.obj
 0001:00000180       ??$createInto@VOperationParamSelector@@@QQmlPrivate@@YAXPAX@Z 00401180 f i main.obj
 0001:000001e0       ??$createInto@VPlanController@@@QQmlPrivate@@YAXPAX@Z 004011e0 f i main.obj
 0001:00000240       ??$createInto@VPlanSelector@@@QQmlPrivate@@YAXPAX@Z 00401240 f i main.obj
 0001:000002a0       ??$createInto@VStatusViewWatcher@@@QQmlPrivate@@YAXPAX@Z 004012a0 f i main.obj
 0001:00000300       ??$createInto@VTextFieldDoubleValidator@@@QQmlPrivate@@YAXPAX@Z 00401300 f i main.obj
 0001:00000360       ??$qRegisterNormalizedMetaType@PAVOperationParamObject@@@@YAHABVQByteArray@@PAPAVOperationParamObject@@W4DefinedType@?$MetaTypeDefinedHelper@PAVOperationParamObject@@$00@QtPrivate@@@Z 00401360 f i main.obj
 0001:000003c0       ??$qRegisterNormalizedMetaType@PAVOperationParamSelector@@@@YAHABVQByteArray@@PAPAVOperationParamSelector@@W4DefinedType@?$MetaTypeDefinedHelper@PAVOperationParamSelector@@$00@QtPrivate@@@Z 004013c0 f i main.obj
 0001:00000420       ??$qRegisterNormalizedMetaType@PAVPlanController@@@@YAHABVQByteArray@@PAPAVPlanController@@W4DefinedType@?$MetaTypeDefinedHelper@PAVPlanController@@$00@QtPrivate@@@Z 00401420 f i main.obj
 0001:00000480       ??$qRegisterNormalizedMetaType@PAVPlanSelector@@@@YAHABVQByteArray@@PAPAVPlanSelector@@W4DefinedType@?$MetaTypeDefinedHelper@PAVPlanSelector@@$00@QtPrivate@@@Z 00401480 f i main.obj
 0001:000004e0       ??$qRegisterNormalizedMetaType@PAVStatusViewWatcher@@@@YAHABVQByteArray@@PAPAVStatusViewWatcher@@W4DefinedType@?$MetaTypeDefinedHelper@PAVStatusViewWatcher@@$00@QtPrivate@@@Z 004014e0 f i main.obj
 0001:00000540       ??$qRegisterNormalizedMetaType@PAVTextFieldDoubleValidator@@@@YAHABVQByteArray@@PAPAVTextFieldDoubleValidator@@W4DefinedType@?$MetaTypeDefinedHelper@PAVTextFieldDoubleValidator@@$00@QtPrivate@@@Z 00401540 f i main.obj
 0001:000005a0       ??$qmlRegisterType@VOperationParamObject@@@@YAHPBDHH0@Z 004015a0 f i main.obj
 0001:00000850       ??$qmlRegisterType@VOperationParamSelector@@@@YAHPBDHH0@Z 00401850 f i main.obj
 0001:00000b00       ??$qmlRegisterType@VPlanController@@@@YAHPBDHH0@Z 00401b00 f i main.obj
 0001:00000db0       ??$qmlRegisterType@VPlanSelector@@@@YAHPBDHH0@Z 00401db0 f i main.obj
 0001:00001060       ??$qmlRegisterType@VStatusViewWatcher@@@@YAHPBDHH0@Z 00402060 f i main.obj
 0001:00001310       ??$qmlRegisterType@VTextFieldDoubleValidator@@@@YAHPBDHH0@Z 00402310 f i main.obj
 0001:000015c0       ??0OperationParamData@@QAE@XZ 004025c0 f i main.obj
 0001:00001630       ??1?$QList@VQString@@@@QAE@XZ 00402630 f i main.obj
 0001:000016c0       ??1?$QVarLengthArray@D$0DA@@@QAE@XZ 004026c0 f i main.obj
 0001:000016c0       ??1?$QVarLengthArray@D$0EA@@@QAE@XZ 004026c0 f i main.obj
 0001:000016e0       ??1OperationParamData@@QAE@XZ 004026e0 f i main.obj
 0001:00001790       ??1OperationParamSelector@@UAE@XZ 00402790 f i main.obj
 0001:00001840       ??1PlanSelector@@UAE@XZ    00402840 f i main.obj
 0001:000018f0       ??1RegisterType@QQmlPrivate@@QAE@XZ 004028f0 f i main.obj
 0001:00001900       ??H@YA?BVQString@@ABV0@0@Z 00402900 f i main.obj
 0001:00001970       ??H@YA?BVQString@@ABV0@PBD@Z 00402970 f i main.obj
 0001:00001a00       ??_E?$QQmlElement@VOperationParamObject@@@QQmlPrivate@@UAEPAXI@Z 00402a00 f i main.obj
 0001:00001a00       ??_G?$QQmlElement@VOperationParamObject@@@QQmlPrivate@@UAEPAXI@Z 00402a00 f i main.obj
 0001:00001a80       ??_G?$QQmlElement@VOperationParamSelector@@@QQmlPrivate@@UAEPAXI@Z 00402a80 f i main.obj
 0001:00001a80       ??_E?$QQmlElement@VOperationParamSelector@@@QQmlPrivate@@UAEPAXI@Z 00402a80 f i main.obj
 0001:00001af0       ??_G?$QQmlElement@VPlanController@@@QQmlPrivate@@UAEPAXI@Z 00402af0 f i main.obj
 0001:00001af0       ??_E?$QQmlElement@VPlanController@@@QQmlPrivate@@UAEPAXI@Z 00402af0 f i main.obj
 0001:00001b60       ??_E?$QQmlElement@VPlanSelector@@@QQmlPrivate@@UAEPAXI@Z 00402b60 f i main.obj
 0001:00001b60       ??_G?$QQmlElement@VPlanSelector@@@QQmlPrivate@@UAEPAXI@Z 00402b60 f i main.obj
 0001:00001bd0       ??_G?$QQmlElement@VStatusViewWatcher@@@QQmlPrivate@@UAEPAXI@Z 00402bd0 f i main.obj
 0001:00001bd0       ??_E?$QQmlElement@VStatusViewWatcher@@@QQmlPrivate@@UAEPAXI@Z 00402bd0 f i main.obj
 0001:00001c40       ??_G?$QQmlElement@VTextFieldDoubleValidator@@@QQmlPrivate@@UAEPAXI@Z 00402c40 f i main.obj
 0001:00001c40       ??_E?$QQmlElement@VTextFieldDoubleValidator@@@QQmlPrivate@@UAEPAXI@Z 00402c40 f i main.obj
 0001:00001cb0       ??_GOperationParamObject@@UAEPAXI@Z 00402cb0 f i main.obj
 0001:00001cb0       ??_EOperationParamObject@@UAEPAXI@Z 00402cb0 f i main.obj
 0001:00001ce0       ?Construct@?$QMetaTypeFunctionHelper@PAVOperationParamObject@@$00@QtMetaTypePrivate@@SAPAXPAXPBX@Z 00402ce0 f i main.obj
 0001:00001ce0       ?Construct@?$QMetaTypeFunctionHelper@PAVTextFieldDoubleValidator@@$00@QtMetaTypePrivate@@SAPAXPAXPBX@Z 00402ce0 f i main.obj
 0001:00001ce0       ?Construct@?$QMetaTypeFunctionHelper@PAVOperationParamSelector@@$00@QtMetaTypePrivate@@SAPAXPAXPBX@Z 00402ce0 f i main.obj
 0001:00001ce0       ?Construct@?$QMetaTypeFunctionHelper@PAVPlanController@@$00@QtMetaTypePrivate@@SAPAXPAXPBX@Z 00402ce0 f i main.obj
 0001:00001ce0       ?Construct@?$QMetaTypeFunctionHelper@PAVStatusViewWatcher@@$00@QtMetaTypePrivate@@SAPAXPAXPBX@Z 00402ce0 f i main.obj
 0001:00001ce0       ?Construct@?$QMetaTypeFunctionHelper@PAVPlanSelector@@$00@QtMetaTypePrivate@@SAPAXPAXPBX@Z 00402ce0 f i main.obj
 0001:00001d10       ?Construct@?$QMetaTypeFunctionHelper@V?$QQmlListProperty@VPlanController@@@@$00@QtMetaTypePrivate@@SAPAXPAXPBX@Z 00402d10 f i main.obj
 0001:00001d10       ?Construct@?$QMetaTypeFunctionHelper@V?$QQmlListProperty@VOperationParamSelector@@@@$00@QtMetaTypePrivate@@SAPAXPAXPBX@Z 00402d10 f i main.obj
 0001:00001d10       ?Construct@?$QMetaTypeFunctionHelper@V?$QQmlListProperty@VPlanSelector@@@@$00@QtMetaTypePrivate@@SAPAXPAXPBX@Z 00402d10 f i main.obj
 0001:00001d10       ?Construct@?$QMetaTypeFunctionHelper@V?$QQmlListProperty@VTextFieldDoubleValidator@@@@$00@QtMetaTypePrivate@@SAPAXPAXPBX@Z 00402d10 f i main.obj
 0001:00001d10       ?Construct@?$QMetaTypeFunctionHelper@V?$QQmlListProperty@VOperationParamObject@@@@$00@QtMetaTypePrivate@@SAPAXPAXPBX@Z 00402d10 f i main.obj
 0001:00001d10       ?Construct@?$QMetaTypeFunctionHelper@V?$QQmlListProperty@VStatusViewWatcher@@@@$00@QtMetaTypePrivate@@SAPAXPAXPBX@Z 00402d10 f i main.obj
 0001:00001d70       @_guard_check_icall_nop@4  00402d70 f i MSVCRT:guard_support.obj
 0001:00001d70       ?Destruct@?$QMetaTypeFunctionHelper@PAVTextFieldDoubleValidator@@$00@QtMetaTypePrivate@@SAXPAX@Z 00402d70 f i main.obj
 0001:00001d70       ?qt_static_metacall@configFileHandler@@CAXPAVQObject@@W4Call@QMetaObject@@HPAPAX@Z 00402d70 f i moc_configfilehandler.obj
 0001:00001d70       ?Destruct@?$QMetaTypeFunctionHelper@PAVOperationParamObject@@$00@QtMetaTypePrivate@@SAXPAX@Z 00402d70 f i main.obj
 0001:00001d70       ?Destruct@?$QMetaTypeFunctionHelper@PAVStatusViewWatcher@@$00@QtMetaTypePrivate@@SAXPAX@Z 00402d70 f i main.obj
 0001:00001d70       ?Destruct@?$QMetaTypeFunctionHelper@PAVOperationParamSelector@@$00@QtMetaTypePrivate@@SAXPAX@Z 00402d70 f i main.obj
 0001:00001d70       ?Destruct@?$QMetaTypeFunctionHelper@V?$QQmlListProperty@VStatusViewWatcher@@@@$00@QtMetaTypePrivate@@SAXPAX@Z 00402d70 f i main.obj
 0001:00001d70       ?Destruct@?$QMetaTypeFunctionHelper@V?$QQmlListProperty@VPlanController@@@@$00@QtMetaTypePrivate@@SAXPAX@Z 00402d70 f i main.obj
 0001:00001d70       __initialize_invalid_parameter_handler 00402d70 f i MSVCRT:invalid_parameter_handler.obj
 0001:00001d70       __initialize_denormal_control 00402d70 f i MSVCRT:denormal_control.obj
 0001:00001d70       ?Destruct@?$QMetaTypeFunctionHelper@V?$QQmlListProperty@VOperationParamSelector@@@@$00@QtMetaTypePrivate@@SAXPAX@Z 00402d70 f i main.obj
 0001:00001d70       ?Destruct@?$QMetaTypeFunctionHelper@V?$QQmlListProperty@VTextFieldDoubleValidator@@@@$00@QtMetaTypePrivate@@SAXPAX@Z 00402d70 f i main.obj
 0001:00001d70       ?onComplete@PlanSelector@@QAEXXZ 00402d70 f i workmodels.obj
 0001:00001d70       ?Destruct@?$QMetaTypeFunctionHelper@V?$QQmlListProperty@VPlanSelector@@@@$00@QtMetaTypePrivate@@SAXPAX@Z 00402d70 f i main.obj
 0001:00001d70       ?Destruct@?$QMetaTypeFunctionHelper@VQSequentialIterableImpl@QtMetaTypePrivate@@$00@QtMetaTypePrivate@@SAXPAX@Z 00402d70 f i moc_workmodels.obj
 0001:00001d70       ??3@YAXPAX0@Z              00402d70 f i main.obj
 0001:00001d70       ?Destruct@?$QMetaTypeFunctionHelper@V?$QQmlListProperty@VOperationParamObject@@@@$00@QtMetaTypePrivate@@SAXPAX@Z 00402d70 f i main.obj
 0001:00001d70       ?Destruct@?$QMetaTypeFunctionHelper@PAVPlanSelector@@$00@QtMetaTypePrivate@@SAXPAX@Z 00402d70 f i main.obj
 0001:00001d70       ?Destruct@?$QMetaTypeFunctionHelper@PAVPlanController@@$00@QtMetaTypePrivate@@SAXPAX@Z 00402d70 f i main.obj
 0001:00001d80       ?TopLevelExceptionFilter@@YGJPAU_EXCEPTION_POINTERS@@@Z 00402d80 f   main.obj
 0001:00001df0       ?customMessageHandler@@YAXW4QtMsgType@@ABVQMessageLogContext@@ABVQString@@@Z 00402df0 f   main.obj
 0001:00002160       ?dealloc@?$QList@VOperationParamData@@@@AAEXPAUData@QListData@@@Z 00403160 f i main.obj
 0001:000021c0       ?getConfigFullName@@YA?AVQString@@PBD@Z 004031c0 f   main.obj
 0001:00002230       ?impl@?$QStaticSlotObject@P6AXXZU?$List@$$V@QtPrivate@@X@QtPrivate@@CAXHPAVQSlotObjectBase@2@PAVQObject@@PAPAXPA_N@Z 00403230 f i main.obj
 0001:00002260       ?qt_metatype_id@?$QMetaTypeIdQObject@PAVOperationParamObject@@$07@@SAHXZ 00403260 f i main.obj
 0001:00002310       ?qt_metatype_id@?$QMetaTypeIdQObject@PAVOperationParamSelector@@$07@@SAHXZ 00403310 f i main.obj
 0001:000023c0       ?qt_metatype_id@?$QMetaTypeIdQObject@PAVPlanController@@$07@@SAHXZ 004033c0 f i main.obj
 0001:00002470       ?qt_metatype_id@?$QMetaTypeIdQObject@PAVPlanSelector@@$07@@SAHXZ 00403470 f i main.obj
 0001:00002520       ?qt_metatype_id@?$QMetaTypeIdQObject@PAVStatusViewWatcher@@$07@@SAHXZ 00403520 f i main.obj
 0001:000025d0       ?qt_metatype_id@?$QMetaTypeIdQObject@PAVTextFieldDoubleValidator@@$07@@SAHXZ 004035d0 f i main.obj
 0001:00002680       ?validate@TextFieldDoubleValidator@@UBE?AW4State@QValidator@@AAVQString@@AAH@Z 00403680 f i main.obj
 0001:00002800       _main                      00403800 f   main.obj
 0001:00002c60       ??$connect@P8EnvironmentVariant@@AEXXZP8StatusViewWatcher@@AEXXZ@QObject@@SA?AVConnection@QMetaObject@@PBVEnvironmentVariant@@P83@AEXXZPBVStatusViewWatcher@@P84@AEXXZW4ConnectionType@Qt@@@Z 00403c60 f i workmodels.obj
 0001:00002cc0       ??$qMakeForeachContainer@AAV?$QList@PAVQObject@@@@@QtPrivate@@YA?AV?$QForeachContainer@V?$QList@PAVQObject@@@@@0@AAV?$QList@PAVQObject@@@@@Z 00403cc0 f i workmodels.obj
 0001:00002d00       ??$qMakeForeachContainer@AAV?$QList@VOperationParamData@@@@@QtPrivate@@YA?AV?$QForeachContainer@V?$QList@VOperationParamData@@@@@0@AAV?$QList@VOperationParamData@@@@@Z 00403d00 f i workmodels.obj
 0001:00002d00       ??$qMakeForeachContainer@ABV?$QList@VOperationParamData@@@@@QtPrivate@@YA?AV?$QForeachContainer@V?$QList@VOperationParamData@@@@@0@ABV?$QList@VOperationParamData@@@@@Z 00403d00 f i configfilehandler.obj
 0001:00002d40       ??0?$QList@PAVQObject@@@@QAE@ABV0@@Z 00403d40 f i workmodels.obj
 0001:00002d40       ??0?$QList@H@@QAE@ABV0@@Z  00403d40 f i workmodels.obj
 0001:00002df0       ??0?$QList@VOperationParamData@@@@QAE@ABV0@@Z 00403df0 f i workmodels.obj
 0001:00002ea0       ??0?$QList@VQString@@@@QAE@ABV0@@Z 00403ea0 f i workmodels.obj
 0001:00002f50       ??0OperationParamData@@QAE@ABV0@@Z 00403f50 f i workmodels.obj
 0001:000030c0       ??0OperationParamSelector@@QAE@PAVQObject@@@Z 004040c0 f   workmodels.obj
 0001:00003110       ??0PlanController@@QAE@PAVQObject@@@Z 00404110 f   workmodels.obj
 0001:00003180       ??0PlanSelector@@QAE@PAVQObject@@@Z 00404180 f   workmodels.obj
 0001:00003230       ??0StatusViewWatcher@@QAE@PAVQObject@@@Z 00404230 f   workmodels.obj
 0001:000032c0       ??1?$QForeachContainer@V?$QList@PAVQObject@@@@@QtPrivate@@QAE@XZ 004042c0 f i workmodels.obj
 0001:00003320       ??1?$QForeachContainer@V?$QList@VOperationParamData@@@@@QtPrivate@@QAE@XZ 00404320 f i workmodels.obj
 0001:00003380       ??1?$QList@PAVQObject@@@@QAE@XZ 00404380 f i workmodels.obj
 0001:00003380       ??1?$QList@H@@QAE@XZ       00404380 f i workmodels.obj
 0001:000033e0       ??1?$QList@VOperationParamData@@@@QAE@XZ 004043e0 f i workmodels.obj
 0001:00003440       ??1MachineConfigData@@QAE@XZ 00404440 f i workmodels.obj
 0001:00003450       ??1PlanController@@UAE@XZ  00404450 f   workmodels.obj
 0001:000034b0       ??1QStringList@@QAE@XZ     004044b0 f i workmodels.obj
 0001:000034b0       ??1?$QForeachContainer@VQStringList@@@QtPrivate@@QAE@XZ 004044b0 f i environmentvariant.obj
 0001:000034c0       ??1SingleOperationData@@QAE@XZ 004044c0 f i workmodels.obj
 0001:00003530       ??1StatusViewWatcher@@UAE@XZ 00404530 f   workmodels.obj
 0001:000035b0       ??_EOperationParamSelector@@UAEPAXI@Z 004045b0 f i workmodels.obj
 0001:000035b0       ??_GOperationParamSelector@@UAEPAXI@Z 004045b0 f i workmodels.obj
 0001:000035d0       ??_GPlanController@@UAEPAXI@Z 004045d0 f i workmodels.obj
 0001:000035d0       ??_EPlanController@@UAEPAXI@Z 004045d0 f i workmodels.obj
 0001:00003640       ??_GPlanSelector@@UAEPAXI@Z 00404640 f i workmodels.obj
 0001:00003640       ??_EPlanSelector@@UAEPAXI@Z 00404640 f i workmodels.obj
 0001:00003660       ??_EStatusViewWatcher@@UAEPAXI@Z 00404660 f i workmodels.obj
 0001:00003660       ??_GStatusViewWatcher@@UAEPAXI@Z 00404660 f i workmodels.obj
 0001:00003700       ?WorkPlaceConstraint@EnvironmentVariant@@QAE?AVQJsonArray@@XZ 00404700 f i workmodels.obj
 0001:00003720       ?addPlan@PlanSelector@@QAEXABVQString@@@Z 00404720 f   workmodels.obj
 0001:00003740       ?addStep@PlanSelector@@QAEXHHH@Z 00404740 f   workmodels.obj
 0001:00003760       ?append@?$QList@VOperationParamData@@@@QAEXABVOperationParamData@@@Z 00404760 f i workmodels.obj
 0001:00003820       ?commitParam@PlanSelector@@QAEXHHABVQString@@ABVQVariant@@@Z 00404820 f   workmodels.obj
 0001:00003840       ?detach_helper_grow@?$QList@PAVQObject@@@@AAEPAUNode@1@HH@Z 00404840 f i workmodels.obj
 0001:00003840       ?detach_helper_grow@?$QList@H@@AAEPAUNode@1@HH@Z 00404840 f i configfilehandler.obj
 0001:00003980       ?detach_helper_grow@?$QList@VOperationParamData@@@@AAEPAUNode@1@HH@Z 00404980 f i workmodels.obj
 0001:00003ad0       ?eventFilter@PlanController@@UAE_NPAVQObject@@PAVQEvent@@@Z 00404ad0 f   workmodels.obj
 0001:00003b20       ?eventFilter@StatusViewWatcher@@UAE_NPAVQObject@@PAVQEvent@@@Z 00404b20 f   workmodels.obj
 0001:00003b60       ?getSwitch@OperationParamSelector@@QAEPAVQObject@@ABVQString@@@Z 00404b60 f   workmodels.obj
 0001:00003cc0       ?getSwitch@PlanSelector@@QAEPAVQObject@@ABVQString@@@Z 00404cc0 f   workmodels.obj
 0001:00003e20       ?getWorkLocationTypeList@StatusViewWatcher@@QAE?AVQJsonObject@@XZ 00404e20 f   workmodels.obj
 0001:00003e50       ?getWorkPlaceConstraint@StatusViewWatcher@@QAE?AVQJsonArray@@XZ 00404e50 f   workmodels.obj
 0001:00003e80       ?impl@?$QSlotObject@P8StatusViewWatcher@@AEXXZU?$List@$$V@QtPrivate@@X@QtPrivate@@CAXHPAVQSlotObjectBase@2@PAVQObject@@PAPAXPA_N@Z 00404e80 f i workmodels.obj
 0001:00003ed0       ?init@OperationParamSelector@@QAEXABVQString@@@Z 00404ed0 f   workmodels.obj
 0001:00003f50       ?moveStep@PlanSelector@@QAEXHHH@Z 00404f50 f   workmodels.obj
 0001:00003f70       ?node_copy@?$QList@PAVQObject@@@@AAEXPAUNode@1@00@Z 00404f70 f i workmodels.obj
 0001:00003f70       ?node_copy@?$QList@H@@AAEXPAUNode@1@00@Z 00404f70 f i workmodels.obj
 0001:00003fa0       ?node_copy@?$QList@VOperationParamData@@@@AAEXPAUNode@1@00@Z 00404fa0 f i workmodels.obj
 0001:00004070       ?node_copy@?$QList@VQString@@@@AAEXPAUNode@1@00@Z 00405070 f i workmodels.obj
 0001:000040b0       ?node_destruct@?$QList@VOperationParamData@@@@AAEXPAUNode@1@0@Z 004050b0 f i workmodels.obj
 0001:000040f0       ?onCompleteSingleOperation@OperationParamSelector@@QAEXXZ 004050f0 f   workmodels.obj
 0001:00004370       ?onMachineConfigChanged@TargetMachineObject@@QAEXXZ 00405370 f   workmodels.obj
 0001:000043f0       ?onSave@PlanSelector@@QAEXXZ 004053f0 f   workmodels.obj
 0001:00004400       ?operationCurrentIndex@PlanSelector@@QAEHXZ 00405400 f   workmodels.obj
 0001:00004420       ?planListModel@PlanSelector@@QAE?AVQStringList@@XZ 00405420 f   workmodels.obj
 0001:00004450       ?planSelectStepListModel@PlanSelector@@QAE?AVQStringList@@H@Z 00405450 f   workmodels.obj
 0001:00004480       ?removePlan@PlanSelector@@QAEXH@Z 00405480 f   workmodels.obj
 0001:000044a0       ?removeStep@PlanSelector@@QAEXHH@Z 004054a0 f   workmodels.obj
 0001:000044c0       ?resumePlan@PlanController@@QAEXXZ 004054c0 f   workmodels.obj
 0001:000044f0       ?setPlanName@PlanSelector@@QAEXHABVQString@@@Z 004054f0 f   workmodels.obj
 0001:00004510       ?setSelectedOperation@OperationParamSelector@@QAEXH@Z 00405510 f   workmodels.obj
 0001:000048b0       ?setSelectedOperation@PlanSelector@@QAEXHHH@Z 004058b0 f   workmodels.obj
 0001:00004d40       ?setSelectedStep@PlanSelector@@QAEXHH@Z 00405d40 f   workmodels.obj
 0001:000050f0       ?setWorkLocationType@StatusViewWatcher@@QAE_NHHABVQString@@@Z 004060f0 f   workmodels.obj
 0001:00005110       ?startPlan@PlanController@@QAEXHH@Z 00406110 f   workmodels.obj
 0001:00005140       ?stepListModel@PlanSelector@@QAE?AVQStringList@@H@Z 00406140 f   workmodels.obj
 0001:00005170       ?stopPlan@PlanController@@QAEXXZ 00406170 f   workmodels.obj
 0001:00005180       ??$qMakePair@VQString@@V?$QList@VSingleOperationData@@@@@@YA?AU?$QPair@VQString@@V?$QList@VSingleOperationData@@@@@@ABVQString@@ABV?$QList@VSingleOperationData@@@@@Z 00406180 f i configfilehandler.obj
 0001:000051e0       ??0?$QList@VSingleOperationData@@@@QAE@ABV0@@Z 004061e0 f i configfilehandler.obj
 0001:00005290       ??0OperationParamData@@QAE@ABVQString@@00ABVQStringList@@_NHH0V?$QList@H@@00HH@Z 00406290 f i configfilehandler.obj
 0001:00005430       ??0configFileHandler@@QAE@PAVQObject@@@Z 00406430 f   configfilehandler.obj
 0001:00005490       ??1?$QList@VSingleOperationData@@@@QAE@XZ 00406490 f i configfilehandler.obj
 0001:00005510       ??1?$QMap@VQString@@V1@@@QAE@XZ 00406510 f i configfilehandler.obj
 0001:00005590       ??1?$QMap@VQString@@VOperationParamData@@@@QAE@XZ 00406590 f i configfilehandler.obj
 0001:00005630       ??1?$QMap@VQString@@VQStringList@@@@QAE@XZ 00406630 f i configfilehandler.obj
 0001:000056d0       ??1?$QPair@VQString@@V?$QList@VSingleOperationData@@@@@@QAE@XZ 004066d0 f i configfilehandler.obj
 0001:00005760       ??4?$QList@U?$QPair@VQString@@V?$QList@VSingleOperationData@@@@@@@@QAEAAV0@$$QAV0@@Z 00406760 f i configfilehandler.obj
 0001:00005800       ??4OperationParamData@@QAEAAV0@ABV0@@Z 00406800 f i configfilehandler.obj
 0001:00005910       ??A?$QMap@VQString@@V1@@@QAEAAVQString@@ABV1@@Z 00406910 f i configfilehandler.obj
 0001:000059d0       ??A?$QMap@VQString@@VOperationParamData@@@@QBE?BVOperationParamData@@ABVQString@@@Z 004069d0 f i configfilehandler.obj
 0001:00005a90       ??A?$QMap@VQString@@VQStringList@@@@QAEAAVQStringList@@ABVQString@@@Z 00406a90 f i configfilehandler.obj
 0001:00005b50       ??_G?$QPair@VQString@@V?$QList@VSingleOperationData@@@@@@QAEPAXI@Z 00406b50 f i configfilehandler.obj
 0001:00005bf0       ??_GSingleOperationData@@QAEPAXI@Z 00406bf0 f i configfilehandler.obj
 0001:00005c70       ??_GconfigFileHandler@@UAEPAXI@Z 00406c70 f i configfilehandler.obj
 0001:00005c70       ??_EconfigFileHandler@@UAEPAXI@Z 00406c70 f i configfilehandler.obj
 0001:00005ca0       ?ParseHostIP@configFileHandler@@QAE?AVQString@@XZ 00406ca0 f   configfilehandler.obj
 0001:00005d70       ?ParseHostPort@configFileHandler@@QAEFXZ 00406d70 f   configfilehandler.obj
 0001:00005e50       ?ParseHostSingleOperationThreshold@configFileHandler@@QAEHXZ 00406e50 f   configfilehandler.obj
 0001:00005f30       ?ParseLicense@configFileHandler@@QAEXAAVQByteArray@@@Z 00406f30 f   configfilehandler.obj
 0001:00006020       ?ParseListMap@configFileHandler@@QAE?AV?$QMap@VQString@@VQStringList@@@@ABVQString@@@Z 00407020 f   configfilehandler.obj
 0001:000062c0       ?ParseMap@configFileHandler@@QAE?AV?$QMap@VQString@@V1@@@ABVQString@@@Z 004072c0 f   configfilehandler.obj
 0001:00006410       ?ParseMapRevertKeyValue@configFileHandler@@QAE?AV?$QMap@VQString@@V1@@@ABVQString@@@Z 00407410 f   configfilehandler.obj
 0001:00006570       ?ParseParamValue@configFileHandler@@QAE?AV?$QMap@VQString@@VOperationParamData@@@@ABVQString@@@Z 00407570 f   configfilehandler.obj
 0001:00007210       ?ParsePlanList@configFileHandler@@QAEXAAV?$QList@U?$QPair@VQString@@V?$QList@VSingleOperationData@@@@@@@@ABV?$QMap@VQString@@VOperationParamData@@@@@Z 00408210 f   configfilehandler.obj
 0001:00007c00       ?ParseWorkPlaceConstraint@configFileHandler@@QAE?AVQJsonArray@@XZ 00408c00 f   configfilehandler.obj
 0001:00007c90       ?ParseWorkSpaceTypeList@configFileHandler@@QAEXAAVQJsonObject@@@Z 00408c90 f   configfilehandler.obj
 0001:00007d40       ?SaveMachineConfig@configFileHandler@@QAEXABVQString@@ABVMachineConfigData@@ABVQJsonObject@@@Z 00408d40 f   configfilehandler.obj
 0001:00008090       ?SavePlanList@configFileHandler@@QAEXABVQString@@ABV?$QList@U?$QPair@VQString@@V?$QList@VSingleOperationData@@@@@@@@ABV?$QMap@VQString@@VQStringList@@@@@Z 00409090 f   configfilehandler.obj
 0001:00008810       ?append@?$QList@H@@QAEXABH@Z 00409810 f i configfilehandler.obj
 0001:00008810       ?append@?$QList@PAVQObject@@@@QAEXABQAVQObject@@@Z 00409810 f i workmodels.obj
 0001:000088a0       ?append@?$QList@U?$QPair@VQString@@V?$QList@VSingleOperationData@@@@@@@@QAEXABU?$QPair@VQString@@V?$QList@VSingleOperationData@@@@@@@Z 004098a0 f i configfilehandler.obj
 0001:00008980       ?append@?$QList@VQString@@@@QAEXABVQString@@@Z 00409980 f i configfilehandler.obj
 0001:00008a30       ?append@?$QList@VSingleOperationData@@@@QAEXABVSingleOperationData@@@Z 00409a30 f i configfilehandler.obj
 0001:00008b10       ?clear@?$QList@H@@QAEXXZ   00409b10 f i configfilehandler.obj
 0001:00008bb0       ?clear@?$QList@U?$QPair@VQString@@V?$QList@VSingleOperationData@@@@@@@@QAEXXZ 00409bb0 f i configfilehandler.obj
 0001:00008c40       ?copy@?$QMapNode@VQString@@V1@@@QBEPAU1@PAU?$QMapData@VQString@@V1@@@@Z 00409c40 f i configfilehandler.obj
 0001:00008cc0       ?copy@?$QMapNode@VQString@@VOperationParamData@@@@QBEPAU1@PAU?$QMapData@VQString@@VOperationParamData@@@@@Z 00409cc0 f i configfilehandler.obj
 0001:00008d40       ?copy@?$QMapNode@VQString@@VQStringList@@@@QBEPAU1@PAU?$QMapData@VQString@@VQStringList@@@@@Z 00409d40 f i configfilehandler.obj
 0001:00008dc0       ?createNode@?$QMapData@VQString@@V1@@@QAEPAU?$QMapNode@VQString@@V1@@@ABVQString@@0PAU2@_N@Z 00409dc0 f i configfilehandler.obj
 0001:00008e00       ?createNode@?$QMapData@VQString@@VOperationParamData@@@@QAEPAU?$QMapNode@VQString@@VOperationParamData@@@@ABVQString@@ABVOperationParamData@@PAU2@_N@Z 00409e00 f i configfilehandler.obj
 0001:00008ec0       ?createNode@?$QMapData@VQString@@VQStringList@@@@QAEPAU?$QMapNode@VQString@@VQStringList@@@@ABVQString@@ABVQStringList@@PAU2@_N@Z 00409ec0 f i configfilehandler.obj
 0001:00008f80       ?destroySubTree@?$QMapNode@VQString@@V1@@@QAEXXZ 00409f80 f i configfilehandler.obj
 0001:00008fb0       ?destroySubTree@?$QMapNode@VQString@@VOperationParamData@@@@QAEXXZ 00409fb0 f i configfilehandler.obj
 0001:00008fe0       ?destroySubTree@?$QMapNode@VQString@@VQStringList@@@@QAEXXZ 00409fe0 f i configfilehandler.obj
 0001:00009010       ?detach_helper@?$QMap@VQString@@V1@@@AAEXXZ 0040a010 f i configfilehandler.obj
 0001:00009090       ?detach_helper@?$QMap@VQString@@VOperationParamData@@@@AAEXXZ 0040a090 f i configfilehandler.obj
 0001:00009130       ?detach_helper@?$QMap@VQString@@VQStringList@@@@AAEXXZ 0040a130 f i configfilehandler.obj
 0001:000091d0       ?detach_helper_grow@?$QList@U?$QPair@VQString@@V?$QList@VSingleOperationData@@@@@@@@AAEPAUNode@1@HH@Z 0040a1d0 f i configfilehandler.obj
 0001:00009340       ?detach_helper_grow@?$QList@VQString@@@@AAEPAUNode@1@HH@Z 0040a340 f i configfilehandler.obj
 0001:000094c0       ?detach_helper_grow@?$QList@VSingleOperationData@@@@AAEPAUNode@1@HH@Z 0040a4c0 f i configfilehandler.obj
 0001:00009630       ?insert@?$QMap@VQString@@V1@@@QAE?AViterator@1@ABVQString@@0@Z 0040a630 f i configfilehandler.obj
 0001:00009700       ?insert@?$QMap@VQString@@VOperationParamData@@@@QAE?AViterator@1@ABVQString@@ABVOperationParamData@@@Z 0040a700 f i configfilehandler.obj
 0001:000097d0       ?insert@?$QMap@VQString@@VQStringList@@@@QAE?AViterator@1@ABVQString@@ABVQStringList@@@Z 0040a7d0 f i configfilehandler.obj
 0001:000098c0       ?key@iterator@QJsonObject@@QBE?AVQString@@XZ 0040a8c0 f i configfilehandler.obj
 0001:000098e0       ?loadConfigFile@configFileHandler@@QAE_NABVQString@@@Z 0040a8e0 f   configfilehandler.obj
 0001:000099e0       ?lowerBound@?$QMapNode@VQString@@VQStringList@@@@QAEPAU1@ABVQString@@@Z 0040a9e0 f i configfilehandler.obj
 0001:000099e0       ?lowerBound@?$QMapNode@VQString@@V1@@@QAEPAU1@ABVQString@@@Z 0040a9e0 f i configfilehandler.obj
 0001:000099e0       ?lowerBound@?$QMapNode@VQString@@VOperationParamData@@@@QAEPAU1@ABVQString@@@Z 0040a9e0 f i configfilehandler.obj
 0001:00009a20       ?node_copy@?$QList@U?$QPair@VQString@@V?$QList@VSingleOperationData@@@@@@@@AAEXPAUNode@1@00@Z 0040aa20 f i configfilehandler.obj
 0001:00009ae0       ?node_copy@?$QList@VSingleOperationData@@@@AAEXPAUNode@1@00@Z 0040aae0 f i configfilehandler.obj
 0001:00009bb0       ?node_destruct@?$QList@U?$QPair@VQString@@V?$QList@VSingleOperationData@@@@@@@@AAEXPAUNode@1@0@Z 0040abb0 f i configfilehandler.obj
 0001:00009c70       ?node_destruct@?$QList@VQString@@@@AAEXPAUNode@1@0@Z 0040ac70 f i configfilehandler.obj
 0001:00009ca0       ?node_destruct@?$QList@VSingleOperationData@@@@AAEXPAUNode@1@0@Z 0040aca0 f i configfilehandler.obj
 0001:00009d40       ?toList@configFileHandler@@QAE?AVQStringList@@ABVQString@@@Z 0040ad40 f   configfilehandler.obj
 0001:00009e20       ?value@?$QMap@VQString@@VOperationParamData@@@@QBE?BVOperationParamData@@ABVQString@@ABV2@@Z 0040ae20 f i configfilehandler.obj
 0001:00009e90       ??$qMakeForeachContainer@ABV?$QList@VSingleOperationData@@@@@QtPrivate@@YA?AV?$QForeachContainer@V?$QList@VSingleOperationData@@@@@0@ABV?$QList@VSingleOperationData@@@@@Z 0040ae90 f i environmentvariant.obj
 0001:00009ed0       ??$qMakeForeachContainer@ABVQStringList@@@QtPrivate@@YA?AV?$QForeachContainer@VQStringList@@@0@ABVQStringList@@@Z 0040aed0 f i environmentvariant.obj
 0001:00009ed0       ??$qMakeForeachContainer@AAVQStringList@@@QtPrivate@@YA?AV?$QForeachContainer@VQStringList@@@0@AAVQStringList@@@Z 0040aed0 f i environmentvariant.obj
 0001:00009f10       ??0EnvironmentVariant@@AAE@XZ 0040af10 f i environmentvariant.obj
 0001:0000a010       ??0SingleOperationData@@QAE@$$QAV0@@Z 0040b010 f i environmentvariant.obj
 0001:0000a040       ??0SingleOperationData@@QAE@ABV0@@Z 0040b040 f i environmentvariant.obj
 0001:0000a0b0       ??1?$QForeachContainer@V?$QList@VSingleOperationData@@@@@QtPrivate@@QAE@XZ 0040b0b0 f i environmentvariant.obj
 0001:0000a130       ??1?$QList@U?$QPair@VQString@@V?$QList@VSingleOperationData@@@@@@@@QAE@XZ 0040b130 f i environmentvariant.obj
 0001:0000a1b0       ??1EnvironmentVariant@@EAE@XZ 0040b1b0 f i environmentvariant.obj
 0001:0000a330       ??1TargetMachineObject@@UAE@XZ 0040b330 f i environmentvariant.obj
 0001:0000a350       ??1configFileHandler@@UAE@XZ 0040b350 f i environmentvariant.obj
 0001:0000a370       ??4?$QList@VSingleOperationData@@@@QAEAAV0@ABV0@@Z 0040b370 f i environmentvariant.obj
 0001:0000a410       ??4SingleOperationData@@QAEAAV0@$$QAV0@@Z 0040b410 f i environmentvariant.obj
 0001:0000a4a0       ??4SingleOperationData@@QAEAAV0@ABV0@@Z 0040b4a0 f i environmentvariant.obj
 0001:0000a540       ??A?$QList@VQString@@@@QAEAAVQString@@H@Z 0040b540 f i environmentvariant.obj
 0001:0000a570       ??A?$QList@VSingleOperationData@@@@QAEAAVSingleOperationData@@H@Z 0040b570 f i environmentvariant.obj
 0001:0000a5a0       ??A?$QMap@VQString@@VOperationParamData@@@@QAEAAVOperationParamData@@ABVQString@@@Z 0040b5a0 f i environmentvariant.obj
 0001:0000a660       ??Y?$QList@VQString@@@@QAEAAV0@ABV0@@Z 0040b660 f i environmentvariant.obj
 0001:0000a760       ??_GEnvironmentVariant@@EAEPAXI@Z 0040b760 f i environmentvariant.obj
 0001:0000a760       ??_EEnvironmentVariant@@EAEPAXI@Z 0040b760 f i environmentvariant.obj
 0001:0000a780       ??_ETargetMachineObject@@UAEPAXI@Z 0040b780 f i environmentvariant.obj
 0001:0000a780       ??_GTargetMachineObject@@UAEPAXI@Z 0040b780 f i environmentvariant.obj
 0001:0000a7b0       ?AddPlan@EnvironmentVariant@@QAEXABVQString@@@Z 0040b7b0 f   environmentvariant.obj
 0001:0000a8c0       ?AddPlanStep@EnvironmentVariant@@QAEXHHH@Z 0040b8c0 f   environmentvariant.obj
 0001:0000aa50       ?LogicalControlList@EnvironmentVariant@@QAE?AVQStringList@@XZ 0040ba50 f   environmentvariant.obj
 0001:0000abe0       ?MovePlanStep@EnvironmentVariant@@QAEXHHH@Z 0040bbe0 f   environmentvariant.obj
 0001:0000acc0       ?OperationNameList@EnvironmentVariant@@QAE?AVQStringList@@XZ 0040bcc0 f   environmentvariant.obj
 0001:0000ae50       ?PlanList@EnvironmentVariant@@QAE?AVQStringList@@XZ 0040be50 f   environmentvariant.obj
 0001:0000af10       ?RemovePlan@EnvironmentVariant@@QAEXH@Z 0040bf10 f   environmentvariant.obj
 0001:0000af40       ?RemovePlanStep@EnvironmentVariant@@QAEXHH@Z 0040bf40 f   environmentvariant.obj
 0001:0000afa0       ?SaveMachineConfig@EnvironmentVariant@@QAEXABVMachineConfigData@@@Z 0040bfa0 f   environmentvariant.obj
 0001:0000b070       ?SavePlan@EnvironmentVariant@@QAEXXZ 0040c070 f   environmentvariant.obj
 0001:0000b0e0       ?SetPlanName@EnvironmentVariant@@QAEXHABVQString@@@Z 0040c0e0 f   environmentvariant.obj
 0001:0000b130       ?SetPlanStepSingleParam@EnvironmentVariant@@QAEXHHABVQString@@ABVQVariant@@@Z 0040c130 f   environmentvariant.obj
 0001:0000b2d0       ?SetPlanStepToDefault@EnvironmentVariant@@QAEXHHH@Z 0040c2d0 f   environmentvariant.obj
 0001:0000b3a0       ?StartPlan@EnvironmentVariant@@QAEXHH@Z 0040c3a0 f   environmentvariant.obj
 0001:0000bb70       ?StartTunning@EnvironmentVariant@@QAEXABVSingleOperationData@@@Z 0040cb70 f   environmentvariant.obj
 0001:0000bc60       ?StepList@EnvironmentVariant@@QAE?AVQStringList@@H@Z 0040cc60 f   environmentvariant.obj
 0001:0000c060       ?StopPlan@EnvironmentVariant@@QAEXXZ 0040d060 f   environmentvariant.obj
 0001:0000c070       ?begin@?$QList@VOperationParamData@@@@QAE?AViterator@1@XZ 0040d070 f i environmentvariant.obj
 0001:0000c0a0       ?contains@?$QMap@VQString@@VQStringList@@@@QBE_NABVQString@@@Z 0040d0a0 f i environmentvariant.obj
 0001:0000c0e0       ?defaultValue@EnvironmentVariant@@QAE?AVSingleOperationData@@ABVQString@@@Z 0040d0e0 f   environmentvariant.obj
 0001:0000c300       ?detach_helper@?$QList@H@@AAEXH@Z 0040d300 f i environmentvariant.obj
 0001:0000c3d0       ?detach_helper@?$QList@U?$QPair@VQString@@V?$QList@VSingleOperationData@@@@@@@@AAEXH@Z 0040d3d0 f i environmentvariant.obj
 0001:0000c4b0       ?detach_helper@?$QList@VOperationParamData@@@@AAEXH@Z 0040d4b0 f i environmentvariant.obj
 0001:0000c580       ?detach_helper@?$QList@VQString@@@@AAEXH@Z 0040d580 f i environmentvariant.obj
 0001:0000c670       ?detach_helper@?$QList@VSingleOperationData@@@@AAEXH@Z 0040d670 f i environmentvariant.obj
 0001:0000c750       ?formatSingleOperationParam@EnvironmentVariant@@QAE?AVQJsonObject@@ABVSingleOperationData@@@Z 0040d750 f   environmentvariant.obj
 0001:0000cce0       ?getOperationIndex@EnvironmentVariant@@QAEHABVQString@@@Z 0040dce0 f   environmentvariant.obj
 0001:0000cd50       ?getOperationParams@EnvironmentVariant@@QAE?AV?$QList@VOperationParamData@@@@H@Z 0040dd50 f   environmentvariant.obj
 0001:0000cf20       ?getWorkLocationTypeList@EnvironmentVariant@@QAE?AVQJsonObject@@XZ 0040df20 f   environmentvariant.obj
 0001:0000cf40       ?initModels@EnvironmentVariant@@QAEXPAVQQmlContext@@@Z 0040df40 f   environmentvariant.obj
 0001:0000d010       ?initProtocol@EnvironmentVariant@@QAEXABVQString@@@Z 0040e010 f   environmentvariant.obj
 0001:0000d080       ?initUserConfig@EnvironmentVariant@@QAEXABVQString@@@Z 0040e080 f   environmentvariant.obj
 0001:0000d1e0       ?insert@?$QList@VSingleOperationData@@@@QAEXHABVSingleOperationData@@@Z 0040e1e0 f i environmentvariant.obj
 0001:0000d2c0       ?instance@EnvironmentVariant@@SAPAV1@XZ 0040e2c0 f   environmentvariant.obj
 0001:0000d320       ?node_destruct@?$QList@VSingleOperationData@@@@AAEXPAUNode@1@@Z 0040e320 f i environmentvariant.obj
 0001:0000d3a0       ?parseConfigFile@EnvironmentVariant@@QAEXABVQString@@@Z 0040e3a0 f   environmentvariant.obj
 0001:0000da60       ?planSelectStepListModel@EnvironmentVariant@@QAE?AVQStringList@@H@Z 0040ea60 f   environmentvariant.obj
 0001:0000dcc0       ?planStepParam@EnvironmentVariant@@QAE?AVSingleOperationData@@HH@Z 0040ecc0 f   environmentvariant.obj
 0001:0000e010       ?removeAt@?$QList@U?$QPair@VQString@@V?$QList@VSingleOperationData@@@@@@@@QAEXH@Z 0040f010 f i environmentvariant.obj
 0001:0000e070       ?removeAt@?$QList@VSingleOperationData@@@@QAEXH@Z 0040f070 f i environmentvariant.obj
 0001:0000e0c0       ?setWorkLocationType@EnvironmentVariant@@QAE_NHHABVQString@@@Z 0040f0c0 f   environmentvariant.obj
 0001:0000e440       ??$atImpl@V?$QList@H@@@QSequentialIterableImpl@QtMetaTypePrivate@@SAPBXPBXH@Z 0040f440 f i moc_workmodels.obj
 0001:0000e440       ??$atImpl@V?$QList@PAVQObject@@@@@QSequentialIterableImpl@QtMetaTypePrivate@@SAPBXPBXH@Z 0040f440 f i moc_workmodels.obj
 0001:0000e460       ??$equal@PBQAVQObject@@V?$checked_array_iterator@PBQAVQObject@@@stdext@@U?$equal_to@X@std@@@std@@YA_NPBQAVQObject@@0V?$checked_array_iterator@PBQAVQObject@@@stdext@@U?$equal_to@X@0@@Z 0040f460 f i moc_workmodels.obj
 0001:0000e460       ??$equal@PBHV?$checked_array_iterator@PBH@stdext@@U?$equal_to@X@std@@@std@@YA_NPBH0V?$checked_array_iterator@PBH@stdext@@U?$equal_to@X@0@@Z 0040f460 f i moc_workmodels.obj
 0001:0000e4e0       ??$getImpl@V?$QList@H@@@QSequentialIterableImpl@QtMetaTypePrivate@@SA?AUVariantData@1@PBQAXHI@Z 0040f4e0 f i moc_workmodels.obj
 0001:0000e4e0       ??$getImpl@V?$QList@PAVQObject@@@@@QSequentialIterableImpl@QtMetaTypePrivate@@SA?AUVariantData@1@PBQAXHI@Z 0040f4e0 f i moc_workmodels.obj
 0001:0000e500       ??$moveToBeginImpl@V?$QList@H@@@QSequentialIterableImpl@QtMetaTypePrivate@@SAXPBXPAPAX@Z 0040f500 f i moc_workmodels.obj
 0001:0000e500       ??$moveToBeginImpl@V?$QList@PAVQObject@@@@@QSequentialIterableImpl@QtMetaTypePrivate@@SAXPBXPAPAX@Z 0040f500 f i moc_workmodels.obj
 0001:0000e530       ??$moveToEndImpl@V?$QList@PAVQObject@@@@@QSequentialIterableImpl@QtMetaTypePrivate@@SAXPBXPAPAX@Z 0040f530 f i moc_workmodels.obj
 0001:0000e530       ??$moveToEndImpl@V?$QList@H@@@QSequentialIterableImpl@QtMetaTypePrivate@@SAXPBXPAPAX@Z 0040f530 f i moc_workmodels.obj
 0001:0000e560       ??$sizeImpl@V?$QList@H@@@QSequentialIterableImpl@QtMetaTypePrivate@@SAHPBX@Z 0040f560 f i moc_workmodels.obj
 0001:0000e560       ??$sizeImpl@V?$QList@PAVQObject@@@@@QSequentialIterableImpl@QtMetaTypePrivate@@SAHPBX@Z 0040f560 f i moc_workmodels.obj
 0001:0000e570       ??0QSequentialIterableImpl@QtMetaTypePrivate@@QAE@XZ 0040f570 f i moc_workmodels.obj
 0001:0000e5e0       ??4?$QList@PAVQObject@@@@QAEAAV0@$$QAV0@@Z 0040f5e0 f i moc_workmodels.obj
 0001:0000e5e0       ??4?$QList@H@@QAEAAV0@$$QAV0@@Z 0040f5e0 f i moc_workmodels.obj
 0001:0000e660       ??4QStringList@@QAEAAV0@$$QAV0@@Z 0040f660 f i moc_workmodels.obj
 0001:0000e690       ?Construct@?$QMetaTypeFunctionHelper@V?$QList@H@@$00@QtMetaTypePrivate@@SAPAXPAXPBX@Z 0040f690 f i moc_workmodels.obj
 0001:0000e690       ?Construct@?$QMetaTypeFunctionHelper@V?$QList@PAVQObject@@@@$00@QtMetaTypePrivate@@SAPAXPAXPBX@Z 0040f690 f i moc_workmodels.obj
 0001:0000e710       ?Construct@?$QMetaTypeFunctionHelper@VQSequentialIterableImpl@QtMetaTypePrivate@@$00@QtMetaTypePrivate@@SAPAXPAXPBX@Z 0040f710 f i moc_workmodels.obj
 0001:0000e750       ?Destruct@?$QMetaTypeFunctionHelper@V?$QList@PAVQObject@@@@$00@QtMetaTypePrivate@@SAXPAX@Z 0040f750 f i moc_workmodels.obj
 0001:0000e750       ?Destruct@?$QMetaTypeFunctionHelper@V?$QList@H@@$00@QtMetaTypePrivate@@SAXPAX@Z 0040f750 f i moc_workmodels.obj
 0001:0000e7c0       ?MachineConfigChanged@TargetMachineObject@@QAEXXZ 0040f7c0 f   moc_workmodels.obj
 0001:0000e7e0       ?UnitChanged@OperationParamObject@@QAEXXZ 0040f7e0 f   moc_workmodels.obj
 0001:0000e800       ?advance@?$IteratorOwnerCommon@Vconst_iterator@?$QList@H@@@QtMetaTypePrivate@@SAXPAPAXH@Z 0040f800 f i moc_workmodels.obj
 0001:0000e800       ?advance@?$IteratorOwnerCommon@Vconst_iterator@?$QList@PAVQObject@@@@@QtMetaTypePrivate@@SAXPAPAXH@Z 0040f800 f i moc_workmodels.obj
 0001:0000e810       ?assign@?$IteratorOwnerCommon@Vconst_iterator@?$QList@PAVQObject@@@@@QtMetaTypePrivate@@SAXPAPAXPBQAX@Z 0040f810 f i moc_workmodels.obj
 0001:0000e810       ?assign@?$IteratorOwnerCommon@Vconst_iterator@?$QList@H@@@QtMetaTypePrivate@@SAXPAPAXPBQAX@Z 0040f810 f i moc_workmodels.obj
 0001:0000e830       ?boolValueChanged@OperationParamObject@@QAEXXZ 0040f830 f   moc_workmodels.obj
 0001:0000e850       ?bottomValueChanged@OperationParamObject@@QAEXXZ 0040f850 f   moc_workmodels.obj
 0001:0000e870       ?convert@?$ConverterFunctor@V?$QList@H@@VQSequentialIterableImpl@QtMetaTypePrivate@@U?$QSequentialIterableConvertFunctor@V?$QList@H@@@3@@QtPrivate@@SA_NPBUAbstractConverterFunction@2@PBXPAX@Z 0040f870 f i moc_workmodels.obj
 0001:0000e910       ?convert@?$ConverterFunctor@V?$QList@PAVQObject@@@@VQSequentialIterableImpl@QtMetaTypePrivate@@U?$QSequentialIterableConvertFunctor@V?$QList@PAVQObject@@@@@3@@QtPrivate@@SA_NPBUAbstractConverterFunction@2@PBXPAX@Z 0040f910 f i moc_workmodels.obj
 0001:0000e9b0       ?currentIndexChanged@OperationParamSelector@@QAEXXZ 0040f9b0 f   moc_workmodels.obj
 0001:0000e9d0       ?destroy@?$IteratorOwnerCommon@Vconst_iterator@?$QList@H@@@QtMetaTypePrivate@@SAXPAPAX@Z 0040f9d0 f i moc_workmodels.obj
 0001:0000e9d0       ?destroy@?$IteratorOwnerCommon@Vconst_iterator@?$QList@PAVQObject@@@@@QtMetaTypePrivate@@SAXPAPAX@Z 0040f9d0 f i moc_workmodels.obj
 0001:0000e9f0       ?display@OperationParamObject@@QBE?AVQString@@XZ 0040f9f0 f i moc_workmodels.obj
 0001:0000ea10       ?displayChanged@OperationParamObject@@QAEXXZ 0040fa10 f   moc_workmodels.obj
 0001:0000ea30       ?equal@?$IteratorOwnerCommon@Vconst_iterator@?$QList@PAVQObject@@@@@QtMetaTypePrivate@@SA_NPBQAX0@Z 0040fa30 f i moc_workmodels.obj
 0001:0000ea30       ?equal@?$IteratorOwnerCommon@Vconst_iterator@?$QList@H@@@QtMetaTypePrivate@@SA_NPBQAX0@Z 0040fa30 f i moc_workmodels.obj
 0001:0000ea50       ?floatValueChanged@OperationParamObject@@QAEXXZ 0040fa50 f   moc_workmodels.obj
 0001:0000ea70       ?name@OperationParamObject@@QBE?AVQString@@XZ 0040fa70 f i workmodels.obj
 0001:0000ea70       ?getOperationName@SingleOperationObject@@QAE?AVQString@@XZ 0040fa70 f i moc_workmodels.obj
 0001:0000ea70       ?getIpAddress@TargetMachineObject@@QBE?AVQString@@XZ 0040fa70 f i environmentvariant.obj
 0001:0000ea90       ?getParamListModel@PlanSelector@@QAE?AV?$QList@PAVQObject@@@@XZ 0040fa90 f i moc_workmodels.obj
 0001:0000eab0       ?getParamModel@OperationParamSelector@@QAE?AV?$QList@PAVQObject@@@@XZ 0040fab0 f i moc_workmodels.obj
 0001:0000ead0       ?intListValue@OperationParamObject@@QAE?AV?$QList@H@@XZ 0040fad0 f i moc_workmodels.obj
 0001:0000eaf0       ?intListValueChanged@OperationParamObject@@QAEXXZ 0040faf0 f   moc_workmodels.obj
 0001:0000eb10       ?integerValueChanged@OperationParamObject@@QAEXXZ 0040fb10 f   moc_workmodels.obj
 0001:0000eb30       ?metaObject@OperationParamObject@@UBEPBUQMetaObject@@XZ 0040fb30 f   moc_workmodels.obj
 0001:0000eb50       ?metaObject@OperationParamSelector@@UBEPBUQMetaObject@@XZ 0040fb50 f   moc_workmodels.obj
 0001:0000eb70       ?metaObject@PlanController@@UBEPBUQMetaObject@@XZ 0040fb70 f   moc_workmodels.obj
 0001:0000eb90       ?metaObject@PlanSelector@@UBEPBUQMetaObject@@XZ 0040fb90 f   moc_workmodels.obj
 0001:0000ebb0       ?metaObject@StatusViewWatcher@@UBEPBUQMetaObject@@XZ 0040fbb0 f   moc_workmodels.obj
 0001:0000ebd0       ?metaObject@TargetMachineObject@@UBEPBUQMetaObject@@XZ 0040fbd0 f   moc_workmodels.obj
 0001:0000ebf0       ?nameChanged@OperationParamObject@@QAEXXZ 0040fbf0 f   moc_workmodels.obj
 0001:0000ec10       ?op_eq_impl@?$QList@H@@ABE_NABV1@UArrayCompatibleLayout@QListData@@@Z 0040fc10 f i moc_workmodels.obj
 0001:0000ec10       ?op_eq_impl@?$QList@PAVQObject@@@@ABE_NABV1@UArrayCompatibleLayout@QListData@@@Z 0040fc10 f i moc_workmodels.obj
 0001:0000ec80       ?op_eq_impl@?$QList@VQString@@@@ABE_NABV1@UArrayCompatibleLayout@QListData@@@Z 0040fc80 f i moc_workmodels.obj
 0001:0000ecf0       ?operationListModel@PlanSelector@@QAE?AVQStringList@@XZ 0040fcf0 f i moc_workmodels.obj
 0001:0000ed10       ?operationModel@OperationParamSelector@@QAE?AVQStringList@@XZ 0040fd10 f i moc_workmodels.obj
 0001:0000ed30       ?operationNameChanged@SingleOperationObject@@QAEXXZ 0040fd30 f   moc_workmodels.obj
 0001:0000ed50       ?pageNameChanged@OperationParamSelector@@QAEXXZ 0040fd50 f   moc_workmodels.obj
 0001:0000ed70       ?paramListModelChanged@PlanSelector@@QAEXXZ 0040fd70 f   moc_workmodels.obj
 0001:0000ed90       ?paramModelChanged@OperationParamSelector@@QAEXXZ 0040fd90 f   moc_workmodels.obj
 0001:0000edb0       ?qt_metacall@OperationParamObject@@UAEHW4Call@QMetaObject@@HPAPAX@Z 0040fdb0 f   moc_workmodels.obj
 0001:0000ee50       ?qt_metacall@OperationParamSelector@@UAEHW4Call@QMetaObject@@HPAPAX@Z 0040fe50 f   moc_workmodels.obj
 0001:0000ef00       ?qt_metacall@PlanController@@UAEHW4Call@QMetaObject@@HPAPAX@Z 0040ff00 f   moc_workmodels.obj
 0001:0000ef60       ?qt_metacall@PlanSelector@@UAEHW4Call@QMetaObject@@HPAPAX@Z 0040ff60 f   moc_workmodels.obj
 0001:0000f010       ?qt_metacall@StatusViewWatcher@@UAEHW4Call@QMetaObject@@HPAPAX@Z 00410010 f   moc_workmodels.obj
 0001:0000f070       ?qt_metacall@TargetMachineObject@@UAEHW4Call@QMetaObject@@HPAPAX@Z 00410070 f   moc_workmodels.obj
 0001:0000f130       ?qt_metacast@OperationParamObject@@UAEPAXPBD@Z 00410130 f   moc_workmodels.obj
 0001:0000f1d0       ?qt_metacast@OperationParamSelector@@UAEPAXPBD@Z 004101d0 f   moc_workmodels.obj
 0001:0000f230       ?qt_metacast@PlanController@@UAEPAXPBD@Z 00410230 f   moc_workmodels.obj
 0001:0000f290       ?qt_metacast@PlanSelector@@UAEPAXPBD@Z 00410290 f   moc_workmodels.obj
 0001:0000f2f0       ?qt_metacast@StatusViewWatcher@@UAEPAXPBD@Z 004102f0 f   moc_workmodels.obj
 0001:0000f350       ?qt_metacast@TargetMachineObject@@UAEPAXPBD@Z 00410350 f   moc_workmodels.obj
 0001:0000f3f0       ?qt_metatype_id@?$QMetaTypeId@V?$QList@H@@@@SAHXZ 004103f0 f i moc_workmodels.obj
 0001:0000f510       ?qt_metatype_id@?$QMetaTypeId@V?$QList@PAVQObject@@@@@@SAHXZ 00410510 f i moc_workmodels.obj
 0001:0000f5b0       ?qt_metatype_id@?$QMetaTypeId@VQSequentialIterableImpl@QtMetaTypePrivate@@@@SAHXZ 004105b0 f i moc_workmodels.obj
 0001:0000f640       ?qt_static_metacall@OperationParamObject@@CAXPAVQObject@@W4Call@QMetaObject@@HPAPAX@Z 00410640 f   moc_workmodels.obj
 0001:0000fb20       ?qt_static_metacall@OperationParamSelector@@CAXPAVQObject@@W4Call@QMetaObject@@HPAPAX@Z 00410b20 f   moc_workmodels.obj
 0001:0000fcb0       ?qt_static_metacall@PlanController@@CAXPAVQObject@@W4Call@QMetaObject@@HPAPAX@Z 00410cb0 f   moc_workmodels.obj
 0001:0000fd40       ?qt_static_metacall@PlanSelector@@CAXPAVQObject@@W4Call@QMetaObject@@HPAPAX@Z 00410d40 f   moc_workmodels.obj
 0001:00010040       ?qt_static_metacall@SingleOperationObject@@CAXPAVQObject@@W4Call@QMetaObject@@HPAPAX@Z 00411040 f   moc_workmodels.obj
 0001:000100f0       ?qt_static_metacall@StatusViewWatcher@@CAXPAVQObject@@W4Call@QMetaObject@@HPAPAX@Z 004110f0 f   moc_workmodels.obj
 0001:00010290       ?qt_static_metacall@TargetMachineObject@@CAXPAVQObject@@W4Call@QMetaObject@@HPAPAX@Z 00411290 f   moc_workmodels.obj
 0001:000103a0       ?registerConverter@?$ValueTypeIsMetaType@V?$QList@H@@$00@QtPrivate@@SA_NH@Z 004113a0 f i moc_workmodels.obj
 0001:00010430       ?registerConverter@?$ValueTypeIsMetaType@V?$QList@PAVQObject@@@@$00@QtPrivate@@SA_NH@Z 00411430 f i moc_workmodels.obj
 0001:000104c0       ?setBoolValue@OperationParamObject@@QAEX_N@Z 004114c0 f i moc_workmodels.obj
 0001:000104f0       ?setBottomValue@OperationParamObject@@QAEXH@Z 004114f0 f i moc_workmodels.obj
 0001:00010520       ?setDisplay@OperationParamObject@@QAEXABVQString@@@Z 00411520 f i moc_workmodels.obj
 0001:00010560       ?setFloatValue@OperationParamObject@@QAEXN@Z 00411560 f i moc_workmodels.obj
 0001:000105a0       ?setIntListValue@OperationParamObject@@QAEXABV?$QList@H@@@Z 004115a0 f i moc_workmodels.obj
 0001:00010680       ?setIntegerValue@OperationParamObject@@QAEXH@Z 00411680 f i moc_workmodels.obj
 0001:000106b0       ?setIpAddress@TargetMachineObject@@QAEXABVQString@@@Z 004116b0 f i moc_workmodels.obj
 0001:000106f0       ?setMaxReceiveTime@TargetMachineObject@@QAEXH@Z 004116f0 f i moc_workmodels.obj
 0001:00010720       ?setName@OperationParamObject@@QAEXABVQString@@@Z 00411720 f i moc_workmodels.obj
 0001:00010760       ?setOperationName@SingleOperationObject@@QAEXABVQString@@@Z 00411760 f i moc_workmodels.obj
 0001:000107a0       ?setParamListModel@PlanSelector@@QAEXABV?$QList@PAVQObject@@@@@Z 004117a0 f i moc_workmodels.obj
 0001:00010880       ?setParamModel@OperationParamSelector@@QAEXABV?$QList@PAVQObject@@@@@Z 00411880 f i moc_workmodels.obj
 0001:00010960       ?setPort@TargetMachineObject@@QAEXF@Z 00411960 f i moc_workmodels.obj
 0001:00010990       ?setStringValue@OperationParamObject@@QAEXABVQString@@@Z 00411990 f i moc_workmodels.obj
 0001:000109d0       ?setStringlistValue@OperationParamObject@@QAEXABVQStringList@@@Z 004119d0 f i moc_workmodels.obj
 0001:00010a50       ?setSwitchValue@OperationParamObject@@QAEXABVQString@@@Z 00411a50 f i moc_workmodels.obj
 0001:00010a90       ?setTopValue@OperationParamObject@@QAEXH@Z 00411a90 f i moc_workmodels.obj
 0001:00010ac0       ?setUnit@OperationParamObject@@QAEXABVQString@@@Z 00411ac0 f i moc_workmodels.obj
 0001:00010b00       ?settype@OperationParamObject@@QAEXABVQString@@@Z 00411b00 f i moc_workmodels.obj
 0001:00010b40       ?statusChanged@StatusViewWatcher@@QAEXABVQJsonObject@@@Z 00411b40 f   moc_workmodels.obj
 0001:00010b70       ?stringListValue@OperationParamObject@@QBE?AVQStringList@@XZ 00411b70 f i moc_workmodels.obj
 0001:00010b90       ?stringValue@OperationParamObject@@QBE?AVQString@@XZ 00411b90 f i moc_workmodels.obj
 0001:00010bb0       ?stringValueChanged@OperationParamObject@@QAEXXZ 00411bb0 f   moc_workmodels.obj
 0001:00010bd0       ?stringlistValueChanged@OperationParamObject@@QAEXXZ 00411bd0 f   moc_workmodels.obj
 0001:00010bf0       ?switchValue@OperationParamObject@@QBE?AVQString@@XZ 00411bf0 f i moc_workmodels.obj
 0001:00010c10       ?switchValueChanged@OperationParamObject@@QAEXXZ 00411c10 f   moc_workmodels.obj
 0001:00010c30       ?taskStateChanged@PlanController@@QAEX_N@Z 00411c30 f   moc_workmodels.obj
 0001:00010c60       ?topValueChanged@OperationParamObject@@QAEXXZ 00411c60 f   moc_workmodels.obj
 0001:00010c80       ?type@OperationParamObject@@QBE?AVQString@@XZ 00411c80 f i moc_workmodels.obj
 0001:00010ca0       ?typeChanged@OperationParamObject@@QAEXXZ 00411ca0 f   moc_workmodels.obj
 0001:00010cc0       ?unit@OperationParamObject@@QBE?AVQString@@XZ 00411cc0 f i moc_workmodels.obj
 0001:00010ce0       ?workLocationTypeChanged@StatusViewWatcher@@QAEXXZ 00411ce0 f   moc_workmodels.obj
 0001:00010d00       ?metaObject@configFileHandler@@UBEPBUQMetaObject@@XZ 00411d00 f   moc_configfilehandler.obj
 0001:00010d20       ?qt_metacall@configFileHandler@@UAEHW4Call@QMetaObject@@HPAPAX@Z 00411d20 f   moc_configfilehandler.obj
 0001:00010d30       ?qt_metacast@configFileHandler@@UAEPAXPBD@Z 00411d30 f   moc_configfilehandler.obj
 0001:00010d90       ?metaObject@EnvironmentVariant@@UBEPBUQMetaObject@@XZ 00411d90 f   moc_environmentvariant.obj
 0001:00010db0       ?qt_metacall@EnvironmentVariant@@UAEHW4Call@QMetaObject@@HPAPAX@Z 00411db0 f   moc_environmentvariant.obj
 0001:00010e10       ?qt_metacast@EnvironmentVariant@@UAEPAXPBD@Z 00411e10 f   moc_environmentvariant.obj
 0001:00010e70       ?qt_static_metacall@EnvironmentVariant@@CAXPAVQObject@@W4Call@QMetaObject@@HPAPAX@Z 00411e70 f   moc_environmentvariant.obj
 0001:00010ec0       ?workLocationTypeChanged@EnvironmentVariant@@QAEXXZ 00411ec0 f   moc_environmentvariant.obj
 0001:00010ed4       _MiniDumpWriteDump@28      00411ed4 f   DbgHelp:dbghelp.dll
 0001:00010eda       ?fixup@QValidator@@UBEXAAVQString@@@Z 00411eda f   Qt5Gui:Qt5Gui.dll
 0001:00010ee0       ?metaObject@QDoubleValidator@@UBEPBUQMetaObject@@XZ 00411ee0 f   Qt5Gui:Qt5Gui.dll
 0001:00010ee6       ?qt_metacall@QDoubleValidator@@UAEHW4Call@QMetaObject@@HPAPAX@Z 00411ee6 f   Qt5Gui:Qt5Gui.dll
 0001:00010eec       ?qt_metacast@QDoubleValidator@@UAEPAXPBD@Z 00411eec f   Qt5Gui:Qt5Gui.dll
 0001:00010ef2       ?setRange@QDoubleValidator@@UAEXNNH@Z 00411ef2 f   Qt5Gui:Qt5Gui.dll
 0001:00010ef8       ?childEvent@QObject@@MAEXPAVQChildEvent@@@Z 00411ef8 f   Qt5Core:Qt5Core.dll
 0001:00010efe       ?connectNotify@QObject@@MAEXABVQMetaMethod@@@Z 00411efe f   Qt5Core:Qt5Core.dll
 0001:00010f04       ?customEvent@QObject@@MAEXPAVQEvent@@@Z 00411f04 f   Qt5Core:Qt5Core.dll
 0001:00010f0a       ?disconnectNotify@QObject@@MAEXABVQMetaMethod@@@Z 00411f0a f   Qt5Core:Qt5Core.dll
 0001:00010f10       ?event@QObject@@UAE_NPAVQEvent@@@Z 00411f10 f   Qt5Core:Qt5Core.dll
 0001:00010f16       ?eventFilter@QObject@@UAE_NPAV1@PAVQEvent@@@Z 00411f16 f   Qt5Core:Qt5Core.dll
 0001:00010f1c       ?timerEvent@QObject@@MAEXPAVQTimerEvent@@@Z 00411f1c f   Qt5Core:Qt5Core.dll
 0001:00010f22       ?qRegisterResourceData@@YA_NHPBE00@Z 00411f22 f   Qt5Core:Qt5Core.dll
 0001:00010f28       ?qUnregisterResourceData@@YA_NHPBE00@Z 00411f28 f   Qt5Core:Qt5Core.dll
 0001:00010f2e       ??2@YAPAXI@Z               00411f2e f   MSVCRT:new_scalar.obj
 0001:00010f61       ??3@YAXPAXI@Z              00411f61 f   MSVCRT:delete_scalar_size.obj
 0001:00010f6f       @__security_check_cookie@4 00411f6f f   MSVCRT:_secchk_.obj
 0001:00010f80       ??_Etype_info@@UAEPAXI@Z   00411f80 f i MSVCRT:std_type_info_static.obj
 0001:00010f80       ??_Gtype_info@@UAEPAXI@Z   00411f80 f i MSVCRT:std_type_info_static.obj
 0001:00010fe7       ___scrt_acquire_startup_lock 00411fe7 f   MSVCRT:utility.obj
 0001:0001101c       ___scrt_initialize_crt     0041201c f   MSVCRT:utility.obj
 0001:00011055       ___scrt_initialize_onexit_tables 00412055 f   MSVCRT:utility.obj
 0001:000110ec       ___scrt_is_nonwritable_in_current_image 004120ec f   MSVCRT:utility.obj
 0001:00011176       ___scrt_release_startup_lock 00412176 f   MSVCRT:utility.obj
 0001:00011193       ___scrt_uninitialize_crt   00412193 f   MSVCRT:utility.obj
 0001:000111bb       __onexit                   004121bb f   MSVCRT:utility.obj
 0001:000111f6       _atexit                    004121f6 f   MSVCRT:utility.obj
 0001:000112cb       ??$__crt_fast_encode_pointer@P6GHPAU_RTL_CONDITION_VARIABLE@@PAU_RTL_CRITICAL_SECTION@@K@Z@@YAP6GHPAU_RTL_CONDITION_VARIABLE@@PAU_RTL_CRITICAL_SECTION@@K@ZQ6GH01K@Z@Z 004122cb f i MSVCRT:thread_safe_statics.obj
 0001:000112cb       ??$__crt_fast_encode_pointer@P6GXPAU_RTL_CONDITION_VARIABLE@@@Z@@YAP6GXPAU_RTL_CONDITION_VARIABLE@@@ZQ6GX0@Z@Z 004122cb f i MSVCRT:thread_safe_statics.obj
 0001:00011304       __Init_thread_footer       00412304 f   MSVCRT:thread_safe_statics.obj
 0001:00011343       __Init_thread_header       00412343 f   MSVCRT:thread_safe_statics.obj
 0001:00011389       __Init_thread_lock         00412389 f   MSVCRT:thread_safe_statics.obj
 0001:00011395       __Init_thread_notify       00412395 f   MSVCRT:thread_safe_statics.obj
 0001:000113d6       __Init_thread_unlock       004123d6 f   MSVCRT:thread_safe_statics.obj
 0001:000113e2       __Init_thread_wait         004123e2 f   MSVCRT:thread_safe_statics.obj
 0001:0001166d       _WinMainCRTStartup         0041266d f   MSVCRT:exe_winmain.obj
 0001:00011677       ??0bad_alloc@std@@QAE@ABV01@@Z 00412677 f i MSVCRT:throw_bad_alloc.obj
 0001:00011692       ??0bad_alloc@std@@QAE@XZ   00412692 f i MSVCRT:throw_bad_alloc.obj
 0001:000116aa       ??0bad_array_new_length@std@@QAE@ABV01@@Z 004126aa f i MSVCRT:throw_bad_alloc.obj
 0001:000116c5       ??0bad_array_new_length@std@@QAE@XZ 004126c5 f i MSVCRT:throw_bad_alloc.obj
 0001:000116dd       ??0exception@std@@QAE@ABV01@@Z 004126dd f i MSVCRT:throw_bad_alloc.obj
 0001:00011709       ??1bad_array_new_length@std@@UAE@XZ 00412709 f i MSVCRT:throw_bad_alloc.obj
 0001:00011709       ??1bad_alloc@std@@UAE@XZ   00412709 f i MSVCRT:throw_bad_alloc.obj
 0001:0001171a       ??_Ebad_array_new_length@std@@UAEPAXI@Z 0041271a f i MSVCRT:throw_bad_alloc.obj
 0001:0001171a       ??_Gbad_array_new_length@std@@UAEPAXI@Z 0041271a f i MSVCRT:throw_bad_alloc.obj
 0001:0001171a       ??_Gbad_alloc@std@@UAEPAXI@Z 0041271a f i MSVCRT:throw_bad_alloc.obj
 0001:0001171a       ??_Eexception@std@@UAEPAXI@Z 0041271a f i MSVCRT:throw_bad_alloc.obj
 0001:0001171a       ??_Ebad_alloc@std@@UAEPAXI@Z 0041271a f i MSVCRT:throw_bad_alloc.obj
 0001:0001171a       ??_Gexception@std@@UAEPAXI@Z 0041271a f i MSVCRT:throw_bad_alloc.obj
 0001:00011747       ?__scrt_throw_std_bad_alloc@@YAXXZ 00412747 f   MSVCRT:throw_bad_alloc.obj
 0001:00011764       ?__scrt_throw_std_bad_array_new_length@@YAXXZ 00412764 f   MSVCRT:throw_bad_alloc.obj
 0001:00011781       ?what@exception@std@@UBEPBDXZ 00412781 f i MSVCRT:throw_bad_alloc.obj
 0001:0001178e       ??3@YAXPAX@Z               0041278e f   MSVCRT:delete_scalar.obj
 0001:00011793       ___raise_securityfailure   00412793 f   MSVCRT:gs_report.obj
 0001:000117bb       ___report_gsfailure        004127bb f   MSVCRT:gs_report.obj
 0001:000118b6       ___isa_available_init      004128b6 f   MSVCRT:_cpu_disp_.obj
 0001:00011a50       __get_startup_argv_mode    00412a50 f   MSVCRT:argv_mode.obj
 0001:00011a54       ___scrt_is_ucrt_dll_in_use 00412a54 f   MSVCRT:ucrt_detection.obj
 0001:00011a60       ___scrt_fastfail           00412a60 f   MSVCRT:utility_desktop.obj
 0001:00011b7b       ___scrt_get_show_window_mode 00412b7b f   MSVCRT:utility_desktop.obj
 0001:00011bae       ___scrt_is_managed_app     00412bae f   MSVCRT:utility_desktop.obj
 0001:00011bf2       ___scrt_set_unhandled_exception_filter 00412bf2 f   MSVCRT:utility_desktop.obj
 0001:00011bfe       ___scrt_unhandled_exception_filter@4 00412bfe f   MSVCRT:utility_desktop.obj
 0001:00011c3f       @_guard_check_icall@4      00412c3f f i MSVCRT:checkcfg.obj
 0001:00011c50       __SEH_prolog4              00412c50 f   MSVCRT:_sehprolg4_.obj
 0001:00011c96       __SEH_epilog4              00412c96 f   MSVCRT:_sehprolg4_.obj
 0001:00011cab       __except_handler4          00412cab f   MSVCRT:_chandler4gs_.obj
 0001:00011cce       ___security_init_cookie    00412cce f   MSVCRT:gs_support.obj
 0001:00011d6a       ___scrt_initialize_winrt   00412d6a f   MSVCRT:utility_desktop.obj
 0001:00011d6a       __get_startup_thread_locale_mode 00412d6a f   MSVCRT:thread_locale.obj
 0001:00011d6a       __matherr                  00412d6a f   MSVCRT:matherr.obj
 0001:00011d6a       __get_startup_new_mode     00412d6a f   MSVCRT:new_mode.obj
 0001:00011d6a       __get_startup_commit_mode  00412d6a f   MSVCRT:commit_mode.obj
 0001:00011d6d       __get_startup_file_mode    00412d6d f   MSVCRT:file_mode.obj
 0001:00011d73       ?__scrt_initialize_type_info@@YAXXZ 00412d73 f   MSVCRT:tncleanup.obj
 0001:00011d7f       __initialize_default_precision 00412d7f f   MSVCRT:default_precision.obj
 0001:00011da0       ___local_stdio_printf_options 00412da0 f i MSVCRT:default_local_stdio_options.obj
 0001:00011da6       ___local_stdio_scanf_options 00412da6 f i MSVCRT:default_local_stdio_options.obj
 0001:00011dac       ___scrt_initialize_default_local_stdio_options 00412dac f   MSVCRT:default_local_stdio_options.obj
 0001:00011dc9       ___scrt_is_user_matherr_present 00412dc9 f   MSVCRT:matherr_detection.obj
 0001:00011dd5       ___scrt_get_dyn_tls_init_callback 00412dd5 f   MSVCRT:dyn_tls_init.obj
 0001:00011ddb       ___scrt_get_dyn_tls_dtor_callback 00412ddb f   MSVCRT:dyn_tls_dtor.obj
 0001:00011de1       __RTC_Initialize           00412de1 f   MSVCRT:_initsect_.obj
 0001:00011e0c       __RTC_Terminate            00412e0c f   MSVCRT:_initsect_.obj
 0001:00011e38       _IsProcessorFeaturePresent@4 00412e38 f   kernel32:KERNEL32.dll
 0001:00011e3e       ___std_terminate           00412e3e f   vcruntime:VCRUNTIME140.dll
 0001:00011e44       ___CxxFrameHandler3        00412e44 f   vcruntime:VCRUNTIME140.dll
 0001:00011e4a       _memcpy                    00412e4a f   vcruntime:VCRUNTIME140.dll
 0001:00011e50       __CxxThrowException@8      00412e50 f   vcruntime:VCRUNTIME140.dll
 0001:00011e56       ___RTDynamicCast           00412e56 f   vcruntime:VCRUNTIME140.dll
 0001:00011e5c       ___vcrt_InitializeCriticalSectionEx 00412e5c f   vcruntime:VCRUNTIME140.dll
 0001:00011e62       ___std_exception_copy      00412e62 f   vcruntime:VCRUNTIME140.dll
 0001:00011e68       ___std_exception_destroy   00412e68 f   vcruntime:VCRUNTIME140.dll
 0001:00011e6e       _memset                    00412e6e f   vcruntime:VCRUNTIME140.dll
 0001:00011e74       __except_handler4_common   00412e74 f   vcruntime:VCRUNTIME140.dll
 0001:00011e7a       _free                      00412e7a f   ucrt:api-ms-win-crt-heap-l1-1-0.dll
 0001:00011e80       _malloc                    00412e80 f   ucrt:api-ms-win-crt-heap-l1-1-0.dll
 0001:00011e86       __callnewh                 00412e86 f   ucrt:api-ms-win-crt-heap-l1-1-0.dll
 0001:00011e8c       __configure_narrow_argv    00412e8c f   ucrt:api-ms-win-crt-runtime-l1-1-0.dll
 0001:00011e92       __initialize_narrow_environment 00412e92 f   ucrt:api-ms-win-crt-runtime-l1-1-0.dll
 0001:00011e98       __initialize_onexit_table  00412e98 f   ucrt:api-ms-win-crt-runtime-l1-1-0.dll
 0001:00011e9e       __register_onexit_function 00412e9e f   ucrt:api-ms-win-crt-runtime-l1-1-0.dll
 0001:00011ea4       __crt_atexit               00412ea4 f   ucrt:api-ms-win-crt-runtime-l1-1-0.dll
 0001:00011eaa       __cexit                    00412eaa f   ucrt:api-ms-win-crt-runtime-l1-1-0.dll
 0001:00011eb0       __seh_filter_exe           00412eb0 f   ucrt:api-ms-win-crt-runtime-l1-1-0.dll
 0001:00011eb6       __set_app_type             00412eb6 f   ucrt:api-ms-win-crt-runtime-l1-1-0.dll
 0001:00011ebc       ___setusermatherr          00412ebc f   ucrt:api-ms-win-crt-math-l1-1-0.dll
 0001:00011ec2       __get_narrow_winmain_command_line 00412ec2 f   ucrt:api-ms-win-crt-runtime-l1-1-0.dll
 0001:00011ec8       __initterm                 00412ec8 f   ucrt:api-ms-win-crt-runtime-l1-1-0.dll
 0001:00011ece       __initterm_e               00412ece f   ucrt:api-ms-win-crt-runtime-l1-1-0.dll
 0001:00011ed4       _exit                      00412ed4 f   ucrt:api-ms-win-crt-runtime-l1-1-0.dll
 0001:00011eda       __exit                     00412eda f   ucrt:api-ms-win-crt-runtime-l1-1-0.dll
 0001:00011ee0       __set_fmode                00412ee0 f   ucrt:api-ms-win-crt-stdio-l1-1-0.dll
 0001:00011ee6       __c_exit                   00412ee6 f   ucrt:api-ms-win-crt-runtime-l1-1-0.dll
 0001:00011eec       __register_thread_local_exe_atexit_callback 00412eec f   ucrt:api-ms-win-crt-runtime-l1-1-0.dll
 0001:00011ef2       __configthreadlocale       00412ef2 f   ucrt:api-ms-win-crt-locale-l1-1-0.dll
 0001:00011ef8       __set_new_mode             00412ef8 f   ucrt:api-ms-win-crt-heap-l1-1-0.dll
 0001:00011efe       ___p__commode              00412efe f   ucrt:api-ms-win-crt-stdio-l1-1-0.dll
 0001:00011f04       _terminate                 00412f04 f   ucrt:api-ms-win-crt-runtime-l1-1-0.dll
 0001:00011f0a       __controlfp_s              00412f0a f   ucrt:api-ms-win-crt-runtime-l1-1-0.dll
 0001:00011f10       _WinMain@16                00412f10 f   qtmain:qtmain_win.obj
 0001:0001202e       ??_U@YAPAXI@Z              0041302e f   MSVCRT:new_array.obj
 0001:00012037       ??_V@YAXPAX@Z              00413037 f   MSVCRT:delete_array.obj
 0001:0001203c       ___scrt_stub_for_acrt_initialize 0041303c f   MSVCRT:ucrt_stubs.obj
 0001:0001203c       ___scrt_stub_for_acrt_uninitialize 0041303c f   MSVCRT:ucrt_stubs.obj
 0001:0001203c       ___acrt_initialize         0041303c f   MSVCRT:ucrt_stubs.obj
 0001:0001203c       ___acrt_uninitialize       0041303c f   MSVCRT:ucrt_stubs.obj
 0001:0001203c       __should_initialize_environment 0041303c f   MSVCRT:env_mode.obj
 0001:0001203c       ___vcrt_uninitialize       0041303c f   MSVCRT:ucrt_stubs.obj
 0001:0001203c       ___vcrt_initialize         0041303c f   MSVCRT:ucrt_stubs.obj
 0001:00014120       ??__Ff@?4??registerConverter@?$ValueTypeIsMetaType@V?$QList@H@@$00@QtPrivate@@SA_NH@Z@YAXXZ 00415120 f i moc_workmodels.obj
 0001:00014170       ??__Ff@?4??registerConverter@?$ValueTypeIsMetaType@V?$QList@PAVQObject@@@@$00@QtPrivate@@SA_NH@Z@YAXXZ 00415170 f i moc_workmodels.obj
 0002:00000000       __imp__WideCharToMultiByte@32 00416000     kernel32:KERNEL32.dll
 0002:00000004       __imp__LocalFree@4         00416004     kernel32:KERNEL32.dll
 0002:00000008       __imp__GetCommandLineW@0   00416008     kernel32:KERNEL32.dll
 0002:0000000c       __imp__InitializeSListHead@4 0041600c     kernel32:KERNEL32.dll
 0002:00000010       __imp__GetSystemTimeAsFileTime@4 00416010     kernel32:KERNEL32.dll
 0002:00000014       __imp__QueryPerformanceCounter@4 00416014     kernel32:KERNEL32.dll
 0002:00000018       __imp__GetStartupInfoW@4   00416018     kernel32:KERNEL32.dll
 0002:0000001c       __imp__IsDebuggerPresent@0 0041601c     kernel32:KERNEL32.dll
 0002:00000020       __imp__IsProcessorFeaturePresent@4 00416020     kernel32:KERNEL32.dll
 0002:00000024       __imp__TerminateProcess@8  00416024     kernel32:KERNEL32.dll
 0002:00000028       __imp__UnhandledExceptionFilter@4 00416028     kernel32:KERNEL32.dll
 0002:0000002c       __imp__GetProcAddress@8    0041602c     kernel32:KERNEL32.dll
 0002:00000030       __imp__GetModuleHandleW@4  00416030     kernel32:KERNEL32.dll
 0002:00000034       __imp__CreateEventW@16     00416034     kernel32:KERNEL32.dll
 0002:00000038       __imp__WaitForSingleObjectEx@12 00416038     kernel32:KERNEL32.dll
 0002:0000003c       __imp__ResetEvent@4        0041603c     kernel32:KERNEL32.dll
 0002:00000040       __imp__SetEvent@4          00416040     kernel32:KERNEL32.dll
 0002:00000044       __imp__DeleteCriticalSection@4 00416044     kernel32:KERNEL32.dll
 0002:00000048       __imp__LeaveCriticalSection@4 00416048     kernel32:KERNEL32.dll
 0002:0000004c       __imp__EnterCriticalSection@4 0041604c     kernel32:KERNEL32.dll
 0002:00000050       __imp__GetCurrentThreadId@0 00416050     kernel32:KERNEL32.dll
 0002:00000054       __imp__GetCurrentProcessId@0 00416054     kernel32:KERNEL32.dll
 0002:00000058       __imp__GetCurrentProcess@0 00416058     kernel32:KERNEL32.dll
 0002:0000005c       __imp__SetUnhandledExceptionFilter@4 0041605c     kernel32:KERNEL32.dll
 0002:00000060       __imp__CloseHandle@4       00416060     kernel32:KERNEL32.dll
 0002:00000064       __imp__CreateFileW@28      00416064     kernel32:KERNEL32.dll
 0002:00000068       \177KERNEL32_NULL_THUNK_DATA 00416068     kernel32:KERNEL32.dll
 0002:0000006c       __imp_?qt_metacall@QObject@@UAEHW4Call@QMetaObject@@HPAPAX@Z 0041606c     Qt5Core:Qt5Core.dll
 0002:00000070       __imp_?qt_metacast@QObject@@UAEPAXPBD@Z 00416070     Qt5Core:Qt5Core.dll
 0002:00000074       __imp_?dynamicMetaObject@QObjectData@@QBEPAUQMetaObject@@XZ 00416074     Qt5Core:Qt5Core.dll
 0002:00000078       __imp_?unregisterConverterFunction@QMetaType@@SAXHH@Z 00416078     Qt5Core:Qt5Core.dll
 0002:0000007c       __imp_?registerConverterFunction@QMetaType@@SA_NPBUAbstractConverterFunction@QtPrivate@@HH@Z 0041607c     Qt5Core:Qt5Core.dll
 0002:00000080       __imp_?hasRegisteredConverterFunction@QMetaType@@SA_NHH@Z 00416080     Qt5Core:Qt5Core.dll
 0002:00000084       __imp_?typeName@QMetaType@@SAPBDH@Z 00416084     Qt5Core:Qt5Core.dll
 0002:00000088       __imp_?append@QByteArray@@QAEAAV1@PBDH@Z 00416088     Qt5Core:Qt5Core.dll
 0002:0000008c       __imp_?endsWith@QByteArray@@QBE_ND@Z 0041608c     Qt5Core:Qt5Core.dll
 0002:00000090       __imp_?activate@QMetaObject@@SAXPAVQObject@@PBU1@HPAPAX@Z 00416090     Qt5Core:Qt5Core.dll
 0002:00000094       __imp_?normalizedType@QMetaObject@@SA?AVQByteArray@@PBD@Z 00416094     Qt5Core:Qt5Core.dll
 0002:00000098       __imp_?staticMetaObject@QObject@@2UQMetaObject@@B 00416098     Qt5Core:Qt5Core.dll
 0002:0000009c       __imp_?qUnregisterResourceData@@YA_NHPBE00@Z 0041609c     Qt5Core:Qt5Core.dll
 0002:000000a0       __imp_?qRegisterResourceData@@YA_NHPBE00@Z 004160a0     Qt5Core:Qt5Core.dll
 0002:000000a4       __imp_??0QJsonObject@@QAE@ABV0@@Z 004160a4     Qt5Core:Qt5Core.dll
 0002:000000a8       __imp_?at@QJsonArray@@QBE?AVQJsonValue@@H@Z 004160a8     Qt5Core:Qt5Core.dll
 0002:000000ac       __imp_??4QJsonArray@@QAEAAV0@ABV0@@Z 004160ac     Qt5Core:Qt5Core.dll
 0002:000000b0       __imp_??9QJsonValue@@QBE_NABV0@@Z 004160b0     Qt5Core:Qt5Core.dll
 0002:000000b4       __imp_?qBadAlloc@@YAXXZ    004160b4     Qt5Core:Qt5Core.dll
 0002:000000b8       __imp_?qputenv@@YA_NPBDABVQByteArray@@@Z 004160b8     Qt5Core:Qt5Core.dll
 0002:000000bc       __imp_??0QMessageLogger@@QAE@PBDH0@Z 004160bc     Qt5Core:Qt5Core.dll
 0002:000000c0       __imp_?debug@QMessageLogger@@QBE?AVQDebug@@XZ 004160c0     Qt5Core:Qt5Core.dll
 0002:000000c4       __imp_?qInstallMessageHandler@@YAP6AXW4QtMsgType@@ABVQMessageLogContext@@ABVQString@@@ZP6AX012@Z@Z 004160c4     Qt5Core:Qt5Core.dll
 0002:000000c8       __imp_??0QChar@@QAE@UQLatin1Char@@@Z 004160c8     Qt5Core:Qt5Core.dll
 0002:000000cc       __imp_??0QByteArray@@QAE@XZ 004160cc     Qt5Core:Qt5Core.dll
 0002:000000d0       __imp_??0QByteArray@@QAE@PBDH@Z 004160d0     Qt5Core:Qt5Core.dll
 0002:000000d4       __imp_??1QByteArray@@QAE@XZ 004160d4     Qt5Core:Qt5Core.dll
 0002:000000d8       __imp_?reserve@QByteArray@@QAEXH@Z 004160d8     Qt5Core:Qt5Core.dll
 0002:000000dc       __imp_?append@QByteArray@@QAEAAV1@D@Z 004160dc     Qt5Core:Qt5Core.dll
 0002:000000e0       __imp_?append@QByteArray@@QAEAAV1@PBD@Z 004160e0     Qt5Core:Qt5Core.dll
 0002:000000e4       __imp_??0QString@@QAE@XZ   004160e4     Qt5Core:Qt5Core.dll
 0002:000000e8       __imp_??0QString@@QAE@ABV0@@Z 004160e8     Qt5Core:Qt5Core.dll
 0002:000000ec       __imp_??1QString@@QAE@XZ   004160ec     Qt5Core:Qt5Core.dll
 0002:000000f0       __imp_??4QString@@QAEAAV0@ABV0@@Z 004160f0     Qt5Core:Qt5Core.dll
 0002:000000f4       __imp_?arg@QString@@QBE?AV1@ABV1@HVQChar@@@Z 004160f4     Qt5Core:Qt5Core.dll
 0002:000000f8       __imp_?indexOf@QString@@QBEHVQChar@@HW4CaseSensitivity@Qt@@@Z 004160f8     Qt5Core:Qt5Core.dll
 0002:000000fc       __imp_?startsWith@QString@@QBE_NABV1@W4CaseSensitivity@Qt@@@Z 004160fc     Qt5Core:Qt5Core.dll
 0002:00000100       __imp_?append@QString@@QAEAAV1@ABV1@@Z 00416100     Qt5Core:Qt5Core.dll
 0002:00000104       __imp_?fromUtf8@QString@@SA?AV1@PBDH@Z 00416104     Qt5Core:Qt5Core.dll
 0002:00000108       __imp_?fromWCharArray@QString@@SA?AV1@PB_WH@Z 00416108     Qt5Core:Qt5Core.dll
 0002:0000010c       __imp_?fromAscii_helper@QString@@CAPAU?$QTypedArrayData@G@@PBDH@Z 0041610c     Qt5Core:Qt5Core.dll
 0002:00000110       __imp_?className@QMetaObject@@QBEPBDXZ 00416110     Qt5Core:Qt5Core.dll
 0002:00000114       __imp_??1Connection@QMetaObject@@QAE@XZ 00416114     Qt5Core:Qt5Core.dll
 0002:00000118       __imp_?dispose@QListData@@SAXPAUData@1@@Z 00416118     Qt5Core:Qt5Core.dll
 0002:0000011c       __imp_?registerNormalizedType@QMetaType@@SAHABVQByteArray@@P6AXPAX@ZP6APAX1PBX@ZHV?$QFlags@W4TypeFlag@QMetaType@@@@PBUQMetaObject@@@Z 0041611c     Qt5Core:Qt5Core.dll
 0002:00000120       __imp_?registerNormalizedTypedef@QMetaType@@SAHABVQByteArray@@H@Z 00416120     Qt5Core:Qt5Core.dll
 0002:00000124       __imp_??0QObject@@QAE@PAV0@@Z 00416124     Qt5Core:Qt5Core.dll
 0002:00000128       __imp_??1QObject@@UAE@XZ   00416128     Qt5Core:Qt5Core.dll
 0002:0000012c       __imp_?connectImpl@QObject@@CA?AVConnection@QMetaObject@@PBV1@PAPAX01PAVQSlotObjectBase@QtPrivate@@W4ConnectionType@Qt@@PBHPBU3@@Z 0041612c     Qt5Core:Qt5Core.dll
 0002:00000130       __imp_?setApplicationName@QCoreApplication@@SAXABVQString@@@Z 00416130     Qt5Core:Qt5Core.dll
 0002:00000134       __imp_?installTranslator@QCoreApplication@@SA_NPAVQTranslator@@@Z 00416134     Qt5Core:Qt5Core.dll
 0002:00000138       __imp_?quit@QCoreApplication@@SAXXZ 00416138     Qt5Core:Qt5Core.dll
 0002:0000013c       __imp_??1QLocale@@QAE@XZ   0041613c     Qt5Core:Qt5Core.dll
 0002:00000140       __imp_?toDouble@QLocale@@QBENABVQString@@PA_N@Z 00416140     Qt5Core:Qt5Core.dll
 0002:00000144       __imp_?decimalPoint@QLocale@@QBE?AVQChar@@XZ 00416144     Qt5Core:Qt5Core.dll
 0002:00000148       __imp_??0QSize@@QAE@HH@Z   00416148     Qt5Core:Qt5Core.dll
 0002:0000014c       __imp_??6@YA?AVQDebug@@V0@ABVQSizeF@@@Z 0041614c     Qt5Core:Qt5Core.dll
 0002:00000150       __imp_??0QUrl@@QAE@ABVQString@@W4ParsingMode@0@@Z 00416150     Qt5Core:Qt5Core.dll
 0002:00000154       __imp_??1QUrl@@QAE@XZ      00416154     Qt5Core:Qt5Core.dll
 0002:00000158       __imp_??0QFile@@QAE@ABVQString@@@Z 00416158     Qt5Core:Qt5Core.dll
 0002:0000015c       __imp_??1QFile@@UAE@XZ     0041615c     Qt5Core:Qt5Core.dll
 0002:00000160       __imp_?open@QFile@@UAE_NV?$QFlags@W4OpenModeFlag@QIODevice@@@@@Z 00416160     Qt5Core:Qt5Core.dll
 0002:00000164       __imp_??0QTextStream@@QAE@PAVQIODevice@@@Z 00416164     Qt5Core:Qt5Core.dll
 0002:00000168       __imp_??1QTextStream@@UAE@XZ 00416168     Qt5Core:Qt5Core.dll
 0002:0000016c       __imp_??6QTextStream@@QAEAAV0@ABVQString@@@Z 0041616c     Qt5Core:Qt5Core.dll
 0002:00000170       __imp_?endl@@YAAAVQTextStream@@AAV1@@Z 00416170     Qt5Core:Qt5Core.dll
 0002:00000174       __imp_??1QDebug@@QAE@XZ    00416174     Qt5Core:Qt5Core.dll
 0002:00000178       __imp_??6QDebug@@QAEAAV0@ABVQString@@@Z 00416178     Qt5Core:Qt5Core.dll
 0002:0000017c       __imp_??0QTranslator@@QAE@PAVQObject@@@Z 0041617c     Qt5Core:Qt5Core.dll
 0002:00000180       __imp_??1QTranslator@@UAE@XZ 00416180     Qt5Core:Qt5Core.dll
 0002:00000184       __imp_?load@QTranslator@@QAE_NABVQString@@000@Z 00416184     Qt5Core:Qt5Core.dll
 0002:00000188       __imp_?currentPath@QDir@@SA?AVQString@@XZ 00416188     Qt5Core:Qt5Core.dll
 0002:0000018c       __imp_?toString@QTime@@QBE?AVQString@@W4DateFormat@Qt@@@Z 0041618c     Qt5Core:Qt5Core.dll
 0002:00000190       __imp_?currentTime@QTime@@SA?AV1@XZ 00416190     Qt5Core:Qt5Core.dll
 0002:00000194       __imp_?childEvent@QObject@@MAEXPAVQChildEvent@@@Z 00416194     Qt5Core:Qt5Core.dll
 0002:00000198       __imp_?connectNotify@QObject@@MAEXABVQMetaMethod@@@Z 00416198     Qt5Core:Qt5Core.dll
 0002:0000019c       __imp_?customEvent@QObject@@MAEXPAVQEvent@@@Z 0041619c     Qt5Core:Qt5Core.dll
 0002:000001a0       __imp_?disconnectNotify@QObject@@MAEXABVQMetaMethod@@@Z 004161a0     Qt5Core:Qt5Core.dll
 0002:000001a4       __imp_?event@QObject@@UAE_NPAVQEvent@@@Z 004161a4     Qt5Core:Qt5Core.dll
 0002:000001a8       __imp_?eventFilter@QObject@@UAE_NPAV1@PAVQEvent@@@Z 004161a8     Qt5Core:Qt5Core.dll
 0002:000001ac       __imp_?timerEvent@QObject@@MAEXPAVQTimerEvent@@@Z 004161ac     Qt5Core:Qt5Core.dll
 0002:000001b0       __imp_?shared_null@QListData@@2UData@1@B 004161b0     Qt5Core:Qt5Core.dll
 0002:000001b4       __imp_?cast@QMetaObject@@QBEPAVQObject@@PAV2@@Z 004161b4     Qt5Core:Qt5Core.dll
 0002:000001b8       __imp_??4QString@@QAEAAV0@$$QAV0@@Z 004161b8     Qt5Core:Qt5Core.dll
 0002:000001bc       __imp_??8@YA_NABVQString@@0@Z 004161bc     Qt5Core:Qt5Core.dll
 0002:000001c0       __imp_??8QString@@QBE_NPBD@Z 004161c0     Qt5Core:Qt5Core.dll
 0002:000001c4       __imp_?detach@QListData@@QAEPAUData@1@H@Z 004161c4     Qt5Core:Qt5Core.dll
 0002:000001c8       __imp_?detach_grow@QListData@@QAEPAUData@1@PAHH@Z 004161c8     Qt5Core:Qt5Core.dll
 0002:000001cc       __imp_?append@QListData@@QAEPAPAXXZ 004161cc     Qt5Core:Qt5Core.dll
 0002:000001d0       __imp_?size@QListData@@QBEHXZ 004161d0     Qt5Core:Qt5Core.dll
 0002:000001d4       __imp_?at@QListData@@QBEPAPAXH@Z 004161d4     Qt5Core:Qt5Core.dll
 0002:000001d8       __imp_?begin@QListData@@QBEPAPAXXZ 004161d8     Qt5Core:Qt5Core.dll
 0002:000001dc       __imp_?end@QListData@@QBEPAPAXXZ 004161dc     Qt5Core:Qt5Core.dll
 0002:000001e0       __imp_?installEventFilter@QObject@@QAEXPAV1@@Z 004161e0     Qt5Core:Qt5Core.dll
 0002:000001e4       __imp_?removeEventFilter@QObject@@QAEXPAV1@@Z 004161e4     Qt5Core:Qt5Core.dll
 0002:000001e8       __imp_?disconnectImpl@QObject@@CA_NPBV1@PAPAX01PBUQMetaObject@@@Z 004161e8     Qt5Core:Qt5Core.dll
 0002:000001ec       __imp_??0QJsonArray@@QAE@ABV0@@Z 004161ec     Qt5Core:Qt5Core.dll
 0002:000001f0       __imp_?self@QCoreApplication@@0PAV1@A 004161f0     Qt5Core:Qt5Core.dll
 0002:000001f4       __imp_?warning@QMessageLogger@@QBAXPBDZZ 004161f4     Qt5Core:Qt5Core.dll
 0002:000001f8       __imp_?fatal@QMessageLogger@@QBAXPBDZZ 004161f8     Qt5Core:Qt5Core.dll
 0002:000001fc       __imp_??4QByteArray@@QAEAAV0@$$QAV0@@Z 004161fc     Qt5Core:Qt5Core.dll
 0002:00000200       __imp_?clear@QByteArray@@QAEXXZ 00416200     Qt5Core:Qt5Core.dll
 0002:00000204       __imp_?toLocal8Bit@QString@@QHAE?AVQByteArray@@XZ 00416204     Qt5Core:Qt5Core.dll
 0002:00000208       __imp_?number@QString@@SA?AV1@HH@Z 00416208     Qt5Core:Qt5Core.dll
 0002:0000020c       __imp_?number@QString@@SA?AV1@NDH@Z 0041620c     Qt5Core:Qt5Core.dll
 0002:00000210       __imp_??M@YA_NABVQString@@0@Z 00416210     Qt5Core:Qt5Core.dll
 0002:00000214       __imp_??0QJsonValue@@QAE@_N@Z 00416214     Qt5Core:Qt5Core.dll
 0002:00000218       __imp_??0QJsonValue@@QAE@N@Z 00416218     Qt5Core:Qt5Core.dll
 0002:0000021c       __imp_??0QJsonValue@@QAE@H@Z 0041621c     Qt5Core:Qt5Core.dll
 0002:00000220       __imp_??0QJsonValue@@QAE@ABVQString@@@Z 00416220     Qt5Core:Qt5Core.dll
 0002:00000224       __imp_??0QJsonValue@@QAE@ABVQJsonArray@@@Z 00416224     Qt5Core:Qt5Core.dll
 0002:00000228       __imp_??0QJsonValue@@QAE@ABVQJsonObject@@@Z 00416228     Qt5Core:Qt5Core.dll
 0002:0000022c       __imp_??1QJsonValue@@QAE@XZ 0041622c     Qt5Core:Qt5Core.dll
 0002:00000230       __imp_??0QJsonValue@@QAE@ABV0@@Z 00416230     Qt5Core:Qt5Core.dll
 0002:00000234       __imp_?toBool@QJsonValue@@QBE_N_N@Z 00416234     Qt5Core:Qt5Core.dll
 0002:00000238       __imp_?toInt@QJsonValue@@QBEHH@Z 00416238     Qt5Core:Qt5Core.dll
 0002:0000023c       __imp_?toDouble@QJsonValue@@QBENN@Z 0041623c     Qt5Core:Qt5Core.dll
 0002:00000240       __imp_?toObject@QJsonValue@@QBE?AVQJsonObject@@XZ 00416240     Qt5Core:Qt5Core.dll
 0002:00000244       __imp_??BQJsonValueRef@@QBE?AVQJsonValue@@XZ 00416244     Qt5Core:Qt5Core.dll
 0002:00000248       __imp_??4QJsonValueRef@@QAEAAV0@ABVQJsonValue@@@Z 00416248     Qt5Core:Qt5Core.dll
 0002:0000024c       __imp_?toString@QJsonValueRef@@QBE?AVQString@@XZ 0041624c     Qt5Core:Qt5Core.dll
 0002:00000250       __imp_?toArray@QJsonValueRef@@QBE?AVQJsonArray@@XZ 00416250     Qt5Core:Qt5Core.dll
 0002:00000254       __imp_?toObject@QJsonValueRef@@QBE?AVQJsonObject@@XZ 00416254     Qt5Core:Qt5Core.dll
 0002:00000258       __imp_?toValue@QJsonValueRef@@ABE?AVQJsonValue@@XZ 00416258     Qt5Core:Qt5Core.dll
 0002:0000025c       __imp_??0QJsonObject@@QAE@XZ 0041625c     Qt5Core:Qt5Core.dll
 0002:00000260       __imp_??1QJsonObject@@QAE@XZ 00416260     Qt5Core:Qt5Core.dll
 0002:00000264       __imp_??4QJsonObject@@QAEAAV0@ABV0@@Z 00416264     Qt5Core:Qt5Core.dll
 0002:00000268       __imp_??AQJsonObject@@QAE?AVQJsonValueRef@@ABVQString@@@Z 00416268     Qt5Core:Qt5Core.dll
[...]
 0002:0004f5c0       __unwindtable$?createNode@?$QMapData@VQString@@VQStringList@@@@QAEPAU?$QMapNode@VQString@@VQStringList@@@@ABVQString@@ABVQStringList@@PAU2@_N@Z 004655c0     configfilehandler.obj
 0002:0004f5e8       __catchsym$??Y?$QList@VQString@@@@QAEAAV0@ABV0@@Z$14 004655e8     environmentvariant.obj
 0002:0004f5f8       __unwindtable$??Y?$QList@VQString@@@@QAEAAV0@ABV0@@Z 004655f8     environmentvariant.obj
 0002:0004f608       __tryblocktable$??Y?$QList@VQString@@@@QAEAAV0@ABV0@@Z 00465608     environmentvariant.obj
 0002:0004f61c       __ehfuncinfo$??Y?$QList@VQString@@@@QAEAAV0@ABV0@@Z 0046561c     environmentvariant.obj
 0002:0004f640       __catchsym$?detach_helper@?$QList@VQString@@@@AAEXH@Z$9 00465640     environmentvariant.obj
 0002:0004f650       __unwindtable$?detach_helper@?$QList@VQString@@@@AAEXH@Z 00465650     environmentvariant.obj
 0002:0004f660       __tryblocktable$?detach_helper@?$QList@VQString@@@@AAEXH@Z 00465660     environmentvariant.obj
 0002:0004f674       __ehfuncinfo$?detach_helper@?$QList@VQString@@@@AAEXH@Z 00465674     environmentvariant.obj
 0002:0004f698       __catchsym$?detach_helper@?$QList@H@@AAEXH@Z$7 00465698     environmentvariant.obj
 0002:0004f6a8       __unwindtable$?detach_helper@?$QList@H@@AAEXH@Z 004656a8     environmentvariant.obj
 0002:0004f6b8       __tryblocktable$?detach_helper@?$QList@H@@AAEXH@Z 004656b8     environmentvariant.obj
 0002:0004f6cc       __ehfuncinfo$?detach_helper@?$QList@H@@AAEXH@Z 004656cc     environmentvariant.obj
 0002:0004f6f0       __catchsym$?detach_helper@?$QList@VOperationParamData@@@@AAEXH@Z$7 004656f0     environmentvariant.obj
 0002:0004f700       __unwindtable$?detach_helper@?$QList@VOperationParamData@@@@AAEXH@Z 00465700     environmentvariant.obj
 0002:0004f710       __tryblocktable$?detach_helper@?$QList@VOperationParamData@@@@AAEXH@Z 00465710     environmentvariant.obj
 0002:0004f724       __ehfuncinfo$?detach_helper@?$QList@VOperationParamData@@@@AAEXH@Z 00465724     environmentvariant.obj
 0002:0004f748       __unwindtable$??0SingleOperationData@@QAE@ABV0@@Z 00465748     environmentvariant.obj
 0002:0004f750       __ehfuncinfo$??0SingleOperationData@@QAE@ABV0@@Z 00465750     environmentvariant.obj
 0002:0004f774       __unwindtable$?instance@EnvironmentVariant@@SAPAV1@XZ 00465774     environmentvariant.obj
 0002:0004f77c       __ehfuncinfo$?instance@EnvironmentVariant@@SAPAV1@XZ 0046577c     environmentvariant.obj
 0002:0004f7a0       __ehfuncinfo$?parseConfigFile@EnvironmentVariant@@QAEXABVQString@@@Z 004657a0     environmentvariant.obj
 0002:0004f7c4       __unwindtable$?parseConfigFile@EnvironmentVariant@@QAEXABVQString@@@Z 004657c4     environmentvariant.obj
 0002:0004f864       __unwindtable$?initProtocol@EnvironmentVariant@@QAEXABVQString@@@Z 00465864     environmentvariant.obj
 0002:0004f86c       __ehfuncinfo$?initProtocol@EnvironmentVariant@@QAEXABVQString@@@Z 0046586c     environmentvariant.obj
 0002:0004f890       __unwindtable$?initUserConfig@EnvironmentVariant@@QAEXABVQString@@@Z 00465890     environmentvariant.obj
 0002:0004f8a8       __ehfuncinfo$?initUserConfig@EnvironmentVariant@@QAEXABVQString@@@Z 004658a8     environmentvariant.obj
 0002:0004f8cc       __unwindtable$?initModels@EnvironmentVariant@@QAEXPAVQQmlContext@@@Z 004658cc     environmentvariant.obj
 0002:0004f8e4       __ehfuncinfo$?initModels@EnvironmentVariant@@QAEXPAVQQmlContext@@@Z 004658e4     environmentvariant.obj
 0002:0004f908       __unwindtable$?getOperationParams@EnvironmentVariant@@QAE?AV?$QList@VOperationParamData@@@@H@Z 00465908     environmentvariant.obj
 0002:0004f920       __ehfuncinfo$?getOperationParams@EnvironmentVariant@@QAE?AV?$QList@VOperationParamData@@@@H@Z 00465920     environmentvariant.obj
 0002:0004f944       __unwindtable$?LogicalControlList@EnvironmentVariant@@QAE?AVQStringList@@XZ 00465944     environmentvariant.obj
 0002:0004f944       __unwindtable$?OperationNameList@EnvironmentVariant@@QAE?AVQStringList@@XZ 00465944     environmentvariant.obj
 0002:0004f95c       __ehfuncinfo$?OperationNameList@EnvironmentVariant@@QAE?AVQStringList@@XZ 0046595c     environmentvariant.obj
 0002:0004f95c       __ehfuncinfo$?LogicalControlList@EnvironmentVariant@@QAE?AVQStringList@@XZ 0046595c     environmentvariant.obj
 0002:0004f980       __unwindtable$?PlanList@EnvironmentVariant@@QAE?AVQStringList@@XZ 00465980     environmentvariant.obj
 0002:0004f988       __ehfuncinfo$?PlanList@EnvironmentVariant@@QAE?AVQStringList@@XZ 00465988     environmentvariant.obj
 0002:0004f9ac       __ehfuncinfo$?StepList@EnvironmentVariant@@QAE?AVQStringList@@H@Z 004659ac     environmentvariant.obj
 0002:0004f9d0       __unwindtable$?StepList@EnvironmentVariant@@QAE?AVQStringList@@H@Z 004659d0     environmentvariant.obj
 0002:0004fa38       __ehfuncinfo$?planSelectStepListModel@EnvironmentVariant@@QAE?AVQStringList@@H@Z 00465a38     environmentvariant.obj
 0002:0004fa5c       __unwindtable$?planSelectStepListModel@EnvironmentVariant@@QAE?AVQStringList@@H@Z 00465a5c     environmentvariant.obj
 0002:0004fa8c       __ehfuncinfo$?planStepParam@EnvironmentVariant@@QAE?AVSingleOperationData@@HH@Z 00465a8c     environmentvariant.obj
 0002:0004fab0       __unwindtable$?planStepParam@EnvironmentVariant@@QAE?AVSingleOperationData@@HH@Z 00465ab0     environmentvariant.obj
 0002:0004fae8       __unwindtable$?AddPlanStep@EnvironmentVariant@@QAEXHHH@Z 00465ae8     environmentvariant.obj
 0002:0004fb08       __ehfuncinfo$?AddPlanStep@EnvironmentVariant@@QAEXHHH@Z 00465b08     environmentvariant.obj
 0002:0004fb2c       __unwindtable$?SetPlanStepToDefault@EnvironmentVariant@@QAEXHHH@Z 00465b2c     environmentvariant.obj
 0002:0004fb2c       __unwindtable$?MovePlanStep@EnvironmentVariant@@QAEXHHH@Z 00465b2c     environmentvariant.obj
 0002:0004fb34       __ehfuncinfo$?MovePlanStep@EnvironmentVariant@@QAEXHHH@Z 00465b34     environmentvariant.obj
 0002:0004fb34       __ehfuncinfo$?SetPlanStepToDefault@EnvironmentVariant@@QAEXHHH@Z 00465b34     environmentvariant.obj
 0002:0004fb58       __unwindtable$?AddPlan@EnvironmentVariant@@QAEXABVQString@@@Z 00465b58     environmentvariant.obj
 0002:0004fb78       __ehfuncinfo$?AddPlan@EnvironmentVariant@@QAEXABVQString@@@Z 00465b78     environmentvariant.obj
 0002:0004fb9c       __unwindtable$?SavePlan@EnvironmentVariant@@QAEXXZ 00465b9c     environmentvariant.obj
 0002:0004fba4       __ehfuncinfo$?SavePlan@EnvironmentVariant@@QAEXXZ 00465ba4     environmentvariant.obj
 0002:0004fbc8       __ehfuncinfo$?StartPlan@EnvironmentVariant@@QAEXHH@Z 00465bc8     environmentvariant.obj
 0002:0004fbec       __unwindtable$?StartPlan@EnvironmentVariant@@QAEXHH@Z 00465bec     environmentvariant.obj
 0002:0004fce4       __unwindtable$?SaveMachineConfig@EnvironmentVariant@@QAEXABVMachineConfigData@@@Z 00465ce4     environmentvariant.obj
 0002:0004fcec       __ehfuncinfo$?SaveMachineConfig@EnvironmentVariant@@QAEXABVMachineConfigData@@@Z 00465cec     environmentvariant.obj
 0002:0004fd10       __ehfuncinfo$?formatSingleOperationParam@EnvironmentVariant@@QAE?AVQJsonObject@@ABVSingleOperationData@@@Z 00465d10     environmentvariant.obj
 0002:0004fd34       __unwindtable$?formatSingleOperationParam@EnvironmentVariant@@QAE?AVQJsonObject@@ABVSingleOperationData@@@Z 00465d34     environmentvariant.obj
 0002:0004fdf4       __unwindtable$?StartTunning@EnvironmentVariant@@QAEXABVSingleOperationData@@@Z 00465df4     environmentvariant.obj
 0002:0004fe14       __ehfuncinfo$?StartTunning@EnvironmentVariant@@QAEXABVSingleOperationData@@@Z 00465e14     environmentvariant.obj
 0002:0004fe38       __unwindtable$?defaultValue@EnvironmentVariant@@QAE?AVSingleOperationData@@ABVQString@@@Z 00465e38     environmentvariant.obj
 0002:0004fe58       __ehfuncinfo$?defaultValue@EnvironmentVariant@@QAE?AVSingleOperationData@@ABVQString@@@Z 00465e58     environmentvariant.obj
 0002:0004fe7c       __ehfuncinfo$?setWorkLocationType@EnvironmentVariant@@QAE_NHHABVQString@@@Z 00465e7c     environmentvariant.obj
 0002:0004fea0       __unwindtable$?setWorkLocationType@EnvironmentVariant@@QAE_NHHABVQString@@@Z 00465ea0     environmentvariant.obj
 0002:0004ff40       __ehfuncinfo$??0EnvironmentVariant@@AAE@XZ 00465f40     environmentvariant.obj
 0002:0004ff64       __unwindtable$??0EnvironmentVariant@@AAE@XZ 00465f64     environmentvariant.obj
 0002:0004ffcc       __unwindtable$??1EnvironmentVariant@@EAE@XZ 00465fcc     environmentvariant.obj
 0002:0004ffe4       __ehfuncinfo$??1EnvironmentVariant@@EAE@XZ 00465fe4     environmentvariant.obj
 0002:00050008       __unwindtable$??A?$QMap@VQString@@VOperationParamData@@@@QAEAAVOperationParamData@@ABVQString@@@Z 00466008     environmentvariant.obj
 0002:00050010       __ehfuncinfo$??A?$QMap@VQString@@VOperationParamData@@@@QAEAAVOperationParamData@@ABVQString@@@Z 00466010     environmentvariant.obj
 0002:00050034       __catchsym$?detach_helper@?$QList@U?$QPair@VQString@@V?$QList@VSingleOperationData@@@@@@@@AAEXH@Z$7 00466034     environmentvariant.obj
 0002:00050044       __unwindtable$?detach_helper@?$QList@U?$QPair@VQString@@V?$QList@VSingleOperationData@@@@@@@@AAEXH@Z 00466044     environmentvariant.obj
 0002:00050054       __tryblocktable$?detach_helper@?$QList@U?$QPair@VQString@@V?$QList@VSingleOperationData@@@@@@@@AAEXH@Z 00466054     environmentvariant.obj
 0002:00050068       __ehfuncinfo$?detach_helper@?$QList@U?$QPair@VQString@@V?$QList@VSingleOperationData@@@@@@@@AAEXH@Z 00466068     environmentvariant.obj
 0002:0005008c       __catchsym$?insert@?$QList@VSingleOperationData@@@@QAEXHABVSingleOperationData@@@Z$28 0046608c     environmentvariant.obj
 0002:0005009c       __catchsym$?insert@?$QList@VSingleOperationData@@@@QAEXHABVSingleOperationData@@@Z$27 0046609c     environmentvariant.obj
 0002:000500ac       __ehfuncinfo$?insert@?$QList@VSingleOperationData@@@@QAEXHABVSingleOperationData@@@Z 004660ac     environmentvariant.obj
 0002:000500d0       __tryblocktable$?insert@?$QList@VSingleOperationData@@@@QAEXHABVSingleOperationData@@@Z 004660d0     environmentvariant.obj
 0002:000500f8       __unwindtable$?insert@?$QList@VSingleOperationData@@@@QAEXHABVSingleOperationData@@@Z 004660f8     environmentvariant.obj
 0002:00050188       __catchsym$?detach_helper@?$QList@VSingleOperationData@@@@AAEXH@Z$7 00466188     environmentvariant.obj
 0002:00050198       __unwindtable$?detach_helper@?$QList@VSingleOperationData@@@@AAEXH@Z 00466198     environmentvariant.obj
 0002:000501a8       __tryblocktable$?detach_helper@?$QList@VSingleOperationData@@@@AAEXH@Z 004661a8     environmentvariant.obj
 0002:000501bc       __ehfuncinfo$?detach_helper@?$QList@VSingleOperationData@@@@AAEXH@Z 004661bc     environmentvariant.obj
 0002:000501e0       __unwindtable$?node_destruct@?$QList@VSingleOperationData@@@@AAEXPAUNode@1@@Z 004661e0     environmentvariant.obj
 0002:000501f0       __ehfuncinfo$?node_destruct@?$QList@VSingleOperationData@@@@AAEXPAUNode@1@@Z 004661f0     environmentvariant.obj
 0002:00050214       __unwindtable$??__Ff@?4??registerConverter@?$ValueTypeIsMetaType@V?$QList@H@@$00@QtPrivate@@SA_NH@Z@YAXXZ 00466214     moc_workmodels.obj
 0002:00050214       __unwindtable$?Destruct@?$QMetaTypeFunctionHelper@V?$QList@PAVQObject@@@@$00@QtMetaTypePrivate@@SAXPAX@Z 00466214     moc_workmodels.obj
 0002:00050214       __unwindtable$??__Fdummy@?A0x4c3cf720@@YAXXZ 00466214     qrc_qml.obj
 0002:00050214       __unwindtable$?Destruct@?$QMetaTypeFunctionHelper@V?$QList@H@@$00@QtMetaTypePrivate@@SAXPAX@Z 00466214     moc_workmodels.obj
 0002:00050214       __unwindtable$??__Ff@?4??registerConverter@?$ValueTypeIsMetaType@V?$QList@PAVQObject@@@@$00@QtPrivate@@SA_NH@Z@YAXXZ 00466214     moc_workmodels.obj
 0002:0005021c       __ehfuncinfo$?Destruct@?$QMetaTypeFunctionHelper@V?$QList@PAVQObject@@@@$00@QtMetaTypePrivate@@SAXPAX@Z 0046621c     moc_workmodels.obj
 0002:0005021c       __ehfuncinfo$??__Fdummy@?A0x4c3cf720@@YAXXZ 0046621c     qrc_qml.obj
 0002:0005021c       __ehfuncinfo$??__Ff@?4??registerConverter@?$ValueTypeIsMetaType@V?$QList@PAVQObject@@@@$00@QtPrivate@@SA_NH@Z@YAXXZ 0046621c     moc_workmodels.obj
 0002:0005021c       __ehfuncinfo$??__Ff@?4??registerConverter@?$ValueTypeIsMetaType@V?$QList@H@@$00@QtPrivate@@SA_NH@Z@YAXXZ 0046621c     moc_workmodels.obj
 0002:0005021c       __ehfuncinfo$?Destruct@?$QMetaTypeFunctionHelper@V?$QList@H@@$00@QtMetaTypePrivate@@SAXPAX@Z 0046621c     moc_workmodels.obj
 0002:00050240       __unwindtable$??4?$QList@PAVQObject@@@@QAEAAV0@$$QAV0@@Z 00466240     moc_workmodels.obj
 0002:00050240       __unwindtable$??4?$QList@H@@QAEAAV0@$$QAV0@@Z 00466240     moc_workmodels.obj
 0002:00050240       __unwindtable$??4SingleOperationData@@QAEAAV0@$$QAV0@@Z 00466240     environmentvariant.obj
 0002:00050240       __unwindtable$??4?$QList@U?$QPair@VQString@@V?$QList@VSingleOperationData@@@@@@@@QAEAAV0@$$QAV0@@Z 00466240     configfilehandler.obj
 0002:00050240       __unwindtable$??_G?$QPair@VQString@@V?$QList@VSingleOperationData@@@@@@QAEPAXI@Z 00466240     configfilehandler.obj
 0002:00050240       __unwindtable$??1?$QPair@VQString@@V?$QList@VSingleOperationData@@@@@@QAE@XZ 00466240     configfilehandler.obj
 0002:00050248       __ehfuncinfo$??4?$QList@PAVQObject@@@@QAEAAV0@$$QAV0@@Z 00466248     moc_workmodels.obj
 0002:00050248       __ehfuncinfo$??4SingleOperationData@@QAEAAV0@$$QAV0@@Z 00466248     environmentvariant.obj
 0002:00050248       __ehfuncinfo$??1?$QPair@VQString@@V?$QList@VSingleOperationData@@@@@@QAE@XZ 00466248     configfilehandler.obj
 0002:00050248       __ehfuncinfo$??_G?$QPair@VQString@@V?$QList@VSingleOperationData@@@@@@QAEPAXI@Z 00466248     configfilehandler.obj
 0002:00050248       __ehfuncinfo$??4?$QList@H@@QAEAAV0@$$QAV0@@Z 00466248     moc_workmodels.obj
 0002:00050248       __ehfuncinfo$??4?$QList@U?$QPair@VQString@@V?$QList@VSingleOperationData@@@@@@@@QAEAAV0@$$QAV0@@Z 00466248     configfilehandler.obj
 0002:0005026c       __unwindtable$?qt_metatype_id@?$QMetaTypeId@V?$QList@PAVQObject@@@@@@SAHXZ 0046626c     moc_workmodels.obj
 0002:0005026c       __unwindtable$?qt_metatype_id@?$QMetaTypeId@VQSequentialIterableImpl@QtMetaTypePrivate@@@@SAHXZ 0046626c     moc_workmodels.obj
 0002:00050274       __ehfuncinfo$?qt_metatype_id@?$QMetaTypeId@V?$QList@PAVQObject@@@@@@SAHXZ 00466274     moc_workmodels.obj
 0002:00050274       __ehfuncinfo$?qt_metatype_id@?$QMetaTypeId@VQSequentialIterableImpl@QtMetaTypePrivate@@@@SAHXZ 00466274     moc_workmodels.obj
 0002:00050298       __unwindtable$?qt_static_metacall@StatusViewWatcher@@CAXPAVQObject@@W4Call@QMetaObject@@HPAPAX@Z 00466298     moc_workmodels.obj
 0002:000502a8       __ehfuncinfo$?qt_static_metacall@StatusViewWatcher@@CAXPAVQObject@@W4Call@QMetaObject@@HPAPAX@Z 004662a8     moc_workmodels.obj
 0002:000502cc       __unwindtable$?Construct@?$QMetaTypeFunctionHelper@V?$QList@H@@$00@QtMetaTypePrivate@@SAPAXPAXPBX@Z 004662cc     moc_workmodels.obj
 0002:000502cc       __unwindtable$?Construct@?$QMetaTypeFunctionHelper@V?$QList@PAVQObject@@@@$00@QtMetaTypePrivate@@SAPAXPAXPBX@Z 004662cc     moc_workmodels.obj
 0002:000502d4       __ehfuncinfo$?Construct@?$QMetaTypeFunctionHelper@V?$QList@H@@$00@QtMetaTypePrivate@@SAPAXPAXPBX@Z 004662d4     moc_workmodels.obj
 0002:000502d4       __ehfuncinfo$?Construct@?$QMetaTypeFunctionHelper@V?$QList@PAVQObject@@@@$00@QtMetaTypePrivate@@SAPAXPAXPBX@Z 004662d4     moc_workmodels.obj
 0002:000502f8       __unwindtable$?qt_metatype_id@?$QMetaTypeId@V?$QList@H@@@@SAHXZ 004662f8     moc_workmodels.obj
 0002:00050300       __ehfuncinfo$?qt_metatype_id@?$QMetaTypeId@V?$QList@H@@@@SAHXZ 00466300     moc_workmodels.obj
 0002:00050328       __sehtable$___scrt_is_nonwritable_in_current_image 00466328     MSVCRT:utility.obj
 0002:00050348       __sehtable$?__scrt_common_main_seh@@YAHXZ 00466348     MSVCRT:exe_winmain.obj
 0002:00050af6       .idata$6                   00466af6     WorkflowProtocol:WorkflowProtocol.dll
 0002:00050b20       .idata$6                   00466b20     DbgHelp:dbghelp.dll
 0002:00050c24       .idata$6                   00466c24     Qt5Quick:Qt5Quick.dll
 0002:00050f7c       .idata$6                   00466f7c     Qt5Gui:Qt5Gui.dll
 0002:000510d8       .idata$6                   004670d8     Qt5Qml:Qt5Qml.dll
 0002:00052b90       .idata$6                   00468b90     Qt5Core:Qt5Core.dll
 0002:00052d82       .idata$6                   00468d82     kernel32:KERNEL32.dll
 0002:00052e66       .idata$6                   00468e66     vcruntime:VCRUNTIME140.dll
 0002:00053046       .idata$6                   00469046     ucrt:api-ms-win-crt-heap-l1-1-0.dll
 0002:00053066       .idata$6                   00469066     ucrt:api-ms-win-crt-runtime-l1-1-0.dll
 0002:00053088       .idata$6                   00469088     ucrt:api-ms-win-crt-math-l1-1-0.dll
 0002:000530a8       .idata$6                   004690a8     ucrt:api-ms-win-crt-stdio-l1-1-0.dll
 0002:000530c8       .idata$6                   004690c8     ucrt:api-ms-win-crt-locale-l1-1-0.dll
 0002:00053100       .idata$6                   00469100     shell32:SHELL32.dll
 0003:00000584       ?module_local_atexit_table@@3U_onexit_table_t@@A 0046a584     MSVCRT:utility.obj
 0003:00000590       ?module_local_at_quick_exit_table@@3U_onexit_table_t@@A 0046a590     MSVCRT:utility.obj
 0003:0000059c       ?is_initialized_as_dll@@3_NA 0046a59c     MSVCRT:utility.obj
 0003:000005a0       ?_Tss_mutex@@3U_RTL_CRITICAL_SECTION@@A 0046a5a0     MSVCRT:thread_safe_statics.obj
 0003:000005b8       ?_Tss_cv@@3U_RTL_CONDITION_VARIABLE@@A 0046a5b8     MSVCRT:thread_safe_statics.obj
 0003:000005bc       ?_Tss_event@@3PAXA         0046a5bc     MSVCRT:thread_safe_statics.obj
 0003:000005c0       ?encoded_sleep_condition_variable_cs@@3P6GHPAU_RTL_CONDITION_VARIABLE@@PAU_RTL_CRITICAL_SECTION@@K@ZA 0046a5c0     MSVCRT:thread_safe_statics.obj
 0003:000005c4       ?encoded_wake_all_condition_variable@@3P6GXPAU_RTL_CONDITION_VARIABLE@@@ZA 0046a5c4     MSVCRT:thread_safe_statics.obj
 0003:000005d0       _GS_ExceptionRecord        0046a5d0     MSVCRT:gs_report.obj
 0003:00000620       _GS_ContextRecord          0046a620     MSVCRT:gs_report.obj
 0004:00000000       __guard_fids__             0046b000     MSVCRT:std_type_info_static.obj
 0004:00000004       __guard_fids__             0046b004     MSVCRT:thread_safe_statics.obj
 0004:00000008       __guard_fids_?__scrt_initialize_thread_safe_statics@@YAHXZ 0046b008     MSVCRT:thread_safe_statics.obj
 0004:0000000c       __guard_fids__             0046b00c     MSVCRT:exe_winmain.obj
 0004:00000010       __guard_fids__             0046b010     MSVCRT:exe_winmain.obj
 0004:00000014       __guard_fids__             0046b014     MSVCRT:exe_winmain.obj
 0004:00000018       __guard_fids_?pre_c_initialization@@YAHXZ 0046b018     MSVCRT:exe_winmain.obj
 0004:00000020       __guard_fids__             0046b020     MSVCRT:throw_bad_alloc.obj
 0004:00000028       __guard_fids__             0046b028     MSVCRT:throw_bad_alloc.obj
 0004:00000030       __guard_fids__             0046b030     MSVCRT:throw_bad_alloc.obj
 0004:00000038       __guard_fids__             0046b038     MSVCRT:throw_bad_alloc.obj
 0004:0000003c       __guard_fids__             0046b03c     MSVCRT:throw_bad_alloc.obj
 0004:00000040       __guard_fids__             0046b040     MSVCRT:throw_bad_alloc.obj
 0004:00000044       __guard_fids__             0046b044     MSVCRT:throw_bad_alloc.obj
 0004:00000048       __guard_fids__             0046b048     MSVCRT:throw_bad_alloc.obj
 0004:0000004c       __guard_fids____scrt_set_unhandled_exception_filter 0046b04c     MSVCRT:utility_desktop.obj
 0004:00000050       __guard_fids___except_handler4 0046b050     MSVCRT:_chandler4gs_.obj
 0004:00000054       __guard_fids__             0046b054     MSVCRT:guard_support.obj
 0006:00000060       $R000000                   0046d060     * linker generated manifest res *
