 UserInterfaceLayer

 Timestamp is 59605d55 (Sat Jul  8 12:19:33 2017)

 Preferred load address is 00400000

 Start         Length     Name                   Class
 0001:00000000 000000c0H .text$di                CODE
 0001:000000c0 00011dc0H .text$mn                CODE
 0001:00011e80 00001fa0H .text$x                 CODE
 0001:00013e20 000000fdH .text$yd                CODE
 0002:00000000 00000480H .idata$5                DATA
 0002:00000480 00000004H .00cfg                  DATA
 0002:00000484 00000004H .CRT$XCA                DATA
 0002:00000488 00000004H .CRT$XCAA               DATA
 0002:0000048c 00000028H .CRT$XCU                DATA
 0002:000004b4 00000004H .CRT$XCZ                DATA
 0002:000004b8 00000004H .CRT$XIA                DATA
 0002:000004bc 00000004H .CRT$XIAA               DATA
 0002:000004c0 00000004H .CRT$XIAC               DATA
 0002:000004c4 00000004H .CRT$XIC                DATA
 0002:000004c8 00000004H .CRT$XIZ                DATA
 0002:000004cc 00000004H .CRT$XLA                DATA
 0002:000004d0 00000004H .CRT$XLZ                DATA
 0002:000004d4 00000004H .CRT$XPA                DATA
 0002:000004d8 00000004H .CRT$XPZ                DATA
 0002:000004dc 00000004H .CRT$XTA                DATA
 0002:000004e0 00000010H .CRT$XTZ                DATA
 0002:000004f0 00037dd4H .rdata                  DATA
 0002:000382c4 00000018H .rdata$T                DATA
 0002:000382dc 00000714H .rdata$r                DATA
 0002:000389f0 000001a4H .rdata$sxdata           DATA
 0002:00038b94 000003dcH .rdata$zzzdbg           DATA
 0002:00038f70 00000004H .rtc$IAA                DATA
 0002:00038f74 00000004H .rtc$IZZ                DATA
 0002:00038f78 00000004H .rtc$TAA                DATA
 0002:00038f7c 00000004H .rtc$TZZ                DATA
 0002:00038f80 0000285cH .xdata$x                DATA
 0002:0003b7dc 00000000H .edata                  DATA
 0002:0003b7dc 00000118H .idata$2                DATA
 0002:0003b8f4 00000014H .idata$3                DATA
 0002:0003b908 00000480H .idata$4                DATA
 0002:0003bd88 00002762H .idata$6                DATA
 0003:00000000 00000108H .data                   DATA
 0003:00000108 00000430H .data$r                 DATA
 0003:00000538 000003e0H .bss                    DATA
 0004:00000000 00000058H .gfids$y                DATA
 0005:00000000 00000004H .tls                    DATA
 0005:00000004 00000004H .tls$                   DATA
 0005:00000008 00000001H .tls$ZZZ                DATA
 0006:00000000 00000060H .rsrc$01                DATA
 0006:00000060 00000290H .rsrc$02                DATA

  Address         Publics by Value              Rva+Base       Lib:Object

 0000:00000000       ___guard_fids_count        00000000     <absolute>
 0000:00000000       ___guard_iat_count         00000000     <absolute>
 0000:00000000       ___guard_iat_table         00000000     <absolute>
 0000:00000000       ___guard_longjmp_table     00000000     <absolute>
 0000:00000000       ___dynamic_value_reloc_table 00000000     <absolute>
 0000:00000000       ___guard_longjmp_count     00000000     <absolute>
 0000:00000000       ___guard_fids_table        00000000     <absolute>
 0000:0000002c       __tls_array                0000002c     <absolute>
 0000:00000069       ___safe_se_handler_count   00000069     <absolute>
 0000:00000100       ___guard_flags             00000100     <absolute>
 0000:00000000       ___ImageBase               00400000     <linker-defined>
 0001:000000c0       ??$connect@P8QQmlEngine@@AEXXZP6AXXZ@QObject@@SA?AVConnection@QMetaObject@@PBVQQmlEngine@@P83@AEXXZPBV0@P6AXXZW4ConnectionType@Qt@@@Z 004010c0 f i main.obj
 0001:00000120       ??$createInto@VOperationParamObject@@@QQmlPrivate@@YAXPAX@Z 00401120 f i main.obj
 0001:00000180       ??$createInto@VOperationParamSelector@@@QQmlPrivate@@YAXPAX@Z 00401180 f i main.obj
 0001:000001e0       ??$createInto@VPlanController@@@QQmlPrivate@@YAXPAX@Z 004011e0 f i main.obj
 0001:00000240       ??$createInto@VPlanSelector@@@QQmlPrivate@@YAXPAX@Z 00401240 f i main.obj
 0001:000002a0       ??$createInto@VStatusViewWatcher@@@QQmlPrivate@@YAXPAX@Z 004012a0 f i main.obj
 0001:00000300       ??$createInto@VTextFieldDoubleValidator@@@QQmlPrivate@@YAXPAX@Z 00401300 f i main.obj
 0001:00000360       ??$qRegisterNormalizedMetaType@PAVOperationParamObject@@@@YAHABVQByteArray@@PAPAVOperationParamObject@@W4DefinedType@?$MetaTypeDefinedHelper@PAVOperationParamObject@@$00@QtPrivate@@@Z 00401360 f i main.obj
 0001:000003c0       ??$qRegisterNormalizedMetaType@PAVOperationParamSelector@@@@YAHABVQByteArray@@PAPAVOperationParamSelector@@W4DefinedType@?$MetaTypeDefinedHelper@PAVOperationParamSelector@@$00@QtPrivate@@@Z 004013c0 f i main.obj
 0001:00000420       ??$qRegisterNormalizedMetaType@PAVPlanController@@@@YAHABVQByteArray@@PAPAVPlanController@@W4DefinedType@?$MetaTypeDefinedHelper@PAVPlanController@@$00@QtPrivate@@@Z 00401420 f i main.obj
 0001:00000480       ??$qRegisterNormalizedMetaType@PAVPlanSelector@@@@YAHABVQByteArray@@PAPAVPlanSelector@@W4DefinedType@?$MetaTypeDefinedHelper@PAVPlanSelector@@$00@QtPrivate@@@Z 00401480 f i main.obj
 0001:000004e0       ??$qRegisterNormalizedMetaType@PAVStatusViewWatcher@@@@YAHABVQByteArray@@PAPAVStatusViewWatcher@@W4DefinedType@?$MetaTypeDefinedHelper@PAVStatusViewWatcher@@$00@QtPrivate@@@Z 004014e0 f i main.obj
 0001:00000540       ??$qRegisterNormalizedMetaType@PAVTextFieldDoubleValidator@@@@YAHABVQByteArray@@PAPAVTextFieldDoubleValidator@@W4DefinedType@?$MetaTypeDefinedHelper@PAVTextFieldDoubleValidator@@$00@QtPrivate@@@Z 00401540 f i main.obj
 0001:000005a0       ??$qmlRegisterType@VOperationParamObject@@@@YAHPBDHH0@Z 004015a0 f i main.obj
 0001:00000850       ??$qmlRegisterType@VOperationParamSelector@@@@YAHPBDHH0@Z 00401850 f i main.obj
 0001:00000b00       ??$qmlRegisterType@VPlanController@@@@YAHPBDHH0@Z 00401b00 f i main.obj
 0001:00000db0       ??$qmlRegisterType@VPlanSelector@@@@YAHPBDHH0@Z 00401db0 f i main.obj
 0001:00001060       ??$qmlRegisterType@VStatusViewWatcher@@@@YAHPBDHH0@Z 00402060 f i main.obj
 0001:00001310       ??$qmlRegisterType@VTextFieldDoubleValidator@@@@YAHPBDHH0@Z 00402310 f i main.obj
 0001:000015c0       ??0OperationParamData@@QAE@XZ 004025c0 f i main.obj
 0001:00001630       ??1?$QList@VQString@@@@QAE@XZ 00402630 f i main.obj
 0001:000016c0       ??1?$QVarLengthArray@D$0EA@@@QAE@XZ 004026c0 f i main.obj
 0001:000016c0       ??1?$QVarLengthArray@D$0DA@@@QAE@XZ 004026c0 f i main.obj
 0001:000016e0       ??1OperationParamData@@QAE@XZ 004026e0 f i main.obj
 0001:00001790       ??1OperationParamSelector@@UAE@XZ 00402790 f i main.obj
 0001:00001840       ??1PlanSelector@@UAE@XZ    00402840 f i main.obj
 0001:000018f0       ??1RegisterType@QQmlPrivate@@QAE@XZ 004028f0 f i main.obj
 0001:00001900       ?Destruct@?$QMetaTypeFunctionHelper@V?$QQmlListProperty@VStatusViewWatcher@@@@$00@QtMetaTypePrivate@@SAXPAX@Z 00402900 f i main.obj
 0001:00001900       ?Destruct@?$QMetaTypeFunctionHelper@PAVPlanSelector@@$00@QtMetaTypePrivate@@SAXPAX@Z 00402900 f i main.obj
 0001:00001900       __initialize_invalid_parameter_handler 00402900 f i MSVCRT:invalid_parameter_handler.obj
 0001:00001900       ??3@YAXPAX0@Z              00402900 f i main.obj
 0001:00001900       ?Destruct@?$QMetaTypeFunctionHelper@V?$QQmlListProperty@VPlanController@@@@$00@QtMetaTypePrivate@@SAXPAX@Z 00402900 f i main.obj
 0001:00001900       ?Destruct@?$QMetaTypeFunctionHelper@PAVStatusViewWatcher@@$00@QtMetaTypePrivate@@SAXPAX@Z 00402900 f i main.obj
 0001:00001900       ?onComplete@PlanSelector@@QAEXXZ 00402900 f i workmodels.obj
 0001:00001900       ?qt_static_metacall@configFileHandler@@CAXPAVQObject@@W4Call@QMetaObject@@HPAPAX@Z 00402900 f i moc_configfilehandler.obj
 0001:00001900       @_guard_check_icall_nop@4  00402900 f i MSVCRT:guard_support.obj
 0001:00001900       ?Destruct@?$QMetaTypeFunctionHelper@PAVOperationParamObject@@$00@QtMetaTypePrivate@@SAXPAX@Z 00402900 f i main.obj
 0001:00001900       ?Destruct@?$QMetaTypeFunctionHelper@V?$QQmlListProperty@VOperationParamSelector@@@@$00@QtMetaTypePrivate@@SAXPAX@Z 00402900 f i main.obj
 0001:00001900       ?Destruct@?$QMetaTypeFunctionHelper@V?$QQmlListProperty@VTextFieldDoubleValidator@@@@$00@QtMetaTypePrivate@@SAXPAX@Z 00402900 f i main.obj
 0001:00001900       ?Destruct@?$QMetaTypeFunctionHelper@PAVTextFieldDoubleValidator@@$00@QtMetaTypePrivate@@SAXPAX@Z 00402900 f i main.obj
 0001:00001900       __initialize_denormal_control 00402900 f i MSVCRT:denormal_control.obj
 0001:00001900       ?Destruct@?$QMetaTypeFunctionHelper@VQSequentialIterableImpl@QtMetaTypePrivate@@$00@QtMetaTypePrivate@@SAXPAX@Z 00402900 f i moc_workmodels.obj
 0001:00001900       ?Destruct@?$QMetaTypeFunctionHelper@V?$QQmlListProperty@VPlanSelector@@@@$00@QtMetaTypePrivate@@SAXPAX@Z 00402900 f i main.obj
 0001:00001900       ?Destruct@?$QMetaTypeFunctionHelper@V?$QQmlListProperty@VOperationParamObject@@@@$00@QtMetaTypePrivate@@SAXPAX@Z 00402900 f i main.obj
 0001:00001900       ?Destruct@?$QMetaTypeFunctionHelper@PAVOperationParamSelector@@$00@QtMetaTypePrivate@@SAXPAX@Z 00402900 f i main.obj
 0001:00001900       ?Destruct@?$QMetaTypeFunctionHelper@PAVPlanController@@$00@QtMetaTypePrivate@@SAXPAX@Z 00402900 f i main.obj
 0001:00001910       ??H@YA?BVQString@@ABV0@0@Z 00402910 f i main.obj
 0001:00001980       ??H@YA?BVQString@@ABV0@PBD@Z 00402980 f i main.obj
 0001:00001a10       ??_G?$QQmlElement@VOperationParamObject@@@QQmlPrivate@@UAEPAXI@Z 00402a10 f i main.obj
 0001:00001a10       ??_E?$QQmlElement@VOperationParamObject@@@QQmlPrivate@@UAEPAXI@Z 00402a10 f i main.obj
 0001:00001a90       ??_G?$QQmlElement@VOperationParamSelector@@@QQmlPrivate@@UAEPAXI@Z 00402a90 f i main.obj
 0001:00001a90       ??_E?$QQmlElement@VOperationParamSelector@@@QQmlPrivate@@UAEPAXI@Z 00402a90 f i main.obj
 0001:00001b00       ??_E?$QQmlElement@VPlanController@@@QQmlPrivate@@UAEPAXI@Z 00402b00 f i main.obj
 0001:00001b00       ??_G?$QQmlElement@VPlanController@@@QQmlPrivate@@UAEPAXI@Z 00402b00 f i main.obj
 0001:00001b70       ??_G?$QQmlElement@VPlanSelector@@@QQmlPrivate@@UAEPAXI@Z 00402b70 f i main.obj
 0001:00001b70       ??_E?$QQmlElement@VPlanSelector@@@QQmlPrivate@@UAEPAXI@Z 00402b70 f i main.obj
 0001:00001be0       ??_G?$QQmlElement@VStatusViewWatcher@@@QQmlPrivate@@UAEPAXI@Z 00402be0 f i main.obj
 0001:00001be0       ??_E?$QQmlElement@VStatusViewWatcher@@@QQmlPrivate@@UAEPAXI@Z 00402be0 f i main.obj
 0001:00001c50       ??_G?$QQmlElement@VTextFieldDoubleValidator@@@QQmlPrivate@@UAEPAXI@Z 00402c50 f i main.obj
 0001:00001c50       ??_E?$QQmlElement@VTextFieldDoubleValidator@@@QQmlPrivate@@UAEPAXI@Z 00402c50 f i main.obj
 0001:00001cc0       ??_EOperationParamObject@@UAEPAXI@Z 00402cc0 f i main.obj
 0001:00001cc0       ??_GOperationParamObject@@UAEPAXI@Z 00402cc0 f i main.obj
 0001:00001cf0       ?Construct@?$QMetaTypeFunctionHelper@PAVPlanSelector@@$00@QtMetaTypePrivate@@SAPAXPAXPBX@Z 00402cf0 f i main.obj
 0001:00001cf0       ?Construct@?$QMetaTypeFunctionHelper@PAVOperationParamObject@@$00@QtMetaTypePrivate@@SAPAXPAXPBX@Z 00402cf0 f i main.obj
 0001:00001cf0       ?Construct@?$QMetaTypeFunctionHelper@PAVOperationParamSelector@@$00@QtMetaTypePrivate@@SAPAXPAXPBX@Z 00402cf0 f i main.obj
 0001:00001cf0       ?Construct@?$QMetaTypeFunctionHelper@PAVStatusViewWatcher@@$00@QtMetaTypePrivate@@SAPAXPAXPBX@Z 00402cf0 f i main.obj
 0001:00001cf0       ?Construct@?$QMetaTypeFunctionHelper@PAVTextFieldDoubleValidator@@$00@QtMetaTypePrivate@@SAPAXPAXPBX@Z 00402cf0 f i main.obj
 0001:00001cf0       ?Construct@?$QMetaTypeFunctionHelper@PAVPlanController@@$00@QtMetaTypePrivate@@SAPAXPAXPBX@Z 00402cf0 f i main.obj
 0001:00001d20       ?Construct@?$QMetaTypeFunctionHelper@V?$QQmlListProperty@VTextFieldDoubleValidator@@@@$00@QtMetaTypePrivate@@SAPAXPAXPBX@Z 00402d20 f i main.obj
 0001:00001d20       ?Construct@?$QMetaTypeFunctionHelper@V?$QQmlListProperty@VPlanController@@@@$00@QtMetaTypePrivate@@SAPAXPAXPBX@Z 00402d20 f i main.obj
 0001:00001d20       ?Construct@?$QMetaTypeFunctionHelper@V?$QQmlListProperty@VOperationParamSelector@@@@$00@QtMetaTypePrivate@@SAPAXPAXPBX@Z 00402d20 f i main.obj
 0001:00001d20       ?Construct@?$QMetaTypeFunctionHelper@V?$QQmlListProperty@VPlanSelector@@@@$00@QtMetaTypePrivate@@SAPAXPAXPBX@Z 00402d20 f i main.obj
 0001:00001d20       ?Construct@?$QMetaTypeFunctionHelper@V?$QQmlListProperty@VOperationParamObject@@@@$00@QtMetaTypePrivate@@SAPAXPAXPBX@Z 00402d20 f i main.obj
 0001:00001d20       ?Construct@?$QMetaTypeFunctionHelper@V?$QQmlListProperty@VStatusViewWatcher@@@@$00@QtMetaTypePrivate@@SAPAXPAXPBX@Z 00402d20 f i main.obj
 0001:00001d80       ?TopLevelExceptionFilter@@YGJPAU_EXCEPTION_POINTERS@@@Z 00402d80 f   main.obj
 0001:00001df0       ?customMessageHandler@@YAXW4QtMsgType@@ABVQMessageLogContext@@ABVQString@@@Z 00402df0 f   main.obj
 0001:00002160       ?dealloc@?$QList@VOperationParamData@@@@AAEXPAUData@QListData@@@Z 00403160 f i main.obj
 0001:000021c0       ?getConfigFullName@@YA?AVQString@@PBD@Z 004031c0 f   main.obj
 0001:00002230       ?impl@?$QStaticSlotObject@P6AXXZU?$List@$$V@QtPrivate@@X@QtPrivate@@CAXHPAVQSlotObjectBase@2@PAVQObject@@PAPAXPA_N@Z 00403230 f i main.obj
 0001:00002260       ?qt_metatype_id@?$QMetaTypeIdQObject@PAVOperationParamObject@@$07@@SAHXZ 00403260 f i main.obj
 0001:00002310       ?qt_metatype_id@?$QMetaTypeIdQObject@PAVOperationParamSelector@@$07@@SAHXZ 00403310 f i main.obj
 0001:000023c0       ?qt_metatype_id@?$QMetaTypeIdQObject@PAVPlanController@@$07@@SAHXZ 004033c0 f i main.obj
 0001:00002470       ?qt_metatype_id@?$QMetaTypeIdQObject@PAVPlanSelector@@$07@@SAHXZ 00403470 f i main.obj
 0001:00002520       ?qt_metatype_id@?$QMetaTypeIdQObject@PAVStatusViewWatcher@@$07@@SAHXZ 00403520 f i main.obj
 0001:000025d0       ?qt_metatype_id@?$QMetaTypeIdQObject@PAVTextFieldDoubleValidator@@$07@@SAHXZ 004035d0 f i main.obj
 0001:00002680       ?validate@TextFieldDoubleValidator@@UBE?AW4State@QValidator@@AAVQString@@AAH@Z 00403680 f i main.obj
 0001:00002800       _main                      00403800 f   main.obj
 0001:00002c60       ??$connect@P8EnvironmentVariant@@AEXXZP8StatusViewWatcher@@AEXXZ@QObject@@SA?AVConnection@QMetaObject@@PBVEnvironmentVariant@@P83@AEXXZPBVStatusViewWatcher@@P84@AEXXZW4ConnectionType@Qt@@@Z 00403c60 f i workmodels.obj
 0001:00002cc0       ??$qMakeForeachContainer@AAV?$QList@PAVQObject@@@@@QtPrivate@@YA?AV?$QForeachContainer@V?$QList@PAVQObject@@@@@0@AAV?$QList@PAVQObject@@@@@Z 00403cc0 f i workmodels.obj
 0001:00002d00       ??0?$QList@H@@QAE@ABV0@@Z  00403d00 f i workmodels.obj
 0001:00002d00       ??0?$QList@PAVQObject@@@@QAE@ABV0@@Z 00403d00 f i workmodels.obj
 0001:00002db0       ??0?$QList@VOperationParamData@@@@QAE@ABV0@@Z 00403db0 f i workmodels.obj
 0001:00002e60       ??0?$QList@VQString@@@@QAE@ABV0@@Z 00403e60 f i workmodels.obj
 0001:00002f10       ??0OperationParamData@@QAE@ABV0@@Z 00403f10 f i workmodels.obj
 0001:00003080       ??0OperationParamSelector@@QAE@PAVQObject@@@Z 00404080 f   workmodels.obj
 0001:000030d0       ??0PlanController@@QAE@PAVQObject@@@Z 004040d0 f   workmodels.obj
 0001:00003140       ??0PlanSelector@@QAE@PAVQObject@@@Z 00404140 f   workmodels.obj
 0001:000031f0       ??0StatusViewWatcher@@QAE@PAVQObject@@@Z 004041f0 f   workmodels.obj
 0001:00003280       ??1?$QForeachContainer@V?$QList@PAVQObject@@@@@QtPrivate@@QAE@XZ 00404280 f i workmodels.obj
 0001:000032e0       ??1?$QForeachContainer@V?$QList@VOperationParamData@@@@@QtPrivate@@QAE@XZ 004042e0 f i workmodels.obj
 0001:00003340       ??1?$QList@PAVQObject@@@@QAE@XZ 00404340 f i workmodels.obj
 0001:00003340       ??1?$QList@H@@QAE@XZ       00404340 f i workmodels.obj
 0001:000033a0       ??1?$QList@VOperationParamData@@@@QAE@XZ 004043a0 f i workmodels.obj
 0001:00003400       ??1MachineConfigData@@QAE@XZ 00404400 f i workmodels.obj
 0001:00003410       ??1PlanController@@UAE@XZ  00404410 f   workmodels.obj
 0001:00003470       ??1SingleOperationData@@QAE@XZ 00404470 f i workmodels.obj
 0001:000034e0       ??1StatusViewWatcher@@UAE@XZ 004044e0 f   workmodels.obj
 0001:00003560       ??_GOperationParamSelector@@UAEPAXI@Z 00404560 f i workmodels.obj
 0001:00003560       ??_EOperationParamSelector@@UAEPAXI@Z 00404560 f i workmodels.obj
 0001:00003580       ??_EPlanController@@UAEPAXI@Z 00404580 f i workmodels.obj
 0001:00003580       ??_GPlanController@@UAEPAXI@Z 00404580 f i workmodels.obj
 0001:000035f0       ??_EPlanSelector@@UAEPAXI@Z 004045f0 f i workmodels.obj
 0001:000035f0       ??_GPlanSelector@@UAEPAXI@Z 004045f0 f i workmodels.obj
 0001:00003610       ??_GStatusViewWatcher@@UAEPAXI@Z 00404610 f i workmodels.obj
 0001:00003610       ??_EStatusViewWatcher@@UAEPAXI@Z 00404610 f i workmodels.obj
 0001:000036b0       ?addPlan@PlanSelector@@QAEXABVQString@@@Z 004046b0 f   workmodels.obj
 0001:000036d0       ?addStep@PlanSelector@@QAEXHHH@Z 004046d0 f   workmodels.obj
 0001:000036f0       ?append@?$QList@PAVQObject@@@@QAEXABQAVQObject@@@Z 004046f0 f i workmodels.obj
 0001:000036f0       ?append@?$QList@H@@QAEXABH@Z 004046f0 f i configfilehandler.obj
 0001:00003780       ?append@?$QList@VOperationParamData@@@@QAEXABVOperationParamData@@@Z 00404780 f i workmodels.obj
 0001:00003840       ?commitParam@PlanSelector@@QAEXHHABVQString@@ABVQVariant@@@Z 00404840 f   workmodels.obj
 0001:00003860       ?detach_helper_grow@?$QList@VOperationParamData@@@@AAEPAUNode@1@HH@Z 00404860 f i workmodels.obj
 0001:000039b0       ?eventFilter@PlanController@@UAE_NPAVQObject@@PAVQEvent@@@Z 004049b0 f   workmodels.obj
 0001:00003a00       ?eventFilter@StatusViewWatcher@@UAE_NPAVQObject@@PAVQEvent@@@Z 00404a00 f   workmodels.obj
 0001:00003a40       ?getSwitch@OperationParamSelector@@QAEPAVQObject@@ABVQString@@@Z 00404a40 f   workmodels.obj
 0001:00003ba0       ?getSwitch@PlanSelector@@QAEPAVQObject@@ABVQString@@@Z 00404ba0 f   workmodels.obj
 0001:00003d00       ?getWorkLocationTypeList@StatusViewWatcher@@QAE?AVQStringList@@XZ 00404d00 f   workmodels.obj
 0001:00003d30       ?impl@?$QSlotObject@P8StatusViewWatcher@@AEXXZU?$List@$$V@QtPrivate@@X@QtPrivate@@CAXHPAVQSlotObjectBase@2@PAVQObject@@PAPAXPA_N@Z 00404d30 f i workmodels.obj
 0001:00003d80       ?init@OperationParamSelector@@QAEXABVQString@@@Z 00404d80 f   workmodels.obj
 0001:00003e00       ?moveStep@PlanSelector@@QAEXHHH@Z 00404e00 f   workmodels.obj
 0001:00003e20       ?getOperationName@SingleOperationObject@@QAE?AVQString@@XZ 00404e20 f i moc_workmodels.obj
 0001:00003e20       ?getIpAddress@TargetMachineObject@@QBE?AVQString@@XZ 00404e20 f i environmentvariant.obj
 0001:00003e20       ?name@OperationParamObject@@QBE?AVQString@@XZ 00404e20 f i workmodels.obj
 0001:00003e40       ?node_copy@?$QList@PAVQObject@@@@AAEXPAUNode@1@00@Z 00404e40 f i workmodels.obj
 0001:00003e40       ?node_copy@?$QList@H@@AAEXPAUNode@1@00@Z 00404e40 f i workmodels.obj
 0001:00003e70       ?node_copy@?$QList@VOperationParamData@@@@AAEXPAUNode@1@00@Z 00404e70 f i workmodels.obj
 0001:00003f40       ?node_copy@?$QList@VQString@@@@AAEXPAUNode@1@00@Z 00404f40 f i workmodels.obj
 0001:00003f80       ?node_destruct@?$QList@VOperationParamData@@@@AAEXPAUNode@1@0@Z 00404f80 f i workmodels.obj
 0001:00003fc0       ?onCompleteSingleOperation@OperationParamSelector@@QAEXXZ 00404fc0 f   workmodels.obj
 0001:00004240       ?onMachineConfigChanged@TargetMachineObject@@QAEXXZ 00405240 f   workmodels.obj
 0001:000042c0       ?onSave@PlanSelector@@QAEXXZ 004052c0 f   workmodels.obj
 0001:000042d0       ?operationCurrentIndex@PlanSelector@@QAEHXZ 004052d0 f   workmodels.obj
 0001:000042f0       ?planListModel@PlanSelector@@QAE?AVQStringList@@XZ 004052f0 f   workmodels.obj
 0001:00004320       ?planSelectStepListModel@PlanSelector@@QAE?AVQStringList@@H@Z 00405320 f   workmodels.obj
 0001:00004350       ?removePlan@PlanSelector@@QAEXH@Z 00405350 f   workmodels.obj
 0001:00004370       ?removeStep@PlanSelector@@QAEXHH@Z 00405370 f   workmodels.obj
 0001:00004390       ?resumePlan@PlanController@@QAEXXZ 00405390 f   workmodels.obj
 0001:000043c0       ?setPlanName@PlanSelector@@QAEXHABVQString@@@Z 004053c0 f   workmodels.obj
 0001:000043e0       ?setSelectedOperation@OperationParamSelector@@QAEXH@Z 004053e0 f   workmodels.obj
 0001:00004780       ?setSelectedOperation@PlanSelector@@QAEXHHH@Z 00405780 f   workmodels.obj
 0001:00004c10       ?setSelectedStep@PlanSelector@@QAEXHH@Z 00405c10 f   workmodels.obj
 0001:00004fc0       ?setWorkLocationType@StatusViewWatcher@@QAE_NHABVQString@@@Z 00405fc0 f   workmodels.obj
 0001:00004fe0       ?startPlan@PlanController@@QAEXHH@Z 00405fe0 f   workmodels.obj
 0001:00005010       ?stepListModel@PlanSelector@@QAE?AVQStringList@@H@Z 00406010 f   workmodels.obj
 0001:00005040       ?stopPlan@PlanController@@QAEXXZ 00406040 f   workmodels.obj
 0001:00005050       ??$qMakeForeachContainer@ABV?$QList@VOperationParamData@@@@@QtPrivate@@YA?AV?$QForeachContainer@V?$QList@VOperationParamData@@@@@0@ABV?$QList@VOperationParamData@@@@@Z 00406050 f i configfilehandler.obj
 0001:00005050       ??$qMakeForeachContainer@AAV?$QList@VOperationParamData@@@@@QtPrivate@@YA?AV?$QForeachContainer@V?$QList@VOperationParamData@@@@@0@AAV?$QList@VOperationParamData@@@@@Z 00406050 f i workmodels.obj
 0001:00005090       ??$qMakeForeachContainer@AAVQStringList@@@QtPrivate@@YA?AV?$QForeachContainer@VQStringList@@@0@AAVQStringList@@@Z 00406090 f i environmentvariant.obj
 0001:00005090       ??$qMakeForeachContainer@ABVQStringList@@@QtPrivate@@YA?AV?$QForeachContainer@VQStringList@@@0@ABVQStringList@@@Z 00406090 f i configfilehandler.obj
 0001:000050d0       ??$qMakePair@VQString@@V?$QList@VSingleOperationData@@@@@@YA?AU?$QPair@VQString@@V?$QList@VSingleOperationData@@@@@@ABVQString@@ABV?$QList@VSingleOperationData@@@@@Z 004060d0 f i configfilehandler.obj
 0001:00005130       ??0?$QList@VSingleOperationData@@@@QAE@ABV0@@Z 00406130 f i configfilehandler.obj
 0001:000051e0       ??0OperationParamData@@QAE@ABVQString@@00ABVQStringList@@_NHH0V?$QList@H@@00HH@Z 004061e0 f i configfilehandler.obj
 0001:00005380       ??0configFileHandler@@QAE@PAVQObject@@@Z 00406380 f   configfilehandler.obj
 0001:000053e0       ??1?$QForeachContainer@VQStringList@@@QtPrivate@@QAE@XZ 004063e0 f i configfilehandler.obj
 0001:000053e0       ??1QStringList@@QAE@XZ     004063e0 f i workmodels.obj
 0001:000053f0       ??1?$QList@VSingleOperationData@@@@QAE@XZ 004063f0 f i configfilehandler.obj
 0001:00005470       ??1?$QMap@VQString@@V1@@@QAE@XZ 00406470 f i configfilehandler.obj
 0001:000054f0       ??1?$QMap@VQString@@VOperationParamData@@@@QAE@XZ 004064f0 f i configfilehandler.obj
 0001:00005590       ??1?$QMap@VQString@@VQStringList@@@@QAE@XZ 00406590 f i configfilehandler.obj
 0001:00005630       ??1?$QPair@VQString@@V?$QList@VSingleOperationData@@@@@@QAE@XZ 00406630 f i configfilehandler.obj
 0001:000056c0       ??4?$QList@U?$QPair@VQString@@V?$QList@VSingleOperationData@@@@@@@@QAEAAV0@$$QAV0@@Z 004066c0 f i configfilehandler.obj
 0001:00005760       ??4OperationParamData@@QAEAAV0@ABV0@@Z 00406760 f i configfilehandler.obj
 0001:00005870       ??A?$QMap@VQString@@V1@@@QAEAAVQString@@ABV1@@Z 00406870 f i configfilehandler.obj
 0001:00005930       ??A?$QMap@VQString@@VOperationParamData@@@@QBE?BVOperationParamData@@ABVQString@@@Z 00406930 f i configfilehandler.obj
 0001:000059f0       ??A?$QMap@VQString@@VQStringList@@@@QAEAAVQStringList@@ABVQString@@@Z 004069f0 f i configfilehandler.obj
 0001:00005ab0       ??_G?$QPair@VQString@@V?$QList@VSingleOperationData@@@@@@QAEPAXI@Z 00406ab0 f i configfilehandler.obj
 0001:00005b50       ??_GSingleOperationData@@QAEPAXI@Z 00406b50 f i configfilehandler.obj
 0001:00005bd0       ??_EconfigFileHandler@@UAEPAXI@Z 00406bd0 f i configfilehandler.obj
 0001:00005bd0       ??_GconfigFileHandler@@UAEPAXI@Z 00406bd0 f i configfilehandler.obj
 0001:00005c00       ?ParseHostIP@configFileHandler@@QAE?AVQString@@XZ 00406c00 f   configfilehandler.obj
 0001:00005cd0       ?ParseHostPort@configFileHandler@@QAEFXZ 00406cd0 f   configfilehandler.obj
 0001:00005db0       ?ParseHostSingleOperationThreshold@configFileHandler@@QAEHXZ 00406db0 f   configfilehandler.obj
 0001:00005e90       ?ParseLicense@configFileHandler@@QAEXAAVQByteArray@@@Z 00406e90 f   configfilehandler.obj
 0001:00005f80       ?ParseListMap@configFileHandler@@QAE?AV?$QMap@VQString@@VQStringList@@@@ABVQString@@@Z 00406f80 f   configfilehandler.obj
 0001:00006220       ?ParseMap@configFileHandler@@QAE?AV?$QMap@VQString@@V1@@@ABVQString@@@Z 00407220 f   configfilehandler.obj
 0001:00006370       ?ParseMapRevertKeyValue@configFileHandler@@QAE?AV?$QMap@VQString@@V1@@@ABVQString@@@Z 00407370 f   configfilehandler.obj
 0001:000064d0       ?ParseParamValue@configFileHandler@@QAE?AV?$QMap@VQString@@VOperationParamData@@@@ABVQString@@@Z 004074d0 f   configfilehandler.obj
 0001:00007170       ?ParsePlanList@configFileHandler@@QAEXAAV?$QList@U?$QPair@VQString@@V?$QList@VSingleOperationData@@@@@@@@ABV?$QMap@VQString@@VOperationParamData@@@@@Z 00408170 f   configfilehandler.obj
 0001:00007b60       ?ParseWorkLocationTypeList@configFileHandler@@QAEXAAVQStringList@@@Z 00408b60 f   configfilehandler.obj
 0001:00007d40       ?SaveMachineConfig@configFileHandler@@QAEXABVQString@@ABVMachineConfigData@@ABVQStringList@@@Z 00408d40 f   configfilehandler.obj
 0001:00008270       ?SavePlanList@configFileHandler@@QAEXABVQString@@ABV?$QList@U?$QPair@VQString@@V?$QList@VSingleOperationData@@@@@@@@ABV?$QMap@VQString@@VQStringList@@@@@Z 00409270 f   configfilehandler.obj
 0001:000089f0       ?append@?$QList@U?$QPair@VQString@@V?$QList@VSingleOperationData@@@@@@@@QAEXABU?$QPair@VQString@@V?$QList@VSingleOperationData@@@@@@@Z 004099f0 f i configfilehandler.obj
 0001:00008ad0       ?append@?$QList@VQString@@@@QAEXABVQString@@@Z 00409ad0 f i configfilehandler.obj
 0001:00008b80       ?append@?$QList@VSingleOperationData@@@@QAEXABVSingleOperationData@@@Z 00409b80 f i configfilehandler.obj
 0001:00008c60       ?clear@?$QList@H@@QAEXXZ   00409c60 f i configfilehandler.obj
 0001:00008d00       ?clear@?$QList@U?$QPair@VQString@@V?$QList@VSingleOperationData@@@@@@@@QAEXXZ 00409d00 f i configfilehandler.obj
 0001:00008d90       ?copy@?$QMapNode@VQString@@V1@@@QBEPAU1@PAU?$QMapData@VQString@@V1@@@@Z 00409d90 f i configfilehandler.obj
 0001:00008e10       ?copy@?$QMapNode@VQString@@VOperationParamData@@@@QBEPAU1@PAU?$QMapData@VQString@@VOperationParamData@@@@@Z 00409e10 f i configfilehandler.obj
 0001:00008e90       ?copy@?$QMapNode@VQString@@VQStringList@@@@QBEPAU1@PAU?$QMapData@VQString@@VQStringList@@@@@Z 00409e90 f i configfilehandler.obj
 0001:00008f10       ?createNode@?$QMapData@VQString@@V1@@@QAEPAU?$QMapNode@VQString@@V1@@@ABVQString@@0PAU2@_N@Z 00409f10 f i configfilehandler.obj
 0001:00008f50       ?createNode@?$QMapData@VQString@@VOperationParamData@@@@QAEPAU?$QMapNode@VQString@@VOperationParamData@@@@ABVQString@@ABVOperationParamData@@PAU2@_N@Z 00409f50 f i configfilehandler.obj
 0001:00009010       ?createNode@?$QMapData@VQString@@VQStringList@@@@QAEPAU?$QMapNode@VQString@@VQStringList@@@@ABVQString@@ABVQStringList@@PAU2@_N@Z 0040a010 f i configfilehandler.obj
 0001:000090d0       ?destroySubTree@?$QMapNode@VQString@@V1@@@QAEXXZ 0040a0d0 f i configfilehandler.obj
 0001:00009100       ?destroySubTree@?$QMapNode@VQString@@VOperationParamData@@@@QAEXXZ 0040a100 f i configfilehandler.obj
 0001:00009130       ?destroySubTree@?$QMapNode@VQString@@VQStringList@@@@QAEXXZ 0040a130 f i configfilehandler.obj
 0001:00009160       ?detach_helper@?$QMap@VQString@@V1@@@AAEXXZ 0040a160 f i configfilehandler.obj
 0001:000091e0       ?detach_helper@?$QMap@VQString@@VOperationParamData@@@@AAEXXZ 0040a1e0 f i configfilehandler.obj
 0001:00009280       ?detach_helper@?$QMap@VQString@@VQStringList@@@@AAEXXZ 0040a280 f i configfilehandler.obj
 0001:00009320       ?detach_helper_grow@?$QList@H@@AAEPAUNode@1@HH@Z 0040a320 f i configfilehandler.obj
 0001:00009320       ?detach_helper_grow@?$QList@PAVQObject@@@@AAEPAUNode@1@HH@Z 0040a320 f i workmodels.obj
 0001:00009460       ?detach_helper_grow@?$QList@U?$QPair@VQString@@V?$QList@VSingleOperationData@@@@@@@@AAEPAUNode@1@HH@Z 0040a460 f i configfilehandler.obj
 0001:000095d0       ?detach_helper_grow@?$QList@VQString@@@@AAEPAUNode@1@HH@Z 0040a5d0 f i configfilehandler.obj
 0001:00009750       ?detach_helper_grow@?$QList@VSingleOperationData@@@@AAEPAUNode@1@HH@Z 0040a750 f i configfilehandler.obj
 0001:000098c0       ?insert@?$QMap@VQString@@V1@@@QAE?AViterator@1@ABVQString@@0@Z 0040a8c0 f i configfilehandler.obj
 0001:00009990       ?insert@?$QMap@VQString@@VOperationParamData@@@@QAE?AViterator@1@ABVQString@@ABVOperationParamData@@@Z 0040a990 f i configfilehandler.obj
 0001:00009a60       ?insert@?$QMap@VQString@@VQStringList@@@@QAE?AViterator@1@ABVQString@@ABVQStringList@@@Z 0040aa60 f i configfilehandler.obj
 0001:00009b50       ?key@iterator@QJsonObject@@QBE?AVQString@@XZ 0040ab50 f i configfilehandler.obj
 0001:00009b70       ?loadConfigFile@configFileHandler@@QAE_NABVQString@@@Z 0040ab70 f   configfilehandler.obj
 0001:00009c70       ?lowerBound@?$QMapNode@VQString@@VQStringList@@@@QAEPAU1@ABVQString@@@Z 0040ac70 f i configfilehandler.obj
 0001:00009c70       ?lowerBound@?$QMapNode@VQString@@V1@@@QAEPAU1@ABVQString@@@Z 0040ac70 f i configfilehandler.obj
 0001:00009c70       ?lowerBound@?$QMapNode@VQString@@VOperationParamData@@@@QAEPAU1@ABVQString@@@Z 0040ac70 f i configfilehandler.obj
 0001:00009cb0       ?node_copy@?$QList@U?$QPair@VQString@@V?$QList@VSingleOperationData@@@@@@@@AAEXPAUNode@1@00@Z 0040acb0 f i configfilehandler.obj
 0001:00009d70       ?node_copy@?$QList@VSingleOperationData@@@@AAEXPAUNode@1@00@Z 0040ad70 f i configfilehandler.obj
 0001:00009e40       ?node_destruct@?$QList@U?$QPair@VQString@@V?$QList@VSingleOperationData@@@@@@@@AAEXPAUNode@1@0@Z 0040ae40 f i configfilehandler.obj
 0001:00009f00       ?node_destruct@?$QList@VQString@@@@AAEXPAUNode@1@0@Z 0040af00 f i configfilehandler.obj
 0001:00009f30       ?node_destruct@?$QList@VSingleOperationData@@@@AAEXPAUNode@1@0@Z 0040af30 f i configfilehandler.obj
 0001:00009fd0       ?toList@configFileHandler@@QAE?AVQStringList@@ABVQString@@@Z 0040afd0 f   configfilehandler.obj
 0001:0000a0b0       ?value@?$QMap@VQString@@VOperationParamData@@@@QBE?BVOperationParamData@@ABVQString@@ABV2@@Z 0040b0b0 f i configfilehandler.obj
 0001:0000a120       ??$qMakeForeachContainer@ABV?$QList@VSingleOperationData@@@@@QtPrivate@@YA?AV?$QForeachContainer@V?$QList@VSingleOperationData@@@@@0@ABV?$QList@VSingleOperationData@@@@@Z 0040b120 f i environmentvariant.obj
 0001:0000a160       ??0EnvironmentVariant@@AAE@XZ 0040b160 f i environmentvariant.obj
 0001:0000a250       ??0SingleOperationData@@QAE@$$QAV0@@Z 0040b250 f i environmentvariant.obj
 0001:0000a280       ??0SingleOperationData@@QAE@ABV0@@Z 0040b280 f i environmentvariant.obj
 0001:0000a2f0       ??1?$QForeachContainer@V?$QList@VSingleOperationData@@@@@QtPrivate@@QAE@XZ 0040b2f0 f i environmentvariant.obj
 0001:0000a370       ??1?$QList@U?$QPair@VQString@@V?$QList@VSingleOperationData@@@@@@@@QAE@XZ 0040b370 f i environmentvariant.obj
 0001:0000a3f0       ??1EnvironmentVariant@@EAE@XZ 0040b3f0 f i environmentvariant.obj
 0001:0000a570       ??1configFileHandler@@UAE@XZ 0040b570 f i environmentvariant.obj
 0001:0000a590       ??4?$QList@VSingleOperationData@@@@QAEAAV0@ABV0@@Z 0040b590 f i environmentvariant.obj
 0001:0000a630       ??4SingleOperationData@@QAEAAV0@$$QAV0@@Z 0040b630 f i environmentvariant.obj
 0001:0000a6c0       ??4SingleOperationData@@QAEAAV0@ABV0@@Z 0040b6c0 f i environmentvariant.obj
 0001:0000a760       ??A?$QList@VQString@@@@QAEAAVQString@@H@Z 0040b760 f i environmentvariant.obj
 0001:0000a790       ??A?$QList@VSingleOperationData@@@@QAEAAVSingleOperationData@@H@Z 0040b790 f i environmentvariant.obj
 0001:0000a7c0       ??A?$QMap@VQString@@VOperationParamData@@@@QAEAAVOperationParamData@@ABVQString@@@Z 0040b7c0 f i environmentvariant.obj
 0001:0000a880       ??Y?$QList@VQString@@@@QAEAAV0@ABV0@@Z 0040b880 f i environmentvariant.obj
 0001:0000a980       ??_EEnvironmentVariant@@EAEPAXI@Z 0040b980 f i environmentvariant.obj
 0001:0000a980       ??_GEnvironmentVariant@@EAEPAXI@Z 0040b980 f i environmentvariant.obj
 0001:0000a9a0       ??_ETargetMachineObject@@UAEPAXI@Z 0040b9a0 f i environmentvariant.obj
 0001:0000a9a0       ??_GTargetMachineObject@@UAEPAXI@Z 0040b9a0 f i environmentvariant.obj
 0001:0000a9d0       ?AddPlan@EnvironmentVariant@@QAEXABVQString@@@Z 0040b9d0 f   environmentvariant.obj
 0001:0000aae0       ?AddPlanStep@EnvironmentVariant@@QAEXHHH@Z 0040bae0 f   environmentvariant.obj
 0001:0000ac70       ?LogicalControlList@EnvironmentVariant@@QAE?AVQStringList@@XZ 0040bc70 f   environmentvariant.obj
 0001:0000ae00       ?MovePlanStep@EnvironmentVariant@@QAEXHHH@Z 0040be00 f   environmentvariant.obj
 0001:0000aee0       ?OperationNameList@EnvironmentVariant@@QAE?AVQStringList@@XZ 0040bee0 f   environmentvariant.obj
 0001:0000b070       ?PlanList@EnvironmentVariant@@QAE?AVQStringList@@XZ 0040c070 f   environmentvariant.obj
 0001:0000b130       ?RemovePlan@EnvironmentVariant@@QAEXH@Z 0040c130 f   environmentvariant.obj
 0001:0000b160       ?RemovePlanStep@EnvironmentVariant@@QAEXHH@Z 0040c160 f   environmentvariant.obj
 0001:0000b1c0       ?SaveMachineConfig@EnvironmentVariant@@QAEXABVMachineConfigData@@@Z 0040c1c0 f   environmentvariant.obj
 0001:0000b290       ?SavePlan@EnvironmentVariant@@QAEXXZ 0040c290 f   environmentvariant.obj
 0001:0000b300       ?SetPlanName@EnvironmentVariant@@QAEXHABVQString@@@Z 0040c300 f   environmentvariant.obj
 0001:0000b350       ?SetPlanStepSingleParam@EnvironmentVariant@@QAEXHHABVQString@@ABVQVariant@@@Z 0040c350 f   environmentvariant.obj
 0001:0000b4f0       ?SetPlanStepToDefault@EnvironmentVariant@@QAEXHHH@Z 0040c4f0 f   environmentvariant.obj
 0001:0000b5c0       ?StartPlan@EnvironmentVariant@@QAEXHH@Z 0040c5c0 f   environmentvariant.obj
 0001:0000bd90       ?StartTunning@EnvironmentVariant@@QAEXABVSingleOperationData@@@Z 0040cd90 f   environmentvariant.obj
 0001:0000be80       ?StepList@EnvironmentVariant@@QAE?AVQStringList@@H@Z 0040ce80 f   environmentvariant.obj
 0001:0000c280       ?StopPlan@EnvironmentVariant@@QAEXXZ 0040d280 f   environmentvariant.obj
 0001:0000c290       ?begin@?$QList@VOperationParamData@@@@QAE?AViterator@1@XZ 0040d290 f i environmentvariant.obj
 0001:0000c2c0       ?contains@?$QMap@VQString@@VQStringList@@@@QBE_NABVQString@@@Z 0040d2c0 f i environmentvariant.obj
 0001:0000c300       ?defaultValue@EnvironmentVariant@@QAE?AVSingleOperationData@@ABVQString@@@Z 0040d300 f   environmentvariant.obj
 0001:0000c520       ?detach_helper@?$QList@H@@AAEXH@Z 0040d520 f i environmentvariant.obj
 0001:0000c5f0       ?detach_helper@?$QList@U?$QPair@VQString@@V?$QList@VSingleOperationData@@@@@@@@AAEXH@Z 0040d5f0 f i environmentvariant.obj
 0001:0000c6d0       ?detach_helper@?$QList@VOperationParamData@@@@AAEXH@Z 0040d6d0 f i environmentvariant.obj
 0001:0000c7a0       ?detach_helper@?$QList@VQString@@@@AAEXH@Z 0040d7a0 f i environmentvariant.obj
 0001:0000c890       ?detach_helper@?$QList@VSingleOperationData@@@@AAEXH@Z 0040d890 f i environmentvariant.obj
 0001:0000c970       ?formatSingleOperationParam@EnvironmentVariant@@QAE?AVQJsonObject@@ABVSingleOperationData@@@Z 0040d970 f   environmentvariant.obj
 0001:0000cf00       ?getOperationIndex@EnvironmentVariant@@QAEHABVQString@@@Z 0040df00 f   environmentvariant.obj
 0001:0000cf70       ?getOperationParams@EnvironmentVariant@@QAE?AV?$QList@VOperationParamData@@@@H@Z 0040df70 f   environmentvariant.obj
 0001:0000d140       ?getWorkLocationTypeList@EnvironmentVariant@@QAE?AVQStringList@@XZ 0040e140 f   environmentvariant.obj
 0001:0000d160       ?initModels@EnvironmentVariant@@QAEXPAVQQmlContext@@@Z 0040e160 f   environmentvariant.obj
 0001:0000d230       ?initProtocol@EnvironmentVariant@@QAEXABVQString@@@Z 0040e230 f   environmentvariant.obj
 0001:0000d2a0       ?initUserConfig@EnvironmentVariant@@QAEXABVQString@@@Z 0040e2a0 f   environmentvariant.obj
 0001:0000d400       ?insert@?$QList@VSingleOperationData@@@@QAEXHABVSingleOperationData@@@Z 0040e400 f i environmentvariant.obj
 0001:0000d4e0       ?instance@EnvironmentVariant@@SAPAV1@XZ 0040e4e0 f   environmentvariant.obj
 0001:0000d540       ?node_destruct@?$QList@VSingleOperationData@@@@AAEXPAUNode@1@@Z 0040e540 f i environmentvariant.obj
 0001:0000d5c0       ?parseConfigFile@EnvironmentVariant@@QAEXABVQString@@@Z 0040e5c0 f   environmentvariant.obj
 0001:0000dc60       ?planSelectStepListModel@EnvironmentVariant@@QAE?AVQStringList@@H@Z 0040ec60 f   environmentvariant.obj
 0001:0000dec0       ?planStepParam@EnvironmentVariant@@QAE?AVSingleOperationData@@HH@Z 0040eec0 f   environmentvariant.obj
 0001:0000e210       ?removeAt@?$QList@U?$QPair@VQString@@V?$QList@VSingleOperationData@@@@@@@@QAEXH@Z 0040f210 f i environmentvariant.obj
 0001:0000e270       ?removeAt@?$QList@VSingleOperationData@@@@QAEXH@Z 0040f270 f i environmentvariant.obj
 0001:0000e2c0       ?setWorkLocationType@EnvironmentVariant@@QAE_NHABVQString@@@Z 0040f2c0 f   environmentvariant.obj
 0001:0000e360       ??$atImpl@V?$QList@H@@@QSequentialIterableImpl@QtMetaTypePrivate@@SAPBXPBXH@Z 0040f360 f i moc_workmodels.obj
 0001:0000e360       ??$atImpl@V?$QList@PAVQObject@@@@@QSequentialIterableImpl@QtMetaTypePrivate@@SAPBXPBXH@Z 0040f360 f i moc_workmodels.obj
 0001:0000e380       ??$equal@PBHV?$checked_array_iterator@PBH@stdext@@U?$equal_to@X@std@@@std@@YA_NPBH0V?$checked_array_iterator@PBH@stdext@@U?$equal_to@X@0@@Z 0040f380 f i moc_workmodels.obj
 0001:0000e380       ??$equal@PBQAVQObject@@V?$checked_array_iterator@PBQAVQObject@@@stdext@@U?$equal_to@X@std@@@std@@YA_NPBQAVQObject@@0V?$checked_array_iterator@PBQAVQObject@@@stdext@@U?$equal_to@X@0@@Z 0040f380 f i moc_workmodels.obj
 0001:0000e400       ??$getImpl@V?$QList@H@@@QSequentialIterableImpl@QtMetaTypePrivate@@SA?AUVariantData@1@PBQAXHI@Z 0040f400 f i moc_workmodels.obj
 0001:0000e400       ??$getImpl@V?$QList@PAVQObject@@@@@QSequentialIterableImpl@QtMetaTypePrivate@@SA?AUVariantData@1@PBQAXHI@Z 0040f400 f i moc_workmodels.obj
 0001:0000e420       ??$moveToBeginImpl@V?$QList@PAVQObject@@@@@QSequentialIterableImpl@QtMetaTypePrivate@@SAXPBXPAPAX@Z 0040f420 f i moc_workmodels.obj
 0001:0000e420       ??$moveToBeginImpl@V?$QList@H@@@QSequentialIterableImpl@QtMetaTypePrivate@@SAXPBXPAPAX@Z 0040f420 f i moc_workmodels.obj
 0001:0000e450       ??$moveToEndImpl@V?$QList@H@@@QSequentialIterableImpl@QtMetaTypePrivate@@SAXPBXPAPAX@Z 0040f450 f i moc_workmodels.obj
 0001:0000e450       ??$moveToEndImpl@V?$QList@PAVQObject@@@@@QSequentialIterableImpl@QtMetaTypePrivate@@SAXPBXPAPAX@Z 0040f450 f i moc_workmodels.obj
 0001:0000e480       ??$sizeImpl@V?$QList@PAVQObject@@@@@QSequentialIterableImpl@QtMetaTypePrivate@@SAHPBX@Z 0040f480 f i moc_workmodels.obj
 0001:0000e480       ??$sizeImpl@V?$QList@H@@@QSequentialIterableImpl@QtMetaTypePrivate@@SAHPBX@Z 0040f480 f i moc_workmodels.obj
 0001:0000e490       ??0QSequentialIterableImpl@QtMetaTypePrivate@@QAE@XZ 0040f490 f i moc_workmodels.obj
 0001:0000e500       ??4?$QList@PAVQObject@@@@QAEAAV0@$$QAV0@@Z 0040f500 f i moc_workmodels.obj
 0001:0000e500       ??4?$QList@H@@QAEAAV0@$$QAV0@@Z 0040f500 f i moc_workmodels.obj
 0001:0000e580       ??4QStringList@@QAEAAV0@$$QAV0@@Z 0040f580 f i moc_workmodels.obj
 0001:0000e5b0       ?Construct@?$QMetaTypeFunctionHelper@V?$QList@H@@$00@QtMetaTypePrivate@@SAPAXPAXPBX@Z 0040f5b0 f i moc_workmodels.obj
 0001:0000e5b0       ?Construct@?$QMetaTypeFunctionHelper@V?$QList@PAVQObject@@@@$00@QtMetaTypePrivate@@SAPAXPAXPBX@Z 0040f5b0 f i moc_workmodels.obj
 0001:0000e630       ?Construct@?$QMetaTypeFunctionHelper@VQSequentialIterableImpl@QtMetaTypePrivate@@$00@QtMetaTypePrivate@@SAPAXPAXPBX@Z 0040f630 f i moc_workmodels.obj
 0001:0000e670       ?Destruct@?$QMetaTypeFunctionHelper@V?$QList@PAVQObject@@@@$00@QtMetaTypePrivate@@SAXPAX@Z 0040f670 f i moc_workmodels.obj
 0001:0000e670       ?Destruct@?$QMetaTypeFunctionHelper@V?$QList@H@@$00@QtMetaTypePrivate@@SAXPAX@Z 0040f670 f i moc_workmodels.obj
 0001:0000e6e0       ?MachineConfigChanged@TargetMachineObject@@QAEXXZ 0040f6e0 f   moc_workmodels.obj
 0001:0000e700       ?UnitChanged@OperationParamObject@@QAEXXZ 0040f700 f   moc_workmodels.obj
 0001:0000e720       ?advance@?$IteratorOwnerCommon@Vconst_iterator@?$QList@H@@@QtMetaTypePrivate@@SAXPAPAXH@Z 0040f720 f i moc_workmodels.obj
 0001:0000e720       ?advance@?$IteratorOwnerCommon@Vconst_iterator@?$QList@PAVQObject@@@@@QtMetaTypePrivate@@SAXPAPAXH@Z 0040f720 f i moc_workmodels.obj
 0001:0000e730       ?assign@?$IteratorOwnerCommon@Vconst_iterator@?$QList@PAVQObject@@@@@QtMetaTypePrivate@@SAXPAPAXPBQAX@Z 0040f730 f i moc_workmodels.obj
 0001:0000e730       ?assign@?$IteratorOwnerCommon@Vconst_iterator@?$QList@H@@@QtMetaTypePrivate@@SAXPAPAXPBQAX@Z 0040f730 f i moc_workmodels.obj
 0001:0000e750       ?boolValueChanged@OperationParamObject@@QAEXXZ 0040f750 f   moc_workmodels.obj
 0001:0000e770       ?bottomValueChanged@OperationParamObject@@QAEXXZ 0040f770 f   moc_workmodels.obj
 0001:0000e790       ?convert@?$ConverterFunctor@V?$QList@H@@VQSequentialIterableImpl@QtMetaTypePrivate@@U?$QSequentialIterableConvertFunctor@V?$QList@H@@@3@@QtPrivate@@SA_NPBUAbstractConverterFunction@2@PBXPAX@Z 0040f790 f i moc_workmodels.obj
 0001:0000e830       ?convert@?$ConverterFunctor@V?$QList@PAVQObject@@@@VQSequentialIterableImpl@QtMetaTypePrivate@@U?$QSequentialIterableConvertFunctor@V?$QList@PAVQObject@@@@@3@@QtPrivate@@SA_NPBUAbstractConverterFunction@2@PBXPAX@Z 0040f830 f i moc_workmodels.obj
 0001:0000e8d0       ?currentIndexChanged@OperationParamSelector@@QAEXXZ 0040f8d0 f   moc_workmodels.obj
 0001:0000e8f0       ?destroy@?$IteratorOwnerCommon@Vconst_iterator@?$QList@PAVQObject@@@@@QtMetaTypePrivate@@SAXPAPAX@Z 0040f8f0 f i moc_workmodels.obj
 0001:0000e8f0       ?destroy@?$IteratorOwnerCommon@Vconst_iterator@?$QList@H@@@QtMetaTypePrivate@@SAXPAPAX@Z 0040f8f0 f i moc_workmodels.obj
 0001:0000e910       ?display@OperationParamObject@@QBE?AVQString@@XZ 0040f910 f i moc_workmodels.obj
 0001:0000e930       ?displayChanged@OperationParamObject@@QAEXXZ 0040f930 f   moc_workmodels.obj
 0001:0000e950       ?equal@?$IteratorOwnerCommon@Vconst_iterator@?$QList@PAVQObject@@@@@QtMetaTypePrivate@@SA_NPBQAX0@Z 0040f950 f i moc_workmodels.obj
 0001:0000e950       ?equal@?$IteratorOwnerCommon@Vconst_iterator@?$QList@H@@@QtMetaTypePrivate@@SA_NPBQAX0@Z 0040f950 f i moc_workmodels.obj
 0001:0000e970       ?floatValueChanged@OperationParamObject@@QAEXXZ 0040f970 f   moc_workmodels.obj
 0001:0000e990       ?getParamListModel@PlanSelector@@QAE?AV?$QList@PAVQObject@@@@XZ 0040f990 f i moc_workmodels.obj
 0001:0000e9b0       ?getParamModel@OperationParamSelector@@QAE?AV?$QList@PAVQObject@@@@XZ 0040f9b0 f i moc_workmodels.obj
 0001:0000e9d0       ?intListValue@OperationParamObject@@QAE?AV?$QList@H@@XZ 0040f9d0 f i moc_workmodels.obj
 0001:0000e9f0       ?intListValueChanged@OperationParamObject@@QAEXXZ 0040f9f0 f   moc_workmodels.obj
 0001:0000ea10       ?integerValueChanged@OperationParamObject@@QAEXXZ 0040fa10 f   moc_workmodels.obj
 0001:0000ea30       ?metaObject@OperationParamObject@@UBEPBUQMetaObject@@XZ 0040fa30 f   moc_workmodels.obj
 0001:0000ea50       ?metaObject@OperationParamSelector@@UBEPBUQMetaObject@@XZ 0040fa50 f   moc_workmodels.obj
 0001:0000ea70       ?metaObject@PlanController@@UBEPBUQMetaObject@@XZ 0040fa70 f   moc_workmodels.obj
 0001:0000ea90       ?metaObject@PlanSelector@@UBEPBUQMetaObject@@XZ 0040fa90 f   moc_workmodels.obj
 0001:0000eab0       ?metaObject@StatusViewWatcher@@UBEPBUQMetaObject@@XZ 0040fab0 f   moc_workmodels.obj
 0001:0000ead0       ?metaObject@TargetMachineObject@@UBEPBUQMetaObject@@XZ 0040fad0 f   moc_workmodels.obj
 0001:0000eaf0       ?nameChanged@OperationParamObject@@QAEXXZ 0040faf0 f   moc_workmodels.obj
 0001:0000eb10       ?op_eq_impl@?$QList@H@@ABE_NABV1@UArrayCompatibleLayout@QListData@@@Z 0040fb10 f i moc_workmodels.obj
 0001:0000eb10       ?op_eq_impl@?$QList@PAVQObject@@@@ABE_NABV1@UArrayCompatibleLayout@QListData@@@Z 0040fb10 f i moc_workmodels.obj
 0001:0000eb80       ?op_eq_impl@?$QList@VQString@@@@ABE_NABV1@UArrayCompatibleLayout@QListData@@@Z 0040fb80 f i moc_workmodels.obj
 0001:0000ebf0       ?operationListModel@PlanSelector@@QAE?AVQStringList@@XZ 0040fbf0 f i moc_workmodels.obj
 0001:0000ec10       ?operationModel@OperationParamSelector@@QAE?AVQStringList@@XZ 0040fc10 f i moc_workmodels.obj
 0001:0000ec30       ?operationNameChanged@SingleOperationObject@@QAEXXZ 0040fc30 f   moc_workmodels.obj
 0001:0000ec50       ?pageNameChanged@OperationParamSelector@@QAEXXZ 0040fc50 f   moc_workmodels.obj
 0001:0000ec70       ?paramListModelChanged@PlanSelector@@QAEXXZ 0040fc70 f   moc_workmodels.obj
 0001:0000ec90       ?paramModelChanged@OperationParamSelector@@QAEXXZ 0040fc90 f   moc_workmodels.obj
 0001:0000ecb0       ?qt_metacall@OperationParamObject@@UAEHW4Call@QMetaObject@@HPAPAX@Z 0040fcb0 f   moc_workmodels.obj
 0001:0000ed50       ?qt_metacall@OperationParamSelector@@UAEHW4Call@QMetaObject@@HPAPAX@Z 0040fd50 f   moc_workmodels.obj
 0001:0000ee00       ?qt_metacall@PlanController@@UAEHW4Call@QMetaObject@@HPAPAX@Z 0040fe00 f   moc_workmodels.obj
 0001:0000ee60       ?qt_metacall@PlanSelector@@UAEHW4Call@QMetaObject@@HPAPAX@Z 0040fe60 f   moc_workmodels.obj
 0001:0000ef10       ?qt_metacall@StatusViewWatcher@@UAEHW4Call@QMetaObject@@HPAPAX@Z 0040ff10 f   moc_workmodels.obj
 0001:0000ef70       ?qt_metacall@TargetMachineObject@@UAEHW4Call@QMetaObject@@HPAPAX@Z 0040ff70 f   moc_workmodels.obj
 0001:0000f030       ?qt_metacast@OperationParamObject@@UAEPAXPBD@Z 00410030 f   moc_workmodels.obj
 0001:0000f0d0       ?qt_metacast@OperationParamSelector@@UAEPAXPBD@Z 004100d0 f   moc_workmodels.obj
 0001:0000f130       ?qt_metacast@PlanController@@UAEPAXPBD@Z 00410130 f   moc_workmodels.obj
 0001:0000f190       ?qt_metacast@PlanSelector@@UAEPAXPBD@Z 00410190 f   moc_workmodels.obj
 0001:0000f1f0       ?qt_metacast@StatusViewWatcher@@UAEPAXPBD@Z 004101f0 f   moc_workmodels.obj
 0001:0000f250       ?qt_metacast@TargetMachineObject@@UAEPAXPBD@Z 00410250 f   moc_workmodels.obj
 0001:0000f2f0       ?qt_metatype_id@?$QMetaTypeId@V?$QList@H@@@@SAHXZ 004102f0 f i moc_workmodels.obj
 0001:0000f410       ?qt_metatype_id@?$QMetaTypeId@V?$QList@PAVQObject@@@@@@SAHXZ 00410410 f i moc_workmodels.obj
 0001:0000f4b0       ?qt_metatype_id@?$QMetaTypeId@VQSequentialIterableImpl@QtMetaTypePrivate@@@@SAHXZ 004104b0 f i moc_workmodels.obj
 0001:0000f540       ?qt_static_metacall@OperationParamObject@@CAXPAVQObject@@W4Call@QMetaObject@@HPAPAX@Z 00410540 f   moc_workmodels.obj
 0001:0000fa20       ?qt_static_metacall@OperationParamSelector@@CAXPAVQObject@@W4Call@QMetaObject@@HPAPAX@Z 00410a20 f   moc_workmodels.obj
 0001:0000fbb0       ?qt_static_metacall@PlanController@@CAXPAVQObject@@W4Call@QMetaObject@@HPAPAX@Z 00410bb0 f   moc_workmodels.obj
 0001:0000fc40       ?qt_static_metacall@PlanSelector@@CAXPAVQObject@@W4Call@QMetaObject@@HPAPAX@Z 00410c40 f   moc_workmodels.obj
 0001:0000ff40       ?qt_static_metacall@SingleOperationObject@@CAXPAVQObject@@W4Call@QMetaObject@@HPAPAX@Z 00410f40 f   moc_workmodels.obj
 0001:0000fff0       ?qt_static_metacall@StatusViewWatcher@@CAXPAVQObject@@W4Call@QMetaObject@@HPAPAX@Z 00410ff0 f   moc_workmodels.obj
 0001:000100d0       ?qt_static_metacall@TargetMachineObject@@CAXPAVQObject@@W4Call@QMetaObject@@HPAPAX@Z 004110d0 f   moc_workmodels.obj
 0001:000101e0       ?registerConverter@?$ValueTypeIsMetaType@V?$QList@H@@$00@QtPrivate@@SA_NH@Z 004111e0 f i moc_workmodels.obj
 0001:00010270       ?registerConverter@?$ValueTypeIsMetaType@V?$QList@PAVQObject@@@@$00@QtPrivate@@SA_NH@Z 00411270 f i moc_workmodels.obj
 0001:00010300       ?setBoolValue@OperationParamObject@@QAEX_N@Z 00411300 f i moc_workmodels.obj
 0001:00010330       ?setBottomValue@OperationParamObject@@QAEXH@Z 00411330 f i moc_workmodels.obj
 0001:00010360       ?setDisplay@OperationParamObject@@QAEXABVQString@@@Z 00411360 f i moc_workmodels.obj
 0001:000103a0       ?setFloatValue@OperationParamObject@@QAEXN@Z 004113a0 f i moc_workmodels.obj
 0001:000103e0       ?setIntListValue@OperationParamObject@@QAEXABV?$QList@H@@@Z 004113e0 f i moc_workmodels.obj
 0001:000104c0       ?setIntegerValue@OperationParamObject@@QAEXH@Z 004114c0 f i moc_workmodels.obj
 0001:000104f0       ?setIpAddress@TargetMachineObject@@QAEXABVQString@@@Z 004114f0 f i moc_workmodels.obj
 0001:00010530       ?setMaxReceiveTime@TargetMachineObject@@QAEXH@Z 00411530 f i moc_workmodels.obj
 0001:00010560       ?setName@OperationParamObject@@QAEXABVQString@@@Z 00411560 f i moc_workmodels.obj
 0001:000105a0       ?setOperationName@SingleOperationObject@@QAEXABVQString@@@Z 004115a0 f i moc_workmodels.obj
 0001:000105e0       ?setParamListModel@PlanSelector@@QAEXABV?$QList@PAVQObject@@@@@Z 004115e0 f i moc_workmodels.obj
 0001:000106c0       ?setParamModel@OperationParamSelector@@QAEXABV?$QList@PAVQObject@@@@@Z 004116c0 f i moc_workmodels.obj
 0001:000107a0       ?setPort@TargetMachineObject@@QAEXF@Z 004117a0 f i moc_workmodels.obj
 0001:000107d0       ?setStringValue@OperationParamObject@@QAEXABVQString@@@Z 004117d0 f i moc_workmodels.obj
 0001:00010810       ?setStringlistValue@OperationParamObject@@QAEXABVQStringList@@@Z 00411810 f i moc_workmodels.obj
 0001:00010890       ?setSwitchValue@OperationParamObject@@QAEXABVQString@@@Z 00411890 f i moc_workmodels.obj
 0001:000108d0       ?setTopValue@OperationParamObject@@QAEXH@Z 004118d0 f i moc_workmodels.obj
 0001:00010900       ?setUnit@OperationParamObject@@QAEXABVQString@@@Z 00411900 f i moc_workmodels.obj
 0001:00010940       ?settype@OperationParamObject@@QAEXABVQString@@@Z 00411940 f i moc_workmodels.obj
 0001:00010980       ?statusChanged@StatusViewWatcher@@QAEXABVQJsonObject@@@Z 00411980 f   moc_workmodels.obj
 0001:000109b0       ?stringListValue@OperationParamObject@@QBE?AVQStringList@@XZ 004119b0 f i moc_workmodels.obj
 0001:000109d0       ?stringValue@OperationParamObject@@QBE?AVQString@@XZ 004119d0 f i moc_workmodels.obj
 0001:000109f0       ?stringValueChanged@OperationParamObject@@QAEXXZ 004119f0 f   moc_workmodels.obj
 0001:00010a10       ?stringlistValueChanged@OperationParamObject@@QAEXXZ 00411a10 f   moc_workmodels.obj
 0001:00010a30       ?switchValue@OperationParamObject@@QBE?AVQString@@XZ 00411a30 f i moc_workmodels.obj
 0001:00010a50       ?switchValueChanged@OperationParamObject@@QAEXXZ 00411a50 f   moc_workmodels.obj
 0001:00010a70       ?taskStateChanged@PlanController@@QAEX_N@Z 00411a70 f   moc_workmodels.obj
 0001:00010aa0       ?topValueChanged@OperationParamObject@@QAEXXZ 00411aa0 f   moc_workmodels.obj
 0001:00010ac0       ?type@OperationParamObject@@QBE?AVQString@@XZ 00411ac0 f i moc_workmodels.obj
 0001:00010ae0       ?typeChanged@OperationParamObject@@QAEXXZ 00411ae0 f   moc_workmodels.obj
 0001:00010b00       ?unit@OperationParamObject@@QBE?AVQString@@XZ 00411b00 f i moc_workmodels.obj
 0001:00010b20       ?workLocationTypeChanged@StatusViewWatcher@@QAEXXZ 00411b20 f   moc_workmodels.obj
 0001:00010b40       ?metaObject@configFileHandler@@UBEPBUQMetaObject@@XZ 00411b40 f   moc_configfilehandler.obj
 0001:00010b60       ?qt_metacall@configFileHandler@@UAEHW4Call@QMetaObject@@HPAPAX@Z 00411b60 f   moc_configfilehandler.obj
 0001:00010b70       ?qt_metacast@configFileHandler@@UAEPAXPBD@Z 00411b70 f   moc_configfilehandler.obj
 0001:00010bd0       ?metaObject@EnvironmentVariant@@UBEPBUQMetaObject@@XZ 00411bd0 f   moc_environmentvariant.obj
 0001:00010bf0       ?qt_metacall@EnvironmentVariant@@UAEHW4Call@QMetaObject@@HPAPAX@Z 00411bf0 f   moc_environmentvariant.obj
 0001:00010c50       ?qt_metacast@EnvironmentVariant@@UAEPAXPBD@Z 00411c50 f   moc_environmentvariant.obj
 0001:00010cb0       ?qt_static_metacall@EnvironmentVariant@@CAXPAVQObject@@W4Call@QMetaObject@@HPAPAX@Z 00411cb0 f   moc_environmentvariant.obj
 0001:00010d00       ?workLocationTypeChanged@EnvironmentVariant@@QAEXXZ 00411d00 f   moc_environmentvariant.obj
 0001:00010d14       _MiniDumpWriteDump@28      00411d14 f   DbgHelp:dbghelp.dll
 0001:00010d1a       ?fixup@QValidator@@UBEXAAVQString@@@Z 00411d1a f   Qt5Gui:Qt5Gui.dll
 0001:00010d20       ?metaObject@QDoubleValidator@@UBEPBUQMetaObject@@XZ 00411d20 f   Qt5Gui:Qt5Gui.dll
 0001:00010d26       ?qt_metacall@QDoubleValidator@@UAEHW4Call@QMetaObject@@HPAPAX@Z 00411d26 f   Qt5Gui:Qt5Gui.dll
 0001:00010d2c       ?qt_metacast@QDoubleValidator@@UAEPAXPBD@Z 00411d2c f   Qt5Gui:Qt5Gui.dll
 0001:00010d32       ?setRange@QDoubleValidator@@UAEXNNH@Z 00411d32 f   Qt5Gui:Qt5Gui.dll
 0001:00010d38       ?childEvent@QObject@@MAEXPAVQChildEvent@@@Z 00411d38 f   Qt5Core:Qt5Core.dll
 0001:00010d3e       ?connectNotify@QObject@@MAEXABVQMetaMethod@@@Z 00411d3e f   Qt5Core:Qt5Core.dll
 0001:00010d44       ?customEvent@QObject@@MAEXPAVQEvent@@@Z 00411d44 f   Qt5Core:Qt5Core.dll
 0001:00010d4a       ?disconnectNotify@QObject@@MAEXABVQMetaMethod@@@Z 00411d4a f   Qt5Core:Qt5Core.dll
 0001:00010d50       ?event@QObject@@UAE_NPAVQEvent@@@Z 00411d50 f   Qt5Core:Qt5Core.dll
 0001:00010d56       ?eventFilter@QObject@@UAE_NPAV1@PAVQEvent@@@Z 00411d56 f   Qt5Core:Qt5Core.dll
 0001:00010d5c       ?timerEvent@QObject@@MAEXPAVQTimerEvent@@@Z 00411d5c f   Qt5Core:Qt5Core.dll
 0001:00010d62       ?qRegisterResourceData@@YA_NHPBE00@Z 00411d62 f   Qt5Core:Qt5Core.dll
 0001:00010d68       ?qUnregisterResourceData@@YA_NHPBE00@Z 00411d68 f   Qt5Core:Qt5Core.dll
 0001:00010d6e       ??2@YAPAXI@Z               00411d6e f   MSVCRT:new_scalar.obj
 0001:00010da1       ??3@YAXPAXI@Z              00411da1 f   MSVCRT:delete_scalar_size.obj
 0001:00010daf       @__security_check_cookie@4 00411daf f   MSVCRT:_secchk_.obj
 0001:00010dc0       ??_Gtype_info@@UAEPAXI@Z   00411dc0 f i MSVCRT:std_type_info_static.obj
 0001:00010dc0       ??_Etype_info@@UAEPAXI@Z   00411dc0 f i MSVCRT:std_type_info_static.obj
 0001:00010e27       ___scrt_acquire_startup_lock 00411e27 f   MSVCRT:utility.obj
 0001:00010e5c       ___scrt_initialize_crt     00411e5c f   MSVCRT:utility.obj
 0001:00010e95       ___scrt_initialize_onexit_tables 00411e95 f   MSVCRT:utility.obj
 0001:00010f2c       ___scrt_is_nonwritable_in_current_image 00411f2c f   MSVCRT:utility.obj
 0001:00010fb6       ___scrt_release_startup_lock 00411fb6 f   MSVCRT:utility.obj
 0001:00010fd3       ___scrt_uninitialize_crt   00411fd3 f   MSVCRT:utility.obj
 0001:00010ffc       __onexit                   00411ffc f   MSVCRT:utility.obj
 0001:00011037       _atexit                    00412037 f   MSVCRT:utility.obj
 0001:0001110c       ??$__crt_fast_encode_pointer@P6GXPAU_RTL_CONDITION_VARIABLE@@@Z@@YAP6GXPAU_RTL_CONDITION_VARIABLE@@@ZQ6GX0@Z@Z 0041210c f i MSVCRT:thread_safe_statics.obj
 0001:0001110c       ??$__crt_fast_encode_pointer@P6GHPAU_RTL_CONDITION_VARIABLE@@PAU_RTL_CRITICAL_SECTION@@K@Z@@YAP6GHPAU_RTL_CONDITION_VARIABLE@@PAU_RTL_CRITICAL_SECTION@@K@ZQ6GH01K@Z@Z 0041210c f i MSVCRT:thread_safe_statics.obj
 0001:00011145       __Init_thread_footer       00412145 f   MSVCRT:thread_safe_statics.obj
 0001:00011184       __Init_thread_header       00412184 f   MSVCRT:thread_safe_statics.obj
 0001:000111ca       __Init_thread_lock         004121ca f   MSVCRT:thread_safe_statics.obj
 0001:000111d6       __Init_thread_notify       004121d6 f   MSVCRT:thread_safe_statics.obj
 0001:00011217       __Init_thread_unlock       00412217 f   MSVCRT:thread_safe_statics.obj
 0001:00011223       __Init_thread_wait         00412223 f   MSVCRT:thread_safe_statics.obj
 0001:000114ae       _WinMainCRTStartup         004124ae f   MSVCRT:exe_winmain.obj
 0001:000114b8       ??0bad_alloc@std@@QAE@ABV01@@Z 004124b8 f i MSVCRT:throw_bad_alloc.obj
 0001:000114d3       ??0bad_alloc@std@@QAE@XZ   004124d3 f i MSVCRT:throw_bad_alloc.obj
 0001:000114eb       ??0bad_array_new_length@std@@QAE@ABV01@@Z 004124eb f i MSVCRT:throw_bad_alloc.obj
 0001:00011506       ??0bad_array_new_length@std@@QAE@XZ 00412506 f i MSVCRT:throw_bad_alloc.obj
 0001:0001151e       ??0exception@std@@QAE@ABV01@@Z 0041251e f i MSVCRT:throw_bad_alloc.obj
 0001:0001154a       ??1bad_alloc@std@@UAE@XZ   0041254a f i MSVCRT:throw_bad_alloc.obj
 0001:0001154a       ??1bad_array_new_length@std@@UAE@XZ 0041254a f i MSVCRT:throw_bad_alloc.obj
 0001:0001155b       ??_Eexception@std@@UAEPAXI@Z 0041255b f i MSVCRT:throw_bad_alloc.obj
 0001:0001155b       ??_Gexception@std@@UAEPAXI@Z 0041255b f i MSVCRT:throw_bad_alloc.obj
 0001:0001155b       ??_Ebad_alloc@std@@UAEPAXI@Z 0041255b f i MSVCRT:throw_bad_alloc.obj
 0001:0001155b       ??_Gbad_alloc@std@@UAEPAXI@Z 0041255b f i MSVCRT:throw_bad_alloc.obj
 0001:0001155b       ??_Ebad_array_new_length@std@@UAEPAXI@Z 0041255b f i MSVCRT:throw_bad_alloc.obj
 0001:0001155b       ??_Gbad_array_new_length@std@@UAEPAXI@Z 0041255b f i MSVCRT:throw_bad_alloc.obj
 0001:00011588       ?__scrt_throw_std_bad_alloc@@YAXXZ 00412588 f   MSVCRT:throw_bad_alloc.obj
 0001:000115a5       ?__scrt_throw_std_bad_array_new_length@@YAXXZ 004125a5 f   MSVCRT:throw_bad_alloc.obj
 0001:000115c2       ?what@exception@std@@UBEPBDXZ 004125c2 f i MSVCRT:throw_bad_alloc.obj
 0001:000115cf       ??3@YAXPAX@Z               004125cf f   MSVCRT:delete_scalar.obj
 0001:000115d4       ___raise_securityfailure   004125d4 f   MSVCRT:gs_report.obj
 0001:000115fc       ___report_gsfailure        004125fc f   MSVCRT:gs_report.obj
 0001:000116f7       ___isa_available_init      004126f7 f   MSVCRT:_cpu_disp_.obj
 0001:00011891       __get_startup_argv_mode    00412891 f   MSVCRT:argv_mode.obj
 0001:00011895       ___scrt_is_ucrt_dll_in_use 00412895 f   MSVCRT:ucrt_detection.obj
 0001:000118a1       ___scrt_fastfail           004128a1 f   MSVCRT:utility_desktop.obj
 0001:000119bc       ___scrt_get_show_window_mode 004129bc f   MSVCRT:utility_desktop.obj
 0001:000119ef       ___scrt_is_managed_app     004129ef f   MSVCRT:utility_desktop.obj
 0001:00011a33       ___scrt_set_unhandled_exception_filter 00412a33 f   MSVCRT:utility_desktop.obj
 0001:00011a3f       ___scrt_unhandled_exception_filter@4 00412a3f f   MSVCRT:utility_desktop.obj
 0001:00011a80       @_guard_check_icall@4      00412a80 f i MSVCRT:checkcfg.obj
 0001:00011a90       __SEH_prolog4              00412a90 f   MSVCRT:_sehprolg4_.obj
 0001:00011ad6       __SEH_epilog4              00412ad6 f   MSVCRT:_sehprolg4_.obj
 0001:00011aeb       __except_handler4          00412aeb f   MSVCRT:_chandler4gs_.obj
 0001:00011b0e       ___security_init_cookie    00412b0e f   MSVCRT:gs_support.obj
 0001:00011baa       __get_startup_thread_locale_mode 00412baa f   MSVCRT:thread_locale.obj
 0001:00011baa       __matherr                  00412baa f   MSVCRT:matherr.obj
 0001:00011baa       ___scrt_initialize_winrt   00412baa f   MSVCRT:utility_desktop.obj
 0001:00011baa       __get_startup_commit_mode  00412baa f   MSVCRT:commit_mode.obj
 0001:00011baa       __get_startup_new_mode     00412baa f   MSVCRT:new_mode.obj
 0001:00011bad       __get_startup_file_mode    00412bad f   MSVCRT:file_mode.obj
 0001:00011bb3       ?__scrt_initialize_type_info@@YAXXZ 00412bb3 f   MSVCRT:tncleanup.obj
 0001:00011bbf       __initialize_default_precision 00412bbf f   MSVCRT:default_precision.obj
 0001:00011be0       ___local_stdio_printf_options 00412be0 f i MSVCRT:default_local_stdio_options.obj
 0001:00011be6       ___local_stdio_scanf_options 00412be6 f i MSVCRT:default_local_stdio_options.obj
 0001:00011bec       ___scrt_initialize_default_local_stdio_options 00412bec f   MSVCRT:default_local_stdio_options.obj
 0001:00011c09       ___scrt_is_user_matherr_present 00412c09 f   MSVCRT:matherr_detection.obj
 0001:00011c15       ___scrt_get_dyn_tls_init_callback 00412c15 f   MSVCRT:dyn_tls_init.obj
 0001:00011c1b       ___scrt_get_dyn_tls_dtor_callback 00412c1b f   MSVCRT:dyn_tls_dtor.obj
 0001:00011c21       __RTC_Initialize           00412c21 f   MSVCRT:_initsect_.obj
 0001:00011c4c       __RTC_Terminate            00412c4c f   MSVCRT:_initsect_.obj
 0001:00011c78       _IsProcessorFeaturePresent@4 00412c78 f   kernel32:KERNEL32.dll
 0001:00011c7e       ___std_terminate           00412c7e f   vcruntime:VCRUNTIME140.dll
 0001:00011c84       ___CxxFrameHandler3        00412c84 f   vcruntime:VCRUNTIME140.dll
 0001:00011c8a       _memcpy                    00412c8a f   vcruntime:VCRUNTIME140.dll
 0001:00011c90       __CxxThrowException@8      00412c90 f   vcruntime:VCRUNTIME140.dll
 0001:00011c96       ___RTDynamicCast           00412c96 f   vcruntime:VCRUNTIME140.dll
 0001:00011c9c       ___vcrt_InitializeCriticalSectionEx 00412c9c f   vcruntime:VCRUNTIME140.dll
 0001:00011ca2       ___std_exception_copy      00412ca2 f   vcruntime:VCRUNTIME140.dll
 0001:00011ca8       ___std_exception_destroy   00412ca8 f   vcruntime:VCRUNTIME140.dll
 0001:00011cae       _memset                    00412cae f   vcruntime:VCRUNTIME140.dll
 0001:00011cb4       __except_handler4_common   00412cb4 f   vcruntime:VCRUNTIME140.dll
 0001:00011cba       _free                      00412cba f   ucrt:api-ms-win-crt-heap-l1-1-0.dll
 0001:00011cc0       _malloc                    00412cc0 f   ucrt:api-ms-win-crt-heap-l1-1-0.dll
 0001:00011cc6       __callnewh                 00412cc6 f   ucrt:api-ms-win-crt-heap-l1-1-0.dll
 0001:00011ccc       __configure_narrow_argv    00412ccc f   ucrt:api-ms-win-crt-runtime-l1-1-0.dll
 0001:00011cd2       __initialize_narrow_environment 00412cd2 f   ucrt:api-ms-win-crt-runtime-l1-1-0.dll
 0001:00011cd8       __initialize_onexit_table  00412cd8 f   ucrt:api-ms-win-crt-runtime-l1-1-0.dll
 0001:00011cde       __register_onexit_function 00412cde f   ucrt:api-ms-win-crt-runtime-l1-1-0.dll
 0001:00011ce4       __crt_atexit               00412ce4 f   ucrt:api-ms-win-crt-runtime-l1-1-0.dll
 0001:00011cea       __cexit                    00412cea f   ucrt:api-ms-win-crt-runtime-l1-1-0.dll
 0001:00011cf0       __seh_filter_exe           00412cf0 f   ucrt:api-ms-win-crt-runtime-l1-1-0.dll
 0001:00011cf6       __set_app_type             00412cf6 f   ucrt:api-ms-win-crt-runtime-l1-1-0.dll
 0001:00011cfc       ___setusermatherr          00412cfc f   ucrt:api-ms-win-crt-math-l1-1-0.dll
 0001:00011d02       __get_narrow_winmain_command_line 00412d02 f   ucrt:api-ms-win-crt-runtime-l1-1-0.dll
 0001:00011d08       __initterm                 00412d08 f   ucrt:api-ms-win-crt-runtime-l1-1-0.dll
 0001:00011d0e       __initterm_e               00412d0e f   ucrt:api-ms-win-crt-runtime-l1-1-0.dll
 0001:00011d14       _exit                      00412d14 f   ucrt:api-ms-win-crt-runtime-l1-1-0.dll
 0001:00011d1a       __exit                     00412d1a f   ucrt:api-ms-win-crt-runtime-l1-1-0.dll
 0001:00011d20       __set_fmode                00412d20 f   ucrt:api-ms-win-crt-stdio-l1-1-0.dll
 0001:00011d26       __c_exit                   00412d26 f   ucrt:api-ms-win-crt-runtime-l1-1-0.dll
 0001:00011d2c       __register_thread_local_exe_atexit_callback 00412d2c f   ucrt:api-ms-win-crt-runtime-l1-1-0.dll
 0001:00011d32       __configthreadlocale       00412d32 f   ucrt:api-ms-win-crt-locale-l1-1-0.dll
 0001:00011d38       __set_new_mode             00412d38 f   ucrt:api-ms-win-crt-heap-l1-1-0.dll
 0001:00011d3e       ___p__commode              00412d3e f   ucrt:api-ms-win-crt-stdio-l1-1-0.dll
 0001:00011d44       _terminate                 00412d44 f   ucrt:api-ms-win-crt-runtime-l1-1-0.dll
 0001:00011d4a       __controlfp_s              00412d4a f   ucrt:api-ms-win-crt-runtime-l1-1-0.dll
 0001:00011d50       _WinMain@16                00412d50 f   qtmain:qtmain_win.obj
 0001:00011e6e       ??_U@YAPAXI@Z              00412e6e f   MSVCRT:new_array.obj
 0001:00011e77       ??_V@YAXPAX@Z              00412e77 f   MSVCRT:delete_array.obj
 0001:00011e7c       ___vcrt_initialize         00412e7c f   MSVCRT:ucrt_stubs.obj
 0001:00011e7c       __should_initialize_environment 00412e7c f   MSVCRT:env_mode.obj
 0001:00011e7c       ___scrt_stub_for_acrt_uninitialize 00412e7c f   MSVCRT:ucrt_stubs.obj
 0001:00011e7c       ___vcrt_uninitialize       00412e7c f   MSVCRT:ucrt_stubs.obj
 0001:00011e7c       ___acrt_initialize         00412e7c f   MSVCRT:ucrt_stubs.obj
 0001:00011e7c       ___scrt_stub_for_acrt_initialize 00412e7c f   MSVCRT:ucrt_stubs.obj
 0001:00011e7c       ___acrt_uninitialize       00412e7c f   MSVCRT:ucrt_stubs.obj
 0001:00013e80       ??__Ff@?4??registerConverter@?$ValueTypeIsMetaType@V?$QList@H@@$00@QtPrivate@@SA_NH@Z@YAXXZ 00414e80 f i moc_workmodels.obj
 0001:00013ed0       ??__Ff@?4??registerConverter@?$ValueTypeIsMetaType@V?$QList@PAVQObject@@@@$00@QtPrivate@@SA_NH@Z@YAXXZ 00414ed0 f i moc_workmodels.obj
 0002:00000000       __imp__WideCharToMultiByte@32 00415000     kernel32:KERNEL32.dll
 0002:00000004       __imp__LocalFree@4         00415004     kernel32:KERNEL32.dll
 0002:00000008       __imp__GetCommandLineW@0   00415008     kernel32:KERNEL32.dll
 0002:0000000c       __imp__InitializeSListHead@4 0041500c     kernel32:KERNEL32.dll
 0002:00000010       __imp__GetSystemTimeAsFileTime@4 00415010     kernel32:KERNEL32.dll
 0002:00000014       __imp__QueryPerformanceCounter@4 00415014     kernel32:KERNEL32.dll
 0002:00000018       __imp__GetStartupInfoW@4   00415018     kernel32:KERNEL32.dll
 0002:0000001c       __imp__IsDebuggerPresent@0 0041501c     kernel32:KERNEL32.dll
 0002:00000020       __imp__IsProcessorFeaturePresent@4 00415020     kernel32:KERNEL32.dll
 0002:00000024       __imp__TerminateProcess@8  00415024     kernel32:KERNEL32.dll
 0002:00000028       __imp__UnhandledExceptionFilter@4 00415028     kernel32:KERNEL32.dll
 0002:0000002c       __imp__GetProcAddress@8    0041502c     kernel32:KERNEL32.dll
 0002:00000030       __imp__GetModuleHandleW@4  00415030     kernel32:KERNEL32.dll
 0002:00000034       __imp__CreateEventW@16     00415034     kernel32:KERNEL32.dll
 0002:00000038       __imp__WaitForSingleObjectEx@12 00415038     kernel32:KERNEL32.dll
 0002:0000003c       __imp__ResetEvent@4        0041503c     kernel32:KERNEL32.dll
 0002:00000040       __imp__SetEvent@4          00415040     kernel32:KERNEL32.dll
 0002:00000044       __imp__DeleteCriticalSection@4 00415044     kernel32:KERNEL32.dll
 0002:00000048       __imp__LeaveCriticalSection@4 00415048     kernel32:KERNEL32.dll
 0002:0000004c       __imp__EnterCriticalSection@4 0041504c     kernel32:KERNEL32.dll
 0002:00000050       __imp__GetCurrentThreadId@0 00415050     kernel32:KERNEL32.dll
 0002:00000054       __imp__GetCurrentProcessId@0 00415054     kernel32:KERNEL32.dll
 0002:00000058       __imp__GetCurrentProcess@0 00415058     kernel32:KERNEL32.dll
 0002:0000005c       __imp__SetUnhandledExceptionFilter@4 0041505c     kernel32:KERNEL32.dll
 0002:00000060       __imp__CloseHandle@4       00415060     kernel32:KERNEL32.dll
 0002:00000064       __imp__CreateFileW@28      00415064     kernel32:KERNEL32.dll
 0002:00000068       \177KERNEL32_NULL_THUNK_DATA 00415068     kernel32:KERNEL32.dll
 0002:0000006c       __imp_?qt_metacall@QObject@@UAEHW4Call@QMetaObject@@HPAPAX@Z 0041506c     Qt5Core:Qt5Core.dll
 0002:00000070       __imp_?qt_metacast@QObject@@UAEPAXPBD@Z 00415070     Qt5Core:Qt5Core.dll
 0002:00000074       __imp_?dynamicMetaObject@QObjectData@@QBEPAUQMetaObject@@XZ 00415074     Qt5Core:Qt5Core.dll
 0002:00000078       __imp_?unregisterConverterFunction@QMetaType@@SAXHH@Z 00415078     Qt5Core:Qt5Core.dll
 0002:0000007c       __imp_?registerConverterFunction@QMetaType@@SA_NPBUAbstractConverterFunction@QtPrivate@@HH@Z 0041507c     Qt5Core:Qt5Core.dll
 0002:00000080       __imp_?hasRegisteredConverterFunction@QMetaType@@SA_NHH@Z 00415080     Qt5Core:Qt5Core.dll
 0002:00000084       __imp_?typeName@QMetaType@@SAPBDH@Z 00415084     Qt5Core:Qt5Core.dll
 0002:00000088       __imp_?append@QByteArray@@QAEAAV1@PBDH@Z 00415088     Qt5Core:Qt5Core.dll
 0002:0000008c       __imp_?endsWith@QByteArray@@QBE_ND@Z 0041508c     Qt5Core:Qt5Core.dll
 0002:00000090       __imp_?activate@QMetaObject@@SAXPAVQObject@@PBU1@HPAPAX@Z 00415090     Qt5Core:Qt5Core.dll
 0002:00000094       __imp_?normalizedType@QMetaObject@@SA?AVQByteArray@@PBD@Z 00415094     Qt5Core:Qt5Core.dll
 0002:00000098       __imp_?staticMetaObject@QObject@@2UQMetaObject@@B 00415098     Qt5Core:Qt5Core.dll
 0002:0000009c       __imp_?qUnregisterResourceData@@YA_NHPBE00@Z 0041509c     Qt5Core:Qt5Core.dll
 0002:000000a0       __imp_?qRegisterResourceData@@YA_NHPBE00@Z 004150a0     Qt5Core:Qt5Core.dll
 0002:000000a4       __imp_?toString@QVariant@@QBE?AVQString@@XZ 004150a4     Qt5Core:Qt5Core.dll
 0002:000000a8       __imp_?toDouble@QVariant@@QBENPA_N@Z 004150a8     Qt5Core:Qt5Core.dll
 0002:000000ac       __imp_?toBool@QVariant@@QBE_NXZ 004150ac     Qt5Core:Qt5Core.dll
 0002:000000b0       __imp_?toInt@QVariant@@QBEHPA_N@Z 004150b0     Qt5Core:Qt5Core.dll
 0002:000000b4       __imp_?qBadAlloc@@YAXXZ    004150b4     Qt5Core:Qt5Core.dll
 0002:000000b8       __imp_?qputenv@@YA_NPBDABVQByteArray@@@Z 004150b8     Qt5Core:Qt5Core.dll
 0002:000000bc       __imp_??0QMessageLogger@@QAE@PBDH0@Z 004150bc     Qt5Core:Qt5Core.dll
 0002:000000c0       __imp_?debug@QMessageLogger@@QBE?AVQDebug@@XZ 004150c0     Qt5Core:Qt5Core.dll
 0002:000000c4       __imp_?qInstallMessageHandler@@YAP6AXW4QtMsgType@@ABVQMessageLogContext@@ABVQString@@@ZP6AX012@Z@Z 004150c4     Qt5Core:Qt5Core.dll
 0002:000000c8       __imp_??0QChar@@QAE@UQLatin1Char@@@Z 004150c8     Qt5Core:Qt5Core.dll
 0002:000000cc       __imp_??0QByteArray@@QAE@XZ 004150cc     Qt5Core:Qt5Core.dll
 0002:000000d0       __imp_??0QByteArray@@QAE@PBDH@Z 004150d0     Qt5Core:Qt5Core.dll
 0002:000000d4       __imp_??1QByteArray@@QAE@XZ 004150d4     Qt5Core:Qt5Core.dll
 0002:000000d8       __imp_?reserve@QByteArray@@QAEXH@Z 004150d8     Qt5Core:Qt5Core.dll
 0002:000000dc       __imp_?append@QByteArray@@QAEAAV1@D@Z 004150dc     Qt5Core:Qt5Core.dll
 0002:000000e0       __imp_?append@QByteArray@@QAEAAV1@PBD@Z 004150e0     Qt5Core:Qt5Core.dll
 0002:000000e4       __imp_??0QString@@QAE@XZ   004150e4     Qt5Core:Qt5Core.dll
 0002:000000e8       __imp_??0QString@@QAE@ABV0@@Z 004150e8     Qt5Core:Qt5Core.dll
 0002:000000ec       __imp_??1QString@@QAE@XZ   004150ec     Qt5Core:Qt5Core.dll
 0002:000000f0       __imp_??4QString@@QAEAAV0@ABV0@@Z 004150f0     Qt5Core:Qt5Core.dll
 0002:000000f4       __imp_?arg@QString@@QBE?AV1@ABV1@HVQChar@@@Z 004150f4     Qt5Core:Qt5Core.dll
 0002:000000f8       __imp_?indexOf@QString@@QBEHVQChar@@HW4CaseSensitivity@Qt@@@Z 004150f8     Qt5Core:Qt5Core.dll
 0002:000000fc       __imp_?startsWith@QString@@QBE_NABV1@W4CaseSensitivity@Qt@@@Z 004150fc     Qt5Core:Qt5Core.dll
 0002:00000100       __imp_?append@QString@@QAEAAV1@ABV1@@Z 00415100     Qt5Core:Qt5Core.dll
 0002:00000104       __imp_?fromUtf8@QString@@SA?AV1@PBDH@Z 00415104     Qt5Core:Qt5Core.dll
 0002:00000108       __imp_?fromWCharArray@QString@@SA?AV1@PB_WH@Z 00415108     Qt5Core:Qt5Core.dll
 0002:0000010c       __imp_?fromAscii_helper@QString@@CAPAU?$QTypedArrayData@G@@PBDH@Z 0041510c     Qt5Core:Qt5Core.dll
 0002:00000110       __imp_?className@QMetaObject@@QBEPBDXZ 00415110     Qt5Core:Qt5Core.dll
 0002:00000114       __imp_??1Connection@QMetaObject@@QAE@XZ 00415114     Qt5Core:Qt5Core.dll
 0002:00000118       __imp_?dispose@QListData@@SAXPAUData@1@@Z 00415118     Qt5Core:Qt5Core.dll
 0002:0000011c       __imp_?registerNormalizedType@QMetaType@@SAHABVQByteArray@@P6AXPAX@ZP6APAX1PBX@ZHV?$QFlags@W4TypeFlag@QMetaType@@@@PBUQMetaObject@@@Z 0041511c     Qt5Core:Qt5Core.dll
 0002:00000120       __imp_?registerNormalizedTypedef@QMetaType@@SAHABVQByteArray@@H@Z 00415120     Qt5Core:Qt5Core.dll
 0002:00000124       __imp_??0QObject@@QAE@PAV0@@Z 00415124     Qt5Core:Qt5Core.dll
 0002:00000128       __imp_??1QObject@@UAE@XZ   00415128     Qt5Core:Qt5Core.dll
 0002:0000012c       __imp_?connectImpl@QObject@@CA?AVConnection@QMetaObject@@PBV1@PAPAX01PAVQSlotObjectBase@QtPrivate@@W4ConnectionType@Qt@@PBHPBU3@@Z 0041512c     Qt5Core:Qt5Core.dll
 0002:00000130       __imp_?setApplicationName@QCoreApplication@@SAXABVQString@@@Z 00415130     Qt5Core:Qt5Core.dll
 0002:00000134       __imp_?installTranslator@QCoreApplication@@SA_NPAVQTranslator@@@Z 00415134     Qt5Core:Qt5Core.dll
 0002:00000138       __imp_?quit@QCoreApplication@@SAXXZ 00415138     Qt5Core:Qt5Core.dll
 0002:0000013c       __imp_??1QLocale@@QAE@XZ   0041513c     Qt5Core:Qt5Core.dll
 0002:00000140       __imp_?toDouble@QLocale@@QBENABVQString@@PA_N@Z 00415140     Qt5Core:Qt5Core.dll
 0002:00000144       __imp_?decimalPoint@QLocale@@QBE?AVQChar@@XZ 00415144     Qt5Core:Qt5Core.dll
 0002:00000148       __imp_??0QSize@@QAE@HH@Z   00415148     Qt5Core:Qt5Core.dll
 0002:0000014c       __imp_??6@YA?AVQDebug@@V0@ABVQSizeF@@@Z 0041514c     Qt5Core:Qt5Core.dll
 0002:00000150       __imp_??0QUrl@@QAE@ABVQString@@W4ParsingMode@0@@Z 00415150     Qt5Core:Qt5Core.dll
 0002:00000154       __imp_??1QUrl@@QAE@XZ      00415154     Qt5Core:Qt5Core.dll
 0002:00000158       __imp_??0QFile@@QAE@ABVQString@@@Z 00415158     Qt5Core:Qt5Core.dll
 0002:0000015c       __imp_??1QFile@@UAE@XZ     0041515c     Qt5Core:Qt5Core.dll
 0002:00000160       __imp_?open@QFile@@UAE_NV?$QFlags@W4OpenModeFlag@QIODevice@@@@@Z 00415160     Qt5Core:Qt5Core.dll
 0002:00000164       __imp_??0QTextStream@@QAE@PAVQIODevice@@@Z 00415164     Qt5Core:Qt5Core.dll
 0002:00000168       __imp_??1QTextStream@@UAE@XZ 00415168     Qt5Core:Qt5Core.dll
 0002:0000016c       __imp_??6QTextStream@@QAEAAV0@ABVQString@@@Z 0041516c     Qt5Core:Qt5Core.dll
 0002:00000170       __imp_?endl@@YAAAVQTextStream@@AAV1@@Z 00415170     Qt5Core:Qt5Core.dll
 0002:00000174       __imp_??1QDebug@@QAE@XZ    00415174     Qt5Core:Qt5Core.dll
 0002:00000178       __imp_??6QDebug@@QAEAAV0@ABVQString@@@Z 00415178     Qt5Core:Qt5Core.dll
 0002:0000017c       __imp_??0QTranslator@@QAE@PAVQObject@@@Z 0041517c     Qt5Core:Qt5Core.dll
 0002:00000180       __imp_??1QTranslator@@UAE@XZ 00415180     Qt5Core:Qt5Core.dll
 0002:00000184       __imp_?load@QTranslator@@QAE_NABVQString@@000@Z 00415184     Qt5Core:Qt5Core.dll
 0002:00000188       __imp_?currentPath@QDir@@SA?AVQString@@XZ 00415188     Qt5Core:Qt5Core.dll
 0002:0000018c       __imp_?toString@QTime@@QBE?AVQString@@W4DateFormat@Qt@@@Z 0041518c     Qt5Core:Qt5Core.dll
 0002:00000190       __imp_?currentTime@QTime@@SA?AV1@XZ 00415190     Qt5Core:Qt5Core.dll
 0002:00000194       __imp_?childEvent@QObject@@MAEXPAVQChildEvent@@@Z 00415194     Qt5Core:Qt5Core.dll
 0002:00000198       __imp_?connectNotify@QObject@@MAEXABVQMetaMethod@@@Z 00415198     Qt5Core:Qt5Core.dll
 0002:0000019c       __imp_?customEvent@QObject@@MAEXPAVQEvent@@@Z 0041519c     Qt5Core:Qt5Core.dll
 0002:000001a0       __imp_?disconnectNotify@QObject@@MAEXABVQMetaMethod@@@Z 004151a0     Qt5Core:Qt5Core.dll
 0002:000001a4       __imp_?event@QObject@@UAE_NPAVQEvent@@@Z 004151a4     Qt5Core:Qt5Core.dll
 0002:000001a8       __imp_?eventFilter@QObject@@UAE_NPAV1@PAVQEvent@@@Z 004151a8     Qt5Core:Qt5Core.dll
 0002:000001ac       __imp_?timerEvent@QObject@@MAEXPAVQTimerEvent@@@Z 004151ac     Qt5Core:Qt5Core.dll
 0002:000001b0       __imp_?shared_null@QListData@@2UData@1@B 004151b0     Qt5Core:Qt5Core.dll
 0002:000001b4       __imp_?cast@QMetaObject@@QBEPAVQObject@@PAV2@@Z 004151b4     Qt5Core:Qt5Core.dll
 0002:000001b8       __imp_??4QString@@QAEAAV0@$$QAV0@@Z 004151b8     Qt5Core:Qt5Core.dll
 0002:000001bc       __imp_??8@YA_NABVQString@@0@Z 004151bc     Qt5Core:Qt5Core.dll
 0002:000001c0       __imp_??8QString@@QBE_NPBD@Z 004151c0     Qt5Core:Qt5Core.dll
 0002:000001c4       __imp_?detach@QListData@@QAEPAUData@1@H@Z 004151c4     Qt5Core:Qt5Core.dll
 0002:000001c8       __imp_?detach_grow@QListData@@QAEPAUData@1@PAHH@Z 004151c8     Qt5Core:Qt5Core.dll
 0002:000001cc       __imp_?append@QListData@@QAEPAPAXXZ 004151cc     Qt5Core:Qt5Core.dll
 0002:000001d0       __imp_?size@QListData@@QBEHXZ 004151d0     Qt5Core:Qt5Core.dll
 0002:000001d4       __imp_?at@QListData@@QBEPAPAXH@Z 004151d4     Qt5Core:Qt5Core.dll
 0002:000001d8       __imp_?begin@QListData@@QBEPAPAXXZ 004151d8     Qt5Core:Qt5Core.dll
 0002:000001dc       __imp_?end@QListData@@QBEPAPAXXZ 004151dc     Qt5Core:Qt5Core.dll
 0002:000001e0       __imp_?installEventFilter@QObject@@QAEXPAV1@@Z 004151e0     Qt5Core:Qt5Core.dll
 0002:000001e4       __imp_?removeEventFilter@QObject@@QAEXPAV1@@Z 004151e4     Qt5Core:Qt5Core.dll
 0002:000001e8       __imp_?disconnectImpl@QObject@@CA_NPBV1@PAPAX01PBUQMetaObject@@@Z 004151e8     Qt5Core:Qt5Core.dll
 0002:000001ec       __imp_?self@QCoreApplication@@0PAV1@A 004151ec     Qt5Core:Qt5Core.dll
 0002:000001f0       __imp_?warning@QMessageLogger@@QBAXPBDZZ 004151f0     Qt5Core:Qt5Core.dll
 0002:000001f4       __imp_?fatal@QMessageLogger@@QBAXPBDZZ 004151f4     Qt5Core:Qt5Core.dll
 0002:000001f8       __imp_??4QByteArray@@QAEAAV0@$$QAV0@@Z 004151f8     Qt5Core:Qt5Core.dll
 0002:000001fc       __imp_?clear@QByteArray@@QAEXXZ 004151fc     Qt5Core:Qt5Core.dll
 0002:00000200       __imp_?toLocal8Bit@QString@@QHAE?AVQByteArray@@XZ 00415200     Qt5Core:Qt5Core.dll
 0002:00000204       __imp_?number@QString@@SA?AV1@HH@Z 00415204     Qt5Core:Qt5Core.dll
 0002:00000208       __imp_?number@QString@@SA?AV1@NDH@Z 00415208     Qt5Core:Qt5Core.dll
 0002:0000020c       __imp_??M@YA_NABVQString@@0@Z 0041520c     Qt5Core:Qt5Core.dll
 0002:00000210       __imp_??0QJsonValue@@QAE@_N@Z 00415210     Qt5Core:Qt5Core.dll
 0002:00000214       __imp_??0QJsonValue@@QAE@N@Z 00415214     Qt5Core:Qt5Core.dll
 0002:00000218       __imp_??0QJsonValue@@QAE@H@Z 00415218     Qt5Core:Qt5Core.dll
 0002:0000021c       __imp_??0QJsonValue@@QAE@ABVQString@@@Z 0041521c     Qt5Core:Qt5Core.dll
 0002:00000220       __imp_??0QJsonValue@@QAE@ABVQJsonArray@@@Z 00415220     Qt5Core:Qt5Core.dll
 0002:00000224       __imp_??0QJsonValue@@QAE@ABVQJsonObject@@@Z 00415224     Qt5Core:Qt5Core.dll
 0002:00000228       __imp_??1QJsonValue@@QAE@XZ 00415228     Qt5Core:Qt5Core.dll
 0002:0000022c       __imp_??0QJsonValue@@QAE@ABV0@@Z 0041522c     Qt5Core:Qt5Core.dll
 0002:00000230       __imp_?toBool@QJsonValue@@QBE_N_N@Z 00415230     Qt5Core:Qt5Core.dll
 0002:00000234       __imp_?toInt@QJsonValue@@QBEHH@Z 00415234     Qt5Core:Qt5Core.dll
 0002:00000238       __imp_?toDouble@QJsonValue@@QBENN@Z 00415238     Qt5Core:Qt5Core.dll
 0002:0000023c       __imp_?toString@QJsonValue@@QBE?AVQString@@XZ 0041523c     Qt5Core:Qt5Core.dll
 0002:00000240       __imp_?toObject@QJsonValue@@QBE?AVQJsonObject@@XZ 00415240     Qt5Core:Qt5Core.dll
 0002:00000244       __imp_??BQJsonValueRef@@QBE?AVQJsonValue@@XZ 00415244     Qt5Core:Qt5Core.dll
 0002:00000248       __imp_??4QJsonValueRef@@QAEAAV0@ABVQJsonValue@@@Z 00415248     Qt5Core:Qt5Core.dll
 0002:0000024c       __imp_?toString@QJsonValueRef@@QBE?AVQString@@XZ 0041524c     Qt5Core:Qt5Core.dll
 0002:00000250       __imp_?toArray@QJsonValueRef@@QBE?AVQJsonArray@@XZ 00415250     Qt5Core:Qt5Core.dll
 0002:00000254       __imp_?toObject@QJsonValueRef@@QBE?AVQJsonObject@@XZ 00415254     Qt5Core:Qt5Core.dll
 0002:00000258       __imp_?toValue@QJsonValueRef@@ABE?AVQJsonValue@@XZ 00415258     Qt5Core:Qt5Core.dll
 0002:0000025c       __imp_??0QJsonObject@@QAE@XZ 0041525c     Qt5Core:Qt5Core.dll
 0002:00000260       __imp_??1QJsonObject@@QAE@XZ 00415260     Qt5Core:Qt5Core.dll
 0002:00000264       __imp_??4QJsonObject@@QAEAAV0@ABV0@@Z 00415264     Qt5Core:Qt5Core.dll
 0002:00000268       __imp_??AQJsonObject@@QAE?AVQJsonValueRef@@ABVQString@@@Z 00415268     Qt5Core:Qt5Core.dll
 0002:0000026c       __imp_?remove@QJsonObject@@QAEXABVQString@@@Z 0041526c     Qt5Core:Qt5Core.dll
 0002:00000270       __imp_?begin@QJsonObject@@QAE?AViterator@1@XZ 00415270     Qt5Core:Qt5Core.dll
 0002:00000274       __imp_?end@QJsonObject@@QAE?AViterator@1@XZ 00415274     Qt5Core:Qt5Core.dll
 0002:00000278       __imp_?keyAt@QJsonObject@@ABE?AVQString@@H@Z 00415278     Qt5Core:Qt5Core.dll
[...]
 0002:0003ab3c       __catchsym$?detach_helper@?$QList@H@@AAEXH@Z$7 0044fb3c     environmentvariant.obj
 0002:0003ab4c       __unwindtable$?detach_helper@?$QList@H@@AAEXH@Z 0044fb4c     environmentvariant.obj
 0002:0003ab5c       __tryblocktable$?detach_helper@?$QList@H@@AAEXH@Z 0044fb5c     environmentvariant.obj
 0002:0003ab70       __ehfuncinfo$?detach_helper@?$QList@H@@AAEXH@Z 0044fb70     environmentvariant.obj
 0002:0003ab94       __catchsym$?detach_helper@?$QList@VOperationParamData@@@@AAEXH@Z$7 0044fb94     environmentvariant.obj
 0002:0003aba4       __unwindtable$?detach_helper@?$QList@VOperationParamData@@@@AAEXH@Z 0044fba4     environmentvariant.obj
 0002:0003abb4       __tryblocktable$?detach_helper@?$QList@VOperationParamData@@@@AAEXH@Z 0044fbb4     environmentvariant.obj
 0002:0003abc8       __ehfuncinfo$?detach_helper@?$QList@VOperationParamData@@@@AAEXH@Z 0044fbc8     environmentvariant.obj
 0002:0003abec       __unwindtable$??0SingleOperationData@@QAE@ABV0@@Z 0044fbec     environmentvariant.obj
 0002:0003abf4       __ehfuncinfo$??0SingleOperationData@@QAE@ABV0@@Z 0044fbf4     environmentvariant.obj
 0002:0003ac18       __unwindtable$??4?$QList@VSingleOperationData@@@@QAEAAV0@ABV0@@Z 0044fc18     environmentvariant.obj
 0002:0003ac18       __unwindtable$??4SingleOperationData@@QAEAAV0@ABV0@@Z 0044fc18     environmentvariant.obj
 0002:0003ac18       __unwindtable$?clear@?$QList@U?$QPair@VQString@@V?$QList@VSingleOperationData@@@@@@@@QAEXXZ 0044fc18     configfilehandler.obj
 0002:0003ac20       __ehfuncinfo$??4SingleOperationData@@QAEAAV0@ABV0@@Z 0044fc20     environmentvariant.obj
 0002:0003ac20       __ehfuncinfo$?clear@?$QList@U?$QPair@VQString@@V?$QList@VSingleOperationData@@@@@@@@QAEXXZ 0044fc20     configfilehandler.obj
 0002:0003ac20       __ehfuncinfo$??4?$QList@VSingleOperationData@@@@QAEAAV0@ABV0@@Z 0044fc20     environmentvariant.obj
 0002:0003ac44       __unwindtable$?instance@EnvironmentVariant@@SAPAV1@XZ 0044fc44     environmentvariant.obj
 0002:0003ac4c       __ehfuncinfo$?instance@EnvironmentVariant@@SAPAV1@XZ 0044fc4c     environmentvariant.obj
 0002:0003ac70       __ehfuncinfo$?parseConfigFile@EnvironmentVariant@@QAEXABVQString@@@Z 0044fc70     environmentvariant.obj
 0002:0003ac94       __unwindtable$?parseConfigFile@EnvironmentVariant@@QAEXABVQString@@@Z 0044fc94     environmentvariant.obj
 0002:0003ad2c       __unwindtable$?initProtocol@EnvironmentVariant@@QAEXABVQString@@@Z 0044fd2c     environmentvariant.obj
 0002:0003ad34       __ehfuncinfo$?initProtocol@EnvironmentVariant@@QAEXABVQString@@@Z 0044fd34     environmentvariant.obj
 0002:0003ad58       __unwindtable$?initUserConfig@EnvironmentVariant@@QAEXABVQString@@@Z 0044fd58     environmentvariant.obj
 0002:0003ad70       __ehfuncinfo$?initUserConfig@EnvironmentVariant@@QAEXABVQString@@@Z 0044fd70     environmentvariant.obj
 0002:0003ad94       __unwindtable$?initModels@EnvironmentVariant@@QAEXPAVQQmlContext@@@Z 0044fd94     environmentvariant.obj
 0002:0003adac       __ehfuncinfo$?initModels@EnvironmentVariant@@QAEXPAVQQmlContext@@@Z 0044fdac     environmentvariant.obj
 0002:0003add0       __unwindtable$?getOperationParams@EnvironmentVariant@@QAE?AV?$QList@VOperationParamData@@@@H@Z 0044fdd0     environmentvariant.obj
 0002:0003ade8       __ehfuncinfo$?getOperationParams@EnvironmentVariant@@QAE?AV?$QList@VOperationParamData@@@@H@Z 0044fde8     environmentvariant.obj
 0002:0003ae0c       __unwindtable$?OperationNameList@EnvironmentVariant@@QAE?AVQStringList@@XZ 0044fe0c     environmentvariant.obj
 0002:0003ae0c       __unwindtable$?LogicalControlList@EnvironmentVariant@@QAE?AVQStringList@@XZ 0044fe0c     environmentvariant.obj
 0002:0003ae24       __ehfuncinfo$?LogicalControlList@EnvironmentVariant@@QAE?AVQStringList@@XZ 0044fe24     environmentvariant.obj
 0002:0003ae24       __ehfuncinfo$?OperationNameList@EnvironmentVariant@@QAE?AVQStringList@@XZ 0044fe24     environmentvariant.obj
 0002:0003ae48       __unwindtable$?PlanList@EnvironmentVariant@@QAE?AVQStringList@@XZ 0044fe48     environmentvariant.obj
 0002:0003ae50       __ehfuncinfo$?PlanList@EnvironmentVariant@@QAE?AVQStringList@@XZ 0044fe50     environmentvariant.obj
 0002:0003ae74       __ehfuncinfo$?StepList@EnvironmentVariant@@QAE?AVQStringList@@H@Z 0044fe74     environmentvariant.obj
 0002:0003ae98       __unwindtable$?StepList@EnvironmentVariant@@QAE?AVQStringList@@H@Z 0044fe98     environmentvariant.obj
 0002:0003af00       __ehfuncinfo$?planSelectStepListModel@EnvironmentVariant@@QAE?AVQStringList@@H@Z 0044ff00     environmentvariant.obj
 0002:0003af24       __unwindtable$?planSelectStepListModel@EnvironmentVariant@@QAE?AVQStringList@@H@Z 0044ff24     environmentvariant.obj
 0002:0003af54       __ehfuncinfo$?planStepParam@EnvironmentVariant@@QAE?AVSingleOperationData@@HH@Z 0044ff54     environmentvariant.obj
 0002:0003af78       __unwindtable$?planStepParam@EnvironmentVariant@@QAE?AVSingleOperationData@@HH@Z 0044ff78     environmentvariant.obj
 0002:0003afb0       __unwindtable$?AddPlanStep@EnvironmentVariant@@QAEXHHH@Z 0044ffb0     environmentvariant.obj
 0002:0003afd0       __ehfuncinfo$?AddPlanStep@EnvironmentVariant@@QAEXHHH@Z 0044ffd0     environmentvariant.obj
 0002:0003aff4       __unwindtable$?MovePlanStep@EnvironmentVariant@@QAEXHHH@Z 0044fff4     environmentvariant.obj
 0002:0003aff4       __unwindtable$?SetPlanStepToDefault@EnvironmentVariant@@QAEXHHH@Z 0044fff4     environmentvariant.obj
 0002:0003affc       __ehfuncinfo$?MovePlanStep@EnvironmentVariant@@QAEXHHH@Z 0044fffc     environmentvariant.obj
 0002:0003affc       __ehfuncinfo$?SetPlanStepToDefault@EnvironmentVariant@@QAEXHHH@Z 0044fffc     environmentvariant.obj
 0002:0003b020       __unwindtable$?AddPlan@EnvironmentVariant@@QAEXABVQString@@@Z 00450020     environmentvariant.obj
 0002:0003b040       __ehfuncinfo$?AddPlan@EnvironmentVariant@@QAEXABVQString@@@Z 00450040     environmentvariant.obj
 0002:0003b064       __unwindtable$?SavePlan@EnvironmentVariant@@QAEXXZ 00450064     environmentvariant.obj
 0002:0003b06c       __ehfuncinfo$?SavePlan@EnvironmentVariant@@QAEXXZ 0045006c     environmentvariant.obj
 0002:0003b090       __ehfuncinfo$?StartPlan@EnvironmentVariant@@QAEXHH@Z 00450090     environmentvariant.obj
 0002:0003b0b4       __unwindtable$?StartPlan@EnvironmentVariant@@QAEXHH@Z 004500b4     environmentvariant.obj
 0002:0003b1ac       __unwindtable$?SaveMachineConfig@EnvironmentVariant@@QAEXABVMachineConfigData@@@Z 004501ac     environmentvariant.obj
 0002:0003b1b4       __ehfuncinfo$?SaveMachineConfig@EnvironmentVariant@@QAEXABVMachineConfigData@@@Z 004501b4     environmentvariant.obj
 0002:0003b1d8       __ehfuncinfo$?formatSingleOperationParam@EnvironmentVariant@@QAE?AVQJsonObject@@ABVSingleOperationData@@@Z 004501d8     environmentvariant.obj
 0002:0003b1fc       __unwindtable$?formatSingleOperationParam@EnvironmentVariant@@QAE?AVQJsonObject@@ABVSingleOperationData@@@Z 004501fc     environmentvariant.obj
 0002:0003b2bc       __unwindtable$?StartTunning@EnvironmentVariant@@QAEXABVSingleOperationData@@@Z 004502bc     environmentvariant.obj
 0002:0003b2dc       __ehfuncinfo$?StartTunning@EnvironmentVariant@@QAEXABVSingleOperationData@@@Z 004502dc     environmentvariant.obj
 0002:0003b300       __unwindtable$?defaultValue@EnvironmentVariant@@QAE?AVSingleOperationData@@ABVQString@@@Z 00450300     environmentvariant.obj
 0002:0003b320       __ehfuncinfo$?defaultValue@EnvironmentVariant@@QAE?AVSingleOperationData@@ABVQString@@@Z 00450320     environmentvariant.obj
 0002:0003b344       __ehfuncinfo$??0EnvironmentVariant@@AAE@XZ 00450344     environmentvariant.obj
 0002:0003b368       __unwindtable$??0EnvironmentVariant@@AAE@XZ 00450368     environmentvariant.obj
 0002:0003b3c0       __unwindtable$??1EnvironmentVariant@@EAE@XZ 004503c0     environmentvariant.obj
 0002:0003b3d8       __ehfuncinfo$??1EnvironmentVariant@@EAE@XZ 004503d8     environmentvariant.obj
 0002:0003b3fc       __unwindtable$??A?$QMap@VQString@@VOperationParamData@@@@QAEAAVOperationParamData@@ABVQString@@@Z 004503fc     environmentvariant.obj
 0002:0003b404       __ehfuncinfo$??A?$QMap@VQString@@VOperationParamData@@@@QAEAAVOperationParamData@@ABVQString@@@Z 00450404     environmentvariant.obj
 0002:0003b428       __catchsym$?detach_helper@?$QList@U?$QPair@VQString@@V?$QList@VSingleOperationData@@@@@@@@AAEXH@Z$7 00450428     environmentvariant.obj
 0002:0003b438       __unwindtable$?detach_helper@?$QList@U?$QPair@VQString@@V?$QList@VSingleOperationData@@@@@@@@AAEXH@Z 00450438     environmentvariant.obj
 0002:0003b448       __tryblocktable$?detach_helper@?$QList@U?$QPair@VQString@@V?$QList@VSingleOperationData@@@@@@@@AAEXH@Z 00450448     environmentvariant.obj
 0002:0003b45c       __ehfuncinfo$?detach_helper@?$QList@U?$QPair@VQString@@V?$QList@VSingleOperationData@@@@@@@@AAEXH@Z 0045045c     environmentvariant.obj
 0002:0003b480       __catchsym$?insert@?$QList@VSingleOperationData@@@@QAEXHABVSingleOperationData@@@Z$28 00450480     environmentvariant.obj
 0002:0003b490       __catchsym$?insert@?$QList@VSingleOperationData@@@@QAEXHABVSingleOperationData@@@Z$27 00450490     environmentvariant.obj
 0002:0003b4a0       __ehfuncinfo$?insert@?$QList@VSingleOperationData@@@@QAEXHABVSingleOperationData@@@Z 004504a0     environmentvariant.obj
 0002:0003b4c4       __tryblocktable$?insert@?$QList@VSingleOperationData@@@@QAEXHABVSingleOperationData@@@Z 004504c4     environmentvariant.obj
 0002:0003b4ec       __unwindtable$?insert@?$QList@VSingleOperationData@@@@QAEXHABVSingleOperationData@@@Z 004504ec     environmentvariant.obj
 0002:0003b57c       __catchsym$?detach_helper@?$QList@VSingleOperationData@@@@AAEXH@Z$7 0045057c     environmentvariant.obj
 0002:0003b58c       __unwindtable$?detach_helper@?$QList@VSingleOperationData@@@@AAEXH@Z 0045058c     environmentvariant.obj
 0002:0003b59c       __tryblocktable$?detach_helper@?$QList@VSingleOperationData@@@@AAEXH@Z 0045059c     environmentvariant.obj
 0002:0003b5b0       __ehfuncinfo$?detach_helper@?$QList@VSingleOperationData@@@@AAEXH@Z 004505b0     environmentvariant.obj
 0002:0003b5d4       __unwindtable$?node_destruct@?$QList@VSingleOperationData@@@@AAEXPAUNode@1@@Z 004505d4     environmentvariant.obj
 0002:0003b5e4       __ehfuncinfo$?node_destruct@?$QList@VSingleOperationData@@@@AAEXPAUNode@1@@Z 004505e4     environmentvariant.obj
 0002:0003b608       __unwindtable$?qt_metatype_id@?$QMetaTypeId@VQSequentialIterableImpl@QtMetaTypePrivate@@@@SAHXZ 00450608     moc_workmodels.obj
 0002:0003b608       __unwindtable$?qt_metatype_id@?$QMetaTypeId@V?$QList@PAVQObject@@@@@@SAHXZ 00450608     moc_workmodels.obj
 0002:0003b610       __ehfuncinfo$?qt_metatype_id@?$QMetaTypeId@V?$QList@PAVQObject@@@@@@SAHXZ 00450610     moc_workmodels.obj
 0002:0003b610       __ehfuncinfo$?qt_metatype_id@?$QMetaTypeId@VQSequentialIterableImpl@QtMetaTypePrivate@@@@SAHXZ 00450610     moc_workmodels.obj
 0002:0003b634       __unwindtable$??4SingleOperationData@@QAEAAV0@$$QAV0@@Z 00450634     environmentvariant.obj
 0002:0003b634       __unwindtable$??4?$QList@H@@QAEAAV0@$$QAV0@@Z 00450634     moc_workmodels.obj
 0002:0003b634       __unwindtable$??4?$QList@U?$QPair@VQString@@V?$QList@VSingleOperationData@@@@@@@@QAEAAV0@$$QAV0@@Z 00450634     configfilehandler.obj
 0002:0003b634       __unwindtable$??1?$QPair@VQString@@V?$QList@VSingleOperationData@@@@@@QAE@XZ 00450634     configfilehandler.obj
 0002:0003b634       __unwindtable$??4?$QList@PAVQObject@@@@QAEAAV0@$$QAV0@@Z 00450634     moc_workmodels.obj
 0002:0003b634       __unwindtable$??_G?$QPair@VQString@@V?$QList@VSingleOperationData@@@@@@QAEPAXI@Z 00450634     configfilehandler.obj
 0002:0003b63c       __ehfuncinfo$??4?$QList@H@@QAEAAV0@$$QAV0@@Z 0045063c     moc_workmodels.obj
 0002:0003b63c       __ehfuncinfo$??4?$QList@U?$QPair@VQString@@V?$QList@VSingleOperationData@@@@@@@@QAEAAV0@$$QAV0@@Z 0045063c     configfilehandler.obj
 0002:0003b63c       __ehfuncinfo$??4SingleOperationData@@QAEAAV0@$$QAV0@@Z 0045063c     environmentvariant.obj
 0002:0003b63c       __ehfuncinfo$??_G?$QPair@VQString@@V?$QList@VSingleOperationData@@@@@@QAEPAXI@Z 0045063c     configfilehandler.obj
 0002:0003b63c       __ehfuncinfo$??1?$QPair@VQString@@V?$QList@VSingleOperationData@@@@@@QAE@XZ 0045063c     configfilehandler.obj
 0002:0003b63c       __ehfuncinfo$??4?$QList@PAVQObject@@@@QAEAAV0@$$QAV0@@Z 0045063c     moc_workmodels.obj
 0002:0003b660       __unwindtable$??4OperationParamData@@QAEAAV0@ABV0@@Z 00450660     configfilehandler.obj
 0002:0003b660       __unwindtable$?setParamModel@OperationParamSelector@@QAEXABV?$QList@PAVQObject@@@@@Z 00450660     moc_workmodels.obj
 0002:0003b660       __unwindtable$?setParamListModel@PlanSelector@@QAEXABV?$QList@PAVQObject@@@@@Z 00450660     moc_workmodels.obj
 0002:0003b660       __unwindtable$?setIntListValue@OperationParamObject@@QAEXABV?$QList@H@@@Z 00450660     moc_workmodels.obj
 0002:0003b668       __ehfuncinfo$?setParamListModel@PlanSelector@@QAEXABV?$QList@PAVQObject@@@@@Z 00450668     moc_workmodels.obj
 0002:0003b668       __ehfuncinfo$??4OperationParamData@@QAEAAV0@ABV0@@Z 00450668     configfilehandler.obj
 0002:0003b668       __ehfuncinfo$?setIntListValue@OperationParamObject@@QAEXABV?$QList@H@@@Z 00450668     moc_workmodels.obj
 0002:0003b668       __ehfuncinfo$?setParamModel@OperationParamSelector@@QAEXABV?$QList@PAVQObject@@@@@Z 00450668     moc_workmodels.obj
 0002:0003b68c       __unwindtable$?Destruct@?$QMetaTypeFunctionHelper@V?$QList@H@@$00@QtMetaTypePrivate@@SAXPAX@Z 0045068c     moc_workmodels.obj
 0002:0003b68c       __unwindtable$??__Fdummy@?A0x4c3cf720@@YAXXZ 0045068c     qrc_qml.obj
 0002:0003b68c       __unwindtable$??__Ff@?4??registerConverter@?$ValueTypeIsMetaType@V?$QList@H@@$00@QtPrivate@@SA_NH@Z@YAXXZ 0045068c     moc_workmodels.obj
 0002:0003b68c       __unwindtable$?Destruct@?$QMetaTypeFunctionHelper@V?$QList@PAVQObject@@@@$00@QtMetaTypePrivate@@SAXPAX@Z 0045068c     moc_workmodels.obj
 0002:0003b68c       __unwindtable$??__Ff@?4??registerConverter@?$ValueTypeIsMetaType@V?$QList@PAVQObject@@@@$00@QtPrivate@@SA_NH@Z@YAXXZ 0045068c     moc_workmodels.obj
 0002:0003b694       __ehfuncinfo$??__Ff@?4??registerConverter@?$ValueTypeIsMetaType@V?$QList@H@@$00@QtPrivate@@SA_NH@Z@YAXXZ 00450694     moc_workmodels.obj
 0002:0003b694       __ehfuncinfo$?Destruct@?$QMetaTypeFunctionHelper@V?$QList@H@@$00@QtMetaTypePrivate@@SAXPAX@Z 00450694     moc_workmodels.obj
 0002:0003b694       __ehfuncinfo$??__Fdummy@?A0x4c3cf720@@YAXXZ 00450694     qrc_qml.obj
 0002:0003b694       __ehfuncinfo$??__Ff@?4??registerConverter@?$ValueTypeIsMetaType@V?$QList@PAVQObject@@@@$00@QtPrivate@@SA_NH@Z@YAXXZ 00450694     moc_workmodels.obj
 0002:0003b694       __ehfuncinfo$?Destruct@?$QMetaTypeFunctionHelper@V?$QList@PAVQObject@@@@$00@QtMetaTypePrivate@@SAXPAX@Z 00450694     moc_workmodels.obj
 0002:0003b6b8       __unwindtable$?Construct@?$QMetaTypeFunctionHelper@V?$QList@H@@$00@QtMetaTypePrivate@@SAPAXPAXPBX@Z 004506b8     moc_workmodels.obj
 0002:0003b6b8       __unwindtable$?Construct@?$QMetaTypeFunctionHelper@V?$QList@PAVQObject@@@@$00@QtMetaTypePrivate@@SAPAXPAXPBX@Z 004506b8     moc_workmodels.obj
 0002:0003b6c0       __ehfuncinfo$?Construct@?$QMetaTypeFunctionHelper@V?$QList@PAVQObject@@@@$00@QtMetaTypePrivate@@SAPAXPAXPBX@Z 004506c0     moc_workmodels.obj
 0002:0003b6c0       __ehfuncinfo$?Construct@?$QMetaTypeFunctionHelper@V?$QList@H@@$00@QtMetaTypePrivate@@SAPAXPAXPBX@Z 004506c0     moc_workmodels.obj
 0002:0003b6e4       __unwindtable$?qt_metatype_id@?$QMetaTypeId@V?$QList@H@@@@SAHXZ 004506e4     moc_workmodels.obj
 0002:0003b6ec       __ehfuncinfo$?qt_metatype_id@?$QMetaTypeId@V?$QList@H@@@@SAHXZ 004506ec     moc_workmodels.obj
 0002:0003b710       __sehtable$___scrt_is_nonwritable_in_current_image 00450710     MSVCRT:utility.obj
 0002:0003b730       __sehtable$?__scrt_common_main_seh@@YAHXZ 00450730     MSVCRT:exe_winmain.obj
 0002:0003bed6       .idata$6                   00450ed6     WorkflowProtocol:WorkflowProtocol.dll
 0002:0003bf00       .idata$6                   00450f00     DbgHelp:dbghelp.dll
 0002:0003c004       .idata$6                   00451004     Qt5Quick:Qt5Quick.dll
 0002:0003c35c       .idata$6                   0045135c     Qt5Gui:Qt5Gui.dll
 0002:0003c4b8       .idata$6                   004514b8     Qt5Qml:Qt5Qml.dll
 0002:0003df3a       .idata$6                   00452f3a     Qt5Core:Qt5Core.dll
 0002:0003e12c       .idata$6                   0045312c     kernel32:KERNEL32.dll
 0002:0003e210       .idata$6                   00453210     vcruntime:VCRUNTIME140.dll
 0002:0003e3f0       .idata$6                   004533f0     ucrt:api-ms-win-crt-heap-l1-1-0.dll
 0002:0003e410       .idata$6                   00453410     ucrt:api-ms-win-crt-runtime-l1-1-0.dll
 0002:0003e432       .idata$6                   00453432     ucrt:api-ms-win-crt-math-l1-1-0.dll
 0002:0003e452       .idata$6                   00453452     ucrt:api-ms-win-crt-stdio-l1-1-0.dll
 0002:0003e472       .idata$6                   00453472     ucrt:api-ms-win-crt-locale-l1-1-0.dll
 0002:0003e4aa       .idata$6                   004534aa     shell32:SHELL32.dll
 0003:00000584       ?module_local_atexit_table@@3U_onexit_table_t@@A 00454584     MSVCRT:utility.obj
 0003:00000590       ?module_local_at_quick_exit_table@@3U_onexit_table_t@@A 00454590     MSVCRT:utility.obj
 0003:0000059c       ?is_initialized_as_dll@@3_NA 0045459c     MSVCRT:utility.obj
 0003:000005a0       ?_Tss_mutex@@3U_RTL_CRITICAL_SECTION@@A 004545a0     MSVCRT:thread_safe_statics.obj
 0003:000005b8       ?_Tss_cv@@3U_RTL_CONDITION_VARIABLE@@A 004545b8     MSVCRT:thread_safe_statics.obj
 0003:000005bc       ?_Tss_event@@3PAXA         004545bc     MSVCRT:thread_safe_statics.obj
 0003:000005c0       ?encoded_sleep_condition_variable_cs@@3P6GHPAU_RTL_CONDITION_VARIABLE@@PAU_RTL_CRITICAL_SECTION@@K@ZA 004545c0     MSVCRT:thread_safe_statics.obj
 0003:000005c4       ?encoded_wake_all_condition_variable@@3P6GXPAU_RTL_CONDITION_VARIABLE@@@ZA 004545c4     MSVCRT:thread_safe_statics.obj
 0003:000005d0       _GS_ExceptionRecord        004545d0     MSVCRT:gs_report.obj
 0003:00000620       _GS_ContextRecord          00454620     MSVCRT:gs_report.obj
 0004:00000000       __guard_fids__             00455000     MSVCRT:std_type_info_static.obj
 0004:00000004       __guard_fids__             00455004     MSVCRT:thread_safe_statics.obj
 0004:00000008       __guard_fids_?__scrt_initialize_thread_safe_statics@@YAHXZ 00455008     MSVCRT:thread_safe_statics.obj
 0004:0000000c       __guard_fids__             0045500c     MSVCRT:exe_winmain.obj
 0004:00000010       __guard_fids__             00455010     MSVCRT:exe_winmain.obj
 0004:00000014       __guard_fids__             00455014     MSVCRT:exe_winmain.obj
 0004:00000018       __guard_fids_?pre_c_initialization@@YAHXZ 00455018     MSVCRT:exe_winmain.obj
 0004:00000020       __guard_fids__             00455020     MSVCRT:throw_bad_alloc.obj
 0004:00000028       __guard_fids__             00455028     MSVCRT:throw_bad_alloc.obj
 0004:00000030       __guard_fids__             00455030     MSVCRT:throw_bad_alloc.obj
 0004:00000038       __guard_fids__             00455038     MSVCRT:throw_bad_alloc.obj
 0004:0000003c       __guard_fids__             0045503c     MSVCRT:throw_bad_alloc.obj
 0004:00000040       __guard_fids__             00455040     MSVCRT:throw_bad_alloc.obj
 0004:00000044       __guard_fids__             00455044     MSVCRT:throw_bad_alloc.obj
 0004:00000048       __guard_fids__             00455048     MSVCRT:throw_bad_alloc.obj
 0004:0000004c       __guard_fids____scrt_set_unhandled_exception_filter 0045504c     MSVCRT:utility_desktop.obj
 0004:00000050       __guard_fids___except_handler4 00455050     MSVCRT:_chandler4gs_.obj
 0004:00000054       __guard_fids__             00455054     MSVCRT:guard_support.obj
 0006:00000060       $R000000                   00457060     * linker generated manifest res *
