 UserInterfaceLayer

 Timestamp is 59356e97 (Mon Jun  5 22:45:43 2017)

 Preferred load address is 00400000

 Start         Length     Name                   Class
 0001:00000000 000000c0H .text$di                CODE
 0001:000000c0 000115d0H .text$mn                CODE
 0001:00011690 00001d80H .text$x                 CODE
 0001:00013410 000000fdH .text$yd                CODE
 0002:00000000 0000042cH .idata$5                DATA
 0002:0000042c 00000004H .00cfg                  DATA
 0002:00000430 00000004H .CRT$XCA                DATA
 0002:00000434 00000004H .CRT$XCAA               DATA
 0002:00000438 00000028H .CRT$XCU                DATA
 0002:00000460 00000004H .CRT$XCZ                DATA
 0002:00000464 00000004H .CRT$XIA                DATA
 0002:00000468 00000004H .CRT$XIAA               DATA
 0002:0000046c 00000004H .CRT$XIAC               DATA
 0002:00000470 00000004H .CRT$XIC                DATA
 0002:00000474 00000004H .CRT$XIZ                DATA
 0002:00000478 00000004H .CRT$XLA                DATA
 0002:0000047c 00000004H .CRT$XLZ                DATA
 0002:00000480 00000004H .CRT$XPA                DATA
 0002:00000484 00000004H .CRT$XPZ                DATA
 0002:00000488 00000004H .CRT$XTA                DATA
 0002:0000048c 00000004H .CRT$XTZ                DATA
 0002:00000490 00341334H .rdata                  DATA
 0002:003417c4 00000018H .rdata$T                DATA
 0002:003417dc 00000714H .rdata$r                DATA
 0002:00341ef0 0000018cH .rdata$sxdata           DATA
 0002:0034207c 000003f4H .rdata$zzzdbg           DATA
 0002:00342470 00000004H .rtc$IAA                DATA
 0002:00342474 00000004H .rtc$IZZ                DATA
 0002:00342478 00000004H .rtc$TAA                DATA
 0002:0034247c 00000004H .rtc$TZZ                DATA
 0002:00342480 00002664H .xdata$x                DATA
 0002:00344ae4 00000000H .edata                  DATA
 0002:00344ae4 00000118H .idata$2                DATA
 0002:00344bfc 00000014H .idata$3                DATA
 0002:00344c10 0000042cH .idata$4                DATA
 0002:0034503c 0000241eH .idata$6                DATA
 0003:00000000 00000108H .data                   DATA
 0003:00000108 00000430H .data$r                 DATA
 0003:00000538 000003e0H .bss                    DATA
 0004:00000000 00000058H .gfids$y                DATA
 0005:00000000 00000004H .tls                    DATA
 0005:00000004 00000004H .tls$                   DATA
 0005:00000008 00000001H .tls$ZZZ                DATA
 0006:00000000 00000060H .rsrc$01                DATA
 0006:00000060 00000290H .rsrc$02                DATA

  Address         Publics by Value              Rva+Base       Lib:Object

 0000:00000000       ___guard_iat_count         00000000     <absolute>
 0000:00000000       ___guard_fids_table        00000000     <absolute>
 0000:00000000       ___guard_longjmp_table     00000000     <absolute>
 0000:00000000       ___guard_longjmp_count     00000000     <absolute>
 0000:00000000       ___guard_iat_table         00000000     <absolute>
 0000:00000000       ___dynamic_value_reloc_table 00000000     <absolute>
 0000:00000000       ___guard_fids_count        00000000     <absolute>
 0000:0000002c       __tls_array                0000002c     <absolute>
 0000:00000063       ___safe_se_handler_count   00000063     <absolute>
 0000:00000100       ___guard_flags             00000100     <absolute>
 0000:00000000       ___ImageBase               00400000     <linker-defined>
 0001:000000c0       ??$connect@P8QQmlEngine@@AEXXZP6AXXZ@QObject@@SA?AVConnection@QMetaObject@@PBVQQmlEngine@@P83@AEXXZPBV0@P6AXXZW4ConnectionType@Qt@@@Z 004010c0 f i main.obj
 0001:00000120       ??$createInto@VOperationParamObject@@@QQmlPrivate@@YAXPAX@Z 00401120 f i main.obj
 0001:00000180       ??$createInto@VOperationParamSelector@@@QQmlPrivate@@YAXPAX@Z 00401180 f i main.obj
 0001:000001e0       ??$createInto@VPlanController@@@QQmlPrivate@@YAXPAX@Z 004011e0 f i main.obj
 0001:00000240       ??$createInto@VPlanSelector@@@QQmlPrivate@@YAXPAX@Z 00401240 f i main.obj
 0001:000002a0       ??$createInto@VStatusViewWatcher@@@QQmlPrivate@@YAXPAX@Z 004012a0 f i main.obj
 0001:00000300       ??$createInto@VTextFieldDoubleValidator@@@QQmlPrivate@@YAXPAX@Z 00401300 f i main.obj
 0001:00000360       ??$qRegisterNormalizedMetaType@PAVOperationParamObject@@@@YAHABVQByteArray@@PAPAVOperationParamObject@@W4DefinedType@?$MetaTypeDefinedHelper@PAVOperationParamObject@@$00@QtPrivate@@@Z 00401360 f i main.obj
 0001:000003c0       ??$qRegisterNormalizedMetaType@PAVOperationParamSelector@@@@YAHABVQByteArray@@PAPAVOperationParamSelector@@W4DefinedType@?$MetaTypeDefinedHelper@PAVOperationParamSelector@@$00@QtPrivate@@@Z 004013c0 f i main.obj
 0001:00000420       ??$qRegisterNormalizedMetaType@PAVPlanController@@@@YAHABVQByteArray@@PAPAVPlanController@@W4DefinedType@?$MetaTypeDefinedHelper@PAVPlanController@@$00@QtPrivate@@@Z 00401420 f i main.obj
 0001:00000480       ??$qRegisterNormalizedMetaType@PAVPlanSelector@@@@YAHABVQByteArray@@PAPAVPlanSelector@@W4DefinedType@?$MetaTypeDefinedHelper@PAVPlanSelector@@$00@QtPrivate@@@Z 00401480 f i main.obj
 0001:000004e0       ??$qRegisterNormalizedMetaType@PAVStatusViewWatcher@@@@YAHABVQByteArray@@PAPAVStatusViewWatcher@@W4DefinedType@?$MetaTypeDefinedHelper@PAVStatusViewWatcher@@$00@QtPrivate@@@Z 004014e0 f i main.obj
 0001:00000540       ??$qRegisterNormalizedMetaType@PAVTextFieldDoubleValidator@@@@YAHABVQByteArray@@PAPAVTextFieldDoubleValidator@@W4DefinedType@?$MetaTypeDefinedHelper@PAVTextFieldDoubleValidator@@$00@QtPrivate@@@Z 00401540 f i main.obj
 0001:000005a0       ??$qmlRegisterType@VOperationParamObject@@@@YAHPBDHH0@Z 004015a0 f i main.obj
 0001:00000850       ??$qmlRegisterType@VOperationParamSelector@@@@YAHPBDHH0@Z 00401850 f i main.obj
 0001:00000b00       ??$qmlRegisterType@VPlanController@@@@YAHPBDHH0@Z 00401b00 f i main.obj
 0001:00000db0       ??$qmlRegisterType@VPlanSelector@@@@YAHPBDHH0@Z 00401db0 f i main.obj
 0001:00001060       ??$qmlRegisterType@VStatusViewWatcher@@@@YAHPBDHH0@Z 00402060 f i main.obj
 0001:00001310       ??$qmlRegisterType@VTextFieldDoubleValidator@@@@YAHPBDHH0@Z 00402310 f i main.obj
 0001:000015c0       ??0OperationParamData@@QAE@XZ 004025c0 f i main.obj
 0001:00001630       ??1?$QList@VQString@@@@QAE@XZ 00402630 f i main.obj
 0001:000016c0       ??1?$QVarLengthArray@D$0EA@@@QAE@XZ 004026c0 f i main.obj
 0001:000016c0       ??1?$QVarLengthArray@D$0DA@@@QAE@XZ 004026c0 f i main.obj
 0001:000016e0       ??1OperationParamData@@QAE@XZ 004026e0 f i main.obj
 0001:00001790       ??1OperationParamSelector@@UAE@XZ 00402790 f i main.obj
 0001:00001840       ??1PlanSelector@@UAE@XZ    00402840 f i main.obj
 0001:000018f0       ??1RegisterType@QQmlPrivate@@QAE@XZ 004028f0 f i main.obj
 0001:00001900       ??_E?$QQmlElement@VOperationParamObject@@@QQmlPrivate@@UAEPAXI@Z 00402900 f i main.obj
 0001:00001900       ??_G?$QQmlElement@VOperationParamObject@@@QQmlPrivate@@UAEPAXI@Z 00402900 f i main.obj
 0001:00001980       ??_G?$QQmlElement@VOperationParamSelector@@@QQmlPrivate@@UAEPAXI@Z 00402980 f i main.obj
 0001:00001980       ??_E?$QQmlElement@VOperationParamSelector@@@QQmlPrivate@@UAEPAXI@Z 00402980 f i main.obj
 0001:000019f0       ??_E?$QQmlElement@VPlanController@@@QQmlPrivate@@UAEPAXI@Z 004029f0 f i main.obj
 0001:000019f0       ??_G?$QQmlElement@VPlanController@@@QQmlPrivate@@UAEPAXI@Z 004029f0 f i main.obj
 0001:00001a60       ??_E?$QQmlElement@VPlanSelector@@@QQmlPrivate@@UAEPAXI@Z 00402a60 f i main.obj
 0001:00001a60       ??_G?$QQmlElement@VPlanSelector@@@QQmlPrivate@@UAEPAXI@Z 00402a60 f i main.obj
 0001:00001ad0       ??_E?$QQmlElement@VStatusViewWatcher@@@QQmlPrivate@@UAEPAXI@Z 00402ad0 f i main.obj
 0001:00001ad0       ??_G?$QQmlElement@VStatusViewWatcher@@@QQmlPrivate@@UAEPAXI@Z 00402ad0 f i main.obj
 0001:00001b40       ??_G?$QQmlElement@VTextFieldDoubleValidator@@@QQmlPrivate@@UAEPAXI@Z 00402b40 f i main.obj
 0001:00001b40       ??_E?$QQmlElement@VTextFieldDoubleValidator@@@QQmlPrivate@@UAEPAXI@Z 00402b40 f i main.obj
 0001:00001bb0       ??_EOperationParamObject@@UAEPAXI@Z 00402bb0 f i main.obj
 0001:00001bb0       ??_GOperationParamObject@@UAEPAXI@Z 00402bb0 f i main.obj
 0001:00001be0       ?Construct@?$QMetaTypeFunctionHelper@PAVOperationParamObject@@$00@QtMetaTypePrivate@@SAPAXPAXPBX@Z 00402be0 f i main.obj
 0001:00001be0       ?Construct@?$QMetaTypeFunctionHelper@PAVTextFieldDoubleValidator@@$00@QtMetaTypePrivate@@SAPAXPAXPBX@Z 00402be0 f i main.obj
 0001:00001be0       ?Construct@?$QMetaTypeFunctionHelper@PAVPlanSelector@@$00@QtMetaTypePrivate@@SAPAXPAXPBX@Z 00402be0 f i main.obj
 0001:00001be0       ?Construct@?$QMetaTypeFunctionHelper@PAVStatusViewWatcher@@$00@QtMetaTypePrivate@@SAPAXPAXPBX@Z 00402be0 f i main.obj
 0001:00001be0       ?Construct@?$QMetaTypeFunctionHelper@PAVOperationParamSelector@@$00@QtMetaTypePrivate@@SAPAXPAXPBX@Z 00402be0 f i main.obj
 0001:00001be0       ?Construct@?$QMetaTypeFunctionHelper@PAVPlanController@@$00@QtMetaTypePrivate@@SAPAXPAXPBX@Z 00402be0 f i main.obj
 0001:00001c10       ?Construct@?$QMetaTypeFunctionHelper@V?$QQmlListProperty@VStatusViewWatcher@@@@$00@QtMetaTypePrivate@@SAPAXPAXPBX@Z 00402c10 f i main.obj
 0001:00001c10       ?Construct@?$QMetaTypeFunctionHelper@V?$QQmlListProperty@VOperationParamSelector@@@@$00@QtMetaTypePrivate@@SAPAXPAXPBX@Z 00402c10 f i main.obj
 0001:00001c10       ?Construct@?$QMetaTypeFunctionHelper@V?$QQmlListProperty@VPlanSelector@@@@$00@QtMetaTypePrivate@@SAPAXPAXPBX@Z 00402c10 f i main.obj
 0001:00001c10       ?Construct@?$QMetaTypeFunctionHelper@V?$QQmlListProperty@VTextFieldDoubleValidator@@@@$00@QtMetaTypePrivate@@SAPAXPAXPBX@Z 00402c10 f i main.obj
 0001:00001c10       ?Construct@?$QMetaTypeFunctionHelper@V?$QQmlListProperty@VPlanController@@@@$00@QtMetaTypePrivate@@SAPAXPAXPBX@Z 00402c10 f i main.obj
 0001:00001c10       ?Construct@?$QMetaTypeFunctionHelper@V?$QQmlListProperty@VOperationParamObject@@@@$00@QtMetaTypePrivate@@SAPAXPAXPBX@Z 00402c10 f i main.obj
 0001:00001c70       ?TopLevelExceptionFilter@@YGJPAU_EXCEPTION_POINTERS@@@Z 00402c70 f   main.obj
 0001:00001ce0       ?customMessageHandler@@YAXW4QtMsgType@@ABVQMessageLogContext@@ABVQString@@@Z 00402ce0 f   main.obj
 0001:00001f50       ?dealloc@?$QList@VOperationParamData@@@@AAEXPAUData@QListData@@@Z 00402f50 f i main.obj
 0001:00001fb0       ?impl@?$QStaticSlotObject@P6AXXZU?$List@$$V@QtPrivate@@X@QtPrivate@@CAXHPAVQSlotObjectBase@2@PAVQObject@@PAPAXPA_N@Z 00402fb0 f i main.obj
 0001:00001fe0       ?qt_metatype_id@?$QMetaTypeIdQObject@PAVOperationParamObject@@$07@@SAHXZ 00402fe0 f i main.obj
 0001:00002090       ?qt_metatype_id@?$QMetaTypeIdQObject@PAVOperationParamSelector@@$07@@SAHXZ 00403090 f i main.obj
 0001:00002140       ?qt_metatype_id@?$QMetaTypeIdQObject@PAVPlanController@@$07@@SAHXZ 00403140 f i main.obj
 0001:000021f0       ?qt_metatype_id@?$QMetaTypeIdQObject@PAVPlanSelector@@$07@@SAHXZ 004031f0 f i main.obj
 0001:000022a0       ?qt_metatype_id@?$QMetaTypeIdQObject@PAVStatusViewWatcher@@$07@@SAHXZ 004032a0 f i main.obj
 0001:00002350       ?qt_metatype_id@?$QMetaTypeIdQObject@PAVTextFieldDoubleValidator@@$07@@SAHXZ 00403350 f i main.obj
 0001:00002400       ?validate@TextFieldDoubleValidator@@UBE?AW4State@QValidator@@AAVQString@@AAH@Z 00403400 f i main.obj
 0001:00002580       _main                      00403580 f   main.obj
 0001:00002970       ??$connect@P8EnvironmentVariant@@AEXXZP8StatusViewWatcher@@AEXXZ@QObject@@SA?AVConnection@QMetaObject@@PBVEnvironmentVariant@@P83@AEXXZPBVStatusViewWatcher@@P84@AEXXZW4ConnectionType@Qt@@@Z 00403970 f i workmodels.obj
 0001:000029d0       ??$qMakeForeachContainer@AAV?$QList@PAVQObject@@@@@QtPrivate@@YA?AV?$QForeachContainer@V?$QList@PAVQObject@@@@@0@AAV?$QList@PAVQObject@@@@@Z 004039d0 f i workmodels.obj
 0001:00002a10       ??0?$QList@PAVQObject@@@@QAE@ABV0@@Z 00403a10 f i workmodels.obj
 0001:00002a10       ??0?$QList@H@@QAE@ABV0@@Z  00403a10 f i workmodels.obj
 0001:00002ac0       ??0?$QList@VOperationParamData@@@@QAE@ABV0@@Z 00403ac0 f i workmodels.obj
 0001:00002b70       ??0?$QList@VQString@@@@QAE@ABV0@@Z 00403b70 f i workmodels.obj
 0001:00002c20       ??0OperationParamData@@QAE@ABV0@@Z 00403c20 f i workmodels.obj
 0001:00002d90       ??0OperationParamSelector@@QAE@PAVQObject@@@Z 00403d90 f   workmodels.obj
 0001:00002de0       ??0PlanController@@QAE@PAVQObject@@@Z 00403de0 f   workmodels.obj
 0001:00002e50       ??0PlanSelector@@QAE@PAVQObject@@@Z 00403e50 f   workmodels.obj
 0001:00002f00       ??0StatusViewWatcher@@QAE@PAVQObject@@@Z 00403f00 f   workmodels.obj
 0001:00002f90       ??1?$QForeachContainer@V?$QList@PAVQObject@@@@@QtPrivate@@QAE@XZ 00403f90 f i workmodels.obj
 0001:00002ff0       ??1?$QForeachContainer@V?$QList@VOperationParamData@@@@@QtPrivate@@QAE@XZ 00403ff0 f i workmodels.obj
 0001:00003050       ??1?$QList@PAVQObject@@@@QAE@XZ 00404050 f i workmodels.obj
 0001:00003050       ??1?$QList@H@@QAE@XZ       00404050 f i workmodels.obj
 0001:000030b0       ??1?$QList@VOperationParamData@@@@QAE@XZ 004040b0 f i workmodels.obj
 0001:00003110       ??1MachineConfigData@@QAE@XZ 00404110 f i workmodels.obj
 0001:00003120       ??1PlanController@@UAE@XZ  00404120 f   workmodels.obj
 0001:00003180       ??1SingleOperationData@@QAE@XZ 00404180 f i workmodels.obj
 0001:000031f0       ??1StatusViewWatcher@@UAE@XZ 004041f0 f   workmodels.obj
 0001:00003270       ??_EOperationParamSelector@@UAEPAXI@Z 00404270 f i workmodels.obj
 0001:00003270       ??_GOperationParamSelector@@UAEPAXI@Z 00404270 f i workmodels.obj
 0001:00003290       ??_EPlanController@@UAEPAXI@Z 00404290 f i workmodels.obj
 0001:00003290       ??_GPlanController@@UAEPAXI@Z 00404290 f i workmodels.obj
 0001:00003300       ??_EPlanSelector@@UAEPAXI@Z 00404300 f i workmodels.obj
 0001:00003300       ??_GPlanSelector@@UAEPAXI@Z 00404300 f i workmodels.obj
 0001:00003320       ??_EStatusViewWatcher@@UAEPAXI@Z 00404320 f i workmodels.obj
 0001:00003320       ??_GStatusViewWatcher@@UAEPAXI@Z 00404320 f i workmodels.obj
 0001:000033c0       ?addPlan@PlanSelector@@QAEXABVQString@@@Z 004043c0 f   workmodels.obj
 0001:000033e0       ?addStep@PlanSelector@@QAEXHHH@Z 004043e0 f   workmodels.obj
 0001:00003400       ?append@?$QList@VOperationParamData@@@@QAEXABVOperationParamData@@@Z 00404400 f i workmodels.obj
 0001:000034c0       ?commitParam@PlanSelector@@QAEXHHABVQString@@ABVQVariant@@@Z 004044c0 f   workmodels.obj
 0001:000034e0       ?detach_helper_grow@?$QList@VOperationParamData@@@@AAEPAUNode@1@HH@Z 004044e0 f i workmodels.obj
 0001:00003630       ?eventFilter@PlanController@@UAE_NPAVQObject@@PAVQEvent@@@Z 00404630 f   workmodels.obj
 0001:00003680       ?eventFilter@StatusViewWatcher@@UAE_NPAVQObject@@PAVQEvent@@@Z 00404680 f   workmodels.obj
 0001:000036c0       ?getSwitch@OperationParamSelector@@QAEPAVQObject@@ABVQString@@@Z 004046c0 f   workmodels.obj
 0001:00003820       ?getSwitch@PlanSelector@@QAEPAVQObject@@ABVQString@@@Z 00404820 f   workmodels.obj
 0001:00003980       ?getWorkLocationTypeList@StatusViewWatcher@@QAE?AVQStringList@@XZ 00404980 f   workmodels.obj
 0001:000039b0       ?impl@?$QSlotObject@P8StatusViewWatcher@@AEXXZU?$List@$$V@QtPrivate@@X@QtPrivate@@CAXHPAVQSlotObjectBase@2@PAVQObject@@PAPAXPA_N@Z 004049b0 f i workmodels.obj
 0001:00003a00       ?init@OperationParamSelector@@QAEXABVQString@@@Z 00404a00 f   workmodels.obj
 0001:00003a80       ?moveStep@PlanSelector@@QAEXHHH@Z 00404a80 f   workmodels.obj
 0001:00003aa0       ?node_copy@?$QList@H@@AAEXPAUNode@1@00@Z 00404aa0 f i workmodels.obj
 0001:00003aa0       ?node_copy@?$QList@PAVQObject@@@@AAEXPAUNode@1@00@Z 00404aa0 f i workmodels.obj
 0001:00003ad0       ?node_copy@?$QList@VOperationParamData@@@@AAEXPAUNode@1@00@Z 00404ad0 f i workmodels.obj
 0001:00003ba0       ?node_copy@?$QList@VQString@@@@AAEXPAUNode@1@00@Z 00404ba0 f i workmodels.obj
 0001:00003be0       ?node_destruct@?$QList@VOperationParamData@@@@AAEXPAUNode@1@0@Z 00404be0 f i workmodels.obj
 0001:00003c20       ?qt_static_metacall@configFileHandler@@CAXPAVQObject@@W4Call@QMetaObject@@HPAPAX@Z 00404c20 f   moc_configfilehandler.obj
 0001:00003c20       ?Destruct@?$QMetaTypeFunctionHelper@V?$QQmlListProperty@VOperationParamSelector@@@@$00@QtMetaTypePrivate@@SAXPAX@Z 00404c20 f   main.obj
 0001:00003c20       ?Destruct@?$QMetaTypeFunctionHelper@PAVPlanSelector@@$00@QtMetaTypePrivate@@SAXPAX@Z 00404c20 f   main.obj
 0001:00003c20       ?Destruct@?$QMetaTypeFunctionHelper@PAVOperationParamObject@@$00@QtMetaTypePrivate@@SAXPAX@Z 00404c20 f   main.obj
 0001:00003c20       __initialize_invalid_parameter_handler 00404c20 f   MSVCRT:invalid_parameter_handler.obj
 0001:00003c20       ?onComplete@PlanSelector@@QAEXXZ 00404c20 f   workmodels.obj
 0001:00003c20       ?Destruct@?$QMetaTypeFunctionHelper@V?$QQmlListProperty@VTextFieldDoubleValidator@@@@$00@QtMetaTypePrivate@@SAXPAX@Z 00404c20 f   main.obj
 0001:00003c20       ?Destruct@?$QMetaTypeFunctionHelper@VQSequentialIterableImpl@QtMetaTypePrivate@@$00@QtMetaTypePrivate@@SAXPAX@Z 00404c20 f   moc_workmodels.obj
 0001:00003c20       ?Destruct@?$QMetaTypeFunctionHelper@PAVStatusViewWatcher@@$00@QtMetaTypePrivate@@SAXPAX@Z 00404c20 f   main.obj
 0001:00003c20       ?Destruct@?$QMetaTypeFunctionHelper@V?$QQmlListProperty@VStatusViewWatcher@@@@$00@QtMetaTypePrivate@@SAXPAX@Z 00404c20 f   main.obj
 0001:00003c20       @_guard_check_icall_nop@4  00404c20 f   MSVCRT:guard_support.obj
 0001:00003c20       ?Destruct@?$QMetaTypeFunctionHelper@V?$QQmlListProperty@VPlanController@@@@$00@QtMetaTypePrivate@@SAXPAX@Z 00404c20 f   main.obj
 0001:00003c20       ??3@YAXPAX0@Z              00404c20 f   main.obj
 0001:00003c20       ?Destruct@?$QMetaTypeFunctionHelper@PAVPlanController@@$00@QtMetaTypePrivate@@SAXPAX@Z 00404c20 f   main.obj
 0001:00003c20       ?Destruct@?$QMetaTypeFunctionHelper@V?$QQmlListProperty@VOperationParamObject@@@@$00@QtMetaTypePrivate@@SAXPAX@Z 00404c20 f   main.obj
 0001:00003c20       ?Destruct@?$QMetaTypeFunctionHelper@V?$QQmlListProperty@VPlanSelector@@@@$00@QtMetaTypePrivate@@SAXPAX@Z 00404c20 f   main.obj
 0001:00003c20       ?Destruct@?$QMetaTypeFunctionHelper@PAVOperationParamSelector@@$00@QtMetaTypePrivate@@SAXPAX@Z 00404c20 f   main.obj
 0001:00003c20       __initialize_denormal_control 00404c20 f   MSVCRT:denormal_control.obj
 0001:00003c20       ?Destruct@?$QMetaTypeFunctionHelper@PAVTextFieldDoubleValidator@@$00@QtMetaTypePrivate@@SAXPAX@Z 00404c20 f   main.obj
 0001:00003c30       ?onCompleteSingleOperation@OperationParamSelector@@QAEXXZ 00404c30 f   workmodels.obj
 0001:00003ed0       ?onMachineConfigChanged@TargetMachineObject@@QAEXXZ 00404ed0 f   workmodels.obj
 0001:00003f50       ?onSave@PlanSelector@@QAEXXZ 00404f50 f   workmodels.obj
 0001:00003f60       ?operationCurrentIndex@PlanSelector@@QAEHXZ 00404f60 f   workmodels.obj
 0001:00003f80       ?planListModel@PlanSelector@@QAE?AVQStringList@@XZ 00404f80 f   workmodels.obj
 0001:00003fb0       ?removePlan@PlanSelector@@QAEXH@Z 00404fb0 f   workmodels.obj
 0001:00003fd0       ?removeStep@PlanSelector@@QAEXHH@Z 00404fd0 f   workmodels.obj
 0001:00003ff0       ?resumePlan@PlanController@@QAEXXZ 00404ff0 f   workmodels.obj
 0001:00004020       ?setPlanName@PlanSelector@@QAEXHABVQString@@@Z 00405020 f   workmodels.obj
 0001:00004040       ?setSelectedOperation@OperationParamSelector@@QAEXH@Z 00405040 f   workmodels.obj
 0001:000043e0       ?setSelectedOperation@PlanSelector@@QAEXHHH@Z 004053e0 f   workmodels.obj
 0001:00004870       ?setSelectedStep@PlanSelector@@QAEXHH@Z 00405870 f   workmodels.obj
 0001:00004c20       ?setWorkLocationType@StatusViewWatcher@@QAE_NHABVQString@@@Z 00405c20 f   workmodels.obj
 0001:00004c40       ?startPlan@PlanController@@QAEXHH@Z 00405c40 f   workmodels.obj
 0001:00004c70       ?stepListModel@PlanSelector@@QAE?AVQStringList@@H@Z 00405c70 f   workmodels.obj
 0001:00004ca0       ?stopPlan@PlanController@@QAEXXZ 00405ca0 f   workmodels.obj
 0001:00004cb0       ??$qMakeForeachContainer@ABV?$QList@VOperationParamData@@@@@QtPrivate@@YA?AV?$QForeachContainer@V?$QList@VOperationParamData@@@@@0@ABV?$QList@VOperationParamData@@@@@Z 00405cb0 f i configfilehandler.obj
 0001:00004cb0       ??$qMakeForeachContainer@AAV?$QList@VOperationParamData@@@@@QtPrivate@@YA?AV?$QForeachContainer@V?$QList@VOperationParamData@@@@@0@AAV?$QList@VOperationParamData@@@@@Z 00405cb0 f i workmodels.obj
 0001:00004cf0       ??$qMakeForeachContainer@ABVQStringList@@@QtPrivate@@YA?AV?$QForeachContainer@VQStringList@@@0@ABVQStringList@@@Z 00405cf0 f i configfilehandler.obj
 0001:00004cf0       ??$qMakeForeachContainer@AAVQStringList@@@QtPrivate@@YA?AV?$QForeachContainer@VQStringList@@@0@AAVQStringList@@@Z 00405cf0 f i environmentvariant.obj
 0001:00004d30       ??$qMakePair@VQString@@V?$QList@VSingleOperationData@@@@@@YA?AU?$QPair@VQString@@V?$QList@VSingleOperationData@@@@@@ABVQString@@ABV?$QList@VSingleOperationData@@@@@Z 00405d30 f i configfilehandler.obj
 0001:00004d90       ??0?$QList@VSingleOperationData@@@@QAE@ABV0@@Z 00405d90 f i configfilehandler.obj
 0001:00004e40       ??0OperationParamData@@QAE@ABVQString@@00ABVQStringList@@_NHH0V?$QList@H@@00HH@Z 00405e40 f i configfilehandler.obj
 0001:00004fe0       ??0configFileHandler@@QAE@PAVQObject@@@Z 00405fe0 f   configfilehandler.obj
 0001:00005040       ??1QStringList@@QAE@XZ     00406040 f i workmodels.obj
 0001:00005040       ??1?$QForeachContainer@VQStringList@@@QtPrivate@@QAE@XZ 00406040 f i configfilehandler.obj
 0001:00005050       ??1?$QList@VSingleOperationData@@@@QAE@XZ 00406050 f i configfilehandler.obj
 0001:000050d0       ??1?$QMap@VQString@@V1@@@QAE@XZ 004060d0 f i configfilehandler.obj
 0001:00005150       ??1?$QMap@VQString@@VOperationParamData@@@@QAE@XZ 00406150 f i configfilehandler.obj
 0001:000051f0       ??1?$QMap@VQString@@VQStringList@@@@QAE@XZ 004061f0 f i configfilehandler.obj
 0001:00005290       ??1?$QPair@VQString@@V?$QList@VSingleOperationData@@@@@@QAE@XZ 00406290 f i configfilehandler.obj
 0001:00005320       ??4?$QList@U?$QPair@VQString@@V?$QList@VSingleOperationData@@@@@@@@QAEAAV0@$$QAV0@@Z 00406320 f i configfilehandler.obj
 0001:000053c0       ??4OperationParamData@@QAEAAV0@ABV0@@Z 004063c0 f i configfilehandler.obj
 0001:000054d0       ??A?$QMap@VQString@@V1@@@QAEAAVQString@@ABV1@@Z 004064d0 f i configfilehandler.obj
 0001:00005590       ??A?$QMap@VQString@@VOperationParamData@@@@QBE?BVOperationParamData@@ABVQString@@@Z 00406590 f i configfilehandler.obj
 0001:00005650       ??A?$QMap@VQString@@VQStringList@@@@QAEAAVQStringList@@ABVQString@@@Z 00406650 f i configfilehandler.obj
 0001:00005710       ??_G?$QPair@VQString@@V?$QList@VSingleOperationData@@@@@@QAEPAXI@Z 00406710 f i configfilehandler.obj
 0001:000057b0       ??_GSingleOperationData@@QAEPAXI@Z 004067b0 f i configfilehandler.obj
 0001:00005830       ??_EconfigFileHandler@@UAEPAXI@Z 00406830 f i configfilehandler.obj
 0001:00005830       ??_GconfigFileHandler@@UAEPAXI@Z 00406830 f i configfilehandler.obj
 0001:00005860       ?ParseHostIP@configFileHandler@@QAE?AVQString@@XZ 00406860 f   configfilehandler.obj
 0001:00005930       ?ParseHostPort@configFileHandler@@QAEFXZ 00406930 f   configfilehandler.obj
 0001:00005a10       ?ParseHostSingleOperationThreshold@configFileHandler@@QAEHXZ 00406a10 f   configfilehandler.obj
 0001:00005af0       ?ParseListMap@configFileHandler@@QAE?AV?$QMap@VQString@@VQStringList@@@@ABVQString@@@Z 00406af0 f   configfilehandler.obj
 0001:00005d90       ?ParseMap@configFileHandler@@QAE?AV?$QMap@VQString@@V1@@@ABVQString@@@Z 00406d90 f   configfilehandler.obj
 0001:00005f00       ?ParseMapRevertKeyValue@configFileHandler@@QAE?AV?$QMap@VQString@@V1@@@ABVQString@@@Z 00406f00 f   configfilehandler.obj
 0001:00006060       ?ParseParamValue@configFileHandler@@QAE?AV?$QMap@VQString@@VOperationParamData@@@@ABVQString@@@Z 00407060 f   configfilehandler.obj
 0001:00006d00       ?ParsePlanList@configFileHandler@@QAEXAAV?$QList@U?$QPair@VQString@@V?$QList@VSingleOperationData@@@@@@@@ABV?$QMap@VQString@@VOperationParamData@@@@@Z 00407d00 f   configfilehandler.obj
 0001:000076f0       ?ParseWorkLocationTypeList@configFileHandler@@QAEXAAVQStringList@@@Z 004086f0 f   configfilehandler.obj
 0001:000078d0       ?SaveMachineConfig@configFileHandler@@QAEXABVQString@@ABVMachineConfigData@@ABVQStringList@@@Z 004088d0 f   configfilehandler.obj
 0001:00007e10       ?SavePlanList@configFileHandler@@QAEXABVQString@@ABV?$QList@U?$QPair@VQString@@V?$QList@VSingleOperationData@@@@@@@@ABV?$QMap@VQString@@VQStringList@@@@@Z 00408e10 f   configfilehandler.obj
 0001:000085a0       ?append@?$QList@PAVQObject@@@@QAEXABQAVQObject@@@Z 004095a0 f i workmodels.obj
 0001:000085a0       ?append@?$QList@H@@QAEXABH@Z 004095a0 f i configfilehandler.obj
 0001:00008630       ?append@?$QList@U?$QPair@VQString@@V?$QList@VSingleOperationData@@@@@@@@QAEXABU?$QPair@VQString@@V?$QList@VSingleOperationData@@@@@@@Z 00409630 f i configfilehandler.obj
 0001:00008710       ?append@?$QList@VQString@@@@QAEXABVQString@@@Z 00409710 f i configfilehandler.obj
 0001:000087c0       ?append@?$QList@VSingleOperationData@@@@QAEXABVSingleOperationData@@@Z 004097c0 f i configfilehandler.obj
 0001:000088a0       ?clear@?$QList@H@@QAEXXZ   004098a0 f i configfilehandler.obj
 0001:00008940       ?clear@?$QList@U?$QPair@VQString@@V?$QList@VSingleOperationData@@@@@@@@QAEXXZ 00409940 f i configfilehandler.obj
 0001:000089d0       ?copy@?$QMapNode@VQString@@V1@@@QBEPAU1@PAU?$QMapData@VQString@@V1@@@@Z 004099d0 f i configfilehandler.obj
 0001:00008a50       ?copy@?$QMapNode@VQString@@VOperationParamData@@@@QBEPAU1@PAU?$QMapData@VQString@@VOperationParamData@@@@@Z 00409a50 f i configfilehandler.obj
 0001:00008ad0       ?copy@?$QMapNode@VQString@@VQStringList@@@@QBEPAU1@PAU?$QMapData@VQString@@VQStringList@@@@@Z 00409ad0 f i configfilehandler.obj
 0001:00008b50       ?createNode@?$QMapData@VQString@@V1@@@QAEPAU?$QMapNode@VQString@@V1@@@ABVQString@@0PAU2@_N@Z 00409b50 f i configfilehandler.obj
 0001:00008b90       ?createNode@?$QMapData@VQString@@VOperationParamData@@@@QAEPAU?$QMapNode@VQString@@VOperationParamData@@@@ABVQString@@ABVOperationParamData@@PAU2@_N@Z 00409b90 f i configfilehandler.obj
 0001:00008c50       ?createNode@?$QMapData@VQString@@VQStringList@@@@QAEPAU?$QMapNode@VQString@@VQStringList@@@@ABVQString@@ABVQStringList@@PAU2@_N@Z 00409c50 f i configfilehandler.obj
 0001:00008d10       ?destroySubTree@?$QMapNode@VQString@@V1@@@QAEXXZ 00409d10 f i configfilehandler.obj
 0001:00008d40       ?destroySubTree@?$QMapNode@VQString@@VOperationParamData@@@@QAEXXZ 00409d40 f i configfilehandler.obj
 0001:00008d70       ?destroySubTree@?$QMapNode@VQString@@VQStringList@@@@QAEXXZ 00409d70 f i configfilehandler.obj
 0001:00008da0       ?detach_helper@?$QMap@VQString@@V1@@@AAEXXZ 00409da0 f i configfilehandler.obj
 0001:00008e20       ?detach_helper@?$QMap@VQString@@VOperationParamData@@@@AAEXXZ 00409e20 f i configfilehandler.obj
 0001:00008ec0       ?detach_helper@?$QMap@VQString@@VQStringList@@@@AAEXXZ 00409ec0 f i configfilehandler.obj
 0001:00008f60       ?detach_helper_grow@?$QList@H@@AAEPAUNode@1@HH@Z 00409f60 f i configfilehandler.obj
 0001:00008f60       ?detach_helper_grow@?$QList@PAVQObject@@@@AAEPAUNode@1@HH@Z 00409f60 f i workmodels.obj
 0001:000090a0       ?detach_helper_grow@?$QList@U?$QPair@VQString@@V?$QList@VSingleOperationData@@@@@@@@AAEPAUNode@1@HH@Z 0040a0a0 f i configfilehandler.obj
 0001:00009210       ?detach_helper_grow@?$QList@VQString@@@@AAEPAUNode@1@HH@Z 0040a210 f i configfilehandler.obj
 0001:00009390       ?detach_helper_grow@?$QList@VSingleOperationData@@@@AAEPAUNode@1@HH@Z 0040a390 f i configfilehandler.obj
 0001:00009500       ?insert@?$QMap@VQString@@V1@@@QAE?AViterator@1@ABVQString@@0@Z 0040a500 f i configfilehandler.obj
 0001:000095d0       ?insert@?$QMap@VQString@@VOperationParamData@@@@QAE?AViterator@1@ABVQString@@ABVOperationParamData@@@Z 0040a5d0 f i configfilehandler.obj
 0001:000096a0       ?insert@?$QMap@VQString@@VQStringList@@@@QAE?AViterator@1@ABVQString@@ABVQStringList@@@Z 0040a6a0 f i configfilehandler.obj
 0001:00009790       ?key@iterator@QJsonObject@@QBE?AVQString@@XZ 0040a790 f i configfilehandler.obj
 0001:000097b0       ?loadConfigFile@configFileHandler@@QAE_NABVQString@@@Z 0040a7b0 f   configfilehandler.obj
 0001:000098b0       ?lowerBound@?$QMapNode@VQString@@VOperationParamData@@@@QAEPAU1@ABVQString@@@Z 0040a8b0 f i configfilehandler.obj
 0001:000098b0       ?lowerBound@?$QMapNode@VQString@@V1@@@QAEPAU1@ABVQString@@@Z 0040a8b0 f i configfilehandler.obj
 0001:000098b0       ?lowerBound@?$QMapNode@VQString@@VQStringList@@@@QAEPAU1@ABVQString@@@Z 0040a8b0 f i configfilehandler.obj
 0001:000098f0       ?node_copy@?$QList@U?$QPair@VQString@@V?$QList@VSingleOperationData@@@@@@@@AAEXPAUNode@1@00@Z 0040a8f0 f i configfilehandler.obj
 0001:000099b0       ?node_copy@?$QList@VSingleOperationData@@@@AAEXPAUNode@1@00@Z 0040a9b0 f i configfilehandler.obj
 0001:00009a80       ?node_destruct@?$QList@U?$QPair@VQString@@V?$QList@VSingleOperationData@@@@@@@@AAEXPAUNode@1@0@Z 0040aa80 f i configfilehandler.obj
 0001:00009b40       ?node_destruct@?$QList@VQString@@@@AAEXPAUNode@1@0@Z 0040ab40 f i configfilehandler.obj
 0001:00009b70       ?node_destruct@?$QList@VSingleOperationData@@@@AAEXPAUNode@1@0@Z 0040ab70 f i configfilehandler.obj
 0001:00009c10       ?toList@configFileHandler@@QAE?AVQStringList@@ABVQString@@@Z 0040ac10 f   configfilehandler.obj
 0001:00009cf0       ?value@?$QMap@VQString@@VOperationParamData@@@@QBE?BVOperationParamData@@ABVQString@@ABV2@@Z 0040acf0 f i configfilehandler.obj
 0001:00009d60       ??$qMakeForeachContainer@ABV?$QList@VSingleOperationData@@@@@QtPrivate@@YA?AV?$QForeachContainer@V?$QList@VSingleOperationData@@@@@0@ABV?$QList@VSingleOperationData@@@@@Z 0040ad60 f i environmentvariant.obj
 0001:00009da0       ??0EnvironmentVariant@@AAE@XZ 0040ada0 f i environmentvariant.obj
 0001:00009e90       ??0SingleOperationData@@QAE@$$QAV0@@Z 0040ae90 f i environmentvariant.obj
 0001:00009ec0       ??0SingleOperationData@@QAE@ABV0@@Z 0040aec0 f i environmentvariant.obj
 0001:00009f30       ??1?$QForeachContainer@V?$QList@VSingleOperationData@@@@@QtPrivate@@QAE@XZ 0040af30 f i environmentvariant.obj
 0001:00009fb0       ??1?$QList@U?$QPair@VQString@@V?$QList@VSingleOperationData@@@@@@@@QAE@XZ 0040afb0 f i environmentvariant.obj
 0001:0000a030       ??1EnvironmentVariant@@EAE@XZ 0040b030 f i environmentvariant.obj
 0001:0000a1b0       ??1configFileHandler@@UAE@XZ 0040b1b0 f i environmentvariant.obj
 0001:0000a1d0       ??4?$QList@VSingleOperationData@@@@QAEAAV0@ABV0@@Z 0040b1d0 f i environmentvariant.obj
 0001:0000a270       ??4SingleOperationData@@QAEAAV0@$$QAV0@@Z 0040b270 f i environmentvariant.obj
 0001:0000a300       ??4SingleOperationData@@QAEAAV0@ABV0@@Z 0040b300 f i environmentvariant.obj
 0001:0000a3a0       ??A?$QList@VQString@@@@QAEAAVQString@@H@Z 0040b3a0 f i environmentvariant.obj
 0001:0000a3d0       ??A?$QList@VSingleOperationData@@@@QAEAAVSingleOperationData@@H@Z 0040b3d0 f i environmentvariant.obj
 0001:0000a400       ??A?$QMap@VQString@@VOperationParamData@@@@QAEAAVOperationParamData@@ABVQString@@@Z 0040b400 f i environmentvariant.obj
 0001:0000a4c0       ??Y?$QList@VQString@@@@QAEAAV0@ABV0@@Z 0040b4c0 f i environmentvariant.obj
 0001:0000a5c0       ??_EEnvironmentVariant@@EAEPAXI@Z 0040b5c0 f i environmentvariant.obj
 0001:0000a5c0       ??_GEnvironmentVariant@@EAEPAXI@Z 0040b5c0 f i environmentvariant.obj
 0001:0000a5e0       ??_ETargetMachineObject@@UAEPAXI@Z 0040b5e0 f i environmentvariant.obj
 0001:0000a5e0       ??_GTargetMachineObject@@UAEPAXI@Z 0040b5e0 f i environmentvariant.obj
 0001:0000a610       ?AddPlan@EnvironmentVariant@@QAEXABVQString@@@Z 0040b610 f   environmentvariant.obj
 0001:0000a720       ?AddPlanStep@EnvironmentVariant@@QAEXHHH@Z 0040b720 f   environmentvariant.obj
 0001:0000a8b0       ?LogicalControlList@EnvironmentVariant@@QAE?AVQStringList@@XZ 0040b8b0 f   environmentvariant.obj
 0001:0000aa40       ?MovePlanStep@EnvironmentVariant@@QAEXHHH@Z 0040ba40 f   environmentvariant.obj
 0001:0000ab20       ?OperationNameList@EnvironmentVariant@@QAE?AVQStringList@@XZ 0040bb20 f   environmentvariant.obj
 0001:0000acb0       ?PlanList@EnvironmentVariant@@QAE?AVQStringList@@XZ 0040bcb0 f   environmentvariant.obj
 0001:0000ad70       ?RemovePlan@EnvironmentVariant@@QAEXH@Z 0040bd70 f   environmentvariant.obj
 0001:0000ada0       ?RemovePlanStep@EnvironmentVariant@@QAEXHH@Z 0040bda0 f   environmentvariant.obj
 0001:0000ae00       ?SaveMachineConfig@EnvironmentVariant@@QAEXABVMachineConfigData@@@Z 0040be00 f   environmentvariant.obj
 0001:0000aed0       ?SavePlan@EnvironmentVariant@@QAEXXZ 0040bed0 f   environmentvariant.obj
 0001:0000af40       ?SetPlanName@EnvironmentVariant@@QAEXHABVQString@@@Z 0040bf40 f   environmentvariant.obj
 0001:0000af90       ?SetPlanStepSingleParam@EnvironmentVariant@@QAEXHHABVQString@@ABVQVariant@@@Z 0040bf90 f   environmentvariant.obj
 0001:0000b0f0       ?SetPlanStepToDefault@EnvironmentVariant@@QAEXHHH@Z 0040c0f0 f   environmentvariant.obj
 0001:0000b1c0       ?StartPlan@EnvironmentVariant@@QAEXHH@Z 0040c1c0 f   environmentvariant.obj
 0001:0000baf0       ?StepList@EnvironmentVariant@@QAE?AVQStringList@@H@Z 0040caf0 f   environmentvariant.obj
 0001:0000bc90       ?StopPlan@EnvironmentVariant@@QAEXXZ 0040cc90 f   environmentvariant.obj
 0001:0000bca0       ?begin@?$QList@VOperationParamData@@@@QAE?AViterator@1@XZ 0040cca0 f i environmentvariant.obj
 0001:0000bcd0       ?contains@?$QMap@VQString@@VQStringList@@@@QBE_NABVQString@@@Z 0040ccd0 f i environmentvariant.obj
 0001:0000bd10       ?defaultValue@EnvironmentVariant@@QAE?AVSingleOperationData@@ABVQString@@@Z 0040cd10 f   environmentvariant.obj
 0001:0000bf30       ?detach_helper@?$QList@H@@AAEXH@Z 0040cf30 f i environmentvariant.obj
 0001:0000c000       ?detach_helper@?$QList@U?$QPair@VQString@@V?$QList@VSingleOperationData@@@@@@@@AAEXH@Z 0040d000 f i environmentvariant.obj
 0001:0000c0e0       ?detach_helper@?$QList@VOperationParamData@@@@AAEXH@Z 0040d0e0 f i environmentvariant.obj
 0001:0000c1b0       ?detach_helper@?$QList@VQString@@@@AAEXH@Z 0040d1b0 f i environmentvariant.obj
 0001:0000c2a0       ?detach_helper@?$QList@VSingleOperationData@@@@AAEXH@Z 0040d2a0 f i environmentvariant.obj
 0001:0000c380       ?formatSingleOperationParam@EnvironmentVariant@@QAE?AVQJsonObject@@ABVSingleOperationData@@@Z 0040d380 f   environmentvariant.obj
 0001:0000c9b0       ?getOperationIndex@EnvironmentVariant@@QAEHABVQString@@@Z 0040d9b0 f   environmentvariant.obj
 0001:0000ca20       ?getOperationParams@EnvironmentVariant@@QAE?AV?$QList@VOperationParamData@@@@H@Z 0040da20 f   environmentvariant.obj
 0001:0000cbf0       ?getWorkLocationTypeList@EnvironmentVariant@@QAE?AVQStringList@@XZ 0040dbf0 f   environmentvariant.obj
 0001:0000cc10       ?initModels@EnvironmentVariant@@QAEXPAVQQmlContext@@@Z 0040dc10 f   environmentvariant.obj
 0001:0000cc90       ?initProtocol@EnvironmentVariant@@QAEXABVQString@@@Z 0040dc90 f   environmentvariant.obj
 0001:0000cd00       ?initUserConfig@EnvironmentVariant@@QAEXABVQString@@@Z 0040dd00 f   environmentvariant.obj
 0001:0000cde0       ?insert@?$QList@VSingleOperationData@@@@QAEXHABVSingleOperationData@@@Z 0040dde0 f i environmentvariant.obj
 0001:0000cec0       ?instance@EnvironmentVariant@@SAPAV1@XZ 0040dec0 f   environmentvariant.obj
 0001:0000cf20       ?node_destruct@?$QList@VSingleOperationData@@@@AAEXPAUNode@1@@Z 0040df20 f i environmentvariant.obj
 0001:0000cfb0       ?parseConfigFile@EnvironmentVariant@@QAEXABVQString@@@Z 0040dfb0 f   environmentvariant.obj
 0001:0000d650       ?planStepParam@EnvironmentVariant@@QAE?AVSingleOperationData@@HH@Z 0040e650 f   environmentvariant.obj
 0001:0000d9a0       ?removeAt@?$QList@U?$QPair@VQString@@V?$QList@VSingleOperationData@@@@@@@@QAEXH@Z 0040e9a0 f i environmentvariant.obj
 0001:0000da00       ?removeAt@?$QList@VSingleOperationData@@@@QAEXH@Z 0040ea00 f i environmentvariant.obj
 0001:0000da50       ?runTask@EnvironmentVariant@@QAEXABVQJsonObject@@@Z 0040ea50 f   environmentvariant.obj
 0001:0000dad0       ?setWorkLocationType@EnvironmentVariant@@QAE_NHABVQString@@@Z 0040ead0 f   environmentvariant.obj
 0001:0000db70       ??$atImpl@V?$QList@PAVQObject@@@@@QSequentialIterableImpl@QtMetaTypePrivate@@SAPBXPBXH@Z 0040eb70 f i moc_workmodels.obj
 0001:0000db70       ??$atImpl@V?$QList@H@@@QSequentialIterableImpl@QtMetaTypePrivate@@SAPBXPBXH@Z 0040eb70 f i moc_workmodels.obj
 0001:0000db90       ??$equal@PBHV?$checked_array_iterator@PBH@stdext@@U?$equal_to@X@std@@@std@@YA_NPBH0V?$checked_array_iterator@PBH@stdext@@U?$equal_to@X@0@@Z 0040eb90 f i moc_workmodels.obj
 0001:0000db90       ??$equal@PBQAVQObject@@V?$checked_array_iterator@PBQAVQObject@@@stdext@@U?$equal_to@X@std@@@std@@YA_NPBQAVQObject@@0V?$checked_array_iterator@PBQAVQObject@@@stdext@@U?$equal_to@X@0@@Z 0040eb90 f i moc_workmodels.obj
 0001:0000dc10       ??$getImpl@V?$QList@H@@@QSequentialIterableImpl@QtMetaTypePrivate@@SA?AUVariantData@1@PBQAXHI@Z 0040ec10 f i moc_workmodels.obj
 0001:0000dc10       ??$getImpl@V?$QList@PAVQObject@@@@@QSequentialIterableImpl@QtMetaTypePrivate@@SA?AUVariantData@1@PBQAXHI@Z 0040ec10 f i moc_workmodels.obj
 0001:0000dc30       ??$moveToBeginImpl@V?$QList@H@@@QSequentialIterableImpl@QtMetaTypePrivate@@SAXPBXPAPAX@Z 0040ec30 f i moc_workmodels.obj
 0001:0000dc30       ??$moveToBeginImpl@V?$QList@PAVQObject@@@@@QSequentialIterableImpl@QtMetaTypePrivate@@SAXPBXPAPAX@Z 0040ec30 f i moc_workmodels.obj
 0001:0000dc60       ??$moveToEndImpl@V?$QList@H@@@QSequentialIterableImpl@QtMetaTypePrivate@@SAXPBXPAPAX@Z 0040ec60 f i moc_workmodels.obj
 0001:0000dc60       ??$moveToEndImpl@V?$QList@PAVQObject@@@@@QSequentialIterableImpl@QtMetaTypePrivate@@SAXPBXPAPAX@Z 0040ec60 f i moc_workmodels.obj
 0001:0000dc90       ??$sizeImpl@V?$QList@H@@@QSequentialIterableImpl@QtMetaTypePrivate@@SAHPBX@Z 0040ec90 f i moc_workmodels.obj
 0001:0000dc90       ??$sizeImpl@V?$QList@PAVQObject@@@@@QSequentialIterableImpl@QtMetaTypePrivate@@SAHPBX@Z 0040ec90 f i moc_workmodels.obj
 0001:0000dca0       ??0QSequentialIterableImpl@QtMetaTypePrivate@@QAE@XZ 0040eca0 f i moc_workmodels.obj
 0001:0000dd10       ??4?$QList@PAVQObject@@@@QAEAAV0@$$QAV0@@Z 0040ed10 f i moc_workmodels.obj
 0001:0000dd10       ??4?$QList@H@@QAEAAV0@$$QAV0@@Z 0040ed10 f i moc_workmodels.obj
 0001:0000dd90       ??4QStringList@@QAEAAV0@$$QAV0@@Z 0040ed90 f i moc_workmodels.obj
 0001:0000ddc0       ?Construct@?$QMetaTypeFunctionHelper@V?$QList@PAVQObject@@@@$00@QtMetaTypePrivate@@SAPAXPAXPBX@Z 0040edc0 f i moc_workmodels.obj
 0001:0000ddc0       ?Construct@?$QMetaTypeFunctionHelper@V?$QList@H@@$00@QtMetaTypePrivate@@SAPAXPAXPBX@Z 0040edc0 f i moc_workmodels.obj
 0001:0000de40       ?Construct@?$QMetaTypeFunctionHelper@VQSequentialIterableImpl@QtMetaTypePrivate@@$00@QtMetaTypePrivate@@SAPAXPAXPBX@Z 0040ee40 f i moc_workmodels.obj
 0001:0000de80       ?Destruct@?$QMetaTypeFunctionHelper@V?$QList@H@@$00@QtMetaTypePrivate@@SAXPAX@Z 0040ee80 f i moc_workmodels.obj
 0001:0000de80       ?Destruct@?$QMetaTypeFunctionHelper@V?$QList@PAVQObject@@@@$00@QtMetaTypePrivate@@SAXPAX@Z 0040ee80 f i moc_workmodels.obj
 0001:0000def0       ?MachineConfigChanged@TargetMachineObject@@QAEXXZ 0040eef0 f   moc_workmodels.obj
 0001:0000df10       ?UnitChanged@OperationParamObject@@QAEXXZ 0040ef10 f   moc_workmodels.obj
 0001:0000df30       ?advance@?$IteratorOwnerCommon@Vconst_iterator@?$QList@H@@@QtMetaTypePrivate@@SAXPAPAXH@Z 0040ef30 f i moc_workmodels.obj
 0001:0000df30       ?advance@?$IteratorOwnerCommon@Vconst_iterator@?$QList@PAVQObject@@@@@QtMetaTypePrivate@@SAXPAPAXH@Z 0040ef30 f i moc_workmodels.obj
 0001:0000df40       ?assign@?$IteratorOwnerCommon@Vconst_iterator@?$QList@PAVQObject@@@@@QtMetaTypePrivate@@SAXPAPAXPBQAX@Z 0040ef40 f i moc_workmodels.obj
 0001:0000df40       ?assign@?$IteratorOwnerCommon@Vconst_iterator@?$QList@H@@@QtMetaTypePrivate@@SAXPAPAXPBQAX@Z 0040ef40 f i moc_workmodels.obj
 0001:0000df60       ?boolValueChanged@OperationParamObject@@QAEXXZ 0040ef60 f   moc_workmodels.obj
 0001:0000df80       ?bottomValueChanged@OperationParamObject@@QAEXXZ 0040ef80 f   moc_workmodels.obj
 0001:0000dfb0       ?convert@?$ConverterFunctor@V?$QList@H@@VQSequentialIterableImpl@QtMetaTypePrivate@@U?$QSequentialIterableConvertFunctor@V?$QList@H@@@3@@QtPrivate@@SA_NPBUAbstractConverterFunction@2@PBXPAX@Z 0040efb0 f i moc_workmodels.obj
 0001:0000e050       ?convert@?$ConverterFunctor@V?$QList@PAVQObject@@@@VQSequentialIterableImpl@QtMetaTypePrivate@@U?$QSequentialIterableConvertFunctor@V?$QList@PAVQObject@@@@@3@@QtPrivate@@SA_NPBUAbstractConverterFunction@2@PBXPAX@Z 0040f050 f i moc_workmodels.obj
 0001:0000e0f0       ?currentIndexChanged@OperationParamSelector@@QAEXXZ 0040f0f0 f   moc_workmodels.obj
 0001:0000e110       ?destroy@?$IteratorOwnerCommon@Vconst_iterator@?$QList@PAVQObject@@@@@QtMetaTypePrivate@@SAXPAPAX@Z 0040f110 f i moc_workmodels.obj
 0001:0000e110       ?destroy@?$IteratorOwnerCommon@Vconst_iterator@?$QList@H@@@QtMetaTypePrivate@@SAXPAPAX@Z 0040f110 f i moc_workmodels.obj
 0001:0000e130       ?display@OperationParamObject@@QBE?AVQString@@XZ 0040f130 f i moc_workmodels.obj
 0001:0000e150       ?displayChanged@OperationParamObject@@QAEXXZ 0040f150 f   moc_workmodels.obj
 0001:0000e170       ?equal@?$IteratorOwnerCommon@Vconst_iterator@?$QList@H@@@QtMetaTypePrivate@@SA_NPBQAX0@Z 0040f170 f i moc_workmodels.obj
 0001:0000e170       ?equal@?$IteratorOwnerCommon@Vconst_iterator@?$QList@PAVQObject@@@@@QtMetaTypePrivate@@SA_NPBQAX0@Z 0040f170 f i moc_workmodels.obj
 0001:0000e190       ?floatValueChanged@OperationParamObject@@QAEXXZ 0040f190 f   moc_workmodels.obj
 0001:0000e1b0       ?getIpAddress@TargetMachineObject@@QBE?AVQString@@XZ 0040f1b0 f i environmentvariant.obj
 0001:0000e1b0       ?name@OperationParamObject@@QBE?AVQString@@XZ 0040f1b0 f i workmodels.obj
 0001:0000e1b0       ?getOperationName@SingleOperationObject@@QAE?AVQString@@XZ 0040f1b0 f i moc_workmodels.obj
 0001:0000e1d0       ?getParamListModel@PlanSelector@@QAE?AV?$QList@PAVQObject@@@@XZ 0040f1d0 f i moc_workmodels.obj
 0001:0000e1f0       ?getParamModel@OperationParamSelector@@QAE?AV?$QList@PAVQObject@@@@XZ 0040f1f0 f i moc_workmodels.obj
 0001:0000e210       ?intListValue@OperationParamObject@@QAE?AV?$QList@H@@XZ 0040f210 f i moc_workmodels.obj
 0001:0000e230       ?intListValueChanged@OperationParamObject@@QAEXXZ 0040f230 f   moc_workmodels.obj
 0001:0000e250       ?integerValueChanged@OperationParamObject@@QAEXXZ 0040f250 f   moc_workmodels.obj
 0001:0000e270       ?metaObject@OperationParamObject@@UBEPBUQMetaObject@@XZ 0040f270 f   moc_workmodels.obj
 0001:0000e290       ?metaObject@OperationParamSelector@@UBEPBUQMetaObject@@XZ 0040f290 f   moc_workmodels.obj
 0001:0000e2b0       ?metaObject@PlanController@@UBEPBUQMetaObject@@XZ 0040f2b0 f   moc_workmodels.obj
 0001:0000e2d0       ?metaObject@PlanSelector@@UBEPBUQMetaObject@@XZ 0040f2d0 f   moc_workmodels.obj
 0001:0000e2f0       ?metaObject@StatusViewWatcher@@UBEPBUQMetaObject@@XZ 0040f2f0 f   moc_workmodels.obj
 0001:0000e310       ?metaObject@TargetMachineObject@@UBEPBUQMetaObject@@XZ 0040f310 f   moc_workmodels.obj
 0001:0000e330       ?nameChanged@OperationParamObject@@QAEXXZ 0040f330 f   moc_workmodels.obj
 0001:0000e350       ?op_eq_impl@?$QList@H@@ABE_NABV1@UArrayCompatibleLayout@QListData@@@Z 0040f350 f i moc_workmodels.obj
 0001:0000e350       ?op_eq_impl@?$QList@PAVQObject@@@@ABE_NABV1@UArrayCompatibleLayout@QListData@@@Z 0040f350 f i moc_workmodels.obj
 0001:0000e3c0       ?op_eq_impl@?$QList@VQString@@@@ABE_NABV1@UArrayCompatibleLayout@QListData@@@Z 0040f3c0 f i moc_workmodels.obj
 0001:0000e430       ?operationListModel@PlanSelector@@QAE?AVQStringList@@XZ 0040f430 f i moc_workmodels.obj
 0001:0000e450       ?operationModel@OperationParamSelector@@QAE?AVQStringList@@XZ 0040f450 f i moc_workmodels.obj
 0001:0000e470       ?operationNameChanged@SingleOperationObject@@QAEXXZ 0040f470 f   moc_workmodels.obj
 0001:0000e490       ?pageNameChanged@OperationParamSelector@@QAEXXZ 0040f490 f   moc_workmodels.obj
 0001:0000e4b0       ?paramListModelChanged@PlanSelector@@QAEXXZ 0040f4b0 f   moc_workmodels.obj
 0001:0000e4d0       ?paramModelChanged@OperationParamSelector@@QAEXXZ 0040f4d0 f   moc_workmodels.obj
 0001:0000e4f0       ?qt_metacall@OperationParamObject@@UAEHW4Call@QMetaObject@@HPAPAX@Z 0040f4f0 f   moc_workmodels.obj
 0001:0000e590       ?qt_metacall@OperationParamSelector@@UAEHW4Call@QMetaObject@@HPAPAX@Z 0040f590 f   moc_workmodels.obj
 0001:0000e640       ?qt_metacall@PlanController@@UAEHW4Call@QMetaObject@@HPAPAX@Z 0040f640 f   moc_workmodels.obj
 0001:0000e6a0       ?qt_metacall@PlanSelector@@UAEHW4Call@QMetaObject@@HPAPAX@Z 0040f6a0 f   moc_workmodels.obj
 0001:0000e750       ?qt_metacall@StatusViewWatcher@@UAEHW4Call@QMetaObject@@HPAPAX@Z 0040f750 f   moc_workmodels.obj
 0001:0000e7b0       ?qt_metacall@TargetMachineObject@@UAEHW4Call@QMetaObject@@HPAPAX@Z 0040f7b0 f   moc_workmodels.obj
 0001:0000e870       ?qt_metacast@OperationParamObject@@UAEPAXPBD@Z 0040f870 f   moc_workmodels.obj
 0001:0000e910       ?qt_metacast@OperationParamSelector@@UAEPAXPBD@Z 0040f910 f   moc_workmodels.obj
 0001:0000e970       ?qt_metacast@PlanController@@UAEPAXPBD@Z 0040f970 f   moc_workmodels.obj
 0001:0000e9d0       ?qt_metacast@PlanSelector@@UAEPAXPBD@Z 0040f9d0 f   moc_workmodels.obj
 0001:0000ea30       ?qt_metacast@StatusViewWatcher@@UAEPAXPBD@Z 0040fa30 f   moc_workmodels.obj
 0001:0000ea90       ?qt_metacast@TargetMachineObject@@UAEPAXPBD@Z 0040fa90 f   moc_workmodels.obj
 0001:0000eb30       ?qt_metatype_id@?$QMetaTypeId@V?$QList@H@@@@SAHXZ 0040fb30 f i moc_workmodels.obj
 0001:0000ec50       ?qt_metatype_id@?$QMetaTypeId@V?$QList@PAVQObject@@@@@@SAHXZ 0040fc50 f i moc_workmodels.obj
 0001:0000ecf0       ?qt_metatype_id@?$QMetaTypeId@VQSequentialIterableImpl@QtMetaTypePrivate@@@@SAHXZ 0040fcf0 f i moc_workmodels.obj
 0001:0000ed80       ?qt_static_metacall@OperationParamObject@@CAXPAVQObject@@W4Call@QMetaObject@@HPAPAX@Z 0040fd80 f   moc_workmodels.obj
 0001:0000f260       ?qt_static_metacall@OperationParamSelector@@CAXPAVQObject@@W4Call@QMetaObject@@HPAPAX@Z 00410260 f   moc_workmodels.obj
 0001:0000f3f0       ?qt_static_metacall@PlanController@@CAXPAVQObject@@W4Call@QMetaObject@@HPAPAX@Z 004103f0 f   moc_workmodels.obj
 0001:0000f480       ?qt_static_metacall@PlanSelector@@CAXPAVQObject@@W4Call@QMetaObject@@HPAPAX@Z 00410480 f   moc_workmodels.obj
 0001:0000f750       ?qt_static_metacall@SingleOperationObject@@CAXPAVQObject@@W4Call@QMetaObject@@HPAPAX@Z 00410750 f   moc_workmodels.obj
 0001:0000f800       ?qt_static_metacall@StatusViewWatcher@@CAXPAVQObject@@W4Call@QMetaObject@@HPAPAX@Z 00410800 f   moc_workmodels.obj
 0001:0000f8e0       ?qt_static_metacall@TargetMachineObject@@CAXPAVQObject@@W4Call@QMetaObject@@HPAPAX@Z 004108e0 f   moc_workmodels.obj
 0001:0000f9f0       ?registerConverter@?$ValueTypeIsMetaType@V?$QList@H@@$00@QtPrivate@@SA_NH@Z 004109f0 f i moc_workmodels.obj
 0001:0000fa80       ?registerConverter@?$ValueTypeIsMetaType@V?$QList@PAVQObject@@@@$00@QtPrivate@@SA_NH@Z 00410a80 f i moc_workmodels.obj
 0001:0000fb10       ?setBoolValue@OperationParamObject@@QAEX_N@Z 00410b10 f i moc_workmodels.obj
 0001:0000fb40       ?setBottomValue@OperationParamObject@@QAEXH@Z 00410b40 f i moc_workmodels.obj
 0001:0000fb70       ?setDisplay@OperationParamObject@@QAEXABVQString@@@Z 00410b70 f i moc_workmodels.obj
 0001:0000fbb0       ?setFloatValue@OperationParamObject@@QAEXN@Z 00410bb0 f i moc_workmodels.obj
 0001:0000fbf0       ?setIntListValue@OperationParamObject@@QAEXABV?$QList@H@@@Z 00410bf0 f i moc_workmodels.obj
 0001:0000fcd0       ?setIntegerValue@OperationParamObject@@QAEXH@Z 00410cd0 f i moc_workmodels.obj
 0001:0000fd00       ?setIpAddress@TargetMachineObject@@QAEXABVQString@@@Z 00410d00 f i moc_workmodels.obj
 0001:0000fd40       ?setMaxReceiveTime@TargetMachineObject@@QAEXH@Z 00410d40 f i moc_workmodels.obj
 0001:0000fd70       ?setName@OperationParamObject@@QAEXABVQString@@@Z 00410d70 f i moc_workmodels.obj
 0001:0000fdb0       ?setOperationName@SingleOperationObject@@QAEXABVQString@@@Z 00410db0 f i moc_workmodels.obj
 0001:0000fdf0       ?setParamListModel@PlanSelector@@QAEXABV?$QList@PAVQObject@@@@@Z 00410df0 f i moc_workmodels.obj
 0001:0000fed0       ?setParamModel@OperationParamSelector@@QAEXABV?$QList@PAVQObject@@@@@Z 00410ed0 f i moc_workmodels.obj
 0001:0000ffb0       ?setPort@TargetMachineObject@@QAEXF@Z 00410fb0 f i moc_workmodels.obj
 0001:0000ffe0       ?setStringValue@OperationParamObject@@QAEXABVQString@@@Z 00410fe0 f i moc_workmodels.obj
 0001:00010020       ?setStringlistValue@OperationParamObject@@QAEXABVQStringList@@@Z 00411020 f i moc_workmodels.obj
 0001:000100a0       ?setSwitchValue@OperationParamObject@@QAEXABVQString@@@Z 004110a0 f i moc_workmodels.obj
 0001:000100e0       ?setTopValue@OperationParamObject@@QAEXH@Z 004110e0 f i moc_workmodels.obj
 0001:00010110       ?setUnit@OperationParamObject@@QAEXABVQString@@@Z 00411110 f i moc_workmodels.obj
 0001:00010150       ?settype@OperationParamObject@@QAEXABVQString@@@Z 00411150 f i moc_workmodels.obj
 0001:00010190       ?statusChanged@StatusViewWatcher@@QAEXABVQJsonObject@@@Z 00411190 f   moc_workmodels.obj
 0001:000101c0       ?stringListValue@OperationParamObject@@QBE?AVQStringList@@XZ 004111c0 f i moc_workmodels.obj
 0001:000101e0       ?stringValue@OperationParamObject@@QBE?AVQString@@XZ 004111e0 f i moc_workmodels.obj
 0001:00010200       ?stringValueChanged@OperationParamObject@@QAEXXZ 00411200 f   moc_workmodels.obj
 0001:00010220       ?stringlistValueChanged@OperationParamObject@@QAEXXZ 00411220 f   moc_workmodels.obj
 0001:00010240       ?switchValue@OperationParamObject@@QBE?AVQString@@XZ 00411240 f i moc_workmodels.obj
 0001:00010260       ?switchValueChanged@OperationParamObject@@QAEXXZ 00411260 f   moc_workmodels.obj
 0001:00010280       ?taskStateChanged@PlanController@@QAEX_N@Z 00411280 f   moc_workmodels.obj
 0001:000102b0       ?topValueChanged@OperationParamObject@@QAEXXZ 004112b0 f   moc_workmodels.obj
 0001:000102d0       ?type@OperationParamObject@@QBE?AVQString@@XZ 004112d0 f i moc_workmodels.obj
 0001:000102f0       ?typeChanged@OperationParamObject@@QAEXXZ 004112f0 f   moc_workmodels.obj
 0001:00010310       ?unit@OperationParamObject@@QBE?AVQString@@XZ 00411310 f i moc_workmodels.obj
 0001:00010330       ?workLocationTypeChanged@StatusViewWatcher@@QAEXXZ 00411330 f   moc_workmodels.obj
 0001:00010350       ?metaObject@configFileHandler@@UBEPBUQMetaObject@@XZ 00411350 f   moc_configfilehandler.obj
 0001:00010370       ?qt_metacall@configFileHandler@@UAEHW4Call@QMetaObject@@HPAPAX@Z 00411370 f   moc_configfilehandler.obj
 0001:00010380       ?qt_metacast@configFileHandler@@UAEPAXPBD@Z 00411380 f   moc_configfilehandler.obj
 0001:000103e0       ?metaObject@EnvironmentVariant@@UBEPBUQMetaObject@@XZ 004113e0 f   moc_environmentvariant.obj
 0001:00010400       ?qt_metacall@EnvironmentVariant@@UAEHW4Call@QMetaObject@@HPAPAX@Z 00411400 f   moc_environmentvariant.obj
 0001:00010460       ?qt_metacast@EnvironmentVariant@@UAEPAXPBD@Z 00411460 f   moc_environmentvariant.obj
 0001:000104c0       ?qt_static_metacall@EnvironmentVariant@@CAXPAVQObject@@W4Call@QMetaObject@@HPAPAX@Z 004114c0 f   moc_environmentvariant.obj
 0001:00010510       ?workLocationTypeChanged@EnvironmentVariant@@QAEXXZ 00411510 f   moc_environmentvariant.obj
 0001:00010524       _MiniDumpWriteDump@28      00411524 f   DbgHelp:dbghelp.dll
 0001:0001052a       ?fixup@QValidator@@UBEXAAVQString@@@Z 0041152a f   Qt5Gui:Qt5Gui.dll
 0001:00010530       ?metaObject@QDoubleValidator@@UBEPBUQMetaObject@@XZ 00411530 f   Qt5Gui:Qt5Gui.dll
 0001:00010536       ?qt_metacall@QDoubleValidator@@UAEHW4Call@QMetaObject@@HPAPAX@Z 00411536 f   Qt5Gui:Qt5Gui.dll
 0001:0001053c       ?qt_metacast@QDoubleValidator@@UAEPAXPBD@Z 0041153c f   Qt5Gui:Qt5Gui.dll
 0001:00010542       ?setRange@QDoubleValidator@@UAEXNNH@Z 00411542 f   Qt5Gui:Qt5Gui.dll
 0001:00010548       ?childEvent@QObject@@MAEXPAVQChildEvent@@@Z 00411548 f   Qt5Core:Qt5Core.dll
 0001:0001054e       ?connectNotify@QObject@@MAEXABVQMetaMethod@@@Z 0041154e f   Qt5Core:Qt5Core.dll
 0001:00010554       ?customEvent@QObject@@MAEXPAVQEvent@@@Z 00411554 f   Qt5Core:Qt5Core.dll
 0001:0001055a       ?disconnectNotify@QObject@@MAEXABVQMetaMethod@@@Z 0041155a f   Qt5Core:Qt5Core.dll
 0001:00010560       ?event@QObject@@UAE_NPAVQEvent@@@Z 00411560 f   Qt5Core:Qt5Core.dll
 0001:00010566       ?eventFilter@QObject@@UAE_NPAV1@PAVQEvent@@@Z 00411566 f   Qt5Core:Qt5Core.dll
 0001:0001056c       ?timerEvent@QObject@@MAEXPAVQTimerEvent@@@Z 0041156c f   Qt5Core:Qt5Core.dll
 0001:00010572       ?qRegisterResourceData@@YA_NHPBE00@Z 00411572 f   Qt5Core:Qt5Core.dll
 0001:00010578       ?qUnregisterResourceData@@YA_NHPBE00@Z 00411578 f   Qt5Core:Qt5Core.dll
 0001:0001057e       ??2@YAPAXI@Z               0041157e f   MSVCRT:new_scalar.obj
 0001:000105b1       ??3@YAXPAXI@Z              004115b1 f   MSVCRT:delete_scalar_size.obj
 0001:000105bf       @__security_check_cookie@4 004115bf f   MSVCRT:_secchk_.obj
 0001:000105d0       ??_Gtype_info@@UAEPAXI@Z   004115d0 f i MSVCRT:std_type_info_static.obj
 0001:000105d0       ??_Etype_info@@UAEPAXI@Z   004115d0 f i MSVCRT:std_type_info_static.obj
 0001:00010637       ___scrt_acquire_startup_lock 00411637 f   MSVCRT:utility.obj
 0001:0001066c       ___scrt_initialize_crt     0041166c f   MSVCRT:utility.obj
 0001:000106a5       ___scrt_initialize_onexit_tables 004116a5 f   MSVCRT:utility.obj
 0001:0001073c       ___scrt_is_nonwritable_in_current_image 0041173c f   MSVCRT:utility.obj
 0001:000107c6       ___scrt_release_startup_lock 004117c6 f   MSVCRT:utility.obj
 0001:000107e3       ___scrt_uninitialize_crt   004117e3 f   MSVCRT:utility.obj
 0001:0001080b       __onexit                   0041180b f   MSVCRT:utility.obj
 0001:00010846       _atexit                    00411846 f   MSVCRT:utility.obj
 0001:0001091b       ??$__crt_fast_encode_pointer@P6GXPAU_RTL_CONDITION_VARIABLE@@@Z@@YAP6GXPAU_RTL_CONDITION_VARIABLE@@@ZQ6GX0@Z@Z 0041191b f i MSVCRT:thread_safe_statics.obj
 0001:0001091b       ??$__crt_fast_encode_pointer@P6GHPAU_RTL_CONDITION_VARIABLE@@PAU_RTL_CRITICAL_SECTION@@K@Z@@YAP6GHPAU_RTL_CONDITION_VARIABLE@@PAU_RTL_CRITICAL_SECTION@@K@ZQ6GH01K@Z@Z 0041191b f i MSVCRT:thread_safe_statics.obj
 0001:00010954       __Init_thread_footer       00411954 f   MSVCRT:thread_safe_statics.obj
 0001:00010993       __Init_thread_header       00411993 f   MSVCRT:thread_safe_statics.obj
 0001:000109d9       __Init_thread_lock         004119d9 f   MSVCRT:thread_safe_statics.obj
 0001:000109e5       __Init_thread_notify       004119e5 f   MSVCRT:thread_safe_statics.obj
 0001:00010a26       __Init_thread_unlock       00411a26 f   MSVCRT:thread_safe_statics.obj
 0001:00010a32       __Init_thread_wait         00411a32 f   MSVCRT:thread_safe_statics.obj
 0001:00010cbd       _WinMainCRTStartup         00411cbd f   MSVCRT:exe_winmain.obj
 0001:00010cc7       ??0bad_alloc@std@@QAE@ABV01@@Z 00411cc7 f i MSVCRT:throw_bad_alloc.obj
 0001:00010ce2       ??0bad_alloc@std@@QAE@XZ   00411ce2 f i MSVCRT:throw_bad_alloc.obj
 0001:00010cfa       ??0bad_array_new_length@std@@QAE@ABV01@@Z 00411cfa f i MSVCRT:throw_bad_alloc.obj
 0001:00010d15       ??0bad_array_new_length@std@@QAE@XZ 00411d15 f i MSVCRT:throw_bad_alloc.obj
 0001:00010d2d       ??0exception@std@@QAE@ABV01@@Z 00411d2d f i MSVCRT:throw_bad_alloc.obj
 0001:00010d59       ??1bad_alloc@std@@UAE@XZ   00411d59 f i MSVCRT:throw_bad_alloc.obj
 0001:00010d59       ??1bad_array_new_length@std@@UAE@XZ 00411d59 f i MSVCRT:throw_bad_alloc.obj
 0001:00010d6a       ??_Ebad_array_new_length@std@@UAEPAXI@Z 00411d6a f i MSVCRT:throw_bad_alloc.obj
 0001:00010d6a       ??_Gbad_array_new_length@std@@UAEPAXI@Z 00411d6a f i MSVCRT:throw_bad_alloc.obj
 0001:00010d6a       ??_Gbad_alloc@std@@UAEPAXI@Z 00411d6a f i MSVCRT:throw_bad_alloc.obj
 0001:00010d6a       ??_Gexception@std@@UAEPAXI@Z 00411d6a f i MSVCRT:throw_bad_alloc.obj
 0001:00010d6a       ??_Eexception@std@@UAEPAXI@Z 00411d6a f i MSVCRT:throw_bad_alloc.obj
 0001:00010d6a       ??_Ebad_alloc@std@@UAEPAXI@Z 00411d6a f i MSVCRT:throw_bad_alloc.obj
 0001:00010d97       ?__scrt_throw_std_bad_alloc@@YAXXZ 00411d97 f   MSVCRT:throw_bad_alloc.obj
 0001:00010db4       ?__scrt_throw_std_bad_array_new_length@@YAXXZ 00411db4 f   MSVCRT:throw_bad_alloc.obj
 0001:00010dd1       ?what@exception@std@@UBEPBDXZ 00411dd1 f i MSVCRT:throw_bad_alloc.obj
 0001:00010dde       ??3@YAXPAX@Z               00411dde f   MSVCRT:delete_scalar.obj
 0001:00010de3       ___raise_securityfailure   00411de3 f   MSVCRT:gs_report.obj
 0001:00010e0b       ___report_gsfailure        00411e0b f   MSVCRT:gs_report.obj
 0001:00010f06       ___isa_available_init      00411f06 f   MSVCRT:_cpu_disp_.obj
 0001:000110a0       __get_startup_argv_mode    004120a0 f   MSVCRT:argv_mode.obj
 0001:000110a4       ___scrt_is_ucrt_dll_in_use 004120a4 f   MSVCRT:ucrt_detection.obj
 0001:000110b0       ___scrt_fastfail           004120b0 f   MSVCRT:utility_desktop.obj
 0001:000111cb       ___scrt_get_show_window_mode 004121cb f   MSVCRT:utility_desktop.obj
 0001:000111fe       ___scrt_is_managed_app     004121fe f   MSVCRT:utility_desktop.obj
 0001:00011242       ___scrt_set_unhandled_exception_filter 00412242 f   MSVCRT:utility_desktop.obj
 0001:0001124e       ___scrt_unhandled_exception_filter@4 0041224e f   MSVCRT:utility_desktop.obj
 0001:0001128f       @_guard_check_icall@4      0041228f f i MSVCRT:checkcfg.obj
 0001:000112a0       __SEH_prolog4              004122a0 f   MSVCRT:_sehprolg4_.obj
 0001:000112e6       __SEH_epilog4              004122e6 f   MSVCRT:_sehprolg4_.obj
 0001:000112fb       __except_handler4          004122fb f   MSVCRT:_chandler4gs_.obj
 0001:0001131e       ___security_init_cookie    0041231e f   MSVCRT:gs_support.obj
 0001:000113ba       __matherr                  004123ba f   MSVCRT:matherr.obj
 0001:000113ba       __get_startup_commit_mode  004123ba f   MSVCRT:commit_mode.obj
 0001:000113ba       __get_startup_new_mode     004123ba f   MSVCRT:new_mode.obj
 0001:000113ba       ___scrt_initialize_winrt   004123ba f   MSVCRT:utility_desktop.obj
 0001:000113ba       __get_startup_thread_locale_mode 004123ba f   MSVCRT:thread_locale.obj
 0001:000113bd       __get_startup_file_mode    004123bd f   MSVCRT:file_mode.obj
 0001:000113c3       ?__scrt_initialize_type_info@@YAXXZ 004123c3 f   MSVCRT:tncleanup.obj
 0001:000113cf       __initialize_default_precision 004123cf f   MSVCRT:default_precision.obj
 0001:000113f0       ___local_stdio_printf_options 004123f0 f i MSVCRT:default_local_stdio_options.obj
 0001:000113f6       ___local_stdio_scanf_options 004123f6 f i MSVCRT:default_local_stdio_options.obj
 0001:000113fc       ___scrt_initialize_default_local_stdio_options 004123fc f   MSVCRT:default_local_stdio_options.obj
 0001:00011419       ___scrt_is_user_matherr_present 00412419 f   MSVCRT:matherr_detection.obj
 0001:00011425       ___scrt_get_dyn_tls_init_callback 00412425 f   MSVCRT:dyn_tls_init.obj
 0001:0001142b       ___scrt_get_dyn_tls_dtor_callback 0041242b f   MSVCRT:dyn_tls_dtor.obj
 0001:00011431       __RTC_Initialize           00412431 f   MSVCRT:_initsect_.obj
 0001:0001145c       __RTC_Terminate            0041245c f   MSVCRT:_initsect_.obj
 0001:00011488       _IsProcessorFeaturePresent@4 00412488 f   kernel32:KERNEL32.dll
 0001:0001148e       ___std_terminate           0041248e f   vcruntime:VCRUNTIME140.dll
 0001:00011494       ___CxxFrameHandler3        00412494 f   vcruntime:VCRUNTIME140.dll
 0001:0001149a       _memcpy                    0041249a f   vcruntime:VCRUNTIME140.dll
 0001:000114a0       __CxxThrowException@8      004124a0 f   vcruntime:VCRUNTIME140.dll
 0001:000114a6       ___RTDynamicCast           004124a6 f   vcruntime:VCRUNTIME140.dll
 0001:000114ac       ___vcrt_InitializeCriticalSectionEx 004124ac f   vcruntime:VCRUNTIME140.dll
 0001:000114b2       ___std_exception_copy      004124b2 f   vcruntime:VCRUNTIME140.dll
 0001:000114b8       ___std_exception_destroy   004124b8 f   vcruntime:VCRUNTIME140.dll
 0001:000114be       _memset                    004124be f   vcruntime:VCRUNTIME140.dll
 0001:000114c4       __except_handler4_common   004124c4 f   vcruntime:VCRUNTIME140.dll
 0001:000114ca       _free                      004124ca f   ucrt:api-ms-win-crt-heap-l1-1-0.dll
 0001:000114d0       _malloc                    004124d0 f   ucrt:api-ms-win-crt-heap-l1-1-0.dll
 0001:000114d6       __callnewh                 004124d6 f   ucrt:api-ms-win-crt-heap-l1-1-0.dll
 0001:000114dc       __configure_narrow_argv    004124dc f   ucrt:api-ms-win-crt-runtime-l1-1-0.dll
 0001:000114e2       __initialize_narrow_environment 004124e2 f   ucrt:api-ms-win-crt-runtime-l1-1-0.dll
 0001:000114e8       __initialize_onexit_table  004124e8 f   ucrt:api-ms-win-crt-runtime-l1-1-0.dll
 0001:000114ee       __register_onexit_function 004124ee f   ucrt:api-ms-win-crt-runtime-l1-1-0.dll
 0001:000114f4       __crt_atexit               004124f4 f   ucrt:api-ms-win-crt-runtime-l1-1-0.dll
 0001:000114fa       __cexit                    004124fa f   ucrt:api-ms-win-crt-runtime-l1-1-0.dll
 0001:00011500       __seh_filter_exe           00412500 f   ucrt:api-ms-win-crt-runtime-l1-1-0.dll
 0001:00011506       __set_app_type             00412506 f   ucrt:api-ms-win-crt-runtime-l1-1-0.dll
 0001:0001150c       ___setusermatherr          0041250c f   ucrt:api-ms-win-crt-math-l1-1-0.dll
 0001:00011512       __get_narrow_winmain_command_line 00412512 f   ucrt:api-ms-win-crt-runtime-l1-1-0.dll
 0001:00011518       __initterm                 00412518 f   ucrt:api-ms-win-crt-runtime-l1-1-0.dll
 0001:0001151e       __initterm_e               0041251e f   ucrt:api-ms-win-crt-runtime-l1-1-0.dll
 0001:00011524       _exit                      00412524 f   ucrt:api-ms-win-crt-runtime-l1-1-0.dll
 0001:0001152a       __exit                     0041252a f   ucrt:api-ms-win-crt-runtime-l1-1-0.dll
 0001:00011530       __set_fmode                00412530 f   ucrt:api-ms-win-crt-stdio-l1-1-0.dll
 0001:00011536       __c_exit                   00412536 f   ucrt:api-ms-win-crt-runtime-l1-1-0.dll
 0001:0001153c       __register_thread_local_exe_atexit_callback 0041253c f   ucrt:api-ms-win-crt-runtime-l1-1-0.dll
 0001:00011542       __configthreadlocale       00412542 f   ucrt:api-ms-win-crt-locale-l1-1-0.dll
 0001:00011548       __set_new_mode             00412548 f   ucrt:api-ms-win-crt-heap-l1-1-0.dll
 0001:0001154e       ___p__commode              0041254e f   ucrt:api-ms-win-crt-stdio-l1-1-0.dll
 0001:00011554       _terminate                 00412554 f   ucrt:api-ms-win-crt-runtime-l1-1-0.dll
 0001:0001155a       __controlfp_s              0041255a f   ucrt:api-ms-win-crt-runtime-l1-1-0.dll
 0001:00011560       _WinMain@16                00412560 f   qtmain:qtmain_win.obj
 0001:0001167e       ??_U@YAPAXI@Z              0041267e f   MSVCRT:new_array.obj
 0001:00011687       ??_V@YAXPAX@Z              00412687 f   MSVCRT:delete_array.obj
 0001:0001168c       __should_initialize_environment 0041268c f   MSVCRT:env_mode.obj
 0001:0001168c       ___scrt_stub_for_acrt_uninitialize 0041268c f   MSVCRT:ucrt_stubs.obj
 0001:0001168c       ___vcrt_uninitialize       0041268c f   MSVCRT:ucrt_stubs.obj
 0001:0001168c       ___acrt_uninitialize       0041268c f   MSVCRT:ucrt_stubs.obj
 0001:0001168c       ___scrt_stub_for_acrt_initialize 0041268c f   MSVCRT:ucrt_stubs.obj
 0001:0001168c       ___acrt_initialize         0041268c f   MSVCRT:ucrt_stubs.obj
 0001:0001168c       ___vcrt_initialize         0041268c f   MSVCRT:ucrt_stubs.obj
 0001:00013470       ??__Ff@?4??registerConverter@?$ValueTypeIsMetaType@V?$QList@H@@$00@QtPrivate@@SA_NH@Z@YAXXZ 00414470 f i moc_workmodels.obj
 0001:000134c0       ??__Ff@?4??registerConverter@?$ValueTypeIsMetaType@V?$QList@PAVQObject@@@@$00@QtPrivate@@SA_NH@Z@YAXXZ 004144c0 f i moc_workmodels.obj
 0002:00000000       __imp__WideCharToMultiByte@32 00415000     kernel32:KERNEL32.dll
 0002:00000004       __imp__LocalFree@4         00415004     kernel32:KERNEL32.dll
 0002:00000008       __imp__GetCommandLineW@0   00415008     kernel32:KERNEL32.dll
 0002:0000000c       __imp__InitializeSListHead@4 0041500c     kernel32:KERNEL32.dll
 0002:00000010       __imp__GetSystemTimeAsFileTime@4 00415010     kernel32:KERNEL32.dll
 0002:00000014       __imp__QueryPerformanceCounter@4 00415014     kernel32:KERNEL32.dll
 0002:00000018       __imp__GetStartupInfoW@4   00415018     kernel32:KERNEL32.dll
 0002:0000001c       __imp__IsDebuggerPresent@0 0041501c     kernel32:KERNEL32.dll
 0002:00000020       __imp__IsProcessorFeaturePresent@4 00415020     kernel32:KERNEL32.dll
 0002:00000024       __imp__TerminateProcess@8  00415024     kernel32:KERNEL32.dll
 0002:00000028       __imp__UnhandledExceptionFilter@4 00415028     kernel32:KERNEL32.dll
 0002:0000002c       __imp__GetProcAddress@8    0041502c     kernel32:KERNEL32.dll
 0002:00000030       __imp__GetModuleHandleW@4  00415030     kernel32:KERNEL32.dll
 0002:00000034       __imp__CreateEventW@16     00415034     kernel32:KERNEL32.dll
 0002:00000038       __imp__WaitForSingleObjectEx@12 00415038     kernel32:KERNEL32.dll
 0002:0000003c       __imp__ResetEvent@4        0041503c     kernel32:KERNEL32.dll
 0002:00000040       __imp__SetEvent@4          00415040     kernel32:KERNEL32.dll
 0002:00000044       __imp__DeleteCriticalSection@4 00415044     kernel32:KERNEL32.dll
 0002:00000048       __imp__LeaveCriticalSection@4 00415048     kernel32:KERNEL32.dll
 0002:0000004c       __imp__EnterCriticalSection@4 0041504c     kernel32:KERNEL32.dll
 0002:00000050       __imp__GetCurrentThreadId@0 00415050     kernel32:KERNEL32.dll
 0002:00000054       __imp__GetCurrentProcessId@0 00415054     kernel32:KERNEL32.dll
 0002:00000058       __imp__GetCurrentProcess@0 00415058     kernel32:KERNEL32.dll
 0002:0000005c       __imp__SetUnhandledExceptionFilter@4 0041505c     kernel32:KERNEL32.dll
 0002:00000060       __imp__CloseHandle@4       00415060     kernel32:KERNEL32.dll
 0002:00000064       __imp__CreateFileW@28      00415064     kernel32:KERNEL32.dll
 0002:00000068       \177KERNEL32_NULL_THUNK_DATA 00415068     kernel32:KERNEL32.dll
 0002:0000006c       __imp_?qt_metacall@QObject@@UAEHW4Call@QMetaObject@@HPAPAX@Z 0041506c     Qt5Core:Qt5Core.dll
 0002:00000070       __imp_?qt_metacast@QObject@@UAEPAXPBD@Z 00415070     Qt5Core:Qt5Core.dll
 0002:00000074       __imp_?dynamicMetaObject@QObjectData@@QBEPAUQMetaObject@@XZ 00415074     Qt5Core:Qt5Core.dll
 0002:00000078       __imp_?unregisterConverterFunction@QMetaType@@SAXHH@Z 00415078     Qt5Core:Qt5Core.dll
 0002:0000007c       __imp_?registerConverterFunction@QMetaType@@SA_NPBUAbstractConverterFunction@QtPrivate@@HH@Z 0041507c     Qt5Core:Qt5Core.dll
 0002:00000080       __imp_?hasRegisteredConverterFunction@QMetaType@@SA_NHH@Z 00415080     Qt5Core:Qt5Core.dll
 0002:00000084       __imp_?typeName@QMetaType@@SAPBDH@Z 00415084     Qt5Core:Qt5Core.dll
 0002:00000088       __imp_?append@QByteArray@@QAEAAV1@PBDH@Z 00415088     Qt5Core:Qt5Core.dll
 0002:0000008c       __imp_?endsWith@QByteArray@@QBE_ND@Z 0041508c     Qt5Core:Qt5Core.dll
 0002:00000090       __imp_?activate@QMetaObject@@SAXPAVQObject@@PBU1@HPAPAX@Z 00415090     Qt5Core:Qt5Core.dll
 0002:00000094       __imp_?normalizedType@QMetaObject@@SA?AVQByteArray@@PBD@Z 00415094     Qt5Core:Qt5Core.dll
 0002:00000098       __imp_?staticMetaObject@QObject@@2UQMetaObject@@B 00415098     Qt5Core:Qt5Core.dll
 0002:0000009c       __imp_?qUnregisterResourceData@@YA_NHPBE00@Z 0041509c     Qt5Core:Qt5Core.dll
 0002:000000a0       __imp_?qRegisterResourceData@@YA_NHPBE00@Z 004150a0     Qt5Core:Qt5Core.dll
 0002:000000a4       __imp_?qBadAlloc@@YAXXZ    004150a4     Qt5Core:Qt5Core.dll
 0002:000000a8       __imp_??0QMessageLogger@@QAE@PBDH0@Z 004150a8     Qt5Core:Qt5Core.dll
 0002:000000ac       __imp_?debug@QMessageLogger@@QBE?AVQDebug@@XZ 004150ac     Qt5Core:Qt5Core.dll
 0002:000000b0       __imp_?qInstallMessageHandler@@YAP6AXW4QtMsgType@@ABVQMessageLogContext@@ABVQString@@@ZP6AX012@Z@Z 004150b0     Qt5Core:Qt5Core.dll
 0002:000000b4       __imp_??0QChar@@QAE@UQLatin1Char@@@Z 004150b4     Qt5Core:Qt5Core.dll
 0002:000000b8       __imp_??0QByteArray@@QAE@XZ 004150b8     Qt5Core:Qt5Core.dll
 0002:000000bc       __imp_??0QByteArray@@QAE@PBDH@Z 004150bc     Qt5Core:Qt5Core.dll
 0002:000000c0       __imp_??1QByteArray@@QAE@XZ 004150c0     Qt5Core:Qt5Core.dll
 0002:000000c4       __imp_?reserve@QByteArray@@QAEXH@Z 004150c4     Qt5Core:Qt5Core.dll
 0002:000000c8       __imp_?append@QByteArray@@QAEAAV1@D@Z 004150c8     Qt5Core:Qt5Core.dll
 0002:000000cc       __imp_?append@QByteArray@@QAEAAV1@PBD@Z 004150cc     Qt5Core:Qt5Core.dll
 0002:000000d0       __imp_??0QString@@QAE@XZ   004150d0     Qt5Core:Qt5Core.dll
 0002:000000d4       __imp_??1QString@@QAE@XZ   004150d4     Qt5Core:Qt5Core.dll
 0002:000000d8       __imp_??4QString@@QAEAAV0@$$QAV0@@Z 004150d8     Qt5Core:Qt5Core.dll
 0002:000000dc       __imp_?arg@QString@@QBE?AV1@ABV1@HVQChar@@@Z 004150dc     Qt5Core:Qt5Core.dll
 0002:000000e0       __imp_?indexOf@QString@@QBEHVQChar@@HW4CaseSensitivity@Qt@@@Z 004150e0     Qt5Core:Qt5Core.dll
 0002:000000e4       __imp_?startsWith@QString@@QBE_NABV1@W4CaseSensitivity@Qt@@@Z 004150e4     Qt5Core:Qt5Core.dll
 0002:000000e8       __imp_?fromWCharArray@QString@@SA?AV1@PB_WH@Z 004150e8     Qt5Core:Qt5Core.dll
 0002:000000ec       __imp_?fromAscii_helper@QString@@CAPAU?$QTypedArrayData@G@@PBDH@Z 004150ec     Qt5Core:Qt5Core.dll
 0002:000000f0       __imp_?className@QMetaObject@@QBEPBDXZ 004150f0     Qt5Core:Qt5Core.dll
 0002:000000f4       __imp_??1Connection@QMetaObject@@QAE@XZ 004150f4     Qt5Core:Qt5Core.dll
 0002:000000f8       __imp_?dispose@QListData@@SAXPAUData@1@@Z 004150f8     Qt5Core:Qt5Core.dll
 0002:000000fc       __imp_?registerNormalizedType@QMetaType@@SAHABVQByteArray@@P6AXPAX@ZP6APAX1PBX@ZHV?$QFlags@W4TypeFlag@QMetaType@@@@PBUQMetaObject@@@Z 004150fc     Qt5Core:Qt5Core.dll
 0002:00000100       __imp_?registerNormalizedTypedef@QMetaType@@SAHABVQByteArray@@H@Z 00415100     Qt5Core:Qt5Core.dll
 0002:00000104       __imp_??0QObject@@QAE@PAV0@@Z 00415104     Qt5Core:Qt5Core.dll
 0002:00000108       __imp_??1QObject@@UAE@XZ   00415108     Qt5Core:Qt5Core.dll
 0002:0000010c       __imp_?connectImpl@QObject@@CA?AVConnection@QMetaObject@@PBV1@PAPAX01PAVQSlotObjectBase@QtPrivate@@W4ConnectionType@Qt@@PBHPBU3@@Z 0041510c     Qt5Core:Qt5Core.dll
 0002:00000110       __imp_?setApplicationName@QCoreApplication@@SAXABVQString@@@Z 00415110     Qt5Core:Qt5Core.dll
 0002:00000114       __imp_?installTranslator@QCoreApplication@@SA_NPAVQTranslator@@@Z 00415114     Qt5Core:Qt5Core.dll
 0002:00000118       __imp_?quit@QCoreApplication@@SAXXZ 00415118     Qt5Core:Qt5Core.dll
 0002:0000011c       __imp_??1QLocale@@QAE@XZ   0041511c     Qt5Core:Qt5Core.dll
 0002:00000120       __imp_?toDouble@QLocale@@QBENABVQString@@PA_N@Z 00415120     Qt5Core:Qt5Core.dll
 0002:00000124       __imp_?decimalPoint@QLocale@@QBE?AVQChar@@XZ 00415124     Qt5Core:Qt5Core.dll
 0002:00000128       __imp_??0QSize@@QAE@HH@Z   00415128     Qt5Core:Qt5Core.dll
 0002:0000012c       __imp_??0QUrl@@QAE@ABVQString@@W4ParsingMode@0@@Z 0041512c     Qt5Core:Qt5Core.dll
 0002:00000130       __imp_??1QUrl@@QAE@XZ      00415130     Qt5Core:Qt5Core.dll
 0002:00000134       __imp_??0QFile@@QAE@ABVQString@@@Z 00415134     Qt5Core:Qt5Core.dll
 0002:00000138       __imp_??1QFile@@UAE@XZ     00415138     Qt5Core:Qt5Core.dll
 0002:0000013c       __imp_?open@QFile@@UAE_NV?$QFlags@W4OpenModeFlag@QIODevice@@@@@Z 0041513c     Qt5Core:Qt5Core.dll
 0002:00000140       __imp_??0QTextStream@@QAE@PAVQIODevice@@@Z 00415140     Qt5Core:Qt5Core.dll
 0002:00000144       __imp_??1QTextStream@@UAE@XZ 00415144     Qt5Core:Qt5Core.dll
 0002:00000148       __imp_??6QTextStream@@QAEAAV0@ABVQString@@@Z 00415148     Qt5Core:Qt5Core.dll
 0002:0000014c       __imp_?endl@@YAAAVQTextStream@@AAV1@@Z 0041514c     Qt5Core:Qt5Core.dll
 0002:00000150       __imp_??1QDebug@@QAE@XZ    00415150     Qt5Core:Qt5Core.dll
 0002:00000154       __imp_??6QDebug@@QAEAAV0@ABVQString@@@Z 00415154     Qt5Core:Qt5Core.dll
 0002:00000158       __imp_??0QTranslator@@QAE@PAVQObject@@@Z 00415158     Qt5Core:Qt5Core.dll
 0002:0000015c       __imp_??1QTranslator@@UAE@XZ 0041515c     Qt5Core:Qt5Core.dll
 0002:00000160       __imp_?load@QTranslator@@QAE_NABVQString@@000@Z 00415160     Qt5Core:Qt5Core.dll
 0002:00000164       __imp_?currentPath@QDir@@SA?AVQString@@XZ 00415164     Qt5Core:Qt5Core.dll
 0002:00000168       __imp_?childEvent@QObject@@MAEXPAVQChildEvent@@@Z 00415168     Qt5Core:Qt5Core.dll
 0002:0000016c       __imp_?connectNotify@QObject@@MAEXABVQMetaMethod@@@Z 0041516c     Qt5Core:Qt5Core.dll
 0002:00000170       __imp_?customEvent@QObject@@MAEXPAVQEvent@@@Z 00415170     Qt5Core:Qt5Core.dll
 0002:00000174       __imp_?disconnectNotify@QObject@@MAEXABVQMetaMethod@@@Z 00415174     Qt5Core:Qt5Core.dll
 0002:00000178       __imp_?event@QObject@@UAE_NPAVQEvent@@@Z 00415178     Qt5Core:Qt5Core.dll
 0002:0000017c       __imp_?eventFilter@QObject@@UAE_NPAV1@PAVQEvent@@@Z 0041517c     Qt5Core:Qt5Core.dll
 0002:00000180       __imp_?timerEvent@QObject@@MAEXPAVQTimerEvent@@@Z 00415180     Qt5Core:Qt5Core.dll
 0002:00000184       __imp_?shared_null@QListData@@2UData@1@B 00415184     Qt5Core:Qt5Core.dll
 0002:00000188       __imp_?cast@QMetaObject@@QBEPAVQObject@@PAV2@@Z 00415188     Qt5Core:Qt5Core.dll
 0002:0000018c       __imp_??0QString@@QAE@ABV0@@Z 0041518c     Qt5Core:Qt5Core.dll
 0002:00000190       __imp_??4QString@@QAEAAV0@ABV0@@Z 00415190     Qt5Core:Qt5Core.dll
 0002:00000194       __imp_??8@YA_NABVQString@@0@Z 00415194     Qt5Core:Qt5Core.dll
 0002:00000198       __imp_??8QString@@QBE_NPBD@Z 00415198     Qt5Core:Qt5Core.dll
 0002:0000019c       __imp_?detach@QListData@@QAEPAUData@1@H@Z 0041519c     Qt5Core:Qt5Core.dll
 0002:000001a0       __imp_?detach_grow@QListData@@QAEPAUData@1@PAHH@Z 004151a0     Qt5Core:Qt5Core.dll
 0002:000001a4       __imp_?append@QListData@@QAEPAPAXXZ 004151a4     Qt5Core:Qt5Core.dll
 0002:000001a8       __imp_?size@QListData@@QBEHXZ 004151a8     Qt5Core:Qt5Core.dll
 0002:000001ac       __imp_?at@QListData@@QBEPAPAXH@Z 004151ac     Qt5Core:Qt5Core.dll
 0002:000001b0       __imp_?begin@QListData@@QBEPAPAXXZ 004151b0     Qt5Core:Qt5Core.dll
 0002:000001b4       __imp_?end@QListData@@QBEPAPAXXZ 004151b4     Qt5Core:Qt5Core.dll
 0002:000001b8       __imp_?installEventFilter@QObject@@QAEXPAV1@@Z 004151b8     Qt5Core:Qt5Core.dll
 0002:000001bc       __imp_?removeEventFilter@QObject@@QAEXPAV1@@Z 004151bc     Qt5Core:Qt5Core.dll
 0002:000001c0       __imp_?disconnectImpl@QObject@@CA_NPBV1@PAPAX01PBUQMetaObject@@@Z 004151c0     Qt5Core:Qt5Core.dll
 0002:000001c4       __imp_??1QJsonObject@@QAE@XZ 004151c4     Qt5Core:Qt5Core.dll
 0002:000001c8       __imp_?self@QCoreApplication@@0PAV1@A 004151c8     Qt5Core:Qt5Core.dll
 0002:000001cc       __imp_?warning@QMessageLogger@@QBAXPBDZZ 004151cc     Qt5Core:Qt5Core.dll
 0002:000001d0       __imp_?fatal@QMessageLogger@@QBAXPBDZZ 004151d0     Qt5Core:Qt5Core.dll
 0002:000001d4       __imp_?number@QString@@SA?AV1@HH@Z 004151d4     Qt5Core:Qt5Core.dll
 0002:000001d8       __imp_?number@QString@@SA?AV1@NDH@Z 004151d8     Qt5Core:Qt5Core.dll
 0002:000001dc       __imp_??M@YA_NABVQString@@0@Z 004151dc     Qt5Core:Qt5Core.dll
 0002:000001e0       __imp_??0QJsonValue@@QAE@_N@Z 004151e0     Qt5Core:Qt5Core.dll
 0002:000001e4       __imp_??0QJsonValue@@QAE@N@Z 004151e4     Qt5Core:Qt5Core.dll
 0002:000001e8       __imp_??0QJsonValue@@QAE@H@Z 004151e8     Qt5Core:Qt5Core.dll
 0002:000001ec       __imp_??0QJsonValue@@QAE@ABVQString@@@Z 004151ec     Qt5Core:Qt5Core.dll
 0002:000001f0       __imp_??0QJsonValue@@QAE@ABVQJsonArray@@@Z 004151f0     Qt5Core:Qt5Core.dll
 0002:000001f4       __imp_??0QJsonValue@@QAE@ABVQJsonObject@@@Z 004151f4     Qt5Core:Qt5Core.dll
 0002:000001f8       __imp_??1QJsonValue@@QAE@XZ 004151f8     Qt5Core:Qt5Core.dll
 0002:000001fc       __imp_??0QJsonValue@@QAE@ABV0@@Z 004151fc     Qt5Core:Qt5Core.dll
 0002:00000200       __imp_?toBool@QJsonValue@@QBE_N_N@Z 00415200     Qt5Core:Qt5Core.dll
 0002:00000204       __imp_?toInt@QJsonValue@@QBEHH@Z 00415204     Qt5Core:Qt5Core.dll
 0002:00000208       __imp_?toDouble@QJsonValue@@QBENN@Z 00415208     Qt5Core:Qt5Core.dll
 0002:0000020c       __imp_?toString@QJsonValue@@QBE?AVQString@@XZ 0041520c     Qt5Core:Qt5Core.dll
 0002:00000210       __imp_?toObject@QJsonValue@@QBE?AVQJsonObject@@XZ 00415210     Qt5Core:Qt5Core.dll
 0002:00000214       __imp_??BQJsonValueRef@@QBE?AVQJsonValue@@XZ 00415214     Qt5Core:Qt5Core.dll
 0002:00000218       __imp_??4QJsonValueRef@@QAEAAV0@ABVQJsonValue@@@Z 00415218     Qt5Core:Qt5Core.dll
 0002:0000021c       __imp_?toString@QJsonValueRef@@QBE?AVQString@@XZ 0041521c     Qt5Core:Qt5Core.dll
 0002:00000220       __imp_?toArray@QJsonValueRef@@QBE?AVQJsonArray@@XZ 00415220     Qt5Core:Qt5Core.dll
 0002:00000224       __imp_?toObject@QJsonValueRef@@QBE?AVQJsonObject@@XZ 00415224     Qt5Core:Qt5Core.dll
 0002:00000228       __imp_?toValue@QJsonValueRef@@ABE?AVQJsonValue@@XZ 00415228     Qt5Core:Qt5Core.dll
 0002:0000022c       __imp_??0QJsonObject@@QAE@XZ 0041522c     Qt5Core:Qt5Core.dll
 0002:00000230       __imp_??4QJsonObject@@QAEAAV0@ABV0@@Z 00415230     Qt5Core:Qt5Core.dll
 0002:00000234       __imp_??AQJsonObject@@QAE?AVQJsonValueRef@@ABVQString@@@Z 00415234     Qt5Core:Qt5Core.dll
 0002:00000238       __imp_?remove@QJsonObject@@QAEXABVQString@@@Z 00415238     Qt5Core:Qt5Core.dll
 0002:0000023c       __imp_?begin@QJsonObject@@QAE?AViterator@1@XZ 0041523c     Qt5Core:Qt5Core.dll
 0002:00000240       __imp_?end@QJsonObject@@QAE?AViterator@1@XZ 00415240     Qt5Core:Qt5Core.dll
 0002:00000244       __imp_?keyAt@QJsonObject@@ABE?AVQString@@H@Z 00415244     Qt5Core:Qt5Core.dll
 0002:00000248       __imp_?freeNodeAndRebalance@QMapDataBase@@QAEXPAUQMapNodeBase@@@Z 00415248     Qt5Core:Qt5Core.dll
 0002:0000024c       __imp_?recalcMostLeftNode@QMapDataBase@@QAEXXZ 0041524c     Qt5Core:Qt5Core.dll
 0002:00000250       __imp_?createNode@QMapDataBase@@QAEPAUQMapNodeBase@@HHPAU2@_N@Z 00415250     Qt5Core:Qt5Core.dll
 0002:00000254       __imp_?freeTree@QMapDataBase@@QAEXPAUQMapNodeBase@@H@Z 00415254     Qt5Core:Qt5Core.dll
 0002:00000258       __imp_?createData@QMapDataBase@@SAPAU1@XZ 00415258     Qt5Core:Qt5Core.dll
 0002:0000025c       __imp_?freeData@QMapDataBase@@SAXPAU1@@Z 0041525c     Qt5Core:Qt5Core.dll
 0002:00000260       __imp_?readAll@QIODevice@@QAE?AVQByteArray@@XZ 00415260     Qt5Core:Qt5Core.dll
 0002:00000264       __imp_?write@QIODevice@@QAE_JABVQByteArray@@@Z 00415264     Qt5Core:Qt5Core.dll
 0002:00000268       __imp_?close@QFileDevice@@UAEXXZ 00415268     Qt5Core:Qt5Core.dll
 0002:0000026c       __imp_?resize@QFile@@SA_NABVQString@@_J@Z 0041526c     Qt5Core:Qt5Core.dll
 0002:00000270       __imp_??6QDebug@@QAEAAV0@PBD@Z 00415270     Qt5Core:Qt5Core.dll
 0002:00000274       __imp_??0QJsonDocument@@QAE@ABVQJsonObject@@@Z 00415274     Qt5Core:Qt5Core.dll
 0002:00000278       __imp_??1QJsonDocument@@QAE@XZ 00415278     Qt5Core:Qt5Core.dll
 0002:0000027c       __imp_?fromJson@QJsonDocument@@SA?AV1@ABVQByteArray@@PAUQJsonParseError@@@Z 0041527c     Qt5Core:Qt5Core.dll
 0002:00000280       __imp_?toJson@QJsonDocument@@QBE?AVQByteArray@@XZ 00415280     Qt5Core:Qt5Core.dll
 0002:00000284       __imp_?object@QJsonDocument@@QBE?AVQJsonObject@@XZ 00415284     Qt5Core:Qt5Core.dll
 0002:00000288       __imp_??0QJsonArray@@QAE@XZ 00415288     Qt5Core:Qt5Core.dll
 0002:0000028c       __imp_??1QJsonArray@@QAE@XZ 0041528c     Qt5Core:Qt5Core.dll
 0002:00000290       __imp_?size@QJsonArray@@QBEHXZ 00415290     Qt5Core:Qt5Core.dll
[...]
 0002:00343d9c       __catchsym$?createNode@?$QMapData@VQString@@VOperationParamData@@@@QAEPAU?$QMapNode@VQString@@VOperationParamData@@@@ABVQString@@ABVOperationParamData@@PAU2@_N@Z$6 00758d9c     configfilehandler.obj
 0002:00343dac       __ehfuncinfo$?createNode@?$QMapData@VQString@@VOperationParamData@@@@QAEPAU?$QMapNode@VQString@@VOperationParamData@@@@ABVQString@@ABVOperationParamData@@PAU2@_N@Z 00758dac     configfilehandler.obj
 0002:00343dd0       __tryblocktable$?createNode@?$QMapData@VQString@@VOperationParamData@@@@QAEPAU?$QMapNode@VQString@@VOperationParamData@@@@ABVQString@@ABVOperationParamData@@PAU2@_N@Z 00758dd0     configfilehandler.obj
 0002:00343df8       __unwindtable$?createNode@?$QMapData@VQString@@VOperationParamData@@@@QAEPAU?$QMapNode@VQString@@VOperationParamData@@@@ABVQString@@ABVOperationParamData@@PAU2@_N@Z 00758df8     configfilehandler.obj
 0002:00343e20       __catchsym$?createNode@?$QMapData@VQString@@VQStringList@@@@QAEPAU?$QMapNode@VQString@@VQStringList@@@@ABVQString@@ABVQStringList@@PAU2@_N@Z$8 00758e20     configfilehandler.obj
 0002:00343e30       __catchsym$?createNode@?$QMapData@VQString@@VQStringList@@@@QAEPAU?$QMapNode@VQString@@VQStringList@@@@ABVQString@@ABVQStringList@@PAU2@_N@Z$7 00758e30     configfilehandler.obj
 0002:00343e40       __ehfuncinfo$?createNode@?$QMapData@VQString@@VQStringList@@@@QAEPAU?$QMapNode@VQString@@VQStringList@@@@ABVQString@@ABVQStringList@@PAU2@_N@Z 00758e40     configfilehandler.obj
 0002:00343e64       __tryblocktable$?createNode@?$QMapData@VQString@@VQStringList@@@@QAEPAU?$QMapNode@VQString@@VQStringList@@@@ABVQString@@ABVQStringList@@PAU2@_N@Z 00758e64     configfilehandler.obj
 0002:00343e8c       __unwindtable$?createNode@?$QMapData@VQString@@VQStringList@@@@QAEPAU?$QMapNode@VQString@@VQStringList@@@@ABVQString@@ABVQStringList@@PAU2@_N@Z 00758e8c     configfilehandler.obj
 0002:00343eb4       __catchsym$??Y?$QList@VQString@@@@QAEAAV0@ABV0@@Z$14 00758eb4     environmentvariant.obj
 0002:00343ec4       __unwindtable$??Y?$QList@VQString@@@@QAEAAV0@ABV0@@Z 00758ec4     environmentvariant.obj
 0002:00343ed4       __tryblocktable$??Y?$QList@VQString@@@@QAEAAV0@ABV0@@Z 00758ed4     environmentvariant.obj
 0002:00343ee8       __ehfuncinfo$??Y?$QList@VQString@@@@QAEAAV0@ABV0@@Z 00758ee8     environmentvariant.obj
 0002:00343f0c       __catchsym$?detach_helper@?$QList@VQString@@@@AAEXH@Z$9 00758f0c     environmentvariant.obj
 0002:00343f1c       __unwindtable$?detach_helper@?$QList@VQString@@@@AAEXH@Z 00758f1c     environmentvariant.obj
 0002:00343f2c       __tryblocktable$?detach_helper@?$QList@VQString@@@@AAEXH@Z 00758f2c     environmentvariant.obj
 0002:00343f40       __ehfuncinfo$?detach_helper@?$QList@VQString@@@@AAEXH@Z 00758f40     environmentvariant.obj
 0002:00343f64       __catchsym$?detach_helper@?$QList@H@@AAEXH@Z$7 00758f64     environmentvariant.obj
 0002:00343f74       __unwindtable$?detach_helper@?$QList@H@@AAEXH@Z 00758f74     environmentvariant.obj
 0002:00343f84       __tryblocktable$?detach_helper@?$QList@H@@AAEXH@Z 00758f84     environmentvariant.obj
 0002:00343f98       __ehfuncinfo$?detach_helper@?$QList@H@@AAEXH@Z 00758f98     environmentvariant.obj
 0002:00343fbc       __catchsym$?detach_helper@?$QList@VOperationParamData@@@@AAEXH@Z$7 00758fbc     environmentvariant.obj
 0002:00343fcc       __unwindtable$?detach_helper@?$QList@VOperationParamData@@@@AAEXH@Z 00758fcc     environmentvariant.obj
 0002:00343fdc       __tryblocktable$?detach_helper@?$QList@VOperationParamData@@@@AAEXH@Z 00758fdc     environmentvariant.obj
 0002:00343ff0       __ehfuncinfo$?detach_helper@?$QList@VOperationParamData@@@@AAEXH@Z 00758ff0     environmentvariant.obj
 0002:00344014       __unwindtable$??0SingleOperationData@@QAE@ABV0@@Z 00759014     environmentvariant.obj
 0002:0034401c       __ehfuncinfo$??0SingleOperationData@@QAE@ABV0@@Z 0075901c     environmentvariant.obj
 0002:00344040       __unwindtable$?instance@EnvironmentVariant@@SAPAV1@XZ 00759040     environmentvariant.obj
 0002:00344048       __ehfuncinfo$?instance@EnvironmentVariant@@SAPAV1@XZ 00759048     environmentvariant.obj
 0002:0034406c       __ehfuncinfo$?parseConfigFile@EnvironmentVariant@@QAEXABVQString@@@Z 0075906c     environmentvariant.obj
 0002:00344090       __unwindtable$?parseConfigFile@EnvironmentVariant@@QAEXABVQString@@@Z 00759090     environmentvariant.obj
 0002:00344128       __unwindtable$?initUserConfig@EnvironmentVariant@@QAEXABVQString@@@Z 00759128     environmentvariant.obj
 0002:00344138       __ehfuncinfo$?initUserConfig@EnvironmentVariant@@QAEXABVQString@@@Z 00759138     environmentvariant.obj
 0002:0034415c       __unwindtable$?initModels@EnvironmentVariant@@QAEXPAVQQmlContext@@@Z 0075915c     environmentvariant.obj
 0002:0034415c       __unwindtable$?initProtocol@EnvironmentVariant@@QAEXABVQString@@@Z 0075915c     environmentvariant.obj
 0002:00344164       __ehfuncinfo$?initProtocol@EnvironmentVariant@@QAEXABVQString@@@Z 00759164     environmentvariant.obj
 0002:00344164       __ehfuncinfo$?initModels@EnvironmentVariant@@QAEXPAVQQmlContext@@@Z 00759164     environmentvariant.obj
 0002:00344188       __unwindtable$?getOperationParams@EnvironmentVariant@@QAE?AV?$QList@VOperationParamData@@@@H@Z 00759188     environmentvariant.obj
 0002:003441a0       __ehfuncinfo$?getOperationParams@EnvironmentVariant@@QAE?AV?$QList@VOperationParamData@@@@H@Z 007591a0     environmentvariant.obj
 0002:003441c4       __unwindtable$?LogicalControlList@EnvironmentVariant@@QAE?AVQStringList@@XZ 007591c4     environmentvariant.obj
 0002:003441c4       __unwindtable$?OperationNameList@EnvironmentVariant@@QAE?AVQStringList@@XZ 007591c4     environmentvariant.obj
 0002:003441dc       __ehfuncinfo$?OperationNameList@EnvironmentVariant@@QAE?AVQStringList@@XZ 007591dc     environmentvariant.obj
 0002:003441dc       __ehfuncinfo$?LogicalControlList@EnvironmentVariant@@QAE?AVQStringList@@XZ 007591dc     environmentvariant.obj
 0002:00344200       __unwindtable$?PlanList@EnvironmentVariant@@QAE?AVQStringList@@XZ 00759200     environmentvariant.obj
 0002:00344208       __ehfuncinfo$?PlanList@EnvironmentVariant@@QAE?AVQStringList@@XZ 00759208     environmentvariant.obj
 0002:0034422c       __unwindtable$?StepList@EnvironmentVariant@@QAE?AVQStringList@@H@Z 0075922c     environmentvariant.obj
 0002:00344244       __ehfuncinfo$?StepList@EnvironmentVariant@@QAE?AVQStringList@@H@Z 00759244     environmentvariant.obj
 0002:00344268       __ehfuncinfo$?planStepParam@EnvironmentVariant@@QAE?AVSingleOperationData@@HH@Z 00759268     environmentvariant.obj
 0002:0034428c       __unwindtable$?planStepParam@EnvironmentVariant@@QAE?AVSingleOperationData@@HH@Z 0075928c     environmentvariant.obj
 0002:003442c4       __unwindtable$?AddPlanStep@EnvironmentVariant@@QAEXHHH@Z 007592c4     environmentvariant.obj
 0002:003442e4       __ehfuncinfo$?AddPlanStep@EnvironmentVariant@@QAEXHHH@Z 007592e4     environmentvariant.obj
 0002:00344308       __unwindtable$?SetPlanStepToDefault@EnvironmentVariant@@QAEXHHH@Z 00759308     environmentvariant.obj
 0002:00344308       __unwindtable$?MovePlanStep@EnvironmentVariant@@QAEXHHH@Z 00759308     environmentvariant.obj
 0002:00344310       __ehfuncinfo$?SetPlanStepToDefault@EnvironmentVariant@@QAEXHHH@Z 00759310     environmentvariant.obj
 0002:00344310       __ehfuncinfo$?MovePlanStep@EnvironmentVariant@@QAEXHHH@Z 00759310     environmentvariant.obj
 0002:00344334       __unwindtable$?AddPlan@EnvironmentVariant@@QAEXABVQString@@@Z 00759334     environmentvariant.obj
 0002:00344354       __ehfuncinfo$?AddPlan@EnvironmentVariant@@QAEXABVQString@@@Z 00759354     environmentvariant.obj
 0002:00344378       __unwindtable$?SavePlan@EnvironmentVariant@@QAEXXZ 00759378     environmentvariant.obj
 0002:00344380       __ehfuncinfo$?SavePlan@EnvironmentVariant@@QAEXXZ 00759380     environmentvariant.obj
 0002:003443a4       __ehfuncinfo$?StartPlan@EnvironmentVariant@@QAEXHH@Z 007593a4     environmentvariant.obj
 0002:003443c8       __unwindtable$?StartPlan@EnvironmentVariant@@QAEXHH@Z 007593c8     environmentvariant.obj
 0002:003444d8       __unwindtable$?SaveMachineConfig@EnvironmentVariant@@QAEXABVMachineConfigData@@@Z 007594d8     environmentvariant.obj
 0002:003444e0       __ehfuncinfo$?SaveMachineConfig@EnvironmentVariant@@QAEXABVMachineConfigData@@@Z 007594e0     environmentvariant.obj
 0002:00344504       __ehfuncinfo$?formatSingleOperationParam@EnvironmentVariant@@QAE?AVQJsonObject@@ABVSingleOperationData@@@Z 00759504     environmentvariant.obj
 0002:00344528       __unwindtable$?formatSingleOperationParam@EnvironmentVariant@@QAE?AVQJsonObject@@ABVSingleOperationData@@@Z 00759528     environmentvariant.obj
 0002:00344608       __unwindtable$?runTask@EnvironmentVariant@@QAEXABVQJsonObject@@@Z 00759608     environmentvariant.obj
 0002:00344610       __ehfuncinfo$?runTask@EnvironmentVariant@@QAEXABVQJsonObject@@@Z 00759610     environmentvariant.obj
 0002:00344634       __unwindtable$?defaultValue@EnvironmentVariant@@QAE?AVSingleOperationData@@ABVQString@@@Z 00759634     environmentvariant.obj
 0002:00344654       __ehfuncinfo$?defaultValue@EnvironmentVariant@@QAE?AVSingleOperationData@@ABVQString@@@Z 00759654     environmentvariant.obj
 0002:00344678       __ehfuncinfo$??0EnvironmentVariant@@AAE@XZ 00759678     environmentvariant.obj
 0002:0034469c       __unwindtable$??0EnvironmentVariant@@AAE@XZ 0075969c     environmentvariant.obj
 0002:003446f4       __unwindtable$??1EnvironmentVariant@@EAE@XZ 007596f4     environmentvariant.obj
 0002:0034470c       __ehfuncinfo$??1EnvironmentVariant@@EAE@XZ 0075970c     environmentvariant.obj
 0002:00344730       __unwindtable$??A?$QMap@VQString@@VOperationParamData@@@@QAEAAVOperationParamData@@ABVQString@@@Z 00759730     environmentvariant.obj
 0002:00344738       __ehfuncinfo$??A?$QMap@VQString@@VOperationParamData@@@@QAEAAVOperationParamData@@ABVQString@@@Z 00759738     environmentvariant.obj
 0002:0034475c       __catchsym$?detach_helper@?$QList@U?$QPair@VQString@@V?$QList@VSingleOperationData@@@@@@@@AAEXH@Z$7 0075975c     environmentvariant.obj
 0002:0034476c       __unwindtable$?detach_helper@?$QList@U?$QPair@VQString@@V?$QList@VSingleOperationData@@@@@@@@AAEXH@Z 0075976c     environmentvariant.obj
 0002:0034477c       __tryblocktable$?detach_helper@?$QList@U?$QPair@VQString@@V?$QList@VSingleOperationData@@@@@@@@AAEXH@Z 0075977c     environmentvariant.obj
 0002:00344790       __ehfuncinfo$?detach_helper@?$QList@U?$QPair@VQString@@V?$QList@VSingleOperationData@@@@@@@@AAEXH@Z 00759790     environmentvariant.obj
 0002:003447b4       __unwindtable$??4?$QList@VSingleOperationData@@@@QAEAAV0@ABV0@@Z 007597b4     environmentvariant.obj
 0002:003447b4       __unwindtable$?clear@?$QList@U?$QPair@VQString@@V?$QList@VSingleOperationData@@@@@@@@QAEXXZ 007597b4     configfilehandler.obj
 0002:003447b4       __unwindtable$??4SingleOperationData@@QAEAAV0@ABV0@@Z 007597b4     environmentvariant.obj
 0002:003447bc       __ehfuncinfo$??4?$QList@VSingleOperationData@@@@QAEAAV0@ABV0@@Z 007597bc     environmentvariant.obj
 0002:003447bc       __ehfuncinfo$??4SingleOperationData@@QAEAAV0@ABV0@@Z 007597bc     environmentvariant.obj
 0002:003447bc       __ehfuncinfo$?clear@?$QList@U?$QPair@VQString@@V?$QList@VSingleOperationData@@@@@@@@QAEXXZ 007597bc     configfilehandler.obj
 0002:003447e0       __catchsym$?insert@?$QList@VSingleOperationData@@@@QAEXHABVSingleOperationData@@@Z$28 007597e0     environmentvariant.obj
 0002:003447f0       __catchsym$?insert@?$QList@VSingleOperationData@@@@QAEXHABVSingleOperationData@@@Z$27 007597f0     environmentvariant.obj
 0002:00344800       __ehfuncinfo$?insert@?$QList@VSingleOperationData@@@@QAEXHABVSingleOperationData@@@Z 00759800     environmentvariant.obj
 0002:00344824       __tryblocktable$?insert@?$QList@VSingleOperationData@@@@QAEXHABVSingleOperationData@@@Z 00759824     environmentvariant.obj
 0002:0034484c       __unwindtable$?insert@?$QList@VSingleOperationData@@@@QAEXHABVSingleOperationData@@@Z 0075984c     environmentvariant.obj
 0002:003448dc       __catchsym$?detach_helper@?$QList@VSingleOperationData@@@@AAEXH@Z$7 007598dc     environmentvariant.obj
 0002:003448ec       __unwindtable$?detach_helper@?$QList@VSingleOperationData@@@@AAEXH@Z 007598ec     environmentvariant.obj
 0002:003448fc       __tryblocktable$?detach_helper@?$QList@VSingleOperationData@@@@AAEXH@Z 007598fc     environmentvariant.obj
 0002:00344910       __ehfuncinfo$?detach_helper@?$QList@VSingleOperationData@@@@AAEXH@Z 00759910     environmentvariant.obj
 0002:00344934       __unwindtable$?node_destruct@?$QList@VSingleOperationData@@@@AAEXPAUNode@1@@Z 00759934     environmentvariant.obj
 0002:00344944       __ehfuncinfo$?node_destruct@?$QList@VSingleOperationData@@@@AAEXPAUNode@1@@Z 00759944     environmentvariant.obj
 0002:00344968       __unwindtable$?qt_metatype_id@?$QMetaTypeId@V?$QList@PAVQObject@@@@@@SAHXZ 00759968     moc_workmodels.obj
 0002:00344968       __unwindtable$?qt_metatype_id@?$QMetaTypeId@VQSequentialIterableImpl@QtMetaTypePrivate@@@@SAHXZ 00759968     moc_workmodels.obj
 0002:00344970       __ehfuncinfo$?qt_metatype_id@?$QMetaTypeId@V?$QList@PAVQObject@@@@@@SAHXZ 00759970     moc_workmodels.obj
 0002:00344970       __ehfuncinfo$?qt_metatype_id@?$QMetaTypeId@VQSequentialIterableImpl@QtMetaTypePrivate@@@@SAHXZ 00759970     moc_workmodels.obj
 0002:00344994       __unwindtable$?Construct@?$QMetaTypeFunctionHelper@V?$QList@H@@$00@QtMetaTypePrivate@@SAPAXPAXPBX@Z 00759994     moc_workmodels.obj
 0002:00344994       __unwindtable$?Construct@?$QMetaTypeFunctionHelper@V?$QList@PAVQObject@@@@$00@QtMetaTypePrivate@@SAPAXPAXPBX@Z 00759994     moc_workmodels.obj
 0002:0034499c       __ehfuncinfo$?Construct@?$QMetaTypeFunctionHelper@V?$QList@H@@$00@QtMetaTypePrivate@@SAPAXPAXPBX@Z 0075999c     moc_workmodels.obj
 0002:0034499c       __ehfuncinfo$?Construct@?$QMetaTypeFunctionHelper@V?$QList@PAVQObject@@@@$00@QtMetaTypePrivate@@SAPAXPAXPBX@Z 0075999c     moc_workmodels.obj
 0002:003449c0       __unwindtable$?qt_metatype_id@?$QMetaTypeId@V?$QList@H@@@@SAHXZ 007599c0     moc_workmodels.obj
 0002:003449c8       __ehfuncinfo$?qt_metatype_id@?$QMetaTypeId@V?$QList@H@@@@SAHXZ 007599c8     moc_workmodels.obj
 0002:003449ec       __unwindtable$?Destruct@?$QMetaTypeFunctionHelper@V?$QList@PAVQObject@@@@$00@QtMetaTypePrivate@@SAXPAX@Z 007599ec     moc_workmodels.obj
 0002:003449ec       __unwindtable$??__Ff@?4??registerConverter@?$ValueTypeIsMetaType@V?$QList@PAVQObject@@@@$00@QtPrivate@@SA_NH@Z@YAXXZ 007599ec     moc_workmodels.obj
 0002:003449ec       __unwindtable$??__Fdummy@?A0x3a58f25f@@YAXXZ 007599ec     qrc_qml.obj
 0002:003449ec       __unwindtable$??__Ff@?4??registerConverter@?$ValueTypeIsMetaType@V?$QList@H@@$00@QtPrivate@@SA_NH@Z@YAXXZ 007599ec     moc_workmodels.obj
 0002:003449ec       __unwindtable$?Destruct@?$QMetaTypeFunctionHelper@V?$QList@H@@$00@QtMetaTypePrivate@@SAXPAX@Z 007599ec     moc_workmodels.obj
 0002:003449f4       __ehfuncinfo$??__Ff@?4??registerConverter@?$ValueTypeIsMetaType@V?$QList@H@@$00@QtPrivate@@SA_NH@Z@YAXXZ 007599f4     moc_workmodels.obj
 0002:003449f4       __ehfuncinfo$??__Fdummy@?A0x3a58f25f@@YAXXZ 007599f4     qrc_qml.obj
 0002:003449f4       __ehfuncinfo$?Destruct@?$QMetaTypeFunctionHelper@V?$QList@H@@$00@QtMetaTypePrivate@@SAXPAX@Z 007599f4     moc_workmodels.obj
 0002:003449f4       __ehfuncinfo$??__Ff@?4??registerConverter@?$ValueTypeIsMetaType@V?$QList@PAVQObject@@@@$00@QtPrivate@@SA_NH@Z@YAXXZ 007599f4     moc_workmodels.obj
 0002:003449f4       __ehfuncinfo$?Destruct@?$QMetaTypeFunctionHelper@V?$QList@PAVQObject@@@@$00@QtMetaTypePrivate@@SAXPAX@Z 007599f4     moc_workmodels.obj
 0002:00344a18       __sehtable$___scrt_is_nonwritable_in_current_image 00759a18     MSVCRT:utility.obj
 0002:00344a38       __sehtable$?__scrt_common_main_seh@@YAHXZ 00759a38     MSVCRT:exe_winmain.obj
 0002:00345150       .idata$6                   0075a150     WorkflowProtocol:WorkflowProtocol.dll
 0002:0034517a       .idata$6                   0075a17a     DbgHelp:dbghelp.dll
 0002:0034527e       .idata$6                   0075a27e     Qt5Quick:Qt5Quick.dll
 0002:00345586       .idata$6                   0075a586     Qt5Gui:Qt5Gui.dll
 0002:0034569e       .idata$6                   0075a69e     Qt5Qml:Qt5Qml.dll
 0002:00346eaa       .idata$6                   0075beaa     Qt5Core:Qt5Core.dll
 0002:0034709c       .idata$6                   0075c09c     kernel32:KERNEL32.dll
 0002:00347180       .idata$6                   0075c180     vcruntime:VCRUNTIME140.dll
 0002:00347360       .idata$6                   0075c360     ucrt:api-ms-win-crt-heap-l1-1-0.dll
 0002:00347380       .idata$6                   0075c380     ucrt:api-ms-win-crt-runtime-l1-1-0.dll
 0002:003473a2       .idata$6                   0075c3a2     ucrt:api-ms-win-crt-math-l1-1-0.dll
 0002:003473c2       .idata$6                   0075c3c2     ucrt:api-ms-win-crt-stdio-l1-1-0.dll
 0002:003473e2       .idata$6                   0075c3e2     ucrt:api-ms-win-crt-locale-l1-1-0.dll
 0002:0034741a       .idata$6                   0075c41a     shell32:SHELL32.dll
 0003:00000584       ?module_local_atexit_table@@3U_onexit_table_t@@A 0075d584     MSVCRT:utility.obj
 0003:00000590       ?module_local_at_quick_exit_table@@3U_onexit_table_t@@A 0075d590     MSVCRT:utility.obj
 0003:0000059c       ?is_initialized_as_dll@@3_NA 0075d59c     MSVCRT:utility.obj
 0003:000005a0       ?_Tss_mutex@@3U_RTL_CRITICAL_SECTION@@A 0075d5a0     MSVCRT:thread_safe_statics.obj
 0003:000005b8       ?_Tss_cv@@3U_RTL_CONDITION_VARIABLE@@A 0075d5b8     MSVCRT:thread_safe_statics.obj
 0003:000005bc       ?_Tss_event@@3PAXA         0075d5bc     MSVCRT:thread_safe_statics.obj
 0003:000005c0       ?encoded_sleep_condition_variable_cs@@3P6GHPAU_RTL_CONDITION_VARIABLE@@PAU_RTL_CRITICAL_SECTION@@K@ZA 0075d5c0     MSVCRT:thread_safe_statics.obj
 0003:000005c4       ?encoded_wake_all_condition_variable@@3P6GXPAU_RTL_CONDITION_VARIABLE@@@ZA 0075d5c4     MSVCRT:thread_safe_statics.obj
 0003:000005d0       _GS_ExceptionRecord        0075d5d0     MSVCRT:gs_report.obj
 0003:00000620       _GS_ContextRecord          0075d620     MSVCRT:gs_report.obj
 0004:00000000       __guard_fids__             0075e000     MSVCRT:std_type_info_static.obj
 0004:00000004       __guard_fids__             0075e004     MSVCRT:thread_safe_statics.obj
 0004:00000008       __guard_fids_?__scrt_initialize_thread_safe_statics@@YAHXZ 0075e008     MSVCRT:thread_safe_statics.obj
 0004:0000000c       __guard_fids__             0075e00c     MSVCRT:exe_winmain.obj
 0004:00000010       __guard_fids__             0075e010     MSVCRT:exe_winmain.obj
 0004:00000014       __guard_fids__             0075e014     MSVCRT:exe_winmain.obj
 0004:00000018       __guard_fids_?pre_c_initialization@@YAHXZ 0075e018     MSVCRT:exe_winmain.obj
 0004:00000020       __guard_fids__             0075e020     MSVCRT:throw_bad_alloc.obj
 0004:00000028       __guard_fids__             0075e028     MSVCRT:throw_bad_alloc.obj
 0004:00000030       __guard_fids__             0075e030     MSVCRT:throw_bad_alloc.obj
 0004:00000038       __guard_fids__             0075e038     MSVCRT:throw_bad_alloc.obj
 0004:0000003c       __guard_fids__             0075e03c     MSVCRT:throw_bad_alloc.obj
 0004:00000040       __guard_fids__             0075e040     MSVCRT:throw_bad_alloc.obj
 0004:00000044       __guard_fids__             0075e044     MSVCRT:throw_bad_alloc.obj
 0004:00000048       __guard_fids__             0075e048     MSVCRT:throw_bad_alloc.obj
 0004:0000004c       __guard_fids____scrt_set_unhandled_exception_filter 0075e04c     MSVCRT:utility_desktop.obj
 0004:00000050       __guard_fids___except_handler4 0075e050     MSVCRT:_chandler4gs_.obj
 0004:00000054       __guard_fids__             0075e054     MSVCRT:guard_support.obj
 0006:00000060       $R000000                   00760060     * linker generated manifest res *
