 UserInterfaceLayer

 Timestamp is 592d856c (Tue May 30 22:45:00 2017)

 Preferred load address is 0000000140000000

 Start         Length     Name                   Class
 0001:00000000 000000c0H .text$di                CODE
 0001:000000c0 00012270H .text$mn                CODE
 0001:00012330 00000020H .text$mn$00             CODE
 0001:00012350 00001e60H .text$x                 CODE
 0001:000141b0 0000009cH .text$yd                CODE
 0002:00000000 00000830H .idata$5                DATA
 0002:00000830 00000010H .00cfg                  DATA
 0002:00000840 00000008H .CRT$XCA                DATA
 0002:00000848 00000008H .CRT$XCAA               DATA
 0002:00000850 00000048H .CRT$XCU                DATA
 0002:00000898 00000008H .CRT$XCZ                DATA
 0002:000008a0 00000008H .CRT$XIA                DATA
 0002:000008a8 00000008H .CRT$XIAA               DATA
 0002:000008b0 00000008H .CRT$XIAC               DATA
 0002:000008b8 00000008H .CRT$XIC                DATA
 0002:000008c0 00000008H .CRT$XIZ                DATA
 0002:000008c8 00000008H .CRT$XLA                DATA
 0002:000008d0 00000008H .CRT$XLZ                DATA
 0002:000008d8 00000008H .CRT$XPA                DATA
 0002:000008e0 00000008H .CRT$XPZ                DATA
 0002:000008e8 00000008H .CRT$XTA                DATA
 0002:000008f0 00000010H .CRT$XTZ                DATA
 0002:00000900 0031fe18H .rdata                  DATA
 0002:00320718 00000028H .rdata$T                DATA
 0002:00320740 00000b2cH .rdata$r                DATA
 0002:0032126c 00000414H .rdata$zzzdbg           DATA
 0002:00321680 00000008H .rtc$IAA                DATA
 0002:00321688 00000008H .rtc$IZZ                DATA
 0002:00321690 00000008H .rtc$TAA                DATA
 0002:00321698 00000008H .rtc$TZZ                DATA
 0002:003216a0 00005768H .xdata                  DATA
 0002:00326e08 000000ecH .xdata$x                DATA
 0002:00326ef4 00000000H .edata                  DATA
 0002:00326ef4 0000012cH .idata$2                DATA
 0002:00327020 00000018H .idata$3                DATA
 0002:00327038 00000830H .idata$4                DATA
 0002:00327868 0000244aH .idata$6                DATA
 0003:00000000 000001e0H .data                   DATA
 0003:000001e0 00000510H .data$r                 DATA
 0003:000006f0 00000130H .bss                    DATA
 0004:00000000 000013c8H .pdata                  DATA
 0005:00000000 00000040H .gfids$y                DATA
 0006:00000000 00000004H .tls                    DATA
 0006:00000004 00000004H .tls$                   DATA
 0006:00000008 00000001H .tls$ZZZ                DATA
 0007:00000000 00000060H .rsrc$01                DATA
 0007:00000060 00000290H .rsrc$02                DATA

  Address         Publics by Value              Rva+Base               Lib:Object

 0000:00000000       __guard_iat_table          0000000000000000     <absolute>
 0000:00000000       __dynamic_value_reloc_table 0000000000000000     <absolute>
 0000:00000000       __guard_iat_count          0000000000000000     <absolute>
 0000:00000000       __guard_fids_count         0000000000000000     <absolute>
 0000:00000000       __guard_longjmp_table      0000000000000000     <absolute>
 0000:00000000       __guard_longjmp_count      0000000000000000     <absolute>
 0000:00000000       ___safe_se_handler_table   0000000000000000     <absolute>
 0000:00000000       ___safe_se_handler_count   0000000000000000     <absolute>
 0000:00000000       __guard_fids_table         0000000000000000     <absolute>
 0000:00000100       __guard_flags              0000000000000100     <absolute>
 0000:00000000       __ImageBase                0000000140000000     <linker-defined>
 0001:000000c0       ??$connect@P8QQmlEngine@@EAAXXZP6AXXZ@QObject@@SA?AVConnection@QMetaObject@@PEBVQQmlEngine@@P83@EAAXXZPEBV0@P6AXXZW4ConnectionType@Qt@@@Z 00000001400010c0 f i main.obj
 0001:00000170       ??$createInto@VOperationParamObject@@@QQmlPrivate@@YAXPEAX@Z 0000000140001170 f i main.obj
 0001:000001c0       ??$createInto@VOperationParamSelector@@@QQmlPrivate@@YAXPEAX@Z 00000001400011c0 f i main.obj
 0001:00000200       ??$createInto@VPlanController@@@QQmlPrivate@@YAXPEAX@Z 0000000140001200 f i main.obj
 0001:00000240       ??$createInto@VPlanSelector@@@QQmlPrivate@@YAXPEAX@Z 0000000140001240 f i main.obj
 0001:00000280       ??$createInto@VStatusViewWatcher@@@QQmlPrivate@@YAXPEAX@Z 0000000140001280 f i main.obj
 0001:000002c0       ??$createInto@VTextFieldDoubleValidator@@@QQmlPrivate@@YAXPEAX@Z 00000001400012c0 f i main.obj
 0001:00000300       ??$qRegisterNormalizedMetaType@PEAVOperationParamObject@@@@YAHAEBVQByteArray@@PEAPEAVOperationParamObject@@W4DefinedType@?$MetaTypeDefinedHelper@PEAVOperationParamObject@@$00@QtPrivate@@@Z 0000000140001300 f i main.obj
 0001:00000380       ??$qRegisterNormalizedMetaType@PEAVOperationParamSelector@@@@YAHAEBVQByteArray@@PEAPEAVOperationParamSelector@@W4DefinedType@?$MetaTypeDefinedHelper@PEAVOperationParamSelector@@$00@QtPrivate@@@Z 0000000140001380 f i main.obj
 0001:00000400       ??$qRegisterNormalizedMetaType@PEAVPlanController@@@@YAHAEBVQByteArray@@PEAPEAVPlanController@@W4DefinedType@?$MetaTypeDefinedHelper@PEAVPlanController@@$00@QtPrivate@@@Z 0000000140001400 f i main.obj
 0001:00000480       ??$qRegisterNormalizedMetaType@PEAVPlanSelector@@@@YAHAEBVQByteArray@@PEAPEAVPlanSelector@@W4DefinedType@?$MetaTypeDefinedHelper@PEAVPlanSelector@@$00@QtPrivate@@@Z 0000000140001480 f i main.obj
 0001:00000500       ??$qRegisterNormalizedMetaType@PEAVStatusViewWatcher@@@@YAHAEBVQByteArray@@PEAPEAVStatusViewWatcher@@W4DefinedType@?$MetaTypeDefinedHelper@PEAVStatusViewWatcher@@$00@QtPrivate@@@Z 0000000140001500 f i main.obj
 0001:00000580       ??$qRegisterNormalizedMetaType@PEAVTextFieldDoubleValidator@@@@YAHAEBVQByteArray@@PEAPEAVTextFieldDoubleValidator@@W4DefinedType@?$MetaTypeDefinedHelper@PEAVTextFieldDoubleValidator@@$00@QtPrivate@@@Z 0000000140001580 f i main.obj
 0001:00000600       ??$qmlRegisterType@VOperationParamObject@@@@YAHPEBDHH0@Z 0000000140001600 f i main.obj
 0001:000008f0       ??$qmlRegisterType@VOperationParamSelector@@@@YAHPEBDHH0@Z 00000001400018f0 f i main.obj
 0001:00000be0       ??$qmlRegisterType@VPlanController@@@@YAHPEBDHH0@Z 0000000140001be0 f i main.obj
 0001:00000ed0       ??$qmlRegisterType@VPlanSelector@@@@YAHPEBDHH0@Z 0000000140001ed0 f i main.obj
 0001:000011c0       ??$qmlRegisterType@VStatusViewWatcher@@@@YAHPEBDHH0@Z 00000001400021c0 f i main.obj
 0001:000014b0       ??$qmlRegisterType@VTextFieldDoubleValidator@@@@YAHPEBDHH0@Z 00000001400024b0 f i main.obj
 0001:000017a0       ??0OperationParamData@@QEAA@XZ 00000001400027a0 f i main.obj
 0001:00001810       ??1?$QList@H@@QEAA@XZ      0000000140002810 f i main.obj
 0001:00001850       ??1?$QList@PEAVQObject@@@@QEAA@XZ 0000000140002850 f i main.obj
 0001:00001890       ??1?$QList@VOperationParamData@@@@QEAA@XZ 0000000140002890 f i main.obj
 0001:000018d0       ??1?$QList@VQString@@@@QEAA@XZ 00000001400028d0 f i main.obj
 0001:00001950       ??1?$QVarLengthArray@D$0DA@@@QEAA@XZ 0000000140002950 f i main.obj
 0001:00001950       ??1?$QVarLengthArray@D$0EA@@@QEAA@XZ 0000000140002950 f i main.obj
 0001:00001970       ??1OperationParamData@@QEAA@XZ 0000000140002970 f i main.obj
 0001:00001a00       ??1OperationParamSelector@@UEAA@XZ 0000000140002a00 f i main.obj
 0001:00001a90       ??1PlanSelector@@UEAA@XZ   0000000140002a90 f i main.obj
 0001:00001b30       ??1RegisterType@QQmlPrivate@@QEAA@XZ 0000000140002b30 f i main.obj
 0001:00001b40       ??1SingleOperationData@@QEAA@XZ 0000000140002b40 f i main.obj
 0001:00001b90       ??_E?$QQmlElement@VOperationParamObject@@@QQmlPrivate@@UEAAPEAXI@Z 0000000140002b90 f i main.obj
 0001:00001b90       ??_G?$QQmlElement@VOperationParamObject@@@QQmlPrivate@@UEAAPEAXI@Z 0000000140002b90 f i main.obj
 0001:00001bf0       ??_G?$QQmlElement@VOperationParamSelector@@@QQmlPrivate@@UEAAPEAXI@Z 0000000140002bf0 f i main.obj
 0001:00001bf0       ??_E?$QQmlElement@VOperationParamSelector@@@QQmlPrivate@@UEAAPEAXI@Z 0000000140002bf0 f i main.obj
 0001:00001c50       ??_E?$QQmlElement@VPlanController@@@QQmlPrivate@@UEAAPEAXI@Z 0000000140002c50 f i main.obj
 0001:00001c50       ??_G?$QQmlElement@VPlanController@@@QQmlPrivate@@UEAAPEAXI@Z 0000000140002c50 f i main.obj
 0001:00001cb0       ??_G?$QQmlElement@VPlanSelector@@@QQmlPrivate@@UEAAPEAXI@Z 0000000140002cb0 f i main.obj
 0001:00001cb0       ??_E?$QQmlElement@VPlanSelector@@@QQmlPrivate@@UEAAPEAXI@Z 0000000140002cb0 f i main.obj
 0001:00001d10       ??_G?$QQmlElement@VStatusViewWatcher@@@QQmlPrivate@@UEAAPEAXI@Z 0000000140002d10 f i main.obj
 0001:00001d10       ??_E?$QQmlElement@VStatusViewWatcher@@@QQmlPrivate@@UEAAPEAXI@Z 0000000140002d10 f i main.obj
 0001:00001d70       ??_E?$QQmlElement@VTextFieldDoubleValidator@@@QQmlPrivate@@UEAAPEAXI@Z 0000000140002d70 f i main.obj
 0001:00001d70       ??_G?$QQmlElement@VTextFieldDoubleValidator@@@QQmlPrivate@@UEAAPEAXI@Z 0000000140002d70 f i main.obj
 0001:00001dd0       ??_EOperationParamObject@@UEAAPEAXI@Z 0000000140002dd0 f i main.obj
 0001:00001dd0       ??_GOperationParamObject@@UEAAPEAXI@Z 0000000140002dd0 f i main.obj
 0001:00001e20       ?Construct@?$QMetaTypeFunctionHelper@PEAVOperationParamObject@@$00@QtMetaTypePrivate@@SAPEAXPEAXPEBX@Z 0000000140002e20 f i main.obj
 0001:00001e20       ?Construct@?$QMetaTypeFunctionHelper@PEAVOperationParamSelector@@$00@QtMetaTypePrivate@@SAPEAXPEAXPEBX@Z 0000000140002e20 f i main.obj
 0001:00001e20       ?Construct@?$QMetaTypeFunctionHelper@PEAVStatusViewWatcher@@$00@QtMetaTypePrivate@@SAPEAXPEAXPEBX@Z 0000000140002e20 f i main.obj
 0001:00001e20       ?Construct@?$QMetaTypeFunctionHelper@PEAVPlanSelector@@$00@QtMetaTypePrivate@@SAPEAXPEAXPEBX@Z 0000000140002e20 f i main.obj
 0001:00001e20       ?Construct@?$QMetaTypeFunctionHelper@PEAVPlanController@@$00@QtMetaTypePrivate@@SAPEAXPEAXPEBX@Z 0000000140002e20 f i main.obj
 0001:00001e20       ?Construct@?$QMetaTypeFunctionHelper@PEAVTextFieldDoubleValidator@@$00@QtMetaTypePrivate@@SAPEAXPEAXPEBX@Z 0000000140002e20 f i main.obj
 0001:00001e40       ?Construct@?$QMetaTypeFunctionHelper@V?$QQmlListProperty@VOperationParamObject@@@@$00@QtMetaTypePrivate@@SAPEAXPEAXPEBX@Z 0000000140002e40 f i main.obj
 0001:00001e40       ?Construct@?$QMetaTypeFunctionHelper@V?$QQmlListProperty@VTextFieldDoubleValidator@@@@$00@QtMetaTypePrivate@@SAPEAXPEAXPEBX@Z 0000000140002e40 f i main.obj
 0001:00001e40       ?Construct@?$QMetaTypeFunctionHelper@V?$QQmlListProperty@VStatusViewWatcher@@@@$00@QtMetaTypePrivate@@SAPEAXPEAXPEBX@Z 0000000140002e40 f i main.obj
 0001:00001e40       ?Construct@?$QMetaTypeFunctionHelper@V?$QQmlListProperty@VPlanController@@@@$00@QtMetaTypePrivate@@SAPEAXPEAXPEBX@Z 0000000140002e40 f i main.obj
 0001:00001e40       ?Construct@?$QMetaTypeFunctionHelper@V?$QQmlListProperty@VPlanSelector@@@@$00@QtMetaTypePrivate@@SAPEAXPEAXPEBX@Z 0000000140002e40 f i main.obj
 0001:00001e40       ?Construct@?$QMetaTypeFunctionHelper@V?$QQmlListProperty@VOperationParamSelector@@@@$00@QtMetaTypePrivate@@SAPEAXPEAXPEBX@Z 0000000140002e40 f i main.obj
 0001:00001ea0       ?TopLevelExceptionFilter@@YAJPEAU_EXCEPTION_POINTERS@@@Z 0000000140002ea0 f   main.obj
 0001:00001f50       ?customMessageHandler@@YAXW4QtMsgType@@AEBVQMessageLogContext@@AEBVQString@@@Z 0000000140002f50 f   main.obj
 0001:00002210       ?dealloc@?$QList@VOperationParamData@@@@AEAAXPEAUData@QListData@@@Z 0000000140003210 f i main.obj
 0001:000022a0       ?impl@?$QStaticSlotObject@P6AXXZU?$List@$$V@QtPrivate@@X@QtPrivate@@CAXHPEAVQSlotObjectBase@2@PEAVQObject@@PEAPEAXPEA_N@Z 00000001400032a0 f i main.obj
 0001:000022d0       ?node_destruct@?$QList@VOperationParamData@@@@AEAAXPEAUNode@1@0@Z 00000001400032d0 f i main.obj
 0001:00002330       ?node_destruct@?$QList@VQString@@@@AEAAXPEAUNode@1@0@Z 0000000140003330 f i main.obj
 0001:00002370       ?qt_metatype_id@?$QMetaTypeIdQObject@PEAVOperationParamObject@@$07@@SAHXZ 0000000140003370 f i main.obj
 0001:00002410       ?qt_metatype_id@?$QMetaTypeIdQObject@PEAVOperationParamSelector@@$07@@SAHXZ 0000000140003410 f i main.obj
 0001:000024b0       ?qt_metatype_id@?$QMetaTypeIdQObject@PEAVPlanController@@$07@@SAHXZ 00000001400034b0 f i main.obj
 0001:00002550       ?qt_metatype_id@?$QMetaTypeIdQObject@PEAVPlanSelector@@$07@@SAHXZ 0000000140003550 f i main.obj
 0001:000025f0       ?qt_metatype_id@?$QMetaTypeIdQObject@PEAVStatusViewWatcher@@$07@@SAHXZ 00000001400035f0 f i main.obj
 0001:00002690       ?qt_metatype_id@?$QMetaTypeIdQObject@PEAVTextFieldDoubleValidator@@$07@@SAHXZ 0000000140003690 f i main.obj
 0001:00002730       ?validate@TextFieldDoubleValidator@@UEBA?AW4State@QValidator@@AEAVQString@@AEAH@Z 0000000140003730 f i main.obj
 0001:00002890       main                       0000000140003890 f   main.obj
 0001:00002ca0       ??0?$QList@H@@QEAA@AEBV0@@Z 0000000140003ca0 f i workmodels.obj
 0001:00002d30       ??0?$QList@PEAVQObject@@@@QEAA@AEBV0@@Z 0000000140003d30 f i workmodels.obj
 0001:00002dc0       ??0?$QList@VOperationParamData@@@@QEAA@AEBV0@@Z 0000000140003dc0 f i workmodels.obj
 0001:00002e50       ??0?$QList@VQString@@@@QEAA@AEBV0@@Z 0000000140003e50 f i workmodels.obj
 0001:00002ee0       ??0OperationParamData@@QEAA@AEBV0@@Z 0000000140003ee0 f i workmodels.obj
 0001:00003060       ??0OperationParamSelector@@QEAA@PEAVQObject@@@Z 0000000140004060 f   workmodels.obj
 0001:000030c0       ??0PlanController@@QEAA@PEAVQObject@@@Z 00000001400040c0 f   workmodels.obj
 0001:00003110       ??0PlanSelector@@QEAA@PEAVQObject@@@Z 0000000140004110 f   workmodels.obj
 0001:00003200       ??0StatusViewWatcher@@QEAA@PEAVQObject@@@Z 0000000140004200 f   workmodels.obj
 0001:00003250       ??1?$QForeachContainer@V?$QList@PEAVQObject@@@@@@QEAA@XZ 0000000140004250 f i workmodels.obj
 0001:00003290       ??1?$QForeachContainer@V?$QList@VOperationParamData@@@@@@QEAA@XZ 0000000140004290 f i workmodels.obj
 0001:000032d0       ??1MachineConfigData@@QEAA@XZ 00000001400042d0 f i workmodels.obj
 0001:000032e0       ??1PlanController@@UEAA@XZ 00000001400042e0 f   workmodels.obj
 0001:00003320       ??1StatusViewWatcher@@UEAA@XZ 0000000140004320 f   workmodels.obj
 0001:00003360       ??4?$QList@H@@QEAAAEAV0@AEBV0@@Z 0000000140004360 f i workmodels.obj
 0001:000033d0       ??4?$QList@PEAVQObject@@@@QEAAAEAV0@$$QEAV0@@Z 00000001400043d0 f i workmodels.obj
 0001:00003430       ??4?$QList@VOperationParamData@@@@QEAAAEAV0@$$QEAV0@@Z 0000000140004430 f i workmodels.obj
 0001:00003500       ??4?$QList@VQString@@@@QEAAAEAV0@$$QEAV0@@Z 0000000140004500 f i workmodels.obj
 0001:000035a0       ??4?$QList@VQString@@@@QEAAAEAV0@AEBV0@@Z 00000001400045a0 f i workmodels.obj
 0001:00003650       ??_GOperationParamSelector@@UEAAPEAXI@Z 0000000140004650 f i workmodels.obj
 0001:00003650       ??_EOperationParamSelector@@UEAAPEAXI@Z 0000000140004650 f i workmodels.obj
 0001:00003690       ??_EPlanController@@UEAAPEAXI@Z 0000000140004690 f i workmodels.obj
 0001:00003690       ??_GPlanController@@UEAAPEAXI@Z 0000000140004690 f i workmodels.obj
 0001:00003700       ??_GPlanSelector@@UEAAPEAXI@Z 0000000140004700 f i workmodels.obj
 0001:00003700       ??_EPlanSelector@@UEAAPEAXI@Z 0000000140004700 f i workmodels.obj
 0001:00003740       ??_GStatusViewWatcher@@UEAAPEAXI@Z 0000000140004740 f i workmodels.obj
 0001:00003740       ??_EStatusViewWatcher@@UEAAPEAXI@Z 0000000140004740 f i workmodels.obj
 0001:000037b0       ?addPlan@PlanSelector@@QEAAXAEBVQString@@@Z 00000001400047b0 f   workmodels.obj
 0001:000037d0       ?addStep@PlanSelector@@QEAAXHHH@Z 00000001400047d0 f   workmodels.obj
 0001:00003810       ?append@?$QList@PEAVQObject@@@@QEAAXAEBQEAVQObject@@@Z 0000000140004810 f i workmodels.obj
 0001:00003860       ?append@?$QList@VOperationParamData@@@@QEAAXAEBVOperationParamData@@@Z 0000000140004860 f i workmodels.obj
 0001:000038f0       ?clear@?$QList@PEAVQObject@@@@QEAAXXZ 00000001400048f0 f i workmodels.obj
 0001:00003980       ?commitParam@PlanSelector@@QEAAXHH@Z 0000000140004980 f   workmodels.obj
 0001:00003c10       ?detach_helper_grow@?$QList@PEAVQObject@@@@AEAAPEAUNode@1@HH@Z 0000000140004c10 f i workmodels.obj
 0001:00003d00       ?detach_helper_grow@?$QList@VOperationParamData@@@@AEAAPEAUNode@1@HH@Z 0000000140004d00 f i workmodels.obj
 0001:00003df0       ?eventFilter@PlanController@@UEAA_NPEAVQObject@@PEAVQEvent@@@Z 0000000140004df0 f   workmodels.obj
 0001:00003e60       ?eventFilter@StatusViewWatcher@@UEAA_NPEAVQObject@@PEAVQEvent@@@Z 0000000140004e60 f   workmodels.obj
 0001:00003ec0       ?getSwitch@OperationParamSelector@@QEAAPEAVQObject@@AEBVQString@@@Z 0000000140004ec0 f   workmodels.obj
 0001:00004040       ?getSwitch@PlanSelector@@QEAAPEAVQObject@@AEBVQString@@@Z 0000000140005040 f   workmodels.obj
 0001:000041c0       ?init@OperationParamSelector@@QEAAXAEBVQString@@@Z 00000001400051c0 f   workmodels.obj
 0001:00004310       ?moveStep@PlanSelector@@QEAAXHHH@Z 0000000140005310 f   workmodels.obj
 0001:00004350       ?name@OperationParamObject@@QEBA?AVQString@@XZ 0000000140005350 f i workmodels.obj
 0001:00004350       ?getOperationName@SingleOperationObject@@QEAA?AVQString@@XZ 0000000140005350 f i moc_workmodels.obj
 0001:00004350       ?getIpAddress@TargetMachineObject@@QEBA?AVQString@@XZ 0000000140005350 f i environmentvariant.obj
 0001:00004380       ?node_copy@?$QList@H@@AEAAXPEAUNode@1@00@Z 0000000140005380 f i workmodels.obj
 0001:00004380       ?node_copy@?$QList@PEAVQObject@@@@AEAAXPEAUNode@1@00@Z 0000000140005380 f i workmodels.obj
 0001:000043b0       ?node_copy@?$QList@VOperationParamData@@@@AEAAXPEAUNode@1@00@Z 00000001400053b0 f i workmodels.obj
 0001:00004430       ?node_copy@?$QList@VQString@@@@AEAAXPEAUNode@1@00@Z 0000000140005430 f i workmodels.obj
 0001:000044a0       ?Destruct@?$QMetaTypeFunctionHelper@V?$QQmlListProperty@VStatusViewWatcher@@@@$00@QtMetaTypePrivate@@SAXPEAX@Z 00000001400054a0 f   main.obj
 0001:000044a0       ?Destruct@?$QMetaTypeFunctionHelper@V?$QQmlListProperty@VOperationParamObject@@@@$00@QtMetaTypePrivate@@SAXPEAX@Z 00000001400054a0 f   main.obj
 0001:000044a0       ?Destruct@?$QMetaTypeFunctionHelper@V?$QQmlListProperty@VPlanController@@@@$00@QtMetaTypePrivate@@SAXPEAX@Z 00000001400054a0 f   main.obj
 0001:000044a0       ?Destruct@?$QMetaTypeFunctionHelper@PEAVStatusViewWatcher@@$00@QtMetaTypePrivate@@SAXPEAX@Z 00000001400054a0 f   main.obj
 0001:000044a0       ?onComplete@PlanSelector@@QEAAXXZ 00000001400054a0 f   workmodels.obj
 0001:000044a0       ?Destruct@?$QMetaTypeFunctionHelper@V?$QQmlListProperty@VPlanSelector@@@@$00@QtMetaTypePrivate@@SAXPEAX@Z 00000001400054a0 f   main.obj
 0001:000044a0       ?qt_static_metacall@configFileHandler@@CAXPEAVQObject@@W4Call@QMetaObject@@HPEAPEAX@Z 00000001400054a0 f   moc_configfilehandler.obj
 0001:000044a0       ?Destruct@?$QMetaTypeFunctionHelper@V?$QQmlListProperty@VTextFieldDoubleValidator@@@@$00@QtMetaTypePrivate@@SAXPEAX@Z 00000001400054a0 f   main.obj
 0001:000044a0       ?Destruct@?$QMetaTypeFunctionHelper@PEAVTextFieldDoubleValidator@@$00@QtMetaTypePrivate@@SAXPEAX@Z 00000001400054a0 f   main.obj
 0001:000044a0       ?Destruct@?$QMetaTypeFunctionHelper@PEAVOperationParamSelector@@$00@QtMetaTypePrivate@@SAXPEAX@Z 00000001400054a0 f   main.obj
 0001:000044a0       ?Destruct@?$QMetaTypeFunctionHelper@PEAVOperationParamObject@@$00@QtMetaTypePrivate@@SAXPEAX@Z 00000001400054a0 f   main.obj
 0001:000044a0       ?Destruct@?$QMetaTypeFunctionHelper@VQSequentialIterableImpl@QtMetaTypePrivate@@$00@QtMetaTypePrivate@@SAXPEAX@Z 00000001400054a0 f   moc_workmodels.obj
 0001:000044a0       ?Destruct@?$QMetaTypeFunctionHelper@PEAVPlanSelector@@$00@QtMetaTypePrivate@@SAXPEAX@Z 00000001400054a0 f   main.obj
 0001:000044a0       ?Destruct@?$QMetaTypeFunctionHelper@V?$QQmlListProperty@VOperationParamSelector@@@@$00@QtMetaTypePrivate@@SAXPEAX@Z 00000001400054a0 f   main.obj
 0001:000044a0       ??3@YAXPEAX0@Z             00000001400054a0 f   main.obj
 0001:000044a0       ?Destruct@?$QMetaTypeFunctionHelper@PEAVPlanController@@$00@QtMetaTypePrivate@@SAXPEAX@Z 00000001400054a0 f   main.obj
 0001:000044b0       ?onCompleteSingleOperation@OperationParamSelector@@QEAAXXZ 00000001400054b0 f   workmodels.obj
 0001:000047e0       ?onMachineConfigChanged@TargetMachineObject@@QEAAXXZ 00000001400057e0 f   workmodels.obj
 0001:00004840       ?onSave@PlanSelector@@QEAAXXZ 0000000140005840 f   workmodels.obj
 0001:00004860       ?operationCurrentIndex@PlanSelector@@QEAAHXZ 0000000140005860 f   workmodels.obj
 0001:00004880       ?planListModel@PlanSelector@@QEAA?AVQStringList@@XZ 0000000140005880 f   workmodels.obj
 0001:000048b0       ?removePlan@PlanSelector@@QEAAXH@Z 00000001400058b0 f   workmodels.obj
 0001:000048d0       ?removeStep@PlanSelector@@QEAAXHH@Z 00000001400058d0 f   workmodels.obj
 0001:00004900       ?resumePlan@PlanController@@QEAAXXZ 0000000140005900 f   workmodels.obj
 0001:00004940       ?setPlanName@PlanSelector@@QEAAXHAEBVQString@@@Z 0000000140005940 f   workmodels.obj
 0001:00004970       ?setSelectedOperation@OperationParamSelector@@QEAAXH@Z 0000000140005970 f   workmodels.obj
 0001:00004cf0       ?setSelectedOperation@PlanSelector@@QEAAXHHH@Z 0000000140005cf0 f   workmodels.obj
 0001:00005170       ?setSelectedStep@PlanSelector@@QEAAXHH@Z 0000000140006170 f   workmodels.obj
 0001:00005520       ?startPlan@PlanController@@QEAAXHH@Z 0000000140006520 f   workmodels.obj
 0001:00005560       ?stepListModel@PlanSelector@@QEAA?AVQStringList@@H@Z 0000000140006560 f   workmodels.obj
 0001:000055a0       ?stopPlan@PlanController@@QEAAXXZ 00000001400065a0 f   workmodels.obj
 0001:000055c0       ??$qMakePair@VQString@@V?$QList@VSingleOperationData@@@@@@YA?AU?$QPair@VQString@@V?$QList@VSingleOperationData@@@@@@AEBVQString@@AEBV?$QList@VSingleOperationData@@@@@Z 00000001400065c0 f i configfilehandler.obj
 0001:00005610       ??0?$QList@VSingleOperationData@@@@QEAA@AEBV0@@Z 0000000140006610 f i configfilehandler.obj
 0001:000056a0       ??0configFileHandler@@QEAA@PEAVQObject@@@Z 00000001400066a0 f   configfilehandler.obj
 0001:000056e0       ??1?$QList@U?$QPair@VQString@@V?$QList@VSingleOperationData@@@@@@@@QEAA@XZ 00000001400066e0 f i configfilehandler.obj
 0001:00005740       ??1?$QList@VSingleOperationData@@@@QEAA@XZ 0000000140006740 f i configfilehandler.obj
 0001:000057a0       ??1?$QMap@VQString@@V1@@@QEAA@XZ 00000001400067a0 f i configfilehandler.obj
 0001:000057e0       ??1?$QMap@VQString@@VOperationParamData@@@@QEAA@XZ 00000001400067e0 f i configfilehandler.obj
 0001:00005820       ??1?$QMap@VQString@@VQStringList@@@@QEAA@XZ 0000000140006820 f i configfilehandler.obj
 0001:00005860       ??1?$QPair@VQString@@V?$QList@VSingleOperationData@@@@@@QEAA@XZ 0000000140006860 f i configfilehandler.obj
 0001:000058e0       ??1configFileHandler@@UEAA@XZ 00000001400068e0 f i configfilehandler.obj
 0001:00005910       ??4?$QList@H@@QEAAAEAV0@$$QEAV0@@Z 0000000140006910 f i configfilehandler.obj
 0001:00005970       ??4?$QList@U?$QPair@VQString@@V?$QList@VSingleOperationData@@@@@@@@QEAAAEAV0@$$QEAV0@@Z 0000000140006970 f i configfilehandler.obj
 0001:00005a00       ??4OperationParamData@@QEAAAEAV0@AEBV0@@Z 0000000140006a00 f i configfilehandler.obj
 0001:00005b00       ??A?$QMap@VQString@@V1@@@QEAAAEAVQString@@AEBV1@@Z 0000000140006b00 f i configfilehandler.obj
 0001:00005b80       ??A?$QMap@VQString@@VOperationParamData@@@@QEAAAEAVOperationParamData@@AEBVQString@@@Z 0000000140006b80 f i configfilehandler.obj
 0001:00005ce0       ??A?$QMap@VQString@@VOperationParamData@@@@QEBA?BVOperationParamData@@AEBVQString@@@Z 0000000140006ce0 f i configfilehandler.obj
 0001:00005e20       ??A?$QMap@VQString@@VQStringList@@@@QEAAAEAVQStringList@@AEBVQString@@@Z 0000000140006e20 f i configfilehandler.obj
 0001:00005f00       ??_GSingleOperationData@@QEAAPEAXI@Z 0000000140006f00 f i configfilehandler.obj
 0001:00005f70       ??_GconfigFileHandler@@UEAAPEAXI@Z 0000000140006f70 f i configfilehandler.obj
 0001:00005f70       ??_EconfigFileHandler@@UEAAPEAXI@Z 0000000140006f70 f i configfilehandler.obj
 0001:00005fc0       ?ParseHostIP@configFileHandler@@QEAA?AVQString@@XZ 0000000140006fc0 f   configfilehandler.obj
 0001:00006090       ?ParseHostPort@configFileHandler@@QEAAFXZ 0000000140007090 f   configfilehandler.obj
 0001:00006160       ?ParseHostSingleOperationThreshold@configFileHandler@@QEAAHXZ 0000000140007160 f   configfilehandler.obj
 0001:00006230       ?ParseListMap@configFileHandler@@QEAA?AV?$QMap@VQString@@VQStringList@@@@AEBVQString@@@Z 0000000140007230 f   configfilehandler.obj
 0001:00006500       ?ParseMap@configFileHandler@@QEAA?AV?$QMap@VQString@@V1@@@AEBVQString@@@Z 0000000140007500 f   configfilehandler.obj
 0001:00006730       ?ParseMapRevertKeyValue@configFileHandler@@QEAA?AV?$QMap@VQString@@V1@@@AEBVQString@@@Z 0000000140007730 f   configfilehandler.obj
 0001:00006970       ?ParseParamValue@configFileHandler@@QEAA?AV?$QMap@VQString@@VOperationParamData@@@@AEBVQString@@@Z 0000000140007970 f   configfilehandler.obj
 0001:00007740       ?ParsePlanList@configFileHandler@@QEAAXAEAV?$QList@U?$QPair@VQString@@V?$QList@VSingleOperationData@@@@@@@@AEBV?$QMap@VQString@@VOperationParamData@@@@@Z 0000000140008740 f   configfilehandler.obj
 0001:000083c0       ?SaveMachineConfig@configFileHandler@@QEAAXAEBVQString@@AEBVMachineConfigData@@@Z 00000001400093c0 f   configfilehandler.obj
 0001:000086c0       ?SavePlanList@configFileHandler@@QEAAXAEBVQString@@AEBV?$QList@U?$QPair@VQString@@V?$QList@VSingleOperationData@@@@@@@@AEBV?$QMap@VQString@@VQStringList@@@@@Z 00000001400096c0 f   configfilehandler.obj
 0001:00008f50       ?append@?$QList@H@@QEAAXAEBH@Z 0000000140009f50 f i configfilehandler.obj
 0001:00008fa0       ?append@?$QList@U?$QPair@VQString@@V?$QList@VSingleOperationData@@@@@@@@QEAAXAEBU?$QPair@VQString@@V?$QList@VSingleOperationData@@@@@@@Z 0000000140009fa0 f i configfilehandler.obj
 0001:00009040       ?append@?$QList@VQString@@@@QEAAXAEBVQString@@@Z 000000014000a040 f i configfilehandler.obj
 0001:000090c0       ?append@?$QList@VSingleOperationData@@@@QEAAXAEBVSingleOperationData@@@Z 000000014000a0c0 f i configfilehandler.obj
 0001:00009130       ?clear@?$QList@U?$QPair@VQString@@V?$QList@VSingleOperationData@@@@@@@@QEAAXXZ 000000014000a130 f i configfilehandler.obj
 0001:000091b0       ?copy@?$QMapNode@VQString@@V1@@@QEBAPEAU1@PEAU?$QMapData@VQString@@V1@@@@Z 000000014000a1b0 f i configfilehandler.obj
 0001:00009260       ?copy@?$QMapNode@VQString@@VOperationParamData@@@@QEBAPEAU1@PEAU?$QMapData@VQString@@VOperationParamData@@@@@Z 000000014000a260 f i configfilehandler.obj
 0001:00009310       ?copy@?$QMapNode@VQString@@VQStringList@@@@QEBAPEAU1@PEAU?$QMapData@VQString@@VQStringList@@@@@Z 000000014000a310 f i configfilehandler.obj
 0001:000093c0       ?createNode@?$QMapData@VQString@@V1@@@QEAAPEAU?$QMapNode@VQString@@V1@@@AEBVQString@@0PEAU2@_N@Z 000000014000a3c0 f i configfilehandler.obj
 0001:00009440       ?createNode@?$QMapData@VQString@@VOperationParamData@@@@QEAAPEAU?$QMapNode@VQString@@VOperationParamData@@@@AEBVQString@@AEBVOperationParamData@@PEAU2@_N@Z 000000014000a440 f i configfilehandler.obj
 0001:000094d0       ?createNode@?$QMapData@VQString@@VQStringList@@@@QEAAPEAU?$QMapNode@VQString@@VQStringList@@@@AEBVQString@@AEBVQStringList@@PEAU2@_N@Z 000000014000a4d0 f i configfilehandler.obj
 0001:00009560       ?destroy@?$QMapData@VQString@@V1@@@QEAAXXZ 000000014000a560 f i configfilehandler.obj
 0001:000095d0       ?destroy@?$QMapData@VQString@@VOperationParamData@@@@QEAAXXZ 000000014000a5d0 f i configfilehandler.obj
 0001:00009640       ?destroy@?$QMapData@VQString@@VQStringList@@@@QEAAXXZ 000000014000a640 f i configfilehandler.obj
 0001:000096b0       ?destroySubTree@?$QMapNode@VQString@@V1@@@QEAAXXZ 000000014000a6b0 f i configfilehandler.obj
 0001:00009700       ?destroySubTree@?$QMapNode@VQString@@VOperationParamData@@@@QEAAXXZ 000000014000a700 f i configfilehandler.obj
 0001:00009740       ?destroySubTree@?$QMapNode@VQString@@VQStringList@@@@QEAAXXZ 000000014000a740 f i configfilehandler.obj
 0001:00009780       ?detach_helper@?$QMap@VQString@@V1@@@AEAAXXZ 000000014000a780 f i configfilehandler.obj
 0001:00009800       ?detach_helper@?$QMap@VQString@@VOperationParamData@@@@AEAAXXZ 000000014000a800 f i configfilehandler.obj
 0001:00009880       ?detach_helper@?$QMap@VQString@@VQStringList@@@@AEAAXXZ 000000014000a880 f i configfilehandler.obj
 0001:00009900       ?detach_helper_grow@?$QList@H@@AEAAPEAUNode@1@HH@Z 000000014000a900 f i configfilehandler.obj
 0001:000099f0       ?detach_helper_grow@?$QList@U?$QPair@VQString@@V?$QList@VSingleOperationData@@@@@@@@AEAAPEAUNode@1@HH@Z 000000014000a9f0 f i configfilehandler.obj
 0001:00009b00       ?detach_helper_grow@?$QList@VQString@@@@AEAAPEAUNode@1@HH@Z 000000014000ab00 f i configfilehandler.obj
 0001:00009c20       ?detach_helper_grow@?$QList@VSingleOperationData@@@@AEAAPEAUNode@1@HH@Z 000000014000ac20 f i configfilehandler.obj
 0001:00009d30       ?findNode@?$QMapData@VQString@@V1@@@QEBAPEAU?$QMapNode@VQString@@V1@@@AEBVQString@@@Z 000000014000ad30 f i configfilehandler.obj
 0001:00009d30       ?findNode@?$QMapData@VQString@@VOperationParamData@@@@QEBAPEAU?$QMapNode@VQString@@VOperationParamData@@@@AEBVQString@@@Z 000000014000ad30 f i configfilehandler.obj
 0001:00009d30       ?findNode@?$QMapData@VQString@@VQStringList@@@@QEBAPEAU?$QMapNode@VQString@@VQStringList@@@@AEBVQString@@@Z 000000014000ad30 f i configfilehandler.obj
 0001:00009db0       ?insert@?$QMap@VQString@@V1@@@QEAA?AViterator@1@AEBVQString@@0@Z 000000014000adb0 f i configfilehandler.obj
 0001:00009e90       ?insert@?$QMap@VQString@@VOperationParamData@@@@QEAA?AViterator@1@AEBVQString@@AEBVOperationParamData@@@Z 000000014000ae90 f i configfilehandler.obj
 0001:00009f70       ?insert@?$QMap@VQString@@VQStringList@@@@QEAA?AViterator@1@AEBVQString@@AEBVQStringList@@@Z 000000014000af70 f i configfilehandler.obj
 0001:0000a050       ?key@iterator@QJsonObject@@QEBA?AVQString@@XZ 000000014000b050 f i configfilehandler.obj
 0001:0000a080       ?loadConfigFile@configFileHandler@@QEAA_NAEBVQString@@@Z 000000014000b080 f   configfilehandler.obj
 0001:0000a180       ?node_construct@?$QList@U?$QPair@VQString@@V?$QList@VSingleOperationData@@@@@@@@AEAAXPEAUNode@1@AEBU?$QPair@VQString@@V?$QList@VSingleOperationData@@@@@@@Z 000000014000b180 f i configfilehandler.obj
 0001:0000a1f0       ?node_construct@?$QList@VSingleOperationData@@@@AEAAXPEAUNode@1@AEBVSingleOperationData@@@Z 000000014000b1f0 f i configfilehandler.obj
 0001:0000a260       ?node_copy@?$QList@U?$QPair@VQString@@V?$QList@VSingleOperationData@@@@@@@@AEAAXPEAUNode@1@00@Z 000000014000b260 f i configfilehandler.obj
 0001:0000a2f0       ?node_copy@?$QList@VSingleOperationData@@@@AEAAXPEAUNode@1@00@Z 000000014000b2f0 f i configfilehandler.obj
 0001:0000a390       ?node_destruct@?$QList@U?$QPair@VQString@@V?$QList@VSingleOperationData@@@@@@@@AEAAXPEAUNode@1@0@Z 000000014000b390 f i configfilehandler.obj
 0001:0000a450       ?node_destruct@?$QList@VSingleOperationData@@@@AEAAXPEAUNode@1@0@Z 000000014000b450 f i configfilehandler.obj
 0001:0000a4e0       ?node_destruct@?$QList@VSingleOperationData@@@@AEAAXPEAUNode@1@@Z 000000014000b4e0 f i configfilehandler.obj
 0001:0000a540       ?toList@configFileHandler@@QEAA?AVQStringList@@AEBVQString@@@Z 000000014000b540 f   configfilehandler.obj
 0001:0000a610       ?value@?$QMap@VQString@@VOperationParamData@@@@QEBA?BVOperationParamData@@AEBVQString@@AEBV2@@Z 000000014000b610 f i configfilehandler.obj
 0001:0000a660       ??0EnvironmentVariant@@AEAA@XZ 000000014000b660 f i environmentvariant.obj
 0001:0000a740       ??1?$QForeachContainer@$$CBV?$QList@VOperationParamData@@@@@@QEAA@XZ 000000014000b740 f i environmentvariant.obj
 0001:0000a780       ??1?$QForeachContainer@$$CBV?$QList@VSingleOperationData@@@@@@QEAA@XZ 000000014000b780 f i environmentvariant.obj
 0001:0000a7e0       ??1?$QForeachContainer@$$CBVQStringList@@@@QEAA@XZ 000000014000b7e0 f i environmentvariant.obj
 0001:0000a7e0       ??1?$QForeachContainer@VQStringList@@@@QEAA@XZ 000000014000b7e0 f i environmentvariant.obj
 0001:0000a7e0       ??1QStringList@@QEAA@XZ    000000014000b7e0 f i main.obj
 0001:0000a7f0       ??4?$QList@VOperationParamData@@@@QEAAAEAV0@AEBV0@@Z 000000014000b7f0 f i environmentvariant.obj
 0001:0000a8c0       ??4?$QList@VSingleOperationData@@@@QEAAAEAV0@AEBV0@@Z 000000014000b8c0 f i environmentvariant.obj
 0001:0000a9c0       ??A?$QList@VQString@@@@QEAAAEAVQString@@H@Z 000000014000b9c0 f i environmentvariant.obj
 0001:0000aa00       ??A?$QList@VSingleOperationData@@@@QEAAAEAVSingleOperationData@@H@Z 000000014000ba00 f i environmentvariant.obj
 0001:0000aa40       ??Y?$QList@VQString@@@@QEAAAEAV0@AEBV0@@Z 000000014000ba40 f i environmentvariant.obj
 0001:0000ab00       ??_GTargetMachineObject@@UEAAPEAXI@Z 000000014000bb00 f i environmentvariant.obj
 0001:0000ab00       ??_ETargetMachineObject@@UEAAPEAXI@Z 000000014000bb00 f i environmentvariant.obj
 0001:0000ab50       ?AddPlan@EnvironmentVariant@@QEAAXAEBVQString@@@Z 000000014000bb50 f   environmentvariant.obj
 0001:0000aca0       ?AddPlanStep@EnvironmentVariant@@QEAAXHHH@Z 000000014000bca0 f   environmentvariant.obj
 0001:0000ae80       ?LogicalControlList@EnvironmentVariant@@QEAA?AVQStringList@@XZ 000000014000be80 f   environmentvariant.obj
 0001:0000b160       ?MovePlanStep@EnvironmentVariant@@QEAAXHHH@Z 000000014000c160 f   environmentvariant.obj
 0001:0000b2a0       ?OperationNameList@EnvironmentVariant@@QEAA?AVQStringList@@XZ 000000014000c2a0 f   environmentvariant.obj
 0001:0000b580       ?PlanList@EnvironmentVariant@@QEAA?AVQStringList@@XZ 000000014000c580 f   environmentvariant.obj
 0001:0000b630       ?RemovePlan@EnvironmentVariant@@QEAAXH@Z 000000014000c630 f   environmentvariant.obj
 0001:0000b670       ?RemovePlanStep@EnvironmentVariant@@QEAAXHH@Z 000000014000c670 f   environmentvariant.obj
 0001:0000b6f0       ?SaveMachineConfig@EnvironmentVariant@@QEAAXAEBVMachineConfigData@@@Z 000000014000c6f0 f   environmentvariant.obj
 0001:0000b7b0       ?SavePlan@EnvironmentVariant@@QEAAXXZ 000000014000c7b0 f   environmentvariant.obj
 0001:0000b810       ?SetPlanName@EnvironmentVariant@@QEAAXHAEBVQString@@@Z 000000014000c810 f   environmentvariant.obj
 0001:0000b880       ?SetPlanStepParam@EnvironmentVariant@@QEAAXHHAEBV?$QList@VOperationParamData@@@@@Z 000000014000c880 f   environmentvariant.obj
 0001:0000b920       ?SetPlanStepToDefault@EnvironmentVariant@@QEAAXHHH@Z 000000014000c920 f   environmentvariant.obj
 0001:0000ba50       ?StartPlan@EnvironmentVariant@@QEAAXHH@Z 000000014000ca50 f   environmentvariant.obj
 0001:0000c310       ?StepList@EnvironmentVariant@@QEAA?AVQStringList@@H@Z 000000014000d310 f   environmentvariant.obj
 0001:0000c530       ?StopPlan@EnvironmentVariant@@QEAAXXZ 000000014000d530 f   environmentvariant.obj
 0001:0000c540       ?defaultValue@EnvironmentVariant@@QEAA?AVSingleOperationData@@AEBVQString@@@Z 000000014000d540 f   environmentvariant.obj
 0001:0000c770       ?detach_helper@?$QList@H@@AEAAXH@Z 000000014000d770 f i environmentvariant.obj
 0001:0000c810       ?detach_helper@?$QList@U?$QPair@VQString@@V?$QList@VSingleOperationData@@@@@@@@AEAAXH@Z 000000014000d810 f i environmentvariant.obj
 0001:0000c8d0       ?detach_helper@?$QList@VOperationParamData@@@@AEAAXH@Z 000000014000d8d0 f i environmentvariant.obj
 0001:0000c970       ?detach_helper@?$QList@VQString@@@@AEAAXH@Z 000000014000d970 f i environmentvariant.obj
 0001:0000ca40       ?detach_helper@?$QList@VSingleOperationData@@@@AEAAXH@Z 000000014000da40 f i environmentvariant.obj
 0001:0000cb00       ?formatSingleOperationParam@EnvironmentVariant@@QEAA?AVQJsonObject@@AEBVSingleOperationData@@@Z 000000014000db00 f   environmentvariant.obj
 0001:0000d220       ?getOperationIndex@EnvironmentVariant@@QEAAHAEBVQString@@@Z 000000014000e220 f   environmentvariant.obj
 0001:0000d2b0       ?getOperationParams@EnvironmentVariant@@QEAA?AV?$QList@VOperationParamData@@@@H@Z 000000014000e2b0 f   environmentvariant.obj
 0001:0000d430       ?initModels@EnvironmentVariant@@QEAAXPEAVQQmlContext@@@Z 000000014000e430 f   environmentvariant.obj
 0001:0000d490       ?initProtocol@EnvironmentVariant@@QEAAXAEBVQString@@@Z 000000014000e490 f   environmentvariant.obj
 0001:0000d4f0       ?initUserConfig@EnvironmentVariant@@QEAAXAEBVQString@@@Z 000000014000e4f0 f   environmentvariant.obj
 0001:0000d5d0       ?insert@?$QList@VSingleOperationData@@@@QEAAXHAEBVSingleOperationData@@@Z 000000014000e5d0 f i environmentvariant.obj
 0001:0000d640       ?instance@EnvironmentVariant@@SAPEAV1@XZ 000000014000e640 f   environmentvariant.obj
 0001:0000d680       ?parseConfigFile@EnvironmentVariant@@QEAAXAEBVQString@@@Z 000000014000e680 f   environmentvariant.obj
 0001:0000dea0       ?planStepParam@EnvironmentVariant@@QEAA?AVSingleOperationData@@HH@Z 000000014000eea0 f   environmentvariant.obj
 0001:0000e310       ?removeAt@?$QList@U?$QPair@VQString@@V?$QList@VSingleOperationData@@@@@@@@QEAAXH@Z 000000014000f310 f i environmentvariant.obj
 0001:0000e390       ?removeAt@?$QList@VSingleOperationData@@@@QEAAXH@Z 000000014000f390 f i environmentvariant.obj
 0001:0000e3f0       ?runTask@EnvironmentVariant@@QEAAXAEBVQJsonObject@@@Z 000000014000f3f0 f   environmentvariant.obj
 0001:0000e460       ?setIpAddress@TargetMachineObject@@QEAAXAEBVQString@@@Z 000000014000f460 f i environmentvariant.obj
 0001:0000e4b0       ??$atImpl@V?$QList@H@@@QSequentialIterableImpl@QtMetaTypePrivate@@SAPEBXPEBXH@Z 000000014000f4b0 f i moc_workmodels.obj
 0001:0000e4b0       ??$atImpl@V?$QList@PEAVQObject@@@@@QSequentialIterableImpl@QtMetaTypePrivate@@SAPEBXPEBXH@Z 000000014000f4b0 f i moc_workmodels.obj
 0001:0000e4d0       ??$getImpl@V?$QList@PEAVQObject@@@@@QSequentialIterableImpl@QtMetaTypePrivate@@SA?AUVariantData@1@PEBQEAXHI@Z 000000014000f4d0 f i moc_workmodels.obj
 0001:0000e4d0       ??$getImpl@V?$QList@H@@@QSequentialIterableImpl@QtMetaTypePrivate@@SA?AUVariantData@1@PEBQEAXHI@Z 000000014000f4d0 f i moc_workmodels.obj
 0001:0000e4f0       ??$moveToBeginImpl@V?$QList@PEAVQObject@@@@@QSequentialIterableImpl@QtMetaTypePrivate@@SAXPEBXPEAPEAX@Z 000000014000f4f0 f i moc_workmodels.obj
 0001:0000e4f0       ??$moveToBeginImpl@V?$QList@H@@@QSequentialIterableImpl@QtMetaTypePrivate@@SAXPEBXPEAPEAX@Z 000000014000f4f0 f i moc_workmodels.obj
 0001:0000e530       ??$moveToEndImpl@V?$QList@H@@@QSequentialIterableImpl@QtMetaTypePrivate@@SAXPEBXPEAPEAX@Z 000000014000f530 f i moc_workmodels.obj
 0001:0000e530       ??$moveToEndImpl@V?$QList@PEAVQObject@@@@@QSequentialIterableImpl@QtMetaTypePrivate@@SAXPEBXPEAPEAX@Z 000000014000f530 f i moc_workmodels.obj
 0001:0000e570       ??$sizeImpl@V?$QList@PEAVQObject@@@@@QSequentialIterableImpl@QtMetaTypePrivate@@SAHPEBX@Z 000000014000f570 f i moc_workmodels.obj
 0001:0000e570       ??$sizeImpl@V?$QList@H@@@QSequentialIterableImpl@QtMetaTypePrivate@@SAHPEBX@Z 000000014000f570 f i moc_workmodels.obj
 0001:0000e580       ??4?$QList@PEAVQObject@@@@QEAAAEAV0@AEBV0@@Z 000000014000f580 f i moc_workmodels.obj
 0001:0000e5f0       ??8?$QList@H@@QEBA_NAEBV0@@Z 000000014000f5f0 f i moc_workmodels.obj
 0001:0000e660       ??8?$QList@PEAVQObject@@@@QEBA_NAEBV0@@Z 000000014000f660 f i moc_workmodels.obj
 0001:0000e6d0       ??8?$QList@VQString@@@@QEBA_NAEBV0@@Z 000000014000f6d0 f i moc_workmodels.obj
 0001:0000e740       ?Construct@?$QMetaTypeFunctionHelper@V?$QList@H@@$00@QtMetaTypePrivate@@SAPEAXPEAXPEBX@Z 000000014000f740 f i moc_workmodels.obj
 0001:0000e790       ?Construct@?$QMetaTypeFunctionHelper@V?$QList@PEAVQObject@@@@$00@QtMetaTypePrivate@@SAPEAXPEAXPEBX@Z 000000014000f790 f i moc_workmodels.obj
 0001:0000e7e0       ?Construct@?$QMetaTypeFunctionHelper@VQSequentialIterableImpl@QtMetaTypePrivate@@$00@QtMetaTypePrivate@@SAPEAXPEAXPEBX@Z 000000014000f7e0 f i moc_workmodels.obj
 0001:0000e870       ?Destruct@?$QMetaTypeFunctionHelper@V?$QList@H@@$00@QtMetaTypePrivate@@SAXPEAX@Z 000000014000f870 f i moc_workmodels.obj
 0001:0000e8b0       ?Destruct@?$QMetaTypeFunctionHelper@V?$QList@PEAVQObject@@@@$00@QtMetaTypePrivate@@SAXPEAX@Z 000000014000f8b0 f i moc_workmodels.obj
 0001:0000e8f0       ?MachineConfigChanged@TargetMachineObject@@QEAAXXZ 000000014000f8f0 f   moc_workmodels.obj
 0001:0000e910       ?UnitChanged@OperationParamObject@@QEAAXXZ 000000014000f910 f   moc_workmodels.obj
 0001:0000e930       ?advance@?$IteratorOwnerCommon@Vconst_iterator@?$QList@PEAVQObject@@@@@QtMetaTypePrivate@@SAXPEAPEAXH@Z 000000014000f930 f i moc_workmodels.obj
 0001:0000e930       ?advance@?$IteratorOwnerCommon@Vconst_iterator@?$QList@H@@@QtMetaTypePrivate@@SAXPEAPEAXH@Z 000000014000f930 f i moc_workmodels.obj
 0001:0000e940       ?assign@?$IteratorOwnerCommon@Vconst_iterator@?$QList@H@@@QtMetaTypePrivate@@SAXPEAPEAXPEBQEAX@Z 000000014000f940 f i moc_workmodels.obj
 0001:0000e940       ?assign@?$IteratorOwnerCommon@Vconst_iterator@?$QList@PEAVQObject@@@@@QtMetaTypePrivate@@SAXPEAPEAXPEBQEAX@Z 000000014000f940 f i moc_workmodels.obj
 0001:0000e980       ?boolValueChanged@OperationParamObject@@QEAAXXZ 000000014000f980 f   moc_workmodels.obj
 0001:0000e9a0       ?bottomValueChanged@OperationParamObject@@QEAAXXZ 000000014000f9a0 f   moc_workmodels.obj
 0001:0000e9c0       ?convert@?$ConverterFunctor@V?$QList@H@@VQSequentialIterableImpl@QtMetaTypePrivate@@U?$QSequentialIterableConvertFunctor@V?$QList@H@@@3@@QtPrivate@@SA_NPEBUAbstractConverterFunction@2@PEBXPEAX@Z 000000014000f9c0 f i moc_workmodels.obj
 0001:0000eaa0       ?convert@?$ConverterFunctor@V?$QList@PEAVQObject@@@@VQSequentialIterableImpl@QtMetaTypePrivate@@U?$QSequentialIterableConvertFunctor@V?$QList@PEAVQObject@@@@@3@@QtPrivate@@SA_NPEBUAbstractConverterFunction@2@PEBXPEAX@Z 000000014000faa0 f i moc_workmodels.obj
 0001:0000eb80       ?currentIndexChanged@OperationParamSelector@@QEAAXXZ 000000014000fb80 f   moc_workmodels.obj
 0001:0000eba0       ?destroy@?$IteratorOwnerCommon@Vconst_iterator@?$QList@H@@@QtMetaTypePrivate@@SAXPEAPEAX@Z 000000014000fba0 f i moc_workmodels.obj
 0001:0000eba0       ?destroy@?$IteratorOwnerCommon@Vconst_iterator@?$QList@PEAVQObject@@@@@QtMetaTypePrivate@@SAXPEAPEAX@Z 000000014000fba0 f i moc_workmodels.obj
 0001:0000ebb0       ?display@OperationParamObject@@QEBA?AVQString@@XZ 000000014000fbb0 f i moc_workmodels.obj
 0001:0000ebe0       ?displayChanged@OperationParamObject@@QEAAXXZ 000000014000fbe0 f   moc_workmodels.obj
 0001:0000ec00       ?equal@?$IteratorOwnerCommon@Vconst_iterator@?$QList@PEAVQObject@@@@@QtMetaTypePrivate@@SA_NPEBQEAX0@Z 000000014000fc00 f i moc_workmodels.obj
 0001:0000ec00       ?equal@?$IteratorOwnerCommon@Vconst_iterator@?$QList@H@@@QtMetaTypePrivate@@SA_NPEBQEAX0@Z 000000014000fc00 f i moc_workmodels.obj
 0001:0000ec10       ?floatValueChanged@OperationParamObject@@QEAAXXZ 000000014000fc10 f   moc_workmodels.obj
 0001:0000ec30       ?getParamListModel@PlanSelector@@QEAA?AV?$QList@PEAVQObject@@@@XZ 000000014000fc30 f i moc_workmodels.obj
 0001:0000ec60       ?getParamModel@OperationParamSelector@@QEAA?AV?$QList@PEAVQObject@@@@XZ 000000014000fc60 f i moc_workmodels.obj
 0001:0000ec90       ?intListValue@OperationParamObject@@QEAA?AV?$QList@H@@XZ 000000014000fc90 f i moc_workmodels.obj
 0001:0000ecc0       ?intListValueChanged@OperationParamObject@@QEAAXXZ 000000014000fcc0 f   moc_workmodels.obj
 0001:0000ece0       ?integerValueChanged@OperationParamObject@@QEAAXXZ 000000014000fce0 f   moc_workmodels.obj
 0001:0000ed00       ?metaObject@OperationParamObject@@UEBAPEBUQMetaObject@@XZ 000000014000fd00 f   moc_workmodels.obj
 0001:0000ed20       ?metaObject@OperationParamSelector@@UEBAPEBUQMetaObject@@XZ 000000014000fd20 f   moc_workmodels.obj
 0001:0000ed40       ?metaObject@PlanController@@UEBAPEBUQMetaObject@@XZ 000000014000fd40 f   moc_workmodels.obj
 0001:0000ed60       ?metaObject@PlanSelector@@UEBAPEBUQMetaObject@@XZ 000000014000fd60 f   moc_workmodels.obj
 0001:0000ed80       ?metaObject@StatusViewWatcher@@UEBAPEBUQMetaObject@@XZ 000000014000fd80 f   moc_workmodels.obj
 0001:0000eda0       ?metaObject@TargetMachineObject@@UEBAPEBUQMetaObject@@XZ 000000014000fda0 f   moc_workmodels.obj
 0001:0000edc0       ?nameChanged@OperationParamObject@@QEAAXXZ 000000014000fdc0 f   moc_workmodels.obj
 0001:0000ede0       ?op_eq_impl@?$QList@H@@AEBA_NAEBV1@UNotArrayCompatibleLayout@QListData@@@Z 000000014000fde0 f i moc_workmodels.obj
 0001:0000ee60       ?op_eq_impl@?$QList@PEAVQObject@@@@AEBA_NAEBV1@UArrayCompatibleLayout@QListData@@@Z 000000014000fe60 f i moc_workmodels.obj
 0001:0000eee0       ?op_eq_impl@?$QList@VQString@@@@AEBA_NAEBV1@UArrayCompatibleLayout@QListData@@@Z 000000014000fee0 f i moc_workmodels.obj
 0001:0000ef70       ?operationListModel@PlanSelector@@QEAA?AVQStringList@@XZ 000000014000ff70 f i moc_workmodels.obj
 0001:0000efa0       ?operationModel@OperationParamSelector@@QEAA?AVQStringList@@XZ 000000014000ffa0 f i moc_workmodels.obj
 0001:0000efd0       ?operationNameChanged@SingleOperationObject@@QEAAXXZ 000000014000ffd0 f   moc_workmodels.obj
 0001:0000eff0       ?pageNameChanged@OperationParamSelector@@QEAAXXZ 000000014000fff0 f   moc_workmodels.obj
 0001:0000f010       ?paramListModelChanged@PlanSelector@@QEAAXXZ 0000000140010010 f   moc_workmodels.obj
 0001:0000f030       ?paramModelChanged@OperationParamSelector@@QEAAXXZ 0000000140010030 f   moc_workmodels.obj
 0001:0000f050       ?qt_metacall@OperationParamObject@@UEAAHW4Call@QMetaObject@@HPEAPEAX@Z 0000000140010050 f   moc_workmodels.obj
 0001:0000f0f0       ?qt_metacall@OperationParamSelector@@UEAAHW4Call@QMetaObject@@HPEAPEAX@Z 00000001400100f0 f   moc_workmodels.obj
 0001:0000f1a0       ?qt_metacall@PlanController@@UEAAHW4Call@QMetaObject@@HPEAPEAX@Z 00000001400101a0 f   moc_workmodels.obj
 0001:0000f210       ?qt_metacall@PlanSelector@@UEAAHW4Call@QMetaObject@@HPEAPEAX@Z 0000000140010210 f   moc_workmodels.obj
 0001:0000f2c0       ?qt_metacall@StatusViewWatcher@@UEAAHW4Call@QMetaObject@@HPEAPEAX@Z 00000001400102c0 f   moc_workmodels.obj
 0001:0000f330       ?qt_metacall@TargetMachineObject@@UEAAHW4Call@QMetaObject@@HPEAPEAX@Z 0000000140010330 f   moc_workmodels.obj
 0001:0000f3e0       ?qt_metacast@OperationParamObject@@UEAAPEAXPEBD@Z 00000001400103e0 f   moc_workmodels.obj
 0001:0000f480       ?qt_metacast@OperationParamSelector@@UEAAPEAXPEBD@Z 0000000140010480 f   moc_workmodels.obj
 0001:0000f4d0       ?qt_metacast@PlanController@@UEAAPEAXPEBD@Z 00000001400104d0 f   moc_workmodels.obj
 0001:0000f520       ?qt_metacast@PlanSelector@@UEAAPEAXPEBD@Z 0000000140010520 f   moc_workmodels.obj
 0001:0000f570       ?qt_metacast@StatusViewWatcher@@UEAAPEAXPEBD@Z 0000000140010570 f   moc_workmodels.obj
 0001:0000f5c0       ?qt_metacast@TargetMachineObject@@UEAAPEAXPEBD@Z 00000001400105c0 f   moc_workmodels.obj
 0001:0000f660       ?qt_metatype_id@?$QMetaTypeId@V?$QList@H@@@@SAHXZ 0000000140010660 f i moc_workmodels.obj
 0001:0000f780       ?qt_metatype_id@?$QMetaTypeId@V?$QList@PEAVQObject@@@@@@SAHXZ 0000000140010780 f i moc_workmodels.obj
 0001:0000f810       ?qt_metatype_id@?$QMetaTypeId@VQSequentialIterableImpl@QtMetaTypePrivate@@@@SAHXZ 0000000140010810 f i moc_workmodels.obj
 0001:0000f890       ?qt_static_metacall@OperationParamObject@@CAXPEAVQObject@@W4Call@QMetaObject@@HPEAPEAX@Z 0000000140010890 f   moc_workmodels.obj
 0001:0000feb0       ?qt_static_metacall@OperationParamSelector@@CAXPEAVQObject@@W4Call@QMetaObject@@HPEAPEAX@Z 0000000140010eb0 f   moc_workmodels.obj
 0001:00010110       ?qt_static_metacall@PlanController@@CAXPEAVQObject@@W4Call@QMetaObject@@HPEAPEAX@Z 0000000140011110 f   moc_workmodels.obj
 0001:000101d0       ?qt_static_metacall@PlanSelector@@CAXPEAVQObject@@W4Call@QMetaObject@@HPEAPEAX@Z 00000001400111d0 f   moc_workmodels.obj
 0001:00010600       ?qt_static_metacall@SingleOperationObject@@CAXPEAVQObject@@W4Call@QMetaObject@@HPEAPEAX@Z 0000000140011600 f   moc_workmodels.obj
 0001:000106b0       ?qt_static_metacall@StatusViewWatcher@@CAXPEAVQObject@@W4Call@QMetaObject@@HPEAPEAX@Z 00000001400116b0 f   moc_workmodels.obj
 0001:00010710       ?qt_static_metacall@TargetMachineObject@@CAXPEAVQObject@@W4Call@QMetaObject@@HPEAPEAX@Z 0000000140011710 f   moc_workmodels.obj
 0001:00010820       ?registerConverter@?$ValueTypeIsMetaType@V?$QList@H@@$00@QtPrivate@@SA_NH@Z 0000000140011820 f i moc_workmodels.obj
 0001:000108d0       ?registerConverter@?$ValueTypeIsMetaType@V?$QList@PEAVQObject@@@@$00@QtPrivate@@SA_NH@Z 00000001400118d0 f i moc_workmodels.obj
 0001:00010980       ?setDisplay@OperationParamObject@@QEAAXAEBVQString@@@Z 0000000140011980 f i moc_workmodels.obj
 0001:000109e0       ?setFloatValue@OperationParamObject@@QEAAXN@Z 00000001400119e0 f i moc_workmodels.obj
 0001:00010a20       ?setIntListValue@OperationParamObject@@QEAAXAEBV?$QList@H@@@Z 0000000140011a20 f i moc_workmodels.obj
 0001:00010a80       ?setName@OperationParamObject@@QEAAXAEBVQString@@@Z 0000000140011a80 f i moc_workmodels.obj
 0001:00010ae0       ?setOperationName@SingleOperationObject@@QEAAXAEBVQString@@@Z 0000000140011ae0 f i moc_workmodels.obj
 0001:00010b40       ?setParamListModel@PlanSelector@@QEAAXAEBV?$QList@PEAVQObject@@@@@Z 0000000140011b40 f i moc_workmodels.obj
 0001:00010ba0       ?setParamModel@OperationParamSelector@@QEAAXAEBV?$QList@PEAVQObject@@@@@Z 0000000140011ba0 f i moc_workmodels.obj
 0001:00010c00       ?setStringValue@OperationParamObject@@QEAAXAEBVQString@@@Z 0000000140011c00 f i moc_workmodels.obj
 0001:00010c60       ?setStringlistValue@OperationParamObject@@QEAAXAEBVQStringList@@@Z 0000000140011c60 f i moc_workmodels.obj
 0001:00010cc0       ?setSwitchValue@OperationParamObject@@QEAAXAEBVQString@@@Z 0000000140011cc0 f i moc_workmodels.obj
 0001:00010d20       ?setUnit@OperationParamObject@@QEAAXAEBVQString@@@Z 0000000140011d20 f i moc_workmodels.obj
 0001:00010d80       ?settype@OperationParamObject@@QEAAXAEBVQString@@@Z 0000000140011d80 f i moc_workmodels.obj
 0001:00010de0       ?statusChanged@StatusViewWatcher@@QEAAXAEBVQJsonObject@@@Z 0000000140011de0 f   moc_workmodels.obj
 0001:00010e10       ?stringListValue@OperationParamObject@@QEBA?AVQStringList@@XZ 0000000140011e10 f i moc_workmodels.obj
 0001:00010e40       ?stringValue@OperationParamObject@@QEBA?AVQString@@XZ 0000000140011e40 f i moc_workmodels.obj
 0001:00010e70       ?stringValueChanged@OperationParamObject@@QEAAXXZ 0000000140011e70 f   moc_workmodels.obj
 0001:00010e90       ?stringlistValueChanged@OperationParamObject@@QEAAXXZ 0000000140011e90 f   moc_workmodels.obj
 0001:00010eb0       ?switchValue@OperationParamObject@@QEBA?AVQString@@XZ 0000000140011eb0 f i moc_workmodels.obj
 0001:00010ee0       ?switchValueChanged@OperationParamObject@@QEAAXXZ 0000000140011ee0 f   moc_workmodels.obj
 0001:00010f00       ?taskStateChanged@PlanController@@QEAAX_N@Z 0000000140011f00 f   moc_workmodels.obj
 0001:00010f40       ?topValueChanged@OperationParamObject@@QEAAXXZ 0000000140011f40 f   moc_workmodels.obj
 0001:00010f60       ?type@OperationParamObject@@QEBA?AVQString@@XZ 0000000140011f60 f i moc_workmodels.obj
 0001:00010f90       ?typeChanged@OperationParamObject@@QEAAXXZ 0000000140011f90 f   moc_workmodels.obj
 0001:00010fb0       ?unit@OperationParamObject@@QEBA?AVQString@@XZ 0000000140011fb0 f i moc_workmodels.obj
 0001:00010fe0       ?metaObject@configFileHandler@@UEBAPEBUQMetaObject@@XZ 0000000140011fe0 f   moc_configfilehandler.obj
 0001:00011000       ?qt_metacall@configFileHandler@@UEAAHW4Call@QMetaObject@@HPEAPEAX@Z 0000000140012000 f   moc_configfilehandler.obj
 0001:00011010       ?qt_metacast@configFileHandler@@UEAAPEAXPEBD@Z 0000000140012010 f   moc_configfilehandler.obj
 0001:00011058       MiniDumpWriteDump          0000000140012058 f   DbgHelp:dbghelp.dll
 0001:0001105e       ?fixup@QValidator@@UEBAXAEAVQString@@@Z 000000014001205e f   Qt5Gui:Qt5Gui.dll
 0001:00011064       ?metaObject@QDoubleValidator@@UEBAPEBUQMetaObject@@XZ 0000000140012064 f   Qt5Gui:Qt5Gui.dll
 0001:0001106a       ?qt_metacall@QDoubleValidator@@UEAAHW4Call@QMetaObject@@HPEAPEAX@Z 000000014001206a f   Qt5Gui:Qt5Gui.dll
 0001:00011070       ?qt_metacast@QDoubleValidator@@UEAAPEAXPEBD@Z 0000000140012070 f   Qt5Gui:Qt5Gui.dll
 0001:00011076       ?setRange@QDoubleValidator@@UEAAXNNH@Z 0000000140012076 f   Qt5Gui:Qt5Gui.dll
 0001:0001107c       ?childEvent@QObject@@MEAAXPEAVQChildEvent@@@Z 000000014001207c f   Qt5Core:Qt5Core.dll
 0001:00011082       ?connectNotify@QObject@@MEAAXAEBVQMetaMethod@@@Z 0000000140012082 f   Qt5Core:Qt5Core.dll
 0001:00011088       ?customEvent@QObject@@MEAAXPEAVQEvent@@@Z 0000000140012088 f   Qt5Core:Qt5Core.dll
 0001:0001108e       ?disconnectNotify@QObject@@MEAAXAEBVQMetaMethod@@@Z 000000014001208e f   Qt5Core:Qt5Core.dll
 0001:00011094       ?event@QObject@@UEAA_NPEAVQEvent@@@Z 0000000140012094 f   Qt5Core:Qt5Core.dll
 0001:0001109a       ?eventFilter@QObject@@UEAA_NPEAV1@PEAVQEvent@@@Z 000000014001209a f   Qt5Core:Qt5Core.dll
 0001:000110a0       ?timerEvent@QObject@@MEAAXPEAVQTimerEvent@@@Z 00000001400120a0 f   Qt5Core:Qt5Core.dll
 0001:000110a6       ?qRegisterResourceData@@YA_NHPEBE00@Z 00000001400120a6 f   Qt5Core:Qt5Core.dll
 0001:000110ac       ?qUnregisterResourceData@@YA_NHPEBE00@Z 00000001400120ac f   Qt5Core:Qt5Core.dll
 0001:000110b4       ??2@YAPEAX_K@Z             00000001400120b4 f   MSVCRT:new_scalar.obj
 0001:000110f0       ??3@YAXPEAX_K@Z            00000001400120f0 f   MSVCRT:delete_scalar_size.obj
 0001:000110f0       ??_V@YAXPEAX@Z             00000001400120f0 f   MSVCRT:delete_array.obj
 0001:000110f8       ??_Gtype_info@@UEAAPEAXI@Z 00000001400120f8 f i MSVCRT:std_type_info_static.obj
 0001:000110f8       ??_Etype_info@@UEAAPEAXI@Z 00000001400120f8 f i MSVCRT:std_type_info_static.obj
 0001:00011124       __scrt_acquire_startup_lock 0000000140012124 f   MSVCRT:utility.obj
 0001:00011160       __scrt_initialize_crt      0000000140012160 f   MSVCRT:utility.obj
 0001:000111ac       __scrt_initialize_onexit_tables 00000001400121ac f   MSVCRT:utility.obj
 0001:00011278       __scrt_is_nonwritable_in_current_image 0000000140012278 f   MSVCRT:utility.obj
 0001:00011314       __scrt_release_startup_lock 0000000140012314 f   MSVCRT:utility.obj
 0001:00011338       __scrt_uninitialize_crt    0000000140012338 f   MSVCRT:utility.obj
 0001:00011364       _onexit                    0000000140012364 f   MSVCRT:utility.obj
 0001:000113b4       atexit                     00000001400123b4 f   MSVCRT:utility.obj
 0001:00011514       _Init_thread_footer        0000000140012514 f   MSVCRT:thread_safe_statics.obj
 0001:00011574       _Init_thread_header        0000000140012574 f   MSVCRT:thread_safe_statics.obj
 0001:000115dc       _Init_thread_notify        00000001400125dc f   MSVCRT:thread_safe_statics.obj
 0001:00011638       _Init_thread_wait          0000000140012638 f   MSVCRT:thread_safe_statics.obj
 0001:00011924       WinMainCRTStartup          0000000140012924 f   MSVCRT:exe_winmain.obj
 0001:00011938       ??0bad_alloc@std@@QEAA@AEBV01@@Z 0000000140012938 f i MSVCRT:throw_bad_alloc.obj
 0001:00011978       ??0bad_alloc@std@@QEAA@XZ  0000000140012978 f i MSVCRT:throw_bad_alloc.obj
 0001:00011998       ??0bad_array_new_length@std@@QEAA@AEBV01@@Z 0000000140012998 f i MSVCRT:throw_bad_alloc.obj
 0001:000119d8       ??0bad_array_new_length@std@@QEAA@XZ 00000001400129d8 f i MSVCRT:throw_bad_alloc.obj
 0001:000119f8       ??0exception@std@@QEAA@AEBV01@@Z 00000001400129f8 f i MSVCRT:throw_bad_alloc.obj
 0001:00011a30       ??1bad_alloc@std@@UEAA@XZ  0000000140012a30 f i MSVCRT:throw_bad_alloc.obj
 0001:00011a30       ??1bad_array_new_length@std@@UEAA@XZ 0000000140012a30 f i MSVCRT:throw_bad_alloc.obj
 0001:00011a44       ??_Ebad_array_new_length@std@@UEAAPEAXI@Z 0000000140012a44 f i MSVCRT:throw_bad_alloc.obj
 0001:00011a44       ??_Gbad_array_new_length@std@@UEAAPEAXI@Z 0000000140012a44 f i MSVCRT:throw_bad_alloc.obj
 0001:00011a44       ??_Ebad_alloc@std@@UEAAPEAXI@Z 0000000140012a44 f i MSVCRT:throw_bad_alloc.obj
 0001:00011a44       ??_Gbad_alloc@std@@UEAAPEAXI@Z 0000000140012a44 f i MSVCRT:throw_bad_alloc.obj
 0001:00011a44       ??_Eexception@std@@UEAAPEAXI@Z 0000000140012a44 f i MSVCRT:throw_bad_alloc.obj
 0001:00011a44       ??_Gexception@std@@UEAAPEAXI@Z 0000000140012a44 f i MSVCRT:throw_bad_alloc.obj
 0001:00011a88       ?__scrt_throw_std_bad_alloc@@YAXXZ 0000000140012a88 f   MSVCRT:throw_bad_alloc.obj
 0001:00011aa8       ?__scrt_throw_std_bad_array_new_length@@YAXXZ 0000000140012aa8 f   MSVCRT:throw_bad_alloc.obj
 0001:00011ac8       ?what@exception@std@@UEBAPEBDXZ 0000000140012ac8 f i MSVCRT:throw_bad_alloc.obj
 0001:00011adc       ??3@YAXPEAX@Z              0000000140012adc f   MSVCRT:delete_scalar.obj
 0001:00011ae4       __isa_available_init       0000000140012ae4 f   MSVCRT:_cpu_disp_.obj
 0001:00011cac       _get_startup_argv_mode     0000000140012cac f   MSVCRT:argv_mode.obj
 0001:00011cb4       __scrt_is_ucrt_dll_in_use  0000000140012cb4 f   MSVCRT:ucrt_detection.obj
 0001:00011cc0       __scrt_fastfail            0000000140012cc0 f   MSVCRT:utility_desktop.obj
 0001:00011e08       __scrt_get_show_window_mode 0000000140012e08 f   MSVCRT:utility_desktop.obj
 0001:00011e44       __scrt_is_managed_app      0000000140012e44 f   MSVCRT:utility_desktop.obj
 0001:00011e98       __scrt_set_unhandled_exception_filter 0000000140012e98 f   MSVCRT:utility_desktop.obj
 0001:00011ea8       __scrt_unhandled_exception_filter 0000000140012ea8 f   MSVCRT:utility_desktop.obj
 0001:00011ee0       _guard_check_icall         0000000140012ee0 f i MSVCRT:checkcfg.obj
 0001:00011ee8       __security_init_cookie     0000000140012ee8 f   MSVCRT:gs_support.obj
 0001:00011f94       _get_startup_new_mode      0000000140012f94 f   MSVCRT:new_mode.obj
 0001:00011f94       __scrt_initialize_winrt    0000000140012f94 f   MSVCRT:utility_desktop.obj
 0001:00011f94       _get_startup_commit_mode   0000000140012f94 f   MSVCRT:commit_mode.obj
 0001:00011f94       _matherr                   0000000140012f94 f   MSVCRT:matherr.obj
 0001:00011f94       _get_startup_thread_locale_mode 0000000140012f94 f   MSVCRT:thread_locale.obj
 0001:00011f98       _get_startup_file_mode     0000000140012f98 f   MSVCRT:file_mode.obj
 0001:00011fa0       ?__scrt_initialize_type_info@@YAXXZ 0000000140012fa0 f   MSVCRT:tncleanup.obj
 0001:00011fb0       __vcrt_initialize          0000000140012fb0 f   MSVCRT:ucrt_stubs.obj
 0001:00011fb0       __vcrt_uninitialize        0000000140012fb0 f   MSVCRT:ucrt_stubs.obj
 0001:00011fb0       __acrt_initialize          0000000140012fb0 f   MSVCRT:ucrt_stubs.obj
 0001:00011fb0       __scrt_stub_for_acrt_initialize 0000000140012fb0 f   MSVCRT:ucrt_stubs.obj
 0001:00011fb0       __scrt_stub_for_acrt_uninitialize 0000000140012fb0 f   MSVCRT:ucrt_stubs.obj
 0001:00011fb0       __acrt_uninitialize        0000000140012fb0 f   MSVCRT:ucrt_stubs.obj
 0001:00011fb0       _should_initialize_environment 0000000140012fb0 f   MSVCRT:env_mode.obj
 0001:00011fb4       _guard_check_icall_nop     0000000140012fb4 f   MSVCRT:guard_support.obj
 0001:00011fb4       _initialize_invalid_parameter_handler 0000000140012fb4 f   MSVCRT:invalid_parameter_handler.obj
 0001:00011fb4       _initialize_denormal_control 0000000140012fb4 f   MSVCRT:denormal_control.obj
 0001:00011fb8       __local_stdio_printf_options 0000000140012fb8 f i MSVCRT:default_local_stdio_options.obj
 0001:00011fc0       __local_stdio_scanf_options 0000000140012fc0 f i MSVCRT:default_local_stdio_options.obj
 0001:00011fc8       __scrt_initialize_default_local_stdio_options 0000000140012fc8 f   MSVCRT:default_local_stdio_options.obj
 0001:00011fe4       __scrt_is_user_matherr_present 0000000140012fe4 f   MSVCRT:matherr_detection.obj
 0001:00011ff0       __scrt_get_dyn_tls_init_callback 0000000140012ff0 f   MSVCRT:dyn_tls_init.obj
 0001:00011ff8       __scrt_get_dyn_tls_dtor_callback 0000000140012ff8 f   MSVCRT:dyn_tls_dtor.obj
 0001:00012000       _RTC_Initialize            0000000140013000 f   MSVCRT:_initsect_.obj
 0001:0001204c       _RTC_Terminate             000000014001304c f   MSVCRT:_initsect_.obj
 0001:000120a0       IsProcessorFeaturePresent  00000001400130a0 f   kernel32:KERNEL32.dll
 0001:000120a6       __std_terminate            00000001400130a6 f   vcruntime:VCRUNTIME140.dll
 0001:000120ac       __CxxFrameHandler3         00000001400130ac f   vcruntime:VCRUNTIME140.dll
 0001:000120b2       memcpy                     00000001400130b2 f   vcruntime:VCRUNTIME140.dll
 0001:000120b8       _CxxThrowException         00000001400130b8 f   vcruntime:VCRUNTIME140.dll
 0001:000120be       __RTDynamicCast            00000001400130be f   vcruntime:VCRUNTIME140.dll
 0001:000120c4       memcmp                     00000001400130c4 f   vcruntime:VCRUNTIME140.dll
 0001:000120ca       __C_specific_handler       00000001400130ca f   vcruntime:VCRUNTIME140.dll
 0001:000120d0       __vcrt_InitializeCriticalSectionEx 00000001400130d0 f   vcruntime:VCRUNTIME140.dll
 0001:000120d6       __std_exception_copy       00000001400130d6 f   vcruntime:VCRUNTIME140.dll
 0001:000120dc       __std_exception_destroy    00000001400130dc f   vcruntime:VCRUNTIME140.dll
 0001:000120e2       memset                     00000001400130e2 f   vcruntime:VCRUNTIME140.dll
 0001:000120e8       free                       00000001400130e8 f   ucrt:api-ms-win-crt-heap-l1-1-0.dll
 0001:000120ee       malloc                     00000001400130ee f   ucrt:api-ms-win-crt-heap-l1-1-0.dll
 0001:000120f4       strcmp                     00000001400130f4 f   ucrt:api-ms-win-crt-string-l1-1-0.dll
 0001:000120fa       _callnewh                  00000001400130fa f   ucrt:api-ms-win-crt-heap-l1-1-0.dll
 0001:00012100       _configure_narrow_argv     0000000140013100 f   ucrt:api-ms-win-crt-runtime-l1-1-0.dll
 0001:00012106       _initialize_narrow_environment 0000000140013106 f   ucrt:api-ms-win-crt-runtime-l1-1-0.dll
 0001:0001210c       _initialize_onexit_table   000000014001310c f   ucrt:api-ms-win-crt-runtime-l1-1-0.dll
 0001:00012112       _register_onexit_function  0000000140013112 f   ucrt:api-ms-win-crt-runtime-l1-1-0.dll
 0001:00012118       _crt_atexit                0000000140013118 f   ucrt:api-ms-win-crt-runtime-l1-1-0.dll
 0001:0001211e       _cexit                     000000014001311e f   ucrt:api-ms-win-crt-runtime-l1-1-0.dll
 0001:00012124       _seh_filter_exe            0000000140013124 f   ucrt:api-ms-win-crt-runtime-l1-1-0.dll
 0001:0001212a       _set_app_type              000000014001312a f   ucrt:api-ms-win-crt-runtime-l1-1-0.dll
 0001:00012130       __setusermatherr           0000000140013130 f   ucrt:api-ms-win-crt-math-l1-1-0.dll
 0001:00012136       _get_narrow_winmain_command_line 0000000140013136 f   ucrt:api-ms-win-crt-runtime-l1-1-0.dll
 0001:0001213c       _initterm                  000000014001313c f   ucrt:api-ms-win-crt-runtime-l1-1-0.dll
 0001:00012142       _initterm_e                0000000140013142 f   ucrt:api-ms-win-crt-runtime-l1-1-0.dll
 0001:00012148       exit                       0000000140013148 f   ucrt:api-ms-win-crt-runtime-l1-1-0.dll
 0001:0001214e       _exit                      000000014001314e f   ucrt:api-ms-win-crt-runtime-l1-1-0.dll
 0001:00012154       _set_fmode                 0000000140013154 f   ucrt:api-ms-win-crt-stdio-l1-1-0.dll
 0001:0001215a       _c_exit                    000000014001315a f   ucrt:api-ms-win-crt-runtime-l1-1-0.dll
 0001:00012160       _register_thread_local_exe_atexit_callback 0000000140013160 f   ucrt:api-ms-win-crt-runtime-l1-1-0.dll
 0001:00012166       _configthreadlocale        0000000140013166 f   ucrt:api-ms-win-crt-locale-l1-1-0.dll
 0001:0001216c       _set_new_mode              000000014001316c f   ucrt:api-ms-win-crt-heap-l1-1-0.dll
 0001:00012172       __p__commode               0000000140013172 f   ucrt:api-ms-win-crt-stdio-l1-1-0.dll
 0001:00012178       terminate                  0000000140013178 f   ucrt:api-ms-win-crt-runtime-l1-1-0.dll
 0001:00012180       WinMain                    0000000140013180 f   qtmain:qtmain_win.obj
 0001:00012320       ??_U@YAPEAX_K@Z            0000000140013320 f   MSVCRT:new_array.obj
 0001:00012340       _guard_dispatch_icall_nop  0000000140013340 f   MSVCRT:_guard_dispatch_.obj
 0001:000141f0       ??__Ff@?4??registerConverter@?$ValueTypeIsMetaType@V?$QList@H@@$00@QtPrivate@@SA_NH@Z@YAXXZ 00000001400151f0 f i moc_workmodels.obj
 0001:00014220       ??__Ff@?4??registerConverter@?$ValueTypeIsMetaType@V?$QList@PEAVQObject@@@@$00@QtPrivate@@SA_NH@Z@YAXXZ 0000000140015220 f i moc_workmodels.obj
 0002:00000000       __imp_WideCharToMultiByte  0000000140016000     kernel32:KERNEL32.dll
 0002:00000008       __imp_LocalFree            0000000140016008     kernel32:KERNEL32.dll
 0002:00000010       __imp_GetCommandLineW      0000000140016010     kernel32:KERNEL32.dll
 0002:00000018       __imp_InitializeSListHead  0000000140016018     kernel32:KERNEL32.dll
 0002:00000020       __imp_GetSystemTimeAsFileTime 0000000140016020     kernel32:KERNEL32.dll
 0002:00000028       __imp_QueryPerformanceCounter 0000000140016028     kernel32:KERNEL32.dll
 0002:00000030       __imp_IsProcessorFeaturePresent 0000000140016030     kernel32:KERNEL32.dll
 0002:00000038       __imp_GetStartupInfoW      0000000140016038     kernel32:KERNEL32.dll
 0002:00000040       __imp_UnhandledExceptionFilter 0000000140016040     kernel32:KERNEL32.dll
 0002:00000048       __imp_IsDebuggerPresent    0000000140016048     kernel32:KERNEL32.dll
 0002:00000050       __imp_RtlVirtualUnwind     0000000140016050     kernel32:KERNEL32.dll
 0002:00000058       __imp_RtlLookupFunctionEntry 0000000140016058     kernel32:KERNEL32.dll
 0002:00000060       __imp_RtlCaptureContext    0000000140016060     kernel32:KERNEL32.dll
 0002:00000068       __imp_GetProcAddress       0000000140016068     kernel32:KERNEL32.dll
 0002:00000070       __imp_GetModuleHandleW     0000000140016070     kernel32:KERNEL32.dll
 0002:00000078       __imp_CreateEventW         0000000140016078     kernel32:KERNEL32.dll
 0002:00000080       __imp_WaitForSingleObjectEx 0000000140016080     kernel32:KERNEL32.dll
 0002:00000088       __imp_ResetEvent           0000000140016088     kernel32:KERNEL32.dll
 0002:00000090       __imp_SetEvent             0000000140016090     kernel32:KERNEL32.dll
 0002:00000098       __imp_DeleteCriticalSection 0000000140016098     kernel32:KERNEL32.dll
 0002:000000a0       __imp_LeaveCriticalSection 00000001400160a0     kernel32:KERNEL32.dll
 0002:000000a8       __imp_EnterCriticalSection 00000001400160a8     kernel32:KERNEL32.dll
 0002:000000b0       __imp_GetCurrentThreadId   00000001400160b0     kernel32:KERNEL32.dll
 0002:000000b8       __imp_GetCurrentProcessId  00000001400160b8     kernel32:KERNEL32.dll
 0002:000000c0       __imp_GetCurrentProcess    00000001400160c0     kernel32:KERNEL32.dll
 0002:000000c8       __imp_SetUnhandledExceptionFilter 00000001400160c8     kernel32:KERNEL32.dll
 0002:000000d0       __imp_CloseHandle          00000001400160d0     kernel32:KERNEL32.dll
 0002:000000d8       __imp_CreateFileW          00000001400160d8     kernel32:KERNEL32.dll
 0002:000000e0       \177KERNEL32_NULL_THUNK_DATA 00000001400160e0     kernel32:KERNEL32.dll
 0002:000000e8       __imp_?staticMetaObject@QObject@@2UQMetaObject@@B 00000001400160e8     Qt5Core:Qt5Core.dll
 0002:000000f0       __imp_?qt_metacall@QObject@@UEAAHW4Call@QMetaObject@@HPEAPEAX@Z 00000001400160f0     Qt5Core:Qt5Core.dll
 0002:000000f8       __imp_?qt_metacast@QObject@@UEAAPEAXPEBD@Z 00000001400160f8     Qt5Core:Qt5Core.dll
 0002:00000100       __imp_?dynamicMetaObject@QObjectData@@QEBAPEAUQMetaObject@@XZ 0000000140016100     Qt5Core:Qt5Core.dll
 0002:00000108       __imp_?unregisterConverterFunction@QMetaType@@SAXHH@Z 0000000140016108     Qt5Core:Qt5Core.dll
 0002:00000110       __imp_?registerConverterFunction@QMetaType@@SA_NPEBUAbstractConverterFunction@QtPrivate@@HH@Z 0000000140016110     Qt5Core:Qt5Core.dll
 0002:00000118       __imp_?hasRegisteredConverterFunction@QMetaType@@SA_NHH@Z 0000000140016118     Qt5Core:Qt5Core.dll
 0002:00000120       __imp_?typeName@QMetaType@@SAPEBDH@Z 0000000140016120     Qt5Core:Qt5Core.dll
 0002:00000128       __imp_?append@QByteArray@@QEAAAEAV1@PEBDH@Z 0000000140016128     Qt5Core:Qt5Core.dll
 0002:00000130       __imp_?endsWith@QByteArray@@QEBA_ND@Z 0000000140016130     Qt5Core:Qt5Core.dll
 0002:00000138       __imp_?activate@QMetaObject@@SAXPEAVQObject@@PEBU1@HPEAPEAX@Z 0000000140016138     Qt5Core:Qt5Core.dll
 0002:00000140       __imp_?qBadAlloc@@YAXXZ    0000000140016140     Qt5Core:Qt5Core.dll
 0002:00000148       __imp_??0QMessageLogger@@QEAA@PEBDH0@Z 0000000140016148     Qt5Core:Qt5Core.dll
 0002:00000150       __imp_?debug@QMessageLogger@@QEBA?AVQDebug@@XZ 0000000140016150     Qt5Core:Qt5Core.dll
 0002:00000158       __imp_?qInstallMessageHandler@@YAP6AXW4QtMsgType@@AEBVQMessageLogContext@@AEBVQString@@@ZP6AX012@Z@Z 0000000140016158     Qt5Core:Qt5Core.dll
 0002:00000160       __imp_??0QChar@@QEAA@UQLatin1Char@@@Z 0000000140016160     Qt5Core:Qt5Core.dll
 0002:00000168       __imp_??0QByteArray@@QEAA@XZ 0000000140016168     Qt5Core:Qt5Core.dll
 0002:00000170       __imp_??0QByteArray@@QEAA@PEBDH@Z 0000000140016170     Qt5Core:Qt5Core.dll
 0002:00000178       __imp_??1QByteArray@@QEAA@XZ 0000000140016178     Qt5Core:Qt5Core.dll
 0002:00000180       __imp_?reserve@QByteArray@@QEAAXH@Z 0000000140016180     Qt5Core:Qt5Core.dll
 0002:00000188       __imp_?append@QByteArray@@QEAAAEAV1@D@Z 0000000140016188     Qt5Core:Qt5Core.dll
 0002:00000190       __imp_?append@QByteArray@@QEAAAEAV1@PEBD@Z 0000000140016190     Qt5Core:Qt5Core.dll
 0002:00000198       __imp_??0QString@@QEAA@XZ  0000000140016198     Qt5Core:Qt5Core.dll
 0002:000001a0       __imp_??1QString@@QEAA@XZ  00000001400161a0     Qt5Core:Qt5Core.dll
 0002:000001a8       __imp_??4QString@@QEAAAEAV0@$$QEAV0@@Z 00000001400161a8     Qt5Core:Qt5Core.dll
 0002:000001b0       __imp_?arg@QString@@QEBA?AV1@AEBV1@HVQChar@@@Z 00000001400161b0     Qt5Core:Qt5Core.dll
 0002:000001b8       __imp_?indexOf@QString@@QEBAHVQChar@@HW4CaseSensitivity@Qt@@@Z 00000001400161b8     Qt5Core:Qt5Core.dll
 0002:000001c0       __imp_?startsWith@QString@@QEBA_NAEBV1@W4CaseSensitivity@Qt@@@Z 00000001400161c0     Qt5Core:Qt5Core.dll
 0002:000001c8       __imp_?fromWCharArray@QString@@SA?AV1@PEB_WH@Z 00000001400161c8     Qt5Core:Qt5Core.dll
 0002:000001d0       __imp_?fromAscii_helper@QString@@CAPEAU?$QTypedArrayData@G@@PEBDH@Z 00000001400161d0     Qt5Core:Qt5Core.dll
 0002:000001d8       __imp_?className@QMetaObject@@QEBAPEBDXZ 00000001400161d8     Qt5Core:Qt5Core.dll
 0002:000001e0       __imp_??1Connection@QMetaObject@@QEAA@XZ 00000001400161e0     Qt5Core:Qt5Core.dll
 0002:000001e8       __imp_?dispose@QListData@@SAXPEAUData@1@@Z 00000001400161e8     Qt5Core:Qt5Core.dll
 0002:000001f0       __imp_?registerNormalizedType@QMetaType@@SAHAEBVQByteArray@@P6AXPEAX@ZP6APEAX1PEBX@ZHV?$QFlags@W4TypeFlag@QMetaType@@@@PEBUQMetaObject@@@Z 00000001400161f0     Qt5Core:Qt5Core.dll
 0002:000001f8       __imp_?registerNormalizedTypedef@QMetaType@@SAHAEBVQByteArray@@H@Z 00000001400161f8     Qt5Core:Qt5Core.dll
 0002:00000200       __imp_??0QObject@@QEAA@PEAV0@@Z 0000000140016200     Qt5Core:Qt5Core.dll
 0002:00000208       __imp_??1QObject@@UEAA@XZ  0000000140016208     Qt5Core:Qt5Core.dll
 0002:00000210       __imp_?connectImpl@QObject@@CA?AVConnection@QMetaObject@@PEBV1@PEAPEAX01PEAVQSlotObjectBase@QtPrivate@@W4ConnectionType@Qt@@PEBHPEBU3@@Z 0000000140016210     Qt5Core:Qt5Core.dll
 0002:00000218       __imp_?setApplicationName@QCoreApplication@@SAXAEBVQString@@@Z 0000000140016218     Qt5Core:Qt5Core.dll
 0002:00000220       __imp_?installTranslator@QCoreApplication@@SA_NPEAVQTranslator@@@Z 0000000140016220     Qt5Core:Qt5Core.dll
 0002:00000228       __imp_?quit@QCoreApplication@@SAXXZ 0000000140016228     Qt5Core:Qt5Core.dll
 0002:00000230       __imp_??1QLocale@@QEAA@XZ  0000000140016230     Qt5Core:Qt5Core.dll
 0002:00000238       __imp_?toDouble@QLocale@@QEBANAEBVQString@@PEA_N@Z 0000000140016238     Qt5Core:Qt5Core.dll
 0002:00000240       __imp_?decimalPoint@QLocale@@QEBA?AVQChar@@XZ 0000000140016240     Qt5Core:Qt5Core.dll
 0002:00000248       __imp_??0QUrl@@QEAA@AEBVQString@@W4ParsingMode@0@@Z 0000000140016248     Qt5Core:Qt5Core.dll
 0002:00000250       __imp_??1QUrl@@QEAA@XZ     0000000140016250     Qt5Core:Qt5Core.dll
 0002:00000258       __imp_??0QFile@@QEAA@AEBVQString@@@Z 0000000140016258     Qt5Core:Qt5Core.dll
 0002:00000260       __imp_??1QFile@@UEAA@XZ    0000000140016260     Qt5Core:Qt5Core.dll
 0002:00000268       __imp_?open@QFile@@UEAA_NV?$QFlags@W4OpenModeFlag@QIODevice@@@@@Z 0000000140016268     Qt5Core:Qt5Core.dll
 0002:00000270       __imp_??0QTextStream@@QEAA@PEAVQIODevice@@@Z 0000000140016270     Qt5Core:Qt5Core.dll
 0002:00000278       __imp_??1QTextStream@@UEAA@XZ 0000000140016278     Qt5Core:Qt5Core.dll
 0002:00000280       __imp_??6QTextStream@@QEAAAEAV0@AEBVQString@@@Z 0000000140016280     Qt5Core:Qt5Core.dll
 0002:00000288       __imp_?endl@@YAAEAVQTextStream@@AEAV1@@Z 0000000140016288     Qt5Core:Qt5Core.dll
 0002:00000290       __imp_??1QDebug@@QEAA@XZ   0000000140016290     Qt5Core:Qt5Core.dll
 0002:00000298       __imp_??6QDebug@@QEAAAEAV0@AEBVQString@@@Z 0000000140016298     Qt5Core:Qt5Core.dll
 0002:000002a0       __imp_??0QTranslator@@QEAA@PEAVQObject@@@Z 00000001400162a0     Qt5Core:Qt5Core.dll
 0002:000002a8       __imp_??1QTranslator@@UEAA@XZ 00000001400162a8     Qt5Core:Qt5Core.dll
 0002:000002b0       __imp_?load@QTranslator@@QEAA_NAEBVQString@@000@Z 00000001400162b0     Qt5Core:Qt5Core.dll
 0002:000002b8       __imp_?currentPath@QDir@@SA?AVQString@@XZ 00000001400162b8     Qt5Core:Qt5Core.dll
 0002:000002c0       __imp_?childEvent@QObject@@MEAAXPEAVQChildEvent@@@Z 00000001400162c0     Qt5Core:Qt5Core.dll
 0002:000002c8       __imp_?connectNotify@QObject@@MEAAXAEBVQMetaMethod@@@Z 00000001400162c8     Qt5Core:Qt5Core.dll
 0002:000002d0       __imp_?customEvent@QObject@@MEAAXPEAVQEvent@@@Z 00000001400162d0     Qt5Core:Qt5Core.dll
 0002:000002d8       __imp_?disconnectNotify@QObject@@MEAAXAEBVQMetaMethod@@@Z 00000001400162d8     Qt5Core:Qt5Core.dll
 0002:000002e0       __imp_?event@QObject@@UEAA_NPEAVQEvent@@@Z 00000001400162e0     Qt5Core:Qt5Core.dll
 0002:000002e8       __imp_?eventFilter@QObject@@UEAA_NPEAV1@PEAVQEvent@@@Z 00000001400162e8     Qt5Core:Qt5Core.dll
 0002:000002f0       __imp_?timerEvent@QObject@@MEAAXPEAVQTimerEvent@@@Z 00000001400162f0     Qt5Core:Qt5Core.dll
 0002:000002f8       __imp_?shared_null@QListData@@2UData@1@B 00000001400162f8     Qt5Core:Qt5Core.dll
 0002:00000300       __imp_?cast@QMetaObject@@QEBAPEAVQObject@@PEAV2@@Z 0000000140016300     Qt5Core:Qt5Core.dll
 0002:00000308       __imp_??0QString@@QEAA@AEBV0@@Z 0000000140016308     Qt5Core:Qt5Core.dll
 0002:00000310       __imp_??4QString@@QEAAAEAV0@AEBV0@@Z 0000000140016310     Qt5Core:Qt5Core.dll
 0002:00000318       __imp_??8@YA_NAEBVQString@@0@Z 0000000140016318     Qt5Core:Qt5Core.dll
 0002:00000320       __imp_??8QString@@QEBA_NPEBD@Z 0000000140016320     Qt5Core:Qt5Core.dll
 0002:00000328       __imp_?detach@QListData@@QEAAPEAUData@1@H@Z 0000000140016328     Qt5Core:Qt5Core.dll
 0002:00000330       __imp_?detach_grow@QListData@@QEAAPEAUData@1@PEAHH@Z 0000000140016330     Qt5Core:Qt5Core.dll
 0002:00000338       __imp_?append@QListData@@QEAAPEAPEAXXZ 0000000140016338     Qt5Core:Qt5Core.dll
 0002:00000340       __imp_?size@QListData@@QEBAHXZ 0000000140016340     Qt5Core:Qt5Core.dll
 0002:00000348       __imp_?at@QListData@@QEBAPEAPEAXH@Z 0000000140016348     Qt5Core:Qt5Core.dll
 0002:00000350       __imp_?begin@QListData@@QEBAPEAPEAXXZ 0000000140016350     Qt5Core:Qt5Core.dll
 0002:00000358       __imp_?end@QListData@@QEBAPEAPEAXXZ 0000000140016358     Qt5Core:Qt5Core.dll
 0002:00000360       __imp_?installEventFilter@QObject@@QEAAXPEAV1@@Z 0000000140016360     Qt5Core:Qt5Core.dll
 0002:00000368       __imp_?removeEventFilter@QObject@@QEAAXPEAV1@@Z 0000000140016368     Qt5Core:Qt5Core.dll
 0002:00000370       __imp_??1QJsonObject@@QEAA@XZ 0000000140016370     Qt5Core:Qt5Core.dll
 0002:00000378       __imp_?self@QCoreApplication@@0PEAV1@EA 0000000140016378     Qt5Core:Qt5Core.dll
 0002:00000380       __imp_?warning@QMessageLogger@@QEBAXPEBDZZ 0000000140016380     Qt5Core:Qt5Core.dll
 0002:00000388       __imp_?fatal@QMessageLogger@@QEBAXPEBDZZ 0000000140016388     Qt5Core:Qt5Core.dll
 0002:00000390       __imp_?number@QString@@SA?AV1@HH@Z 0000000140016390     Qt5Core:Qt5Core.dll
 0002:00000398       __imp_?number@QString@@SA?AV1@NDH@Z 0000000140016398     Qt5Core:Qt5Core.dll
 0002:000003a0       __imp_??M@YA_NAEBVQString@@0@Z 00000001400163a0     Qt5Core:Qt5Core.dll
 0002:000003a8       __imp_??0QJsonValue@@QEAA@_N@Z 00000001400163a8     Qt5Core:Qt5Core.dll
 0002:000003b0       __imp_??0QJsonValue@@QEAA@N@Z 00000001400163b0     Qt5Core:Qt5Core.dll
 0002:000003b8       __imp_??0QJsonValue@@QEAA@H@Z 00000001400163b8     Qt5Core:Qt5Core.dll
 0002:000003c0       __imp_??0QJsonValue@@QEAA@AEBVQString@@@Z 00000001400163c0     Qt5Core:Qt5Core.dll
 0002:000003c8       __imp_??0QJsonValue@@QEAA@AEBVQJsonArray@@@Z 00000001400163c8     Qt5Core:Qt5Core.dll
 0002:000003d0       __imp_??0QJsonValue@@QEAA@AEBVQJsonObject@@@Z 00000001400163d0     Qt5Core:Qt5Core.dll
 0002:000003d8       __imp_??1QJsonValue@@QEAA@XZ 00000001400163d8     Qt5Core:Qt5Core.dll
 0002:000003e0       __imp_??0QJsonValue@@QEAA@AEBV0@@Z 00000001400163e0     Qt5Core:Qt5Core.dll
 0002:000003e8       __imp_?toBool@QJsonValue@@QEBA_N_N@Z 00000001400163e8     Qt5Core:Qt5Core.dll
 0002:000003f0       __imp_?toInt@QJsonValue@@QEBAHH@Z 00000001400163f0     Qt5Core:Qt5Core.dll
 0002:000003f8       __imp_?toDouble@QJsonValue@@QEBANN@Z 00000001400163f8     Qt5Core:Qt5Core.dll
 0002:00000400       __imp_?toObject@QJsonValue@@QEBA?AVQJsonObject@@XZ 0000000140016400     Qt5Core:Qt5Core.dll
 0002:00000408       __imp_??BQJsonValueRef@@QEBA?AVQJsonValue@@XZ 0000000140016408     Qt5Core:Qt5Core.dll
 0002:00000410       __imp_??4QJsonValueRef@@QEAAAEAV0@AEBVQJsonValue@@@Z 0000000140016410     Qt5Core:Qt5Core.dll
 0002:00000418       __imp_?toString@QJsonValueRef@@QEBA?AVQString@@XZ 0000000140016418     Qt5Core:Qt5Core.dll
 0002:00000420       __imp_?toArray@QJsonValueRef@@QEBA?AVQJsonArray@@XZ 0000000140016420     Qt5Core:Qt5Core.dll
 0002:00000428       __imp_?toObject@QJsonValueRef@@QEBA?AVQJsonObject@@XZ 0000000140016428     Qt5Core:Qt5Core.dll
 0002:00000430       __imp_?toValue@QJsonValueRef@@AEBA?AVQJsonValue@@XZ 0000000140016430     Qt5Core:Qt5Core.dll
 0002:00000438       __imp_??0QJsonObject@@QEAA@XZ 0000000140016438     Qt5Core:Qt5Core.dll
 0002:00000440       __imp_??4QJsonObject@@QEAAAEAV0@AEBV0@@Z 0000000140016440     Qt5Core:Qt5Core.dll
 0002:00000448       __imp_??AQJsonObject@@QEAA?AVQJsonValueRef@@AEBVQString@@@Z 0000000140016448     Qt5Core:Qt5Core.dll
 0002:00000450       __imp_?remove@QJsonObject@@QEAAXAEBVQString@@@Z 0000000140016450     Qt5Core:Qt5Core.dll
 0002:00000458       __imp_?begin@QJsonObject@@QEAA?AViterator@1@XZ 0000000140016458     Qt5Core:Qt5Core.dll
 0002:00000460       __imp_?end@QJsonObject@@QEAA?AViterator@1@XZ 0000000140016460     Qt5Core:Qt5Core.dll
 0002:00000468       __imp_?keyAt@QJsonObject@@AEBA?AVQString@@H@Z 0000000140016468     Qt5Core:Qt5Core.dll
 0002:00000470       __imp_?freeNodeAndRebalance@QMapDataBase@@QEAAXPEAUQMapNodeBase@@@Z 0000000140016470     Qt5Core:Qt5Core.dll
 0002:00000478       __imp_?recalcMostLeftNode@QMapDataBase@@QEAAXXZ 0000000140016478     Qt5Core:Qt5Core.dll
 0002:00000480       __imp_?createNode@QMapDataBase@@QEAAPEAUQMapNodeBase@@HHPEAU2@_N@Z 0000000140016480     Qt5Core:Qt5Core.dll
 0002:00000488       __imp_?freeTree@QMapDataBase@@QEAAXPEAUQMapNodeBase@@H@Z 0000000140016488     Qt5Core:Qt5Core.dll
 0002:00000490       __imp_?createData@QMapDataBase@@SAPEAU1@XZ 0000000140016490     Qt5Core:Qt5Core.dll
[...]
 0004:00000df8       $pdata$?statusChanged@StatusViewWatcher@@QEAAXAEBVQJsonObject@@@Z 0000000140341df8     moc_workmodels.obj
 0004:00000e04       $pdata$?stringListValue@OperationParamObject@@QEBA?AVQStringList@@XZ 0000000140341e04     moc_workmodels.obj
 0004:00000e10       $pdata$?stringValue@OperationParamObject@@QEBA?AVQString@@XZ 0000000140341e10     moc_workmodels.obj
 0004:00000e1c       $pdata$?switchValue@OperationParamObject@@QEBA?AVQString@@XZ 0000000140341e1c     moc_workmodels.obj
 0004:00000e28       $pdata$?taskStateChanged@PlanController@@QEAAX_N@Z 0000000140341e28     moc_workmodels.obj
 0004:00000e34       $pdata$?type@OperationParamObject@@QEBA?AVQString@@XZ 0000000140341e34     moc_workmodels.obj
 0004:00000e40       $pdata$?unit@OperationParamObject@@QEBA?AVQString@@XZ 0000000140341e40     moc_workmodels.obj
 0004:00000e4c       $pdata$??2@YAPEAX_K@Z      0000000140341e4c     MSVCRT:new_scalar.obj
 0004:00000e58       $pdata$??_Gtype_info@@UEAAPEAXI@Z 0000000140341e58     MSVCRT:std_type_info_static.obj
 0004:00000e64       $pdata$__scrt_acquire_startup_lock 0000000140341e64     MSVCRT:utility.obj
 0004:00000e70       $pdata$__scrt_initialize_crt 0000000140341e70     MSVCRT:utility.obj
 0004:00000e7c       $pdata$__scrt_initialize_onexit_tables 0000000140341e7c     MSVCRT:utility.obj
 0004:00000e88       $pdata$__scrt_is_nonwritable_in_current_image 0000000140341e88     MSVCRT:utility.obj
 0004:00000e94       $pdata$__scrt_release_startup_lock 0000000140341e94     MSVCRT:utility.obj
 0004:00000ea0       $pdata$__scrt_uninitialize_crt 0000000140341ea0     MSVCRT:utility.obj
 0004:00000eac       $pdata$_onexit             0000000140341eac     MSVCRT:utility.obj
 0004:00000eb8       $pdata$atexit              0000000140341eb8     MSVCRT:utility.obj
 0004:00000ec4       $pdata$?__scrt_initialize_thread_safe_statics@@YAHXZ 0000000140341ec4     MSVCRT:thread_safe_statics.obj
 0004:00000ed0       $pdata$?__scrt_uninitialize_thread_safe_statics@@YAXXZ 0000000140341ed0     MSVCRT:thread_safe_statics.obj
 0004:00000edc       $pdata$_Init_thread_footer 0000000140341edc     MSVCRT:thread_safe_statics.obj
 0004:00000ee8       $pdata$_Init_thread_header 0000000140341ee8     MSVCRT:thread_safe_statics.obj
 0004:00000ef4       $pdata$_Init_thread_notify 0000000140341ef4     MSVCRT:thread_safe_statics.obj
 0004:00000f00       $pdata$_Init_thread_wait   0000000140341f00     MSVCRT:thread_safe_statics.obj
 0004:00000f0c       $pdata$?pre_c_initialization@@YAHXZ 0000000140341f0c     MSVCRT:exe_winmain.obj
 0004:00000f18       $pdata$?post_pgo_initialization@@YAHXZ 0000000140341f18     MSVCRT:exe_winmain.obj
 0004:00000f24       $pdata$?pre_cpp_initialization@@YAXXZ 0000000140341f24     MSVCRT:exe_winmain.obj
 0004:00000f30       $pdata$?__scrt_common_main_seh@@YAHXZ 0000000140341f30     MSVCRT:exe_winmain.obj
 0004:00000f3c       $pdata$WinMainCRTStartup   0000000140341f3c     MSVCRT:exe_winmain.obj
 0004:00000f48       $pdata$??0bad_alloc@std@@QEAA@AEBV01@@Z 0000000140341f48     MSVCRT:throw_bad_alloc.obj
 0004:00000f54       $pdata$??0bad_array_new_length@std@@QEAA@AEBV01@@Z 0000000140341f54     MSVCRT:throw_bad_alloc.obj
 0004:00000f60       $pdata$??0exception@std@@QEAA@AEBV01@@Z 0000000140341f60     MSVCRT:throw_bad_alloc.obj
 0004:00000f6c       $pdata$??_Gexception@std@@UEAAPEAXI@Z 0000000140341f6c     MSVCRT:throw_bad_alloc.obj
 0004:00000f6c       $pdata$??_Gbad_array_new_length@std@@UEAAPEAXI@Z 0000000140341f6c     MSVCRT:throw_bad_alloc.obj
 0004:00000f6c       $pdata$??_Gbad_alloc@std@@UEAAPEAXI@Z 0000000140341f6c     MSVCRT:throw_bad_alloc.obj
 0004:00000f78       $pdata$?__scrt_throw_std_bad_alloc@@YAXXZ 0000000140341f78     MSVCRT:throw_bad_alloc.obj
 0004:00000f84       $pdata$?__scrt_throw_std_bad_array_new_length@@YAXXZ 0000000140341f84     MSVCRT:throw_bad_alloc.obj
 0004:00000f90       $pdata$__isa_available_init 0000000140341f90     MSVCRT:_cpu_disp_.obj
 0004:00000f9c       $pdata$__scrt_fastfail     0000000140341f9c     MSVCRT:utility_desktop.obj
 0004:00000fa8       $pdata$__scrt_get_show_window_mode 0000000140341fa8     MSVCRT:utility_desktop.obj
 0004:00000fb4       $pdata$__scrt_is_managed_app 0000000140341fb4     MSVCRT:utility_desktop.obj
 0004:00000fc0       $pdata$__scrt_unhandled_exception_filter 0000000140341fc0     MSVCRT:utility_desktop.obj
 0004:00000fcc       $pdata$__security_init_cookie 0000000140341fcc     MSVCRT:gs_support.obj
 0004:00000fd8       $pdata$__scrt_initialize_default_local_stdio_options 0000000140341fd8     MSVCRT:default_local_stdio_options.obj
 0004:00000fe4       $pdata$_RTC_Initialize     0000000140341fe4     MSVCRT:_initsect_.obj
 0004:00000ff0       $pdata$_RTC_Terminate      0000000140341ff0     MSVCRT:_initsect_.obj
 0004:00000ffc       $pdata$WinMain             0000000140341ffc     qtmain:qtmain_win.obj
 0004:00001008       $pdata$5$WinMain           0000000140342008     qtmain:qtmain_win.obj
 0004:00001014       $pdata$6$WinMain           0000000140342014     qtmain:qtmain_win.obj
 0004:0000102c       $pdata$?dtor$0@?0??validate@TextFieldDoubleValidator@@UEBA?AW4State@QValidator@@AEAVQString@@AEAH@Z@4HA 000000014034202c     main.obj
 0004:00001038       $pdata$?catch$5@?0???0?$QList@H@@QEAA@AEBV0@@Z@4HA 0000000140342038     workmodels.obj
 0004:00001044       $pdata$?catch$5@?0???0?$QList@PEAVQObject@@@@QEAA@AEBV0@@Z@4HA 0000000140342044     workmodels.obj
 0004:00001050       $pdata$?catch$5@?0???0?$QList@VOperationParamData@@@@QEAA@AEBV0@@Z@4HA 0000000140342050     workmodels.obj
 0004:0000105c       $pdata$?catch$5@?0???0?$QList@VQString@@@@QEAA@AEBV0@@Z@4HA 000000014034205c     workmodels.obj
 0004:00001068       $pdata$?catch$3@?0??append@?$QList@PEAVQObject@@@@QEAAXAEBQEAVQObject@@@Z@4HA 0000000140342068     workmodels.obj
 0004:00001074       $pdata$?catch$4@?0??append@?$QList@PEAVQObject@@@@QEAAXAEBQEAVQObject@@@Z@4HA 0000000140342074     workmodels.obj
 0004:00001080       $pdata$?dtor$3@?0??append@?$QList@VOperationParamData@@@@QEAAXAEBVOperationParamData@@@Z@4HA 0000000140342080     workmodels.obj
 0004:0000108c       $pdata$?catch$20@?0??append@?$QList@VOperationParamData@@@@QEAAXAEBVOperationParamData@@@Z@4HA 000000014034208c     workmodels.obj
 0004:00001098       $pdata$?dtor$5@?0??append@?$QList@VOperationParamData@@@@QEAAXAEBVOperationParamData@@@Z@4HA 0000000140342098     workmodels.obj
 0004:000010a4       $pdata$?catch$21@?0??append@?$QList@VOperationParamData@@@@QEAAXAEBVOperationParamData@@@Z@4HA 00000001403420a4     workmodels.obj
 0004:000010b0       $pdata$?catch$6@?0??detach_helper_grow@?$QList@PEAVQObject@@@@AEAAPEAUNode@1@HH@Z@4HA 00000001403420b0     workmodels.obj
 0004:000010bc       $pdata$?catch$5@?0??detach_helper_grow@?$QList@PEAVQObject@@@@AEAAPEAUNode@1@HH@Z@4HA 00000001403420bc     workmodels.obj
 0004:000010c8       $pdata$?catch$6@?0??detach_helper_grow@?$QList@VOperationParamData@@@@AEAAPEAUNode@1@HH@Z@4HA 00000001403420c8     workmodels.obj
 0004:000010d4       $pdata$?catch$5@?0??detach_helper_grow@?$QList@VOperationParamData@@@@AEAAPEAUNode@1@HH@Z@4HA 00000001403420d4     workmodels.obj
 0004:000010e0       $pdata$?dtor$0@?0??node_copy@?$QList@VOperationParamData@@@@AEAAXPEAUNode@1@00@Z@4HA 00000001403420e0     workmodels.obj
 0004:000010ec       $pdata$?catch$4@?0??node_copy@?$QList@VOperationParamData@@@@AEAAXPEAUNode@1@00@Z@4HA 00000001403420ec     workmodels.obj
 0004:000010f8       $pdata$?catch$2@?0??node_copy@?$QList@VQString@@@@AEAAXPEAUNode@1@00@Z@4HA 00000001403420f8     workmodels.obj
 0004:00001104       $pdata$?dtor$3@?0??setSelectedOperation@OperationParamSelector@@QEAAXH@Z@4HA 0000000140342104     workmodels.obj
 0004:00001110       $pdata$?dtor$3@?0??setSelectedOperation@PlanSelector@@QEAAXHHH@Z@4HA 0000000140342110     workmodels.obj
 0004:0000111c       $pdata$?dtor$3@?0??setSelectedStep@PlanSelector@@QEAAXHH@Z@4HA 000000014034211c     workmodels.obj
 0004:00001128       $pdata$?catch$5@?0???0?$QList@VSingleOperationData@@@@QEAA@AEBV0@@Z@4HA 0000000140342128     configfilehandler.obj
 0004:00001134       $pdata$?dtor$0@?0??ParseListMap@configFileHandler@@QEAA?AV?$QMap@VQString@@VQStringList@@@@AEBVQString@@@Z@4HA 0000000140342134     configfilehandler.obj
 0004:00001140       $pdata$?dtor$0@?0??ParseMap@configFileHandler@@QEAA?AV?$QMap@VQString@@V1@@@AEBVQString@@@Z@4HA 0000000140342140     configfilehandler.obj
 0004:00001140       $pdata$?dtor$0@?0??ParseMapRevertKeyValue@configFileHandler@@QEAA?AV?$QMap@VQString@@V1@@@AEBVQString@@@Z@4HA 0000000140342140     configfilehandler.obj
 0004:0000114c       $pdata$?dtor$0@?0??ParseParamValue@configFileHandler@@QEAA?AV?$QMap@VQString@@VOperationParamData@@@@AEBVQString@@@Z@4HA 000000014034214c     configfilehandler.obj
 0004:00001158       $pdata$?catch$3@?0??append@?$QList@H@@QEAAXAEBH@Z@4HA 0000000140342158     configfilehandler.obj
 0004:00001164       $pdata$?catch$4@?0??append@?$QList@H@@QEAAXAEBH@Z@4HA 0000000140342164     configfilehandler.obj
 0004:00001170       $pdata$?dtor$3@?0??append@?$QList@U?$QPair@VQString@@V?$QList@VSingleOperationData@@@@@@@@QEAAXAEBU?$QPair@VQString@@V?$QList@VSingleOperationData@@@@@@@Z@4HA 0000000140342170     configfilehandler.obj
 0004:0000117c       $pdata$?catch$25@?0??append@?$QList@U?$QPair@VQString@@V?$QList@VSingleOperationData@@@@@@@@QEAAXAEBU?$QPair@VQString@@V?$QList@VSingleOperationData@@@@@@@Z@4HA 000000014034217c     configfilehandler.obj
 0004:00001188       $pdata$?catch$26@?0??append@?$QList@U?$QPair@VQString@@V?$QList@VSingleOperationData@@@@@@@@QEAAXAEBU?$QPair@VQString@@V?$QList@VSingleOperationData@@@@@@@Z@4HA 0000000140342188     configfilehandler.obj
 0004:00001194       $pdata$?catch$5@?0??append@?$QList@VQString@@@@QEAAXAEBVQString@@@Z@4HA 0000000140342194     configfilehandler.obj
 0004:000011a0       $pdata$?catch$6@?0??append@?$QList@VQString@@@@QEAAXAEBVQString@@@Z@4HA 00000001403421a0     configfilehandler.obj
 0004:000011ac       $pdata$?catch$25@?0??append@?$QList@VSingleOperationData@@@@QEAAXAEBVSingleOperationData@@@Z@4HA 00000001403421ac     configfilehandler.obj
 0004:000011b8       $pdata$?catch$26@?0??append@?$QList@VSingleOperationData@@@@QEAAXAEBVSingleOperationData@@@Z@4HA 00000001403421b8     configfilehandler.obj
 0004:000011c4       $pdata$?catch$1@?0??createNode@?$QMapData@VQString@@V1@@@QEAAPEAU?$QMapNode@VQString@@V1@@@AEBVQString@@0PEAU2@_N@Z@4HA 00000001403421c4     configfilehandler.obj
 0004:000011d0       $pdata$?catch$2@?0??createNode@?$QMapData@VQString@@V1@@@QEAAPEAU?$QMapNode@VQString@@V1@@@AEBVQString@@0PEAU2@_N@Z@4HA 00000001403421d0     configfilehandler.obj
 0004:000011dc       $pdata$?dtor$0@?0??createNode@?$QMapData@VQString@@VOperationParamData@@@@QEAAPEAU?$QMapNode@VQString@@VOperationParamData@@@@AEBVQString@@AEBVOperationParamData@@PEAU2@_N@Z@4HA 00000001403421dc     configfilehandler.obj
 0004:000011e8       $pdata$?catch$2@?0??createNode@?$QMapData@VQString@@VOperationParamData@@@@QEAAPEAU?$QMapNode@VQString@@VOperationParamData@@@@AEBVQString@@AEBVOperationParamData@@PEAU2@_N@Z@4HA 00000001403421e8     configfilehandler.obj
 0004:000011f4       $pdata$?catch$3@?0??createNode@?$QMapData@VQString@@VOperationParamData@@@@QEAAPEAU?$QMapNode@VQString@@VOperationParamData@@@@AEBVQString@@AEBVOperationParamData@@PEAU2@_N@Z@4HA 00000001403421f4     configfilehandler.obj
 0004:00001200       $pdata$?dtor$0@?0??createNode@?$QMapData@VQString@@VQStringList@@@@QEAAPEAU?$QMapNode@VQString@@VQStringList@@@@AEBVQString@@AEBVQStringList@@PEAU2@_N@Z@4HA 0000000140342200     configfilehandler.obj
 0004:0000120c       $pdata$?catch$3@?0??createNode@?$QMapData@VQString@@VQStringList@@@@QEAAPEAU?$QMapNode@VQString@@VQStringList@@@@AEBVQString@@AEBVQStringList@@PEAU2@_N@Z@4HA 000000014034220c     configfilehandler.obj
 0004:00001218       $pdata$?catch$4@?0??createNode@?$QMapData@VQString@@VQStringList@@@@QEAAPEAU?$QMapNode@VQString@@VQStringList@@@@AEBVQString@@AEBVQStringList@@PEAU2@_N@Z@4HA 0000000140342218     configfilehandler.obj
 0004:00001224       $pdata$?catch$6@?0??detach_helper_grow@?$QList@H@@AEAAPEAUNode@1@HH@Z@4HA 0000000140342224     configfilehandler.obj
 0004:00001230       $pdata$?catch$5@?0??detach_helper_grow@?$QList@H@@AEAAPEAUNode@1@HH@Z@4HA 0000000140342230     configfilehandler.obj
 0004:0000123c       $pdata$?catch$6@?0??detach_helper_grow@?$QList@U?$QPair@VQString@@V?$QList@VSingleOperationData@@@@@@@@AEAAPEAUNode@1@HH@Z@4HA 000000014034223c     configfilehandler.obj
 0004:00001248       $pdata$?catch$5@?0??detach_helper_grow@?$QList@U?$QPair@VQString@@V?$QList@VSingleOperationData@@@@@@@@AEAAPEAUNode@1@HH@Z@4HA 0000000140342248     configfilehandler.obj
 0004:00001254       $pdata$?catch$8@?0??detach_helper_grow@?$QList@VQString@@@@AEAAPEAUNode@1@HH@Z@4HA 0000000140342254     configfilehandler.obj
 0004:00001260       $pdata$?catch$7@?0??detach_helper_grow@?$QList@VQString@@@@AEAAPEAUNode@1@HH@Z@4HA 0000000140342260     configfilehandler.obj
 0004:0000126c       $pdata$?catch$6@?0??detach_helper_grow@?$QList@VSingleOperationData@@@@AEAAPEAUNode@1@HH@Z@4HA 000000014034226c     configfilehandler.obj
 0004:00001278       $pdata$?catch$5@?0??detach_helper_grow@?$QList@VSingleOperationData@@@@AEAAPEAUNode@1@HH@Z@4HA 0000000140342278     configfilehandler.obj
 0004:00001284       $pdata$?dtor$0@?0??node_construct@?$QList@U?$QPair@VQString@@V?$QList@VSingleOperationData@@@@@@@@AEAAXPEAUNode@1@AEBU?$QPair@VQString@@V?$QList@VSingleOperationData@@@@@@@Z@4HA 0000000140342284     configfilehandler.obj
 0004:00001290       $pdata$?dtor$0@?0??node_construct@?$QList@VSingleOperationData@@@@AEAAXPEAUNode@1@AEBVSingleOperationData@@@Z@4HA 0000000140342290     configfilehandler.obj
 0004:0000129c       $pdata$?dtor$0@?0??node_copy@?$QList@U?$QPair@VQString@@V?$QList@VSingleOperationData@@@@@@@@AEAAXPEAUNode@1@00@Z@4HA 000000014034229c     configfilehandler.obj
 0004:000012a8       $pdata$?catch$8@?0??node_copy@?$QList@U?$QPair@VQString@@V?$QList@VSingleOperationData@@@@@@@@AEAAXPEAUNode@1@00@Z@4HA 00000001403422a8     configfilehandler.obj
 0004:000012b4       $pdata$?dtor$0@?0??node_copy@?$QList@VSingleOperationData@@@@AEAAXPEAUNode@1@00@Z@4HA 00000001403422b4     configfilehandler.obj
 0004:000012c0       $pdata$?catch$6@?0??node_copy@?$QList@VSingleOperationData@@@@AEAAXPEAUNode@1@00@Z@4HA 00000001403422c0     configfilehandler.obj
 0004:000012cc       $pdata$?dtor$0@?0??toList@configFileHandler@@QEAA?AVQStringList@@AEBVQString@@@Z@4HA 00000001403422cc     configfilehandler.obj
 0004:000012d8       $pdata$?catch$5@?0???Y?$QList@VQString@@@@QEAAAEAV0@AEBV0@@Z@4HA 00000001403422d8     environmentvariant.obj
 0004:000012e4       $pdata$?dtor$0@?0??OperationNameList@EnvironmentVariant@@QEAA?AVQStringList@@XZ@4HA 00000001403422e4     environmentvariant.obj
 0004:000012e4       $pdata$?dtor$0@?0??LogicalControlList@EnvironmentVariant@@QEAA?AVQStringList@@XZ@4HA 00000001403422e4     environmentvariant.obj
 0004:000012f0       $pdata$?dtor$0@?0??PlanList@EnvironmentVariant@@QEAA?AVQStringList@@XZ@4HA 00000001403422f0     environmentvariant.obj
 0004:000012fc       $pdata$?dtor$0@?0??StepList@EnvironmentVariant@@QEAA?AVQStringList@@H@Z@4HA 00000001403422fc     environmentvariant.obj
 0004:00001308       $pdata$?catch$5@?0??detach_helper@?$QList@H@@AEAAXH@Z@4HA 0000000140342308     environmentvariant.obj
 0004:00001314       $pdata$?catch$5@?0??detach_helper@?$QList@U?$QPair@VQString@@V?$QList@VSingleOperationData@@@@@@@@AEAAXH@Z@4HA 0000000140342314     environmentvariant.obj
 0004:00001320       $pdata$?catch$5@?0??detach_helper@?$QList@VOperationParamData@@@@AEAAXH@Z@4HA 0000000140342320     environmentvariant.obj
 0004:0000132c       $pdata$?catch$7@?0??detach_helper@?$QList@VQString@@@@AEAAXH@Z@4HA 000000014034232c     environmentvariant.obj
 0004:00001338       $pdata$?catch$5@?0??detach_helper@?$QList@VSingleOperationData@@@@AEAAXH@Z@4HA 0000000140342338     environmentvariant.obj
 0004:00001344       $pdata$?dtor$0@?0??formatSingleOperationParam@EnvironmentVariant@@QEAA?AVQJsonObject@@AEBVSingleOperationData@@@Z@4HA 0000000140342344     environmentvariant.obj
 0004:00001350       $pdata$?dtor$0@?0??getOperationParams@EnvironmentVariant@@QEAA?AV?$QList@VOperationParamData@@@@H@Z@4HA 0000000140342350     environmentvariant.obj
 0004:0000135c       $pdata$?catch$25@?0??insert@?$QList@VSingleOperationData@@@@QEAAXHAEBVSingleOperationData@@@Z@4HA 000000014034235c     environmentvariant.obj
 0004:00001368       $pdata$?catch$26@?0??insert@?$QList@VSingleOperationData@@@@QEAAXHAEBVSingleOperationData@@@Z@4HA 0000000140342368     environmentvariant.obj
 0004:00001374       $pdata$?dtor$0@?0??instance@EnvironmentVariant@@SAPEAV1@XZ@4HA 0000000140342374     environmentvariant.obj
 0004:00001380       $pdata$?dtor$0@?0???$createInto@VStatusViewWatcher@@@QQmlPrivate@@YAXPEAX@Z@4HA 0000000140342380     main.obj
 0004:00001380       $pdata$?dtor$0@?0???$createInto@VOperationParamSelector@@@QQmlPrivate@@YAXPEAX@Z@4HA 0000000140342380     main.obj
 0004:00001380       $pdata$?dtor$0@?0???$createInto@VPlanSelector@@@QQmlPrivate@@YAXPEAX@Z@4HA 0000000140342380     main.obj
 0004:00001380       $pdata$?dtor$0@?0??Construct@?$QMetaTypeFunctionHelper@V?$QList@PEAVQObject@@@@$00@QtMetaTypePrivate@@SAPEAXPEAXPEBX@Z@4HA 0000000140342380     moc_workmodels.obj
 0004:00001380       $pdata$?dtor$0@?0???$createInto@VPlanController@@@QQmlPrivate@@YAXPEAX@Z@4HA 0000000140342380     main.obj
 0004:00001380       $pdata$?dtor$0@?0??Construct@?$QMetaTypeFunctionHelper@V?$QList@H@@$00@QtMetaTypePrivate@@SAPEAXPEAXPEBX@Z@4HA 0000000140342380     moc_workmodels.obj
 0004:00001380       $pdata$?dtor$0@?0???$createInto@VOperationParamObject@@@QQmlPrivate@@YAXPEAX@Z@4HA 0000000140342380     main.obj
 0004:00001380       $pdata$?dtor$0@?0???$createInto@VTextFieldDoubleValidator@@@QQmlPrivate@@YAXPEAX@Z@4HA 0000000140342380     main.obj
 0004:0000138c       $pdata$__scrt_is_nonwritable_in_current_image$filt$0 000000014034238c     MSVCRT:utility.obj
 0004:00001398       $pdata$?filt$0@?0??__scrt_common_main_seh@@YAHXZ@4HA 0000000140342398     MSVCRT:exe_winmain.obj
 0004:000013a4       $pdata$??__Fdummy@?A0x3a58f25f@@YAXXZ 00000001403423a4     qrc_qml.obj
 0004:000013b0       $pdata$??__Ff@?4??registerConverter@?$ValueTypeIsMetaType@V?$QList@H@@$00@QtPrivate@@SA_NH@Z@YAXXZ 00000001403423b0     moc_workmodels.obj
 0004:000013bc       $pdata$??__Ff@?4??registerConverter@?$ValueTypeIsMetaType@V?$QList@PEAVQObject@@@@$00@QtPrivate@@SA_NH@Z@YAXXZ 00000001403423bc     moc_workmodels.obj
 0005:00000000       __guard_fids__             0000000140343000     MSVCRT:std_type_info_static.obj
 0005:00000004       __guard_fids__             0000000140343004     MSVCRT:thread_safe_statics.obj
 0005:00000008       __guard_fids_?__scrt_initialize_thread_safe_statics@@YAHXZ 0000000140343008     MSVCRT:thread_safe_statics.obj
 0005:0000000c       __guard_fids__             000000014034300c     MSVCRT:exe_winmain.obj
 0005:00000010       __guard_fids__             0000000140343010     MSVCRT:exe_winmain.obj
 0005:00000014       __guard_fids__             0000000140343014     MSVCRT:exe_winmain.obj
 0005:00000018       __guard_fids_?pre_c_initialization@@YAHXZ 0000000140343018     MSVCRT:exe_winmain.obj
 0005:00000020       __guard_fids__             0000000140343020     MSVCRT:throw_bad_alloc.obj
 0005:00000028       __guard_fids__             0000000140343028     MSVCRT:throw_bad_alloc.obj
 0005:00000030       __guard_fids__             0000000140343030     MSVCRT:throw_bad_alloc.obj
 0005:00000038       __guard_fids___scrt_set_unhandled_exception_filter 0000000140343038     MSVCRT:utility_desktop.obj
 0005:0000003c       __guard_fids__             000000014034303c     MSVCRT:guard_support.obj
 0007:00000060       $R000000                   0000000140345060     * linker generated manifest res *
