 UserInterfaceLayer

 Timestamp is 594004e4 (Tue Jun 13 23:29:40 2017)

 Preferred load address is 00400000

 Start         Length     Name                   Class
 0001:00000000 000000c0H .text$di                CODE
 0001:000000c0 00011970H .text$mn                CODE
 0001:00011a30 00001f20H .text$x                 CODE
 0001:00013950 000000fdH .text$yd                CODE
 0002:00000000 00000468H .idata$5                DATA
 0002:00000468 00000004H .00cfg                  DATA
 0002:0000046c 00000004H .CRT$XCA                DATA
 0002:00000470 00000004H .CRT$XCAA               DATA
 0002:00000474 00000028H .CRT$XCU                DATA
 0002:0000049c 00000004H .CRT$XCZ                DATA
 0002:000004a0 00000004H .CRT$XIA                DATA
 0002:000004a4 00000004H .CRT$XIAA               DATA
 0002:000004a8 00000004H .CRT$XIAC               DATA
 0002:000004ac 00000004H .CRT$XIC                DATA
 0002:000004b0 00000004H .CRT$XIZ                DATA
 0002:000004b4 00000004H .CRT$XLA                DATA
 0002:000004b8 00000004H .CRT$XLZ                DATA
 0002:000004bc 00000004H .CRT$XPA                DATA
 0002:000004c0 00000004H .CRT$XPZ                DATA
 0002:000004c4 00000004H .CRT$XTA                DATA
 0002:000004c8 00000008H .CRT$XTZ                DATA
 0002:000004d0 00340de4H .rdata                  DATA
 0002:003412b4 00000018H .rdata$T                DATA
 0002:003412cc 00000714H .rdata$r                DATA
 0002:003419e0 000001a0H .rdata$sxdata           DATA
 0002:00341b80 000003f4H .rdata$zzzdbg           DATA
 0002:00341f74 00000004H .rtc$IAA                DATA
 0002:00341f78 00000004H .rtc$IZZ                DATA
 0002:00341f7c 00000004H .rtc$TAA                DATA
 0002:00341f80 00000008H .rtc$TZZ                DATA
 0002:00341f88 000027ccH .xdata$x                DATA
 0002:00344754 00000000H .edata                  DATA
 0002:00344754 00000118H .idata$2                DATA
 0002:0034486c 00000014H .idata$3                DATA
 0002:00344880 00000468H .idata$4                DATA
 0002:00344ce8 00002686H .idata$6                DATA
 0003:00000000 00000108H .data                   DATA
 0003:00000108 00000430H .data$r                 DATA
 0003:00000538 000003e0H .bss                    DATA
 0004:00000000 00000058H .gfids$y                DATA
 0005:00000000 00000004H .tls                    DATA
 0005:00000004 00000004H .tls$                   DATA
 0005:00000008 00000001H .tls$ZZZ                DATA
 0006:00000000 00000060H .rsrc$01                DATA
 0006:00000060 00000290H .rsrc$02                DATA

  Address         Publics by Value              Rva+Base       Lib:Object

 0000:00000000       ___guard_iat_count         00000000     <absolute>
 0000:00000000       ___guard_longjmp_count     00000000     <absolute>
 0000:00000000       ___guard_longjmp_table     00000000     <absolute>
 0000:00000000       ___guard_fids_table        00000000     <absolute>
 0000:00000000       ___guard_iat_table         00000000     <absolute>
 0000:00000000       ___dynamic_value_reloc_table 00000000     <absolute>
 0000:00000000       ___guard_fids_count        00000000     <absolute>
 0000:0000002c       __tls_array                0000002c     <absolute>
 0000:00000068       ___safe_se_handler_count   00000068     <absolute>
 0000:00000100       ___guard_flags             00000100     <absolute>
 0000:00000000       ___ImageBase               00400000     <linker-defined>
 0001:000000c0       ??$connect@P8QQmlEngine@@AEXXZP6AXXZ@QObject@@SA?AVConnection@QMetaObject@@PBVQQmlEngine@@P83@AEXXZPBV0@P6AXXZW4ConnectionType@Qt@@@Z 004010c0 f i main.obj
 0001:00000120       ??$createInto@VOperationParamObject@@@QQmlPrivate@@YAXPAX@Z 00401120 f i main.obj
 0001:00000180       ??$createInto@VOperationParamSelector@@@QQmlPrivate@@YAXPAX@Z 00401180 f i main.obj
 0001:000001e0       ??$createInto@VPlanController@@@QQmlPrivate@@YAXPAX@Z 004011e0 f i main.obj
 0001:00000240       ??$createInto@VPlanSelector@@@QQmlPrivate@@YAXPAX@Z 00401240 f i main.obj
 0001:000002a0       ??$createInto@VStatusViewWatcher@@@QQmlPrivate@@YAXPAX@Z 004012a0 f i main.obj
 0001:00000300       ??$createInto@VTextFieldDoubleValidator@@@QQmlPrivate@@YAXPAX@Z 00401300 f i main.obj
 0001:00000360       ??$qRegisterNormalizedMetaType@PAVOperationParamObject@@@@YAHABVQByteArray@@PAPAVOperationParamObject@@W4DefinedType@?$MetaTypeDefinedHelper@PAVOperationParamObject@@$00@QtPrivate@@@Z 00401360 f i main.obj
 0001:000003c0       ??$qRegisterNormalizedMetaType@PAVOperationParamSelector@@@@YAHABVQByteArray@@PAPAVOperationParamSelector@@W4DefinedType@?$MetaTypeDefinedHelper@PAVOperationParamSelector@@$00@QtPrivate@@@Z 004013c0 f i main.obj
 0001:00000420       ??$qRegisterNormalizedMetaType@PAVPlanController@@@@YAHABVQByteArray@@PAPAVPlanController@@W4DefinedType@?$MetaTypeDefinedHelper@PAVPlanController@@$00@QtPrivate@@@Z 00401420 f i main.obj
 0001:00000480       ??$qRegisterNormalizedMetaType@PAVPlanSelector@@@@YAHABVQByteArray@@PAPAVPlanSelector@@W4DefinedType@?$MetaTypeDefinedHelper@PAVPlanSelector@@$00@QtPrivate@@@Z 00401480 f i main.obj
 0001:000004e0       ??$qRegisterNormalizedMetaType@PAVStatusViewWatcher@@@@YAHABVQByteArray@@PAPAVStatusViewWatcher@@W4DefinedType@?$MetaTypeDefinedHelper@PAVStatusViewWatcher@@$00@QtPrivate@@@Z 004014e0 f i main.obj
 0001:00000540       ??$qRegisterNormalizedMetaType@PAVTextFieldDoubleValidator@@@@YAHABVQByteArray@@PAPAVTextFieldDoubleValidator@@W4DefinedType@?$MetaTypeDefinedHelper@PAVTextFieldDoubleValidator@@$00@QtPrivate@@@Z 00401540 f i main.obj
 0001:000005a0       ??$qmlRegisterType@VOperationParamObject@@@@YAHPBDHH0@Z 004015a0 f i main.obj
 0001:00000850       ??$qmlRegisterType@VOperationParamSelector@@@@YAHPBDHH0@Z 00401850 f i main.obj
 0001:00000b00       ??$qmlRegisterType@VPlanController@@@@YAHPBDHH0@Z 00401b00 f i main.obj
 0001:00000db0       ??$qmlRegisterType@VPlanSelector@@@@YAHPBDHH0@Z 00401db0 f i main.obj
 0001:00001060       ??$qmlRegisterType@VStatusViewWatcher@@@@YAHPBDHH0@Z 00402060 f i main.obj
 0001:00001310       ??$qmlRegisterType@VTextFieldDoubleValidator@@@@YAHPBDHH0@Z 00402310 f i main.obj
 0001:000015c0       ??0OperationParamData@@QAE@XZ 004025c0 f i main.obj
 0001:00001630       ??1?$QList@VQString@@@@QAE@XZ 00402630 f i main.obj
 0001:000016c0       ??1?$QVarLengthArray@D$0EA@@@QAE@XZ 004026c0 f i main.obj
 0001:000016c0       ??1?$QVarLengthArray@D$0DA@@@QAE@XZ 004026c0 f i main.obj
 0001:000016e0       ??1OperationParamData@@QAE@XZ 004026e0 f i main.obj
 0001:00001790       ??1OperationParamSelector@@UAE@XZ 00402790 f i main.obj
 0001:00001840       ??1PlanSelector@@UAE@XZ    00402840 f i main.obj
 0001:000018f0       ??1RegisterType@QQmlPrivate@@QAE@XZ 004028f0 f i main.obj
 0001:00001900       ??H@YA?BVQString@@ABV0@0@Z 00402900 f i main.obj
 0001:00001970       ??H@YA?BVQString@@ABV0@PBD@Z 00402970 f i main.obj
 0001:00001a00       ??_G?$QQmlElement@VOperationParamObject@@@QQmlPrivate@@UAEPAXI@Z 00402a00 f i main.obj
 0001:00001a00       ??_E?$QQmlElement@VOperationParamObject@@@QQmlPrivate@@UAEPAXI@Z 00402a00 f i main.obj
 0001:00001a80       ??_G?$QQmlElement@VOperationParamSelector@@@QQmlPrivate@@UAEPAXI@Z 00402a80 f i main.obj
 0001:00001a80       ??_E?$QQmlElement@VOperationParamSelector@@@QQmlPrivate@@UAEPAXI@Z 00402a80 f i main.obj
 0001:00001af0       ??_E?$QQmlElement@VPlanController@@@QQmlPrivate@@UAEPAXI@Z 00402af0 f i main.obj
 0001:00001af0       ??_G?$QQmlElement@VPlanController@@@QQmlPrivate@@UAEPAXI@Z 00402af0 f i main.obj
 0001:00001b60       ??_G?$QQmlElement@VPlanSelector@@@QQmlPrivate@@UAEPAXI@Z 00402b60 f i main.obj
 0001:00001b60       ??_E?$QQmlElement@VPlanSelector@@@QQmlPrivate@@UAEPAXI@Z 00402b60 f i main.obj
 0001:00001bd0       ??_G?$QQmlElement@VStatusViewWatcher@@@QQmlPrivate@@UAEPAXI@Z 00402bd0 f i main.obj
 0001:00001bd0       ??_E?$QQmlElement@VStatusViewWatcher@@@QQmlPrivate@@UAEPAXI@Z 00402bd0 f i main.obj
 0001:00001c40       ??_E?$QQmlElement@VTextFieldDoubleValidator@@@QQmlPrivate@@UAEPAXI@Z 00402c40 f i main.obj
 0001:00001c40       ??_G?$QQmlElement@VTextFieldDoubleValidator@@@QQmlPrivate@@UAEPAXI@Z 00402c40 f i main.obj
 0001:00001cb0       ??_EOperationParamObject@@UAEPAXI@Z 00402cb0 f i main.obj
 0001:00001cb0       ??_GOperationParamObject@@UAEPAXI@Z 00402cb0 f i main.obj
 0001:00001ce0       ?Construct@?$QMetaTypeFunctionHelper@PAVPlanSelector@@$00@QtMetaTypePrivate@@SAPAXPAXPBX@Z 00402ce0 f i main.obj
 0001:00001ce0       ?Construct@?$QMetaTypeFunctionHelper@PAVPlanController@@$00@QtMetaTypePrivate@@SAPAXPAXPBX@Z 00402ce0 f i main.obj
 0001:00001ce0       ?Construct@?$QMetaTypeFunctionHelper@PAVStatusViewWatcher@@$00@QtMetaTypePrivate@@SAPAXPAXPBX@Z 00402ce0 f i main.obj
 0001:00001ce0       ?Construct@?$QMetaTypeFunctionHelper@PAVTextFieldDoubleValidator@@$00@QtMetaTypePrivate@@SAPAXPAXPBX@Z 00402ce0 f i main.obj
 0001:00001ce0       ?Construct@?$QMetaTypeFunctionHelper@PAVOperationParamSelector@@$00@QtMetaTypePrivate@@SAPAXPAXPBX@Z 00402ce0 f i main.obj
 0001:00001ce0       ?Construct@?$QMetaTypeFunctionHelper@PAVOperationParamObject@@$00@QtMetaTypePrivate@@SAPAXPAXPBX@Z 00402ce0 f i main.obj
 0001:00001d10       ?Construct@?$QMetaTypeFunctionHelper@V?$QQmlListProperty@VOperationParamObject@@@@$00@QtMetaTypePrivate@@SAPAXPAXPBX@Z 00402d10 f i main.obj
 0001:00001d10       ?Construct@?$QMetaTypeFunctionHelper@V?$QQmlListProperty@VTextFieldDoubleValidator@@@@$00@QtMetaTypePrivate@@SAPAXPAXPBX@Z 00402d10 f i main.obj
 0001:00001d10       ?Construct@?$QMetaTypeFunctionHelper@V?$QQmlListProperty@VStatusViewWatcher@@@@$00@QtMetaTypePrivate@@SAPAXPAXPBX@Z 00402d10 f i main.obj
 0001:00001d10       ?Construct@?$QMetaTypeFunctionHelper@V?$QQmlListProperty@VOperationParamSelector@@@@$00@QtMetaTypePrivate@@SAPAXPAXPBX@Z 00402d10 f i main.obj
 0001:00001d10       ?Construct@?$QMetaTypeFunctionHelper@V?$QQmlListProperty@VPlanController@@@@$00@QtMetaTypePrivate@@SAPAXPAXPBX@Z 00402d10 f i main.obj
 0001:00001d10       ?Construct@?$QMetaTypeFunctionHelper@V?$QQmlListProperty@VPlanSelector@@@@$00@QtMetaTypePrivate@@SAPAXPAXPBX@Z 00402d10 f i main.obj
 0001:00001d70       ?Destruct@?$QMetaTypeFunctionHelper@V?$QQmlListProperty@VTextFieldDoubleValidator@@@@$00@QtMetaTypePrivate@@SAXPAX@Z 00402d70 f i main.obj
 0001:00001d70       __initialize_invalid_parameter_handler 00402d70 f i MSVCRT:invalid_parameter_handler.obj
 0001:00001d70       ?Destruct@?$QMetaTypeFunctionHelper@PAVOperationParamObject@@$00@QtMetaTypePrivate@@SAXPAX@Z 00402d70 f i main.obj
 0001:00001d70       ?Destruct@?$QMetaTypeFunctionHelper@PAVStatusViewWatcher@@$00@QtMetaTypePrivate@@SAXPAX@Z 00402d70 f i main.obj
 0001:00001d70       ?Destruct@?$QMetaTypeFunctionHelper@VQSequentialIterableImpl@QtMetaTypePrivate@@$00@QtMetaTypePrivate@@SAXPAX@Z 00402d70 f i moc_workmodels.obj
 0001:00001d70       ?Destruct@?$QMetaTypeFunctionHelper@V?$QQmlListProperty@VStatusViewWatcher@@@@$00@QtMetaTypePrivate@@SAXPAX@Z 00402d70 f i main.obj
 0001:00001d70       ?Destruct@?$QMetaTypeFunctionHelper@PAVPlanSelector@@$00@QtMetaTypePrivate@@SAXPAX@Z 00402d70 f i main.obj
 0001:00001d70       ?Destruct@?$QMetaTypeFunctionHelper@V?$QQmlListProperty@VOperationParamObject@@@@$00@QtMetaTypePrivate@@SAXPAX@Z 00402d70 f i main.obj
 0001:00001d70       ??3@YAXPAX0@Z              00402d70 f i main.obj
 0001:00001d70       @_guard_check_icall_nop@4  00402d70 f i MSVCRT:guard_support.obj
 0001:00001d70       ?Destruct@?$QMetaTypeFunctionHelper@PAVPlanController@@$00@QtMetaTypePrivate@@SAXPAX@Z 00402d70 f i main.obj
 0001:00001d70       ?Destruct@?$QMetaTypeFunctionHelper@V?$QQmlListProperty@VPlanController@@@@$00@QtMetaTypePrivate@@SAXPAX@Z 00402d70 f i main.obj
 0001:00001d70       ?Destruct@?$QMetaTypeFunctionHelper@V?$QQmlListProperty@VPlanSelector@@@@$00@QtMetaTypePrivate@@SAXPAX@Z 00402d70 f i main.obj
 0001:00001d70       ?onComplete@PlanSelector@@QAEXXZ 00402d70 f i workmodels.obj
 0001:00001d70       ?Destruct@?$QMetaTypeFunctionHelper@PAVTextFieldDoubleValidator@@$00@QtMetaTypePrivate@@SAXPAX@Z 00402d70 f i main.obj
 0001:00001d70       ?qt_static_metacall@configFileHandler@@CAXPAVQObject@@W4Call@QMetaObject@@HPAPAX@Z 00402d70 f i moc_configfilehandler.obj
 0001:00001d70       __initialize_denormal_control 00402d70 f i MSVCRT:denormal_control.obj
 0001:00001d70       ?Destruct@?$QMetaTypeFunctionHelper@V?$QQmlListProperty@VOperationParamSelector@@@@$00@QtMetaTypePrivate@@SAXPAX@Z 00402d70 f i main.obj
 0001:00001d70       ?Destruct@?$QMetaTypeFunctionHelper@PAVOperationParamSelector@@$00@QtMetaTypePrivate@@SAXPAX@Z 00402d70 f i main.obj
 0001:00001d80       ?TopLevelExceptionFilter@@YGJPAU_EXCEPTION_POINTERS@@@Z 00402d80 f   main.obj
 0001:00001df0       ?customMessageHandler@@YAXW4QtMsgType@@ABVQMessageLogContext@@ABVQString@@@Z 00402df0 f   main.obj
 0001:00002160       ?dealloc@?$QList@VOperationParamData@@@@AAEXPAUData@QListData@@@Z 00403160 f i main.obj
 0001:000021c0       ?getConfigFullName@@YA?AVQString@@PBD@Z 004031c0 f   main.obj
 0001:00002230       ?impl@?$QStaticSlotObject@P6AXXZU?$List@$$V@QtPrivate@@X@QtPrivate@@CAXHPAVQSlotObjectBase@2@PAVQObject@@PAPAXPA_N@Z 00403230 f i main.obj
 0001:00002260       ?qt_metatype_id@?$QMetaTypeIdQObject@PAVOperationParamObject@@$07@@SAHXZ 00403260 f i main.obj
 0001:00002310       ?qt_metatype_id@?$QMetaTypeIdQObject@PAVOperationParamSelector@@$07@@SAHXZ 00403310 f i main.obj
 0001:000023c0       ?qt_metatype_id@?$QMetaTypeIdQObject@PAVPlanController@@$07@@SAHXZ 004033c0 f i main.obj
 0001:00002470       ?qt_metatype_id@?$QMetaTypeIdQObject@PAVPlanSelector@@$07@@SAHXZ 00403470 f i main.obj
 0001:00002520       ?qt_metatype_id@?$QMetaTypeIdQObject@PAVStatusViewWatcher@@$07@@SAHXZ 00403520 f i main.obj
 0001:000025d0       ?qt_metatype_id@?$QMetaTypeIdQObject@PAVTextFieldDoubleValidator@@$07@@SAHXZ 004035d0 f i main.obj
 0001:00002680       ?validate@TextFieldDoubleValidator@@UBE?AW4State@QValidator@@AAVQString@@AAH@Z 00403680 f i main.obj
 0001:00002800       _main                      00403800 f   main.obj
 0001:00002bf0       ??$connect@P8EnvironmentVariant@@AEXXZP8StatusViewWatcher@@AEXXZ@QObject@@SA?AVConnection@QMetaObject@@PBVEnvironmentVariant@@P83@AEXXZPBVStatusViewWatcher@@P84@AEXXZW4ConnectionType@Qt@@@Z 00403bf0 f i workmodels.obj
 0001:00002c50       ??$qMakeForeachContainer@AAV?$QList@PAVQObject@@@@@QtPrivate@@YA?AV?$QForeachContainer@V?$QList@PAVQObject@@@@@0@AAV?$QList@PAVQObject@@@@@Z 00403c50 f i workmodels.obj
 0001:00002c90       ??0?$QList@H@@QAE@ABV0@@Z  00403c90 f i workmodels.obj
 0001:00002c90       ??0?$QList@PAVQObject@@@@QAE@ABV0@@Z 00403c90 f i workmodels.obj
 0001:00002d40       ??0?$QList@VOperationParamData@@@@QAE@ABV0@@Z 00403d40 f i workmodels.obj
 0001:00002df0       ??0?$QList@VQString@@@@QAE@ABV0@@Z 00403df0 f i workmodels.obj
 0001:00002ea0       ??0OperationParamData@@QAE@ABV0@@Z 00403ea0 f i workmodels.obj
 0001:00003010       ??0OperationParamSelector@@QAE@PAVQObject@@@Z 00404010 f   workmodels.obj
 0001:00003060       ??0PlanController@@QAE@PAVQObject@@@Z 00404060 f   workmodels.obj
 0001:000030d0       ??0PlanSelector@@QAE@PAVQObject@@@Z 004040d0 f   workmodels.obj
 0001:00003180       ??0StatusViewWatcher@@QAE@PAVQObject@@@Z 00404180 f   workmodels.obj
 0001:00003210       ??1?$QForeachContainer@V?$QList@PAVQObject@@@@@QtPrivate@@QAE@XZ 00404210 f i workmodels.obj
 0001:00003270       ??1?$QForeachContainer@V?$QList@VOperationParamData@@@@@QtPrivate@@QAE@XZ 00404270 f i workmodels.obj
 0001:000032d0       ??1?$QList@H@@QAE@XZ       004042d0 f i workmodels.obj
 0001:000032d0       ??1?$QList@PAVQObject@@@@QAE@XZ 004042d0 f i workmodels.obj
 0001:00003330       ??1?$QList@VOperationParamData@@@@QAE@XZ 00404330 f i workmodels.obj
 0001:00003390       ??1MachineConfigData@@QAE@XZ 00404390 f i workmodels.obj
 0001:000033a0       ??1PlanController@@UAE@XZ  004043a0 f   workmodels.obj
 0001:00003400       ??1SingleOperationData@@QAE@XZ 00404400 f i workmodels.obj
 0001:00003470       ??1StatusViewWatcher@@UAE@XZ 00404470 f   workmodels.obj
 0001:000034f0       ??_GOperationParamSelector@@UAEPAXI@Z 004044f0 f i workmodels.obj
 0001:000034f0       ??_EOperationParamSelector@@UAEPAXI@Z 004044f0 f i workmodels.obj
 0001:00003510       ??_GPlanController@@UAEPAXI@Z 00404510 f i workmodels.obj
 0001:00003510       ??_EPlanController@@UAEPAXI@Z 00404510 f i workmodels.obj
 0001:00003580       ??_EPlanSelector@@UAEPAXI@Z 00404580 f i workmodels.obj
 0001:00003580       ??_GPlanSelector@@UAEPAXI@Z 00404580 f i workmodels.obj
 0001:000035a0       ??_EStatusViewWatcher@@UAEPAXI@Z 004045a0 f i workmodels.obj
 0001:000035a0       ??_GStatusViewWatcher@@UAEPAXI@Z 004045a0 f i workmodels.obj
 0001:00003640       ?addPlan@PlanSelector@@QAEXABVQString@@@Z 00404640 f   workmodels.obj
 0001:00003660       ?addStep@PlanSelector@@QAEXHHH@Z 00404660 f   workmodels.obj
 0001:00003680       ?append@?$QList@H@@QAEXABH@Z 00404680 f i configfilehandler.obj
 0001:00003680       ?append@?$QList@PAVQObject@@@@QAEXABQAVQObject@@@Z 00404680 f i workmodels.obj
 0001:00003710       ?append@?$QList@VOperationParamData@@@@QAEXABVOperationParamData@@@Z 00404710 f i workmodels.obj
 0001:000037d0       ?commitParam@PlanSelector@@QAEXHHABVQString@@ABVQVariant@@@Z 004047d0 f   workmodels.obj
 0001:000037f0       ?detach_helper_grow@?$QList@PAVQObject@@@@AAEPAUNode@1@HH@Z 004047f0 f i workmodels.obj
 0001:000037f0       ?detach_helper_grow@?$QList@H@@AAEPAUNode@1@HH@Z 004047f0 f i configfilehandler.obj
 0001:00003930       ?detach_helper_grow@?$QList@VOperationParamData@@@@AAEPAUNode@1@HH@Z 00404930 f i workmodels.obj
 0001:00003a80       ?eventFilter@PlanController@@UAE_NPAVQObject@@PAVQEvent@@@Z 00404a80 f   workmodels.obj
 0001:00003ad0       ?eventFilter@StatusViewWatcher@@UAE_NPAVQObject@@PAVQEvent@@@Z 00404ad0 f   workmodels.obj
 0001:00003b10       ?getSwitch@OperationParamSelector@@QAEPAVQObject@@ABVQString@@@Z 00404b10 f   workmodels.obj
 0001:00003c70       ?getSwitch@PlanSelector@@QAEPAVQObject@@ABVQString@@@Z 00404c70 f   workmodels.obj
 0001:00003dd0       ?getWorkLocationTypeList@StatusViewWatcher@@QAE?AVQStringList@@XZ 00404dd0 f   workmodels.obj
 0001:00003e00       ?impl@?$QSlotObject@P8StatusViewWatcher@@AEXXZU?$List@$$V@QtPrivate@@X@QtPrivate@@CAXHPAVQSlotObjectBase@2@PAVQObject@@PAPAXPA_N@Z 00404e00 f i workmodels.obj
 0001:00003e50       ?init@OperationParamSelector@@QAEXABVQString@@@Z 00404e50 f   workmodels.obj
 0001:00003ed0       ?moveStep@PlanSelector@@QAEXHHH@Z 00404ed0 f   workmodels.obj
 0001:00003ef0       ?node_copy@?$QList@H@@AAEXPAUNode@1@00@Z 00404ef0 f i workmodels.obj
 0001:00003ef0       ?node_copy@?$QList@PAVQObject@@@@AAEXPAUNode@1@00@Z 00404ef0 f i workmodels.obj
 0001:00003f20       ?node_copy@?$QList@VOperationParamData@@@@AAEXPAUNode@1@00@Z 00404f20 f i workmodels.obj
 0001:00003ff0       ?node_copy@?$QList@VQString@@@@AAEXPAUNode@1@00@Z 00404ff0 f i workmodels.obj
 0001:00004030       ?node_destruct@?$QList@VOperationParamData@@@@AAEXPAUNode@1@0@Z 00405030 f i workmodels.obj
 0001:00004070       ?onCompleteSingleOperation@OperationParamSelector@@QAEXXZ 00405070 f   workmodels.obj
 0001:000042f0       ?onMachineConfigChanged@TargetMachineObject@@QAEXXZ 004052f0 f   workmodels.obj
 0001:00004370       ?onSave@PlanSelector@@QAEXXZ 00405370 f   workmodels.obj
 0001:00004380       ?operationCurrentIndex@PlanSelector@@QAEHXZ 00405380 f   workmodels.obj
 0001:000043a0       ?planListModel@PlanSelector@@QAE?AVQStringList@@XZ 004053a0 f   workmodels.obj
 0001:000043d0       ?removePlan@PlanSelector@@QAEXH@Z 004053d0 f   workmodels.obj
 0001:000043f0       ?removeStep@PlanSelector@@QAEXHH@Z 004053f0 f   workmodels.obj
 0001:00004410       ?resumePlan@PlanController@@QAEXXZ 00405410 f   workmodels.obj
 0001:00004440       ?setPlanName@PlanSelector@@QAEXHABVQString@@@Z 00405440 f   workmodels.obj
 0001:00004460       ?setSelectedOperation@OperationParamSelector@@QAEXH@Z 00405460 f   workmodels.obj
 0001:00004800       ?setSelectedOperation@PlanSelector@@QAEXHHH@Z 00405800 f   workmodels.obj
 0001:00004c90       ?setSelectedStep@PlanSelector@@QAEXHH@Z 00405c90 f   workmodels.obj
 0001:00005040       ?setWorkLocationType@StatusViewWatcher@@QAE_NHABVQString@@@Z 00406040 f   workmodels.obj
 0001:00005060       ?startPlan@PlanController@@QAEXHH@Z 00406060 f   workmodels.obj
 0001:00005090       ?stepListModel@PlanSelector@@QAE?AVQStringList@@H@Z 00406090 f   workmodels.obj
 0001:000050c0       ?stopPlan@PlanController@@QAEXXZ 004060c0 f   workmodels.obj
 0001:000050d0       ??$qMakeForeachContainer@AAV?$QList@VOperationParamData@@@@@QtPrivate@@YA?AV?$QForeachContainer@V?$QList@VOperationParamData@@@@@0@AAV?$QList@VOperationParamData@@@@@Z 004060d0 f i workmodels.obj
 0001:000050d0       ??$qMakeForeachContainer@ABV?$QList@VOperationParamData@@@@@QtPrivate@@YA?AV?$QForeachContainer@V?$QList@VOperationParamData@@@@@0@ABV?$QList@VOperationParamData@@@@@Z 004060d0 f i configfilehandler.obj
 0001:00005110       ??$qMakePair@VQString@@V?$QList@VSingleOperationData@@@@@@YA?AU?$QPair@VQString@@V?$QList@VSingleOperationData@@@@@@ABVQString@@ABV?$QList@VSingleOperationData@@@@@Z 00406110 f i configfilehandler.obj
 0001:00005170       ??0?$QList@VSingleOperationData@@@@QAE@ABV0@@Z 00406170 f i configfilehandler.obj
 0001:00005220       ??0OperationParamData@@QAE@ABVQString@@00ABVQStringList@@_NHH0V?$QList@H@@00HH@Z 00406220 f i configfilehandler.obj
 0001:000053c0       ??0configFileHandler@@QAE@PAVQObject@@@Z 004063c0 f   configfilehandler.obj
 0001:00005420       ??1QStringList@@QAE@XZ     00406420 f i workmodels.obj
 0001:00005420       ??1?$QForeachContainer@VQStringList@@@QtPrivate@@QAE@XZ 00406420 f i configfilehandler.obj
 0001:00005430       ??1?$QList@VSingleOperationData@@@@QAE@XZ 00406430 f i configfilehandler.obj
 0001:000054b0       ??1?$QMap@VQString@@V1@@@QAE@XZ 004064b0 f i configfilehandler.obj
 0001:00005530       ??1?$QMap@VQString@@VOperationParamData@@@@QAE@XZ 00406530 f i configfilehandler.obj
 0001:000055d0       ??1?$QMap@VQString@@VQStringList@@@@QAE@XZ 004065d0 f i configfilehandler.obj
 0001:00005670       ??1?$QPair@VQString@@V?$QList@VSingleOperationData@@@@@@QAE@XZ 00406670 f i configfilehandler.obj
 0001:00005700       ??4?$QList@U?$QPair@VQString@@V?$QList@VSingleOperationData@@@@@@@@QAEAAV0@$$QAV0@@Z 00406700 f i configfilehandler.obj
 0001:000057a0       ??4OperationParamData@@QAEAAV0@ABV0@@Z 004067a0 f i configfilehandler.obj
 0001:000058b0       ??A?$QMap@VQString@@V1@@@QAEAAVQString@@ABV1@@Z 004068b0 f i configfilehandler.obj
 0001:00005970       ??A?$QMap@VQString@@VOperationParamData@@@@QBE?BVOperationParamData@@ABVQString@@@Z 00406970 f i configfilehandler.obj
 0001:00005a30       ??A?$QMap@VQString@@VQStringList@@@@QAEAAVQStringList@@ABVQString@@@Z 00406a30 f i configfilehandler.obj
 0001:00005af0       ??_G?$QPair@VQString@@V?$QList@VSingleOperationData@@@@@@QAEPAXI@Z 00406af0 f i configfilehandler.obj
 0001:00005b90       ??_GSingleOperationData@@QAEPAXI@Z 00406b90 f i configfilehandler.obj
 0001:00005c10       ??_GconfigFileHandler@@UAEPAXI@Z 00406c10 f i configfilehandler.obj
 0001:00005c10       ??_EconfigFileHandler@@UAEPAXI@Z 00406c10 f i configfilehandler.obj
 0001:00005c40       ?ParseHostIP@configFileHandler@@QAE?AVQString@@XZ 00406c40 f   configfilehandler.obj
 0001:00005d10       ?ParseHostPort@configFileHandler@@QAEFXZ 00406d10 f   configfilehandler.obj
 0001:00005df0       ?ParseHostSingleOperationThreshold@configFileHandler@@QAEHXZ 00406df0 f   configfilehandler.obj
 0001:00005ed0       ?ParseLicense@configFileHandler@@QAEXAAVQByteArray@@@Z 00406ed0 f   configfilehandler.obj
 0001:00005fc0       ?ParseListMap@configFileHandler@@QAE?AV?$QMap@VQString@@VQStringList@@@@ABVQString@@@Z 00406fc0 f   configfilehandler.obj
 0001:00006260       ?ParseMap@configFileHandler@@QAE?AV?$QMap@VQString@@V1@@@ABVQString@@@Z 00407260 f   configfilehandler.obj
 0001:000063b0       ?ParseMapRevertKeyValue@configFileHandler@@QAE?AV?$QMap@VQString@@V1@@@ABVQString@@@Z 004073b0 f   configfilehandler.obj
 0001:00006510       ?ParseParamValue@configFileHandler@@QAE?AV?$QMap@VQString@@VOperationParamData@@@@ABVQString@@@Z 00407510 f   configfilehandler.obj
 0001:000071b0       ?ParsePlanList@configFileHandler@@QAEXAAV?$QList@U?$QPair@VQString@@V?$QList@VSingleOperationData@@@@@@@@ABV?$QMap@VQString@@VOperationParamData@@@@@Z 004081b0 f   configfilehandler.obj
 0001:00007ba0       ?ParseWorkLocationTypeList@configFileHandler@@QAEXAAVQStringList@@@Z 00408ba0 f   configfilehandler.obj
 0001:00007d90       ?SaveMachineConfig@configFileHandler@@QAEXABVQString@@ABVMachineConfigData@@ABVQStringList@@@Z 00408d90 f   configfilehandler.obj
 0001:000082c0       ?SavePlanList@configFileHandler@@QAEXABVQString@@ABV?$QList@U?$QPair@VQString@@V?$QList@VSingleOperationData@@@@@@@@ABV?$QMap@VQString@@VQStringList@@@@@Z 004092c0 f   configfilehandler.obj
 0001:00008a50       ?append@?$QList@U?$QPair@VQString@@V?$QList@VSingleOperationData@@@@@@@@QAEXABU?$QPair@VQString@@V?$QList@VSingleOperationData@@@@@@@Z 00409a50 f i configfilehandler.obj
 0001:00008b30       ?append@?$QList@VQString@@@@QAEXABVQString@@@Z 00409b30 f i configfilehandler.obj
 0001:00008be0       ?append@?$QList@VSingleOperationData@@@@QAEXABVSingleOperationData@@@Z 00409be0 f i configfilehandler.obj
 0001:00008cc0       ?clear@?$QList@H@@QAEXXZ   00409cc0 f i configfilehandler.obj
 0001:00008d60       ?clear@?$QList@U?$QPair@VQString@@V?$QList@VSingleOperationData@@@@@@@@QAEXXZ 00409d60 f i configfilehandler.obj
 0001:00008df0       ?copy@?$QMapNode@VQString@@V1@@@QBEPAU1@PAU?$QMapData@VQString@@V1@@@@Z 00409df0 f i configfilehandler.obj
 0001:00008e70       ?copy@?$QMapNode@VQString@@VOperationParamData@@@@QBEPAU1@PAU?$QMapData@VQString@@VOperationParamData@@@@@Z 00409e70 f i configfilehandler.obj
 0001:00008ef0       ?copy@?$QMapNode@VQString@@VQStringList@@@@QBEPAU1@PAU?$QMapData@VQString@@VQStringList@@@@@Z 00409ef0 f i configfilehandler.obj
 0001:00008f70       ?createNode@?$QMapData@VQString@@V1@@@QAEPAU?$QMapNode@VQString@@V1@@@ABVQString@@0PAU2@_N@Z 00409f70 f i configfilehandler.obj
 0001:00008fb0       ?createNode@?$QMapData@VQString@@VOperationParamData@@@@QAEPAU?$QMapNode@VQString@@VOperationParamData@@@@ABVQString@@ABVOperationParamData@@PAU2@_N@Z 00409fb0 f i configfilehandler.obj
 0001:00009070       ?createNode@?$QMapData@VQString@@VQStringList@@@@QAEPAU?$QMapNode@VQString@@VQStringList@@@@ABVQString@@ABVQStringList@@PAU2@_N@Z 0040a070 f i configfilehandler.obj
 0001:00009130       ?destroySubTree@?$QMapNode@VQString@@V1@@@QAEXXZ 0040a130 f i configfilehandler.obj
 0001:00009160       ?destroySubTree@?$QMapNode@VQString@@VOperationParamData@@@@QAEXXZ 0040a160 f i configfilehandler.obj
 0001:00009190       ?destroySubTree@?$QMapNode@VQString@@VQStringList@@@@QAEXXZ 0040a190 f i configfilehandler.obj
 0001:000091c0       ?detach_helper@?$QMap@VQString@@V1@@@AAEXXZ 0040a1c0 f i configfilehandler.obj
 0001:00009240       ?detach_helper@?$QMap@VQString@@VOperationParamData@@@@AAEXXZ 0040a240 f i configfilehandler.obj
 0001:000092e0       ?detach_helper@?$QMap@VQString@@VQStringList@@@@AAEXXZ 0040a2e0 f i configfilehandler.obj
 0001:00009380       ?detach_helper_grow@?$QList@U?$QPair@VQString@@V?$QList@VSingleOperationData@@@@@@@@AAEPAUNode@1@HH@Z 0040a380 f i configfilehandler.obj
 0001:000094f0       ?detach_helper_grow@?$QList@VQString@@@@AAEPAUNode@1@HH@Z 0040a4f0 f i configfilehandler.obj
 0001:00009670       ?detach_helper_grow@?$QList@VSingleOperationData@@@@AAEPAUNode@1@HH@Z 0040a670 f i configfilehandler.obj
 0001:000097e0       ?insert@?$QMap@VQString@@V1@@@QAE?AViterator@1@ABVQString@@0@Z 0040a7e0 f i configfilehandler.obj
 0001:000098b0       ?insert@?$QMap@VQString@@VOperationParamData@@@@QAE?AViterator@1@ABVQString@@ABVOperationParamData@@@Z 0040a8b0 f i configfilehandler.obj
 0001:00009980       ?insert@?$QMap@VQString@@VQStringList@@@@QAE?AViterator@1@ABVQString@@ABVQStringList@@@Z 0040a980 f i configfilehandler.obj
 0001:00009a70       ?key@iterator@QJsonObject@@QBE?AVQString@@XZ 0040aa70 f i configfilehandler.obj
 0001:00009a90       ?loadConfigFile@configFileHandler@@QAE_NABVQString@@@Z 0040aa90 f   configfilehandler.obj
 0001:00009b90       ?lowerBound@?$QMapNode@VQString@@VQStringList@@@@QAEPAU1@ABVQString@@@Z 0040ab90 f i configfilehandler.obj
 0001:00009b90       ?lowerBound@?$QMapNode@VQString@@VOperationParamData@@@@QAEPAU1@ABVQString@@@Z 0040ab90 f i configfilehandler.obj
 0001:00009b90       ?lowerBound@?$QMapNode@VQString@@V1@@@QAEPAU1@ABVQString@@@Z 0040ab90 f i configfilehandler.obj
 0001:00009bd0       ?node_copy@?$QList@U?$QPair@VQString@@V?$QList@VSingleOperationData@@@@@@@@AAEXPAUNode@1@00@Z 0040abd0 f i configfilehandler.obj
 0001:00009c90       ?node_copy@?$QList@VSingleOperationData@@@@AAEXPAUNode@1@00@Z 0040ac90 f i configfilehandler.obj
 0001:00009d60       ?node_destruct@?$QList@U?$QPair@VQString@@V?$QList@VSingleOperationData@@@@@@@@AAEXPAUNode@1@0@Z 0040ad60 f i configfilehandler.obj
 0001:00009e20       ?node_destruct@?$QList@VQString@@@@AAEXPAUNode@1@0@Z 0040ae20 f i configfilehandler.obj
 0001:00009e50       ?node_destruct@?$QList@VSingleOperationData@@@@AAEXPAUNode@1@0@Z 0040ae50 f i configfilehandler.obj
 0001:00009ef0       ?toList@configFileHandler@@QAE?AVQStringList@@ABVQString@@@Z 0040aef0 f   configfilehandler.obj
 0001:00009fd0       ?value@?$QMap@VQString@@VOperationParamData@@@@QBE?BVOperationParamData@@ABVQString@@ABV2@@Z 0040afd0 f i configfilehandler.obj
 0001:0000a040       ??$qMakeForeachContainer@ABVQStringList@@@QtPrivate@@YA?AV?$QForeachContainer@VQStringList@@@0@ABVQStringList@@@Z 0040b040 f i configfilehandler.obj
 0001:0000a040       ??$qMakeForeachContainer@AAVQStringList@@@QtPrivate@@YA?AV?$QForeachContainer@VQStringList@@@0@AAVQStringList@@@Z 0040b040 f i environmentvariant.obj
 0001:0000a080       ??$qMakeForeachContainer@ABV?$QList@VSingleOperationData@@@@@QtPrivate@@YA?AV?$QForeachContainer@V?$QList@VSingleOperationData@@@@@0@ABV?$QList@VSingleOperationData@@@@@Z 0040b080 f i environmentvariant.obj
 0001:0000a0c0       ??0EnvironmentVariant@@AAE@XZ 0040b0c0 f i environmentvariant.obj
 0001:0000a1b0       ??0SingleOperationData@@QAE@$$QAV0@@Z 0040b1b0 f i environmentvariant.obj
 0001:0000a1e0       ??0SingleOperationData@@QAE@ABV0@@Z 0040b1e0 f i environmentvariant.obj
 0001:0000a250       ??1?$QForeachContainer@V?$QList@VSingleOperationData@@@@@QtPrivate@@QAE@XZ 0040b250 f i environmentvariant.obj
 0001:0000a2d0       ??1?$QList@U?$QPair@VQString@@V?$QList@VSingleOperationData@@@@@@@@QAE@XZ 0040b2d0 f i environmentvariant.obj
 0001:0000a350       ??1EnvironmentVariant@@EAE@XZ 0040b350 f i environmentvariant.obj
 0001:0000a4d0       ??1configFileHandler@@UAE@XZ 0040b4d0 f i environmentvariant.obj
 0001:0000a4f0       ??4?$QList@VSingleOperationData@@@@QAEAAV0@ABV0@@Z 0040b4f0 f i environmentvariant.obj
 0001:0000a590       ??4SingleOperationData@@QAEAAV0@$$QAV0@@Z 0040b590 f i environmentvariant.obj
 0001:0000a620       ??4SingleOperationData@@QAEAAV0@ABV0@@Z 0040b620 f i environmentvariant.obj
 0001:0000a6c0       ??A?$QList@VQString@@@@QAEAAVQString@@H@Z 0040b6c0 f i environmentvariant.obj
 0001:0000a6f0       ??A?$QList@VSingleOperationData@@@@QAEAAVSingleOperationData@@H@Z 0040b6f0 f i environmentvariant.obj
 0001:0000a720       ??A?$QMap@VQString@@VOperationParamData@@@@QAEAAVOperationParamData@@ABVQString@@@Z 0040b720 f i environmentvariant.obj
 0001:0000a7e0       ??Y?$QList@VQString@@@@QAEAAV0@ABV0@@Z 0040b7e0 f i environmentvariant.obj
 0001:0000a8e0       ??_EEnvironmentVariant@@EAEPAXI@Z 0040b8e0 f i environmentvariant.obj
 0001:0000a8e0       ??_GEnvironmentVariant@@EAEPAXI@Z 0040b8e0 f i environmentvariant.obj
 0001:0000a900       ??_ETargetMachineObject@@UAEPAXI@Z 0040b900 f i environmentvariant.obj
 0001:0000a900       ??_GTargetMachineObject@@UAEPAXI@Z 0040b900 f i environmentvariant.obj
 0001:0000a930       ?AddPlan@EnvironmentVariant@@QAEXABVQString@@@Z 0040b930 f   environmentvariant.obj
 0001:0000aa40       ?AddPlanStep@EnvironmentVariant@@QAEXHHH@Z 0040ba40 f   environmentvariant.obj
 0001:0000abd0       ?LogicalControlList@EnvironmentVariant@@QAE?AVQStringList@@XZ 0040bbd0 f   environmentvariant.obj
 0001:0000ad60       ?MovePlanStep@EnvironmentVariant@@QAEXHHH@Z 0040bd60 f   environmentvariant.obj
 0001:0000ae40       ?OperationNameList@EnvironmentVariant@@QAE?AVQStringList@@XZ 0040be40 f   environmentvariant.obj
 0001:0000afd0       ?PlanList@EnvironmentVariant@@QAE?AVQStringList@@XZ 0040bfd0 f   environmentvariant.obj
 0001:0000b090       ?RemovePlan@EnvironmentVariant@@QAEXH@Z 0040c090 f   environmentvariant.obj
 0001:0000b0c0       ?RemovePlanStep@EnvironmentVariant@@QAEXHH@Z 0040c0c0 f   environmentvariant.obj
 0001:0000b120       ?SaveMachineConfig@EnvironmentVariant@@QAEXABVMachineConfigData@@@Z 0040c120 f   environmentvariant.obj
 0001:0000b1f0       ?SavePlan@EnvironmentVariant@@QAEXXZ 0040c1f0 f   environmentvariant.obj
 0001:0000b260       ?SetPlanName@EnvironmentVariant@@QAEXHABVQString@@@Z 0040c260 f   environmentvariant.obj
 0001:0000b2b0       ?SetPlanStepSingleParam@EnvironmentVariant@@QAEXHHABVQString@@ABVQVariant@@@Z 0040c2b0 f   environmentvariant.obj
 0001:0000b410       ?SetPlanStepToDefault@EnvironmentVariant@@QAEXHHH@Z 0040c410 f   environmentvariant.obj
 0001:0000b4e0       ?StartPlan@EnvironmentVariant@@QAEXHH@Z 0040c4e0 f   environmentvariant.obj
 0001:0000be10       ?StartTunning@EnvironmentVariant@@QAEXABVSingleOperationData@@@Z 0040ce10 f   environmentvariant.obj
 0001:0000bf00       ?StepList@EnvironmentVariant@@QAE?AVQStringList@@H@Z 0040cf00 f   environmentvariant.obj
 0001:0000c0a0       ?StopPlan@EnvironmentVariant@@QAEXXZ 0040d0a0 f   environmentvariant.obj
 0001:0000c0b0       ?begin@?$QList@VOperationParamData@@@@QAE?AViterator@1@XZ 0040d0b0 f i environmentvariant.obj
 0001:0000c0e0       ?contains@?$QMap@VQString@@VQStringList@@@@QBE_NABVQString@@@Z 0040d0e0 f i environmentvariant.obj
 0001:0000c120       ?defaultValue@EnvironmentVariant@@QAE?AVSingleOperationData@@ABVQString@@@Z 0040d120 f   environmentvariant.obj
 0001:0000c340       ?detach_helper@?$QList@H@@AAEXH@Z 0040d340 f i environmentvariant.obj
 0001:0000c410       ?detach_helper@?$QList@U?$QPair@VQString@@V?$QList@VSingleOperationData@@@@@@@@AAEXH@Z 0040d410 f i environmentvariant.obj
 0001:0000c4f0       ?detach_helper@?$QList@VOperationParamData@@@@AAEXH@Z 0040d4f0 f i environmentvariant.obj
 0001:0000c5c0       ?detach_helper@?$QList@VQString@@@@AAEXH@Z 0040d5c0 f i environmentvariant.obj
 0001:0000c6b0       ?detach_helper@?$QList@VSingleOperationData@@@@AAEXH@Z 0040d6b0 f i environmentvariant.obj
 0001:0000c790       ?formatSingleOperationParam@EnvironmentVariant@@QAE?AVQJsonObject@@ABVSingleOperationData@@@Z 0040d790 f   environmentvariant.obj
 0001:0000cd20       ?name@OperationParamObject@@QBE?AVQString@@XZ 0040dd20 f i workmodels.obj
 0001:0000cd20       ?getIpAddress@TargetMachineObject@@QBE?AVQString@@XZ 0040dd20 f i environmentvariant.obj
 0001:0000cd20       ?getOperationName@SingleOperationObject@@QAE?AVQString@@XZ 0040dd20 f i moc_workmodels.obj
 0001:0000cd40       ?getOperationIndex@EnvironmentVariant@@QAEHABVQString@@@Z 0040dd40 f   environmentvariant.obj
 0001:0000cdb0       ?getOperationParams@EnvironmentVariant@@QAE?AV?$QList@VOperationParamData@@@@H@Z 0040ddb0 f   environmentvariant.obj
 0001:0000cf80       ?getWorkLocationTypeList@EnvironmentVariant@@QAE?AVQStringList@@XZ 0040df80 f   environmentvariant.obj
 0001:0000cfa0       ?initModels@EnvironmentVariant@@QAEXPAVQQmlContext@@@Z 0040dfa0 f   environmentvariant.obj
 0001:0000d070       ?initProtocol@EnvironmentVariant@@QAEXABVQString@@@Z 0040e070 f   environmentvariant.obj
 0001:0000d0e0       ?initUserConfig@EnvironmentVariant@@QAEXABVQString@@@Z 0040e0e0 f   environmentvariant.obj
 0001:0000d240       ?insert@?$QList@VSingleOperationData@@@@QAEXHABVSingleOperationData@@@Z 0040e240 f i environmentvariant.obj
 0001:0000d320       ?instance@EnvironmentVariant@@SAPAV1@XZ 0040e320 f   environmentvariant.obj
 0001:0000d380       ?node_destruct@?$QList@VSingleOperationData@@@@AAEXPAUNode@1@@Z 0040e380 f i environmentvariant.obj
 0001:0000d400       ?parseConfigFile@EnvironmentVariant@@QAEXABVQString@@@Z 0040e400 f   environmentvariant.obj
 0001:0000daa0       ?planStepParam@EnvironmentVariant@@QAE?AVSingleOperationData@@HH@Z 0040eaa0 f   environmentvariant.obj
 0001:0000ddf0       ?removeAt@?$QList@U?$QPair@VQString@@V?$QList@VSingleOperationData@@@@@@@@QAEXH@Z 0040edf0 f i environmentvariant.obj
 0001:0000de50       ?removeAt@?$QList@VSingleOperationData@@@@QAEXH@Z 0040ee50 f i environmentvariant.obj
 0001:0000dea0       ?setWorkLocationType@EnvironmentVariant@@QAE_NHABVQString@@@Z 0040eea0 f   environmentvariant.obj
 0001:0000df40       ??$atImpl@V?$QList@PAVQObject@@@@@QSequentialIterableImpl@QtMetaTypePrivate@@SAPBXPBXH@Z 0040ef40 f i moc_workmodels.obj
 0001:0000df40       ??$atImpl@V?$QList@H@@@QSequentialIterableImpl@QtMetaTypePrivate@@SAPBXPBXH@Z 0040ef40 f i moc_workmodels.obj
 0001:0000df60       ??$equal@PBHV?$checked_array_iterator@PBH@stdext@@U?$equal_to@X@std@@@std@@YA_NPBH0V?$checked_array_iterator@PBH@stdext@@U?$equal_to@X@0@@Z 0040ef60 f i moc_workmodels.obj
 0001:0000df60       ??$equal@PBQAVQObject@@V?$checked_array_iterator@PBQAVQObject@@@stdext@@U?$equal_to@X@std@@@std@@YA_NPBQAVQObject@@0V?$checked_array_iterator@PBQAVQObject@@@stdext@@U?$equal_to@X@0@@Z 0040ef60 f i moc_workmodels.obj
 0001:0000dfe0       ??$getImpl@V?$QList@H@@@QSequentialIterableImpl@QtMetaTypePrivate@@SA?AUVariantData@1@PBQAXHI@Z 0040efe0 f i moc_workmodels.obj
 0001:0000dfe0       ??$getImpl@V?$QList@PAVQObject@@@@@QSequentialIterableImpl@QtMetaTypePrivate@@SA?AUVariantData@1@PBQAXHI@Z 0040efe0 f i moc_workmodels.obj
 0001:0000e000       ??$moveToBeginImpl@V?$QList@PAVQObject@@@@@QSequentialIterableImpl@QtMetaTypePrivate@@SAXPBXPAPAX@Z 0040f000 f i moc_workmodels.obj
 0001:0000e000       ??$moveToBeginImpl@V?$QList@H@@@QSequentialIterableImpl@QtMetaTypePrivate@@SAXPBXPAPAX@Z 0040f000 f i moc_workmodels.obj
 0001:0000e030       ??$moveToEndImpl@V?$QList@H@@@QSequentialIterableImpl@QtMetaTypePrivate@@SAXPBXPAPAX@Z 0040f030 f i moc_workmodels.obj
 0001:0000e030       ??$moveToEndImpl@V?$QList@PAVQObject@@@@@QSequentialIterableImpl@QtMetaTypePrivate@@SAXPBXPAPAX@Z 0040f030 f i moc_workmodels.obj
 0001:0000e060       ??$sizeImpl@V?$QList@PAVQObject@@@@@QSequentialIterableImpl@QtMetaTypePrivate@@SAHPBX@Z 0040f060 f i moc_workmodels.obj
 0001:0000e060       ??$sizeImpl@V?$QList@H@@@QSequentialIterableImpl@QtMetaTypePrivate@@SAHPBX@Z 0040f060 f i moc_workmodels.obj
 0001:0000e070       ??0QSequentialIterableImpl@QtMetaTypePrivate@@QAE@XZ 0040f070 f i moc_workmodels.obj
 0001:0000e0e0       ??4?$QList@H@@QAEAAV0@$$QAV0@@Z 0040f0e0 f i moc_workmodels.obj
 0001:0000e0e0       ??4?$QList@PAVQObject@@@@QAEAAV0@$$QAV0@@Z 0040f0e0 f i moc_workmodels.obj
 0001:0000e160       ??4QStringList@@QAEAAV0@$$QAV0@@Z 0040f160 f i moc_workmodels.obj
 0001:0000e190       ?Construct@?$QMetaTypeFunctionHelper@V?$QList@PAVQObject@@@@$00@QtMetaTypePrivate@@SAPAXPAXPBX@Z 0040f190 f i moc_workmodels.obj
 0001:0000e190       ?Construct@?$QMetaTypeFunctionHelper@V?$QList@H@@$00@QtMetaTypePrivate@@SAPAXPAXPBX@Z 0040f190 f i moc_workmodels.obj
 0001:0000e210       ?Construct@?$QMetaTypeFunctionHelper@VQSequentialIterableImpl@QtMetaTypePrivate@@$00@QtMetaTypePrivate@@SAPAXPAXPBX@Z 0040f210 f i moc_workmodels.obj
 0001:0000e250       ?Destruct@?$QMetaTypeFunctionHelper@V?$QList@H@@$00@QtMetaTypePrivate@@SAXPAX@Z 0040f250 f i moc_workmodels.obj
 0001:0000e250       ?Destruct@?$QMetaTypeFunctionHelper@V?$QList@PAVQObject@@@@$00@QtMetaTypePrivate@@SAXPAX@Z 0040f250 f i moc_workmodels.obj
 0001:0000e2c0       ?MachineConfigChanged@TargetMachineObject@@QAEXXZ 0040f2c0 f   moc_workmodels.obj
 0001:0000e2e0       ?UnitChanged@OperationParamObject@@QAEXXZ 0040f2e0 f   moc_workmodels.obj
 0001:0000e300       ?advance@?$IteratorOwnerCommon@Vconst_iterator@?$QList@H@@@QtMetaTypePrivate@@SAXPAPAXH@Z 0040f300 f i moc_workmodels.obj
 0001:0000e300       ?advance@?$IteratorOwnerCommon@Vconst_iterator@?$QList@PAVQObject@@@@@QtMetaTypePrivate@@SAXPAPAXH@Z 0040f300 f i moc_workmodels.obj
 0001:0000e310       ?assign@?$IteratorOwnerCommon@Vconst_iterator@?$QList@H@@@QtMetaTypePrivate@@SAXPAPAXPBQAX@Z 0040f310 f i moc_workmodels.obj
 0001:0000e310       ?assign@?$IteratorOwnerCommon@Vconst_iterator@?$QList@PAVQObject@@@@@QtMetaTypePrivate@@SAXPAPAXPBQAX@Z 0040f310 f i moc_workmodels.obj
 0001:0000e330       ?boolValueChanged@OperationParamObject@@QAEXXZ 0040f330 f   moc_workmodels.obj
 0001:0000e350       ?bottomValueChanged@OperationParamObject@@QAEXXZ 0040f350 f   moc_workmodels.obj
 0001:0000e370       ?convert@?$ConverterFunctor@V?$QList@H@@VQSequentialIterableImpl@QtMetaTypePrivate@@U?$QSequentialIterableConvertFunctor@V?$QList@H@@@3@@QtPrivate@@SA_NPBUAbstractConverterFunction@2@PBXPAX@Z 0040f370 f i moc_workmodels.obj
 0001:0000e410       ?convert@?$ConverterFunctor@V?$QList@PAVQObject@@@@VQSequentialIterableImpl@QtMetaTypePrivate@@U?$QSequentialIterableConvertFunctor@V?$QList@PAVQObject@@@@@3@@QtPrivate@@SA_NPBUAbstractConverterFunction@2@PBXPAX@Z 0040f410 f i moc_workmodels.obj
 0001:0000e4b0       ?currentIndexChanged@OperationParamSelector@@QAEXXZ 0040f4b0 f   moc_workmodels.obj
 0001:0000e4d0       ?destroy@?$IteratorOwnerCommon@Vconst_iterator@?$QList@H@@@QtMetaTypePrivate@@SAXPAPAX@Z 0040f4d0 f i moc_workmodels.obj
 0001:0000e4d0       ?destroy@?$IteratorOwnerCommon@Vconst_iterator@?$QList@PAVQObject@@@@@QtMetaTypePrivate@@SAXPAPAX@Z 0040f4d0 f i moc_workmodels.obj
 0001:0000e4f0       ?display@OperationParamObject@@QBE?AVQString@@XZ 0040f4f0 f i moc_workmodels.obj
 0001:0000e510       ?displayChanged@OperationParamObject@@QAEXXZ 0040f510 f   moc_workmodels.obj
 0001:0000e530       ?equal@?$IteratorOwnerCommon@Vconst_iterator@?$QList@H@@@QtMetaTypePrivate@@SA_NPBQAX0@Z 0040f530 f i moc_workmodels.obj
 0001:0000e530       ?equal@?$IteratorOwnerCommon@Vconst_iterator@?$QList@PAVQObject@@@@@QtMetaTypePrivate@@SA_NPBQAX0@Z 0040f530 f i moc_workmodels.obj
 0001:0000e550       ?floatValueChanged@OperationParamObject@@QAEXXZ 0040f550 f   moc_workmodels.obj
 0001:0000e570       ?getParamListModel@PlanSelector@@QAE?AV?$QList@PAVQObject@@@@XZ 0040f570 f i moc_workmodels.obj
 0001:0000e590       ?getParamModel@OperationParamSelector@@QAE?AV?$QList@PAVQObject@@@@XZ 0040f590 f i moc_workmodels.obj
 0001:0000e5b0       ?intListValue@OperationParamObject@@QAE?AV?$QList@H@@XZ 0040f5b0 f i moc_workmodels.obj
 0001:0000e5d0       ?intListValueChanged@OperationParamObject@@QAEXXZ 0040f5d0 f   moc_workmodels.obj
 0001:0000e5f0       ?integerValueChanged@OperationParamObject@@QAEXXZ 0040f5f0 f   moc_workmodels.obj
 0001:0000e610       ?metaObject@OperationParamObject@@UBEPBUQMetaObject@@XZ 0040f610 f   moc_workmodels.obj
 0001:0000e630       ?metaObject@OperationParamSelector@@UBEPBUQMetaObject@@XZ 0040f630 f   moc_workmodels.obj
 0001:0000e650       ?metaObject@PlanController@@UBEPBUQMetaObject@@XZ 0040f650 f   moc_workmodels.obj
 0001:0000e670       ?metaObject@PlanSelector@@UBEPBUQMetaObject@@XZ 0040f670 f   moc_workmodels.obj
 0001:0000e690       ?metaObject@StatusViewWatcher@@UBEPBUQMetaObject@@XZ 0040f690 f   moc_workmodels.obj
 0001:0000e6b0       ?metaObject@TargetMachineObject@@UBEPBUQMetaObject@@XZ 0040f6b0 f   moc_workmodels.obj
 0001:0000e6d0       ?nameChanged@OperationParamObject@@QAEXXZ 0040f6d0 f   moc_workmodels.obj
 0001:0000e6f0       ?op_eq_impl@?$QList@PAVQObject@@@@ABE_NABV1@UArrayCompatibleLayout@QListData@@@Z 0040f6f0 f i moc_workmodels.obj
 0001:0000e6f0       ?op_eq_impl@?$QList@H@@ABE_NABV1@UArrayCompatibleLayout@QListData@@@Z 0040f6f0 f i moc_workmodels.obj
 0001:0000e760       ?op_eq_impl@?$QList@VQString@@@@ABE_NABV1@UArrayCompatibleLayout@QListData@@@Z 0040f760 f i moc_workmodels.obj
 0001:0000e7d0       ?operationListModel@PlanSelector@@QAE?AVQStringList@@XZ 0040f7d0 f i moc_workmodels.obj
 0001:0000e7f0       ?operationModel@OperationParamSelector@@QAE?AVQStringList@@XZ 0040f7f0 f i moc_workmodels.obj
 0001:0000e810       ?operationNameChanged@SingleOperationObject@@QAEXXZ 0040f810 f   moc_workmodels.obj
 0001:0000e830       ?pageNameChanged@OperationParamSelector@@QAEXXZ 0040f830 f   moc_workmodels.obj
 0001:0000e850       ?paramListModelChanged@PlanSelector@@QAEXXZ 0040f850 f   moc_workmodels.obj
 0001:0000e870       ?paramModelChanged@OperationParamSelector@@QAEXXZ 0040f870 f   moc_workmodels.obj
 0001:0000e890       ?qt_metacall@OperationParamObject@@UAEHW4Call@QMetaObject@@HPAPAX@Z 0040f890 f   moc_workmodels.obj
 0001:0000e930       ?qt_metacall@OperationParamSelector@@UAEHW4Call@QMetaObject@@HPAPAX@Z 0040f930 f   moc_workmodels.obj
 0001:0000e9e0       ?qt_metacall@PlanController@@UAEHW4Call@QMetaObject@@HPAPAX@Z 0040f9e0 f   moc_workmodels.obj
 0001:0000ea40       ?qt_metacall@PlanSelector@@UAEHW4Call@QMetaObject@@HPAPAX@Z 0040fa40 f   moc_workmodels.obj
 0001:0000eaf0       ?qt_metacall@StatusViewWatcher@@UAEHW4Call@QMetaObject@@HPAPAX@Z 0040faf0 f   moc_workmodels.obj
 0001:0000eb50       ?qt_metacall@TargetMachineObject@@UAEHW4Call@QMetaObject@@HPAPAX@Z 0040fb50 f   moc_workmodels.obj
 0001:0000ec10       ?qt_metacast@OperationParamObject@@UAEPAXPBD@Z 0040fc10 f   moc_workmodels.obj
 0001:0000ecb0       ?qt_metacast@OperationParamSelector@@UAEPAXPBD@Z 0040fcb0 f   moc_workmodels.obj
 0001:0000ed10       ?qt_metacast@PlanController@@UAEPAXPBD@Z 0040fd10 f   moc_workmodels.obj
 0001:0000ed70       ?qt_metacast@PlanSelector@@UAEPAXPBD@Z 0040fd70 f   moc_workmodels.obj
 0001:0000edd0       ?qt_metacast@StatusViewWatcher@@UAEPAXPBD@Z 0040fdd0 f   moc_workmodels.obj
 0001:0000ee30       ?qt_metacast@TargetMachineObject@@UAEPAXPBD@Z 0040fe30 f   moc_workmodels.obj
 0001:0000eed0       ?qt_metatype_id@?$QMetaTypeId@V?$QList@H@@@@SAHXZ 0040fed0 f i moc_workmodels.obj
 0001:0000eff0       ?qt_metatype_id@?$QMetaTypeId@V?$QList@PAVQObject@@@@@@SAHXZ 0040fff0 f i moc_workmodels.obj
 0001:0000f090       ?qt_metatype_id@?$QMetaTypeId@VQSequentialIterableImpl@QtMetaTypePrivate@@@@SAHXZ 00410090 f i moc_workmodels.obj
 0001:0000f120       ?qt_static_metacall@OperationParamObject@@CAXPAVQObject@@W4Call@QMetaObject@@HPAPAX@Z 00410120 f   moc_workmodels.obj
 0001:0000f600       ?qt_static_metacall@OperationParamSelector@@CAXPAVQObject@@W4Call@QMetaObject@@HPAPAX@Z 00410600 f   moc_workmodels.obj
 0001:0000f790       ?qt_static_metacall@PlanController@@CAXPAVQObject@@W4Call@QMetaObject@@HPAPAX@Z 00410790 f   moc_workmodels.obj
 0001:0000f820       ?qt_static_metacall@PlanSelector@@CAXPAVQObject@@W4Call@QMetaObject@@HPAPAX@Z 00410820 f   moc_workmodels.obj
 0001:0000faf0       ?qt_static_metacall@SingleOperationObject@@CAXPAVQObject@@W4Call@QMetaObject@@HPAPAX@Z 00410af0 f   moc_workmodels.obj
 0001:0000fba0       ?qt_static_metacall@StatusViewWatcher@@CAXPAVQObject@@W4Call@QMetaObject@@HPAPAX@Z 00410ba0 f   moc_workmodels.obj
 0001:0000fc80       ?qt_static_metacall@TargetMachineObject@@CAXPAVQObject@@W4Call@QMetaObject@@HPAPAX@Z 00410c80 f   moc_workmodels.obj
 0001:0000fd90       ?registerConverter@?$ValueTypeIsMetaType@V?$QList@H@@$00@QtPrivate@@SA_NH@Z 00410d90 f i moc_workmodels.obj
 0001:0000fe20       ?registerConverter@?$ValueTypeIsMetaType@V?$QList@PAVQObject@@@@$00@QtPrivate@@SA_NH@Z 00410e20 f i moc_workmodels.obj
 0001:0000feb0       ?setBoolValue@OperationParamObject@@QAEX_N@Z 00410eb0 f i moc_workmodels.obj
 0001:0000fee0       ?setBottomValue@OperationParamObject@@QAEXH@Z 00410ee0 f i moc_workmodels.obj
 0001:0000ff10       ?setDisplay@OperationParamObject@@QAEXABVQString@@@Z 00410f10 f i moc_workmodels.obj
 0001:0000ff50       ?setFloatValue@OperationParamObject@@QAEXN@Z 00410f50 f i moc_workmodels.obj
 0001:0000ff90       ?setIntListValue@OperationParamObject@@QAEXABV?$QList@H@@@Z 00410f90 f i moc_workmodels.obj
 0001:00010070       ?setIntegerValue@OperationParamObject@@QAEXH@Z 00411070 f i moc_workmodels.obj
 0001:000100a0       ?setIpAddress@TargetMachineObject@@QAEXABVQString@@@Z 004110a0 f i moc_workmodels.obj
 0001:000100e0       ?setMaxReceiveTime@TargetMachineObject@@QAEXH@Z 004110e0 f i moc_workmodels.obj
 0001:00010110       ?setName@OperationParamObject@@QAEXABVQString@@@Z 00411110 f i moc_workmodels.obj
 0001:00010150       ?setOperationName@SingleOperationObject@@QAEXABVQString@@@Z 00411150 f i moc_workmodels.obj
 0001:00010190       ?setParamListModel@PlanSelector@@QAEXABV?$QList@PAVQObject@@@@@Z 00411190 f i moc_workmodels.obj
 0001:00010270       ?setParamModel@OperationParamSelector@@QAEXABV?$QList@PAVQObject@@@@@Z 00411270 f i moc_workmodels.obj
 0001:00010350       ?setPort@TargetMachineObject@@QAEXF@Z 00411350 f i moc_workmodels.obj
 0001:00010380       ?setStringValue@OperationParamObject@@QAEXABVQString@@@Z 00411380 f i moc_workmodels.obj
 0001:000103c0       ?setStringlistValue@OperationParamObject@@QAEXABVQStringList@@@Z 004113c0 f i moc_workmodels.obj
 0001:00010440       ?setSwitchValue@OperationParamObject@@QAEXABVQString@@@Z 00411440 f i moc_workmodels.obj
 0001:00010480       ?setTopValue@OperationParamObject@@QAEXH@Z 00411480 f i moc_workmodels.obj
 0001:000104b0       ?setUnit@OperationParamObject@@QAEXABVQString@@@Z 004114b0 f i moc_workmodels.obj
 0001:000104f0       ?settype@OperationParamObject@@QAEXABVQString@@@Z 004114f0 f i moc_workmodels.obj
 0001:00010530       ?statusChanged@StatusViewWatcher@@QAEXABVQJsonObject@@@Z 00411530 f   moc_workmodels.obj
 0001:00010560       ?stringListValue@OperationParamObject@@QBE?AVQStringList@@XZ 00411560 f i moc_workmodels.obj
 0001:00010580       ?stringValue@OperationParamObject@@QBE?AVQString@@XZ 00411580 f i moc_workmodels.obj
 0001:000105a0       ?stringValueChanged@OperationParamObject@@QAEXXZ 004115a0 f   moc_workmodels.obj
 0001:000105c0       ?stringlistValueChanged@OperationParamObject@@QAEXXZ 004115c0 f   moc_workmodels.obj
 0001:000105e0       ?switchValue@OperationParamObject@@QBE?AVQString@@XZ 004115e0 f i moc_workmodels.obj
 0001:00010600       ?switchValueChanged@OperationParamObject@@QAEXXZ 00411600 f   moc_workmodels.obj
 0001:00010620       ?taskStateChanged@PlanController@@QAEX_N@Z 00411620 f   moc_workmodels.obj
 0001:00010650       ?topValueChanged@OperationParamObject@@QAEXXZ 00411650 f   moc_workmodels.obj
 0001:00010670       ?type@OperationParamObject@@QBE?AVQString@@XZ 00411670 f i moc_workmodels.obj
 0001:00010690       ?typeChanged@OperationParamObject@@QAEXXZ 00411690 f   moc_workmodels.obj
 0001:000106b0       ?unit@OperationParamObject@@QBE?AVQString@@XZ 004116b0 f i moc_workmodels.obj
 0001:000106d0       ?workLocationTypeChanged@StatusViewWatcher@@QAEXXZ 004116d0 f   moc_workmodels.obj
 0001:000106f0       ?metaObject@configFileHandler@@UBEPBUQMetaObject@@XZ 004116f0 f   moc_configfilehandler.obj
 0001:00010710       ?qt_metacall@configFileHandler@@UAEHW4Call@QMetaObject@@HPAPAX@Z 00411710 f   moc_configfilehandler.obj
 0001:00010720       ?qt_metacast@configFileHandler@@UAEPAXPBD@Z 00411720 f   moc_configfilehandler.obj
 0001:00010780       ?metaObject@EnvironmentVariant@@UBEPBUQMetaObject@@XZ 00411780 f   moc_environmentvariant.obj
 0001:000107a0       ?qt_metacall@EnvironmentVariant@@UAEHW4Call@QMetaObject@@HPAPAX@Z 004117a0 f   moc_environmentvariant.obj
 0001:00010800       ?qt_metacast@EnvironmentVariant@@UAEPAXPBD@Z 00411800 f   moc_environmentvariant.obj
 0001:00010860       ?qt_static_metacall@EnvironmentVariant@@CAXPAVQObject@@W4Call@QMetaObject@@HPAPAX@Z 00411860 f   moc_environmentvariant.obj
 0001:000108b0       ?workLocationTypeChanged@EnvironmentVariant@@QAEXXZ 004118b0 f   moc_environmentvariant.obj
 0001:000108c4       _MiniDumpWriteDump@28      004118c4 f   DbgHelp:dbghelp.dll
 0001:000108ca       ?fixup@QValidator@@UBEXAAVQString@@@Z 004118ca f   Qt5Gui:Qt5Gui.dll
 0001:000108d0       ?metaObject@QDoubleValidator@@UBEPBUQMetaObject@@XZ 004118d0 f   Qt5Gui:Qt5Gui.dll
 0001:000108d6       ?qt_metacall@QDoubleValidator@@UAEHW4Call@QMetaObject@@HPAPAX@Z 004118d6 f   Qt5Gui:Qt5Gui.dll
 0001:000108dc       ?qt_metacast@QDoubleValidator@@UAEPAXPBD@Z 004118dc f   Qt5Gui:Qt5Gui.dll
 0001:000108e2       ?setRange@QDoubleValidator@@UAEXNNH@Z 004118e2 f   Qt5Gui:Qt5Gui.dll
 0001:000108e8       ?childEvent@QObject@@MAEXPAVQChildEvent@@@Z 004118e8 f   Qt5Core:Qt5Core.dll
 0001:000108ee       ?connectNotify@QObject@@MAEXABVQMetaMethod@@@Z 004118ee f   Qt5Core:Qt5Core.dll
 0001:000108f4       ?customEvent@QObject@@MAEXPAVQEvent@@@Z 004118f4 f   Qt5Core:Qt5Core.dll
 0001:000108fa       ?disconnectNotify@QObject@@MAEXABVQMetaMethod@@@Z 004118fa f   Qt5Core:Qt5Core.dll
 0001:00010900       ?event@QObject@@UAE_NPAVQEvent@@@Z 00411900 f   Qt5Core:Qt5Core.dll
 0001:00010906       ?eventFilter@QObject@@UAE_NPAV1@PAVQEvent@@@Z 00411906 f   Qt5Core:Qt5Core.dll
 0001:0001090c       ?timerEvent@QObject@@MAEXPAVQTimerEvent@@@Z 0041190c f   Qt5Core:Qt5Core.dll
 0001:00010912       ?qRegisterResourceData@@YA_NHPBE00@Z 00411912 f   Qt5Core:Qt5Core.dll
 0001:00010918       ?qUnregisterResourceData@@YA_NHPBE00@Z 00411918 f   Qt5Core:Qt5Core.dll
 0001:0001091e       ??2@YAPAXI@Z               0041191e f   MSVCRT:new_scalar.obj
 0001:00010951       ??3@YAXPAXI@Z              00411951 f   MSVCRT:delete_scalar_size.obj
 0001:0001095f       @__security_check_cookie@4 0041195f f   MSVCRT:_secchk_.obj
 0001:00010970       ??_Gtype_info@@UAEPAXI@Z   00411970 f i MSVCRT:std_type_info_static.obj
 0001:00010970       ??_Etype_info@@UAEPAXI@Z   00411970 f i MSVCRT:std_type_info_static.obj
 0001:000109d7       ___scrt_acquire_startup_lock 004119d7 f   MSVCRT:utility.obj
 0001:00010a0c       ___scrt_initialize_crt     00411a0c f   MSVCRT:utility.obj
 0001:00010a45       ___scrt_initialize_onexit_tables 00411a45 f   MSVCRT:utility.obj
 0001:00010adc       ___scrt_is_nonwritable_in_current_image 00411adc f   MSVCRT:utility.obj
 0001:00010b66       ___scrt_release_startup_lock 00411b66 f   MSVCRT:utility.obj
 0001:00010b83       ___scrt_uninitialize_crt   00411b83 f   MSVCRT:utility.obj
 0001:00010bab       __onexit                   00411bab f   MSVCRT:utility.obj
 0001:00010be6       _atexit                    00411be6 f   MSVCRT:utility.obj
 0001:00010cbb       ??$__crt_fast_encode_pointer@P6GXPAU_RTL_CONDITION_VARIABLE@@@Z@@YAP6GXPAU_RTL_CONDITION_VARIABLE@@@ZQ6GX0@Z@Z 00411cbb f i MSVCRT:thread_safe_statics.obj
 0001:00010cbb       ??$__crt_fast_encode_pointer@P6GHPAU_RTL_CONDITION_VARIABLE@@PAU_RTL_CRITICAL_SECTION@@K@Z@@YAP6GHPAU_RTL_CONDITION_VARIABLE@@PAU_RTL_CRITICAL_SECTION@@K@ZQ6GH01K@Z@Z 00411cbb f i MSVCRT:thread_safe_statics.obj
 0001:00010cf4       __Init_thread_footer       00411cf4 f   MSVCRT:thread_safe_statics.obj
 0001:00010d33       __Init_thread_header       00411d33 f   MSVCRT:thread_safe_statics.obj
 0001:00010d79       __Init_thread_lock         00411d79 f   MSVCRT:thread_safe_statics.obj
 0001:00010d85       __Init_thread_notify       00411d85 f   MSVCRT:thread_safe_statics.obj
 0001:00010dc6       __Init_thread_unlock       00411dc6 f   MSVCRT:thread_safe_statics.obj
 0001:00010dd2       __Init_thread_wait         00411dd2 f   MSVCRT:thread_safe_statics.obj
 0001:0001105d       _WinMainCRTStartup         0041205d f   MSVCRT:exe_winmain.obj
 0001:00011067       ??0bad_alloc@std@@QAE@ABV01@@Z 00412067 f i MSVCRT:throw_bad_alloc.obj
 0001:00011082       ??0bad_alloc@std@@QAE@XZ   00412082 f i MSVCRT:throw_bad_alloc.obj
 0001:0001109a       ??0bad_array_new_length@std@@QAE@ABV01@@Z 0041209a f i MSVCRT:throw_bad_alloc.obj
 0001:000110b5       ??0bad_array_new_length@std@@QAE@XZ 004120b5 f i MSVCRT:throw_bad_alloc.obj
 0001:000110cd       ??0exception@std@@QAE@ABV01@@Z 004120cd f i MSVCRT:throw_bad_alloc.obj
 0001:000110f9       ??1bad_alloc@std@@UAE@XZ   004120f9 f i MSVCRT:throw_bad_alloc.obj
 0001:000110f9       ??1bad_array_new_length@std@@UAE@XZ 004120f9 f i MSVCRT:throw_bad_alloc.obj
 0001:0001110a       ??_Ebad_array_new_length@std@@UAEPAXI@Z 0041210a f i MSVCRT:throw_bad_alloc.obj
 0001:0001110a       ??_Ebad_alloc@std@@UAEPAXI@Z 0041210a f i MSVCRT:throw_bad_alloc.obj
 0001:0001110a       ??_Eexception@std@@UAEPAXI@Z 0041210a f i MSVCRT:throw_bad_alloc.obj
 0001:0001110a       ??_Gexception@std@@UAEPAXI@Z 0041210a f i MSVCRT:throw_bad_alloc.obj
 0001:0001110a       ??_Gbad_alloc@std@@UAEPAXI@Z 0041210a f i MSVCRT:throw_bad_alloc.obj
 0001:0001110a       ??_Gbad_array_new_length@std@@UAEPAXI@Z 0041210a f i MSVCRT:throw_bad_alloc.obj
 0001:00011137       ?__scrt_throw_std_bad_alloc@@YAXXZ 00412137 f   MSVCRT:throw_bad_alloc.obj
 0001:00011154       ?__scrt_throw_std_bad_array_new_length@@YAXXZ 00412154 f   MSVCRT:throw_bad_alloc.obj
 0001:00011171       ?what@exception@std@@UBEPBDXZ 00412171 f i MSVCRT:throw_bad_alloc.obj
 0001:0001117e       ??3@YAXPAX@Z               0041217e f   MSVCRT:delete_scalar.obj
 0001:00011183       ___raise_securityfailure   00412183 f   MSVCRT:gs_report.obj
 0001:000111ab       ___report_gsfailure        004121ab f   MSVCRT:gs_report.obj
 0001:000112a6       ___isa_available_init      004122a6 f   MSVCRT:_cpu_disp_.obj
 0001:00011440       __get_startup_argv_mode    00412440 f   MSVCRT:argv_mode.obj
 0001:00011444       ___scrt_is_ucrt_dll_in_use 00412444 f   MSVCRT:ucrt_detection.obj
 0001:00011450       ___scrt_fastfail           00412450 f   MSVCRT:utility_desktop.obj
 0001:0001156b       ___scrt_get_show_window_mode 0041256b f   MSVCRT:utility_desktop.obj
 0001:0001159e       ___scrt_is_managed_app     0041259e f   MSVCRT:utility_desktop.obj
 0001:000115e2       ___scrt_set_unhandled_exception_filter 004125e2 f   MSVCRT:utility_desktop.obj
 0001:000115ee       ___scrt_unhandled_exception_filter@4 004125ee f   MSVCRT:utility_desktop.obj
 0001:0001162f       @_guard_check_icall@4      0041262f f i MSVCRT:checkcfg.obj
 0001:00011640       __SEH_prolog4              00412640 f   MSVCRT:_sehprolg4_.obj
 0001:00011686       __SEH_epilog4              00412686 f   MSVCRT:_sehprolg4_.obj
 0001:0001169b       __except_handler4          0041269b f   MSVCRT:_chandler4gs_.obj
 0001:000116be       ___security_init_cookie    004126be f   MSVCRT:gs_support.obj
 0001:0001175a       __get_startup_file_mode    0041275a f   MSVCRT:file_mode.obj
 0001:00011760       ___scrt_initialize_winrt   00412760 f   MSVCRT:utility_desktop.obj
 0001:00011760       __get_startup_thread_locale_mode 00412760 f   MSVCRT:thread_locale.obj
 0001:00011760       __get_startup_commit_mode  00412760 f   MSVCRT:commit_mode.obj
 0001:00011760       __matherr                  00412760 f   MSVCRT:matherr.obj
 0001:00011760       __get_startup_new_mode     00412760 f   MSVCRT:new_mode.obj
 0001:00011763       ?__scrt_initialize_type_info@@YAXXZ 00412763 f   MSVCRT:tncleanup.obj
 0001:0001176f       __initialize_default_precision 0041276f f   MSVCRT:default_precision.obj
 0001:00011790       ___local_stdio_printf_options 00412790 f i MSVCRT:default_local_stdio_options.obj
 0001:00011796       ___local_stdio_scanf_options 00412796 f i MSVCRT:default_local_stdio_options.obj
 0001:0001179c       ___scrt_initialize_default_local_stdio_options 0041279c f   MSVCRT:default_local_stdio_options.obj
 0001:000117b9       ___scrt_is_user_matherr_present 004127b9 f   MSVCRT:matherr_detection.obj
 0001:000117c5       ___scrt_get_dyn_tls_init_callback 004127c5 f   MSVCRT:dyn_tls_init.obj
 0001:000117cb       ___scrt_get_dyn_tls_dtor_callback 004127cb f   MSVCRT:dyn_tls_dtor.obj
 0001:000117d1       __RTC_Initialize           004127d1 f   MSVCRT:_initsect_.obj
 0001:000117fc       __RTC_Terminate            004127fc f   MSVCRT:_initsect_.obj
 0001:00011828       _IsProcessorFeaturePresent@4 00412828 f   kernel32:KERNEL32.dll
 0001:0001182e       ___std_terminate           0041282e f   vcruntime:VCRUNTIME140.dll
 0001:00011834       ___CxxFrameHandler3        00412834 f   vcruntime:VCRUNTIME140.dll
 0001:0001183a       _memcpy                    0041283a f   vcruntime:VCRUNTIME140.dll
 0001:00011840       __CxxThrowException@8      00412840 f   vcruntime:VCRUNTIME140.dll
 0001:00011846       ___RTDynamicCast           00412846 f   vcruntime:VCRUNTIME140.dll
 0001:0001184c       ___vcrt_InitializeCriticalSectionEx 0041284c f   vcruntime:VCRUNTIME140.dll
 0001:00011852       ___std_exception_copy      00412852 f   vcruntime:VCRUNTIME140.dll
 0001:00011858       ___std_exception_destroy   00412858 f   vcruntime:VCRUNTIME140.dll
 0001:0001185e       _memset                    0041285e f   vcruntime:VCRUNTIME140.dll
 0001:00011864       __except_handler4_common   00412864 f   vcruntime:VCRUNTIME140.dll
 0001:0001186a       _free                      0041286a f   ucrt:api-ms-win-crt-heap-l1-1-0.dll
 0001:00011870       _malloc                    00412870 f   ucrt:api-ms-win-crt-heap-l1-1-0.dll
 0001:00011876       __callnewh                 00412876 f   ucrt:api-ms-win-crt-heap-l1-1-0.dll
 0001:0001187c       __configure_narrow_argv    0041287c f   ucrt:api-ms-win-crt-runtime-l1-1-0.dll
 0001:00011882       __initialize_narrow_environment 00412882 f   ucrt:api-ms-win-crt-runtime-l1-1-0.dll
 0001:00011888       __initialize_onexit_table  00412888 f   ucrt:api-ms-win-crt-runtime-l1-1-0.dll
 0001:0001188e       __register_onexit_function 0041288e f   ucrt:api-ms-win-crt-runtime-l1-1-0.dll
 0001:00011894       __crt_atexit               00412894 f   ucrt:api-ms-win-crt-runtime-l1-1-0.dll
 0001:0001189a       __cexit                    0041289a f   ucrt:api-ms-win-crt-runtime-l1-1-0.dll
 0001:000118a0       __seh_filter_exe           004128a0 f   ucrt:api-ms-win-crt-runtime-l1-1-0.dll
 0001:000118a6       __set_app_type             004128a6 f   ucrt:api-ms-win-crt-runtime-l1-1-0.dll
 0001:000118ac       ___setusermatherr          004128ac f   ucrt:api-ms-win-crt-math-l1-1-0.dll
 0001:000118b2       __get_narrow_winmain_command_line 004128b2 f   ucrt:api-ms-win-crt-runtime-l1-1-0.dll
 0001:000118b8       __initterm                 004128b8 f   ucrt:api-ms-win-crt-runtime-l1-1-0.dll
 0001:000118be       __initterm_e               004128be f   ucrt:api-ms-win-crt-runtime-l1-1-0.dll
 0001:000118c4       _exit                      004128c4 f   ucrt:api-ms-win-crt-runtime-l1-1-0.dll
 0001:000118ca       __exit                     004128ca f   ucrt:api-ms-win-crt-runtime-l1-1-0.dll
 0001:000118d0       __set_fmode                004128d0 f   ucrt:api-ms-win-crt-stdio-l1-1-0.dll
 0001:000118d6       __c_exit                   004128d6 f   ucrt:api-ms-win-crt-runtime-l1-1-0.dll
 0001:000118dc       __register_thread_local_exe_atexit_callback 004128dc f   ucrt:api-ms-win-crt-runtime-l1-1-0.dll
 0001:000118e2       __configthreadlocale       004128e2 f   ucrt:api-ms-win-crt-locale-l1-1-0.dll
 0001:000118e8       __set_new_mode             004128e8 f   ucrt:api-ms-win-crt-heap-l1-1-0.dll
 0001:000118ee       ___p__commode              004128ee f   ucrt:api-ms-win-crt-stdio-l1-1-0.dll
 0001:000118f4       _terminate                 004128f4 f   ucrt:api-ms-win-crt-runtime-l1-1-0.dll
 0001:000118fa       __controlfp_s              004128fa f   ucrt:api-ms-win-crt-runtime-l1-1-0.dll
 0001:00011900       _WinMain@16                00412900 f   qtmain:qtmain_win.obj
 0001:00011a1e       ??_U@YAPAXI@Z              00412a1e f   MSVCRT:new_array.obj
 0001:00011a27       ??_V@YAXPAX@Z              00412a27 f   MSVCRT:delete_array.obj
 0001:00011a2c       ___acrt_initialize         00412a2c f   MSVCRT:ucrt_stubs.obj
 0001:00011a2c       ___vcrt_uninitialize       00412a2c f   MSVCRT:ucrt_stubs.obj
 0001:00011a2c       ___scrt_stub_for_acrt_uninitialize 00412a2c f   MSVCRT:ucrt_stubs.obj
 0001:00011a2c       __should_initialize_environment 00412a2c f   MSVCRT:env_mode.obj
 0001:00011a2c       ___vcrt_initialize         00412a2c f   MSVCRT:ucrt_stubs.obj
 0001:00011a2c       ___acrt_uninitialize       00412a2c f   MSVCRT:ucrt_stubs.obj
 0001:00011a2c       ___scrt_stub_for_acrt_initialize 00412a2c f   MSVCRT:ucrt_stubs.obj
 0001:000139b0       ??__Ff@?4??registerConverter@?$ValueTypeIsMetaType@V?$QList@H@@$00@QtPrivate@@SA_NH@Z@YAXXZ 004149b0 f i moc_workmodels.obj
 0001:00013a00       ??__Ff@?4??registerConverter@?$ValueTypeIsMetaType@V?$QList@PAVQObject@@@@$00@QtPrivate@@SA_NH@Z@YAXXZ 00414a00 f i moc_workmodels.obj
 0002:00000000       __imp__WideCharToMultiByte@32 00415000     kernel32:KERNEL32.dll
 0002:00000004       __imp__LocalFree@4         00415004     kernel32:KERNEL32.dll
 0002:00000008       __imp__GetCommandLineW@0   00415008     kernel32:KERNEL32.dll
 0002:0000000c       __imp__InitializeSListHead@4 0041500c     kernel32:KERNEL32.dll
 0002:00000010       __imp__GetSystemTimeAsFileTime@4 00415010     kernel32:KERNEL32.dll
 0002:00000014       __imp__QueryPerformanceCounter@4 00415014     kernel32:KERNEL32.dll
 0002:00000018       __imp__GetStartupInfoW@4   00415018     kernel32:KERNEL32.dll
 0002:0000001c       __imp__IsDebuggerPresent@0 0041501c     kernel32:KERNEL32.dll
 0002:00000020       __imp__IsProcessorFeaturePresent@4 00415020     kernel32:KERNEL32.dll
 0002:00000024       __imp__TerminateProcess@8  00415024     kernel32:KERNEL32.dll
 0002:00000028       __imp__UnhandledExceptionFilter@4 00415028     kernel32:KERNEL32.dll
 0002:0000002c       __imp__GetProcAddress@8    0041502c     kernel32:KERNEL32.dll
 0002:00000030       __imp__GetModuleHandleW@4  00415030     kernel32:KERNEL32.dll
 0002:00000034       __imp__CreateEventW@16     00415034     kernel32:KERNEL32.dll
 0002:00000038       __imp__WaitForSingleObjectEx@12 00415038     kernel32:KERNEL32.dll
 0002:0000003c       __imp__ResetEvent@4        0041503c     kernel32:KERNEL32.dll
 0002:00000040       __imp__SetEvent@4          00415040     kernel32:KERNEL32.dll
 0002:00000044       __imp__DeleteCriticalSection@4 00415044     kernel32:KERNEL32.dll
 0002:00000048       __imp__LeaveCriticalSection@4 00415048     kernel32:KERNEL32.dll
 0002:0000004c       __imp__EnterCriticalSection@4 0041504c     kernel32:KERNEL32.dll
 0002:00000050       __imp__GetCurrentThreadId@0 00415050     kernel32:KERNEL32.dll
 0002:00000054       __imp__GetCurrentProcessId@0 00415054     kernel32:KERNEL32.dll
 0002:00000058       __imp__GetCurrentProcess@0 00415058     kernel32:KERNEL32.dll
 0002:0000005c       __imp__SetUnhandledExceptionFilter@4 0041505c     kernel32:KERNEL32.dll
 0002:00000060       __imp__CloseHandle@4       00415060     kernel32:KERNEL32.dll
 0002:00000064       __imp__CreateFileW@28      00415064     kernel32:KERNEL32.dll
 0002:00000068       \177KERNEL32_NULL_THUNK_DATA 00415068     kernel32:KERNEL32.dll
 0002:0000006c       __imp_?qt_metacall@QObject@@UAEHW4Call@QMetaObject@@HPAPAX@Z 0041506c     Qt5Core:Qt5Core.dll
 0002:00000070       __imp_?qt_metacast@QObject@@UAEPAXPBD@Z 00415070     Qt5Core:Qt5Core.dll
 0002:00000074       __imp_?dynamicMetaObject@QObjectData@@QBEPAUQMetaObject@@XZ 00415074     Qt5Core:Qt5Core.dll
 0002:00000078       __imp_?unregisterConverterFunction@QMetaType@@SAXHH@Z 00415078     Qt5Core:Qt5Core.dll
 0002:0000007c       __imp_?registerConverterFunction@QMetaType@@SA_NPBUAbstractConverterFunction@QtPrivate@@HH@Z 0041507c     Qt5Core:Qt5Core.dll
 0002:00000080       __imp_?hasRegisteredConverterFunction@QMetaType@@SA_NHH@Z 00415080     Qt5Core:Qt5Core.dll
 0002:00000084       __imp_?typeName@QMetaType@@SAPBDH@Z 00415084     Qt5Core:Qt5Core.dll
 0002:00000088       __imp_?append@QByteArray@@QAEAAV1@PBDH@Z 00415088     Qt5Core:Qt5Core.dll
 0002:0000008c       __imp_?endsWith@QByteArray@@QBE_ND@Z 0041508c     Qt5Core:Qt5Core.dll
 0002:00000090       __imp_?activate@QMetaObject@@SAXPAVQObject@@PBU1@HPAPAX@Z 00415090     Qt5Core:Qt5Core.dll
 0002:00000094       __imp_?normalizedType@QMetaObject@@SA?AVQByteArray@@PBD@Z 00415094     Qt5Core:Qt5Core.dll
 0002:00000098       __imp_?staticMetaObject@QObject@@2UQMetaObject@@B 00415098     Qt5Core:Qt5Core.dll
 0002:0000009c       __imp_?qUnregisterResourceData@@YA_NHPBE00@Z 0041509c     Qt5Core:Qt5Core.dll
 0002:000000a0       __imp_?qRegisterResourceData@@YA_NHPBE00@Z 004150a0     Qt5Core:Qt5Core.dll
 0002:000000a4       __imp_?toDouble@QVariant@@QBENPA_N@Z 004150a4     Qt5Core:Qt5Core.dll
 0002:000000a8       __imp_?toBool@QVariant@@QBE_NXZ 004150a8     Qt5Core:Qt5Core.dll
 0002:000000ac       __imp_?qBadAlloc@@YAXXZ    004150ac     Qt5Core:Qt5Core.dll
 0002:000000b0       __imp_??0QMessageLogger@@QAE@PBDH0@Z 004150b0     Qt5Core:Qt5Core.dll
 0002:000000b4       __imp_?debug@QMessageLogger@@QBE?AVQDebug@@XZ 004150b4     Qt5Core:Qt5Core.dll
 0002:000000b8       __imp_?qInstallMessageHandler@@YAP6AXW4QtMsgType@@ABVQMessageLogContext@@ABVQString@@@ZP6AX012@Z@Z 004150b8     Qt5Core:Qt5Core.dll
 0002:000000bc       __imp_??0QChar@@QAE@UQLatin1Char@@@Z 004150bc     Qt5Core:Qt5Core.dll
 0002:000000c0       __imp_??0QByteArray@@QAE@XZ 004150c0     Qt5Core:Qt5Core.dll
 0002:000000c4       __imp_??0QByteArray@@QAE@PBDH@Z 004150c4     Qt5Core:Qt5Core.dll
 0002:000000c8       __imp_??1QByteArray@@QAE@XZ 004150c8     Qt5Core:Qt5Core.dll
 0002:000000cc       __imp_?reserve@QByteArray@@QAEXH@Z 004150cc     Qt5Core:Qt5Core.dll
 0002:000000d0       __imp_?append@QByteArray@@QAEAAV1@D@Z 004150d0     Qt5Core:Qt5Core.dll
 0002:000000d4       __imp_?append@QByteArray@@QAEAAV1@PBD@Z 004150d4     Qt5Core:Qt5Core.dll
 0002:000000d8       __imp_??0QString@@QAE@XZ   004150d8     Qt5Core:Qt5Core.dll
 0002:000000dc       __imp_??0QString@@QAE@ABV0@@Z 004150dc     Qt5Core:Qt5Core.dll
 0002:000000e0       __imp_??1QString@@QAE@XZ   004150e0     Qt5Core:Qt5Core.dll
 0002:000000e4       __imp_??4QString@@QAEAAV0@ABV0@@Z 004150e4     Qt5Core:Qt5Core.dll
 0002:000000e8       __imp_?arg@QString@@QBE?AV1@ABV1@HVQChar@@@Z 004150e8     Qt5Core:Qt5Core.dll
 0002:000000ec       __imp_?indexOf@QString@@QBEHVQChar@@HW4CaseSensitivity@Qt@@@Z 004150ec     Qt5Core:Qt5Core.dll
 0002:000000f0       __imp_?startsWith@QString@@QBE_NABV1@W4CaseSensitivity@Qt@@@Z 004150f0     Qt5Core:Qt5Core.dll
 0002:000000f4       __imp_?append@QString@@QAEAAV1@ABV1@@Z 004150f4     Qt5Core:Qt5Core.dll
 0002:000000f8       __imp_?fromUtf8@QString@@SA?AV1@PBDH@Z 004150f8     Qt5Core:Qt5Core.dll
 0002:000000fc       __imp_?fromWCharArray@QString@@SA?AV1@PB_WH@Z 004150fc     Qt5Core:Qt5Core.dll
 0002:00000100       __imp_?fromAscii_helper@QString@@CAPAU?$QTypedArrayData@G@@PBDH@Z 00415100     Qt5Core:Qt5Core.dll
 0002:00000104       __imp_?className@QMetaObject@@QBEPBDXZ 00415104     Qt5Core:Qt5Core.dll
 0002:00000108       __imp_??1Connection@QMetaObject@@QAE@XZ 00415108     Qt5Core:Qt5Core.dll
 0002:0000010c       __imp_?dispose@QListData@@SAXPAUData@1@@Z 0041510c     Qt5Core:Qt5Core.dll
 0002:00000110       __imp_?registerNormalizedType@QMetaType@@SAHABVQByteArray@@P6AXPAX@ZP6APAX1PBX@ZHV?$QFlags@W4TypeFlag@QMetaType@@@@PBUQMetaObject@@@Z 00415110     Qt5Core:Qt5Core.dll
 0002:00000114       __imp_?registerNormalizedTypedef@QMetaType@@SAHABVQByteArray@@H@Z 00415114     Qt5Core:Qt5Core.dll
 0002:00000118       __imp_??0QObject@@QAE@PAV0@@Z 00415118     Qt5Core:Qt5Core.dll
 0002:0000011c       __imp_??1QObject@@UAE@XZ   0041511c     Qt5Core:Qt5Core.dll
 0002:00000120       __imp_?connectImpl@QObject@@CA?AVConnection@QMetaObject@@PBV1@PAPAX01PAVQSlotObjectBase@QtPrivate@@W4ConnectionType@Qt@@PBHPBU3@@Z 00415120     Qt5Core:Qt5Core.dll
 0002:00000124       __imp_?setApplicationName@QCoreApplication@@SAXABVQString@@@Z 00415124     Qt5Core:Qt5Core.dll
 0002:00000128       __imp_?installTranslator@QCoreApplication@@SA_NPAVQTranslator@@@Z 00415128     Qt5Core:Qt5Core.dll
 0002:0000012c       __imp_?quit@QCoreApplication@@SAXXZ 0041512c     Qt5Core:Qt5Core.dll
 0002:00000130       __imp_??1QLocale@@QAE@XZ   00415130     Qt5Core:Qt5Core.dll
 0002:00000134       __imp_?toDouble@QLocale@@QBENABVQString@@PA_N@Z 00415134     Qt5Core:Qt5Core.dll
 0002:00000138       __imp_?decimalPoint@QLocale@@QBE?AVQChar@@XZ 00415138     Qt5Core:Qt5Core.dll
 0002:0000013c       __imp_??0QSize@@QAE@HH@Z   0041513c     Qt5Core:Qt5Core.dll
 0002:00000140       __imp_??0QUrl@@QAE@ABVQString@@W4ParsingMode@0@@Z 00415140     Qt5Core:Qt5Core.dll
 0002:00000144       __imp_??1QUrl@@QAE@XZ      00415144     Qt5Core:Qt5Core.dll
 0002:00000148       __imp_??0QFile@@QAE@ABVQString@@@Z 00415148     Qt5Core:Qt5Core.dll
 0002:0000014c       __imp_??1QFile@@UAE@XZ     0041514c     Qt5Core:Qt5Core.dll
 0002:00000150       __imp_?open@QFile@@UAE_NV?$QFlags@W4OpenModeFlag@QIODevice@@@@@Z 00415150     Qt5Core:Qt5Core.dll
 0002:00000154       __imp_??0QTextStream@@QAE@PAVQIODevice@@@Z 00415154     Qt5Core:Qt5Core.dll
 0002:00000158       __imp_??1QTextStream@@UAE@XZ 00415158     Qt5Core:Qt5Core.dll
 0002:0000015c       __imp_??6QTextStream@@QAEAAV0@ABVQString@@@Z 0041515c     Qt5Core:Qt5Core.dll
 0002:00000160       __imp_?endl@@YAAAVQTextStream@@AAV1@@Z 00415160     Qt5Core:Qt5Core.dll
 0002:00000164       __imp_??1QDebug@@QAE@XZ    00415164     Qt5Core:Qt5Core.dll
 0002:00000168       __imp_??6QDebug@@QAEAAV0@ABVQString@@@Z 00415168     Qt5Core:Qt5Core.dll
 0002:0000016c       __imp_??0QTranslator@@QAE@PAVQObject@@@Z 0041516c     Qt5Core:Qt5Core.dll
 0002:00000170       __imp_??1QTranslator@@UAE@XZ 00415170     Qt5Core:Qt5Core.dll
 0002:00000174       __imp_?load@QTranslator@@QAE_NABVQString@@000@Z 00415174     Qt5Core:Qt5Core.dll
 0002:00000178       __imp_?currentPath@QDir@@SA?AVQString@@XZ 00415178     Qt5Core:Qt5Core.dll
 0002:0000017c       __imp_?toString@QTime@@QBE?AVQString@@W4DateFormat@Qt@@@Z 0041517c     Qt5Core:Qt5Core.dll
 0002:00000180       __imp_?currentTime@QTime@@SA?AV1@XZ 00415180     Qt5Core:Qt5Core.dll
 0002:00000184       __imp_?childEvent@QObject@@MAEXPAVQChildEvent@@@Z 00415184     Qt5Core:Qt5Core.dll
 0002:00000188       __imp_?connectNotify@QObject@@MAEXABVQMetaMethod@@@Z 00415188     Qt5Core:Qt5Core.dll
 0002:0000018c       __imp_?customEvent@QObject@@MAEXPAVQEvent@@@Z 0041518c     Qt5Core:Qt5Core.dll
 0002:00000190       __imp_?disconnectNotify@QObject@@MAEXABVQMetaMethod@@@Z 00415190     Qt5Core:Qt5Core.dll
 0002:00000194       __imp_?event@QObject@@UAE_NPAVQEvent@@@Z 00415194     Qt5Core:Qt5Core.dll
 0002:00000198       __imp_?eventFilter@QObject@@UAE_NPAV1@PAVQEvent@@@Z 00415198     Qt5Core:Qt5Core.dll
 0002:0000019c       __imp_?timerEvent@QObject@@MAEXPAVQTimerEvent@@@Z 0041519c     Qt5Core:Qt5Core.dll
 0002:000001a0       __imp_?shared_null@QListData@@2UData@1@B 004151a0     Qt5Core:Qt5Core.dll
 0002:000001a4       __imp_?cast@QMetaObject@@QBEPAVQObject@@PAV2@@Z 004151a4     Qt5Core:Qt5Core.dll
 0002:000001a8       __imp_??4QString@@QAEAAV0@$$QAV0@@Z 004151a8     Qt5Core:Qt5Core.dll
 0002:000001ac       __imp_??8@YA_NABVQString@@0@Z 004151ac     Qt5Core:Qt5Core.dll
 0002:000001b0       __imp_??8QString@@QBE_NPBD@Z 004151b0     Qt5Core:Qt5Core.dll
 0002:000001b4       __imp_?detach@QListData@@QAEPAUData@1@H@Z 004151b4     Qt5Core:Qt5Core.dll
 0002:000001b8       __imp_?detach_grow@QListData@@QAEPAUData@1@PAHH@Z 004151b8     Qt5Core:Qt5Core.dll
 0002:000001bc       __imp_?append@QListData@@QAEPAPAXXZ 004151bc     Qt5Core:Qt5Core.dll
 0002:000001c0       __imp_?size@QListData@@QBEHXZ 004151c0     Qt5Core:Qt5Core.dll
 0002:000001c4       __imp_?at@QListData@@QBEPAPAXH@Z 004151c4     Qt5Core:Qt5Core.dll
 0002:000001c8       __imp_?begin@QListData@@QBEPAPAXXZ 004151c8     Qt5Core:Qt5Core.dll
 0002:000001cc       __imp_?end@QListData@@QBEPAPAXXZ 004151cc     Qt5Core:Qt5Core.dll
 0002:000001d0       __imp_?installEventFilter@QObject@@QAEXPAV1@@Z 004151d0     Qt5Core:Qt5Core.dll
 0002:000001d4       __imp_?removeEventFilter@QObject@@QAEXPAV1@@Z 004151d4     Qt5Core:Qt5Core.dll
 0002:000001d8       __imp_?disconnectImpl@QObject@@CA_NPBV1@PAPAX01PBUQMetaObject@@@Z 004151d8     Qt5Core:Qt5Core.dll
 0002:000001dc       __imp_?self@QCoreApplication@@0PAV1@A 004151dc     Qt5Core:Qt5Core.dll
 0002:000001e0       __imp_?warning@QMessageLogger@@QBAXPBDZZ 004151e0     Qt5Core:Qt5Core.dll
 0002:000001e4       __imp_?fatal@QMessageLogger@@QBAXPBDZZ 004151e4     Qt5Core:Qt5Core.dll
 0002:000001e8       __imp_??4QByteArray@@QAEAAV0@$$QAV0@@Z 004151e8     Qt5Core:Qt5Core.dll
 0002:000001ec       __imp_?clear@QByteArray@@QAEXXZ 004151ec     Qt5Core:Qt5Core.dll
 0002:000001f0       __imp_?toLocal8Bit@QString@@QHAE?AVQByteArray@@XZ 004151f0     Qt5Core:Qt5Core.dll
 0002:000001f4       __imp_?number@QString@@SA?AV1@HH@Z 004151f4     Qt5Core:Qt5Core.dll
 0002:000001f8       __imp_?number@QString@@SA?AV1@NDH@Z 004151f8     Qt5Core:Qt5Core.dll
 0002:000001fc       __imp_??M@YA_NABVQString@@0@Z 004151fc     Qt5Core:Qt5Core.dll
 0002:00000200       __imp_??0QJsonValue@@QAE@_N@Z 00415200     Qt5Core:Qt5Core.dll
 0002:00000204       __imp_??0QJsonValue@@QAE@N@Z 00415204     Qt5Core:Qt5Core.dll
 0002:00000208       __imp_??0QJsonValue@@QAE@H@Z 00415208     Qt5Core:Qt5Core.dll
 0002:0000020c       __imp_??0QJsonValue@@QAE@ABVQString@@@Z 0041520c     Qt5Core:Qt5Core.dll
 0002:00000210       __imp_??0QJsonValue@@QAE@ABVQJsonArray@@@Z 00415210     Qt5Core:Qt5Core.dll
 0002:00000214       __imp_??0QJsonValue@@QAE@ABVQJsonObject@@@Z 00415214     Qt5Core:Qt5Core.dll
 0002:00000218       __imp_??1QJsonValue@@QAE@XZ 00415218     Qt5Core:Qt5Core.dll
 0002:0000021c       __imp_??0QJsonValue@@QAE@ABV0@@Z 0041521c     Qt5Core:Qt5Core.dll
 0002:00000220       __imp_?toBool@QJsonValue@@QBE_N_N@Z 00415220     Qt5Core:Qt5Core.dll
 0002:00000224       __imp_?toInt@QJsonValue@@QBEHH@Z 00415224     Qt5Core:Qt5Core.dll
 0002:00000228       __imp_?toDouble@QJsonValue@@QBENN@Z 00415228     Qt5Core:Qt5Core.dll
 0002:0000022c       __imp_?toString@QJsonValue@@QBE?AVQString@@XZ 0041522c     Qt5Core:Qt5Core.dll
 0002:00000230       __imp_?toObject@QJsonValue@@QBE?AVQJsonObject@@XZ 00415230     Qt5Core:Qt5Core.dll
 0002:00000234       __imp_??BQJsonValueRef@@QBE?AVQJsonValue@@XZ 00415234     Qt5Core:Qt5Core.dll
 0002:00000238       __imp_??4QJsonValueRef@@QAEAAV0@ABVQJsonValue@@@Z 00415238     Qt5Core:Qt5Core.dll
 0002:0000023c       __imp_?toString@QJsonValueRef@@QBE?AVQString@@XZ 0041523c     Qt5Core:Qt5Core.dll
 0002:00000240       __imp_?toArray@QJsonValueRef@@QBE?AVQJsonArray@@XZ 00415240     Qt5Core:Qt5Core.dll
 0002:00000244       __imp_?toObject@QJsonValueRef@@QBE?AVQJsonObject@@XZ 00415244     Qt5Core:Qt5Core.dll
 0002:00000248       __imp_?toValue@QJsonValueRef@@ABE?AVQJsonValue@@XZ 00415248     Qt5Core:Qt5Core.dll
 0002:0000024c       __imp_??0QJsonObject@@QAE@XZ 0041524c     Qt5Core:Qt5Core.dll
 0002:00000250       __imp_??1QJsonObject@@QAE@XZ 00415250     Qt5Core:Qt5Core.dll
 0002:00000254       __imp_??4QJsonObject@@QAEAAV0@ABV0@@Z 00415254     Qt5Core:Qt5Core.dll
 0002:00000258       __imp_??AQJsonObject@@QAE?AVQJsonValueRef@@ABVQString@@@Z 00415258     Qt5Core:Qt5Core.dll
 0002:0000025c       __imp_?remove@QJsonObject@@QAEXABVQString@@@Z 0041525c     Qt5Core:Qt5Core.dll
 0002:00000260       __imp_?begin@QJsonObject@@QAE?AViterator@1@XZ 00415260     Qt5Core:Qt5Core.dll
 0002:00000264       __imp_?end@QJsonObject@@QAE?AViterator@1@XZ 00415264     Qt5Core:Qt5Core.dll
 0002:00000268       __imp_?keyAt@QJsonObject@@ABE?AVQString@@H@Z 00415268     Qt5Core:Qt5Core.dll
 0002:0000026c       __imp_?freeNodeAndRebalance@QMapDataBase@@QAEXPAUQMapNodeBase@@@Z 0041526c     Qt5Core:Qt5Core.dll
 0002:00000270       __imp_?recalcMostLeftNode@QMapDataBase@@QAEXXZ 00415270     Qt5Core:Qt5Core.dll
 0002:00000274       __imp_?createNode@QMapDataBase@@QAEPAUQMapNodeBase@@HHPAU2@_N@Z 00415274     Qt5Core:Qt5Core.dll
 0002:00000278       __imp_?freeTree@QMapDataBase@@QAEXPAUQMapNodeBase@@H@Z 00415278     Qt5Core:Qt5Core.dll
 0002:0000027c       __imp_?createData@QMapDataBase@@SAPAU1@XZ 0041527c     Qt5Core:Qt5Core.dll
 0002:00000280       __imp_?freeData@QMapDataBase@@SAXPAU1@@Z 00415280     Qt5Core:Qt5Core.dll
[...]
 0002:00343a34       __catchsym$?createNode@?$QMapData@VQString@@VQStringList@@@@QAEPAU?$QMapNode@VQString@@VQStringList@@@@ABVQString@@ABVQStringList@@PAU2@_N@Z$7 00758a34     configfilehandler.obj
 0002:00343a44       __ehfuncinfo$?createNode@?$QMapData@VQString@@VQStringList@@@@QAEPAU?$QMapNode@VQString@@VQStringList@@@@ABVQString@@ABVQStringList@@PAU2@_N@Z 00758a44     configfilehandler.obj
 0002:00343a68       __tryblocktable$?createNode@?$QMapData@VQString@@VQStringList@@@@QAEPAU?$QMapNode@VQString@@VQStringList@@@@ABVQString@@ABVQStringList@@PAU2@_N@Z 00758a68     configfilehandler.obj
 0002:00343a90       __unwindtable$?createNode@?$QMapData@VQString@@VQStringList@@@@QAEPAU?$QMapNode@VQString@@VQStringList@@@@ABVQString@@ABVQStringList@@PAU2@_N@Z 00758a90     configfilehandler.obj
 0002:00343ab8       __catchsym$??Y?$QList@VQString@@@@QAEAAV0@ABV0@@Z$14 00758ab8     environmentvariant.obj
 0002:00343ac8       __unwindtable$??Y?$QList@VQString@@@@QAEAAV0@ABV0@@Z 00758ac8     environmentvariant.obj
 0002:00343ad8       __tryblocktable$??Y?$QList@VQString@@@@QAEAAV0@ABV0@@Z 00758ad8     environmentvariant.obj
 0002:00343aec       __ehfuncinfo$??Y?$QList@VQString@@@@QAEAAV0@ABV0@@Z 00758aec     environmentvariant.obj
 0002:00343b10       __catchsym$?detach_helper@?$QList@VQString@@@@AAEXH@Z$9 00758b10     environmentvariant.obj
 0002:00343b20       __unwindtable$?detach_helper@?$QList@VQString@@@@AAEXH@Z 00758b20     environmentvariant.obj
 0002:00343b30       __tryblocktable$?detach_helper@?$QList@VQString@@@@AAEXH@Z 00758b30     environmentvariant.obj
 0002:00343b44       __ehfuncinfo$?detach_helper@?$QList@VQString@@@@AAEXH@Z 00758b44     environmentvariant.obj
 0002:00343b68       __catchsym$?detach_helper@?$QList@H@@AAEXH@Z$7 00758b68     environmentvariant.obj
 0002:00343b78       __unwindtable$?detach_helper@?$QList@H@@AAEXH@Z 00758b78     environmentvariant.obj
 0002:00343b88       __tryblocktable$?detach_helper@?$QList@H@@AAEXH@Z 00758b88     environmentvariant.obj
 0002:00343b9c       __ehfuncinfo$?detach_helper@?$QList@H@@AAEXH@Z 00758b9c     environmentvariant.obj
 0002:00343bc0       __catchsym$?detach_helper@?$QList@VOperationParamData@@@@AAEXH@Z$7 00758bc0     environmentvariant.obj
 0002:00343bd0       __unwindtable$?detach_helper@?$QList@VOperationParamData@@@@AAEXH@Z 00758bd0     environmentvariant.obj
 0002:00343be0       __tryblocktable$?detach_helper@?$QList@VOperationParamData@@@@AAEXH@Z 00758be0     environmentvariant.obj
 0002:00343bf4       __ehfuncinfo$?detach_helper@?$QList@VOperationParamData@@@@AAEXH@Z 00758bf4     environmentvariant.obj
 0002:00343c18       __unwindtable$??0SingleOperationData@@QAE@ABV0@@Z 00758c18     environmentvariant.obj
 0002:00343c20       __ehfuncinfo$??0SingleOperationData@@QAE@ABV0@@Z 00758c20     environmentvariant.obj
 0002:00343c44       __unwindtable$??4?$QList@VSingleOperationData@@@@QAEAAV0@ABV0@@Z 00758c44     environmentvariant.obj
 0002:00343c44       __unwindtable$?clear@?$QList@U?$QPair@VQString@@V?$QList@VSingleOperationData@@@@@@@@QAEXXZ 00758c44     configfilehandler.obj
 0002:00343c44       __unwindtable$??4SingleOperationData@@QAEAAV0@ABV0@@Z 00758c44     environmentvariant.obj
 0002:00343c4c       __ehfuncinfo$?clear@?$QList@U?$QPair@VQString@@V?$QList@VSingleOperationData@@@@@@@@QAEXXZ 00758c4c     configfilehandler.obj
 0002:00343c4c       __ehfuncinfo$??4?$QList@VSingleOperationData@@@@QAEAAV0@ABV0@@Z 00758c4c     environmentvariant.obj
 0002:00343c4c       __ehfuncinfo$??4SingleOperationData@@QAEAAV0@ABV0@@Z 00758c4c     environmentvariant.obj
 0002:00343c70       __unwindtable$?instance@EnvironmentVariant@@SAPAV1@XZ 00758c70     environmentvariant.obj
 0002:00343c78       __ehfuncinfo$?instance@EnvironmentVariant@@SAPAV1@XZ 00758c78     environmentvariant.obj
 0002:00343c9c       __ehfuncinfo$?parseConfigFile@EnvironmentVariant@@QAEXABVQString@@@Z 00758c9c     environmentvariant.obj
 0002:00343cc0       __unwindtable$?parseConfigFile@EnvironmentVariant@@QAEXABVQString@@@Z 00758cc0     environmentvariant.obj
 0002:00343d58       __unwindtable$?initProtocol@EnvironmentVariant@@QAEXABVQString@@@Z 00758d58     environmentvariant.obj
 0002:00343d60       __ehfuncinfo$?initProtocol@EnvironmentVariant@@QAEXABVQString@@@Z 00758d60     environmentvariant.obj
 0002:00343d84       __unwindtable$?initUserConfig@EnvironmentVariant@@QAEXABVQString@@@Z 00758d84     environmentvariant.obj
 0002:00343d9c       __ehfuncinfo$?initUserConfig@EnvironmentVariant@@QAEXABVQString@@@Z 00758d9c     environmentvariant.obj
 0002:00343dc0       __unwindtable$?initModels@EnvironmentVariant@@QAEXPAVQQmlContext@@@Z 00758dc0     environmentvariant.obj
 0002:00343dd8       __ehfuncinfo$?initModels@EnvironmentVariant@@QAEXPAVQQmlContext@@@Z 00758dd8     environmentvariant.obj
 0002:00343dfc       __unwindtable$?getOperationParams@EnvironmentVariant@@QAE?AV?$QList@VOperationParamData@@@@H@Z 00758dfc     environmentvariant.obj
 0002:00343e14       __ehfuncinfo$?getOperationParams@EnvironmentVariant@@QAE?AV?$QList@VOperationParamData@@@@H@Z 00758e14     environmentvariant.obj
 0002:00343e38       __unwindtable$?OperationNameList@EnvironmentVariant@@QAE?AVQStringList@@XZ 00758e38     environmentvariant.obj
 0002:00343e38       __unwindtable$?LogicalControlList@EnvironmentVariant@@QAE?AVQStringList@@XZ 00758e38     environmentvariant.obj
 0002:00343e50       __ehfuncinfo$?LogicalControlList@EnvironmentVariant@@QAE?AVQStringList@@XZ 00758e50     environmentvariant.obj
 0002:00343e50       __ehfuncinfo$?OperationNameList@EnvironmentVariant@@QAE?AVQStringList@@XZ 00758e50     environmentvariant.obj
 0002:00343e74       __unwindtable$?PlanList@EnvironmentVariant@@QAE?AVQStringList@@XZ 00758e74     environmentvariant.obj
 0002:00343e7c       __ehfuncinfo$?PlanList@EnvironmentVariant@@QAE?AVQStringList@@XZ 00758e7c     environmentvariant.obj
 0002:00343ea0       __unwindtable$?StepList@EnvironmentVariant@@QAE?AVQStringList@@H@Z 00758ea0     environmentvariant.obj
 0002:00343eb8       __ehfuncinfo$?StepList@EnvironmentVariant@@QAE?AVQStringList@@H@Z 00758eb8     environmentvariant.obj
 0002:00343edc       __ehfuncinfo$?planStepParam@EnvironmentVariant@@QAE?AVSingleOperationData@@HH@Z 00758edc     environmentvariant.obj
 0002:00343f00       __unwindtable$?planStepParam@EnvironmentVariant@@QAE?AVSingleOperationData@@HH@Z 00758f00     environmentvariant.obj
 0002:00343f38       __unwindtable$?AddPlanStep@EnvironmentVariant@@QAEXHHH@Z 00758f38     environmentvariant.obj
 0002:00343f58       __ehfuncinfo$?AddPlanStep@EnvironmentVariant@@QAEXHHH@Z 00758f58     environmentvariant.obj
 0002:00343f7c       __unwindtable$?SetPlanStepToDefault@EnvironmentVariant@@QAEXHHH@Z 00758f7c     environmentvariant.obj
 0002:00343f7c       __unwindtable$?MovePlanStep@EnvironmentVariant@@QAEXHHH@Z 00758f7c     environmentvariant.obj
 0002:00343f84       __ehfuncinfo$?MovePlanStep@EnvironmentVariant@@QAEXHHH@Z 00758f84     environmentvariant.obj
 0002:00343f84       __ehfuncinfo$?SetPlanStepToDefault@EnvironmentVariant@@QAEXHHH@Z 00758f84     environmentvariant.obj
 0002:00343fa8       __unwindtable$?AddPlan@EnvironmentVariant@@QAEXABVQString@@@Z 00758fa8     environmentvariant.obj
 0002:00343fc8       __ehfuncinfo$?AddPlan@EnvironmentVariant@@QAEXABVQString@@@Z 00758fc8     environmentvariant.obj
 0002:00343fec       __unwindtable$?SavePlan@EnvironmentVariant@@QAEXXZ 00758fec     environmentvariant.obj
 0002:00343ff4       __ehfuncinfo$?SavePlan@EnvironmentVariant@@QAEXXZ 00758ff4     environmentvariant.obj
 0002:00344018       __ehfuncinfo$?StartPlan@EnvironmentVariant@@QAEXHH@Z 00759018     environmentvariant.obj
 0002:0034403c       __unwindtable$?StartPlan@EnvironmentVariant@@QAEXHH@Z 0075903c     environmentvariant.obj
 0002:0034414c       __unwindtable$?SaveMachineConfig@EnvironmentVariant@@QAEXABVMachineConfigData@@@Z 0075914c     environmentvariant.obj
 0002:00344154       __ehfuncinfo$?SaveMachineConfig@EnvironmentVariant@@QAEXABVMachineConfigData@@@Z 00759154     environmentvariant.obj
 0002:00344178       __ehfuncinfo$?formatSingleOperationParam@EnvironmentVariant@@QAE?AVQJsonObject@@ABVSingleOperationData@@@Z 00759178     environmentvariant.obj
 0002:0034419c       __unwindtable$?formatSingleOperationParam@EnvironmentVariant@@QAE?AVQJsonObject@@ABVSingleOperationData@@@Z 0075919c     environmentvariant.obj
 0002:0034425c       __unwindtable$?StartTunning@EnvironmentVariant@@QAEXABVSingleOperationData@@@Z 0075925c     environmentvariant.obj
 0002:0034427c       __ehfuncinfo$?StartTunning@EnvironmentVariant@@QAEXABVSingleOperationData@@@Z 0075927c     environmentvariant.obj
 0002:003442a0       __unwindtable$?defaultValue@EnvironmentVariant@@QAE?AVSingleOperationData@@ABVQString@@@Z 007592a0     environmentvariant.obj
 0002:003442c0       __ehfuncinfo$?defaultValue@EnvironmentVariant@@QAE?AVSingleOperationData@@ABVQString@@@Z 007592c0     environmentvariant.obj
 0002:003442e4       __ehfuncinfo$??0EnvironmentVariant@@AAE@XZ 007592e4     environmentvariant.obj
 0002:00344308       __unwindtable$??0EnvironmentVariant@@AAE@XZ 00759308     environmentvariant.obj
 0002:00344360       __unwindtable$??1EnvironmentVariant@@EAE@XZ 00759360     environmentvariant.obj
 0002:00344378       __ehfuncinfo$??1EnvironmentVariant@@EAE@XZ 00759378     environmentvariant.obj
 0002:0034439c       __unwindtable$??A?$QMap@VQString@@VOperationParamData@@@@QAEAAVOperationParamData@@ABVQString@@@Z 0075939c     environmentvariant.obj
 0002:003443a4       __ehfuncinfo$??A?$QMap@VQString@@VOperationParamData@@@@QAEAAVOperationParamData@@ABVQString@@@Z 007593a4     environmentvariant.obj
 0002:003443c8       __catchsym$?detach_helper@?$QList@U?$QPair@VQString@@V?$QList@VSingleOperationData@@@@@@@@AAEXH@Z$7 007593c8     environmentvariant.obj
 0002:003443d8       __unwindtable$?detach_helper@?$QList@U?$QPair@VQString@@V?$QList@VSingleOperationData@@@@@@@@AAEXH@Z 007593d8     environmentvariant.obj
 0002:003443e8       __tryblocktable$?detach_helper@?$QList@U?$QPair@VQString@@V?$QList@VSingleOperationData@@@@@@@@AAEXH@Z 007593e8     environmentvariant.obj
 0002:003443fc       __ehfuncinfo$?detach_helper@?$QList@U?$QPair@VQString@@V?$QList@VSingleOperationData@@@@@@@@AAEXH@Z 007593fc     environmentvariant.obj
 0002:00344420       __catchsym$?insert@?$QList@VSingleOperationData@@@@QAEXHABVSingleOperationData@@@Z$28 00759420     environmentvariant.obj
 0002:00344430       __catchsym$?insert@?$QList@VSingleOperationData@@@@QAEXHABVSingleOperationData@@@Z$27 00759430     environmentvariant.obj
 0002:00344440       __ehfuncinfo$?insert@?$QList@VSingleOperationData@@@@QAEXHABVSingleOperationData@@@Z 00759440     environmentvariant.obj
 0002:00344464       __tryblocktable$?insert@?$QList@VSingleOperationData@@@@QAEXHABVSingleOperationData@@@Z 00759464     environmentvariant.obj
 0002:0034448c       __unwindtable$?insert@?$QList@VSingleOperationData@@@@QAEXHABVSingleOperationData@@@Z 0075948c     environmentvariant.obj
 0002:0034451c       __catchsym$?detach_helper@?$QList@VSingleOperationData@@@@AAEXH@Z$7 0075951c     environmentvariant.obj
 0002:0034452c       __unwindtable$?detach_helper@?$QList@VSingleOperationData@@@@AAEXH@Z 0075952c     environmentvariant.obj
 0002:0034453c       __tryblocktable$?detach_helper@?$QList@VSingleOperationData@@@@AAEXH@Z 0075953c     environmentvariant.obj
 0002:00344550       __ehfuncinfo$?detach_helper@?$QList@VSingleOperationData@@@@AAEXH@Z 00759550     environmentvariant.obj
 0002:00344574       __unwindtable$?node_destruct@?$QList@VSingleOperationData@@@@AAEXPAUNode@1@@Z 00759574     environmentvariant.obj
 0002:00344584       __ehfuncinfo$?node_destruct@?$QList@VSingleOperationData@@@@AAEXPAUNode@1@@Z 00759584     environmentvariant.obj
 0002:003445a8       __unwindtable$?qt_metatype_id@?$QMetaTypeId@V?$QList@PAVQObject@@@@@@SAHXZ 007595a8     moc_workmodels.obj
 0002:003445a8       __unwindtable$?qt_metatype_id@?$QMetaTypeId@VQSequentialIterableImpl@QtMetaTypePrivate@@@@SAHXZ 007595a8     moc_workmodels.obj
 0002:003445b0       __ehfuncinfo$?qt_metatype_id@?$QMetaTypeId@VQSequentialIterableImpl@QtMetaTypePrivate@@@@SAHXZ 007595b0     moc_workmodels.obj
 0002:003445b0       __ehfuncinfo$?qt_metatype_id@?$QMetaTypeId@V?$QList@PAVQObject@@@@@@SAHXZ 007595b0     moc_workmodels.obj
 0002:003445d4       __unwindtable$??4OperationParamData@@QAEAAV0@ABV0@@Z 007595d4     configfilehandler.obj
 0002:003445d4       __unwindtable$?setIntListValue@OperationParamObject@@QAEXABV?$QList@H@@@Z 007595d4     moc_workmodels.obj
 0002:003445d4       __unwindtable$?setParamModel@OperationParamSelector@@QAEXABV?$QList@PAVQObject@@@@@Z 007595d4     moc_workmodels.obj
 0002:003445d4       __unwindtable$?setParamListModel@PlanSelector@@QAEXABV?$QList@PAVQObject@@@@@Z 007595d4     moc_workmodels.obj
 0002:003445dc       __ehfuncinfo$?setParamModel@OperationParamSelector@@QAEXABV?$QList@PAVQObject@@@@@Z 007595dc     moc_workmodels.obj
 0002:003445dc       __ehfuncinfo$?setParamListModel@PlanSelector@@QAEXABV?$QList@PAVQObject@@@@@Z 007595dc     moc_workmodels.obj
 0002:003445dc       __ehfuncinfo$?setIntListValue@OperationParamObject@@QAEXABV?$QList@H@@@Z 007595dc     moc_workmodels.obj
 0002:003445dc       __ehfuncinfo$??4OperationParamData@@QAEAAV0@ABV0@@Z 007595dc     configfilehandler.obj
 0002:00344600       __unwindtable$?Construct@?$QMetaTypeFunctionHelper@V?$QList@H@@$00@QtMetaTypePrivate@@SAPAXPAXPBX@Z 00759600     moc_workmodels.obj
 0002:00344600       __unwindtable$?Construct@?$QMetaTypeFunctionHelper@V?$QList@PAVQObject@@@@$00@QtMetaTypePrivate@@SAPAXPAXPBX@Z 00759600     moc_workmodels.obj
 0002:00344608       __ehfuncinfo$?Construct@?$QMetaTypeFunctionHelper@V?$QList@H@@$00@QtMetaTypePrivate@@SAPAXPAXPBX@Z 00759608     moc_workmodels.obj
 0002:00344608       __ehfuncinfo$?Construct@?$QMetaTypeFunctionHelper@V?$QList@PAVQObject@@@@$00@QtMetaTypePrivate@@SAPAXPAXPBX@Z 00759608     moc_workmodels.obj
 0002:0034462c       __unwindtable$?qt_metatype_id@?$QMetaTypeId@V?$QList@H@@@@SAHXZ 0075962c     moc_workmodels.obj
 0002:00344634       __ehfuncinfo$?qt_metatype_id@?$QMetaTypeId@V?$QList@H@@@@SAHXZ 00759634     moc_workmodels.obj
 0002:00344658       __unwindtable$??__Fdummy@?A0x3a58f25f@@YAXXZ 00759658     qrc_qml.obj
 0002:00344658       __unwindtable$??__Ff@?4??registerConverter@?$ValueTypeIsMetaType@V?$QList@PAVQObject@@@@$00@QtPrivate@@SA_NH@Z@YAXXZ 00759658     moc_workmodels.obj
 0002:00344658       __unwindtable$?Destruct@?$QMetaTypeFunctionHelper@V?$QList@PAVQObject@@@@$00@QtMetaTypePrivate@@SAXPAX@Z 00759658     moc_workmodels.obj
 0002:00344658       __unwindtable$??__Ff@?4??registerConverter@?$ValueTypeIsMetaType@V?$QList@H@@$00@QtPrivate@@SA_NH@Z@YAXXZ 00759658     moc_workmodels.obj
 0002:00344658       __unwindtable$?Destruct@?$QMetaTypeFunctionHelper@V?$QList@H@@$00@QtMetaTypePrivate@@SAXPAX@Z 00759658     moc_workmodels.obj
 0002:00344660       __ehfuncinfo$?Destruct@?$QMetaTypeFunctionHelper@V?$QList@H@@$00@QtMetaTypePrivate@@SAXPAX@Z 00759660     moc_workmodels.obj
 0002:00344660       __ehfuncinfo$??__Ff@?4??registerConverter@?$ValueTypeIsMetaType@V?$QList@PAVQObject@@@@$00@QtPrivate@@SA_NH@Z@YAXXZ 00759660     moc_workmodels.obj
 0002:00344660       __ehfuncinfo$??__Ff@?4??registerConverter@?$ValueTypeIsMetaType@V?$QList@H@@$00@QtPrivate@@SA_NH@Z@YAXXZ 00759660     moc_workmodels.obj
 0002:00344660       __ehfuncinfo$?Destruct@?$QMetaTypeFunctionHelper@V?$QList@PAVQObject@@@@$00@QtMetaTypePrivate@@SAXPAX@Z 00759660     moc_workmodels.obj
 0002:00344660       __ehfuncinfo$??__Fdummy@?A0x3a58f25f@@YAXXZ 00759660     qrc_qml.obj
 0002:00344688       __sehtable$___scrt_is_nonwritable_in_current_image 00759688     MSVCRT:utility.obj
 0002:003446a8       __sehtable$?__scrt_common_main_seh@@YAHXZ 007596a8     MSVCRT:exe_winmain.obj
 0002:00344e36       .idata$6                   00759e36     WorkflowProtocol:WorkflowProtocol.dll
 0002:00344e60       .idata$6                   00759e60     DbgHelp:dbghelp.dll
 0002:00344f64       .idata$6                   00759f64     Qt5Quick:Qt5Quick.dll
 0002:0034526c       .idata$6                   0075a26c     Qt5Gui:Qt5Gui.dll
 0002:003453c8       .idata$6                   0075a3c8     Qt5Qml:Qt5Qml.dll
 0002:00346dbe       .idata$6                   0075bdbe     Qt5Core:Qt5Core.dll
 0002:00346fb0       .idata$6                   0075bfb0     kernel32:KERNEL32.dll
 0002:00347094       .idata$6                   0075c094     vcruntime:VCRUNTIME140.dll
 0002:00347274       .idata$6                   0075c274     ucrt:api-ms-win-crt-heap-l1-1-0.dll
 0002:00347294       .idata$6                   0075c294     ucrt:api-ms-win-crt-runtime-l1-1-0.dll
 0002:003472b6       .idata$6                   0075c2b6     ucrt:api-ms-win-crt-math-l1-1-0.dll
 0002:003472d6       .idata$6                   0075c2d6     ucrt:api-ms-win-crt-stdio-l1-1-0.dll
 0002:003472f6       .idata$6                   0075c2f6     ucrt:api-ms-win-crt-locale-l1-1-0.dll
 0002:0034732e       .idata$6                   0075c32e     shell32:SHELL32.dll
 0003:00000584       ?module_local_atexit_table@@3U_onexit_table_t@@A 0075d584     MSVCRT:utility.obj
 0003:00000590       ?module_local_at_quick_exit_table@@3U_onexit_table_t@@A 0075d590     MSVCRT:utility.obj
 0003:0000059c       ?is_initialized_as_dll@@3_NA 0075d59c     MSVCRT:utility.obj
 0003:000005a0       ?_Tss_mutex@@3U_RTL_CRITICAL_SECTION@@A 0075d5a0     MSVCRT:thread_safe_statics.obj
 0003:000005b8       ?_Tss_cv@@3U_RTL_CONDITION_VARIABLE@@A 0075d5b8     MSVCRT:thread_safe_statics.obj
 0003:000005bc       ?_Tss_event@@3PAXA         0075d5bc     MSVCRT:thread_safe_statics.obj
 0003:000005c0       ?encoded_sleep_condition_variable_cs@@3P6GHPAU_RTL_CONDITION_VARIABLE@@PAU_RTL_CRITICAL_SECTION@@K@ZA 0075d5c0     MSVCRT:thread_safe_statics.obj
 0003:000005c4       ?encoded_wake_all_condition_variable@@3P6GXPAU_RTL_CONDITION_VARIABLE@@@ZA 0075d5c4     MSVCRT:thread_safe_statics.obj
 0003:000005d0       _GS_ExceptionRecord        0075d5d0     MSVCRT:gs_report.obj
 0003:00000620       _GS_ContextRecord          0075d620     MSVCRT:gs_report.obj
 0004:00000000       __guard_fids__             0075e000     MSVCRT:std_type_info_static.obj
 0004:00000004       __guard_fids__             0075e004     MSVCRT:thread_safe_statics.obj
 0004:00000008       __guard_fids_?__scrt_initialize_thread_safe_statics@@YAHXZ 0075e008     MSVCRT:thread_safe_statics.obj
 0004:0000000c       __guard_fids__             0075e00c     MSVCRT:exe_winmain.obj
 0004:00000010       __guard_fids__             0075e010     MSVCRT:exe_winmain.obj
 0004:00000014       __guard_fids__             0075e014     MSVCRT:exe_winmain.obj
 0004:00000018       __guard_fids_?pre_c_initialization@@YAHXZ 0075e018     MSVCRT:exe_winmain.obj
 0004:00000020       __guard_fids__             0075e020     MSVCRT:throw_bad_alloc.obj
 0004:00000028       __guard_fids__             0075e028     MSVCRT:throw_bad_alloc.obj
 0004:00000030       __guard_fids__             0075e030     MSVCRT:throw_bad_alloc.obj
 0004:00000038       __guard_fids__             0075e038     MSVCRT:throw_bad_alloc.obj
 0004:0000003c       __guard_fids__             0075e03c     MSVCRT:throw_bad_alloc.obj
 0004:00000040       __guard_fids__             0075e040     MSVCRT:throw_bad_alloc.obj
 0004:00000044       __guard_fids__             0075e044     MSVCRT:throw_bad_alloc.obj
 0004:00000048       __guard_fids__             0075e048     MSVCRT:throw_bad_alloc.obj
 0004:0000004c       __guard_fids____scrt_set_unhandled_exception_filter 0075e04c     MSVCRT:utility_desktop.obj
 0004:00000050       __guard_fids___except_handler4 0075e050     MSVCRT:_chandler4gs_.obj
 0004:00000054       __guard_fids__             0075e054     MSVCRT:guard_support.obj
 0006:00000060       $R000000                   00760060     * linker generated manifest res *
