 UserInterfaceLayer

 Timestamp is 59303b26 (Fri Jun  2 00:04:54 2017)

 Preferred load address is 0000000140000000

 Start         Length     Name                   Class
 0001:00000000 000000d0H .text$di                CODE
 0001:000000d0 00012d90H .text$mn                CODE
 0001:00012e60 00000020H .text$mn$00             CODE
 0001:00012e80 00001f90H .text$x                 CODE
 0001:00014e10 0000009cH .text$yd                CODE
 0002:00000000 00000878H .idata$5                DATA
 0002:00000878 00000010H .00cfg                  DATA
 0002:00000888 00000008H .CRT$XCA                DATA
 0002:00000890 00000008H .CRT$XCAA               DATA
 0002:00000898 00000050H .CRT$XCU                DATA
 0002:000008e8 00000008H .CRT$XCZ                DATA
 0002:000008f0 00000008H .CRT$XIA                DATA
 0002:000008f8 00000008H .CRT$XIAA               DATA
 0002:00000900 00000008H .CRT$XIAC               DATA
 0002:00000908 00000008H .CRT$XIC                DATA
 0002:00000910 00000008H .CRT$XIZ                DATA
 0002:00000918 00000008H .CRT$XLA                DATA
 0002:00000920 00000008H .CRT$XLZ                DATA
 0002:00000928 00000008H .CRT$XPA                DATA
 0002:00000930 00000008H .CRT$XPZ                DATA
 0002:00000938 00000008H .CRT$XTA                DATA
 0002:00000940 00000010H .CRT$XTZ                DATA
 0002:00000950 003439e8H .rdata                  DATA
 0002:00344338 00000028H .rdata$T                DATA
 0002:00344360 00000bacH .rdata$r                DATA
 0002:00344f0c 00000414H .rdata$zzzdbg           DATA
 0002:00345320 00000008H .rtc$IAA                DATA
 0002:00345328 00000008H .rtc$IZZ                DATA
 0002:00345330 00000008H .rtc$TAA                DATA
 0002:00345338 00000008H .rtc$TZZ                DATA
 0002:00345340 00005950H .xdata                  DATA
 0002:0034ac90 000000ecH .xdata$x                DATA
 0002:0034ad7c 00000000H .edata                  DATA
 0002:0034ad7c 0000012cH .idata$2                DATA
 0002:0034aea8 00000018H .idata$3                DATA
 0002:0034aec0 00000878H .idata$4                DATA
 0002:0034b738 000025a6H .idata$6                DATA
 0003:00000000 00000210H .data                   DATA
 0003:00000210 00000540H .data$r                 DATA
 0003:00000750 00000130H .bss                    DATA
 0004:00000000 00001440H .pdata                  DATA
 0005:00000000 00000040H .gfids$y                DATA
 0006:00000000 00000004H .tls                    DATA
 0006:00000004 00000004H .tls$                   DATA
 0006:00000008 00000001H .tls$ZZZ                DATA
 0007:00000000 00000060H .rsrc$01                DATA
 0007:00000060 00000290H .rsrc$02                DATA

  Address         Publics by Value              Rva+Base               Lib:Object

 0000:00000000       __dynamic_value_reloc_table 0000000000000000     <absolute>
 0000:00000000       __guard_iat_count          0000000000000000     <absolute>
 0000:00000000       __guard_iat_table          0000000000000000     <absolute>
 0000:00000000       __guard_fids_count         0000000000000000     <absolute>
 0000:00000000       ___safe_se_handler_table   0000000000000000     <absolute>
 0000:00000000       __guard_longjmp_table      0000000000000000     <absolute>
 0000:00000000       __guard_longjmp_count      0000000000000000     <absolute>
 0000:00000000       ___safe_se_handler_count   0000000000000000     <absolute>
 0000:00000000       __guard_fids_table         0000000000000000     <absolute>
 0000:00000100       __guard_flags              0000000000000100     <absolute>
 0000:00000000       __ImageBase                0000000140000000     <linker-defined>
 0001:000000d0       ??$connect@P8QQmlEngine@@EAAXXZP6AXXZ@QObject@@SA?AVConnection@QMetaObject@@PEBVQQmlEngine@@P83@EAAXXZPEBV0@P6AXXZW4ConnectionType@Qt@@@Z 00000001400010d0 f i main.obj
 0001:00000180       ??$createInto@VOperationParamObject@@@QQmlPrivate@@YAXPEAX@Z 0000000140001180 f i main.obj
 0001:000001d0       ??$createInto@VOperationParamSelector@@@QQmlPrivate@@YAXPEAX@Z 00000001400011d0 f i main.obj
 0001:00000210       ??$createInto@VPlanController@@@QQmlPrivate@@YAXPEAX@Z 0000000140001210 f i main.obj
 0001:00000250       ??$createInto@VPlanSelector@@@QQmlPrivate@@YAXPEAX@Z 0000000140001250 f i main.obj
 0001:00000290       ??$createInto@VStatusViewWatcher@@@QQmlPrivate@@YAXPEAX@Z 0000000140001290 f i main.obj
 0001:000002d0       ??$createInto@VTextFieldDoubleValidator@@@QQmlPrivate@@YAXPEAX@Z 00000001400012d0 f i main.obj
 0001:00000310       ??$qRegisterNormalizedMetaType@PEAVOperationParamObject@@@@YAHAEBVQByteArray@@PEAPEAVOperationParamObject@@W4DefinedType@?$MetaTypeDefinedHelper@PEAVOperationParamObject@@$00@QtPrivate@@@Z 0000000140001310 f i main.obj
 0001:00000390       ??$qRegisterNormalizedMetaType@PEAVOperationParamSelector@@@@YAHAEBVQByteArray@@PEAPEAVOperationParamSelector@@W4DefinedType@?$MetaTypeDefinedHelper@PEAVOperationParamSelector@@$00@QtPrivate@@@Z 0000000140001390 f i main.obj
 0001:00000410       ??$qRegisterNormalizedMetaType@PEAVPlanController@@@@YAHAEBVQByteArray@@PEAPEAVPlanController@@W4DefinedType@?$MetaTypeDefinedHelper@PEAVPlanController@@$00@QtPrivate@@@Z 0000000140001410 f i main.obj
 0001:00000490       ??$qRegisterNormalizedMetaType@PEAVPlanSelector@@@@YAHAEBVQByteArray@@PEAPEAVPlanSelector@@W4DefinedType@?$MetaTypeDefinedHelper@PEAVPlanSelector@@$00@QtPrivate@@@Z 0000000140001490 f i main.obj
 0001:00000510       ??$qRegisterNormalizedMetaType@PEAVStatusViewWatcher@@@@YAHAEBVQByteArray@@PEAPEAVStatusViewWatcher@@W4DefinedType@?$MetaTypeDefinedHelper@PEAVStatusViewWatcher@@$00@QtPrivate@@@Z 0000000140001510 f i main.obj
 0001:00000590       ??$qRegisterNormalizedMetaType@PEAVTextFieldDoubleValidator@@@@YAHAEBVQByteArray@@PEAPEAVTextFieldDoubleValidator@@W4DefinedType@?$MetaTypeDefinedHelper@PEAVTextFieldDoubleValidator@@$00@QtPrivate@@@Z 0000000140001590 f i main.obj
 0001:00000610       ??$qmlRegisterType@VOperationParamObject@@@@YAHPEBDHH0@Z 0000000140001610 f i main.obj
 0001:00000900       ??$qmlRegisterType@VOperationParamSelector@@@@YAHPEBDHH0@Z 0000000140001900 f i main.obj
 0001:00000bf0       ??$qmlRegisterType@VPlanController@@@@YAHPEBDHH0@Z 0000000140001bf0 f i main.obj
 0001:00000ee0       ??$qmlRegisterType@VPlanSelector@@@@YAHPEBDHH0@Z 0000000140001ee0 f i main.obj
 0001:000011d0       ??$qmlRegisterType@VStatusViewWatcher@@@@YAHPEBDHH0@Z 00000001400021d0 f i main.obj
 0001:000014c0       ??$qmlRegisterType@VTextFieldDoubleValidator@@@@YAHPEBDHH0@Z 00000001400024c0 f i main.obj
 0001:000017b0       ??0OperationParamData@@QEAA@XZ 00000001400027b0 f i main.obj
 0001:00001820       ??1?$QList@H@@QEAA@XZ      0000000140002820 f i main.obj
 0001:00001860       ??1?$QList@PEAVQObject@@@@QEAA@XZ 0000000140002860 f i main.obj
 0001:000018a0       ??1?$QList@VOperationParamData@@@@QEAA@XZ 00000001400028a0 f i main.obj
 0001:000018e0       ??1?$QList@VQString@@@@QEAA@XZ 00000001400028e0 f i main.obj
 0001:00001960       ??1?$QVarLengthArray@D$0DA@@@QEAA@XZ 0000000140002960 f i main.obj
 0001:00001960       ??1?$QVarLengthArray@D$0EA@@@QEAA@XZ 0000000140002960 f i main.obj
 0001:00001980       ??1OperationParamData@@QEAA@XZ 0000000140002980 f i main.obj
 0001:00001a10       ??1OperationParamSelector@@UEAA@XZ 0000000140002a10 f i main.obj
 0001:00001aa0       ??1PlanSelector@@UEAA@XZ   0000000140002aa0 f i main.obj
 0001:00001b40       ??1RegisterType@QQmlPrivate@@QEAA@XZ 0000000140002b40 f i main.obj
 0001:00001b50       ??1SingleOperationData@@QEAA@XZ 0000000140002b50 f i main.obj
 0001:00001ba0       ??_G?$QQmlElement@VOperationParamObject@@@QQmlPrivate@@UEAAPEAXI@Z 0000000140002ba0 f i main.obj
 0001:00001ba0       ??_E?$QQmlElement@VOperationParamObject@@@QQmlPrivate@@UEAAPEAXI@Z 0000000140002ba0 f i main.obj
 0001:00001c00       ??_G?$QQmlElement@VOperationParamSelector@@@QQmlPrivate@@UEAAPEAXI@Z 0000000140002c00 f i main.obj
 0001:00001c00       ??_E?$QQmlElement@VOperationParamSelector@@@QQmlPrivate@@UEAAPEAXI@Z 0000000140002c00 f i main.obj
 0001:00001c60       ??_E?$QQmlElement@VPlanController@@@QQmlPrivate@@UEAAPEAXI@Z 0000000140002c60 f i main.obj
 0001:00001c60       ??_G?$QQmlElement@VPlanController@@@QQmlPrivate@@UEAAPEAXI@Z 0000000140002c60 f i main.obj
 0001:00001cc0       ??_G?$QQmlElement@VPlanSelector@@@QQmlPrivate@@UEAAPEAXI@Z 0000000140002cc0 f i main.obj
 0001:00001cc0       ??_E?$QQmlElement@VPlanSelector@@@QQmlPrivate@@UEAAPEAXI@Z 0000000140002cc0 f i main.obj
 0001:00001d20       ??_E?$QQmlElement@VStatusViewWatcher@@@QQmlPrivate@@UEAAPEAXI@Z 0000000140002d20 f i main.obj
 0001:00001d20       ??_G?$QQmlElement@VStatusViewWatcher@@@QQmlPrivate@@UEAAPEAXI@Z 0000000140002d20 f i main.obj
 0001:00001d80       ??_G?$QQmlElement@VTextFieldDoubleValidator@@@QQmlPrivate@@UEAAPEAXI@Z 0000000140002d80 f i main.obj
 0001:00001d80       ??_E?$QQmlElement@VTextFieldDoubleValidator@@@QQmlPrivate@@UEAAPEAXI@Z 0000000140002d80 f i main.obj
 0001:00001de0       ??_EOperationParamObject@@UEAAPEAXI@Z 0000000140002de0 f i main.obj
 0001:00001de0       ??_GOperationParamObject@@UEAAPEAXI@Z 0000000140002de0 f i main.obj
 0001:00001e30       ?Construct@?$QMetaTypeFunctionHelper@PEAVPlanController@@$00@QtMetaTypePrivate@@SAPEAXPEAXPEBX@Z 0000000140002e30 f i main.obj
 0001:00001e30       ?Construct@?$QMetaTypeFunctionHelper@PEAVOperationParamObject@@$00@QtMetaTypePrivate@@SAPEAXPEAXPEBX@Z 0000000140002e30 f i main.obj
 0001:00001e30       ?Construct@?$QMetaTypeFunctionHelper@PEAVPlanSelector@@$00@QtMetaTypePrivate@@SAPEAXPEAXPEBX@Z 0000000140002e30 f i main.obj
 0001:00001e30       ?Construct@?$QMetaTypeFunctionHelper@PEAVStatusViewWatcher@@$00@QtMetaTypePrivate@@SAPEAXPEAXPEBX@Z 0000000140002e30 f i main.obj
 0001:00001e30       ?Construct@?$QMetaTypeFunctionHelper@PEAVOperationParamSelector@@$00@QtMetaTypePrivate@@SAPEAXPEAXPEBX@Z 0000000140002e30 f i main.obj
 0001:00001e30       ?Construct@?$QMetaTypeFunctionHelper@PEAVTextFieldDoubleValidator@@$00@QtMetaTypePrivate@@SAPEAXPEAXPEBX@Z 0000000140002e30 f i main.obj
 0001:00001e50       ?Construct@?$QMetaTypeFunctionHelper@V?$QQmlListProperty@VTextFieldDoubleValidator@@@@$00@QtMetaTypePrivate@@SAPEAXPEAXPEBX@Z 0000000140002e50 f i main.obj
 0001:00001e50       ?Construct@?$QMetaTypeFunctionHelper@V?$QQmlListProperty@VPlanSelector@@@@$00@QtMetaTypePrivate@@SAPEAXPEAXPEBX@Z 0000000140002e50 f i main.obj
 0001:00001e50       ?Construct@?$QMetaTypeFunctionHelper@V?$QQmlListProperty@VOperationParamSelector@@@@$00@QtMetaTypePrivate@@SAPEAXPEAXPEBX@Z 0000000140002e50 f i main.obj
 0001:00001e50       ?Construct@?$QMetaTypeFunctionHelper@V?$QQmlListProperty@VPlanController@@@@$00@QtMetaTypePrivate@@SAPEAXPEAXPEBX@Z 0000000140002e50 f i main.obj
 0001:00001e50       ?Construct@?$QMetaTypeFunctionHelper@V?$QQmlListProperty@VStatusViewWatcher@@@@$00@QtMetaTypePrivate@@SAPEAXPEAXPEBX@Z 0000000140002e50 f i main.obj
 0001:00001e50       ?Construct@?$QMetaTypeFunctionHelper@V?$QQmlListProperty@VOperationParamObject@@@@$00@QtMetaTypePrivate@@SAPEAXPEAXPEBX@Z 0000000140002e50 f i main.obj
 0001:00001eb0       ?TopLevelExceptionFilter@@YAJPEAU_EXCEPTION_POINTERS@@@Z 0000000140002eb0 f   main.obj
 0001:00001f60       ?customMessageHandler@@YAXW4QtMsgType@@AEBVQMessageLogContext@@AEBVQString@@@Z 0000000140002f60 f   main.obj
 0001:00002220       ?dealloc@?$QList@VOperationParamData@@@@AEAAXPEAUData@QListData@@@Z 0000000140003220 f i main.obj
 0001:000022b0       ?impl@?$QStaticSlotObject@P6AXXZU?$List@$$V@QtPrivate@@X@QtPrivate@@CAXHPEAVQSlotObjectBase@2@PEAVQObject@@PEAPEAXPEA_N@Z 00000001400032b0 f i main.obj
 0001:000022e0       ?node_destruct@?$QList@VOperationParamData@@@@AEAAXPEAUNode@1@0@Z 00000001400032e0 f i main.obj
 0001:00002340       ?node_destruct@?$QList@VQString@@@@AEAAXPEAUNode@1@0@Z 0000000140003340 f i main.obj
 0001:00002380       ?qt_metatype_id@?$QMetaTypeIdQObject@PEAVOperationParamObject@@$07@@SAHXZ 0000000140003380 f i main.obj
 0001:00002420       ?qt_metatype_id@?$QMetaTypeIdQObject@PEAVOperationParamSelector@@$07@@SAHXZ 0000000140003420 f i main.obj
 0001:000024c0       ?qt_metatype_id@?$QMetaTypeIdQObject@PEAVPlanController@@$07@@SAHXZ 00000001400034c0 f i main.obj
 0001:00002560       ?qt_metatype_id@?$QMetaTypeIdQObject@PEAVPlanSelector@@$07@@SAHXZ 0000000140003560 f i main.obj
 0001:00002600       ?qt_metatype_id@?$QMetaTypeIdQObject@PEAVStatusViewWatcher@@$07@@SAHXZ 0000000140003600 f i main.obj
 0001:000026a0       ?qt_metatype_id@?$QMetaTypeIdQObject@PEAVTextFieldDoubleValidator@@$07@@SAHXZ 00000001400036a0 f i main.obj
 0001:00002740       ?validate@TextFieldDoubleValidator@@UEBA?AW4State@QValidator@@AEAVQString@@AEAH@Z 0000000140003740 f i main.obj
 0001:000028a0       main                       00000001400038a0 f   main.obj
 0001:00002cd0       ??$connect@P8EnvironmentVariant@@EAAXXZP8StatusViewWatcher@@EAAXXZ@QObject@@SA?AVConnection@QMetaObject@@PEBVEnvironmentVariant@@P83@EAAXXZPEBVStatusViewWatcher@@P84@EAAXXZW4ConnectionType@Qt@@@Z 0000000140003cd0 f i workmodels.obj
 0001:00002d80       ??0?$QList@H@@QEAA@AEBV0@@Z 0000000140003d80 f i workmodels.obj
 0001:00002e10       ??0?$QList@PEAVQObject@@@@QEAA@AEBV0@@Z 0000000140003e10 f i workmodels.obj
 0001:00002ea0       ??0?$QList@VOperationParamData@@@@QEAA@AEBV0@@Z 0000000140003ea0 f i workmodels.obj
 0001:00002f30       ??0?$QList@VQString@@@@QEAA@AEBV0@@Z 0000000140003f30 f i workmodels.obj
 0001:00002fc0       ??0OperationParamData@@QEAA@AEBV0@@Z 0000000140003fc0 f i workmodels.obj
 0001:00003140       ??0OperationParamSelector@@QEAA@PEAVQObject@@@Z 0000000140004140 f   workmodels.obj
 0001:000031a0       ??0PlanController@@QEAA@PEAVQObject@@@Z 00000001400041a0 f   workmodels.obj
 0001:000031f0       ??0PlanSelector@@QEAA@PEAVQObject@@@Z 00000001400041f0 f   workmodels.obj
 0001:000032e0       ??0StatusViewWatcher@@QEAA@PEAVQObject@@@Z 00000001400042e0 f   workmodels.obj
 0001:00003360       ??1?$QForeachContainer@V?$QList@PEAVQObject@@@@@@QEAA@XZ 0000000140004360 f i workmodels.obj
 0001:000033a0       ??1?$QForeachContainer@V?$QList@VOperationParamData@@@@@@QEAA@XZ 00000001400043a0 f i workmodels.obj
 0001:000033e0       ??1MachineConfigData@@QEAA@XZ 00000001400043e0 f i workmodels.obj
 0001:000033f0       ??1PlanController@@UEAA@XZ 00000001400043f0 f   workmodels.obj
 0001:00003430       ??1StatusViewWatcher@@UEAA@XZ 0000000140004430 f   workmodels.obj
 0001:000034b0       ??4?$QList@H@@QEAAAEAV0@AEBV0@@Z 00000001400044b0 f i workmodels.obj
 0001:00003520       ??4?$QList@PEAVQObject@@@@QEAAAEAV0@$$QEAV0@@Z 0000000140004520 f i workmodels.obj
 0001:00003580       ??4?$QList@VOperationParamData@@@@QEAAAEAV0@$$QEAV0@@Z 0000000140004580 f i workmodels.obj
 0001:00003650       ??4?$QList@VQString@@@@QEAAAEAV0@$$QEAV0@@Z 0000000140004650 f i workmodels.obj
 0001:000036f0       ??4?$QList@VQString@@@@QEAAAEAV0@AEBV0@@Z 00000001400046f0 f i workmodels.obj
 0001:000037a0       ??_GOperationParamSelector@@UEAAPEAXI@Z 00000001400047a0 f i workmodels.obj
 0001:000037a0       ??_EOperationParamSelector@@UEAAPEAXI@Z 00000001400047a0 f i workmodels.obj
 0001:000037e0       ??_GPlanController@@UEAAPEAXI@Z 00000001400047e0 f i workmodels.obj
 0001:000037e0       ??_EPlanController@@UEAAPEAXI@Z 00000001400047e0 f i workmodels.obj
 0001:00003850       ??_EPlanSelector@@UEAAPEAXI@Z 0000000140004850 f i workmodels.obj
 0001:00003850       ??_GPlanSelector@@UEAAPEAXI@Z 0000000140004850 f i workmodels.obj
 0001:00003890       ??_EStatusViewWatcher@@UEAAPEAXI@Z 0000000140004890 f i workmodels.obj
 0001:00003890       ??_GStatusViewWatcher@@UEAAPEAXI@Z 0000000140004890 f i workmodels.obj
 0001:000038d0       ?addPlan@PlanSelector@@QEAAXAEBVQString@@@Z 00000001400048d0 f   workmodels.obj
 0001:000038f0       ?addStep@PlanSelector@@QEAAXHHH@Z 00000001400048f0 f   workmodels.obj
 0001:00003930       ?append@?$QList@PEAVQObject@@@@QEAAXAEBQEAVQObject@@@Z 0000000140004930 f i workmodels.obj
 0001:00003980       ?append@?$QList@VOperationParamData@@@@QEAAXAEBVOperationParamData@@@Z 0000000140004980 f i workmodels.obj
 0001:00003a10       ?clear@?$QList@PEAVQObject@@@@QEAAXXZ 0000000140004a10 f i workmodels.obj
 0001:00003aa0       ?commitParam@PlanSelector@@QEAAXHHAEBVQString@@AEBVQVariant@@@Z 0000000140004aa0 f   workmodels.obj
 0001:00003ae0       ?detach_helper_grow@?$QList@PEAVQObject@@@@AEAAPEAUNode@1@HH@Z 0000000140004ae0 f i workmodels.obj
 0001:00003bd0       ?detach_helper_grow@?$QList@VOperationParamData@@@@AEAAPEAUNode@1@HH@Z 0000000140004bd0 f i workmodels.obj
 0001:00003cc0       ?eventFilter@PlanController@@UEAA_NPEAVQObject@@PEAVQEvent@@@Z 0000000140004cc0 f   workmodels.obj
 0001:00003d30       ?eventFilter@StatusViewWatcher@@UEAA_NPEAVQObject@@PEAVQEvent@@@Z 0000000140004d30 f   workmodels.obj
 0001:00003d90       ?getSwitch@OperationParamSelector@@QEAAPEAVQObject@@AEBVQString@@@Z 0000000140004d90 f   workmodels.obj
 0001:00003f10       ?getSwitch@PlanSelector@@QEAAPEAVQObject@@AEBVQString@@@Z 0000000140004f10 f   workmodels.obj
 0001:00004090       ?getWorkLocationTypeList@StatusViewWatcher@@QEAA?AVQStringList@@XZ 0000000140005090 f   workmodels.obj
 0001:000040c0       ?impl@?$QSlotObject@P8StatusViewWatcher@@EAAXXZU?$List@$$V@QtPrivate@@X@QtPrivate@@CAXHPEAVQSlotObjectBase@2@PEAVQObject@@PEAPEAXPEA_N@Z 00000001400050c0 f i workmodels.obj
 0001:00004100       ?init@OperationParamSelector@@QEAAXAEBVQString@@@Z 0000000140005100 f   workmodels.obj
 0001:00004250       ?moveStep@PlanSelector@@QEAAXHHH@Z 0000000140005250 f   workmodels.obj
 0001:00004290       ?node_copy@?$QList@PEAVQObject@@@@AEAAXPEAUNode@1@00@Z 0000000140005290 f i workmodels.obj
 0001:00004290       ?node_copy@?$QList@H@@AEAAXPEAUNode@1@00@Z 0000000140005290 f i workmodels.obj
 0001:000042c0       ?node_copy@?$QList@VOperationParamData@@@@AEAAXPEAUNode@1@00@Z 00000001400052c0 f i workmodels.obj
 0001:00004340       ?node_copy@?$QList@VQString@@@@AEAAXPEAUNode@1@00@Z 0000000140005340 f i workmodels.obj
 0001:000043b0       ?Destruct@?$QMetaTypeFunctionHelper@V?$QQmlListProperty@VStatusViewWatcher@@@@$00@QtMetaTypePrivate@@SAXPEAX@Z 00000001400053b0 f   main.obj
 0001:000043b0       ?Destruct@?$QMetaTypeFunctionHelper@V?$QQmlListProperty@VTextFieldDoubleValidator@@@@$00@QtMetaTypePrivate@@SAXPEAX@Z 00000001400053b0 f   main.obj
 0001:000043b0       ?Destruct@?$QMetaTypeFunctionHelper@PEAVPlanSelector@@$00@QtMetaTypePrivate@@SAXPEAX@Z 00000001400053b0 f   main.obj
 0001:000043b0       ?Destruct@?$QMetaTypeFunctionHelper@V?$QQmlListProperty@VOperationParamObject@@@@$00@QtMetaTypePrivate@@SAXPEAX@Z 00000001400053b0 f   main.obj
 0001:000043b0       ?Destruct@?$QMetaTypeFunctionHelper@VQSequentialIterableImpl@QtMetaTypePrivate@@$00@QtMetaTypePrivate@@SAXPEAX@Z 00000001400053b0 f   moc_workmodels.obj
 0001:000043b0       ?Destruct@?$QMetaTypeFunctionHelper@PEAVStatusViewWatcher@@$00@QtMetaTypePrivate@@SAXPEAX@Z 00000001400053b0 f   main.obj
 0001:000043b0       ?qt_static_metacall@configFileHandler@@CAXPEAVQObject@@W4Call@QMetaObject@@HPEAPEAX@Z 00000001400053b0 f   moc_configfilehandler.obj
 0001:000043b0       ?Destruct@?$QMetaTypeFunctionHelper@PEAVOperationParamObject@@$00@QtMetaTypePrivate@@SAXPEAX@Z 00000001400053b0 f   main.obj
 0001:000043b0       ?Destruct@?$QMetaTypeFunctionHelper@V?$QQmlListProperty@VPlanController@@@@$00@QtMetaTypePrivate@@SAXPEAX@Z 00000001400053b0 f   main.obj
 0001:000043b0       ?Destruct@?$QMetaTypeFunctionHelper@PEAVPlanController@@$00@QtMetaTypePrivate@@SAXPEAX@Z 00000001400053b0 f   main.obj
 0001:000043b0       ?Destruct@?$QMetaTypeFunctionHelper@V?$QQmlListProperty@VOperationParamSelector@@@@$00@QtMetaTypePrivate@@SAXPEAX@Z 00000001400053b0 f   main.obj
 0001:000043b0       ?Destruct@?$QMetaTypeFunctionHelper@PEAVTextFieldDoubleValidator@@$00@QtMetaTypePrivate@@SAXPEAX@Z 00000001400053b0 f   main.obj
 0001:000043b0       ??3@YAXPEAX0@Z             00000001400053b0 f   main.obj
 0001:000043b0       ?Destruct@?$QMetaTypeFunctionHelper@PEAVOperationParamSelector@@$00@QtMetaTypePrivate@@SAXPEAX@Z 00000001400053b0 f   main.obj
 0001:000043b0       ?onComplete@PlanSelector@@QEAAXXZ 00000001400053b0 f   workmodels.obj
 0001:000043b0       ?Destruct@?$QMetaTypeFunctionHelper@V?$QQmlListProperty@VPlanSelector@@@@$00@QtMetaTypePrivate@@SAXPEAX@Z 00000001400053b0 f   main.obj
 0001:000043c0       ?onCompleteSingleOperation@OperationParamSelector@@QEAAXXZ 00000001400053c0 f   workmodels.obj
 0001:000046f0       ?onMachineConfigChanged@TargetMachineObject@@QEAAXXZ 00000001400056f0 f   workmodels.obj
 0001:00004750       ?onSave@PlanSelector@@QEAAXXZ 0000000140005750 f   workmodels.obj
 0001:00004770       ?operationCurrentIndex@PlanSelector@@QEAAHXZ 0000000140005770 f   workmodels.obj
 0001:00004790       ?planListModel@PlanSelector@@QEAA?AVQStringList@@XZ 0000000140005790 f   workmodels.obj
 0001:000047c0       ?removePlan@PlanSelector@@QEAAXH@Z 00000001400057c0 f   workmodels.obj
 0001:000047e0       ?removeStep@PlanSelector@@QEAAXHH@Z 00000001400057e0 f   workmodels.obj
 0001:00004810       ?resumePlan@PlanController@@QEAAXXZ 0000000140005810 f   workmodels.obj
 0001:00004850       ?setPlanName@PlanSelector@@QEAAXHAEBVQString@@@Z 0000000140005850 f   workmodels.obj
 0001:00004880       ?setSelectedOperation@OperationParamSelector@@QEAAXH@Z 0000000140005880 f   workmodels.obj
 0001:00004c00       ?setSelectedOperation@PlanSelector@@QEAAXHHH@Z 0000000140005c00 f   workmodels.obj
 0001:00005080       ?setSelectedStep@PlanSelector@@QEAAXHH@Z 0000000140006080 f   workmodels.obj
 0001:00005430       ?setWorkLocationType@StatusViewWatcher@@QEAA_NHAEBVQString@@@Z 0000000140006430 f   workmodels.obj
 0001:00005470       ?startPlan@PlanController@@QEAAXHH@Z 0000000140006470 f   workmodels.obj
 0001:000054b0       ?stepListModel@PlanSelector@@QEAA?AVQStringList@@H@Z 00000001400064b0 f   workmodels.obj
 0001:000054f0       ?stopPlan@PlanController@@QEAAXXZ 00000001400064f0 f   workmodels.obj
 0001:00005510       ??$qMakePair@VQString@@V?$QList@VSingleOperationData@@@@@@YA?AU?$QPair@VQString@@V?$QList@VSingleOperationData@@@@@@AEBVQString@@AEBV?$QList@VSingleOperationData@@@@@Z 0000000140006510 f i configfilehandler.obj
 0001:00005560       ??0?$QList@VSingleOperationData@@@@QEAA@AEBV0@@Z 0000000140006560 f i configfilehandler.obj
 0001:000055f0       ??0configFileHandler@@QEAA@PEAVQObject@@@Z 00000001400065f0 f   configfilehandler.obj
 0001:00005630       ??1?$QList@U?$QPair@VQString@@V?$QList@VSingleOperationData@@@@@@@@QEAA@XZ 0000000140006630 f i configfilehandler.obj
 0001:00005690       ??1?$QList@VSingleOperationData@@@@QEAA@XZ 0000000140006690 f i configfilehandler.obj
 0001:000056f0       ??1?$QMap@VQString@@V1@@@QEAA@XZ 00000001400066f0 f i configfilehandler.obj
 0001:00005730       ??1?$QMap@VQString@@VOperationParamData@@@@QEAA@XZ 0000000140006730 f i configfilehandler.obj
 0001:00005770       ??1?$QMap@VQString@@VQStringList@@@@QEAA@XZ 0000000140006770 f i configfilehandler.obj
 0001:000057b0       ??1?$QPair@VQString@@V?$QList@VSingleOperationData@@@@@@QEAA@XZ 00000001400067b0 f i configfilehandler.obj
 0001:00005830       ??1configFileHandler@@UEAA@XZ 0000000140006830 f i configfilehandler.obj
 0001:00005860       ??4?$QList@H@@QEAAAEAV0@$$QEAV0@@Z 0000000140006860 f i configfilehandler.obj
 0001:000058c0       ??4?$QList@U?$QPair@VQString@@V?$QList@VSingleOperationData@@@@@@@@QEAAAEAV0@$$QEAV0@@Z 00000001400068c0 f i configfilehandler.obj
 0001:00005950       ??4OperationParamData@@QEAAAEAV0@AEBV0@@Z 0000000140006950 f i configfilehandler.obj
 0001:00005a50       ??A?$QMap@VQString@@V1@@@QEAAAEAVQString@@AEBV1@@Z 0000000140006a50 f i configfilehandler.obj
 0001:00005ad0       ??A?$QMap@VQString@@VOperationParamData@@@@QEAAAEAVOperationParamData@@AEBVQString@@@Z 0000000140006ad0 f i configfilehandler.obj
 0001:00005c30       ??A?$QMap@VQString@@VOperationParamData@@@@QEBA?BVOperationParamData@@AEBVQString@@@Z 0000000140006c30 f i configfilehandler.obj
 0001:00005d70       ??A?$QMap@VQString@@VQStringList@@@@QEAAAEAVQStringList@@AEBVQString@@@Z 0000000140006d70 f i configfilehandler.obj
 0001:00005e50       ??_GSingleOperationData@@QEAAPEAXI@Z 0000000140006e50 f i configfilehandler.obj
 0001:00005ec0       ??_GconfigFileHandler@@UEAAPEAXI@Z 0000000140006ec0 f i configfilehandler.obj
 0001:00005ec0       ??_EconfigFileHandler@@UEAAPEAXI@Z 0000000140006ec0 f i configfilehandler.obj
 0001:00005f10       ?ParseHostIP@configFileHandler@@QEAA?AVQString@@XZ 0000000140006f10 f   configfilehandler.obj
 0001:00005fe0       ?ParseHostPort@configFileHandler@@QEAAFXZ 0000000140006fe0 f   configfilehandler.obj
 0001:000060b0       ?ParseHostSingleOperationThreshold@configFileHandler@@QEAAHXZ 00000001400070b0 f   configfilehandler.obj
 0001:00006180       ?ParseListMap@configFileHandler@@QEAA?AV?$QMap@VQString@@VQStringList@@@@AEBVQString@@@Z 0000000140007180 f   configfilehandler.obj
 0001:00006450       ?ParseMap@configFileHandler@@QEAA?AV?$QMap@VQString@@V1@@@AEBVQString@@@Z 0000000140007450 f   configfilehandler.obj
 0001:00006680       ?ParseMapRevertKeyValue@configFileHandler@@QEAA?AV?$QMap@VQString@@V1@@@AEBVQString@@@Z 0000000140007680 f   configfilehandler.obj
 0001:000068c0       ?ParseParamValue@configFileHandler@@QEAA?AV?$QMap@VQString@@VOperationParamData@@@@AEBVQString@@@Z 00000001400078c0 f   configfilehandler.obj
 0001:00007690       ?ParsePlanList@configFileHandler@@QEAAXAEAV?$QList@U?$QPair@VQString@@V?$QList@VSingleOperationData@@@@@@@@AEBV?$QMap@VQString@@VOperationParamData@@@@@Z 0000000140008690 f   configfilehandler.obj
 0001:00008310       ?ParseWorkLocationTypeList@configFileHandler@@QEAAXAEAVQStringList@@@Z 0000000140009310 f   configfilehandler.obj
 0001:000084e0       ?SaveMachineConfig@configFileHandler@@QEAAXAEBVQString@@AEBVMachineConfigData@@AEBVQStringList@@@Z 00000001400094e0 f   configfilehandler.obj
 0001:00008ab0       ?SavePlanList@configFileHandler@@QEAAXAEBVQString@@AEBV?$QList@U?$QPair@VQString@@V?$QList@VSingleOperationData@@@@@@@@AEBV?$QMap@VQString@@VQStringList@@@@@Z 0000000140009ab0 f   configfilehandler.obj
 0001:00009340       ?append@?$QList@H@@QEAAXAEBH@Z 000000014000a340 f i configfilehandler.obj
 0001:00009390       ?append@?$QList@U?$QPair@VQString@@V?$QList@VSingleOperationData@@@@@@@@QEAAXAEBU?$QPair@VQString@@V?$QList@VSingleOperationData@@@@@@@Z 000000014000a390 f i configfilehandler.obj
 0001:00009430       ?append@?$QList@VQString@@@@QEAAXAEBVQString@@@Z 000000014000a430 f i configfilehandler.obj
 0001:000094b0       ?append@?$QList@VSingleOperationData@@@@QEAAXAEBVSingleOperationData@@@Z 000000014000a4b0 f i configfilehandler.obj
 0001:00009520       ?clear@?$QList@U?$QPair@VQString@@V?$QList@VSingleOperationData@@@@@@@@QEAAXXZ 000000014000a520 f i configfilehandler.obj
 0001:000095a0       ?clear@?$QList@VQString@@@@QEAAXXZ 000000014000a5a0 f i configfilehandler.obj
 0001:00009640       ?copy@?$QMapNode@VQString@@V1@@@QEBAPEAU1@PEAU?$QMapData@VQString@@V1@@@@Z 000000014000a640 f i configfilehandler.obj
 0001:000096f0       ?copy@?$QMapNode@VQString@@VOperationParamData@@@@QEBAPEAU1@PEAU?$QMapData@VQString@@VOperationParamData@@@@@Z 000000014000a6f0 f i configfilehandler.obj
 0001:000097a0       ?copy@?$QMapNode@VQString@@VQStringList@@@@QEBAPEAU1@PEAU?$QMapData@VQString@@VQStringList@@@@@Z 000000014000a7a0 f i configfilehandler.obj
 0001:00009850       ?createNode@?$QMapData@VQString@@V1@@@QEAAPEAU?$QMapNode@VQString@@V1@@@AEBVQString@@0PEAU2@_N@Z 000000014000a850 f i configfilehandler.obj
 0001:000098d0       ?createNode@?$QMapData@VQString@@VOperationParamData@@@@QEAAPEAU?$QMapNode@VQString@@VOperationParamData@@@@AEBVQString@@AEBVOperationParamData@@PEAU2@_N@Z 000000014000a8d0 f i configfilehandler.obj
 0001:00009960       ?createNode@?$QMapData@VQString@@VQStringList@@@@QEAAPEAU?$QMapNode@VQString@@VQStringList@@@@AEBVQString@@AEBVQStringList@@PEAU2@_N@Z 000000014000a960 f i configfilehandler.obj
 0001:000099f0       ?destroy@?$QMapData@VQString@@V1@@@QEAAXXZ 000000014000a9f0 f i configfilehandler.obj
 0001:00009a60       ?destroy@?$QMapData@VQString@@VOperationParamData@@@@QEAAXXZ 000000014000aa60 f i configfilehandler.obj
 0001:00009ad0       ?destroy@?$QMapData@VQString@@VQStringList@@@@QEAAXXZ 000000014000aad0 f i configfilehandler.obj
 0001:00009b40       ?destroySubTree@?$QMapNode@VQString@@V1@@@QEAAXXZ 000000014000ab40 f i configfilehandler.obj
 0001:00009b90       ?destroySubTree@?$QMapNode@VQString@@VOperationParamData@@@@QEAAXXZ 000000014000ab90 f i configfilehandler.obj
 0001:00009bd0       ?destroySubTree@?$QMapNode@VQString@@VQStringList@@@@QEAAXXZ 000000014000abd0 f i configfilehandler.obj
 0001:00009c10       ?detach_helper@?$QMap@VQString@@V1@@@AEAAXXZ 000000014000ac10 f i configfilehandler.obj
 0001:00009c90       ?detach_helper@?$QMap@VQString@@VOperationParamData@@@@AEAAXXZ 000000014000ac90 f i configfilehandler.obj
 0001:00009d10       ?detach_helper@?$QMap@VQString@@VQStringList@@@@AEAAXXZ 000000014000ad10 f i configfilehandler.obj
 0001:00009d90       ?detach_helper_grow@?$QList@H@@AEAAPEAUNode@1@HH@Z 000000014000ad90 f i configfilehandler.obj
 0001:00009e80       ?detach_helper_grow@?$QList@U?$QPair@VQString@@V?$QList@VSingleOperationData@@@@@@@@AEAAPEAUNode@1@HH@Z 000000014000ae80 f i configfilehandler.obj
 0001:00009f90       ?detach_helper_grow@?$QList@VQString@@@@AEAAPEAUNode@1@HH@Z 000000014000af90 f i configfilehandler.obj
 0001:0000a0b0       ?detach_helper_grow@?$QList@VSingleOperationData@@@@AEAAPEAUNode@1@HH@Z 000000014000b0b0 f i configfilehandler.obj
 0001:0000a1c0       ?findNode@?$QMapData@VQString@@VOperationParamData@@@@QEBAPEAU?$QMapNode@VQString@@VOperationParamData@@@@AEBVQString@@@Z 000000014000b1c0 f i configfilehandler.obj
 0001:0000a1c0       ?findNode@?$QMapData@VQString@@VQStringList@@@@QEBAPEAU?$QMapNode@VQString@@VQStringList@@@@AEBVQString@@@Z 000000014000b1c0 f i configfilehandler.obj
 0001:0000a1c0       ?findNode@?$QMapData@VQString@@V1@@@QEBAPEAU?$QMapNode@VQString@@V1@@@AEBVQString@@@Z 000000014000b1c0 f i configfilehandler.obj
 0001:0000a240       ?insert@?$QMap@VQString@@V1@@@QEAA?AViterator@1@AEBVQString@@0@Z 000000014000b240 f i configfilehandler.obj
 0001:0000a320       ?insert@?$QMap@VQString@@VOperationParamData@@@@QEAA?AViterator@1@AEBVQString@@AEBVOperationParamData@@@Z 000000014000b320 f i configfilehandler.obj
 0001:0000a400       ?insert@?$QMap@VQString@@VQStringList@@@@QEAA?AViterator@1@AEBVQString@@AEBVQStringList@@@Z 000000014000b400 f i configfilehandler.obj
 0001:0000a4e0       ?key@iterator@QJsonObject@@QEBA?AVQString@@XZ 000000014000b4e0 f i configfilehandler.obj
 0001:0000a510       ?loadConfigFile@configFileHandler@@QEAA_NAEBVQString@@@Z 000000014000b510 f   configfilehandler.obj
 0001:0000a610       ?node_construct@?$QList@U?$QPair@VQString@@V?$QList@VSingleOperationData@@@@@@@@AEAAXPEAUNode@1@AEBU?$QPair@VQString@@V?$QList@VSingleOperationData@@@@@@@Z 000000014000b610 f i configfilehandler.obj
 0001:0000a680       ?node_construct@?$QList@VSingleOperationData@@@@AEAAXPEAUNode@1@AEBVSingleOperationData@@@Z 000000014000b680 f i configfilehandler.obj
 0001:0000a6f0       ?node_copy@?$QList@U?$QPair@VQString@@V?$QList@VSingleOperationData@@@@@@@@AEAAXPEAUNode@1@00@Z 000000014000b6f0 f i configfilehandler.obj
 0001:0000a780       ?node_copy@?$QList@VSingleOperationData@@@@AEAAXPEAUNode@1@00@Z 000000014000b780 f i configfilehandler.obj
 0001:0000a820       ?node_destruct@?$QList@U?$QPair@VQString@@V?$QList@VSingleOperationData@@@@@@@@AEAAXPEAUNode@1@0@Z 000000014000b820 f i configfilehandler.obj
 0001:0000a8e0       ?node_destruct@?$QList@VSingleOperationData@@@@AEAAXPEAUNode@1@0@Z 000000014000b8e0 f i configfilehandler.obj
 0001:0000a970       ?node_destruct@?$QList@VSingleOperationData@@@@AEAAXPEAUNode@1@@Z 000000014000b970 f i configfilehandler.obj
 0001:0000a9d0       ?toList@configFileHandler@@QEAA?AVQStringList@@AEBVQString@@@Z 000000014000b9d0 f   configfilehandler.obj
 0001:0000aaa0       ?value@?$QMap@VQString@@VOperationParamData@@@@QEBA?BVOperationParamData@@AEBVQString@@AEBV2@@Z 000000014000baa0 f i configfilehandler.obj
 0001:0000aaf0       ??0EnvironmentVariant@@AEAA@XZ 000000014000baf0 f i environmentvariant.obj
 0001:0000abf0       ??1?$QForeachContainer@$$CBV?$QList@VOperationParamData@@@@@@QEAA@XZ 000000014000bbf0 f i environmentvariant.obj
 0001:0000ac30       ??1?$QForeachContainer@$$CBV?$QList@VSingleOperationData@@@@@@QEAA@XZ 000000014000bc30 f i environmentvariant.obj
 0001:0000ac90       ??1?$QForeachContainer@$$CBVQStringList@@@@QEAA@XZ 000000014000bc90 f i configfilehandler.obj
 0001:0000ac90       ??1QStringList@@QEAA@XZ    000000014000bc90 f i main.obj
 0001:0000ac90       ??1?$QForeachContainer@VQStringList@@@@QEAA@XZ 000000014000bc90 f i environmentvariant.obj
 0001:0000aca0       ??1EnvironmentVariant@@EEAA@XZ 000000014000bca0 f i environmentvariant.obj
 0001:0000ae20       ??4?$QList@VOperationParamData@@@@QEAAAEAV0@AEBV0@@Z 000000014000be20 f i environmentvariant.obj
 0001:0000aef0       ??4?$QList@VSingleOperationData@@@@QEAAAEAV0@AEBV0@@Z 000000014000bef0 f i environmentvariant.obj
 0001:0000aff0       ??A?$QList@VQString@@@@QEAAAEAVQString@@H@Z 000000014000bff0 f i environmentvariant.obj
 0001:0000b030       ??A?$QList@VSingleOperationData@@@@QEAAAEAVSingleOperationData@@H@Z 000000014000c030 f i environmentvariant.obj
 0001:0000b070       ??Y?$QList@VQString@@@@QEAAAEAV0@AEBV0@@Z 000000014000c070 f i environmentvariant.obj
 0001:0000b130       ??_GEnvironmentVariant@@EEAAPEAXI@Z 000000014000c130 f i environmentvariant.obj
 0001:0000b130       ??_EEnvironmentVariant@@EEAAPEAXI@Z 000000014000c130 f i environmentvariant.obj
 0001:0000b170       ??_ETargetMachineObject@@UEAAPEAXI@Z 000000014000c170 f i environmentvariant.obj
 0001:0000b170       ??_GTargetMachineObject@@UEAAPEAXI@Z 000000014000c170 f i environmentvariant.obj
 0001:0000b1c0       ?AddPlan@EnvironmentVariant@@QEAAXAEBVQString@@@Z 000000014000c1c0 f   environmentvariant.obj
 0001:0000b310       ?AddPlanStep@EnvironmentVariant@@QEAAXHHH@Z 000000014000c310 f   environmentvariant.obj
 0001:0000b4f0       ?LogicalControlList@EnvironmentVariant@@QEAA?AVQStringList@@XZ 000000014000c4f0 f   environmentvariant.obj
 0001:0000b7d0       ?MovePlanStep@EnvironmentVariant@@QEAAXHHH@Z 000000014000c7d0 f   environmentvariant.obj
 0001:0000b910       ?OperationNameList@EnvironmentVariant@@QEAA?AVQStringList@@XZ 000000014000c910 f   environmentvariant.obj
 0001:0000bbf0       ?PlanList@EnvironmentVariant@@QEAA?AVQStringList@@XZ 000000014000cbf0 f   environmentvariant.obj
 0001:0000bca0       ?RemovePlan@EnvironmentVariant@@QEAAXH@Z 000000014000cca0 f   environmentvariant.obj
 0001:0000bce0       ?RemovePlanStep@EnvironmentVariant@@QEAAXHH@Z 000000014000cce0 f   environmentvariant.obj
 0001:0000bd60       ?SaveMachineConfig@EnvironmentVariant@@QEAAXAEBVMachineConfigData@@@Z 000000014000cd60 f   environmentvariant.obj
 0001:0000be20       ?SavePlan@EnvironmentVariant@@QEAAXXZ 000000014000ce20 f   environmentvariant.obj
 0001:0000be80       ?SetPlanName@EnvironmentVariant@@QEAAXHAEBVQString@@@Z 000000014000ce80 f   environmentvariant.obj
 0001:0000bef0       ?SetPlanStepSingleParam@EnvironmentVariant@@QEAAXHHAEBVQString@@AEBVQVariant@@@Z 000000014000cef0 f   environmentvariant.obj
 0001:0000c080       ?SetPlanStepToDefault@EnvironmentVariant@@QEAAXHHH@Z 000000014000d080 f   environmentvariant.obj
 0001:0000c1b0       ?StartPlan@EnvironmentVariant@@QEAAXHH@Z 000000014000d1b0 f   environmentvariant.obj
 0001:0000ca70       ?StepList@EnvironmentVariant@@QEAA?AVQStringList@@H@Z 000000014000da70 f   environmentvariant.obj
 0001:0000cc90       ?StopPlan@EnvironmentVariant@@QEAAXXZ 000000014000dc90 f   environmentvariant.obj
 0001:0000cca0       ?defaultValue@EnvironmentVariant@@QEAA?AVSingleOperationData@@AEBVQString@@@Z 000000014000dca0 f   environmentvariant.obj
 0001:0000ced0       ?detach_helper@?$QList@H@@AEAAXH@Z 000000014000ded0 f i environmentvariant.obj
 0001:0000cf70       ?detach_helper@?$QList@U?$QPair@VQString@@V?$QList@VSingleOperationData@@@@@@@@AEAAXH@Z 000000014000df70 f i environmentvariant.obj
 0001:0000d030       ?detach_helper@?$QList@VOperationParamData@@@@AEAAXH@Z 000000014000e030 f i environmentvariant.obj
 0001:0000d0d0       ?detach_helper@?$QList@VQString@@@@AEAAXH@Z 000000014000e0d0 f i environmentvariant.obj
 0001:0000d1a0       ?detach_helper@?$QList@VSingleOperationData@@@@AEAAXH@Z 000000014000e1a0 f i environmentvariant.obj
 0001:0000d260       ?formatSingleOperationParam@EnvironmentVariant@@QEAA?AVQJsonObject@@AEBVSingleOperationData@@@Z 000000014000e260 f   environmentvariant.obj
 0001:0000d980       ?getOperationIndex@EnvironmentVariant@@QEAAHAEBVQString@@@Z 000000014000e980 f   environmentvariant.obj
 0001:0000da10       ?getOperationParams@EnvironmentVariant@@QEAA?AV?$QList@VOperationParamData@@@@H@Z 000000014000ea10 f   environmentvariant.obj
 0001:0000db90       ?getWorkLocationTypeList@EnvironmentVariant@@QEAA?AVQStringList@@XZ 000000014000eb90 f   environmentvariant.obj
 0001:0000dbc0       ?initModels@EnvironmentVariant@@QEAAXPEAVQQmlContext@@@Z 000000014000ebc0 f   environmentvariant.obj
 0001:0000dc30       ?initProtocol@EnvironmentVariant@@QEAAXAEBVQString@@@Z 000000014000ec30 f   environmentvariant.obj
 0001:0000dc90       ?initUserConfig@EnvironmentVariant@@QEAAXAEBVQString@@@Z 000000014000ec90 f   environmentvariant.obj
 0001:0000dd80       ?insert@?$QList@VSingleOperationData@@@@QEAAXHAEBVSingleOperationData@@@Z 000000014000ed80 f i environmentvariant.obj
 0001:0000ddf0       ?instance@EnvironmentVariant@@SAPEAV1@XZ 000000014000edf0 f   environmentvariant.obj
 0001:0000de30       ?parseConfigFile@EnvironmentVariant@@QEAAXAEBVQString@@@Z 000000014000ee30 f   environmentvariant.obj
 0001:0000e650       ?planStepParam@EnvironmentVariant@@QEAA?AVSingleOperationData@@HH@Z 000000014000f650 f   environmentvariant.obj
 0001:0000eac0       ?removeAt@?$QList@U?$QPair@VQString@@V?$QList@VSingleOperationData@@@@@@@@QEAAXH@Z 000000014000fac0 f i environmentvariant.obj
 0001:0000eb40       ?removeAt@?$QList@VSingleOperationData@@@@QEAAXH@Z 000000014000fb40 f i environmentvariant.obj
 0001:0000eba0       ?runTask@EnvironmentVariant@@QEAAXAEBVQJsonObject@@@Z 000000014000fba0 f   environmentvariant.obj
 0001:0000ec10       ?setIpAddress@TargetMachineObject@@QEAAXAEBVQString@@@Z 000000014000fc10 f i environmentvariant.obj
 0001:0000ec60       ?setWorkLocationType@EnvironmentVariant@@QEAA_NHAEBVQString@@@Z 000000014000fc60 f   environmentvariant.obj
 0001:0000ed10       ??$atImpl@V?$QList@H@@@QSequentialIterableImpl@QtMetaTypePrivate@@SAPEBXPEBXH@Z 000000014000fd10 f i moc_workmodels.obj
 0001:0000ed10       ??$atImpl@V?$QList@PEAVQObject@@@@@QSequentialIterableImpl@QtMetaTypePrivate@@SAPEBXPEBXH@Z 000000014000fd10 f i moc_workmodels.obj
 0001:0000ed30       ??$getImpl@V?$QList@PEAVQObject@@@@@QSequentialIterableImpl@QtMetaTypePrivate@@SA?AUVariantData@1@PEBQEAXHI@Z 000000014000fd30 f i moc_workmodels.obj
 0001:0000ed30       ??$getImpl@V?$QList@H@@@QSequentialIterableImpl@QtMetaTypePrivate@@SA?AUVariantData@1@PEBQEAXHI@Z 000000014000fd30 f i moc_workmodels.obj
 0001:0000ed50       ??$moveToBeginImpl@V?$QList@H@@@QSequentialIterableImpl@QtMetaTypePrivate@@SAXPEBXPEAPEAX@Z 000000014000fd50 f i moc_workmodels.obj
 0001:0000ed50       ??$moveToBeginImpl@V?$QList@PEAVQObject@@@@@QSequentialIterableImpl@QtMetaTypePrivate@@SAXPEBXPEAPEAX@Z 000000014000fd50 f i moc_workmodels.obj
 0001:0000ed90       ??$moveToEndImpl@V?$QList@PEAVQObject@@@@@QSequentialIterableImpl@QtMetaTypePrivate@@SAXPEBXPEAPEAX@Z 000000014000fd90 f i moc_workmodels.obj
 0001:0000ed90       ??$moveToEndImpl@V?$QList@H@@@QSequentialIterableImpl@QtMetaTypePrivate@@SAXPEBXPEAPEAX@Z 000000014000fd90 f i moc_workmodels.obj
 0001:0000edd0       ??$sizeImpl@V?$QList@H@@@QSequentialIterableImpl@QtMetaTypePrivate@@SAHPEBX@Z 000000014000fdd0 f i moc_workmodels.obj
 0001:0000edd0       ??$sizeImpl@V?$QList@PEAVQObject@@@@@QSequentialIterableImpl@QtMetaTypePrivate@@SAHPEBX@Z 000000014000fdd0 f i moc_workmodels.obj
 0001:0000ede0       ??4?$QList@PEAVQObject@@@@QEAAAEAV0@AEBV0@@Z 000000014000fde0 f i moc_workmodels.obj
 0001:0000ee50       ??8?$QList@H@@QEBA_NAEBV0@@Z 000000014000fe50 f i moc_workmodels.obj
 0001:0000eec0       ??8?$QList@PEAVQObject@@@@QEBA_NAEBV0@@Z 000000014000fec0 f i moc_workmodels.obj
 0001:0000ef30       ??8?$QList@VQString@@@@QEBA_NAEBV0@@Z 000000014000ff30 f i moc_workmodels.obj
 0001:0000efa0       ?Construct@?$QMetaTypeFunctionHelper@V?$QList@H@@$00@QtMetaTypePrivate@@SAPEAXPEAXPEBX@Z 000000014000ffa0 f i moc_workmodels.obj
 0001:0000eff0       ?Construct@?$QMetaTypeFunctionHelper@V?$QList@PEAVQObject@@@@$00@QtMetaTypePrivate@@SAPEAXPEAXPEBX@Z 000000014000fff0 f i moc_workmodels.obj
 0001:0000f040       ?Construct@?$QMetaTypeFunctionHelper@VQSequentialIterableImpl@QtMetaTypePrivate@@$00@QtMetaTypePrivate@@SAPEAXPEAXPEBX@Z 0000000140010040 f i moc_workmodels.obj
 0001:0000f0d0       ?Destruct@?$QMetaTypeFunctionHelper@V?$QList@H@@$00@QtMetaTypePrivate@@SAXPEAX@Z 00000001400100d0 f i moc_workmodels.obj
 0001:0000f110       ?Destruct@?$QMetaTypeFunctionHelper@V?$QList@PEAVQObject@@@@$00@QtMetaTypePrivate@@SAXPEAX@Z 0000000140010110 f i moc_workmodels.obj
 0001:0000f150       ?MachineConfigChanged@TargetMachineObject@@QEAAXXZ 0000000140010150 f   moc_workmodels.obj
 0001:0000f170       ?UnitChanged@OperationParamObject@@QEAAXXZ 0000000140010170 f   moc_workmodels.obj
 0001:0000f190       ?advance@?$IteratorOwnerCommon@Vconst_iterator@?$QList@PEAVQObject@@@@@QtMetaTypePrivate@@SAXPEAPEAXH@Z 0000000140010190 f i moc_workmodels.obj
 0001:0000f190       ?advance@?$IteratorOwnerCommon@Vconst_iterator@?$QList@H@@@QtMetaTypePrivate@@SAXPEAPEAXH@Z 0000000140010190 f i moc_workmodels.obj
 0001:0000f1a0       ?assign@?$IteratorOwnerCommon@Vconst_iterator@?$QList@H@@@QtMetaTypePrivate@@SAXPEAPEAXPEBQEAX@Z 00000001400101a0 f i moc_workmodels.obj
 0001:0000f1a0       ?assign@?$IteratorOwnerCommon@Vconst_iterator@?$QList@PEAVQObject@@@@@QtMetaTypePrivate@@SAXPEAPEAXPEBQEAX@Z 00000001400101a0 f i moc_workmodels.obj
 0001:0000f1e0       ?boolValueChanged@OperationParamObject@@QEAAXXZ 00000001400101e0 f   moc_workmodels.obj
 0001:0000f200       ?bottomValueChanged@OperationParamObject@@QEAAXXZ 0000000140010200 f   moc_workmodels.obj
 0001:0000f220       ?convert@?$ConverterFunctor@V?$QList@H@@VQSequentialIterableImpl@QtMetaTypePrivate@@U?$QSequentialIterableConvertFunctor@V?$QList@H@@@3@@QtPrivate@@SA_NPEBUAbstractConverterFunction@2@PEBXPEAX@Z 0000000140010220 f i moc_workmodels.obj
 0001:0000f300       ?convert@?$ConverterFunctor@V?$QList@PEAVQObject@@@@VQSequentialIterableImpl@QtMetaTypePrivate@@U?$QSequentialIterableConvertFunctor@V?$QList@PEAVQObject@@@@@3@@QtPrivate@@SA_NPEBUAbstractConverterFunction@2@PEBXPEAX@Z 0000000140010300 f i moc_workmodels.obj
 0001:0000f3e0       ?currentIndexChanged@OperationParamSelector@@QEAAXXZ 00000001400103e0 f   moc_workmodels.obj
 0001:0000f400       ?destroy@?$IteratorOwnerCommon@Vconst_iterator@?$QList@PEAVQObject@@@@@QtMetaTypePrivate@@SAXPEAPEAX@Z 0000000140010400 f i moc_workmodels.obj
 0001:0000f400       ?destroy@?$IteratorOwnerCommon@Vconst_iterator@?$QList@H@@@QtMetaTypePrivate@@SAXPEAPEAX@Z 0000000140010400 f i moc_workmodels.obj
 0001:0000f410       ?display@OperationParamObject@@QEBA?AVQString@@XZ 0000000140010410 f i moc_workmodels.obj
 0001:0000f440       ?displayChanged@OperationParamObject@@QEAAXXZ 0000000140010440 f   moc_workmodels.obj
 0001:0000f460       ?equal@?$IteratorOwnerCommon@Vconst_iterator@?$QList@PEAVQObject@@@@@QtMetaTypePrivate@@SA_NPEBQEAX0@Z 0000000140010460 f i moc_workmodels.obj
 0001:0000f460       ?equal@?$IteratorOwnerCommon@Vconst_iterator@?$QList@H@@@QtMetaTypePrivate@@SA_NPEBQEAX0@Z 0000000140010460 f i moc_workmodels.obj
 0001:0000f470       ?floatValueChanged@OperationParamObject@@QEAAXXZ 0000000140010470 f   moc_workmodels.obj
 0001:0000f490       ?name@OperationParamObject@@QEBA?AVQString@@XZ 0000000140010490 f i workmodels.obj
 0001:0000f490       ?getIpAddress@TargetMachineObject@@QEBA?AVQString@@XZ 0000000140010490 f i environmentvariant.obj
 0001:0000f490       ?getOperationName@SingleOperationObject@@QEAA?AVQString@@XZ 0000000140010490 f i moc_workmodels.obj
 0001:0000f4c0       ?getParamListModel@PlanSelector@@QEAA?AV?$QList@PEAVQObject@@@@XZ 00000001400104c0 f i moc_workmodels.obj
 0001:0000f4f0       ?getParamModel@OperationParamSelector@@QEAA?AV?$QList@PEAVQObject@@@@XZ 00000001400104f0 f i moc_workmodels.obj
 0001:0000f520       ?intListValue@OperationParamObject@@QEAA?AV?$QList@H@@XZ 0000000140010520 f i moc_workmodels.obj
 0001:0000f550       ?intListValueChanged@OperationParamObject@@QEAAXXZ 0000000140010550 f   moc_workmodels.obj
 0001:0000f570       ?integerValueChanged@OperationParamObject@@QEAAXXZ 0000000140010570 f   moc_workmodels.obj
 0001:0000f590       ?metaObject@OperationParamObject@@UEBAPEBUQMetaObject@@XZ 0000000140010590 f   moc_workmodels.obj
 0001:0000f5b0       ?metaObject@OperationParamSelector@@UEBAPEBUQMetaObject@@XZ 00000001400105b0 f   moc_workmodels.obj
 0001:0000f5d0       ?metaObject@PlanController@@UEBAPEBUQMetaObject@@XZ 00000001400105d0 f   moc_workmodels.obj
 0001:0000f5f0       ?metaObject@PlanSelector@@UEBAPEBUQMetaObject@@XZ 00000001400105f0 f   moc_workmodels.obj
 0001:0000f610       ?metaObject@StatusViewWatcher@@UEBAPEBUQMetaObject@@XZ 0000000140010610 f   moc_workmodels.obj
 0001:0000f630       ?metaObject@TargetMachineObject@@UEBAPEBUQMetaObject@@XZ 0000000140010630 f   moc_workmodels.obj
 0001:0000f650       ?nameChanged@OperationParamObject@@QEAAXXZ 0000000140010650 f   moc_workmodels.obj
 0001:0000f670       ?op_eq_impl@?$QList@H@@AEBA_NAEBV1@UNotArrayCompatibleLayout@QListData@@@Z 0000000140010670 f i moc_workmodels.obj
 0001:0000f6f0       ?op_eq_impl@?$QList@PEAVQObject@@@@AEBA_NAEBV1@UArrayCompatibleLayout@QListData@@@Z 00000001400106f0 f i moc_workmodels.obj
 0001:0000f770       ?op_eq_impl@?$QList@VQString@@@@AEBA_NAEBV1@UArrayCompatibleLayout@QListData@@@Z 0000000140010770 f i moc_workmodels.obj
 0001:0000f800       ?operationListModel@PlanSelector@@QEAA?AVQStringList@@XZ 0000000140010800 f i moc_workmodels.obj
 0001:0000f830       ?operationModel@OperationParamSelector@@QEAA?AVQStringList@@XZ 0000000140010830 f i moc_workmodels.obj
 0001:0000f860       ?operationNameChanged@SingleOperationObject@@QEAAXXZ 0000000140010860 f   moc_workmodels.obj
 0001:0000f880       ?pageNameChanged@OperationParamSelector@@QEAAXXZ 0000000140010880 f   moc_workmodels.obj
 0001:0000f8a0       ?paramListModelChanged@PlanSelector@@QEAAXXZ 00000001400108a0 f   moc_workmodels.obj
 0001:0000f8c0       ?paramModelChanged@OperationParamSelector@@QEAAXXZ 00000001400108c0 f   moc_workmodels.obj
 0001:0000f8e0       ?qt_metacall@OperationParamObject@@UEAAHW4Call@QMetaObject@@HPEAPEAX@Z 00000001400108e0 f   moc_workmodels.obj
 0001:0000f980       ?qt_metacall@OperationParamSelector@@UEAAHW4Call@QMetaObject@@HPEAPEAX@Z 0000000140010980 f   moc_workmodels.obj
 0001:0000fa30       ?qt_metacall@PlanController@@UEAAHW4Call@QMetaObject@@HPEAPEAX@Z 0000000140010a30 f   moc_workmodels.obj
 0001:0000faa0       ?qt_metacall@PlanSelector@@UEAAHW4Call@QMetaObject@@HPEAPEAX@Z 0000000140010aa0 f   moc_workmodels.obj
 0001:0000fb50       ?qt_metacall@StatusViewWatcher@@UEAAHW4Call@QMetaObject@@HPEAPEAX@Z 0000000140010b50 f   moc_workmodels.obj
 0001:0000fbc0       ?qt_metacall@TargetMachineObject@@UEAAHW4Call@QMetaObject@@HPEAPEAX@Z 0000000140010bc0 f   moc_workmodels.obj
 0001:0000fc70       ?qt_metacast@OperationParamObject@@UEAAPEAXPEBD@Z 0000000140010c70 f   moc_workmodels.obj
 0001:0000fd10       ?qt_metacast@OperationParamSelector@@UEAAPEAXPEBD@Z 0000000140010d10 f   moc_workmodels.obj
 0001:0000fd60       ?qt_metacast@PlanController@@UEAAPEAXPEBD@Z 0000000140010d60 f   moc_workmodels.obj
 0001:0000fdb0       ?qt_metacast@PlanSelector@@UEAAPEAXPEBD@Z 0000000140010db0 f   moc_workmodels.obj
 0001:0000fe00       ?qt_metacast@StatusViewWatcher@@UEAAPEAXPEBD@Z 0000000140010e00 f   moc_workmodels.obj
 0001:0000fe50       ?qt_metacast@TargetMachineObject@@UEAAPEAXPEBD@Z 0000000140010e50 f   moc_workmodels.obj
 0001:0000fef0       ?qt_metatype_id@?$QMetaTypeId@V?$QList@H@@@@SAHXZ 0000000140010ef0 f i moc_workmodels.obj
 0001:00010010       ?qt_metatype_id@?$QMetaTypeId@V?$QList@PEAVQObject@@@@@@SAHXZ 0000000140011010 f i moc_workmodels.obj
 0001:000100a0       ?qt_metatype_id@?$QMetaTypeId@VQSequentialIterableImpl@QtMetaTypePrivate@@@@SAHXZ 00000001400110a0 f i moc_workmodels.obj
 0001:00010120       ?qt_static_metacall@OperationParamObject@@CAXPEAVQObject@@W4Call@QMetaObject@@HPEAPEAX@Z 0000000140011120 f   moc_workmodels.obj
 0001:00010740       ?qt_static_metacall@OperationParamSelector@@CAXPEAVQObject@@W4Call@QMetaObject@@HPEAPEAX@Z 0000000140011740 f   moc_workmodels.obj
 0001:000109a0       ?qt_static_metacall@PlanController@@CAXPEAVQObject@@W4Call@QMetaObject@@HPEAPEAX@Z 00000001400119a0 f   moc_workmodels.obj
 0001:00010a60       ?qt_static_metacall@PlanSelector@@CAXPEAVQObject@@W4Call@QMetaObject@@HPEAPEAX@Z 0000000140011a60 f   moc_workmodels.obj
 0001:00010ea0       ?qt_static_metacall@SingleOperationObject@@CAXPEAVQObject@@W4Call@QMetaObject@@HPEAPEAX@Z 0000000140011ea0 f   moc_workmodels.obj
 0001:00010f50       ?qt_static_metacall@StatusViewWatcher@@CAXPEAVQObject@@W4Call@QMetaObject@@HPEAPEAX@Z 0000000140011f50 f   moc_workmodels.obj
 0001:000110d0       ?qt_static_metacall@TargetMachineObject@@CAXPEAVQObject@@W4Call@QMetaObject@@HPEAPEAX@Z 00000001400120d0 f   moc_workmodels.obj
 0001:000111e0       ?registerConverter@?$ValueTypeIsMetaType@V?$QList@H@@$00@QtPrivate@@SA_NH@Z 00000001400121e0 f i moc_workmodels.obj
 0001:00011290       ?registerConverter@?$ValueTypeIsMetaType@V?$QList@PEAVQObject@@@@$00@QtPrivate@@SA_NH@Z 0000000140012290 f i moc_workmodels.obj
 0001:00011340       ?setDisplay@OperationParamObject@@QEAAXAEBVQString@@@Z 0000000140012340 f i moc_workmodels.obj
 0001:000113a0       ?setFloatValue@OperationParamObject@@QEAAXN@Z 00000001400123a0 f i moc_workmodels.obj
 0001:000113e0       ?setIntListValue@OperationParamObject@@QEAAXAEBV?$QList@H@@@Z 00000001400123e0 f i moc_workmodels.obj
 0001:00011440       ?setName@OperationParamObject@@QEAAXAEBVQString@@@Z 0000000140012440 f i moc_workmodels.obj
 0001:000114a0       ?setOperationName@SingleOperationObject@@QEAAXAEBVQString@@@Z 00000001400124a0 f i moc_workmodels.obj
 0001:00011500       ?setParamListModel@PlanSelector@@QEAAXAEBV?$QList@PEAVQObject@@@@@Z 0000000140012500 f i moc_workmodels.obj
 0001:00011560       ?setParamModel@OperationParamSelector@@QEAAXAEBV?$QList@PEAVQObject@@@@@Z 0000000140012560 f i moc_workmodels.obj
 0001:000115c0       ?setStringValue@OperationParamObject@@QEAAXAEBVQString@@@Z 00000001400125c0 f i moc_workmodels.obj
 0001:00011620       ?setStringlistValue@OperationParamObject@@QEAAXAEBVQStringList@@@Z 0000000140012620 f i moc_workmodels.obj
 0001:00011680       ?setSwitchValue@OperationParamObject@@QEAAXAEBVQString@@@Z 0000000140012680 f i moc_workmodels.obj
 0001:000116e0       ?setUnit@OperationParamObject@@QEAAXAEBVQString@@@Z 00000001400126e0 f i moc_workmodels.obj
 0001:00011740       ?settype@OperationParamObject@@QEAAXAEBVQString@@@Z 0000000140012740 f i moc_workmodels.obj
 0001:000117a0       ?statusChanged@StatusViewWatcher@@QEAAXAEBVQJsonObject@@@Z 00000001400127a0 f   moc_workmodels.obj
 0001:000117d0       ?stringListValue@OperationParamObject@@QEBA?AVQStringList@@XZ 00000001400127d0 f i moc_workmodels.obj
 0001:00011800       ?stringValue@OperationParamObject@@QEBA?AVQString@@XZ 0000000140012800 f i moc_workmodels.obj
 0001:00011830       ?stringValueChanged@OperationParamObject@@QEAAXXZ 0000000140012830 f   moc_workmodels.obj
 0001:00011850       ?stringlistValueChanged@OperationParamObject@@QEAAXXZ 0000000140012850 f   moc_workmodels.obj
 0001:00011870       ?switchValue@OperationParamObject@@QEBA?AVQString@@XZ 0000000140012870 f i moc_workmodels.obj
 0001:000118a0       ?switchValueChanged@OperationParamObject@@QEAAXXZ 00000001400128a0 f   moc_workmodels.obj
 0001:000118c0       ?taskStateChanged@PlanController@@QEAAX_N@Z 00000001400128c0 f   moc_workmodels.obj
 0001:00011900       ?topValueChanged@OperationParamObject@@QEAAXXZ 0000000140012900 f   moc_workmodels.obj
 0001:00011920       ?type@OperationParamObject@@QEBA?AVQString@@XZ 0000000140012920 f i moc_workmodels.obj
 0001:00011950       ?typeChanged@OperationParamObject@@QEAAXXZ 0000000140012950 f   moc_workmodels.obj
 0001:00011970       ?unit@OperationParamObject@@QEBA?AVQString@@XZ 0000000140012970 f i moc_workmodels.obj
 0001:000119a0       ?workLocationTypeChanged@StatusViewWatcher@@QEAAXXZ 00000001400129a0 f   moc_workmodels.obj
 0001:000119c0       ?metaObject@configFileHandler@@UEBAPEBUQMetaObject@@XZ 00000001400129c0 f   moc_configfilehandler.obj
 0001:000119e0       ?qt_metacall@configFileHandler@@UEAAHW4Call@QMetaObject@@HPEAPEAX@Z 00000001400129e0 f   moc_configfilehandler.obj
 0001:000119f0       ?qt_metacast@configFileHandler@@UEAAPEAXPEBD@Z 00000001400129f0 f   moc_configfilehandler.obj
 0001:00011a40       ?metaObject@EnvironmentVariant@@UEBAPEBUQMetaObject@@XZ 0000000140012a40 f   moc_environmentvariant.obj
 0001:00011a60       ?qt_metacall@EnvironmentVariant@@UEAAHW4Call@QMetaObject@@HPEAPEAX@Z 0000000140012a60 f   moc_environmentvariant.obj
 0001:00011ae0       ?qt_metacast@EnvironmentVariant@@UEAAPEAXPEBD@Z 0000000140012ae0 f   moc_environmentvariant.obj
 0001:00011b30       ?qt_static_metacall@EnvironmentVariant@@CAXPEAVQObject@@W4Call@QMetaObject@@HPEAPEAX@Z 0000000140012b30 f   moc_environmentvariant.obj
 0001:00011b70       ?workLocationTypeChanged@EnvironmentVariant@@QEAAXXZ 0000000140012b70 f   moc_environmentvariant.obj
 0001:00011b84       MiniDumpWriteDump          0000000140012b84 f   DbgHelp:dbghelp.dll
 0001:00011b8a       ?fixup@QValidator@@UEBAXAEAVQString@@@Z 0000000140012b8a f   Qt5Gui:Qt5Gui.dll
 0001:00011b90       ?metaObject@QDoubleValidator@@UEBAPEBUQMetaObject@@XZ 0000000140012b90 f   Qt5Gui:Qt5Gui.dll
 0001:00011b96       ?qt_metacall@QDoubleValidator@@UEAAHW4Call@QMetaObject@@HPEAPEAX@Z 0000000140012b96 f   Qt5Gui:Qt5Gui.dll
 0001:00011b9c       ?qt_metacast@QDoubleValidator@@UEAAPEAXPEBD@Z 0000000140012b9c f   Qt5Gui:Qt5Gui.dll
 0001:00011ba2       ?setRange@QDoubleValidator@@UEAAXNNH@Z 0000000140012ba2 f   Qt5Gui:Qt5Gui.dll
 0001:00011ba8       ?childEvent@QObject@@MEAAXPEAVQChildEvent@@@Z 0000000140012ba8 f   Qt5Core:Qt5Core.dll
 0001:00011bae       ?connectNotify@QObject@@MEAAXAEBVQMetaMethod@@@Z 0000000140012bae f   Qt5Core:Qt5Core.dll
 0001:00011bb4       ?customEvent@QObject@@MEAAXPEAVQEvent@@@Z 0000000140012bb4 f   Qt5Core:Qt5Core.dll
 0001:00011bba       ?disconnectNotify@QObject@@MEAAXAEBVQMetaMethod@@@Z 0000000140012bba f   Qt5Core:Qt5Core.dll
 0001:00011bc0       ?event@QObject@@UEAA_NPEAVQEvent@@@Z 0000000140012bc0 f   Qt5Core:Qt5Core.dll
 0001:00011bc6       ?eventFilter@QObject@@UEAA_NPEAV1@PEAVQEvent@@@Z 0000000140012bc6 f   Qt5Core:Qt5Core.dll
 0001:00011bcc       ?timerEvent@QObject@@MEAAXPEAVQTimerEvent@@@Z 0000000140012bcc f   Qt5Core:Qt5Core.dll
 0001:00011bd2       ?qRegisterResourceData@@YA_NHPEBE00@Z 0000000140012bd2 f   Qt5Core:Qt5Core.dll
 0001:00011bd8       ?qUnregisterResourceData@@YA_NHPEBE00@Z 0000000140012bd8 f   Qt5Core:Qt5Core.dll
 0001:00011be0       ??2@YAPEAX_K@Z             0000000140012be0 f   MSVCRT:new_scalar.obj
 0001:00011c1c       ??3@YAXPEAX_K@Z            0000000140012c1c f   MSVCRT:delete_scalar_size.obj
 0001:00011c1c       ??_V@YAXPEAX@Z             0000000140012c1c f   MSVCRT:delete_array.obj
 0001:00011c24       ??_Gtype_info@@UEAAPEAXI@Z 0000000140012c24 f i MSVCRT:std_type_info_static.obj
 0001:00011c24       ??_Etype_info@@UEAAPEAXI@Z 0000000140012c24 f i MSVCRT:std_type_info_static.obj
 0001:00011c50       __scrt_acquire_startup_lock 0000000140012c50 f   MSVCRT:utility.obj
 0001:00011c8c       __scrt_initialize_crt      0000000140012c8c f   MSVCRT:utility.obj
 0001:00011cd8       __scrt_initialize_onexit_tables 0000000140012cd8 f   MSVCRT:utility.obj
 0001:00011da4       __scrt_is_nonwritable_in_current_image 0000000140012da4 f   MSVCRT:utility.obj
 0001:00011e40       __scrt_release_startup_lock 0000000140012e40 f   MSVCRT:utility.obj
 0001:00011e64       __scrt_uninitialize_crt    0000000140012e64 f   MSVCRT:utility.obj
 0001:00011e90       _onexit                    0000000140012e90 f   MSVCRT:utility.obj
 0001:00011ee0       atexit                     0000000140012ee0 f   MSVCRT:utility.obj
 0001:00012040       _Init_thread_footer        0000000140013040 f   MSVCRT:thread_safe_statics.obj
 0001:000120a0       _Init_thread_header        00000001400130a0 f   MSVCRT:thread_safe_statics.obj
 0001:00012108       _Init_thread_notify        0000000140013108 f   MSVCRT:thread_safe_statics.obj
 0001:00012164       _Init_thread_wait          0000000140013164 f   MSVCRT:thread_safe_statics.obj
 0001:00012450       WinMainCRTStartup          0000000140013450 f   MSVCRT:exe_winmain.obj
 0001:00012464       ??0bad_alloc@std@@QEAA@AEBV01@@Z 0000000140013464 f i MSVCRT:throw_bad_alloc.obj
 0001:000124a4       ??0bad_alloc@std@@QEAA@XZ  00000001400134a4 f i MSVCRT:throw_bad_alloc.obj
 0001:000124c4       ??0bad_array_new_length@std@@QEAA@AEBV01@@Z 00000001400134c4 f i MSVCRT:throw_bad_alloc.obj
 0001:00012504       ??0bad_array_new_length@std@@QEAA@XZ 0000000140013504 f i MSVCRT:throw_bad_alloc.obj
 0001:00012524       ??0exception@std@@QEAA@AEBV01@@Z 0000000140013524 f i MSVCRT:throw_bad_alloc.obj
 0001:0001255c       ??1bad_array_new_length@std@@UEAA@XZ 000000014001355c f i MSVCRT:throw_bad_alloc.obj
 0001:0001255c       ??1bad_alloc@std@@UEAA@XZ  000000014001355c f i MSVCRT:throw_bad_alloc.obj
 0001:00012570       ??_Gbad_array_new_length@std@@UEAAPEAXI@Z 0000000140013570 f i MSVCRT:throw_bad_alloc.obj
 0001:00012570       ??_Ebad_array_new_length@std@@UEAAPEAXI@Z 0000000140013570 f i MSVCRT:throw_bad_alloc.obj
 0001:00012570       ??_Gexception@std@@UEAAPEAXI@Z 0000000140013570 f i MSVCRT:throw_bad_alloc.obj
 0001:00012570       ??_Eexception@std@@UEAAPEAXI@Z 0000000140013570 f i MSVCRT:throw_bad_alloc.obj
 0001:00012570       ??_Gbad_alloc@std@@UEAAPEAXI@Z 0000000140013570 f i MSVCRT:throw_bad_alloc.obj
 0001:00012570       ??_Ebad_alloc@std@@UEAAPEAXI@Z 0000000140013570 f i MSVCRT:throw_bad_alloc.obj
 0001:000125b4       ?__scrt_throw_std_bad_alloc@@YAXXZ 00000001400135b4 f   MSVCRT:throw_bad_alloc.obj
 0001:000125d4       ?__scrt_throw_std_bad_array_new_length@@YAXXZ 00000001400135d4 f   MSVCRT:throw_bad_alloc.obj
 0001:000125f4       ?what@exception@std@@UEBAPEBDXZ 00000001400135f4 f i MSVCRT:throw_bad_alloc.obj
 0001:00012608       ??3@YAXPEAX@Z              0000000140013608 f   MSVCRT:delete_scalar.obj
 0001:00012610       __isa_available_init       0000000140013610 f   MSVCRT:_cpu_disp_.obj
 0001:000127d8       _get_startup_argv_mode     00000001400137d8 f   MSVCRT:argv_mode.obj
 0001:000127e0       __scrt_is_ucrt_dll_in_use  00000001400137e0 f   MSVCRT:ucrt_detection.obj
 0001:000127ec       __scrt_fastfail            00000001400137ec f   MSVCRT:utility_desktop.obj
 0001:00012934       __scrt_get_show_window_mode 0000000140013934 f   MSVCRT:utility_desktop.obj
 0001:00012970       __scrt_is_managed_app      0000000140013970 f   MSVCRT:utility_desktop.obj
 0001:000129c4       __scrt_set_unhandled_exception_filter 00000001400139c4 f   MSVCRT:utility_desktop.obj
 0001:000129d4       __scrt_unhandled_exception_filter 00000001400139d4 f   MSVCRT:utility_desktop.obj
 0001:00012a0c       _guard_check_icall         0000000140013a0c f i MSVCRT:checkcfg.obj
 0001:00012a14       __security_init_cookie     0000000140013a14 f   MSVCRT:gs_support.obj
 0001:00012ac0       _get_startup_new_mode      0000000140013ac0 f   MSVCRT:new_mode.obj
 0001:00012ac0       _matherr                   0000000140013ac0 f   MSVCRT:matherr.obj
 0001:00012ac0       _get_startup_thread_locale_mode 0000000140013ac0 f   MSVCRT:thread_locale.obj
 0001:00012ac0       _get_startup_commit_mode   0000000140013ac0 f   MSVCRT:commit_mode.obj
 0001:00012ac0       __scrt_initialize_winrt    0000000140013ac0 f   MSVCRT:utility_desktop.obj
 0001:00012ac4       _get_startup_file_mode     0000000140013ac4 f   MSVCRT:file_mode.obj
 0001:00012acc       ?__scrt_initialize_type_info@@YAXXZ 0000000140013acc f   MSVCRT:tncleanup.obj
 0001:00012adc       __vcrt_uninitialize        0000000140013adc f   MSVCRT:ucrt_stubs.obj
 0001:00012adc       _should_initialize_environment 0000000140013adc f   MSVCRT:env_mode.obj
 0001:00012adc       __acrt_initialize          0000000140013adc f   MSVCRT:ucrt_stubs.obj
 0001:00012adc       __vcrt_initialize          0000000140013adc f   MSVCRT:ucrt_stubs.obj
 0001:00012adc       __acrt_uninitialize        0000000140013adc f   MSVCRT:ucrt_stubs.obj
 0001:00012adc       __scrt_stub_for_acrt_uninitialize 0000000140013adc f   MSVCRT:ucrt_stubs.obj
 0001:00012adc       __scrt_stub_for_acrt_initialize 0000000140013adc f   MSVCRT:ucrt_stubs.obj
 0001:00012ae0       _initialize_denormal_control 0000000140013ae0 f   MSVCRT:denormal_control.obj
 0001:00012ae0       _initialize_invalid_parameter_handler 0000000140013ae0 f   MSVCRT:invalid_parameter_handler.obj
 0001:00012ae0       _guard_check_icall_nop     0000000140013ae0 f   MSVCRT:guard_support.obj
 0001:00012ae4       __local_stdio_printf_options 0000000140013ae4 f i MSVCRT:default_local_stdio_options.obj
 0001:00012aec       __local_stdio_scanf_options 0000000140013aec f i MSVCRT:default_local_stdio_options.obj
 0001:00012af4       __scrt_initialize_default_local_stdio_options 0000000140013af4 f   MSVCRT:default_local_stdio_options.obj
 0001:00012b10       __scrt_is_user_matherr_present 0000000140013b10 f   MSVCRT:matherr_detection.obj
 0001:00012b1c       __scrt_get_dyn_tls_init_callback 0000000140013b1c f   MSVCRT:dyn_tls_init.obj
 0001:00012b24       __scrt_get_dyn_tls_dtor_callback 0000000140013b24 f   MSVCRT:dyn_tls_dtor.obj
 0001:00012b2c       _RTC_Initialize            0000000140013b2c f   MSVCRT:_initsect_.obj
 0001:00012b78       _RTC_Terminate             0000000140013b78 f   MSVCRT:_initsect_.obj
 0001:00012bd0       IsProcessorFeaturePresent  0000000140013bd0 f   kernel32:KERNEL32.dll
 0001:00012bd6       __std_terminate            0000000140013bd6 f   vcruntime:VCRUNTIME140.dll
 0001:00012bdc       __CxxFrameHandler3         0000000140013bdc f   vcruntime:VCRUNTIME140.dll
 0001:00012be2       memcpy                     0000000140013be2 f   vcruntime:VCRUNTIME140.dll
 0001:00012be8       _CxxThrowException         0000000140013be8 f   vcruntime:VCRUNTIME140.dll
 0001:00012bee       __RTDynamicCast            0000000140013bee f   vcruntime:VCRUNTIME140.dll
 0001:00012bf4       memcmp                     0000000140013bf4 f   vcruntime:VCRUNTIME140.dll
 0001:00012bfa       __C_specific_handler       0000000140013bfa f   vcruntime:VCRUNTIME140.dll
 0001:00012c00       __vcrt_InitializeCriticalSectionEx 0000000140013c00 f   vcruntime:VCRUNTIME140.dll
 0001:00012c06       __std_exception_copy       0000000140013c06 f   vcruntime:VCRUNTIME140.dll
 0001:00012c0c       __std_exception_destroy    0000000140013c0c f   vcruntime:VCRUNTIME140.dll
 0001:00012c12       memset                     0000000140013c12 f   vcruntime:VCRUNTIME140.dll
 0001:00012c18       free                       0000000140013c18 f   ucrt:api-ms-win-crt-heap-l1-1-0.dll
 0001:00012c1e       malloc                     0000000140013c1e f   ucrt:api-ms-win-crt-heap-l1-1-0.dll
 0001:00012c24       strcmp                     0000000140013c24 f   ucrt:api-ms-win-crt-string-l1-1-0.dll
 0001:00012c2a       _callnewh                  0000000140013c2a f   ucrt:api-ms-win-crt-heap-l1-1-0.dll
 0001:00012c30       _configure_narrow_argv     0000000140013c30 f   ucrt:api-ms-win-crt-runtime-l1-1-0.dll
 0001:00012c36       _initialize_narrow_environment 0000000140013c36 f   ucrt:api-ms-win-crt-runtime-l1-1-0.dll
 0001:00012c3c       _initialize_onexit_table   0000000140013c3c f   ucrt:api-ms-win-crt-runtime-l1-1-0.dll
 0001:00012c42       _register_onexit_function  0000000140013c42 f   ucrt:api-ms-win-crt-runtime-l1-1-0.dll
 0001:00012c48       _crt_atexit                0000000140013c48 f   ucrt:api-ms-win-crt-runtime-l1-1-0.dll
 0001:00012c4e       _cexit                     0000000140013c4e f   ucrt:api-ms-win-crt-runtime-l1-1-0.dll
 0001:00012c54       _seh_filter_exe            0000000140013c54 f   ucrt:api-ms-win-crt-runtime-l1-1-0.dll
 0001:00012c5a       _set_app_type              0000000140013c5a f   ucrt:api-ms-win-crt-runtime-l1-1-0.dll
 0001:00012c60       __setusermatherr           0000000140013c60 f   ucrt:api-ms-win-crt-math-l1-1-0.dll
 0001:00012c66       _get_narrow_winmain_command_line 0000000140013c66 f   ucrt:api-ms-win-crt-runtime-l1-1-0.dll
 0001:00012c6c       _initterm                  0000000140013c6c f   ucrt:api-ms-win-crt-runtime-l1-1-0.dll
 0001:00012c72       _initterm_e                0000000140013c72 f   ucrt:api-ms-win-crt-runtime-l1-1-0.dll
 0001:00012c78       exit                       0000000140013c78 f   ucrt:api-ms-win-crt-runtime-l1-1-0.dll
 0001:00012c7e       _exit                      0000000140013c7e f   ucrt:api-ms-win-crt-runtime-l1-1-0.dll
 0001:00012c84       _set_fmode                 0000000140013c84 f   ucrt:api-ms-win-crt-stdio-l1-1-0.dll
 0001:00012c8a       _c_exit                    0000000140013c8a f   ucrt:api-ms-win-crt-runtime-l1-1-0.dll
 0001:00012c90       _register_thread_local_exe_atexit_callback 0000000140013c90 f   ucrt:api-ms-win-crt-runtime-l1-1-0.dll
 0001:00012c96       _configthreadlocale        0000000140013c96 f   ucrt:api-ms-win-crt-locale-l1-1-0.dll
 0001:00012c9c       _set_new_mode              0000000140013c9c f   ucrt:api-ms-win-crt-heap-l1-1-0.dll
 0001:00012ca2       __p__commode               0000000140013ca2 f   ucrt:api-ms-win-crt-stdio-l1-1-0.dll
 0001:00012ca8       terminate                  0000000140013ca8 f   ucrt:api-ms-win-crt-runtime-l1-1-0.dll
 0001:00012cb0       WinMain                    0000000140013cb0 f   qtmain:qtmain_win.obj
 0001:00012e50       ??_U@YAPEAX_K@Z            0000000140013e50 f   MSVCRT:new_array.obj
 0001:00012e70       _guard_dispatch_icall_nop  0000000140013e70 f   MSVCRT:_guard_dispatch_.obj
 0001:00014e50       ??__Ff@?4??registerConverter@?$ValueTypeIsMetaType@V?$QList@H@@$00@QtPrivate@@SA_NH@Z@YAXXZ 0000000140015e50 f i moc_workmodels.obj
 0001:00014e80       ??__Ff@?4??registerConverter@?$ValueTypeIsMetaType@V?$QList@PEAVQObject@@@@$00@QtPrivate@@SA_NH@Z@YAXXZ 0000000140015e80 f i moc_workmodels.obj
 0002:00000000       __imp_WideCharToMultiByte  0000000140016000     kernel32:KERNEL32.dll
 0002:00000008       __imp_LocalFree            0000000140016008     kernel32:KERNEL32.dll
 0002:00000010       __imp_GetCommandLineW      0000000140016010     kernel32:KERNEL32.dll
 0002:00000018       __imp_InitializeSListHead  0000000140016018     kernel32:KERNEL32.dll
 0002:00000020       __imp_GetSystemTimeAsFileTime 0000000140016020     kernel32:KERNEL32.dll
 0002:00000028       __imp_QueryPerformanceCounter 0000000140016028     kernel32:KERNEL32.dll
 0002:00000030       __imp_IsProcessorFeaturePresent 0000000140016030     kernel32:KERNEL32.dll
 0002:00000038       __imp_GetStartupInfoW      0000000140016038     kernel32:KERNEL32.dll
 0002:00000040       __imp_UnhandledExceptionFilter 0000000140016040     kernel32:KERNEL32.dll
 0002:00000048       __imp_IsDebuggerPresent    0000000140016048     kernel32:KERNEL32.dll
 0002:00000050       __imp_RtlVirtualUnwind     0000000140016050     kernel32:KERNEL32.dll
 0002:00000058       __imp_RtlLookupFunctionEntry 0000000140016058     kernel32:KERNEL32.dll
 0002:00000060       __imp_RtlCaptureContext    0000000140016060     kernel32:KERNEL32.dll
 0002:00000068       __imp_GetProcAddress       0000000140016068     kernel32:KERNEL32.dll
 0002:00000070       __imp_GetModuleHandleW     0000000140016070     kernel32:KERNEL32.dll
 0002:00000078       __imp_CreateEventW         0000000140016078     kernel32:KERNEL32.dll
 0002:00000080       __imp_WaitForSingleObjectEx 0000000140016080     kernel32:KERNEL32.dll
 0002:00000088       __imp_ResetEvent           0000000140016088     kernel32:KERNEL32.dll
 0002:00000090       __imp_SetEvent             0000000140016090     kernel32:KERNEL32.dll
 0002:00000098       __imp_DeleteCriticalSection 0000000140016098     kernel32:KERNEL32.dll
 0002:000000a0       __imp_LeaveCriticalSection 00000001400160a0     kernel32:KERNEL32.dll
 0002:000000a8       __imp_EnterCriticalSection 00000001400160a8     kernel32:KERNEL32.dll
 0002:000000b0       __imp_GetCurrentThreadId   00000001400160b0     kernel32:KERNEL32.dll
 0002:000000b8       __imp_GetCurrentProcessId  00000001400160b8     kernel32:KERNEL32.dll
 0002:000000c0       __imp_GetCurrentProcess    00000001400160c0     kernel32:KERNEL32.dll
 0002:000000c8       __imp_SetUnhandledExceptionFilter 00000001400160c8     kernel32:KERNEL32.dll
 0002:000000d0       __imp_CloseHandle          00000001400160d0     kernel32:KERNEL32.dll
 0002:000000d8       __imp_CreateFileW          00000001400160d8     kernel32:KERNEL32.dll
 0002:000000e0       \177KERNEL32_NULL_THUNK_DATA 00000001400160e0     kernel32:KERNEL32.dll
 0002:000000e8       __imp_?staticMetaObject@QObject@@2UQMetaObject@@B 00000001400160e8     Qt5Core:Qt5Core.dll
 0002:000000f0       __imp_?qt_metacall@QObject@@UEAAHW4Call@QMetaObject@@HPEAPEAX@Z 00000001400160f0     Qt5Core:Qt5Core.dll
 0002:000000f8       __imp_?qt_metacast@QObject@@UEAAPEAXPEBD@Z 00000001400160f8     Qt5Core:Qt5Core.dll
 0002:00000100       __imp_?dynamicMetaObject@QObjectData@@QEBAPEAUQMetaObject@@XZ 0000000140016100     Qt5Core:Qt5Core.dll
 0002:00000108       __imp_?unregisterConverterFunction@QMetaType@@SAXHH@Z 0000000140016108     Qt5Core:Qt5Core.dll
 0002:00000110       __imp_?registerConverterFunction@QMetaType@@SA_NPEBUAbstractConverterFunction@QtPrivate@@HH@Z 0000000140016110     Qt5Core:Qt5Core.dll
 0002:00000118       __imp_?hasRegisteredConverterFunction@QMetaType@@SA_NHH@Z 0000000140016118     Qt5Core:Qt5Core.dll
 0002:00000120       __imp_?typeName@QMetaType@@SAPEBDH@Z 0000000140016120     Qt5Core:Qt5Core.dll
 0002:00000128       __imp_?append@QByteArray@@QEAAAEAV1@PEBDH@Z 0000000140016128     Qt5Core:Qt5Core.dll
 0002:00000130       __imp_?endsWith@QByteArray@@QEBA_ND@Z 0000000140016130     Qt5Core:Qt5Core.dll
 0002:00000138       __imp_?activate@QMetaObject@@SAXPEAVQObject@@PEBU1@HPEAPEAX@Z 0000000140016138     Qt5Core:Qt5Core.dll
 0002:00000140       __imp_?normalizedType@QMetaObject@@SA?AVQByteArray@@PEBD@Z 0000000140016140     Qt5Core:Qt5Core.dll
 0002:00000148       __imp_?qBadAlloc@@YAXXZ    0000000140016148     Qt5Core:Qt5Core.dll
 0002:00000150       __imp_??0QMessageLogger@@QEAA@PEBDH0@Z 0000000140016150     Qt5Core:Qt5Core.dll
 0002:00000158       __imp_?debug@QMessageLogger@@QEBA?AVQDebug@@XZ 0000000140016158     Qt5Core:Qt5Core.dll
 0002:00000160       __imp_?qInstallMessageHandler@@YAP6AXW4QtMsgType@@AEBVQMessageLogContext@@AEBVQString@@@ZP6AX012@Z@Z 0000000140016160     Qt5Core:Qt5Core.dll
 0002:00000168       __imp_??0QChar@@QEAA@UQLatin1Char@@@Z 0000000140016168     Qt5Core:Qt5Core.dll
 0002:00000170       __imp_??0QByteArray@@QEAA@XZ 0000000140016170     Qt5Core:Qt5Core.dll
 0002:00000178       __imp_??0QByteArray@@QEAA@PEBDH@Z 0000000140016178     Qt5Core:Qt5Core.dll
 0002:00000180       __imp_??1QByteArray@@QEAA@XZ 0000000140016180     Qt5Core:Qt5Core.dll
 0002:00000188       __imp_?reserve@QByteArray@@QEAAXH@Z 0000000140016188     Qt5Core:Qt5Core.dll
 0002:00000190       __imp_?append@QByteArray@@QEAAAEAV1@D@Z 0000000140016190     Qt5Core:Qt5Core.dll
 0002:00000198       __imp_?append@QByteArray@@QEAAAEAV1@PEBD@Z 0000000140016198     Qt5Core:Qt5Core.dll
 0002:000001a0       __imp_??0QString@@QEAA@XZ  00000001400161a0     Qt5Core:Qt5Core.dll
 0002:000001a8       __imp_??1QString@@QEAA@XZ  00000001400161a8     Qt5Core:Qt5Core.dll
 0002:000001b0       __imp_??4QString@@QEAAAEAV0@$$QEAV0@@Z 00000001400161b0     Qt5Core:Qt5Core.dll
 0002:000001b8       __imp_?arg@QString@@QEBA?AV1@AEBV1@HVQChar@@@Z 00000001400161b8     Qt5Core:Qt5Core.dll
 0002:000001c0       __imp_?indexOf@QString@@QEBAHVQChar@@HW4CaseSensitivity@Qt@@@Z 00000001400161c0     Qt5Core:Qt5Core.dll
 0002:000001c8       __imp_?startsWith@QString@@QEBA_NAEBV1@W4CaseSensitivity@Qt@@@Z 00000001400161c8     Qt5Core:Qt5Core.dll
 0002:000001d0       __imp_?fromWCharArray@QString@@SA?AV1@PEB_WH@Z 00000001400161d0     Qt5Core:Qt5Core.dll
 0002:000001d8       __imp_?fromAscii_helper@QString@@CAPEAU?$QTypedArrayData@G@@PEBDH@Z 00000001400161d8     Qt5Core:Qt5Core.dll
 0002:000001e0       __imp_?className@QMetaObject@@QEBAPEBDXZ 00000001400161e0     Qt5Core:Qt5Core.dll
 0002:000001e8       __imp_??1Connection@QMetaObject@@QEAA@XZ 00000001400161e8     Qt5Core:Qt5Core.dll
 0002:000001f0       __imp_?dispose@QListData@@SAXPEAUData@1@@Z 00000001400161f0     Qt5Core:Qt5Core.dll
 0002:000001f8       __imp_?registerNormalizedType@QMetaType@@SAHAEBVQByteArray@@P6AXPEAX@ZP6APEAX1PEBX@ZHV?$QFlags@W4TypeFlag@QMetaType@@@@PEBUQMetaObject@@@Z 00000001400161f8     Qt5Core:Qt5Core.dll
 0002:00000200       __imp_?registerNormalizedTypedef@QMetaType@@SAHAEBVQByteArray@@H@Z 0000000140016200     Qt5Core:Qt5Core.dll
 0002:00000208       __imp_??0QObject@@QEAA@PEAV0@@Z 0000000140016208     Qt5Core:Qt5Core.dll
 0002:00000210       __imp_??1QObject@@UEAA@XZ  0000000140016210     Qt5Core:Qt5Core.dll
 0002:00000218       __imp_?connectImpl@QObject@@CA?AVConnection@QMetaObject@@PEBV1@PEAPEAX01PEAVQSlotObjectBase@QtPrivate@@W4ConnectionType@Qt@@PEBHPEBU3@@Z 0000000140016218     Qt5Core:Qt5Core.dll
 0002:00000220       __imp_?setApplicationName@QCoreApplication@@SAXAEBVQString@@@Z 0000000140016220     Qt5Core:Qt5Core.dll
 0002:00000228       __imp_?installTranslator@QCoreApplication@@SA_NPEAVQTranslator@@@Z 0000000140016228     Qt5Core:Qt5Core.dll
 0002:00000230       __imp_?quit@QCoreApplication@@SAXXZ 0000000140016230     Qt5Core:Qt5Core.dll
 0002:00000238       __imp_??1QLocale@@QEAA@XZ  0000000140016238     Qt5Core:Qt5Core.dll
 0002:00000240       __imp_?toDouble@QLocale@@QEBANAEBVQString@@PEA_N@Z 0000000140016240     Qt5Core:Qt5Core.dll
 0002:00000248       __imp_?decimalPoint@QLocale@@QEBA?AVQChar@@XZ 0000000140016248     Qt5Core:Qt5Core.dll
 0002:00000250       __imp_??0QSize@@QEAA@HH@Z  0000000140016250     Qt5Core:Qt5Core.dll
 0002:00000258       __imp_??0QUrl@@QEAA@AEBVQString@@W4ParsingMode@0@@Z 0000000140016258     Qt5Core:Qt5Core.dll
 0002:00000260       __imp_??1QUrl@@QEAA@XZ     0000000140016260     Qt5Core:Qt5Core.dll
 0002:00000268       __imp_??0QFile@@QEAA@AEBVQString@@@Z 0000000140016268     Qt5Core:Qt5Core.dll
 0002:00000270       __imp_??1QFile@@UEAA@XZ    0000000140016270     Qt5Core:Qt5Core.dll
 0002:00000278       __imp_?open@QFile@@UEAA_NV?$QFlags@W4OpenModeFlag@QIODevice@@@@@Z 0000000140016278     Qt5Core:Qt5Core.dll
 0002:00000280       __imp_??0QTextStream@@QEAA@PEAVQIODevice@@@Z 0000000140016280     Qt5Core:Qt5Core.dll
 0002:00000288       __imp_??1QTextStream@@UEAA@XZ 0000000140016288     Qt5Core:Qt5Core.dll
 0002:00000290       __imp_??6QTextStream@@QEAAAEAV0@AEBVQString@@@Z 0000000140016290     Qt5Core:Qt5Core.dll
 0002:00000298       __imp_?endl@@YAAEAVQTextStream@@AEAV1@@Z 0000000140016298     Qt5Core:Qt5Core.dll
 0002:000002a0       __imp_??1QDebug@@QEAA@XZ   00000001400162a0     Qt5Core:Qt5Core.dll
 0002:000002a8       __imp_??6QDebug@@QEAAAEAV0@AEBVQString@@@Z 00000001400162a8     Qt5Core:Qt5Core.dll
 0002:000002b0       __imp_??0QTranslator@@QEAA@PEAVQObject@@@Z 00000001400162b0     Qt5Core:Qt5Core.dll
 0002:000002b8       __imp_??1QTranslator@@UEAA@XZ 00000001400162b8     Qt5Core:Qt5Core.dll
 0002:000002c0       __imp_?load@QTranslator@@QEAA_NAEBVQString@@000@Z 00000001400162c0     Qt5Core:Qt5Core.dll
 0002:000002c8       __imp_?currentPath@QDir@@SA?AVQString@@XZ 00000001400162c8     Qt5Core:Qt5Core.dll
 0002:000002d0       __imp_?childEvent@QObject@@MEAAXPEAVQChildEvent@@@Z 00000001400162d0     Qt5Core:Qt5Core.dll
 0002:000002d8       __imp_?connectNotify@QObject@@MEAAXAEBVQMetaMethod@@@Z 00000001400162d8     Qt5Core:Qt5Core.dll
 0002:000002e0       __imp_?customEvent@QObject@@MEAAXPEAVQEvent@@@Z 00000001400162e0     Qt5Core:Qt5Core.dll
 0002:000002e8       __imp_?disconnectNotify@QObject@@MEAAXAEBVQMetaMethod@@@Z 00000001400162e8     Qt5Core:Qt5Core.dll
 0002:000002f0       __imp_?event@QObject@@UEAA_NPEAVQEvent@@@Z 00000001400162f0     Qt5Core:Qt5Core.dll
 0002:000002f8       __imp_?eventFilter@QObject@@UEAA_NPEAV1@PEAVQEvent@@@Z 00000001400162f8     Qt5Core:Qt5Core.dll
 0002:00000300       __imp_?timerEvent@QObject@@MEAAXPEAVQTimerEvent@@@Z 0000000140016300     Qt5Core:Qt5Core.dll
 0002:00000308       __imp_?shared_null@QListData@@2UData@1@B 0000000140016308     Qt5Core:Qt5Core.dll
 0002:00000310       __imp_?cast@QMetaObject@@QEBAPEAVQObject@@PEAV2@@Z 0000000140016310     Qt5Core:Qt5Core.dll
 0002:00000318       __imp_??0QString@@QEAA@AEBV0@@Z 0000000140016318     Qt5Core:Qt5Core.dll
 0002:00000320       __imp_??4QString@@QEAAAEAV0@AEBV0@@Z 0000000140016320     Qt5Core:Qt5Core.dll
 0002:00000328       __imp_??8@YA_NAEBVQString@@0@Z 0000000140016328     Qt5Core:Qt5Core.dll
 0002:00000330       __imp_??8QString@@QEBA_NPEBD@Z 0000000140016330     Qt5Core:Qt5Core.dll
 0002:00000338       __imp_?detach@QListData@@QEAAPEAUData@1@H@Z 0000000140016338     Qt5Core:Qt5Core.dll
 0002:00000340       __imp_?detach_grow@QListData@@QEAAPEAUData@1@PEAHH@Z 0000000140016340     Qt5Core:Qt5Core.dll
 0002:00000348       __imp_?append@QListData@@QEAAPEAPEAXXZ 0000000140016348     Qt5Core:Qt5Core.dll
 0002:00000350       __imp_?size@QListData@@QEBAHXZ 0000000140016350     Qt5Core:Qt5Core.dll
 0002:00000358       __imp_?at@QListData@@QEBAPEAPEAXH@Z 0000000140016358     Qt5Core:Qt5Core.dll
 0002:00000360       __imp_?begin@QListData@@QEBAPEAPEAXXZ 0000000140016360     Qt5Core:Qt5Core.dll
 0002:00000368       __imp_?end@QListData@@QEBAPEAPEAXXZ 0000000140016368     Qt5Core:Qt5Core.dll
 0002:00000370       __imp_?installEventFilter@QObject@@QEAAXPEAV1@@Z 0000000140016370     Qt5Core:Qt5Core.dll
 0002:00000378       __imp_?removeEventFilter@QObject@@QEAAXPEAV1@@Z 0000000140016378     Qt5Core:Qt5Core.dll
 0002:00000380       __imp_?disconnectImpl@QObject@@CA_NPEBV1@PEAPEAX01PEBUQMetaObject@@@Z 0000000140016380     Qt5Core:Qt5Core.dll
 0002:00000388       __imp_??1QJsonObject@@QEAA@XZ 0000000140016388     Qt5Core:Qt5Core.dll
 0002:00000390       __imp_?self@QCoreApplication@@0PEAV1@EA 0000000140016390     Qt5Core:Qt5Core.dll
 0002:00000398       __imp_?warning@QMessageLogger@@QEBAXPEBDZZ 0000000140016398     Qt5Core:Qt5Core.dll
 0002:000003a0       __imp_?fatal@QMessageLogger@@QEBAXPEBDZZ 00000001400163a0     Qt5Core:Qt5Core.dll
 0002:000003a8       __imp_?number@QString@@SA?AV1@HH@Z 00000001400163a8     Qt5Core:Qt5Core.dll
 0002:000003b0       __imp_?number@QString@@SA?AV1@NDH@Z 00000001400163b0     Qt5Core:Qt5Core.dll
 0002:000003b8       __imp_??M@YA_NAEBVQString@@0@Z 00000001400163b8     Qt5Core:Qt5Core.dll
 0002:000003c0       __imp_??0QJsonValue@@QEAA@_N@Z 00000001400163c0     Qt5Core:Qt5Core.dll
 0002:000003c8       __imp_??0QJsonValue@@QEAA@N@Z 00000001400163c8     Qt5Core:Qt5Core.dll
 0002:000003d0       __imp_??0QJsonValue@@QEAA@H@Z 00000001400163d0     Qt5Core:Qt5Core.dll
 0002:000003d8       __imp_??0QJsonValue@@QEAA@AEBVQString@@@Z 00000001400163d8     Qt5Core:Qt5Core.dll
 0002:000003e0       __imp_??0QJsonValue@@QEAA@AEBVQJsonArray@@@Z 00000001400163e0     Qt5Core:Qt5Core.dll
 0002:000003e8       __imp_??0QJsonValue@@QEAA@AEBVQJsonObject@@@Z 00000001400163e8     Qt5Core:Qt5Core.dll
[...]
 0004:00000e70       $pdata$?stringListValue@OperationParamObject@@QEBA?AVQStringList@@XZ 0000000140365e70     moc_workmodels.obj
 0004:00000e7c       $pdata$?stringValue@OperationParamObject@@QEBA?AVQString@@XZ 0000000140365e7c     moc_workmodels.obj
 0004:00000e88       $pdata$?switchValue@OperationParamObject@@QEBA?AVQString@@XZ 0000000140365e88     moc_workmodels.obj
 0004:00000e94       $pdata$?taskStateChanged@PlanController@@QEAAX_N@Z 0000000140365e94     moc_workmodels.obj
 0004:00000ea0       $pdata$?type@OperationParamObject@@QEBA?AVQString@@XZ 0000000140365ea0     moc_workmodels.obj
 0004:00000eac       $pdata$?unit@OperationParamObject@@QEBA?AVQString@@XZ 0000000140365eac     moc_workmodels.obj
 0004:00000eb8       $pdata$?qt_metacall@EnvironmentVariant@@UEAAHW4Call@QMetaObject@@HPEAPEAX@Z 0000000140365eb8     moc_environmentvariant.obj
 0004:00000ec4       $pdata$??2@YAPEAX_K@Z      0000000140365ec4     MSVCRT:new_scalar.obj
 0004:00000ed0       $pdata$??_Gtype_info@@UEAAPEAXI@Z 0000000140365ed0     MSVCRT:std_type_info_static.obj
 0004:00000edc       $pdata$__scrt_acquire_startup_lock 0000000140365edc     MSVCRT:utility.obj
 0004:00000ee8       $pdata$__scrt_initialize_crt 0000000140365ee8     MSVCRT:utility.obj
 0004:00000ef4       $pdata$__scrt_initialize_onexit_tables 0000000140365ef4     MSVCRT:utility.obj
 0004:00000f00       $pdata$__scrt_is_nonwritable_in_current_image 0000000140365f00     MSVCRT:utility.obj
 0004:00000f0c       $pdata$__scrt_release_startup_lock 0000000140365f0c     MSVCRT:utility.obj
 0004:00000f18       $pdata$__scrt_uninitialize_crt 0000000140365f18     MSVCRT:utility.obj
 0004:00000f24       $pdata$_onexit             0000000140365f24     MSVCRT:utility.obj
 0004:00000f30       $pdata$atexit              0000000140365f30     MSVCRT:utility.obj
 0004:00000f3c       $pdata$?__scrt_initialize_thread_safe_statics@@YAHXZ 0000000140365f3c     MSVCRT:thread_safe_statics.obj
 0004:00000f48       $pdata$?__scrt_uninitialize_thread_safe_statics@@YAXXZ 0000000140365f48     MSVCRT:thread_safe_statics.obj
 0004:00000f54       $pdata$_Init_thread_footer 0000000140365f54     MSVCRT:thread_safe_statics.obj
 0004:00000f60       $pdata$_Init_thread_header 0000000140365f60     MSVCRT:thread_safe_statics.obj
 0004:00000f6c       $pdata$_Init_thread_notify 0000000140365f6c     MSVCRT:thread_safe_statics.obj
 0004:00000f78       $pdata$_Init_thread_wait   0000000140365f78     MSVCRT:thread_safe_statics.obj
 0004:00000f84       $pdata$?pre_c_initialization@@YAHXZ 0000000140365f84     MSVCRT:exe_winmain.obj
 0004:00000f90       $pdata$?post_pgo_initialization@@YAHXZ 0000000140365f90     MSVCRT:exe_winmain.obj
 0004:00000f9c       $pdata$?pre_cpp_initialization@@YAXXZ 0000000140365f9c     MSVCRT:exe_winmain.obj
 0004:00000fa8       $pdata$?__scrt_common_main_seh@@YAHXZ 0000000140365fa8     MSVCRT:exe_winmain.obj
 0004:00000fb4       $pdata$WinMainCRTStartup   0000000140365fb4     MSVCRT:exe_winmain.obj
 0004:00000fc0       $pdata$??0bad_alloc@std@@QEAA@AEBV01@@Z 0000000140365fc0     MSVCRT:throw_bad_alloc.obj
 0004:00000fcc       $pdata$??0bad_array_new_length@std@@QEAA@AEBV01@@Z 0000000140365fcc     MSVCRT:throw_bad_alloc.obj
 0004:00000fd8       $pdata$??0exception@std@@QEAA@AEBV01@@Z 0000000140365fd8     MSVCRT:throw_bad_alloc.obj
 0004:00000fe4       $pdata$??_Gexception@std@@UEAAPEAXI@Z 0000000140365fe4     MSVCRT:throw_bad_alloc.obj
 0004:00000fe4       $pdata$??_Gbad_alloc@std@@UEAAPEAXI@Z 0000000140365fe4     MSVCRT:throw_bad_alloc.obj
 0004:00000fe4       $pdata$??_Gbad_array_new_length@std@@UEAAPEAXI@Z 0000000140365fe4     MSVCRT:throw_bad_alloc.obj
 0004:00000ff0       $pdata$?__scrt_throw_std_bad_alloc@@YAXXZ 0000000140365ff0     MSVCRT:throw_bad_alloc.obj
 0004:00000ffc       $pdata$?__scrt_throw_std_bad_array_new_length@@YAXXZ 0000000140365ffc     MSVCRT:throw_bad_alloc.obj
 0004:00001008       $pdata$__isa_available_init 0000000140366008     MSVCRT:_cpu_disp_.obj
 0004:00001014       $pdata$__scrt_fastfail     0000000140366014     MSVCRT:utility_desktop.obj
 0004:00001020       $pdata$__scrt_get_show_window_mode 0000000140366020     MSVCRT:utility_desktop.obj
 0004:0000102c       $pdata$__scrt_is_managed_app 000000014036602c     MSVCRT:utility_desktop.obj
 0004:00001038       $pdata$__scrt_unhandled_exception_filter 0000000140366038     MSVCRT:utility_desktop.obj
 0004:00001044       $pdata$__security_init_cookie 0000000140366044     MSVCRT:gs_support.obj
 0004:00001050       $pdata$__scrt_initialize_default_local_stdio_options 0000000140366050     MSVCRT:default_local_stdio_options.obj
 0004:0000105c       $pdata$_RTC_Initialize     000000014036605c     MSVCRT:_initsect_.obj
 0004:00001068       $pdata$_RTC_Terminate      0000000140366068     MSVCRT:_initsect_.obj
 0004:00001074       $pdata$WinMain             0000000140366074     qtmain:qtmain_win.obj
 0004:00001080       $pdata$5$WinMain           0000000140366080     qtmain:qtmain_win.obj
 0004:0000108c       $pdata$6$WinMain           000000014036608c     qtmain:qtmain_win.obj
 0004:000010a4       $pdata$?dtor$0@?0??validate@TextFieldDoubleValidator@@UEBA?AW4State@QValidator@@AEAVQString@@AEAH@Z@4HA 00000001403660a4     main.obj
 0004:000010b0       $pdata$?catch$5@?0???0?$QList@H@@QEAA@AEBV0@@Z@4HA 00000001403660b0     workmodels.obj
 0004:000010bc       $pdata$?catch$5@?0???0?$QList@PEAVQObject@@@@QEAA@AEBV0@@Z@4HA 00000001403660bc     workmodels.obj
 0004:000010c8       $pdata$?catch$5@?0???0?$QList@VOperationParamData@@@@QEAA@AEBV0@@Z@4HA 00000001403660c8     workmodels.obj
 0004:000010d4       $pdata$?catch$5@?0???0?$QList@VQString@@@@QEAA@AEBV0@@Z@4HA 00000001403660d4     workmodels.obj
 0004:000010e0       $pdata$?catch$3@?0??append@?$QList@PEAVQObject@@@@QEAAXAEBQEAVQObject@@@Z@4HA 00000001403660e0     workmodels.obj
 0004:000010ec       $pdata$?catch$4@?0??append@?$QList@PEAVQObject@@@@QEAAXAEBQEAVQObject@@@Z@4HA 00000001403660ec     workmodels.obj
 0004:000010f8       $pdata$?dtor$3@?0??append@?$QList@VOperationParamData@@@@QEAAXAEBVOperationParamData@@@Z@4HA 00000001403660f8     workmodels.obj
 0004:00001104       $pdata$?catch$20@?0??append@?$QList@VOperationParamData@@@@QEAAXAEBVOperationParamData@@@Z@4HA 0000000140366104     workmodels.obj
 0004:00001110       $pdata$?dtor$5@?0??append@?$QList@VOperationParamData@@@@QEAAXAEBVOperationParamData@@@Z@4HA 0000000140366110     workmodels.obj
 0004:0000111c       $pdata$?catch$21@?0??append@?$QList@VOperationParamData@@@@QEAAXAEBVOperationParamData@@@Z@4HA 000000014036611c     workmodels.obj
 0004:00001128       $pdata$?catch$6@?0??detach_helper_grow@?$QList@PEAVQObject@@@@AEAAPEAUNode@1@HH@Z@4HA 0000000140366128     workmodels.obj
 0004:00001134       $pdata$?catch$5@?0??detach_helper_grow@?$QList@PEAVQObject@@@@AEAAPEAUNode@1@HH@Z@4HA 0000000140366134     workmodels.obj
 0004:00001140       $pdata$?catch$6@?0??detach_helper_grow@?$QList@VOperationParamData@@@@AEAAPEAUNode@1@HH@Z@4HA 0000000140366140     workmodels.obj
 0004:0000114c       $pdata$?catch$5@?0??detach_helper_grow@?$QList@VOperationParamData@@@@AEAAPEAUNode@1@HH@Z@4HA 000000014036614c     workmodels.obj
 0004:00001158       $pdata$?dtor$0@?0??node_copy@?$QList@VOperationParamData@@@@AEAAXPEAUNode@1@00@Z@4HA 0000000140366158     workmodels.obj
 0004:00001164       $pdata$?catch$4@?0??node_copy@?$QList@VOperationParamData@@@@AEAAXPEAUNode@1@00@Z@4HA 0000000140366164     workmodels.obj
 0004:00001170       $pdata$?catch$2@?0??node_copy@?$QList@VQString@@@@AEAAXPEAUNode@1@00@Z@4HA 0000000140366170     workmodels.obj
 0004:0000117c       $pdata$?dtor$3@?0??setSelectedOperation@OperationParamSelector@@QEAAXH@Z@4HA 000000014036617c     workmodels.obj
 0004:00001188       $pdata$?dtor$3@?0??setSelectedOperation@PlanSelector@@QEAAXHHH@Z@4HA 0000000140366188     workmodels.obj
 0004:00001194       $pdata$?dtor$3@?0??setSelectedStep@PlanSelector@@QEAAXHH@Z@4HA 0000000140366194     workmodels.obj
 0004:000011a0       $pdata$?catch$5@?0???0?$QList@VSingleOperationData@@@@QEAA@AEBV0@@Z@4HA 00000001403661a0     configfilehandler.obj
 0004:000011ac       $pdata$?dtor$0@?0??ParseListMap@configFileHandler@@QEAA?AV?$QMap@VQString@@VQStringList@@@@AEBVQString@@@Z@4HA 00000001403661ac     configfilehandler.obj
 0004:000011b8       $pdata$?dtor$0@?0??ParseMap@configFileHandler@@QEAA?AV?$QMap@VQString@@V1@@@AEBVQString@@@Z@4HA 00000001403661b8     configfilehandler.obj
 0004:000011b8       $pdata$?dtor$0@?0??ParseMapRevertKeyValue@configFileHandler@@QEAA?AV?$QMap@VQString@@V1@@@AEBVQString@@@Z@4HA 00000001403661b8     configfilehandler.obj
 0004:000011c4       $pdata$?dtor$0@?0??ParseParamValue@configFileHandler@@QEAA?AV?$QMap@VQString@@VOperationParamData@@@@AEBVQString@@@Z@4HA 00000001403661c4     configfilehandler.obj
 0004:000011d0       $pdata$?catch$3@?0??append@?$QList@H@@QEAAXAEBH@Z@4HA 00000001403661d0     configfilehandler.obj
 0004:000011dc       $pdata$?catch$4@?0??append@?$QList@H@@QEAAXAEBH@Z@4HA 00000001403661dc     configfilehandler.obj
 0004:000011e8       $pdata$?dtor$3@?0??append@?$QList@U?$QPair@VQString@@V?$QList@VSingleOperationData@@@@@@@@QEAAXAEBU?$QPair@VQString@@V?$QList@VSingleOperationData@@@@@@@Z@4HA 00000001403661e8     configfilehandler.obj
 0004:000011f4       $pdata$?catch$25@?0??append@?$QList@U?$QPair@VQString@@V?$QList@VSingleOperationData@@@@@@@@QEAAXAEBU?$QPair@VQString@@V?$QList@VSingleOperationData@@@@@@@Z@4HA 00000001403661f4     configfilehandler.obj
 0004:00001200       $pdata$?catch$26@?0??append@?$QList@U?$QPair@VQString@@V?$QList@VSingleOperationData@@@@@@@@QEAAXAEBU?$QPair@VQString@@V?$QList@VSingleOperationData@@@@@@@Z@4HA 0000000140366200     configfilehandler.obj
 0004:0000120c       $pdata$?catch$5@?0??append@?$QList@VQString@@@@QEAAXAEBVQString@@@Z@4HA 000000014036620c     configfilehandler.obj
 0004:00001218       $pdata$?catch$6@?0??append@?$QList@VQString@@@@QEAAXAEBVQString@@@Z@4HA 0000000140366218     configfilehandler.obj
 0004:00001224       $pdata$?catch$25@?0??append@?$QList@VSingleOperationData@@@@QEAAXAEBVSingleOperationData@@@Z@4HA 0000000140366224     configfilehandler.obj
 0004:00001230       $pdata$?catch$26@?0??append@?$QList@VSingleOperationData@@@@QEAAXAEBVSingleOperationData@@@Z@4HA 0000000140366230     configfilehandler.obj
 0004:0000123c       $pdata$?catch$1@?0??createNode@?$QMapData@VQString@@V1@@@QEAAPEAU?$QMapNode@VQString@@V1@@@AEBVQString@@0PEAU2@_N@Z@4HA 000000014036623c     configfilehandler.obj
 0004:00001248       $pdata$?catch$2@?0??createNode@?$QMapData@VQString@@V1@@@QEAAPEAU?$QMapNode@VQString@@V1@@@AEBVQString@@0PEAU2@_N@Z@4HA 0000000140366248     configfilehandler.obj
 0004:00001254       $pdata$?dtor$0@?0??createNode@?$QMapData@VQString@@VOperationParamData@@@@QEAAPEAU?$QMapNode@VQString@@VOperationParamData@@@@AEBVQString@@AEBVOperationParamData@@PEAU2@_N@Z@4HA 0000000140366254     configfilehandler.obj
 0004:00001260       $pdata$?catch$2@?0??createNode@?$QMapData@VQString@@VOperationParamData@@@@QEAAPEAU?$QMapNode@VQString@@VOperationParamData@@@@AEBVQString@@AEBVOperationParamData@@PEAU2@_N@Z@4HA 0000000140366260     configfilehandler.obj
 0004:0000126c       $pdata$?catch$3@?0??createNode@?$QMapData@VQString@@VOperationParamData@@@@QEAAPEAU?$QMapNode@VQString@@VOperationParamData@@@@AEBVQString@@AEBVOperationParamData@@PEAU2@_N@Z@4HA 000000014036626c     configfilehandler.obj
 0004:00001278       $pdata$?dtor$0@?0??createNode@?$QMapData@VQString@@VQStringList@@@@QEAAPEAU?$QMapNode@VQString@@VQStringList@@@@AEBVQString@@AEBVQStringList@@PEAU2@_N@Z@4HA 0000000140366278     configfilehandler.obj
 0004:00001284       $pdata$?catch$3@?0??createNode@?$QMapData@VQString@@VQStringList@@@@QEAAPEAU?$QMapNode@VQString@@VQStringList@@@@AEBVQString@@AEBVQStringList@@PEAU2@_N@Z@4HA 0000000140366284     configfilehandler.obj
 0004:00001290       $pdata$?catch$4@?0??createNode@?$QMapData@VQString@@VQStringList@@@@QEAAPEAU?$QMapNode@VQString@@VQStringList@@@@AEBVQString@@AEBVQStringList@@PEAU2@_N@Z@4HA 0000000140366290     configfilehandler.obj
 0004:0000129c       $pdata$?catch$6@?0??detach_helper_grow@?$QList@H@@AEAAPEAUNode@1@HH@Z@4HA 000000014036629c     configfilehandler.obj
 0004:000012a8       $pdata$?catch$5@?0??detach_helper_grow@?$QList@H@@AEAAPEAUNode@1@HH@Z@4HA 00000001403662a8     configfilehandler.obj
 0004:000012b4       $pdata$?catch$6@?0??detach_helper_grow@?$QList@U?$QPair@VQString@@V?$QList@VSingleOperationData@@@@@@@@AEAAPEAUNode@1@HH@Z@4HA 00000001403662b4     configfilehandler.obj
 0004:000012c0       $pdata$?catch$5@?0??detach_helper_grow@?$QList@U?$QPair@VQString@@V?$QList@VSingleOperationData@@@@@@@@AEAAPEAUNode@1@HH@Z@4HA 00000001403662c0     configfilehandler.obj
 0004:000012cc       $pdata$?catch$8@?0??detach_helper_grow@?$QList@VQString@@@@AEAAPEAUNode@1@HH@Z@4HA 00000001403662cc     configfilehandler.obj
 0004:000012d8       $pdata$?catch$7@?0??detach_helper_grow@?$QList@VQString@@@@AEAAPEAUNode@1@HH@Z@4HA 00000001403662d8     configfilehandler.obj
 0004:000012e4       $pdata$?catch$6@?0??detach_helper_grow@?$QList@VSingleOperationData@@@@AEAAPEAUNode@1@HH@Z@4HA 00000001403662e4     configfilehandler.obj
 0004:000012f0       $pdata$?catch$5@?0??detach_helper_grow@?$QList@VSingleOperationData@@@@AEAAPEAUNode@1@HH@Z@4HA 00000001403662f0     configfilehandler.obj
 0004:000012fc       $pdata$?dtor$0@?0??node_construct@?$QList@U?$QPair@VQString@@V?$QList@VSingleOperationData@@@@@@@@AEAAXPEAUNode@1@AEBU?$QPair@VQString@@V?$QList@VSingleOperationData@@@@@@@Z@4HA 00000001403662fc     configfilehandler.obj
 0004:00001308       $pdata$?dtor$0@?0??node_construct@?$QList@VSingleOperationData@@@@AEAAXPEAUNode@1@AEBVSingleOperationData@@@Z@4HA 0000000140366308     configfilehandler.obj
 0004:00001314       $pdata$?dtor$0@?0??node_copy@?$QList@U?$QPair@VQString@@V?$QList@VSingleOperationData@@@@@@@@AEAAXPEAUNode@1@00@Z@4HA 0000000140366314     configfilehandler.obj
 0004:00001320       $pdata$?catch$8@?0??node_copy@?$QList@U?$QPair@VQString@@V?$QList@VSingleOperationData@@@@@@@@AEAAXPEAUNode@1@00@Z@4HA 0000000140366320     configfilehandler.obj
 0004:0000132c       $pdata$?dtor$0@?0??node_copy@?$QList@VSingleOperationData@@@@AEAAXPEAUNode@1@00@Z@4HA 000000014036632c     configfilehandler.obj
 0004:00001338       $pdata$?catch$6@?0??node_copy@?$QList@VSingleOperationData@@@@AEAAXPEAUNode@1@00@Z@4HA 0000000140366338     configfilehandler.obj
 0004:00001344       $pdata$?dtor$0@?0??toList@configFileHandler@@QEAA?AVQStringList@@AEBVQString@@@Z@4HA 0000000140366344     configfilehandler.obj
 0004:00001350       $pdata$?catch$5@?0???Y?$QList@VQString@@@@QEAAAEAV0@AEBV0@@Z@4HA 0000000140366350     environmentvariant.obj
 0004:0000135c       $pdata$?dtor$0@?0??OperationNameList@EnvironmentVariant@@QEAA?AVQStringList@@XZ@4HA 000000014036635c     environmentvariant.obj
 0004:0000135c       $pdata$?dtor$0@?0??LogicalControlList@EnvironmentVariant@@QEAA?AVQStringList@@XZ@4HA 000000014036635c     environmentvariant.obj
 0004:00001368       $pdata$?dtor$0@?0??PlanList@EnvironmentVariant@@QEAA?AVQStringList@@XZ@4HA 0000000140366368     environmentvariant.obj
 0004:00001374       $pdata$?dtor$0@?0??StepList@EnvironmentVariant@@QEAA?AVQStringList@@H@Z@4HA 0000000140366374     environmentvariant.obj
 0004:00001380       $pdata$?catch$5@?0??detach_helper@?$QList@H@@AEAAXH@Z@4HA 0000000140366380     environmentvariant.obj
 0004:0000138c       $pdata$?catch$5@?0??detach_helper@?$QList@U?$QPair@VQString@@V?$QList@VSingleOperationData@@@@@@@@AEAAXH@Z@4HA 000000014036638c     environmentvariant.obj
 0004:00001398       $pdata$?catch$5@?0??detach_helper@?$QList@VOperationParamData@@@@AEAAXH@Z@4HA 0000000140366398     environmentvariant.obj
 0004:000013a4       $pdata$?catch$7@?0??detach_helper@?$QList@VQString@@@@AEAAXH@Z@4HA 00000001403663a4     environmentvariant.obj
 0004:000013b0       $pdata$?catch$5@?0??detach_helper@?$QList@VSingleOperationData@@@@AEAAXH@Z@4HA 00000001403663b0     environmentvariant.obj
 0004:000013bc       $pdata$?dtor$0@?0??formatSingleOperationParam@EnvironmentVariant@@QEAA?AVQJsonObject@@AEBVSingleOperationData@@@Z@4HA 00000001403663bc     environmentvariant.obj
 0004:000013c8       $pdata$?dtor$0@?0??getOperationParams@EnvironmentVariant@@QEAA?AV?$QList@VOperationParamData@@@@H@Z@4HA 00000001403663c8     environmentvariant.obj
 0004:000013d4       $pdata$?catch$25@?0??insert@?$QList@VSingleOperationData@@@@QEAAXHAEBVSingleOperationData@@@Z@4HA 00000001403663d4     environmentvariant.obj
 0004:000013e0       $pdata$?catch$26@?0??insert@?$QList@VSingleOperationData@@@@QEAAXHAEBVSingleOperationData@@@Z@4HA 00000001403663e0     environmentvariant.obj
 0004:000013ec       $pdata$?dtor$0@?0??instance@EnvironmentVariant@@SAPEAV1@XZ@4HA 00000001403663ec     environmentvariant.obj
 0004:000013f8       $pdata$?dtor$0@?0???$createInto@VOperationParamObject@@@QQmlPrivate@@YAXPEAX@Z@4HA 00000001403663f8     main.obj
 0004:000013f8       $pdata$?dtor$0@?0???$createInto@VPlanController@@@QQmlPrivate@@YAXPEAX@Z@4HA 00000001403663f8     main.obj
 0004:000013f8       $pdata$?dtor$0@?0???$createInto@VOperationParamSelector@@@QQmlPrivate@@YAXPEAX@Z@4HA 00000001403663f8     main.obj
 0004:000013f8       $pdata$?dtor$0@?0???$createInto@VTextFieldDoubleValidator@@@QQmlPrivate@@YAXPEAX@Z@4HA 00000001403663f8     main.obj
 0004:000013f8       $pdata$?dtor$0@?0??Construct@?$QMetaTypeFunctionHelper@V?$QList@H@@$00@QtMetaTypePrivate@@SAPEAXPEAXPEBX@Z@4HA 00000001403663f8     moc_workmodels.obj
 0004:000013f8       $pdata$?dtor$0@?0???$createInto@VPlanSelector@@@QQmlPrivate@@YAXPEAX@Z@4HA 00000001403663f8     main.obj
 0004:000013f8       $pdata$?dtor$0@?0???$createInto@VStatusViewWatcher@@@QQmlPrivate@@YAXPEAX@Z@4HA 00000001403663f8     main.obj
 0004:000013f8       $pdata$?dtor$0@?0??Construct@?$QMetaTypeFunctionHelper@V?$QList@PEAVQObject@@@@$00@QtMetaTypePrivate@@SAPEAXPEAXPEBX@Z@4HA 00000001403663f8     moc_workmodels.obj
 0004:00001404       $pdata$__scrt_is_nonwritable_in_current_image$filt$0 0000000140366404     MSVCRT:utility.obj
 0004:00001410       $pdata$?filt$0@?0??__scrt_common_main_seh@@YAHXZ@4HA 0000000140366410     MSVCRT:exe_winmain.obj
 0004:0000141c       $pdata$??__Fdummy@?A0x3a58f25f@@YAXXZ 000000014036641c     qrc_qml.obj
 0004:00001428       $pdata$??__Ff@?4??registerConverter@?$ValueTypeIsMetaType@V?$QList@H@@$00@QtPrivate@@SA_NH@Z@YAXXZ 0000000140366428     moc_workmodels.obj
 0004:00001434       $pdata$??__Ff@?4??registerConverter@?$ValueTypeIsMetaType@V?$QList@PEAVQObject@@@@$00@QtPrivate@@SA_NH@Z@YAXXZ 0000000140366434     moc_workmodels.obj
 0005:00000000       __guard_fids__             0000000140367000     MSVCRT:std_type_info_static.obj
 0005:00000004       __guard_fids__             0000000140367004     MSVCRT:thread_safe_statics.obj
 0005:00000008       __guard_fids_?__scrt_initialize_thread_safe_statics@@YAHXZ 0000000140367008     MSVCRT:thread_safe_statics.obj
 0005:0000000c       __guard_fids__             000000014036700c     MSVCRT:exe_winmain.obj
 0005:00000010       __guard_fids__             0000000140367010     MSVCRT:exe_winmain.obj
 0005:00000014       __guard_fids__             0000000140367014     MSVCRT:exe_winmain.obj
 0005:00000018       __guard_fids_?pre_c_initialization@@YAHXZ 0000000140367018     MSVCRT:exe_winmain.obj
 0005:00000020       __guard_fids__             0000000140367020     MSVCRT:throw_bad_alloc.obj
 0005:00000028       __guard_fids__             0000000140367028     MSVCRT:throw_bad_alloc.obj
 0005:00000030       __guard_fids__             0000000140367030     MSVCRT:throw_bad_alloc.obj
 0005:00000038       __guard_fids___scrt_set_unhandled_exception_filter 0000000140367038     MSVCRT:utility_desktop.obj
 0005:0000003c       __guard_fids__             000000014036703c     MSVCRT:guard_support.obj
 0007:00000060       $R000000                   0000000140369060     * linker generated manifest res *
