 UserInterfaceLayer

 Timestamp is 59550a05 (Thu Jun 29 22:09:09 2017)

 Preferred load address is 00400000

 Start         Length     Name                   Class
 0001:00000000 000000c0H .text$di                CODE
 0001:000000c0 000119e0H .text$mn                CODE
 0001:00011aa0 00001f30H .text$x                 CODE
 0001:000139d0 000000fdH .text$yd                CODE
 0002:00000000 00000478H .idata$5                DATA
 0002:00000478 00000004H .00cfg                  DATA
 0002:0000047c 00000004H .CRT$XCA                DATA
 0002:00000480 00000004H .CRT$XCAA               DATA
 0002:00000484 00000028H .CRT$XCU                DATA
 0002:000004ac 00000004H .CRT$XCZ                DATA
 0002:000004b0 00000004H .CRT$XIA                DATA
 0002:000004b4 00000004H .CRT$XIAA               DATA
 0002:000004b8 00000004H .CRT$XIAC               DATA
 0002:000004bc 00000004H .CRT$XIC                DATA
 0002:000004c0 00000004H .CRT$XIZ                DATA
 0002:000004c4 00000004H .CRT$XLA                DATA
 0002:000004c8 00000004H .CRT$XLZ                DATA
 0002:000004cc 00000004H .CRT$XPA                DATA
 0002:000004d0 00000004H .CRT$XPZ                DATA
 0002:000004d4 00000004H .CRT$XTA                DATA
 0002:000004d8 00000008H .CRT$XTZ                DATA
 0002:000004e0 00037964H .rdata                  DATA
 0002:00037e44 00000018H .rdata$T                DATA
 0002:00037e5c 00000714H .rdata$r                DATA
 0002:00038570 000001a0H .rdata$sxdata           DATA
 0002:00038710 000003dcH .rdata$zzzdbg           DATA
 0002:00038aec 00000004H .rtc$IAA                DATA
 0002:00038af0 00000004H .rtc$IZZ                DATA
 0002:00038af4 00000004H .rtc$TAA                DATA
 0002:00038af8 00000008H .rtc$TZZ                DATA
 0002:00038b00 000027d4H .xdata$x                DATA
 0002:0003b2d4 00000000H .edata                  DATA
 0002:0003b2d4 00000118H .idata$2                DATA
 0002:0003b3ec 00000014H .idata$3                DATA
 0002:0003b400 00000478H .idata$4                DATA
 0002:0003b878 00002720H .idata$6                DATA
 0003:00000000 00000108H .data                   DATA
 0003:00000108 00000430H .data$r                 DATA
 0003:00000538 000003e0H .bss                    DATA
 0004:00000000 00000058H .gfids$y                DATA
 0005:00000000 00000004H .tls                    DATA
 0005:00000004 00000004H .tls$                   DATA
 0005:00000008 00000001H .tls$ZZZ                DATA
 0006:00000000 00000060H .rsrc$01                DATA
 0006:00000060 00000290H .rsrc$02                DATA

  Address         Publics by Value              Rva+Base       Lib:Object

 0000:00000000       ___guard_iat_count         00000000     <absolute>
 0000:00000000       ___guard_longjmp_count     00000000     <absolute>
 0000:00000000       ___guard_longjmp_table     00000000     <absolute>
 0000:00000000       ___guard_fids_table        00000000     <absolute>
 0000:00000000       ___guard_iat_table         00000000     <absolute>
 0000:00000000       ___dynamic_value_reloc_table 00000000     <absolute>
 0000:00000000       ___guard_fids_count        00000000     <absolute>
 0000:0000002c       __tls_array                0000002c     <absolute>
 0000:00000068       ___safe_se_handler_count   00000068     <absolute>
 0000:00000100       ___guard_flags             00000100     <absolute>
 0000:00000000       ___ImageBase               00400000     <linker-defined>
 0001:000000c0       ??$connect@P8QQmlEngine@@AEXXZP6AXXZ@QObject@@SA?AVConnection@QMetaObject@@PBVQQmlEngine@@P83@AEXXZPBV0@P6AXXZW4ConnectionType@Qt@@@Z 004010c0 f i main.obj
 0001:00000120       ??$createInto@VOperationParamObject@@@QQmlPrivate@@YAXPAX@Z 00401120 f i main.obj
 0001:00000180       ??$createInto@VOperationParamSelector@@@QQmlPrivate@@YAXPAX@Z 00401180 f i main.obj
 0001:000001e0       ??$createInto@VPlanController@@@QQmlPrivate@@YAXPAX@Z 004011e0 f i main.obj
 0001:00000240       ??$createInto@VPlanSelector@@@QQmlPrivate@@YAXPAX@Z 00401240 f i main.obj
 0001:000002a0       ??$createInto@VStatusViewWatcher@@@QQmlPrivate@@YAXPAX@Z 004012a0 f i main.obj
 0001:00000300       ??$createInto@VTextFieldDoubleValidator@@@QQmlPrivate@@YAXPAX@Z 00401300 f i main.obj
 0001:00000360       ??$qRegisterNormalizedMetaType@PAVOperationParamObject@@@@YAHABVQByteArray@@PAPAVOperationParamObject@@W4DefinedType@?$MetaTypeDefinedHelper@PAVOperationParamObject@@$00@QtPrivate@@@Z 00401360 f i main.obj
 0001:000003c0       ??$qRegisterNormalizedMetaType@PAVOperationParamSelector@@@@YAHABVQByteArray@@PAPAVOperationParamSelector@@W4DefinedType@?$MetaTypeDefinedHelper@PAVOperationParamSelector@@$00@QtPrivate@@@Z 004013c0 f i main.obj
 0001:00000420       ??$qRegisterNormalizedMetaType@PAVPlanController@@@@YAHABVQByteArray@@PAPAVPlanController@@W4DefinedType@?$MetaTypeDefinedHelper@PAVPlanController@@$00@QtPrivate@@@Z 00401420 f i main.obj
 0001:00000480       ??$qRegisterNormalizedMetaType@PAVPlanSelector@@@@YAHABVQByteArray@@PAPAVPlanSelector@@W4DefinedType@?$MetaTypeDefinedHelper@PAVPlanSelector@@$00@QtPrivate@@@Z 00401480 f i main.obj
 0001:000004e0       ??$qRegisterNormalizedMetaType@PAVStatusViewWatcher@@@@YAHABVQByteArray@@PAPAVStatusViewWatcher@@W4DefinedType@?$MetaTypeDefinedHelper@PAVStatusViewWatcher@@$00@QtPrivate@@@Z 004014e0 f i main.obj
 0001:00000540       ??$qRegisterNormalizedMetaType@PAVTextFieldDoubleValidator@@@@YAHABVQByteArray@@PAPAVTextFieldDoubleValidator@@W4DefinedType@?$MetaTypeDefinedHelper@PAVTextFieldDoubleValidator@@$00@QtPrivate@@@Z 00401540 f i main.obj
 0001:000005a0       ??$qmlRegisterType@VOperationParamObject@@@@YAHPBDHH0@Z 004015a0 f i main.obj
 0001:00000850       ??$qmlRegisterType@VOperationParamSelector@@@@YAHPBDHH0@Z 00401850 f i main.obj
 0001:00000b00       ??$qmlRegisterType@VPlanController@@@@YAHPBDHH0@Z 00401b00 f i main.obj
 0001:00000db0       ??$qmlRegisterType@VPlanSelector@@@@YAHPBDHH0@Z 00401db0 f i main.obj
 0001:00001060       ??$qmlRegisterType@VStatusViewWatcher@@@@YAHPBDHH0@Z 00402060 f i main.obj
 0001:00001310       ??$qmlRegisterType@VTextFieldDoubleValidator@@@@YAHPBDHH0@Z 00402310 f i main.obj
 0001:000015c0       ??0OperationParamData@@QAE@XZ 004025c0 f i main.obj
 0001:00001630       ??1?$QList@VQString@@@@QAE@XZ 00402630 f i main.obj
 0001:000016c0       ??1?$QVarLengthArray@D$0DA@@@QAE@XZ 004026c0 f i main.obj
 0001:000016c0       ??1?$QVarLengthArray@D$0EA@@@QAE@XZ 004026c0 f i main.obj
 0001:000016e0       ??1OperationParamData@@QAE@XZ 004026e0 f i main.obj
 0001:00001790       ??1OperationParamSelector@@UAE@XZ 00402790 f i main.obj
 0001:00001840       ??1PlanSelector@@UAE@XZ    00402840 f i main.obj
 0001:000018f0       ??1RegisterType@QQmlPrivate@@QAE@XZ 004028f0 f i main.obj
 0001:00001900       ??H@YA?BVQString@@ABV0@0@Z 00402900 f i main.obj
 0001:00001970       ??H@YA?BVQString@@ABV0@PBD@Z 00402970 f i main.obj
 0001:00001a00       ??_G?$QQmlElement@VOperationParamObject@@@QQmlPrivate@@UAEPAXI@Z 00402a00 f i main.obj
 0001:00001a00       ??_E?$QQmlElement@VOperationParamObject@@@QQmlPrivate@@UAEPAXI@Z 00402a00 f i main.obj
 0001:00001a80       ??_E?$QQmlElement@VOperationParamSelector@@@QQmlPrivate@@UAEPAXI@Z 00402a80 f i main.obj
 0001:00001a80       ??_G?$QQmlElement@VOperationParamSelector@@@QQmlPrivate@@UAEPAXI@Z 00402a80 f i main.obj
 0001:00001af0       ??_G?$QQmlElement@VPlanController@@@QQmlPrivate@@UAEPAXI@Z 00402af0 f i main.obj
 0001:00001af0       ??_E?$QQmlElement@VPlanController@@@QQmlPrivate@@UAEPAXI@Z 00402af0 f i main.obj
 0001:00001b60       ??_G?$QQmlElement@VPlanSelector@@@QQmlPrivate@@UAEPAXI@Z 00402b60 f i main.obj
 0001:00001b60       ??_E?$QQmlElement@VPlanSelector@@@QQmlPrivate@@UAEPAXI@Z 00402b60 f i main.obj
 0001:00001bd0       ??_E?$QQmlElement@VStatusViewWatcher@@@QQmlPrivate@@UAEPAXI@Z 00402bd0 f i main.obj
 0001:00001bd0       ??_G?$QQmlElement@VStatusViewWatcher@@@QQmlPrivate@@UAEPAXI@Z 00402bd0 f i main.obj
 0001:00001c40       ??_E?$QQmlElement@VTextFieldDoubleValidator@@@QQmlPrivate@@UAEPAXI@Z 00402c40 f i main.obj
 0001:00001c40       ??_G?$QQmlElement@VTextFieldDoubleValidator@@@QQmlPrivate@@UAEPAXI@Z 00402c40 f i main.obj
 0001:00001cb0       ??_GOperationParamObject@@UAEPAXI@Z 00402cb0 f i main.obj
 0001:00001cb0       ??_EOperationParamObject@@UAEPAXI@Z 00402cb0 f i main.obj
 0001:00001ce0       ?Construct@?$QMetaTypeFunctionHelper@PAVStatusViewWatcher@@$00@QtMetaTypePrivate@@SAPAXPAXPBX@Z 00402ce0 f i main.obj
 0001:00001ce0       ?Construct@?$QMetaTypeFunctionHelper@PAVOperationParamSelector@@$00@QtMetaTypePrivate@@SAPAXPAXPBX@Z 00402ce0 f i main.obj
 0001:00001ce0       ?Construct@?$QMetaTypeFunctionHelper@PAVPlanSelector@@$00@QtMetaTypePrivate@@SAPAXPAXPBX@Z 00402ce0 f i main.obj
 0001:00001ce0       ?Construct@?$QMetaTypeFunctionHelper@PAVOperationParamObject@@$00@QtMetaTypePrivate@@SAPAXPAXPBX@Z 00402ce0 f i main.obj
 0001:00001ce0       ?Construct@?$QMetaTypeFunctionHelper@PAVTextFieldDoubleValidator@@$00@QtMetaTypePrivate@@SAPAXPAXPBX@Z 00402ce0 f i main.obj
 0001:00001ce0       ?Construct@?$QMetaTypeFunctionHelper@PAVPlanController@@$00@QtMetaTypePrivate@@SAPAXPAXPBX@Z 00402ce0 f i main.obj
 0001:00001d10       ?Construct@?$QMetaTypeFunctionHelper@V?$QQmlListProperty@VOperationParamSelector@@@@$00@QtMetaTypePrivate@@SAPAXPAXPBX@Z 00402d10 f i main.obj
 0001:00001d10       ?Construct@?$QMetaTypeFunctionHelper@V?$QQmlListProperty@VTextFieldDoubleValidator@@@@$00@QtMetaTypePrivate@@SAPAXPAXPBX@Z 00402d10 f i main.obj
 0001:00001d10       ?Construct@?$QMetaTypeFunctionHelper@V?$QQmlListProperty@VPlanController@@@@$00@QtMetaTypePrivate@@SAPAXPAXPBX@Z 00402d10 f i main.obj
 0001:00001d10       ?Construct@?$QMetaTypeFunctionHelper@V?$QQmlListProperty@VOperationParamObject@@@@$00@QtMetaTypePrivate@@SAPAXPAXPBX@Z 00402d10 f i main.obj
 0001:00001d10       ?Construct@?$QMetaTypeFunctionHelper@V?$QQmlListProperty@VPlanSelector@@@@$00@QtMetaTypePrivate@@SAPAXPAXPBX@Z 00402d10 f i main.obj
 0001:00001d10       ?Construct@?$QMetaTypeFunctionHelper@V?$QQmlListProperty@VStatusViewWatcher@@@@$00@QtMetaTypePrivate@@SAPAXPAXPBX@Z 00402d10 f i main.obj
 0001:00001d70       @_guard_check_icall_nop@4  00402d70 f i MSVCRT:guard_support.obj
 0001:00001d70       ?Destruct@?$QMetaTypeFunctionHelper@V?$QQmlListProperty@VPlanController@@@@$00@QtMetaTypePrivate@@SAXPAX@Z 00402d70 f i main.obj
 0001:00001d70       ?Destruct@?$QMetaTypeFunctionHelper@VQSequentialIterableImpl@QtMetaTypePrivate@@$00@QtMetaTypePrivate@@SAXPAX@Z 00402d70 f i moc_workmodels.obj
 0001:00001d70       ?Destruct@?$QMetaTypeFunctionHelper@V?$QQmlListProperty@VStatusViewWatcher@@@@$00@QtMetaTypePrivate@@SAXPAX@Z 00402d70 f i main.obj
 0001:00001d70       ?Destruct@?$QMetaTypeFunctionHelper@PAVTextFieldDoubleValidator@@$00@QtMetaTypePrivate@@SAXPAX@Z 00402d70 f i main.obj
 0001:00001d70       ??3@YAXPAX0@Z              00402d70 f i main.obj
 0001:00001d70       ?Destruct@?$QMetaTypeFunctionHelper@V?$QQmlListProperty@VOperationParamSelector@@@@$00@QtMetaTypePrivate@@SAXPAX@Z 00402d70 f i main.obj
 0001:00001d70       ?onComplete@PlanSelector@@QAEXXZ 00402d70 f i workmodels.obj
 0001:00001d70       ?Destruct@?$QMetaTypeFunctionHelper@PAVOperationParamSelector@@$00@QtMetaTypePrivate@@SAXPAX@Z 00402d70 f i main.obj
 0001:00001d70       __initialize_denormal_control 00402d70 f i MSVCRT:denormal_control.obj
 0001:00001d70       ?Destruct@?$QMetaTypeFunctionHelper@PAVPlanSelector@@$00@QtMetaTypePrivate@@SAXPAX@Z 00402d70 f i main.obj
 0001:00001d70       ?Destruct@?$QMetaTypeFunctionHelper@V?$QQmlListProperty@VOperationParamObject@@@@$00@QtMetaTypePrivate@@SAXPAX@Z 00402d70 f i main.obj
 0001:00001d70       ?Destruct@?$QMetaTypeFunctionHelper@PAVStatusViewWatcher@@$00@QtMetaTypePrivate@@SAXPAX@Z 00402d70 f i main.obj
 0001:00001d70       ?qt_static_metacall@configFileHandler@@CAXPAVQObject@@W4Call@QMetaObject@@HPAPAX@Z 00402d70 f i moc_configfilehandler.obj
 0001:00001d70       ?Destruct@?$QMetaTypeFunctionHelper@PAVOperationParamObject@@$00@QtMetaTypePrivate@@SAXPAX@Z 00402d70 f i main.obj
 0001:00001d70       ?Destruct@?$QMetaTypeFunctionHelper@PAVPlanController@@$00@QtMetaTypePrivate@@SAXPAX@Z 00402d70 f i main.obj
 0001:00001d70       ?Destruct@?$QMetaTypeFunctionHelper@V?$QQmlListProperty@VTextFieldDoubleValidator@@@@$00@QtMetaTypePrivate@@SAXPAX@Z 00402d70 f i main.obj
 0001:00001d70       ?Destruct@?$QMetaTypeFunctionHelper@V?$QQmlListProperty@VPlanSelector@@@@$00@QtMetaTypePrivate@@SAXPAX@Z 00402d70 f i main.obj
 0001:00001d70       __initialize_invalid_parameter_handler 00402d70 f i MSVCRT:invalid_parameter_handler.obj
 0001:00001d80       ?TopLevelExceptionFilter@@YGJPAU_EXCEPTION_POINTERS@@@Z 00402d80 f   main.obj
 0001:00001df0       ?customMessageHandler@@YAXW4QtMsgType@@ABVQMessageLogContext@@ABVQString@@@Z 00402df0 f   main.obj
 0001:00002160       ?dealloc@?$QList@VOperationParamData@@@@AAEXPAUData@QListData@@@Z 00403160 f i main.obj
 0001:000021c0       ?getConfigFullName@@YA?AVQString@@PBD@Z 004031c0 f   main.obj
 0001:00002230       ?impl@?$QStaticSlotObject@P6AXXZU?$List@$$V@QtPrivate@@X@QtPrivate@@CAXHPAVQSlotObjectBase@2@PAVQObject@@PAPAXPA_N@Z 00403230 f i main.obj
 0001:00002260       ?qt_metatype_id@?$QMetaTypeIdQObject@PAVOperationParamObject@@$07@@SAHXZ 00403260 f i main.obj
 0001:00002310       ?qt_metatype_id@?$QMetaTypeIdQObject@PAVOperationParamSelector@@$07@@SAHXZ 00403310 f i main.obj
 0001:000023c0       ?qt_metatype_id@?$QMetaTypeIdQObject@PAVPlanController@@$07@@SAHXZ 004033c0 f i main.obj
 0001:00002470       ?qt_metatype_id@?$QMetaTypeIdQObject@PAVPlanSelector@@$07@@SAHXZ 00403470 f i main.obj
 0001:00002520       ?qt_metatype_id@?$QMetaTypeIdQObject@PAVStatusViewWatcher@@$07@@SAHXZ 00403520 f i main.obj
 0001:000025d0       ?qt_metatype_id@?$QMetaTypeIdQObject@PAVTextFieldDoubleValidator@@$07@@SAHXZ 004035d0 f i main.obj
 0001:00002680       ?validate@TextFieldDoubleValidator@@UBE?AW4State@QValidator@@AAVQString@@AAH@Z 00403680 f i main.obj
 0001:00002800       _main                      00403800 f   main.obj
 0001:00002c60       ??$connect@P8EnvironmentVariant@@AEXXZP8StatusViewWatcher@@AEXXZ@QObject@@SA?AVConnection@QMetaObject@@PBVEnvironmentVariant@@P83@AEXXZPBVStatusViewWatcher@@P84@AEXXZW4ConnectionType@Qt@@@Z 00403c60 f i workmodels.obj
 0001:00002cc0       ??$qMakeForeachContainer@AAV?$QList@PAVQObject@@@@@QtPrivate@@YA?AV?$QForeachContainer@V?$QList@PAVQObject@@@@@0@AAV?$QList@PAVQObject@@@@@Z 00403cc0 f i workmodels.obj
 0001:00002d00       ??0?$QList@PAVQObject@@@@QAE@ABV0@@Z 00403d00 f i workmodels.obj
 0001:00002d00       ??0?$QList@H@@QAE@ABV0@@Z  00403d00 f i workmodels.obj
 0001:00002db0       ??0?$QList@VOperationParamData@@@@QAE@ABV0@@Z 00403db0 f i workmodels.obj
 0001:00002e60       ??0?$QList@VQString@@@@QAE@ABV0@@Z 00403e60 f i workmodels.obj
 0001:00002f10       ??0OperationParamData@@QAE@ABV0@@Z 00403f10 f i workmodels.obj
 0001:00003080       ??0OperationParamSelector@@QAE@PAVQObject@@@Z 00404080 f   workmodels.obj
 0001:000030d0       ??0PlanController@@QAE@PAVQObject@@@Z 004040d0 f   workmodels.obj
 0001:00003140       ??0PlanSelector@@QAE@PAVQObject@@@Z 00404140 f   workmodels.obj
 0001:000031f0       ??0StatusViewWatcher@@QAE@PAVQObject@@@Z 004041f0 f   workmodels.obj
 0001:00003280       ??1?$QForeachContainer@V?$QList@PAVQObject@@@@@QtPrivate@@QAE@XZ 00404280 f i workmodels.obj
 0001:000032e0       ??1?$QForeachContainer@V?$QList@VOperationParamData@@@@@QtPrivate@@QAE@XZ 004042e0 f i workmodels.obj
 0001:00003340       ??1?$QList@H@@QAE@XZ       00404340 f i workmodels.obj
 0001:00003340       ??1?$QList@PAVQObject@@@@QAE@XZ 00404340 f i workmodels.obj
 0001:000033a0       ??1?$QList@VOperationParamData@@@@QAE@XZ 004043a0 f i workmodels.obj
 0001:00003400       ??1MachineConfigData@@QAE@XZ 00404400 f i workmodels.obj
 0001:00003410       ??1PlanController@@UAE@XZ  00404410 f   workmodels.obj
 0001:00003470       ??1SingleOperationData@@QAE@XZ 00404470 f i workmodels.obj
 0001:000034e0       ??1StatusViewWatcher@@UAE@XZ 004044e0 f   workmodels.obj
 0001:00003560       ??_EOperationParamSelector@@UAEPAXI@Z 00404560 f i workmodels.obj
 0001:00003560       ??_GOperationParamSelector@@UAEPAXI@Z 00404560 f i workmodels.obj
 0001:00003580       ??_EPlanController@@UAEPAXI@Z 00404580 f i workmodels.obj
 0001:00003580       ??_GPlanController@@UAEPAXI@Z 00404580 f i workmodels.obj
 0001:000035f0       ??_EPlanSelector@@UAEPAXI@Z 004045f0 f i workmodels.obj
 0001:000035f0       ??_GPlanSelector@@UAEPAXI@Z 004045f0 f i workmodels.obj
 0001:00003610       ??_EStatusViewWatcher@@UAEPAXI@Z 00404610 f i workmodels.obj
 0001:00003610       ??_GStatusViewWatcher@@UAEPAXI@Z 00404610 f i workmodels.obj
 0001:000036b0       ?addPlan@PlanSelector@@QAEXABVQString@@@Z 004046b0 f   workmodels.obj
 0001:000036d0       ?addStep@PlanSelector@@QAEXHHH@Z 004046d0 f   workmodels.obj
 0001:000036f0       ?append@?$QList@PAVQObject@@@@QAEXABQAVQObject@@@Z 004046f0 f i workmodels.obj
 0001:000036f0       ?append@?$QList@H@@QAEXABH@Z 004046f0 f i configfilehandler.obj
 0001:00003780       ?append@?$QList@VOperationParamData@@@@QAEXABVOperationParamData@@@Z 00404780 f i workmodels.obj
 0001:00003840       ?commitParam@PlanSelector@@QAEXHHABVQString@@ABVQVariant@@@Z 00404840 f   workmodels.obj
 0001:00003860       ?detach_helper_grow@?$QList@PAVQObject@@@@AAEPAUNode@1@HH@Z 00404860 f i workmodels.obj
 0001:00003860       ?detach_helper_grow@?$QList@H@@AAEPAUNode@1@HH@Z 00404860 f i configfilehandler.obj
 0001:000039a0       ?detach_helper_grow@?$QList@VOperationParamData@@@@AAEPAUNode@1@HH@Z 004049a0 f i workmodels.obj
 0001:00003af0       ?eventFilter@PlanController@@UAE_NPAVQObject@@PAVQEvent@@@Z 00404af0 f   workmodels.obj
 0001:00003b40       ?eventFilter@StatusViewWatcher@@UAE_NPAVQObject@@PAVQEvent@@@Z 00404b40 f   workmodels.obj
 0001:00003b80       ?getSwitch@OperationParamSelector@@QAEPAVQObject@@ABVQString@@@Z 00404b80 f   workmodels.obj
 0001:00003ce0       ?getSwitch@PlanSelector@@QAEPAVQObject@@ABVQString@@@Z 00404ce0 f   workmodels.obj
 0001:00003e40       ?getWorkLocationTypeList@StatusViewWatcher@@QAE?AVQStringList@@XZ 00404e40 f   workmodels.obj
 0001:00003e70       ?impl@?$QSlotObject@P8StatusViewWatcher@@AEXXZU?$List@$$V@QtPrivate@@X@QtPrivate@@CAXHPAVQSlotObjectBase@2@PAVQObject@@PAPAXPA_N@Z 00404e70 f i workmodels.obj
 0001:00003ec0       ?init@OperationParamSelector@@QAEXABVQString@@@Z 00404ec0 f   workmodels.obj
 0001:00003f40       ?moveStep@PlanSelector@@QAEXHHH@Z 00404f40 f   workmodels.obj
 0001:00003f60       ?node_copy@?$QList@PAVQObject@@@@AAEXPAUNode@1@00@Z 00404f60 f i workmodels.obj
 0001:00003f60       ?node_copy@?$QList@H@@AAEXPAUNode@1@00@Z 00404f60 f i workmodels.obj
 0001:00003f90       ?node_copy@?$QList@VOperationParamData@@@@AAEXPAUNode@1@00@Z 00404f90 f i workmodels.obj
 0001:00004060       ?node_copy@?$QList@VQString@@@@AAEXPAUNode@1@00@Z 00405060 f i workmodels.obj
 0001:000040a0       ?node_destruct@?$QList@VOperationParamData@@@@AAEXPAUNode@1@0@Z 004050a0 f i workmodels.obj
 0001:000040e0       ?onCompleteSingleOperation@OperationParamSelector@@QAEXXZ 004050e0 f   workmodels.obj
 0001:00004360       ?onMachineConfigChanged@TargetMachineObject@@QAEXXZ 00405360 f   workmodels.obj
 0001:000043e0       ?onSave@PlanSelector@@QAEXXZ 004053e0 f   workmodels.obj
 0001:000043f0       ?operationCurrentIndex@PlanSelector@@QAEHXZ 004053f0 f   workmodels.obj
 0001:00004410       ?planListModel@PlanSelector@@QAE?AVQStringList@@XZ 00405410 f   workmodels.obj
 0001:00004440       ?removePlan@PlanSelector@@QAEXH@Z 00405440 f   workmodels.obj
 0001:00004460       ?removeStep@PlanSelector@@QAEXHH@Z 00405460 f   workmodels.obj
 0001:00004480       ?resumePlan@PlanController@@QAEXXZ 00405480 f   workmodels.obj
 0001:000044b0       ?setPlanName@PlanSelector@@QAEXHABVQString@@@Z 004054b0 f   workmodels.obj
 0001:000044d0       ?setSelectedOperation@OperationParamSelector@@QAEXH@Z 004054d0 f   workmodels.obj
 0001:00004870       ?setSelectedOperation@PlanSelector@@QAEXHHH@Z 00405870 f   workmodels.obj
 0001:00004d00       ?setSelectedStep@PlanSelector@@QAEXHH@Z 00405d00 f   workmodels.obj
 0001:000050b0       ?setWorkLocationType@StatusViewWatcher@@QAE_NHABVQString@@@Z 004060b0 f   workmodels.obj
 0001:000050d0       ?startPlan@PlanController@@QAEXHH@Z 004060d0 f   workmodels.obj
 0001:00005100       ?stepListModel@PlanSelector@@QAE?AVQStringList@@H@Z 00406100 f   workmodels.obj
 0001:00005130       ?stopPlan@PlanController@@QAEXXZ 00406130 f   workmodels.obj
 0001:00005140       ??$qMakeForeachContainer@ABV?$QList@VOperationParamData@@@@@QtPrivate@@YA?AV?$QForeachContainer@V?$QList@VOperationParamData@@@@@0@ABV?$QList@VOperationParamData@@@@@Z 00406140 f i configfilehandler.obj
 0001:00005140       ??$qMakeForeachContainer@AAV?$QList@VOperationParamData@@@@@QtPrivate@@YA?AV?$QForeachContainer@V?$QList@VOperationParamData@@@@@0@AAV?$QList@VOperationParamData@@@@@Z 00406140 f i workmodels.obj
 0001:00005180       ??$qMakePair@VQString@@V?$QList@VSingleOperationData@@@@@@YA?AU?$QPair@VQString@@V?$QList@VSingleOperationData@@@@@@ABVQString@@ABV?$QList@VSingleOperationData@@@@@Z 00406180 f i configfilehandler.obj
 0001:000051e0       ??0?$QList@VSingleOperationData@@@@QAE@ABV0@@Z 004061e0 f i configfilehandler.obj
 0001:00005290       ??0OperationParamData@@QAE@ABVQString@@00ABVQStringList@@_NHH0V?$QList@H@@00HH@Z 00406290 f i configfilehandler.obj
 0001:00005430       ??0configFileHandler@@QAE@PAVQObject@@@Z 00406430 f   configfilehandler.obj
 0001:00005490       ??1?$QForeachContainer@VQStringList@@@QtPrivate@@QAE@XZ 00406490 f i configfilehandler.obj
 0001:00005490       ??1QStringList@@QAE@XZ     00406490 f i workmodels.obj
 0001:000054a0       ??1?$QList@VSingleOperationData@@@@QAE@XZ 004064a0 f i configfilehandler.obj
 0001:00005520       ??1?$QMap@VQString@@V1@@@QAE@XZ 00406520 f i configfilehandler.obj
 0001:000055a0       ??1?$QMap@VQString@@VOperationParamData@@@@QAE@XZ 004065a0 f i configfilehandler.obj
 0001:00005640       ??1?$QMap@VQString@@VQStringList@@@@QAE@XZ 00406640 f i configfilehandler.obj
 0001:000056e0       ??1?$QPair@VQString@@V?$QList@VSingleOperationData@@@@@@QAE@XZ 004066e0 f i configfilehandler.obj
 0001:00005770       ??4?$QList@U?$QPair@VQString@@V?$QList@VSingleOperationData@@@@@@@@QAEAAV0@$$QAV0@@Z 00406770 f i configfilehandler.obj
 0001:00005810       ??4OperationParamData@@QAEAAV0@ABV0@@Z 00406810 f i configfilehandler.obj
 0001:00005920       ??A?$QMap@VQString@@V1@@@QAEAAVQString@@ABV1@@Z 00406920 f i configfilehandler.obj
 0001:000059e0       ??A?$QMap@VQString@@VOperationParamData@@@@QBE?BVOperationParamData@@ABVQString@@@Z 004069e0 f i configfilehandler.obj
 0001:00005aa0       ??A?$QMap@VQString@@VQStringList@@@@QAEAAVQStringList@@ABVQString@@@Z 00406aa0 f i configfilehandler.obj
 0001:00005b60       ??_G?$QPair@VQString@@V?$QList@VSingleOperationData@@@@@@QAEPAXI@Z 00406b60 f i configfilehandler.obj
 0001:00005c00       ??_GSingleOperationData@@QAEPAXI@Z 00406c00 f i configfilehandler.obj
 0001:00005c80       ??_GconfigFileHandler@@UAEPAXI@Z 00406c80 f i configfilehandler.obj
 0001:00005c80       ??_EconfigFileHandler@@UAEPAXI@Z 00406c80 f i configfilehandler.obj
 0001:00005cb0       ?ParseHostIP@configFileHandler@@QAE?AVQString@@XZ 00406cb0 f   configfilehandler.obj
 0001:00005d80       ?ParseHostPort@configFileHandler@@QAEFXZ 00406d80 f   configfilehandler.obj
 0001:00005e60       ?ParseHostSingleOperationThreshold@configFileHandler@@QAEHXZ 00406e60 f   configfilehandler.obj
 0001:00005f50       ?ParseLicense@configFileHandler@@QAEXAAVQByteArray@@@Z 00406f50 f   configfilehandler.obj
 0001:00006040       ?ParseListMap@configFileHandler@@QAE?AV?$QMap@VQString@@VQStringList@@@@ABVQString@@@Z 00407040 f   configfilehandler.obj
 0001:000062e0       ?ParseMap@configFileHandler@@QAE?AV?$QMap@VQString@@V1@@@ABVQString@@@Z 004072e0 f   configfilehandler.obj
 0001:00006430       ?ParseMapRevertKeyValue@configFileHandler@@QAE?AV?$QMap@VQString@@V1@@@ABVQString@@@Z 00407430 f   configfilehandler.obj
 0001:00006590       ?ParseParamValue@configFileHandler@@QAE?AV?$QMap@VQString@@VOperationParamData@@@@ABVQString@@@Z 00407590 f   configfilehandler.obj
 0001:00007230       ?ParsePlanList@configFileHandler@@QAEXAAV?$QList@U?$QPair@VQString@@V?$QList@VSingleOperationData@@@@@@@@ABV?$QMap@VQString@@VOperationParamData@@@@@Z 00408230 f   configfilehandler.obj
 0001:00007c20       ?ParseWorkLocationTypeList@configFileHandler@@QAEXAAVQStringList@@@Z 00408c20 f   configfilehandler.obj
 0001:00007e00       ?SaveMachineConfig@configFileHandler@@QAEXABVQString@@ABVMachineConfigData@@ABVQStringList@@@Z 00408e00 f   configfilehandler.obj
 0001:00008330       ?SavePlanList@configFileHandler@@QAEXABVQString@@ABV?$QList@U?$QPair@VQString@@V?$QList@VSingleOperationData@@@@@@@@ABV?$QMap@VQString@@VQStringList@@@@@Z 00409330 f   configfilehandler.obj
 0001:00008ac0       ?append@?$QList@U?$QPair@VQString@@V?$QList@VSingleOperationData@@@@@@@@QAEXABU?$QPair@VQString@@V?$QList@VSingleOperationData@@@@@@@Z 00409ac0 f i configfilehandler.obj
 0001:00008ba0       ?append@?$QList@VQString@@@@QAEXABVQString@@@Z 00409ba0 f i configfilehandler.obj
 0001:00008c50       ?append@?$QList@VSingleOperationData@@@@QAEXABVSingleOperationData@@@Z 00409c50 f i configfilehandler.obj
 0001:00008d30       ?clear@?$QList@H@@QAEXXZ   00409d30 f i configfilehandler.obj
 0001:00008dd0       ?clear@?$QList@U?$QPair@VQString@@V?$QList@VSingleOperationData@@@@@@@@QAEXXZ 00409dd0 f i configfilehandler.obj
 0001:00008e60       ?copy@?$QMapNode@VQString@@V1@@@QBEPAU1@PAU?$QMapData@VQString@@V1@@@@Z 00409e60 f i configfilehandler.obj
 0001:00008ee0       ?copy@?$QMapNode@VQString@@VOperationParamData@@@@QBEPAU1@PAU?$QMapData@VQString@@VOperationParamData@@@@@Z 00409ee0 f i configfilehandler.obj
 0001:00008f60       ?copy@?$QMapNode@VQString@@VQStringList@@@@QBEPAU1@PAU?$QMapData@VQString@@VQStringList@@@@@Z 00409f60 f i configfilehandler.obj
 0001:00008fe0       ?createNode@?$QMapData@VQString@@V1@@@QAEPAU?$QMapNode@VQString@@V1@@@ABVQString@@0PAU2@_N@Z 00409fe0 f i configfilehandler.obj
 0001:00009020       ?createNode@?$QMapData@VQString@@VOperationParamData@@@@QAEPAU?$QMapNode@VQString@@VOperationParamData@@@@ABVQString@@ABVOperationParamData@@PAU2@_N@Z 0040a020 f i configfilehandler.obj
 0001:000090e0       ?createNode@?$QMapData@VQString@@VQStringList@@@@QAEPAU?$QMapNode@VQString@@VQStringList@@@@ABVQString@@ABVQStringList@@PAU2@_N@Z 0040a0e0 f i configfilehandler.obj
 0001:000091a0       ?destroySubTree@?$QMapNode@VQString@@V1@@@QAEXXZ 0040a1a0 f i configfilehandler.obj
 0001:000091d0       ?destroySubTree@?$QMapNode@VQString@@VOperationParamData@@@@QAEXXZ 0040a1d0 f i configfilehandler.obj
 0001:00009200       ?destroySubTree@?$QMapNode@VQString@@VQStringList@@@@QAEXXZ 0040a200 f i configfilehandler.obj
 0001:00009230       ?detach_helper@?$QMap@VQString@@V1@@@AAEXXZ 0040a230 f i configfilehandler.obj
 0001:000092b0       ?detach_helper@?$QMap@VQString@@VOperationParamData@@@@AAEXXZ 0040a2b0 f i configfilehandler.obj
 0001:00009350       ?detach_helper@?$QMap@VQString@@VQStringList@@@@AAEXXZ 0040a350 f i configfilehandler.obj
 0001:000093f0       ?detach_helper_grow@?$QList@U?$QPair@VQString@@V?$QList@VSingleOperationData@@@@@@@@AAEPAUNode@1@HH@Z 0040a3f0 f i configfilehandler.obj
 0001:00009560       ?detach_helper_grow@?$QList@VQString@@@@AAEPAUNode@1@HH@Z 0040a560 f i configfilehandler.obj
 0001:000096e0       ?detach_helper_grow@?$QList@VSingleOperationData@@@@AAEPAUNode@1@HH@Z 0040a6e0 f i configfilehandler.obj
 0001:00009850       ?insert@?$QMap@VQString@@V1@@@QAE?AViterator@1@ABVQString@@0@Z 0040a850 f i configfilehandler.obj
 0001:00009920       ?insert@?$QMap@VQString@@VOperationParamData@@@@QAE?AViterator@1@ABVQString@@ABVOperationParamData@@@Z 0040a920 f i configfilehandler.obj
 0001:000099f0       ?insert@?$QMap@VQString@@VQStringList@@@@QAE?AViterator@1@ABVQString@@ABVQStringList@@@Z 0040a9f0 f i configfilehandler.obj
 0001:00009ae0       ?key@iterator@QJsonObject@@QBE?AVQString@@XZ 0040aae0 f i configfilehandler.obj
 0001:00009b00       ?loadConfigFile@configFileHandler@@QAE_NABVQString@@@Z 0040ab00 f   configfilehandler.obj
 0001:00009c00       ?lowerBound@?$QMapNode@VQString@@V1@@@QAEPAU1@ABVQString@@@Z 0040ac00 f i configfilehandler.obj
 0001:00009c00       ?lowerBound@?$QMapNode@VQString@@VQStringList@@@@QAEPAU1@ABVQString@@@Z 0040ac00 f i configfilehandler.obj
 0001:00009c00       ?lowerBound@?$QMapNode@VQString@@VOperationParamData@@@@QAEPAU1@ABVQString@@@Z 0040ac00 f i configfilehandler.obj
 0001:00009c40       ?node_copy@?$QList@U?$QPair@VQString@@V?$QList@VSingleOperationData@@@@@@@@AAEXPAUNode@1@00@Z 0040ac40 f i configfilehandler.obj
 0001:00009d00       ?node_copy@?$QList@VSingleOperationData@@@@AAEXPAUNode@1@00@Z 0040ad00 f i configfilehandler.obj
 0001:00009dd0       ?node_destruct@?$QList@U?$QPair@VQString@@V?$QList@VSingleOperationData@@@@@@@@AAEXPAUNode@1@0@Z 0040add0 f i configfilehandler.obj
 0001:00009e90       ?node_destruct@?$QList@VQString@@@@AAEXPAUNode@1@0@Z 0040ae90 f i configfilehandler.obj
 0001:00009ec0       ?node_destruct@?$QList@VSingleOperationData@@@@AAEXPAUNode@1@0@Z 0040aec0 f i configfilehandler.obj
 0001:00009f60       ?toList@configFileHandler@@QAE?AVQStringList@@ABVQString@@@Z 0040af60 f   configfilehandler.obj
 0001:0000a040       ?value@?$QMap@VQString@@VOperationParamData@@@@QBE?BVOperationParamData@@ABVQString@@ABV2@@Z 0040b040 f i configfilehandler.obj
 0001:0000a0b0       ??$qMakeForeachContainer@AAVQStringList@@@QtPrivate@@YA?AV?$QForeachContainer@VQStringList@@@0@AAVQStringList@@@Z 0040b0b0 f i environmentvariant.obj
 0001:0000a0b0       ??$qMakeForeachContainer@ABVQStringList@@@QtPrivate@@YA?AV?$QForeachContainer@VQStringList@@@0@ABVQStringList@@@Z 0040b0b0 f i configfilehandler.obj
 0001:0000a0f0       ??$qMakeForeachContainer@ABV?$QList@VSingleOperationData@@@@@QtPrivate@@YA?AV?$QForeachContainer@V?$QList@VSingleOperationData@@@@@0@ABV?$QList@VSingleOperationData@@@@@Z 0040b0f0 f i environmentvariant.obj
 0001:0000a130       ??0EnvironmentVariant@@AAE@XZ 0040b130 f i environmentvariant.obj
 0001:0000a220       ??0SingleOperationData@@QAE@$$QAV0@@Z 0040b220 f i environmentvariant.obj
 0001:0000a250       ??0SingleOperationData@@QAE@ABV0@@Z 0040b250 f i environmentvariant.obj
 0001:0000a2c0       ??1?$QForeachContainer@V?$QList@VSingleOperationData@@@@@QtPrivate@@QAE@XZ 0040b2c0 f i environmentvariant.obj
 0001:0000a340       ??1?$QList@U?$QPair@VQString@@V?$QList@VSingleOperationData@@@@@@@@QAE@XZ 0040b340 f i environmentvariant.obj
 0001:0000a3c0       ??1EnvironmentVariant@@EAE@XZ 0040b3c0 f i environmentvariant.obj
 0001:0000a540       ??1configFileHandler@@UAE@XZ 0040b540 f i environmentvariant.obj
 0001:0000a560       ??4?$QList@VSingleOperationData@@@@QAEAAV0@ABV0@@Z 0040b560 f i environmentvariant.obj
 0001:0000a600       ??4SingleOperationData@@QAEAAV0@$$QAV0@@Z 0040b600 f i environmentvariant.obj
 0001:0000a690       ??4SingleOperationData@@QAEAAV0@ABV0@@Z 0040b690 f i environmentvariant.obj
 0001:0000a730       ??A?$QList@VQString@@@@QAEAAVQString@@H@Z 0040b730 f i environmentvariant.obj
 0001:0000a760       ??A?$QList@VSingleOperationData@@@@QAEAAVSingleOperationData@@H@Z 0040b760 f i environmentvariant.obj
 0001:0000a790       ??A?$QMap@VQString@@VOperationParamData@@@@QAEAAVOperationParamData@@ABVQString@@@Z 0040b790 f i environmentvariant.obj
 0001:0000a850       ??Y?$QList@VQString@@@@QAEAAV0@ABV0@@Z 0040b850 f i environmentvariant.obj
 0001:0000a950       ??_GEnvironmentVariant@@EAEPAXI@Z 0040b950 f i environmentvariant.obj
 0001:0000a950       ??_EEnvironmentVariant@@EAEPAXI@Z 0040b950 f i environmentvariant.obj
 0001:0000a970       ??_ETargetMachineObject@@UAEPAXI@Z 0040b970 f i environmentvariant.obj
 0001:0000a970       ??_GTargetMachineObject@@UAEPAXI@Z 0040b970 f i environmentvariant.obj
 0001:0000a9a0       ?AddPlan@EnvironmentVariant@@QAEXABVQString@@@Z 0040b9a0 f   environmentvariant.obj
 0001:0000aab0       ?AddPlanStep@EnvironmentVariant@@QAEXHHH@Z 0040bab0 f   environmentvariant.obj
 0001:0000ac40       ?LogicalControlList@EnvironmentVariant@@QAE?AVQStringList@@XZ 0040bc40 f   environmentvariant.obj
 0001:0000add0       ?MovePlanStep@EnvironmentVariant@@QAEXHHH@Z 0040bdd0 f   environmentvariant.obj
 0001:0000aeb0       ?OperationNameList@EnvironmentVariant@@QAE?AVQStringList@@XZ 0040beb0 f   environmentvariant.obj
 0001:0000b040       ?PlanList@EnvironmentVariant@@QAE?AVQStringList@@XZ 0040c040 f   environmentvariant.obj
 0001:0000b100       ?RemovePlan@EnvironmentVariant@@QAEXH@Z 0040c100 f   environmentvariant.obj
 0001:0000b130       ?RemovePlanStep@EnvironmentVariant@@QAEXHH@Z 0040c130 f   environmentvariant.obj
 0001:0000b190       ?SaveMachineConfig@EnvironmentVariant@@QAEXABVMachineConfigData@@@Z 0040c190 f   environmentvariant.obj
 0001:0000b260       ?SavePlan@EnvironmentVariant@@QAEXXZ 0040c260 f   environmentvariant.obj
 0001:0000b2d0       ?SetPlanName@EnvironmentVariant@@QAEXHABVQString@@@Z 0040c2d0 f   environmentvariant.obj
 0001:0000b320       ?SetPlanStepSingleParam@EnvironmentVariant@@QAEXHHABVQString@@ABVQVariant@@@Z 0040c320 f   environmentvariant.obj
 0001:0000b480       ?SetPlanStepToDefault@EnvironmentVariant@@QAEXHHH@Z 0040c480 f   environmentvariant.obj
 0001:0000b550       ?StartPlan@EnvironmentVariant@@QAEXHH@Z 0040c550 f   environmentvariant.obj
 0001:0000be80       ?StartTunning@EnvironmentVariant@@QAEXABVSingleOperationData@@@Z 0040ce80 f   environmentvariant.obj
 0001:0000bf70       ?StepList@EnvironmentVariant@@QAE?AVQStringList@@H@Z 0040cf70 f   environmentvariant.obj
 0001:0000c110       ?StopPlan@EnvironmentVariant@@QAEXXZ 0040d110 f   environmentvariant.obj
 0001:0000c120       ?begin@?$QList@VOperationParamData@@@@QAE?AViterator@1@XZ 0040d120 f i environmentvariant.obj
 0001:0000c150       ?contains@?$QMap@VQString@@VQStringList@@@@QBE_NABVQString@@@Z 0040d150 f i environmentvariant.obj
 0001:0000c190       ?defaultValue@EnvironmentVariant@@QAE?AVSingleOperationData@@ABVQString@@@Z 0040d190 f   environmentvariant.obj
 0001:0000c3b0       ?detach_helper@?$QList@H@@AAEXH@Z 0040d3b0 f i environmentvariant.obj
 0001:0000c480       ?detach_helper@?$QList@U?$QPair@VQString@@V?$QList@VSingleOperationData@@@@@@@@AAEXH@Z 0040d480 f i environmentvariant.obj
 0001:0000c560       ?detach_helper@?$QList@VOperationParamData@@@@AAEXH@Z 0040d560 f i environmentvariant.obj
 0001:0000c630       ?detach_helper@?$QList@VQString@@@@AAEXH@Z 0040d630 f i environmentvariant.obj
 0001:0000c720       ?detach_helper@?$QList@VSingleOperationData@@@@AAEXH@Z 0040d720 f i environmentvariant.obj
 0001:0000c800       ?formatSingleOperationParam@EnvironmentVariant@@QAE?AVQJsonObject@@ABVSingleOperationData@@@Z 0040d800 f   environmentvariant.obj
 0001:0000cd90       ?getOperationIndex@EnvironmentVariant@@QAEHABVQString@@@Z 0040dd90 f   environmentvariant.obj
 0001:0000ce00       ?getOperationParams@EnvironmentVariant@@QAE?AV?$QList@VOperationParamData@@@@H@Z 0040de00 f   environmentvariant.obj
 0001:0000cfd0       ?getWorkLocationTypeList@EnvironmentVariant@@QAE?AVQStringList@@XZ 0040dfd0 f   environmentvariant.obj
 0001:0000cff0       ?initModels@EnvironmentVariant@@QAEXPAVQQmlContext@@@Z 0040dff0 f   environmentvariant.obj
 0001:0000d0c0       ?initProtocol@EnvironmentVariant@@QAEXABVQString@@@Z 0040e0c0 f   environmentvariant.obj
 0001:0000d130       ?initUserConfig@EnvironmentVariant@@QAEXABVQString@@@Z 0040e130 f   environmentvariant.obj
 0001:0000d290       ?insert@?$QList@VSingleOperationData@@@@QAEXHABVSingleOperationData@@@Z 0040e290 f i environmentvariant.obj
 0001:0000d370       ?instance@EnvironmentVariant@@SAPAV1@XZ 0040e370 f   environmentvariant.obj
 0001:0000d3d0       ?node_destruct@?$QList@VSingleOperationData@@@@AAEXPAUNode@1@@Z 0040e3d0 f i environmentvariant.obj
 0001:0000d450       ?parseConfigFile@EnvironmentVariant@@QAEXABVQString@@@Z 0040e450 f   environmentvariant.obj
 0001:0000daf0       ?planStepParam@EnvironmentVariant@@QAE?AVSingleOperationData@@HH@Z 0040eaf0 f   environmentvariant.obj
 0001:0000de40       ?removeAt@?$QList@U?$QPair@VQString@@V?$QList@VSingleOperationData@@@@@@@@QAEXH@Z 0040ee40 f i environmentvariant.obj
 0001:0000dea0       ?removeAt@?$QList@VSingleOperationData@@@@QAEXH@Z 0040eea0 f i environmentvariant.obj
 0001:0000def0       ?setWorkLocationType@EnvironmentVariant@@QAE_NHABVQString@@@Z 0040eef0 f   environmentvariant.obj
 0001:0000df90       ??$atImpl@V?$QList@PAVQObject@@@@@QSequentialIterableImpl@QtMetaTypePrivate@@SAPBXPBXH@Z 0040ef90 f i moc_workmodels.obj
 0001:0000df90       ??$atImpl@V?$QList@H@@@QSequentialIterableImpl@QtMetaTypePrivate@@SAPBXPBXH@Z 0040ef90 f i moc_workmodels.obj
 0001:0000dfb0       ??$equal@PBHV?$checked_array_iterator@PBH@stdext@@U?$equal_to@X@std@@@std@@YA_NPBH0V?$checked_array_iterator@PBH@stdext@@U?$equal_to@X@0@@Z 0040efb0 f i moc_workmodels.obj
 0001:0000dfb0       ??$equal@PBQAVQObject@@V?$checked_array_iterator@PBQAVQObject@@@stdext@@U?$equal_to@X@std@@@std@@YA_NPBQAVQObject@@0V?$checked_array_iterator@PBQAVQObject@@@stdext@@U?$equal_to@X@0@@Z 0040efb0 f i moc_workmodels.obj
 0001:0000e030       ??$getImpl@V?$QList@H@@@QSequentialIterableImpl@QtMetaTypePrivate@@SA?AUVariantData@1@PBQAXHI@Z 0040f030 f i moc_workmodels.obj
 0001:0000e030       ??$getImpl@V?$QList@PAVQObject@@@@@QSequentialIterableImpl@QtMetaTypePrivate@@SA?AUVariantData@1@PBQAXHI@Z 0040f030 f i moc_workmodels.obj
 0001:0000e050       ??$moveToBeginImpl@V?$QList@PAVQObject@@@@@QSequentialIterableImpl@QtMetaTypePrivate@@SAXPBXPAPAX@Z 0040f050 f i moc_workmodels.obj
 0001:0000e050       ??$moveToBeginImpl@V?$QList@H@@@QSequentialIterableImpl@QtMetaTypePrivate@@SAXPBXPAPAX@Z 0040f050 f i moc_workmodels.obj
 0001:0000e080       ??$moveToEndImpl@V?$QList@PAVQObject@@@@@QSequentialIterableImpl@QtMetaTypePrivate@@SAXPBXPAPAX@Z 0040f080 f i moc_workmodels.obj
 0001:0000e080       ??$moveToEndImpl@V?$QList@H@@@QSequentialIterableImpl@QtMetaTypePrivate@@SAXPBXPAPAX@Z 0040f080 f i moc_workmodels.obj
 0001:0000e0b0       ??$sizeImpl@V?$QList@H@@@QSequentialIterableImpl@QtMetaTypePrivate@@SAHPBX@Z 0040f0b0 f i moc_workmodels.obj
 0001:0000e0b0       ??$sizeImpl@V?$QList@PAVQObject@@@@@QSequentialIterableImpl@QtMetaTypePrivate@@SAHPBX@Z 0040f0b0 f i moc_workmodels.obj
 0001:0000e0c0       ??0QSequentialIterableImpl@QtMetaTypePrivate@@QAE@XZ 0040f0c0 f i moc_workmodels.obj
 0001:0000e130       ??4?$QList@PAVQObject@@@@QAEAAV0@$$QAV0@@Z 0040f130 f i moc_workmodels.obj
 0001:0000e130       ??4?$QList@H@@QAEAAV0@$$QAV0@@Z 0040f130 f i moc_workmodels.obj
 0001:0000e1b0       ??4QStringList@@QAEAAV0@$$QAV0@@Z 0040f1b0 f i moc_workmodels.obj
 0001:0000e1e0       ?Construct@?$QMetaTypeFunctionHelper@V?$QList@PAVQObject@@@@$00@QtMetaTypePrivate@@SAPAXPAXPBX@Z 0040f1e0 f i moc_workmodels.obj
 0001:0000e1e0       ?Construct@?$QMetaTypeFunctionHelper@V?$QList@H@@$00@QtMetaTypePrivate@@SAPAXPAXPBX@Z 0040f1e0 f i moc_workmodels.obj
 0001:0000e260       ?Construct@?$QMetaTypeFunctionHelper@VQSequentialIterableImpl@QtMetaTypePrivate@@$00@QtMetaTypePrivate@@SAPAXPAXPBX@Z 0040f260 f i moc_workmodels.obj
 0001:0000e2a0       ?Destruct@?$QMetaTypeFunctionHelper@V?$QList@PAVQObject@@@@$00@QtMetaTypePrivate@@SAXPAX@Z 0040f2a0 f i moc_workmodels.obj
 0001:0000e2a0       ?Destruct@?$QMetaTypeFunctionHelper@V?$QList@H@@$00@QtMetaTypePrivate@@SAXPAX@Z 0040f2a0 f i moc_workmodels.obj
 0001:0000e310       ?MachineConfigChanged@TargetMachineObject@@QAEXXZ 0040f310 f   moc_workmodels.obj
 0001:0000e330       ?UnitChanged@OperationParamObject@@QAEXXZ 0040f330 f   moc_workmodels.obj
 0001:0000e350       ?advance@?$IteratorOwnerCommon@Vconst_iterator@?$QList@H@@@QtMetaTypePrivate@@SAXPAPAXH@Z 0040f350 f i moc_workmodels.obj
 0001:0000e350       ?advance@?$IteratorOwnerCommon@Vconst_iterator@?$QList@PAVQObject@@@@@QtMetaTypePrivate@@SAXPAPAXH@Z 0040f350 f i moc_workmodels.obj
 0001:0000e360       ?assign@?$IteratorOwnerCommon@Vconst_iterator@?$QList@H@@@QtMetaTypePrivate@@SAXPAPAXPBQAX@Z 0040f360 f i moc_workmodels.obj
 0001:0000e360       ?assign@?$IteratorOwnerCommon@Vconst_iterator@?$QList@PAVQObject@@@@@QtMetaTypePrivate@@SAXPAPAXPBQAX@Z 0040f360 f i moc_workmodels.obj
 0001:0000e380       ?boolValueChanged@OperationParamObject@@QAEXXZ 0040f380 f   moc_workmodels.obj
 0001:0000e3a0       ?bottomValueChanged@OperationParamObject@@QAEXXZ 0040f3a0 f   moc_workmodels.obj
 0001:0000e3c0       ?convert@?$ConverterFunctor@V?$QList@H@@VQSequentialIterableImpl@QtMetaTypePrivate@@U?$QSequentialIterableConvertFunctor@V?$QList@H@@@3@@QtPrivate@@SA_NPBUAbstractConverterFunction@2@PBXPAX@Z 0040f3c0 f i moc_workmodels.obj
 0001:0000e460       ?convert@?$ConverterFunctor@V?$QList@PAVQObject@@@@VQSequentialIterableImpl@QtMetaTypePrivate@@U?$QSequentialIterableConvertFunctor@V?$QList@PAVQObject@@@@@3@@QtPrivate@@SA_NPBUAbstractConverterFunction@2@PBXPAX@Z 0040f460 f i moc_workmodels.obj
 0001:0000e500       ?currentIndexChanged@OperationParamSelector@@QAEXXZ 0040f500 f   moc_workmodels.obj
 0001:0000e520       ?destroy@?$IteratorOwnerCommon@Vconst_iterator@?$QList@PAVQObject@@@@@QtMetaTypePrivate@@SAXPAPAX@Z 0040f520 f i moc_workmodels.obj
 0001:0000e520       ?destroy@?$IteratorOwnerCommon@Vconst_iterator@?$QList@H@@@QtMetaTypePrivate@@SAXPAPAX@Z 0040f520 f i moc_workmodels.obj
 0001:0000e540       ?display@OperationParamObject@@QBE?AVQString@@XZ 0040f540 f i moc_workmodels.obj
 0001:0000e560       ?displayChanged@OperationParamObject@@QAEXXZ 0040f560 f   moc_workmodels.obj
 0001:0000e580       ?equal@?$IteratorOwnerCommon@Vconst_iterator@?$QList@PAVQObject@@@@@QtMetaTypePrivate@@SA_NPBQAX0@Z 0040f580 f i moc_workmodels.obj
 0001:0000e580       ?equal@?$IteratorOwnerCommon@Vconst_iterator@?$QList@H@@@QtMetaTypePrivate@@SA_NPBQAX0@Z 0040f580 f i moc_workmodels.obj
 0001:0000e5a0       ?floatValueChanged@OperationParamObject@@QAEXXZ 0040f5a0 f   moc_workmodels.obj
 0001:0000e5c0       ?name@OperationParamObject@@QBE?AVQString@@XZ 0040f5c0 f i workmodels.obj
 0001:0000e5c0       ?getOperationName@SingleOperationObject@@QAE?AVQString@@XZ 0040f5c0 f i moc_workmodels.obj
 0001:0000e5c0       ?getIpAddress@TargetMachineObject@@QBE?AVQString@@XZ 0040f5c0 f i environmentvariant.obj
 0001:0000e5e0       ?getParamListModel@PlanSelector@@QAE?AV?$QList@PAVQObject@@@@XZ 0040f5e0 f i moc_workmodels.obj
 0001:0000e600       ?getParamModel@OperationParamSelector@@QAE?AV?$QList@PAVQObject@@@@XZ 0040f600 f i moc_workmodels.obj
 0001:0000e620       ?intListValue@OperationParamObject@@QAE?AV?$QList@H@@XZ 0040f620 f i moc_workmodels.obj
 0001:0000e640       ?intListValueChanged@OperationParamObject@@QAEXXZ 0040f640 f   moc_workmodels.obj
 0001:0000e660       ?integerValueChanged@OperationParamObject@@QAEXXZ 0040f660 f   moc_workmodels.obj
 0001:0000e680       ?metaObject@OperationParamObject@@UBEPBUQMetaObject@@XZ 0040f680 f   moc_workmodels.obj
 0001:0000e6a0       ?metaObject@OperationParamSelector@@UBEPBUQMetaObject@@XZ 0040f6a0 f   moc_workmodels.obj
 0001:0000e6c0       ?metaObject@PlanController@@UBEPBUQMetaObject@@XZ 0040f6c0 f   moc_workmodels.obj
 0001:0000e6e0       ?metaObject@PlanSelector@@UBEPBUQMetaObject@@XZ 0040f6e0 f   moc_workmodels.obj
 0001:0000e700       ?metaObject@StatusViewWatcher@@UBEPBUQMetaObject@@XZ 0040f700 f   moc_workmodels.obj
 0001:0000e720       ?metaObject@TargetMachineObject@@UBEPBUQMetaObject@@XZ 0040f720 f   moc_workmodels.obj
 0001:0000e740       ?nameChanged@OperationParamObject@@QAEXXZ 0040f740 f   moc_workmodels.obj
 0001:0000e760       ?op_eq_impl@?$QList@H@@ABE_NABV1@UArrayCompatibleLayout@QListData@@@Z 0040f760 f i moc_workmodels.obj
 0001:0000e760       ?op_eq_impl@?$QList@PAVQObject@@@@ABE_NABV1@UArrayCompatibleLayout@QListData@@@Z 0040f760 f i moc_workmodels.obj
 0001:0000e7d0       ?op_eq_impl@?$QList@VQString@@@@ABE_NABV1@UArrayCompatibleLayout@QListData@@@Z 0040f7d0 f i moc_workmodels.obj
 0001:0000e840       ?operationListModel@PlanSelector@@QAE?AVQStringList@@XZ 0040f840 f i moc_workmodels.obj
 0001:0000e860       ?operationModel@OperationParamSelector@@QAE?AVQStringList@@XZ 0040f860 f i moc_workmodels.obj
 0001:0000e880       ?operationNameChanged@SingleOperationObject@@QAEXXZ 0040f880 f   moc_workmodels.obj
 0001:0000e8a0       ?pageNameChanged@OperationParamSelector@@QAEXXZ 0040f8a0 f   moc_workmodels.obj
 0001:0000e8c0       ?paramListModelChanged@PlanSelector@@QAEXXZ 0040f8c0 f   moc_workmodels.obj
 0001:0000e8e0       ?paramModelChanged@OperationParamSelector@@QAEXXZ 0040f8e0 f   moc_workmodels.obj
 0001:0000e900       ?qt_metacall@OperationParamObject@@UAEHW4Call@QMetaObject@@HPAPAX@Z 0040f900 f   moc_workmodels.obj
 0001:0000e9a0       ?qt_metacall@OperationParamSelector@@UAEHW4Call@QMetaObject@@HPAPAX@Z 0040f9a0 f   moc_workmodels.obj
 0001:0000ea50       ?qt_metacall@PlanController@@UAEHW4Call@QMetaObject@@HPAPAX@Z 0040fa50 f   moc_workmodels.obj
 0001:0000eab0       ?qt_metacall@PlanSelector@@UAEHW4Call@QMetaObject@@HPAPAX@Z 0040fab0 f   moc_workmodels.obj
 0001:0000eb60       ?qt_metacall@StatusViewWatcher@@UAEHW4Call@QMetaObject@@HPAPAX@Z 0040fb60 f   moc_workmodels.obj
 0001:0000ebc0       ?qt_metacall@TargetMachineObject@@UAEHW4Call@QMetaObject@@HPAPAX@Z 0040fbc0 f   moc_workmodels.obj
 0001:0000ec80       ?qt_metacast@OperationParamObject@@UAEPAXPBD@Z 0040fc80 f   moc_workmodels.obj
 0001:0000ed20       ?qt_metacast@OperationParamSelector@@UAEPAXPBD@Z 0040fd20 f   moc_workmodels.obj
 0001:0000ed80       ?qt_metacast@PlanController@@UAEPAXPBD@Z 0040fd80 f   moc_workmodels.obj
 0001:0000ede0       ?qt_metacast@PlanSelector@@UAEPAXPBD@Z 0040fde0 f   moc_workmodels.obj
 0001:0000ee40       ?qt_metacast@StatusViewWatcher@@UAEPAXPBD@Z 0040fe40 f   moc_workmodels.obj
 0001:0000eea0       ?qt_metacast@TargetMachineObject@@UAEPAXPBD@Z 0040fea0 f   moc_workmodels.obj
 0001:0000ef40       ?qt_metatype_id@?$QMetaTypeId@V?$QList@H@@@@SAHXZ 0040ff40 f i moc_workmodels.obj
 0001:0000f060       ?qt_metatype_id@?$QMetaTypeId@V?$QList@PAVQObject@@@@@@SAHXZ 00410060 f i moc_workmodels.obj
 0001:0000f100       ?qt_metatype_id@?$QMetaTypeId@VQSequentialIterableImpl@QtMetaTypePrivate@@@@SAHXZ 00410100 f i moc_workmodels.obj
 0001:0000f190       ?qt_static_metacall@OperationParamObject@@CAXPAVQObject@@W4Call@QMetaObject@@HPAPAX@Z 00410190 f   moc_workmodels.obj
 0001:0000f670       ?qt_static_metacall@OperationParamSelector@@CAXPAVQObject@@W4Call@QMetaObject@@HPAPAX@Z 00410670 f   moc_workmodels.obj
 0001:0000f800       ?qt_static_metacall@PlanController@@CAXPAVQObject@@W4Call@QMetaObject@@HPAPAX@Z 00410800 f   moc_workmodels.obj
 0001:0000f890       ?qt_static_metacall@PlanSelector@@CAXPAVQObject@@W4Call@QMetaObject@@HPAPAX@Z 00410890 f   moc_workmodels.obj
 0001:0000fb60       ?qt_static_metacall@SingleOperationObject@@CAXPAVQObject@@W4Call@QMetaObject@@HPAPAX@Z 00410b60 f   moc_workmodels.obj
 0001:0000fc10       ?qt_static_metacall@StatusViewWatcher@@CAXPAVQObject@@W4Call@QMetaObject@@HPAPAX@Z 00410c10 f   moc_workmodels.obj
 0001:0000fcf0       ?qt_static_metacall@TargetMachineObject@@CAXPAVQObject@@W4Call@QMetaObject@@HPAPAX@Z 00410cf0 f   moc_workmodels.obj
 0001:0000fe00       ?registerConverter@?$ValueTypeIsMetaType@V?$QList@H@@$00@QtPrivate@@SA_NH@Z 00410e00 f i moc_workmodels.obj
 0001:0000fe90       ?registerConverter@?$ValueTypeIsMetaType@V?$QList@PAVQObject@@@@$00@QtPrivate@@SA_NH@Z 00410e90 f i moc_workmodels.obj
 0001:0000ff20       ?setBoolValue@OperationParamObject@@QAEX_N@Z 00410f20 f i moc_workmodels.obj
 0001:0000ff50       ?setBottomValue@OperationParamObject@@QAEXH@Z 00410f50 f i moc_workmodels.obj
 0001:0000ff80       ?setDisplay@OperationParamObject@@QAEXABVQString@@@Z 00410f80 f i moc_workmodels.obj
 0001:0000ffc0       ?setFloatValue@OperationParamObject@@QAEXN@Z 00410fc0 f i moc_workmodels.obj
 0001:00010000       ?setIntListValue@OperationParamObject@@QAEXABV?$QList@H@@@Z 00411000 f i moc_workmodels.obj
 0001:000100e0       ?setIntegerValue@OperationParamObject@@QAEXH@Z 004110e0 f i moc_workmodels.obj
 0001:00010110       ?setIpAddress@TargetMachineObject@@QAEXABVQString@@@Z 00411110 f i moc_workmodels.obj
 0001:00010150       ?setMaxReceiveTime@TargetMachineObject@@QAEXH@Z 00411150 f i moc_workmodels.obj
 0001:00010180       ?setName@OperationParamObject@@QAEXABVQString@@@Z 00411180 f i moc_workmodels.obj
 0001:000101c0       ?setOperationName@SingleOperationObject@@QAEXABVQString@@@Z 004111c0 f i moc_workmodels.obj
 0001:00010200       ?setParamListModel@PlanSelector@@QAEXABV?$QList@PAVQObject@@@@@Z 00411200 f i moc_workmodels.obj
 0001:000102e0       ?setParamModel@OperationParamSelector@@QAEXABV?$QList@PAVQObject@@@@@Z 004112e0 f i moc_workmodels.obj
 0001:000103c0       ?setPort@TargetMachineObject@@QAEXF@Z 004113c0 f i moc_workmodels.obj
 0001:000103f0       ?setStringValue@OperationParamObject@@QAEXABVQString@@@Z 004113f0 f i moc_workmodels.obj
 0001:00010430       ?setStringlistValue@OperationParamObject@@QAEXABVQStringList@@@Z 00411430 f i moc_workmodels.obj
 0001:000104b0       ?setSwitchValue@OperationParamObject@@QAEXABVQString@@@Z 004114b0 f i moc_workmodels.obj
 0001:000104f0       ?setTopValue@OperationParamObject@@QAEXH@Z 004114f0 f i moc_workmodels.obj
 0001:00010520       ?setUnit@OperationParamObject@@QAEXABVQString@@@Z 00411520 f i moc_workmodels.obj
 0001:00010560       ?settype@OperationParamObject@@QAEXABVQString@@@Z 00411560 f i moc_workmodels.obj
 0001:000105a0       ?statusChanged@StatusViewWatcher@@QAEXABVQJsonObject@@@Z 004115a0 f   moc_workmodels.obj
 0001:000105d0       ?stringListValue@OperationParamObject@@QBE?AVQStringList@@XZ 004115d0 f i moc_workmodels.obj
 0001:000105f0       ?stringValue@OperationParamObject@@QBE?AVQString@@XZ 004115f0 f i moc_workmodels.obj
 0001:00010610       ?stringValueChanged@OperationParamObject@@QAEXXZ 00411610 f   moc_workmodels.obj
 0001:00010630       ?stringlistValueChanged@OperationParamObject@@QAEXXZ 00411630 f   moc_workmodels.obj
 0001:00010650       ?switchValue@OperationParamObject@@QBE?AVQString@@XZ 00411650 f i moc_workmodels.obj
 0001:00010670       ?switchValueChanged@OperationParamObject@@QAEXXZ 00411670 f   moc_workmodels.obj
 0001:00010690       ?taskStateChanged@PlanController@@QAEX_N@Z 00411690 f   moc_workmodels.obj
 0001:000106c0       ?topValueChanged@OperationParamObject@@QAEXXZ 004116c0 f   moc_workmodels.obj
 0001:000106e0       ?type@OperationParamObject@@QBE?AVQString@@XZ 004116e0 f i moc_workmodels.obj
 0001:00010700       ?typeChanged@OperationParamObject@@QAEXXZ 00411700 f   moc_workmodels.obj
 0001:00010720       ?unit@OperationParamObject@@QBE?AVQString@@XZ 00411720 f i moc_workmodels.obj
 0001:00010740       ?workLocationTypeChanged@StatusViewWatcher@@QAEXXZ 00411740 f   moc_workmodels.obj
 0001:00010760       ?metaObject@configFileHandler@@UBEPBUQMetaObject@@XZ 00411760 f   moc_configfilehandler.obj
 0001:00010780       ?qt_metacall@configFileHandler@@UAEHW4Call@QMetaObject@@HPAPAX@Z 00411780 f   moc_configfilehandler.obj
 0001:00010790       ?qt_metacast@configFileHandler@@UAEPAXPBD@Z 00411790 f   moc_configfilehandler.obj
 0001:000107f0       ?metaObject@EnvironmentVariant@@UBEPBUQMetaObject@@XZ 004117f0 f   moc_environmentvariant.obj
 0001:00010810       ?qt_metacall@EnvironmentVariant@@UAEHW4Call@QMetaObject@@HPAPAX@Z 00411810 f   moc_environmentvariant.obj
 0001:00010870       ?qt_metacast@EnvironmentVariant@@UAEPAXPBD@Z 00411870 f   moc_environmentvariant.obj
 0001:000108d0       ?qt_static_metacall@EnvironmentVariant@@CAXPAVQObject@@W4Call@QMetaObject@@HPAPAX@Z 004118d0 f   moc_environmentvariant.obj
 0001:00010920       ?workLocationTypeChanged@EnvironmentVariant@@QAEXXZ 00411920 f   moc_environmentvariant.obj
 0001:00010934       _MiniDumpWriteDump@28      00411934 f   DbgHelp:dbghelp.dll
 0001:0001093a       ?fixup@QValidator@@UBEXAAVQString@@@Z 0041193a f   Qt5Gui:Qt5Gui.dll
 0001:00010940       ?metaObject@QDoubleValidator@@UBEPBUQMetaObject@@XZ 00411940 f   Qt5Gui:Qt5Gui.dll
 0001:00010946       ?qt_metacall@QDoubleValidator@@UAEHW4Call@QMetaObject@@HPAPAX@Z 00411946 f   Qt5Gui:Qt5Gui.dll
 0001:0001094c       ?qt_metacast@QDoubleValidator@@UAEPAXPBD@Z 0041194c f   Qt5Gui:Qt5Gui.dll
 0001:00010952       ?setRange@QDoubleValidator@@UAEXNNH@Z 00411952 f   Qt5Gui:Qt5Gui.dll
 0001:00010958       ?childEvent@QObject@@MAEXPAVQChildEvent@@@Z 00411958 f   Qt5Core:Qt5Core.dll
 0001:0001095e       ?connectNotify@QObject@@MAEXABVQMetaMethod@@@Z 0041195e f   Qt5Core:Qt5Core.dll
 0001:00010964       ?customEvent@QObject@@MAEXPAVQEvent@@@Z 00411964 f   Qt5Core:Qt5Core.dll
 0001:0001096a       ?disconnectNotify@QObject@@MAEXABVQMetaMethod@@@Z 0041196a f   Qt5Core:Qt5Core.dll
 0001:00010970       ?event@QObject@@UAE_NPAVQEvent@@@Z 00411970 f   Qt5Core:Qt5Core.dll
 0001:00010976       ?eventFilter@QObject@@UAE_NPAV1@PAVQEvent@@@Z 00411976 f   Qt5Core:Qt5Core.dll
 0001:0001097c       ?timerEvent@QObject@@MAEXPAVQTimerEvent@@@Z 0041197c f   Qt5Core:Qt5Core.dll
 0001:00010982       ?qRegisterResourceData@@YA_NHPBE00@Z 00411982 f   Qt5Core:Qt5Core.dll
 0001:00010988       ?qUnregisterResourceData@@YA_NHPBE00@Z 00411988 f   Qt5Core:Qt5Core.dll
 0001:0001098e       ??2@YAPAXI@Z               0041198e f   MSVCRT:new_scalar.obj
 0001:000109c1       ??3@YAXPAXI@Z              004119c1 f   MSVCRT:delete_scalar_size.obj
 0001:000109cf       @__security_check_cookie@4 004119cf f   MSVCRT:_secchk_.obj
 0001:000109e0       ??_Etype_info@@UAEPAXI@Z   004119e0 f i MSVCRT:std_type_info_static.obj
 0001:000109e0       ??_Gtype_info@@UAEPAXI@Z   004119e0 f i MSVCRT:std_type_info_static.obj
 0001:00010a47       ___scrt_acquire_startup_lock 00411a47 f   MSVCRT:utility.obj
 0001:00010a7c       ___scrt_initialize_crt     00411a7c f   MSVCRT:utility.obj
 0001:00010ab5       ___scrt_initialize_onexit_tables 00411ab5 f   MSVCRT:utility.obj
 0001:00010b4c       ___scrt_is_nonwritable_in_current_image 00411b4c f   MSVCRT:utility.obj
 0001:00010bd6       ___scrt_release_startup_lock 00411bd6 f   MSVCRT:utility.obj
 0001:00010bf3       ___scrt_uninitialize_crt   00411bf3 f   MSVCRT:utility.obj
 0001:00010c1b       __onexit                   00411c1b f   MSVCRT:utility.obj
 0001:00010c56       _atexit                    00411c56 f   MSVCRT:utility.obj
 0001:00010d2b       ??$__crt_fast_encode_pointer@P6GXPAU_RTL_CONDITION_VARIABLE@@@Z@@YAP6GXPAU_RTL_CONDITION_VARIABLE@@@ZQ6GX0@Z@Z 00411d2b f i MSVCRT:thread_safe_statics.obj
 0001:00010d2b       ??$__crt_fast_encode_pointer@P6GHPAU_RTL_CONDITION_VARIABLE@@PAU_RTL_CRITICAL_SECTION@@K@Z@@YAP6GHPAU_RTL_CONDITION_VARIABLE@@PAU_RTL_CRITICAL_SECTION@@K@ZQ6GH01K@Z@Z 00411d2b f i MSVCRT:thread_safe_statics.obj
 0001:00010d64       __Init_thread_footer       00411d64 f   MSVCRT:thread_safe_statics.obj
 0001:00010da3       __Init_thread_header       00411da3 f   MSVCRT:thread_safe_statics.obj
 0001:00010de9       __Init_thread_lock         00411de9 f   MSVCRT:thread_safe_statics.obj
 0001:00010df5       __Init_thread_notify       00411df5 f   MSVCRT:thread_safe_statics.obj
 0001:00010e36       __Init_thread_unlock       00411e36 f   MSVCRT:thread_safe_statics.obj
 0001:00010e42       __Init_thread_wait         00411e42 f   MSVCRT:thread_safe_statics.obj
 0001:000110cd       _WinMainCRTStartup         004120cd f   MSVCRT:exe_winmain.obj
 0001:000110d7       ??0bad_alloc@std@@QAE@ABV01@@Z 004120d7 f i MSVCRT:throw_bad_alloc.obj
 0001:000110f2       ??0bad_alloc@std@@QAE@XZ   004120f2 f i MSVCRT:throw_bad_alloc.obj
 0001:0001110a       ??0bad_array_new_length@std@@QAE@ABV01@@Z 0041210a f i MSVCRT:throw_bad_alloc.obj
 0001:00011125       ??0bad_array_new_length@std@@QAE@XZ 00412125 f i MSVCRT:throw_bad_alloc.obj
 0001:0001113d       ??0exception@std@@QAE@ABV01@@Z 0041213d f i MSVCRT:throw_bad_alloc.obj
 0001:00011169       ??1bad_alloc@std@@UAE@XZ   00412169 f i MSVCRT:throw_bad_alloc.obj
 0001:00011169       ??1bad_array_new_length@std@@UAE@XZ 00412169 f i MSVCRT:throw_bad_alloc.obj
 0001:0001117a       ??_Gexception@std@@UAEPAXI@Z 0041217a f i MSVCRT:throw_bad_alloc.obj
 0001:0001117a       ??_Gbad_alloc@std@@UAEPAXI@Z 0041217a f i MSVCRT:throw_bad_alloc.obj
 0001:0001117a       ??_Ebad_array_new_length@std@@UAEPAXI@Z 0041217a f i MSVCRT:throw_bad_alloc.obj
 0001:0001117a       ??_Gbad_array_new_length@std@@UAEPAXI@Z 0041217a f i MSVCRT:throw_bad_alloc.obj
 0001:0001117a       ??_Eexception@std@@UAEPAXI@Z 0041217a f i MSVCRT:throw_bad_alloc.obj
 0001:0001117a       ??_Ebad_alloc@std@@UAEPAXI@Z 0041217a f i MSVCRT:throw_bad_alloc.obj
 0001:000111a7       ?__scrt_throw_std_bad_alloc@@YAXXZ 004121a7 f   MSVCRT:throw_bad_alloc.obj
 0001:000111c4       ?__scrt_throw_std_bad_array_new_length@@YAXXZ 004121c4 f   MSVCRT:throw_bad_alloc.obj
 0001:000111e1       ?what@exception@std@@UBEPBDXZ 004121e1 f i MSVCRT:throw_bad_alloc.obj
 0001:000111ee       ??3@YAXPAX@Z               004121ee f   MSVCRT:delete_scalar.obj
 0001:000111f3       ___raise_securityfailure   004121f3 f   MSVCRT:gs_report.obj
 0001:0001121b       ___report_gsfailure        0041221b f   MSVCRT:gs_report.obj
 0001:00011316       ___isa_available_init      00412316 f   MSVCRT:_cpu_disp_.obj
 0001:000114b0       __get_startup_argv_mode    004124b0 f   MSVCRT:argv_mode.obj
 0001:000114b4       ___scrt_is_ucrt_dll_in_use 004124b4 f   MSVCRT:ucrt_detection.obj
 0001:000114c0       ___scrt_fastfail           004124c0 f   MSVCRT:utility_desktop.obj
 0001:000115db       ___scrt_get_show_window_mode 004125db f   MSVCRT:utility_desktop.obj
 0001:0001160e       ___scrt_is_managed_app     0041260e f   MSVCRT:utility_desktop.obj
 0001:00011652       ___scrt_set_unhandled_exception_filter 00412652 f   MSVCRT:utility_desktop.obj
 0001:0001165e       ___scrt_unhandled_exception_filter@4 0041265e f   MSVCRT:utility_desktop.obj
 0001:0001169f       @_guard_check_icall@4      0041269f f i MSVCRT:checkcfg.obj
 0001:000116b0       __SEH_prolog4              004126b0 f   MSVCRT:_sehprolg4_.obj
 0001:000116f6       __SEH_epilog4              004126f6 f   MSVCRT:_sehprolg4_.obj
 0001:0001170b       __except_handler4          0041270b f   MSVCRT:_chandler4gs_.obj
 0001:0001172e       ___security_init_cookie    0041272e f   MSVCRT:gs_support.obj
 0001:000117ca       ___scrt_initialize_winrt   004127ca f   MSVCRT:utility_desktop.obj
 0001:000117ca       __get_startup_thread_locale_mode 004127ca f   MSVCRT:thread_locale.obj
 0001:000117ca       __get_startup_new_mode     004127ca f   MSVCRT:new_mode.obj
 0001:000117ca       __get_startup_commit_mode  004127ca f   MSVCRT:commit_mode.obj
 0001:000117ca       __matherr                  004127ca f   MSVCRT:matherr.obj
 0001:000117cd       __get_startup_file_mode    004127cd f   MSVCRT:file_mode.obj
 0001:000117d3       ?__scrt_initialize_type_info@@YAXXZ 004127d3 f   MSVCRT:tncleanup.obj
 0001:000117df       __initialize_default_precision 004127df f   MSVCRT:default_precision.obj
 0001:00011800       ___local_stdio_printf_options 00412800 f i MSVCRT:default_local_stdio_options.obj
 0001:00011806       ___local_stdio_scanf_options 00412806 f i MSVCRT:default_local_stdio_options.obj
 0001:0001180c       ___scrt_initialize_default_local_stdio_options 0041280c f   MSVCRT:default_local_stdio_options.obj
 0001:00011829       ___scrt_is_user_matherr_present 00412829 f   MSVCRT:matherr_detection.obj
 0001:00011835       ___scrt_get_dyn_tls_init_callback 00412835 f   MSVCRT:dyn_tls_init.obj
 0001:0001183b       ___scrt_get_dyn_tls_dtor_callback 0041283b f   MSVCRT:dyn_tls_dtor.obj
 0001:00011841       __RTC_Initialize           00412841 f   MSVCRT:_initsect_.obj
 0001:0001186c       __RTC_Terminate            0041286c f   MSVCRT:_initsect_.obj
 0001:00011898       _IsProcessorFeaturePresent@4 00412898 f   kernel32:KERNEL32.dll
 0001:0001189e       ___std_terminate           0041289e f   vcruntime:VCRUNTIME140.dll
 0001:000118a4       ___CxxFrameHandler3        004128a4 f   vcruntime:VCRUNTIME140.dll
 0001:000118aa       _memcpy                    004128aa f   vcruntime:VCRUNTIME140.dll
 0001:000118b0       __CxxThrowException@8      004128b0 f   vcruntime:VCRUNTIME140.dll
 0001:000118b6       ___RTDynamicCast           004128b6 f   vcruntime:VCRUNTIME140.dll
 0001:000118bc       ___vcrt_InitializeCriticalSectionEx 004128bc f   vcruntime:VCRUNTIME140.dll
 0001:000118c2       ___std_exception_copy      004128c2 f   vcruntime:VCRUNTIME140.dll
 0001:000118c8       ___std_exception_destroy   004128c8 f   vcruntime:VCRUNTIME140.dll
 0001:000118ce       _memset                    004128ce f   vcruntime:VCRUNTIME140.dll
 0001:000118d4       __except_handler4_common   004128d4 f   vcruntime:VCRUNTIME140.dll
 0001:000118da       _free                      004128da f   ucrt:api-ms-win-crt-heap-l1-1-0.dll
 0001:000118e0       _malloc                    004128e0 f   ucrt:api-ms-win-crt-heap-l1-1-0.dll
 0001:000118e6       __callnewh                 004128e6 f   ucrt:api-ms-win-crt-heap-l1-1-0.dll
 0001:000118ec       __configure_narrow_argv    004128ec f   ucrt:api-ms-win-crt-runtime-l1-1-0.dll
 0001:000118f2       __initialize_narrow_environment 004128f2 f   ucrt:api-ms-win-crt-runtime-l1-1-0.dll
 0001:000118f8       __initialize_onexit_table  004128f8 f   ucrt:api-ms-win-crt-runtime-l1-1-0.dll
 0001:000118fe       __register_onexit_function 004128fe f   ucrt:api-ms-win-crt-runtime-l1-1-0.dll
 0001:00011904       __crt_atexit               00412904 f   ucrt:api-ms-win-crt-runtime-l1-1-0.dll
 0001:0001190a       __cexit                    0041290a f   ucrt:api-ms-win-crt-runtime-l1-1-0.dll
 0001:00011910       __seh_filter_exe           00412910 f   ucrt:api-ms-win-crt-runtime-l1-1-0.dll
 0001:00011916       __set_app_type             00412916 f   ucrt:api-ms-win-crt-runtime-l1-1-0.dll
 0001:0001191c       ___setusermatherr          0041291c f   ucrt:api-ms-win-crt-math-l1-1-0.dll
 0001:00011922       __get_narrow_winmain_command_line 00412922 f   ucrt:api-ms-win-crt-runtime-l1-1-0.dll
 0001:00011928       __initterm                 00412928 f   ucrt:api-ms-win-crt-runtime-l1-1-0.dll
 0001:0001192e       __initterm_e               0041292e f   ucrt:api-ms-win-crt-runtime-l1-1-0.dll
 0001:00011934       _exit                      00412934 f   ucrt:api-ms-win-crt-runtime-l1-1-0.dll
 0001:0001193a       __exit                     0041293a f   ucrt:api-ms-win-crt-runtime-l1-1-0.dll
 0001:00011940       __set_fmode                00412940 f   ucrt:api-ms-win-crt-stdio-l1-1-0.dll
 0001:00011946       __c_exit                   00412946 f   ucrt:api-ms-win-crt-runtime-l1-1-0.dll
 0001:0001194c       __register_thread_local_exe_atexit_callback 0041294c f   ucrt:api-ms-win-crt-runtime-l1-1-0.dll
 0001:00011952       __configthreadlocale       00412952 f   ucrt:api-ms-win-crt-locale-l1-1-0.dll
 0001:00011958       __set_new_mode             00412958 f   ucrt:api-ms-win-crt-heap-l1-1-0.dll
 0001:0001195e       ___p__commode              0041295e f   ucrt:api-ms-win-crt-stdio-l1-1-0.dll
 0001:00011964       _terminate                 00412964 f   ucrt:api-ms-win-crt-runtime-l1-1-0.dll
 0001:0001196a       __controlfp_s              0041296a f   ucrt:api-ms-win-crt-runtime-l1-1-0.dll
 0001:00011970       _WinMain@16                00412970 f   qtmain:qtmain_win.obj
 0001:00011a8e       ??_U@YAPAXI@Z              00412a8e f   MSVCRT:new_array.obj
 0001:00011a97       ??_V@YAXPAX@Z              00412a97 f   MSVCRT:delete_array.obj
 0001:00011a9c       ___acrt_uninitialize       00412a9c f   MSVCRT:ucrt_stubs.obj
 0001:00011a9c       ___vcrt_uninitialize       00412a9c f   MSVCRT:ucrt_stubs.obj
 0001:00011a9c       ___vcrt_initialize         00412a9c f   MSVCRT:ucrt_stubs.obj
 0001:00011a9c       __should_initialize_environment 00412a9c f   MSVCRT:env_mode.obj
 0001:00011a9c       ___scrt_stub_for_acrt_initialize 00412a9c f   MSVCRT:ucrt_stubs.obj
 0001:00011a9c       ___acrt_initialize         00412a9c f   MSVCRT:ucrt_stubs.obj
 0001:00011a9c       ___scrt_stub_for_acrt_uninitialize 00412a9c f   MSVCRT:ucrt_stubs.obj
 0001:00013a30       ??__Ff@?4??registerConverter@?$ValueTypeIsMetaType@V?$QList@H@@$00@QtPrivate@@SA_NH@Z@YAXXZ 00414a30 f i moc_workmodels.obj
 0001:00013a80       ??__Ff@?4??registerConverter@?$ValueTypeIsMetaType@V?$QList@PAVQObject@@@@$00@QtPrivate@@SA_NH@Z@YAXXZ 00414a80 f i moc_workmodels.obj
 0002:00000000       __imp__WideCharToMultiByte@32 00415000     kernel32:KERNEL32.dll
 0002:00000004       __imp__LocalFree@4         00415004     kernel32:KERNEL32.dll
 0002:00000008       __imp__GetCommandLineW@0   00415008     kernel32:KERNEL32.dll
 0002:0000000c       __imp__InitializeSListHead@4 0041500c     kernel32:KERNEL32.dll
 0002:00000010       __imp__GetSystemTimeAsFileTime@4 00415010     kernel32:KERNEL32.dll
 0002:00000014       __imp__QueryPerformanceCounter@4 00415014     kernel32:KERNEL32.dll
 0002:00000018       __imp__GetStartupInfoW@4   00415018     kernel32:KERNEL32.dll
 0002:0000001c       __imp__IsDebuggerPresent@0 0041501c     kernel32:KERNEL32.dll
 0002:00000020       __imp__IsProcessorFeaturePresent@4 00415020     kernel32:KERNEL32.dll
 0002:00000024       __imp__TerminateProcess@8  00415024     kernel32:KERNEL32.dll
 0002:00000028       __imp__UnhandledExceptionFilter@4 00415028     kernel32:KERNEL32.dll
 0002:0000002c       __imp__GetProcAddress@8    0041502c     kernel32:KERNEL32.dll
 0002:00000030       __imp__GetModuleHandleW@4  00415030     kernel32:KERNEL32.dll
 0002:00000034       __imp__CreateEventW@16     00415034     kernel32:KERNEL32.dll
 0002:00000038       __imp__WaitForSingleObjectEx@12 00415038     kernel32:KERNEL32.dll
 0002:0000003c       __imp__ResetEvent@4        0041503c     kernel32:KERNEL32.dll
 0002:00000040       __imp__SetEvent@4          00415040     kernel32:KERNEL32.dll
 0002:00000044       __imp__DeleteCriticalSection@4 00415044     kernel32:KERNEL32.dll
 0002:00000048       __imp__LeaveCriticalSection@4 00415048     kernel32:KERNEL32.dll
 0002:0000004c       __imp__EnterCriticalSection@4 0041504c     kernel32:KERNEL32.dll
 0002:00000050       __imp__GetCurrentThreadId@0 00415050     kernel32:KERNEL32.dll
 0002:00000054       __imp__GetCurrentProcessId@0 00415054     kernel32:KERNEL32.dll
 0002:00000058       __imp__GetCurrentProcess@0 00415058     kernel32:KERNEL32.dll
 0002:0000005c       __imp__SetUnhandledExceptionFilter@4 0041505c     kernel32:KERNEL32.dll
 0002:00000060       __imp__CloseHandle@4       00415060     kernel32:KERNEL32.dll
 0002:00000064       __imp__CreateFileW@28      00415064     kernel32:KERNEL32.dll
 0002:00000068       \177KERNEL32_NULL_THUNK_DATA 00415068     kernel32:KERNEL32.dll
 0002:0000006c       __imp_?qt_metacall@QObject@@UAEHW4Call@QMetaObject@@HPAPAX@Z 0041506c     Qt5Core:Qt5Core.dll
 0002:00000070       __imp_?qt_metacast@QObject@@UAEPAXPBD@Z 00415070     Qt5Core:Qt5Core.dll
 0002:00000074       __imp_?dynamicMetaObject@QObjectData@@QBEPAUQMetaObject@@XZ 00415074     Qt5Core:Qt5Core.dll
 0002:00000078       __imp_?unregisterConverterFunction@QMetaType@@SAXHH@Z 00415078     Qt5Core:Qt5Core.dll
 0002:0000007c       __imp_?registerConverterFunction@QMetaType@@SA_NPBUAbstractConverterFunction@QtPrivate@@HH@Z 0041507c     Qt5Core:Qt5Core.dll
 0002:00000080       __imp_?hasRegisteredConverterFunction@QMetaType@@SA_NHH@Z 00415080     Qt5Core:Qt5Core.dll
 0002:00000084       __imp_?typeName@QMetaType@@SAPBDH@Z 00415084     Qt5Core:Qt5Core.dll
 0002:00000088       __imp_?append@QByteArray@@QAEAAV1@PBDH@Z 00415088     Qt5Core:Qt5Core.dll
 0002:0000008c       __imp_?endsWith@QByteArray@@QBE_ND@Z 0041508c     Qt5Core:Qt5Core.dll
 0002:00000090       __imp_?activate@QMetaObject@@SAXPAVQObject@@PBU1@HPAPAX@Z 00415090     Qt5Core:Qt5Core.dll
 0002:00000094       __imp_?normalizedType@QMetaObject@@SA?AVQByteArray@@PBD@Z 00415094     Qt5Core:Qt5Core.dll
 0002:00000098       __imp_?staticMetaObject@QObject@@2UQMetaObject@@B 00415098     Qt5Core:Qt5Core.dll
 0002:0000009c       __imp_?qUnregisterResourceData@@YA_NHPBE00@Z 0041509c     Qt5Core:Qt5Core.dll
 0002:000000a0       __imp_?qRegisterResourceData@@YA_NHPBE00@Z 004150a0     Qt5Core:Qt5Core.dll
 0002:000000a4       __imp_?toDouble@QVariant@@QBENPA_N@Z 004150a4     Qt5Core:Qt5Core.dll
 0002:000000a8       __imp_?toBool@QVariant@@QBE_NXZ 004150a8     Qt5Core:Qt5Core.dll
 0002:000000ac       __imp_?toInt@QVariant@@QBEHPA_N@Z 004150ac     Qt5Core:Qt5Core.dll
 0002:000000b0       __imp_??0QVariant@@QAE@_N@Z 004150b0     Qt5Core:Qt5Core.dll
 0002:000000b4       __imp_?qBadAlloc@@YAXXZ    004150b4     Qt5Core:Qt5Core.dll
 0002:000000b8       __imp_?qputenv@@YA_NPBDABVQByteArray@@@Z 004150b8     Qt5Core:Qt5Core.dll
 0002:000000bc       __imp_??0QMessageLogger@@QAE@PBDH0@Z 004150bc     Qt5Core:Qt5Core.dll
 0002:000000c0       __imp_?debug@QMessageLogger@@QBE?AVQDebug@@XZ 004150c0     Qt5Core:Qt5Core.dll
 0002:000000c4       __imp_?qInstallMessageHandler@@YAP6AXW4QtMsgType@@ABVQMessageLogContext@@ABVQString@@@ZP6AX012@Z@Z 004150c4     Qt5Core:Qt5Core.dll
 0002:000000c8       __imp_??0QChar@@QAE@UQLatin1Char@@@Z 004150c8     Qt5Core:Qt5Core.dll
 0002:000000cc       __imp_??0QByteArray@@QAE@XZ 004150cc     Qt5Core:Qt5Core.dll
 0002:000000d0       __imp_??0QByteArray@@QAE@PBDH@Z 004150d0     Qt5Core:Qt5Core.dll
 0002:000000d4       __imp_??1QByteArray@@QAE@XZ 004150d4     Qt5Core:Qt5Core.dll
 0002:000000d8       __imp_?reserve@QByteArray@@QAEXH@Z 004150d8     Qt5Core:Qt5Core.dll
 0002:000000dc       __imp_?append@QByteArray@@QAEAAV1@D@Z 004150dc     Qt5Core:Qt5Core.dll
 0002:000000e0       __imp_?append@QByteArray@@QAEAAV1@PBD@Z 004150e0     Qt5Core:Qt5Core.dll
 0002:000000e4       __imp_??0QString@@QAE@XZ   004150e4     Qt5Core:Qt5Core.dll
 0002:000000e8       __imp_??0QString@@QAE@ABV0@@Z 004150e8     Qt5Core:Qt5Core.dll
 0002:000000ec       __imp_??1QString@@QAE@XZ   004150ec     Qt5Core:Qt5Core.dll
 0002:000000f0       __imp_??4QString@@QAEAAV0@ABV0@@Z 004150f0     Qt5Core:Qt5Core.dll
 0002:000000f4       __imp_?arg@QString@@QBE?AV1@ABV1@HVQChar@@@Z 004150f4     Qt5Core:Qt5Core.dll
 0002:000000f8       __imp_?indexOf@QString@@QBEHVQChar@@HW4CaseSensitivity@Qt@@@Z 004150f8     Qt5Core:Qt5Core.dll
 0002:000000fc       __imp_?startsWith@QString@@QBE_NABV1@W4CaseSensitivity@Qt@@@Z 004150fc     Qt5Core:Qt5Core.dll
 0002:00000100       __imp_?append@QString@@QAEAAV1@ABV1@@Z 00415100     Qt5Core:Qt5Core.dll
 0002:00000104       __imp_?fromUtf8@QString@@SA?AV1@PBDH@Z 00415104     Qt5Core:Qt5Core.dll
 0002:00000108       __imp_?fromWCharArray@QString@@SA?AV1@PB_WH@Z 00415108     Qt5Core:Qt5Core.dll
 0002:0000010c       __imp_?fromAscii_helper@QString@@CAPAU?$QTypedArrayData@G@@PBDH@Z 0041510c     Qt5Core:Qt5Core.dll
 0002:00000110       __imp_?className@QMetaObject@@QBEPBDXZ 00415110     Qt5Core:Qt5Core.dll
 0002:00000114       __imp_??1Connection@QMetaObject@@QAE@XZ 00415114     Qt5Core:Qt5Core.dll
 0002:00000118       __imp_?dispose@QListData@@SAXPAUData@1@@Z 00415118     Qt5Core:Qt5Core.dll
 0002:0000011c       __imp_?registerNormalizedType@QMetaType@@SAHABVQByteArray@@P6AXPAX@ZP6APAX1PBX@ZHV?$QFlags@W4TypeFlag@QMetaType@@@@PBUQMetaObject@@@Z 0041511c     Qt5Core:Qt5Core.dll
 0002:00000120       __imp_?registerNormalizedTypedef@QMetaType@@SAHABVQByteArray@@H@Z 00415120     Qt5Core:Qt5Core.dll
 0002:00000124       __imp_??0QObject@@QAE@PAV0@@Z 00415124     Qt5Core:Qt5Core.dll
 0002:00000128       __imp_??1QObject@@UAE@XZ   00415128     Qt5Core:Qt5Core.dll
 0002:0000012c       __imp_?connectImpl@QObject@@CA?AVConnection@QMetaObject@@PBV1@PAPAX01PAVQSlotObjectBase@QtPrivate@@W4ConnectionType@Qt@@PBHPBU3@@Z 0041512c     Qt5Core:Qt5Core.dll
 0002:00000130       __imp_?setApplicationName@QCoreApplication@@SAXABVQString@@@Z 00415130     Qt5Core:Qt5Core.dll
 0002:00000134       __imp_?installTranslator@QCoreApplication@@SA_NPAVQTranslator@@@Z 00415134     Qt5Core:Qt5Core.dll
 0002:00000138       __imp_?quit@QCoreApplication@@SAXXZ 00415138     Qt5Core:Qt5Core.dll
 0002:0000013c       __imp_??1QLocale@@QAE@XZ   0041513c     Qt5Core:Qt5Core.dll
 0002:00000140       __imp_?toDouble@QLocale@@QBENABVQString@@PA_N@Z 00415140     Qt5Core:Qt5Core.dll
 0002:00000144       __imp_?decimalPoint@QLocale@@QBE?AVQChar@@XZ 00415144     Qt5Core:Qt5Core.dll
 0002:00000148       __imp_??0QSize@@QAE@HH@Z   00415148     Qt5Core:Qt5Core.dll
 0002:0000014c       __imp_??6@YA?AVQDebug@@V0@ABVQSizeF@@@Z 0041514c     Qt5Core:Qt5Core.dll
 0002:00000150       __imp_??0QUrl@@QAE@ABVQString@@W4ParsingMode@0@@Z 00415150     Qt5Core:Qt5Core.dll
 0002:00000154       __imp_??1QUrl@@QAE@XZ      00415154     Qt5Core:Qt5Core.dll
 0002:00000158       __imp_??0QFile@@QAE@ABVQString@@@Z 00415158     Qt5Core:Qt5Core.dll
 0002:0000015c       __imp_??1QFile@@UAE@XZ     0041515c     Qt5Core:Qt5Core.dll
 0002:00000160       __imp_?open@QFile@@UAE_NV?$QFlags@W4OpenModeFlag@QIODevice@@@@@Z 00415160     Qt5Core:Qt5Core.dll
 0002:00000164       __imp_??0QTextStream@@QAE@PAVQIODevice@@@Z 00415164     Qt5Core:Qt5Core.dll
 0002:00000168       __imp_??1QTextStream@@UAE@XZ 00415168     Qt5Core:Qt5Core.dll
 0002:0000016c       __imp_??6QTextStream@@QAEAAV0@ABVQString@@@Z 0041516c     Qt5Core:Qt5Core.dll
 0002:00000170       __imp_?endl@@YAAAVQTextStream@@AAV1@@Z 00415170     Qt5Core:Qt5Core.dll
 0002:00000174       __imp_??1QDebug@@QAE@XZ    00415174     Qt5Core:Qt5Core.dll
 0002:00000178       __imp_??6QDebug@@QAEAAV0@ABVQString@@@Z 00415178     Qt5Core:Qt5Core.dll
 0002:0000017c       __imp_??0QTranslator@@QAE@PAVQObject@@@Z 0041517c     Qt5Core:Qt5Core.dll
 0002:00000180       __imp_??1QTranslator@@UAE@XZ 00415180     Qt5Core:Qt5Core.dll
 0002:00000184       __imp_?load@QTranslator@@QAE_NABVQString@@000@Z 00415184     Qt5Core:Qt5Core.dll
 0002:00000188       __imp_?currentPath@QDir@@SA?AVQString@@XZ 00415188     Qt5Core:Qt5Core.dll
 0002:0000018c       __imp_?toString@QTime@@QBE?AVQString@@W4DateFormat@Qt@@@Z 0041518c     Qt5Core:Qt5Core.dll
 0002:00000190       __imp_?currentTime@QTime@@SA?AV1@XZ 00415190     Qt5Core:Qt5Core.dll
 0002:00000194       __imp_?childEvent@QObject@@MAEXPAVQChildEvent@@@Z 00415194     Qt5Core:Qt5Core.dll
 0002:00000198       __imp_?connectNotify@QObject@@MAEXABVQMetaMethod@@@Z 00415198     Qt5Core:Qt5Core.dll
 0002:0000019c       __imp_?customEvent@QObject@@MAEXPAVQEvent@@@Z 0041519c     Qt5Core:Qt5Core.dll
 0002:000001a0       __imp_?disconnectNotify@QObject@@MAEXABVQMetaMethod@@@Z 004151a0     Qt5Core:Qt5Core.dll
 0002:000001a4       __imp_?event@QObject@@UAE_NPAVQEvent@@@Z 004151a4     Qt5Core:Qt5Core.dll
 0002:000001a8       __imp_?eventFilter@QObject@@UAE_NPAV1@PAVQEvent@@@Z 004151a8     Qt5Core:Qt5Core.dll
 0002:000001ac       __imp_?timerEvent@QObject@@MAEXPAVQTimerEvent@@@Z 004151ac     Qt5Core:Qt5Core.dll
 0002:000001b0       __imp_?shared_null@QListData@@2UData@1@B 004151b0     Qt5Core:Qt5Core.dll
 0002:000001b4       __imp_?cast@QMetaObject@@QBEPAVQObject@@PAV2@@Z 004151b4     Qt5Core:Qt5Core.dll
 0002:000001b8       __imp_??4QString@@QAEAAV0@$$QAV0@@Z 004151b8     Qt5Core:Qt5Core.dll
 0002:000001bc       __imp_??8@YA_NABVQString@@0@Z 004151bc     Qt5Core:Qt5Core.dll
 0002:000001c0       __imp_??8QString@@QBE_NPBD@Z 004151c0     Qt5Core:Qt5Core.dll
 0002:000001c4       __imp_?detach@QListData@@QAEPAUData@1@H@Z 004151c4     Qt5Core:Qt5Core.dll
 0002:000001c8       __imp_?detach_grow@QListData@@QAEPAUData@1@PAHH@Z 004151c8     Qt5Core:Qt5Core.dll
 0002:000001cc       __imp_?append@QListData@@QAEPAPAXXZ 004151cc     Qt5Core:Qt5Core.dll
 0002:000001d0       __imp_?size@QListData@@QBEHXZ 004151d0     Qt5Core:Qt5Core.dll
 0002:000001d4       __imp_?at@QListData@@QBEPAPAXH@Z 004151d4     Qt5Core:Qt5Core.dll
 0002:000001d8       __imp_?begin@QListData@@QBEPAPAXXZ 004151d8     Qt5Core:Qt5Core.dll
 0002:000001dc       __imp_?end@QListData@@QBEPAPAXXZ 004151dc     Qt5Core:Qt5Core.dll
 0002:000001e0       __imp_?installEventFilter@QObject@@QAEXPAV1@@Z 004151e0     Qt5Core:Qt5Core.dll
 0002:000001e4       __imp_?removeEventFilter@QObject@@QAEXPAV1@@Z 004151e4     Qt5Core:Qt5Core.dll
 0002:000001e8       __imp_?disconnectImpl@QObject@@CA_NPBV1@PAPAX01PBUQMetaObject@@@Z 004151e8     Qt5Core:Qt5Core.dll
 0002:000001ec       __imp_?self@QCoreApplication@@0PAV1@A 004151ec     Qt5Core:Qt5Core.dll
 0002:000001f0       __imp_?warning@QMessageLogger@@QBAXPBDZZ 004151f0     Qt5Core:Qt5Core.dll
 0002:000001f4       __imp_?fatal@QMessageLogger@@QBAXPBDZZ 004151f4     Qt5Core:Qt5Core.dll
 0002:000001f8       __imp_??4QByteArray@@QAEAAV0@$$QAV0@@Z 004151f8     Qt5Core:Qt5Core.dll
 0002:000001fc       __imp_?clear@QByteArray@@QAEXXZ 004151fc     Qt5Core:Qt5Core.dll
 0002:00000200       __imp_?toLocal8Bit@QString@@QHAE?AVQByteArray@@XZ 00415200     Qt5Core:Qt5Core.dll
 0002:00000204       __imp_?number@QString@@SA?AV1@HH@Z 00415204     Qt5Core:Qt5Core.dll
 0002:00000208       __imp_?number@QString@@SA?AV1@NDH@Z 00415208     Qt5Core:Qt5Core.dll
 0002:0000020c       __imp_??M@YA_NABVQString@@0@Z 0041520c     Qt5Core:Qt5Core.dll
 0002:00000210       __imp_??0QJsonValue@@QAE@_N@Z 00415210     Qt5Core:Qt5Core.dll
 0002:00000214       __imp_??0QJsonValue@@QAE@N@Z 00415214     Qt5Core:Qt5Core.dll
 0002:00000218       __imp_??0QJsonValue@@QAE@H@Z 00415218     Qt5Core:Qt5Core.dll
 0002:0000021c       __imp_??0QJsonValue@@QAE@ABVQString@@@Z 0041521c     Qt5Core:Qt5Core.dll
 0002:00000220       __imp_??0QJsonValue@@QAE@ABVQJsonArray@@@Z 00415220     Qt5Core:Qt5Core.dll
 0002:00000224       __imp_??0QJsonValue@@QAE@ABVQJsonObject@@@Z 00415224     Qt5Core:Qt5Core.dll
 0002:00000228       __imp_??1QJsonValue@@QAE@XZ 00415228     Qt5Core:Qt5Core.dll
 0002:0000022c       __imp_??0QJsonValue@@QAE@ABV0@@Z 0041522c     Qt5Core:Qt5Core.dll
 0002:00000230       __imp_?toBool@QJsonValue@@QBE_N_N@Z 00415230     Qt5Core:Qt5Core.dll
 0002:00000234       __imp_?toInt@QJsonValue@@QBEHH@Z 00415234     Qt5Core:Qt5Core.dll
 0002:00000238       __imp_?toDouble@QJsonValue@@QBENN@Z 00415238     Qt5Core:Qt5Core.dll
 0002:0000023c       __imp_?toString@QJsonValue@@QBE?AVQString@@XZ 0041523c     Qt5Core:Qt5Core.dll
 0002:00000240       __imp_?toObject@QJsonValue@@QBE?AVQJsonObject@@XZ 00415240     Qt5Core:Qt5Core.dll
 0002:00000244       __imp_??BQJsonValueRef@@QBE?AVQJsonValue@@XZ 00415244     Qt5Core:Qt5Core.dll
 0002:00000248       __imp_??4QJsonValueRef@@QAEAAV0@ABVQJsonValue@@@Z 00415248     Qt5Core:Qt5Core.dll
 0002:0000024c       __imp_?toString@QJsonValueRef@@QBE?AVQString@@XZ 0041524c     Qt5Core:Qt5Core.dll
 0002:00000250       __imp_?toArray@QJsonValueRef@@QBE?AVQJsonArray@@XZ 00415250     Qt5Core:Qt5Core.dll
 0002:00000254       __imp_?toObject@QJsonValueRef@@QBE?AVQJsonObject@@XZ 00415254     Qt5Core:Qt5Core.dll
 0002:00000258       __imp_?toValue@QJsonValueRef@@ABE?AVQJsonValue@@XZ 00415258     Qt5Core:Qt5Core.dll
 0002:0000025c       __imp_??0QJsonObject@@QAE@XZ 0041525c     Qt5Core:Qt5Core.dll
 0002:00000260       __imp_??1QJsonObject@@QAE@XZ 00415260     Qt5Core:Qt5Core.dll
 0002:00000264       __imp_??4QJsonObject@@QAEAAV0@ABV0@@Z 00415264     Qt5Core:Qt5Core.dll
 0002:00000268       __imp_??AQJsonObject@@QAE?AVQJsonValueRef@@ABVQString@@@Z 00415268     Qt5Core:Qt5Core.dll
 0002:0000026c       __imp_?remove@QJsonObject@@QAEXABVQString@@@Z 0041526c     Qt5Core:Qt5Core.dll
 0002:00000270       __imp_?begin@QJsonObject@@QAE?AViterator@1@XZ 00415270     Qt5Core:Qt5Core.dll
 0002:00000274       __imp_?end@QJsonObject@@QAE?AViterator@1@XZ 00415274     Qt5Core:Qt5Core.dll
 0002:00000278       __imp_?keyAt@QJsonObject@@ABE?AVQString@@H@Z 00415278     Qt5Core:Qt5Core.dll
 0002:0000027c       __imp_?freeNodeAndRebalance@QMapDataBase@@QAEXPAUQMapNodeBase@@@Z 0041527c     Qt5Core:Qt5Core.dll
 0002:00000280       __imp_?recalcMostLeftNode@QMapDataBase@@QAEXXZ 00415280     Qt5Core:Qt5Core.dll
 0002:00000284       __imp_?createNode@QMapDataBase@@QAEPAUQMapNodeBase@@HHPAU2@_N@Z 00415284     Qt5Core:Qt5Core.dll
[...]
 0002:0003a6e8       __catchsym$?detach_helper@?$QList@H@@AAEXH@Z$7 0044f6e8     environmentvariant.obj
 0002:0003a6f8       __unwindtable$?detach_helper@?$QList@H@@AAEXH@Z 0044f6f8     environmentvariant.obj
 0002:0003a708       __tryblocktable$?detach_helper@?$QList@H@@AAEXH@Z 0044f708     environmentvariant.obj
 0002:0003a71c       __ehfuncinfo$?detach_helper@?$QList@H@@AAEXH@Z 0044f71c     environmentvariant.obj
 0002:0003a740       __catchsym$?detach_helper@?$QList@VOperationParamData@@@@AAEXH@Z$7 0044f740     environmentvariant.obj
 0002:0003a750       __unwindtable$?detach_helper@?$QList@VOperationParamData@@@@AAEXH@Z 0044f750     environmentvariant.obj
 0002:0003a760       __tryblocktable$?detach_helper@?$QList@VOperationParamData@@@@AAEXH@Z 0044f760     environmentvariant.obj
 0002:0003a774       __ehfuncinfo$?detach_helper@?$QList@VOperationParamData@@@@AAEXH@Z 0044f774     environmentvariant.obj
 0002:0003a798       __unwindtable$??0SingleOperationData@@QAE@ABV0@@Z 0044f798     environmentvariant.obj
 0002:0003a7a0       __ehfuncinfo$??0SingleOperationData@@QAE@ABV0@@Z 0044f7a0     environmentvariant.obj
 0002:0003a7c4       __unwindtable$?instance@EnvironmentVariant@@SAPAV1@XZ 0044f7c4     environmentvariant.obj
 0002:0003a7cc       __ehfuncinfo$?instance@EnvironmentVariant@@SAPAV1@XZ 0044f7cc     environmentvariant.obj
 0002:0003a7f0       __ehfuncinfo$?parseConfigFile@EnvironmentVariant@@QAEXABVQString@@@Z 0044f7f0     environmentvariant.obj
 0002:0003a814       __unwindtable$?parseConfigFile@EnvironmentVariant@@QAEXABVQString@@@Z 0044f814     environmentvariant.obj
 0002:0003a8ac       __unwindtable$?initProtocol@EnvironmentVariant@@QAEXABVQString@@@Z 0044f8ac     environmentvariant.obj
 0002:0003a8b4       __ehfuncinfo$?initProtocol@EnvironmentVariant@@QAEXABVQString@@@Z 0044f8b4     environmentvariant.obj
 0002:0003a8d8       __unwindtable$?initUserConfig@EnvironmentVariant@@QAEXABVQString@@@Z 0044f8d8     environmentvariant.obj
 0002:0003a8f0       __ehfuncinfo$?initUserConfig@EnvironmentVariant@@QAEXABVQString@@@Z 0044f8f0     environmentvariant.obj
 0002:0003a914       __unwindtable$?initModels@EnvironmentVariant@@QAEXPAVQQmlContext@@@Z 0044f914     environmentvariant.obj
 0002:0003a92c       __ehfuncinfo$?initModels@EnvironmentVariant@@QAEXPAVQQmlContext@@@Z 0044f92c     environmentvariant.obj
 0002:0003a950       __unwindtable$?getOperationParams@EnvironmentVariant@@QAE?AV?$QList@VOperationParamData@@@@H@Z 0044f950     environmentvariant.obj
 0002:0003a968       __ehfuncinfo$?getOperationParams@EnvironmentVariant@@QAE?AV?$QList@VOperationParamData@@@@H@Z 0044f968     environmentvariant.obj
 0002:0003a98c       __unwindtable$?OperationNameList@EnvironmentVariant@@QAE?AVQStringList@@XZ 0044f98c     environmentvariant.obj
 0002:0003a98c       __unwindtable$?LogicalControlList@EnvironmentVariant@@QAE?AVQStringList@@XZ 0044f98c     environmentvariant.obj
 0002:0003a9a4       __ehfuncinfo$?LogicalControlList@EnvironmentVariant@@QAE?AVQStringList@@XZ 0044f9a4     environmentvariant.obj
 0002:0003a9a4       __ehfuncinfo$?OperationNameList@EnvironmentVariant@@QAE?AVQStringList@@XZ 0044f9a4     environmentvariant.obj
 0002:0003a9c8       __unwindtable$?PlanList@EnvironmentVariant@@QAE?AVQStringList@@XZ 0044f9c8     environmentvariant.obj
 0002:0003a9d0       __ehfuncinfo$?PlanList@EnvironmentVariant@@QAE?AVQStringList@@XZ 0044f9d0     environmentvariant.obj
 0002:0003a9f4       __unwindtable$?StepList@EnvironmentVariant@@QAE?AVQStringList@@H@Z 0044f9f4     environmentvariant.obj
 0002:0003aa0c       __ehfuncinfo$?StepList@EnvironmentVariant@@QAE?AVQStringList@@H@Z 0044fa0c     environmentvariant.obj
 0002:0003aa30       __ehfuncinfo$?planStepParam@EnvironmentVariant@@QAE?AVSingleOperationData@@HH@Z 0044fa30     environmentvariant.obj
 0002:0003aa54       __unwindtable$?planStepParam@EnvironmentVariant@@QAE?AVSingleOperationData@@HH@Z 0044fa54     environmentvariant.obj
 0002:0003aa8c       __unwindtable$?AddPlanStep@EnvironmentVariant@@QAEXHHH@Z 0044fa8c     environmentvariant.obj
 0002:0003aaac       __ehfuncinfo$?AddPlanStep@EnvironmentVariant@@QAEXHHH@Z 0044faac     environmentvariant.obj
 0002:0003aad0       __unwindtable$?SetPlanStepToDefault@EnvironmentVariant@@QAEXHHH@Z 0044fad0     environmentvariant.obj
 0002:0003aad0       __unwindtable$?MovePlanStep@EnvironmentVariant@@QAEXHHH@Z 0044fad0     environmentvariant.obj
 0002:0003aad8       __ehfuncinfo$?SetPlanStepToDefault@EnvironmentVariant@@QAEXHHH@Z 0044fad8     environmentvariant.obj
 0002:0003aad8       __ehfuncinfo$?MovePlanStep@EnvironmentVariant@@QAEXHHH@Z 0044fad8     environmentvariant.obj
 0002:0003aafc       __unwindtable$?AddPlan@EnvironmentVariant@@QAEXABVQString@@@Z 0044fafc     environmentvariant.obj
 0002:0003ab1c       __ehfuncinfo$?AddPlan@EnvironmentVariant@@QAEXABVQString@@@Z 0044fb1c     environmentvariant.obj
 0002:0003ab40       __unwindtable$?SavePlan@EnvironmentVariant@@QAEXXZ 0044fb40     environmentvariant.obj
 0002:0003ab48       __ehfuncinfo$?SavePlan@EnvironmentVariant@@QAEXXZ 0044fb48     environmentvariant.obj
 0002:0003ab6c       __ehfuncinfo$?StartPlan@EnvironmentVariant@@QAEXHH@Z 0044fb6c     environmentvariant.obj
 0002:0003ab90       __unwindtable$?StartPlan@EnvironmentVariant@@QAEXHH@Z 0044fb90     environmentvariant.obj
 0002:0003aca0       __unwindtable$?SaveMachineConfig@EnvironmentVariant@@QAEXABVMachineConfigData@@@Z 0044fca0     environmentvariant.obj
 0002:0003aca8       __ehfuncinfo$?SaveMachineConfig@EnvironmentVariant@@QAEXABVMachineConfigData@@@Z 0044fca8     environmentvariant.obj
 0002:0003accc       __ehfuncinfo$?formatSingleOperationParam@EnvironmentVariant@@QAE?AVQJsonObject@@ABVSingleOperationData@@@Z 0044fccc     environmentvariant.obj
 0002:0003acf0       __unwindtable$?formatSingleOperationParam@EnvironmentVariant@@QAE?AVQJsonObject@@ABVSingleOperationData@@@Z 0044fcf0     environmentvariant.obj
 0002:0003adb0       __unwindtable$?StartTunning@EnvironmentVariant@@QAEXABVSingleOperationData@@@Z 0044fdb0     environmentvariant.obj
 0002:0003add0       __ehfuncinfo$?StartTunning@EnvironmentVariant@@QAEXABVSingleOperationData@@@Z 0044fdd0     environmentvariant.obj
 0002:0003adf4       __unwindtable$?defaultValue@EnvironmentVariant@@QAE?AVSingleOperationData@@ABVQString@@@Z 0044fdf4     environmentvariant.obj
 0002:0003ae14       __ehfuncinfo$?defaultValue@EnvironmentVariant@@QAE?AVSingleOperationData@@ABVQString@@@Z 0044fe14     environmentvariant.obj
 0002:0003ae38       __ehfuncinfo$??0EnvironmentVariant@@AAE@XZ 0044fe38     environmentvariant.obj
 0002:0003ae5c       __unwindtable$??0EnvironmentVariant@@AAE@XZ 0044fe5c     environmentvariant.obj
 0002:0003aeb4       __unwindtable$??1EnvironmentVariant@@EAE@XZ 0044feb4     environmentvariant.obj
 0002:0003aecc       __ehfuncinfo$??1EnvironmentVariant@@EAE@XZ 0044fecc     environmentvariant.obj
 0002:0003aef0       __unwindtable$??A?$QMap@VQString@@VOperationParamData@@@@QAEAAVOperationParamData@@ABVQString@@@Z 0044fef0     environmentvariant.obj
 0002:0003aef8       __ehfuncinfo$??A?$QMap@VQString@@VOperationParamData@@@@QAEAAVOperationParamData@@ABVQString@@@Z 0044fef8     environmentvariant.obj
 0002:0003af1c       __catchsym$?detach_helper@?$QList@U?$QPair@VQString@@V?$QList@VSingleOperationData@@@@@@@@AAEXH@Z$7 0044ff1c     environmentvariant.obj
 0002:0003af2c       __unwindtable$?detach_helper@?$QList@U?$QPair@VQString@@V?$QList@VSingleOperationData@@@@@@@@AAEXH@Z 0044ff2c     environmentvariant.obj
 0002:0003af3c       __tryblocktable$?detach_helper@?$QList@U?$QPair@VQString@@V?$QList@VSingleOperationData@@@@@@@@AAEXH@Z 0044ff3c     environmentvariant.obj
 0002:0003af50       __ehfuncinfo$?detach_helper@?$QList@U?$QPair@VQString@@V?$QList@VSingleOperationData@@@@@@@@AAEXH@Z 0044ff50     environmentvariant.obj
 0002:0003af74       __catchsym$?insert@?$QList@VSingleOperationData@@@@QAEXHABVSingleOperationData@@@Z$28 0044ff74     environmentvariant.obj
 0002:0003af84       __catchsym$?insert@?$QList@VSingleOperationData@@@@QAEXHABVSingleOperationData@@@Z$27 0044ff84     environmentvariant.obj
 0002:0003af94       __ehfuncinfo$?insert@?$QList@VSingleOperationData@@@@QAEXHABVSingleOperationData@@@Z 0044ff94     environmentvariant.obj
 0002:0003afb8       __tryblocktable$?insert@?$QList@VSingleOperationData@@@@QAEXHABVSingleOperationData@@@Z 0044ffb8     environmentvariant.obj
 0002:0003afe0       __unwindtable$?insert@?$QList@VSingleOperationData@@@@QAEXHABVSingleOperationData@@@Z 0044ffe0     environmentvariant.obj
 0002:0003b070       __catchsym$?detach_helper@?$QList@VSingleOperationData@@@@AAEXH@Z$7 00450070     environmentvariant.obj
 0002:0003b080       __unwindtable$?detach_helper@?$QList@VSingleOperationData@@@@AAEXH@Z 00450080     environmentvariant.obj
 0002:0003b090       __tryblocktable$?detach_helper@?$QList@VSingleOperationData@@@@AAEXH@Z 00450090     environmentvariant.obj
 0002:0003b0a4       __ehfuncinfo$?detach_helper@?$QList@VSingleOperationData@@@@AAEXH@Z 004500a4     environmentvariant.obj
 0002:0003b0c8       __unwindtable$?node_destruct@?$QList@VSingleOperationData@@@@AAEXPAUNode@1@@Z 004500c8     environmentvariant.obj
 0002:0003b0d8       __ehfuncinfo$?node_destruct@?$QList@VSingleOperationData@@@@AAEXPAUNode@1@@Z 004500d8     environmentvariant.obj
 0002:0003b0fc       __unwindtable$??_G?$QQmlElement@VPlanController@@@QQmlPrivate@@UAEPAXI@Z 004500fc     main.obj
 0002:0003b0fc       __unwindtable$??_G?$QQmlElement@VOperationParamObject@@@QQmlPrivate@@UAEPAXI@Z 004500fc     main.obj
 0002:0003b0fc       __unwindtable$??1?$QForeachContainer@V?$QList@VSingleOperationData@@@@@QtPrivate@@QAE@XZ 004500fc     environmentvariant.obj
 0002:0003b0fc       __unwindtable$??_G?$QQmlElement@VTextFieldDoubleValidator@@@QQmlPrivate@@UAEPAXI@Z 004500fc     main.obj
 0002:0003b0fc       __unwindtable$??_G?$QQmlElement@VStatusViewWatcher@@@QQmlPrivate@@UAEPAXI@Z 004500fc     main.obj
 0002:0003b0fc       __unwindtable$??_G?$QQmlElement@VPlanSelector@@@QQmlPrivate@@UAEPAXI@Z 004500fc     main.obj
 0002:0003b0fc       __unwindtable$??_GSingleOperationData@@QAEPAXI@Z 004500fc     configfilehandler.obj
 0002:0003b0fc       __unwindtable$??_G?$QQmlElement@VOperationParamSelector@@@QQmlPrivate@@UAEPAXI@Z 004500fc     main.obj
 0002:0003b0fc       __unwindtable$??1OperationParamData@@QAE@XZ 004500fc     main.obj
 0002:0003b0fc       __unwindtable$??1SingleOperationData@@QAE@XZ 004500fc     workmodels.obj
 0002:0003b0fc       __unwindtable$??_GPlanController@@UAEPAXI@Z 004500fc     workmodels.obj
 0002:0003b104       __ehfuncinfo$??_GPlanController@@UAEPAXI@Z 00450104     workmodels.obj
 0002:0003b104       __ehfuncinfo$??1OperationParamData@@QAE@XZ 00450104     main.obj
 0002:0003b104       __ehfuncinfo$??1SingleOperationData@@QAE@XZ 00450104     workmodels.obj
 0002:0003b104       __ehfuncinfo$??_GSingleOperationData@@QAEPAXI@Z 00450104     configfilehandler.obj
 0002:0003b104       __ehfuncinfo$??_G?$QQmlElement@VTextFieldDoubleValidator@@@QQmlPrivate@@UAEPAXI@Z 00450104     main.obj
 0002:0003b104       __ehfuncinfo$??_G?$QQmlElement@VPlanController@@@QQmlPrivate@@UAEPAXI@Z 00450104     main.obj
 0002:0003b104       __ehfuncinfo$??_G?$QQmlElement@VOperationParamObject@@@QQmlPrivate@@UAEPAXI@Z 00450104     main.obj
 0002:0003b104       __ehfuncinfo$??_G?$QQmlElement@VPlanSelector@@@QQmlPrivate@@UAEPAXI@Z 00450104     main.obj
 0002:0003b104       __ehfuncinfo$??1?$QForeachContainer@V?$QList@VSingleOperationData@@@@@QtPrivate@@QAE@XZ 00450104     environmentvariant.obj
 0002:0003b104       __ehfuncinfo$??_G?$QQmlElement@VOperationParamSelector@@@QQmlPrivate@@UAEPAXI@Z 00450104     main.obj
 0002:0003b104       __ehfuncinfo$??_G?$QQmlElement@VStatusViewWatcher@@@QQmlPrivate@@UAEPAXI@Z 00450104     main.obj
 0002:0003b128       __unwindtable$?qt_metatype_id@?$QMetaTypeId@VQSequentialIterableImpl@QtMetaTypePrivate@@@@SAHXZ 00450128     moc_workmodels.obj
 0002:0003b128       __unwindtable$?qt_metatype_id@?$QMetaTypeId@V?$QList@PAVQObject@@@@@@SAHXZ 00450128     moc_workmodels.obj
 0002:0003b130       __ehfuncinfo$?qt_metatype_id@?$QMetaTypeId@VQSequentialIterableImpl@QtMetaTypePrivate@@@@SAHXZ 00450130     moc_workmodels.obj
 0002:0003b130       __ehfuncinfo$?qt_metatype_id@?$QMetaTypeId@V?$QList@PAVQObject@@@@@@SAHXZ 00450130     moc_workmodels.obj
 0002:0003b154       __unwindtable$??4OperationParamData@@QAEAAV0@ABV0@@Z 00450154     configfilehandler.obj
 0002:0003b154       __unwindtable$?setParamModel@OperationParamSelector@@QAEXABV?$QList@PAVQObject@@@@@Z 00450154     moc_workmodels.obj
 0002:0003b154       __unwindtable$?setIntListValue@OperationParamObject@@QAEXABV?$QList@H@@@Z 00450154     moc_workmodels.obj
 0002:0003b154       __unwindtable$?setParamListModel@PlanSelector@@QAEXABV?$QList@PAVQObject@@@@@Z 00450154     moc_workmodels.obj
 0002:0003b15c       __ehfuncinfo$?setIntListValue@OperationParamObject@@QAEXABV?$QList@H@@@Z 0045015c     moc_workmodels.obj
 0002:0003b15c       __ehfuncinfo$??4OperationParamData@@QAEAAV0@ABV0@@Z 0045015c     configfilehandler.obj
 0002:0003b15c       __ehfuncinfo$?setParamModel@OperationParamSelector@@QAEXABV?$QList@PAVQObject@@@@@Z 0045015c     moc_workmodels.obj
 0002:0003b15c       __ehfuncinfo$?setParamListModel@PlanSelector@@QAEXABV?$QList@PAVQObject@@@@@Z 0045015c     moc_workmodels.obj
 0002:0003b180       __unwindtable$?qt_metatype_id@?$QMetaTypeId@V?$QList@H@@@@SAHXZ 00450180     moc_workmodels.obj
 0002:0003b188       __ehfuncinfo$?qt_metatype_id@?$QMetaTypeId@V?$QList@H@@@@SAHXZ 00450188     moc_workmodels.obj
 0002:0003b1ac       __unwindtable$?Construct@?$QMetaTypeFunctionHelper@V?$QList@PAVQObject@@@@$00@QtMetaTypePrivate@@SAPAXPAXPBX@Z 004501ac     moc_workmodels.obj
 0002:0003b1ac       __unwindtable$?Construct@?$QMetaTypeFunctionHelper@V?$QList@H@@$00@QtMetaTypePrivate@@SAPAXPAXPBX@Z 004501ac     moc_workmodels.obj
 0002:0003b1b4       __ehfuncinfo$?Construct@?$QMetaTypeFunctionHelper@V?$QList@PAVQObject@@@@$00@QtMetaTypePrivate@@SAPAXPAXPBX@Z 004501b4     moc_workmodels.obj
 0002:0003b1b4       __ehfuncinfo$?Construct@?$QMetaTypeFunctionHelper@V?$QList@H@@$00@QtMetaTypePrivate@@SAPAXPAXPBX@Z 004501b4     moc_workmodels.obj
 0002:0003b1d8       __unwindtable$?Destruct@?$QMetaTypeFunctionHelper@V?$QList@H@@$00@QtMetaTypePrivate@@SAXPAX@Z 004501d8     moc_workmodels.obj
 0002:0003b1d8       __unwindtable$??__Fdummy@?A0x4c3cf720@@YAXXZ 004501d8     qrc_qml.obj
 0002:0003b1d8       __unwindtable$?Destruct@?$QMetaTypeFunctionHelper@V?$QList@PAVQObject@@@@$00@QtMetaTypePrivate@@SAXPAX@Z 004501d8     moc_workmodels.obj
 0002:0003b1d8       __unwindtable$??__Ff@?4??registerConverter@?$ValueTypeIsMetaType@V?$QList@H@@$00@QtPrivate@@SA_NH@Z@YAXXZ 004501d8     moc_workmodels.obj
 0002:0003b1d8       __unwindtable$??__Ff@?4??registerConverter@?$ValueTypeIsMetaType@V?$QList@PAVQObject@@@@$00@QtPrivate@@SA_NH@Z@YAXXZ 004501d8     moc_workmodels.obj
 0002:0003b1e0       __ehfuncinfo$??__Ff@?4??registerConverter@?$ValueTypeIsMetaType@V?$QList@H@@$00@QtPrivate@@SA_NH@Z@YAXXZ 004501e0     moc_workmodels.obj
 0002:0003b1e0       __ehfuncinfo$?Destruct@?$QMetaTypeFunctionHelper@V?$QList@PAVQObject@@@@$00@QtMetaTypePrivate@@SAXPAX@Z 004501e0     moc_workmodels.obj
 0002:0003b1e0       __ehfuncinfo$??__Fdummy@?A0x4c3cf720@@YAXXZ 004501e0     qrc_qml.obj
 0002:0003b1e0       __ehfuncinfo$??__Ff@?4??registerConverter@?$ValueTypeIsMetaType@V?$QList@PAVQObject@@@@$00@QtPrivate@@SA_NH@Z@YAXXZ 004501e0     moc_workmodels.obj
 0002:0003b1e0       __ehfuncinfo$?Destruct@?$QMetaTypeFunctionHelper@V?$QList@H@@$00@QtMetaTypePrivate@@SAXPAX@Z 004501e0     moc_workmodels.obj
 0002:0003b208       __sehtable$___scrt_is_nonwritable_in_current_image 00450208     MSVCRT:utility.obj
 0002:0003b228       __sehtable$?__scrt_common_main_seh@@YAHXZ 00450228     MSVCRT:exe_winmain.obj
 0002:0003b9c6       .idata$6                   004509c6     WorkflowProtocol:WorkflowProtocol.dll
 0002:0003b9f0       .idata$6                   004509f0     DbgHelp:dbghelp.dll
 0002:0003baf4       .idata$6                   00450af4     Qt5Quick:Qt5Quick.dll
 0002:0003be4c       .idata$6                   00450e4c     Qt5Gui:Qt5Gui.dll
 0002:0003bfa8       .idata$6                   00450fa8     Qt5Qml:Qt5Qml.dll
 0002:0003d9e8       .idata$6                   004529e8     Qt5Core:Qt5Core.dll
 0002:0003dbda       .idata$6                   00452bda     kernel32:KERNEL32.dll
 0002:0003dcbe       .idata$6                   00452cbe     vcruntime:VCRUNTIME140.dll
 0002:0003de9e       .idata$6                   00452e9e     ucrt:api-ms-win-crt-heap-l1-1-0.dll
 0002:0003debe       .idata$6                   00452ebe     ucrt:api-ms-win-crt-runtime-l1-1-0.dll
 0002:0003dee0       .idata$6                   00452ee0     ucrt:api-ms-win-crt-math-l1-1-0.dll
 0002:0003df00       .idata$6                   00452f00     ucrt:api-ms-win-crt-stdio-l1-1-0.dll
 0002:0003df20       .idata$6                   00452f20     ucrt:api-ms-win-crt-locale-l1-1-0.dll
 0002:0003df58       .idata$6                   00452f58     shell32:SHELL32.dll
 0003:00000584       ?module_local_atexit_table@@3U_onexit_table_t@@A 00453584     MSVCRT:utility.obj
 0003:00000590       ?module_local_at_quick_exit_table@@3U_onexit_table_t@@A 00453590     MSVCRT:utility.obj
 0003:0000059c       ?is_initialized_as_dll@@3_NA 0045359c     MSVCRT:utility.obj
 0003:000005a0       ?_Tss_mutex@@3U_RTL_CRITICAL_SECTION@@A 004535a0     MSVCRT:thread_safe_statics.obj
 0003:000005b8       ?_Tss_cv@@3U_RTL_CONDITION_VARIABLE@@A 004535b8     MSVCRT:thread_safe_statics.obj
 0003:000005bc       ?_Tss_event@@3PAXA         004535bc     MSVCRT:thread_safe_statics.obj
 0003:000005c0       ?encoded_sleep_condition_variable_cs@@3P6GHPAU_RTL_CONDITION_VARIABLE@@PAU_RTL_CRITICAL_SECTION@@K@ZA 004535c0     MSVCRT:thread_safe_statics.obj
 0003:000005c4       ?encoded_wake_all_condition_variable@@3P6GXPAU_RTL_CONDITION_VARIABLE@@@ZA 004535c4     MSVCRT:thread_safe_statics.obj
 0003:000005d0       _GS_ExceptionRecord        004535d0     MSVCRT:gs_report.obj
 0003:00000620       _GS_ContextRecord          00453620     MSVCRT:gs_report.obj
 0004:00000000       __guard_fids__             00454000     MSVCRT:std_type_info_static.obj
 0004:00000004       __guard_fids__             00454004     MSVCRT:thread_safe_statics.obj
 0004:00000008       __guard_fids_?__scrt_initialize_thread_safe_statics@@YAHXZ 00454008     MSVCRT:thread_safe_statics.obj
 0004:0000000c       __guard_fids__             0045400c     MSVCRT:exe_winmain.obj
 0004:00000010       __guard_fids__             00454010     MSVCRT:exe_winmain.obj
 0004:00000014       __guard_fids__             00454014     MSVCRT:exe_winmain.obj
 0004:00000018       __guard_fids_?pre_c_initialization@@YAHXZ 00454018     MSVCRT:exe_winmain.obj
 0004:00000020       __guard_fids__             00454020     MSVCRT:throw_bad_alloc.obj
 0004:00000028       __guard_fids__             00454028     MSVCRT:throw_bad_alloc.obj
 0004:00000030       __guard_fids__             00454030     MSVCRT:throw_bad_alloc.obj
 0004:00000038       __guard_fids__             00454038     MSVCRT:throw_bad_alloc.obj
 0004:0000003c       __guard_fids__             0045403c     MSVCRT:throw_bad_alloc.obj
 0004:00000040       __guard_fids__             00454040     MSVCRT:throw_bad_alloc.obj
 0004:00000044       __guard_fids__             00454044     MSVCRT:throw_bad_alloc.obj
 0004:00000048       __guard_fids__             00454048     MSVCRT:throw_bad_alloc.obj
 0004:0000004c       __guard_fids____scrt_set_unhandled_exception_filter 0045404c     MSVCRT:utility_desktop.obj
 0004:00000050       __guard_fids___except_handler4 00454050     MSVCRT:_chandler4gs_.obj
 0004:00000054       __guard_fids__             00454054     MSVCRT:guard_support.obj
 0006:00000060       $R000000                   00456060     * linker generated manifest res *
