 UserInterfaceLayer

 Timestamp is 59399762 (Fri Jun  9 02:28:50 2017)

 Preferred load address is 00400000

 Start         Length     Name                   Class
 0001:00000000 000000c0H .text$di                CODE
 0001:000000c0 00011860H .text$mn                CODE
 0001:00011920 00001eb0H .text$x                 CODE
 0001:000137d0 000000fdH .text$yd                CODE
 0002:00000000 00000464H .idata$5                DATA
 0002:00000464 00000004H .00cfg                  DATA
 0002:00000468 00000004H .CRT$XCA                DATA
 0002:0000046c 00000004H .CRT$XCAA               DATA
 0002:00000470 00000028H .CRT$XCU                DATA
 0002:00000498 00000004H .CRT$XCZ                DATA
 0002:0000049c 00000004H .CRT$XIA                DATA
 0002:000004a0 00000004H .CRT$XIAA               DATA
 0002:000004a4 00000004H .CRT$XIAC               DATA
 0002:000004a8 00000004H .CRT$XIC                DATA
 0002:000004ac 00000004H .CRT$XIZ                DATA
 0002:000004b0 00000004H .CRT$XLA                DATA
 0002:000004b4 00000004H .CRT$XLZ                DATA
 0002:000004b8 00000004H .CRT$XPA                DATA
 0002:000004bc 00000004H .CRT$XPZ                DATA
 0002:000004c0 00000004H .CRT$XTA                DATA
 0002:000004c4 0000000cH .CRT$XTZ                DATA
 0002:000004d0 00340e04H .rdata                  DATA
 0002:003412d4 00000018H .rdata$T                DATA
 0002:003412ec 00000714H .rdata$r                DATA
 0002:00341a00 00000198H .rdata$sxdata           DATA
 0002:00341b98 000003f4H .rdata$zzzdbg           DATA
 0002:00341f8c 00000004H .rtc$IAA                DATA
 0002:00341f90 00000004H .rtc$IZZ                DATA
 0002:00341f94 00000004H .rtc$TAA                DATA
 0002:00341f98 00000008H .rtc$TZZ                DATA
 0002:00341fa0 0000276cH .xdata$x                DATA
 0002:0034470c 00000000H .edata                  DATA
 0002:0034470c 00000118H .idata$2                DATA
 0002:00344824 00000014H .idata$3                DATA
 0002:00344838 00000464H .idata$4                DATA
 0002:00344c9c 00002662H .idata$6                DATA
 0003:00000000 00000108H .data                   DATA
 0003:00000108 00000430H .data$r                 DATA
 0003:00000538 000003e0H .bss                    DATA
 0004:00000000 00000058H .gfids$y                DATA
 0005:00000000 00000004H .tls                    DATA
 0005:00000004 00000004H .tls$                   DATA
 0005:00000008 00000001H .tls$ZZZ                DATA
 0006:00000000 00000060H .rsrc$01                DATA
 0006:00000060 00000290H .rsrc$02                DATA

  Address         Publics by Value              Rva+Base       Lib:Object

 0000:00000000       ___guard_fids_count        00000000     <absolute>
 0000:00000000       ___guard_fids_table        00000000     <absolute>
 0000:00000000       ___guard_longjmp_table     00000000     <absolute>
 0000:00000000       ___guard_iat_table         00000000     <absolute>
 0000:00000000       ___guard_iat_count         00000000     <absolute>
 0000:00000000       ___guard_longjmp_count     00000000     <absolute>
 0000:00000000       ___dynamic_value_reloc_table 00000000     <absolute>
 0000:0000002c       __tls_array                0000002c     <absolute>
 0000:00000066       ___safe_se_handler_count   00000066     <absolute>
 0000:00000100       ___guard_flags             00000100     <absolute>
 0000:00000000       ___ImageBase               00400000     <linker-defined>
 0001:000000c0       ??$connect@P8QQmlEngine@@AEXXZP6AXXZ@QObject@@SA?AVConnection@QMetaObject@@PBVQQmlEngine@@P83@AEXXZPBV0@P6AXXZW4ConnectionType@Qt@@@Z 004010c0 f i main.obj
 0001:00000120       ??$createInto@VOperationParamObject@@@QQmlPrivate@@YAXPAX@Z 00401120 f i main.obj
 0001:00000180       ??$createInto@VOperationParamSelector@@@QQmlPrivate@@YAXPAX@Z 00401180 f i main.obj
 0001:000001e0       ??$createInto@VPlanController@@@QQmlPrivate@@YAXPAX@Z 004011e0 f i main.obj
 0001:00000240       ??$createInto@VPlanSelector@@@QQmlPrivate@@YAXPAX@Z 00401240 f i main.obj
 0001:000002a0       ??$createInto@VStatusViewWatcher@@@QQmlPrivate@@YAXPAX@Z 004012a0 f i main.obj
 0001:00000300       ??$createInto@VTextFieldDoubleValidator@@@QQmlPrivate@@YAXPAX@Z 00401300 f i main.obj
 0001:00000360       ??$qRegisterNormalizedMetaType@PAVOperationParamObject@@@@YAHABVQByteArray@@PAPAVOperationParamObject@@W4DefinedType@?$MetaTypeDefinedHelper@PAVOperationParamObject@@$00@QtPrivate@@@Z 00401360 f i main.obj
 0001:000003c0       ??$qRegisterNormalizedMetaType@PAVOperationParamSelector@@@@YAHABVQByteArray@@PAPAVOperationParamSelector@@W4DefinedType@?$MetaTypeDefinedHelper@PAVOperationParamSelector@@$00@QtPrivate@@@Z 004013c0 f i main.obj
 0001:00000420       ??$qRegisterNormalizedMetaType@PAVPlanController@@@@YAHABVQByteArray@@PAPAVPlanController@@W4DefinedType@?$MetaTypeDefinedHelper@PAVPlanController@@$00@QtPrivate@@@Z 00401420 f i main.obj
 0001:00000480       ??$qRegisterNormalizedMetaType@PAVPlanSelector@@@@YAHABVQByteArray@@PAPAVPlanSelector@@W4DefinedType@?$MetaTypeDefinedHelper@PAVPlanSelector@@$00@QtPrivate@@@Z 00401480 f i main.obj
 0001:000004e0       ??$qRegisterNormalizedMetaType@PAVStatusViewWatcher@@@@YAHABVQByteArray@@PAPAVStatusViewWatcher@@W4DefinedType@?$MetaTypeDefinedHelper@PAVStatusViewWatcher@@$00@QtPrivate@@@Z 004014e0 f i main.obj
 0001:00000540       ??$qRegisterNormalizedMetaType@PAVTextFieldDoubleValidator@@@@YAHABVQByteArray@@PAPAVTextFieldDoubleValidator@@W4DefinedType@?$MetaTypeDefinedHelper@PAVTextFieldDoubleValidator@@$00@QtPrivate@@@Z 00401540 f i main.obj
 0001:000005a0       ??$qmlRegisterType@VOperationParamObject@@@@YAHPBDHH0@Z 004015a0 f i main.obj
 0001:00000850       ??$qmlRegisterType@VOperationParamSelector@@@@YAHPBDHH0@Z 00401850 f i main.obj
 0001:00000b00       ??$qmlRegisterType@VPlanController@@@@YAHPBDHH0@Z 00401b00 f i main.obj
 0001:00000db0       ??$qmlRegisterType@VPlanSelector@@@@YAHPBDHH0@Z 00401db0 f i main.obj
 0001:00001060       ??$qmlRegisterType@VStatusViewWatcher@@@@YAHPBDHH0@Z 00402060 f i main.obj
 0001:00001310       ??$qmlRegisterType@VTextFieldDoubleValidator@@@@YAHPBDHH0@Z 00402310 f i main.obj
 0001:000015c0       ??0OperationParamData@@QAE@XZ 004025c0 f i main.obj
 0001:00001630       ??1?$QList@VQString@@@@QAE@XZ 00402630 f i main.obj
 0001:000016c0       ??1?$QVarLengthArray@D$0DA@@@QAE@XZ 004026c0 f i main.obj
 0001:000016c0       ??1?$QVarLengthArray@D$0EA@@@QAE@XZ 004026c0 f i main.obj
 0001:000016e0       ??1OperationParamData@@QAE@XZ 004026e0 f i main.obj
 0001:00001790       ??1OperationParamSelector@@UAE@XZ 00402790 f i main.obj
 0001:00001840       ??1PlanSelector@@UAE@XZ    00402840 f i main.obj
 0001:000018f0       ??1RegisterType@QQmlPrivate@@QAE@XZ 004028f0 f i main.obj
 0001:00001900       ??H@YA?BVQString@@ABV0@0@Z 00402900 f i main.obj
 0001:00001970       ??_E?$QQmlElement@VOperationParamObject@@@QQmlPrivate@@UAEPAXI@Z 00402970 f i main.obj
 0001:00001970       ??_G?$QQmlElement@VOperationParamObject@@@QQmlPrivate@@UAEPAXI@Z 00402970 f i main.obj
 0001:000019f0       ??_G?$QQmlElement@VOperationParamSelector@@@QQmlPrivate@@UAEPAXI@Z 004029f0 f i main.obj
 0001:000019f0       ??_E?$QQmlElement@VOperationParamSelector@@@QQmlPrivate@@UAEPAXI@Z 004029f0 f i main.obj
 0001:00001a60       ??_E?$QQmlElement@VPlanController@@@QQmlPrivate@@UAEPAXI@Z 00402a60 f i main.obj
 0001:00001a60       ??_G?$QQmlElement@VPlanController@@@QQmlPrivate@@UAEPAXI@Z 00402a60 f i main.obj
 0001:00001ad0       ??_G?$QQmlElement@VPlanSelector@@@QQmlPrivate@@UAEPAXI@Z 00402ad0 f i main.obj
 0001:00001ad0       ??_E?$QQmlElement@VPlanSelector@@@QQmlPrivate@@UAEPAXI@Z 00402ad0 f i main.obj
 0001:00001b40       ??_G?$QQmlElement@VStatusViewWatcher@@@QQmlPrivate@@UAEPAXI@Z 00402b40 f i main.obj
 0001:00001b40       ??_E?$QQmlElement@VStatusViewWatcher@@@QQmlPrivate@@UAEPAXI@Z 00402b40 f i main.obj
 0001:00001bb0       ??_E?$QQmlElement@VTextFieldDoubleValidator@@@QQmlPrivate@@UAEPAXI@Z 00402bb0 f i main.obj
 0001:00001bb0       ??_G?$QQmlElement@VTextFieldDoubleValidator@@@QQmlPrivate@@UAEPAXI@Z 00402bb0 f i main.obj
 0001:00001c20       ??_GOperationParamObject@@UAEPAXI@Z 00402c20 f i main.obj
 0001:00001c20       ??_EOperationParamObject@@UAEPAXI@Z 00402c20 f i main.obj
 0001:00001c50       ?Construct@?$QMetaTypeFunctionHelper@PAVPlanController@@$00@QtMetaTypePrivate@@SAPAXPAXPBX@Z 00402c50 f i main.obj
 0001:00001c50       ?Construct@?$QMetaTypeFunctionHelper@PAVStatusViewWatcher@@$00@QtMetaTypePrivate@@SAPAXPAXPBX@Z 00402c50 f i main.obj
 0001:00001c50       ?Construct@?$QMetaTypeFunctionHelper@PAVPlanSelector@@$00@QtMetaTypePrivate@@SAPAXPAXPBX@Z 00402c50 f i main.obj
 0001:00001c50       ?Construct@?$QMetaTypeFunctionHelper@PAVOperationParamSelector@@$00@QtMetaTypePrivate@@SAPAXPAXPBX@Z 00402c50 f i main.obj
 0001:00001c50       ?Construct@?$QMetaTypeFunctionHelper@PAVOperationParamObject@@$00@QtMetaTypePrivate@@SAPAXPAXPBX@Z 00402c50 f i main.obj
 0001:00001c50       ?Construct@?$QMetaTypeFunctionHelper@PAVTextFieldDoubleValidator@@$00@QtMetaTypePrivate@@SAPAXPAXPBX@Z 00402c50 f i main.obj
 0001:00001c80       ?Construct@?$QMetaTypeFunctionHelper@V?$QQmlListProperty@VOperationParamObject@@@@$00@QtMetaTypePrivate@@SAPAXPAXPBX@Z 00402c80 f i main.obj
 0001:00001c80       ?Construct@?$QMetaTypeFunctionHelper@V?$QQmlListProperty@VPlanController@@@@$00@QtMetaTypePrivate@@SAPAXPAXPBX@Z 00402c80 f i main.obj
 0001:00001c80       ?Construct@?$QMetaTypeFunctionHelper@V?$QQmlListProperty@VTextFieldDoubleValidator@@@@$00@QtMetaTypePrivate@@SAPAXPAXPBX@Z 00402c80 f i main.obj
 0001:00001c80       ?Construct@?$QMetaTypeFunctionHelper@V?$QQmlListProperty@VPlanSelector@@@@$00@QtMetaTypePrivate@@SAPAXPAXPBX@Z 00402c80 f i main.obj
 0001:00001c80       ?Construct@?$QMetaTypeFunctionHelper@V?$QQmlListProperty@VOperationParamSelector@@@@$00@QtMetaTypePrivate@@SAPAXPAXPBX@Z 00402c80 f i main.obj
 0001:00001c80       ?Construct@?$QMetaTypeFunctionHelper@V?$QQmlListProperty@VStatusViewWatcher@@@@$00@QtMetaTypePrivate@@SAPAXPAXPBX@Z 00402c80 f i main.obj
 0001:00001ce0       ?Destruct@?$QMetaTypeFunctionHelper@PAVOperationParamObject@@$00@QtMetaTypePrivate@@SAXPAX@Z 00402ce0 f i main.obj
 0001:00001ce0       ?Destruct@?$QMetaTypeFunctionHelper@V?$QQmlListProperty@VPlanController@@@@$00@QtMetaTypePrivate@@SAXPAX@Z 00402ce0 f i main.obj
 0001:00001ce0       ?Destruct@?$QMetaTypeFunctionHelper@V?$QQmlListProperty@VPlanSelector@@@@$00@QtMetaTypePrivate@@SAXPAX@Z 00402ce0 f i main.obj
 0001:00001ce0       ?Destruct@?$QMetaTypeFunctionHelper@V?$QQmlListProperty@VOperationParamSelector@@@@$00@QtMetaTypePrivate@@SAXPAX@Z 00402ce0 f i main.obj
 0001:00001ce0       __initialize_denormal_control 00402ce0 f i MSVCRT:denormal_control.obj
 0001:00001ce0       ?Destruct@?$QMetaTypeFunctionHelper@PAVTextFieldDoubleValidator@@$00@QtMetaTypePrivate@@SAXPAX@Z 00402ce0 f i main.obj
 0001:00001ce0       ??3@YAXPAX0@Z              00402ce0 f i main.obj
 0001:00001ce0       ?Destruct@?$QMetaTypeFunctionHelper@PAVOperationParamSelector@@$00@QtMetaTypePrivate@@SAXPAX@Z 00402ce0 f i main.obj
 0001:00001ce0       ?onComplete@PlanSelector@@QAEXXZ 00402ce0 f i workmodels.obj
 0001:00001ce0       ?Destruct@?$QMetaTypeFunctionHelper@V?$QQmlListProperty@VTextFieldDoubleValidator@@@@$00@QtMetaTypePrivate@@SAXPAX@Z 00402ce0 f i main.obj
 0001:00001ce0       ?Destruct@?$QMetaTypeFunctionHelper@PAVStatusViewWatcher@@$00@QtMetaTypePrivate@@SAXPAX@Z 00402ce0 f i main.obj
 0001:00001ce0       @_guard_check_icall_nop@4  00402ce0 f i MSVCRT:guard_support.obj
 0001:00001ce0       __initialize_invalid_parameter_handler 00402ce0 f i MSVCRT:invalid_parameter_handler.obj
 0001:00001ce0       ?Destruct@?$QMetaTypeFunctionHelper@V?$QQmlListProperty@VStatusViewWatcher@@@@$00@QtMetaTypePrivate@@SAXPAX@Z 00402ce0 f i main.obj
 0001:00001ce0       ?Destruct@?$QMetaTypeFunctionHelper@PAVPlanController@@$00@QtMetaTypePrivate@@SAXPAX@Z 00402ce0 f i main.obj
 0001:00001ce0       ?Destruct@?$QMetaTypeFunctionHelper@PAVPlanSelector@@$00@QtMetaTypePrivate@@SAXPAX@Z 00402ce0 f i main.obj
 0001:00001ce0       ?Destruct@?$QMetaTypeFunctionHelper@VQSequentialIterableImpl@QtMetaTypePrivate@@$00@QtMetaTypePrivate@@SAXPAX@Z 00402ce0 f i moc_workmodels.obj
 0001:00001ce0       ?Destruct@?$QMetaTypeFunctionHelper@V?$QQmlListProperty@VOperationParamObject@@@@$00@QtMetaTypePrivate@@SAXPAX@Z 00402ce0 f i main.obj
 0001:00001ce0       ?qt_static_metacall@configFileHandler@@CAXPAVQObject@@W4Call@QMetaObject@@HPAPAX@Z 00402ce0 f i moc_configfilehandler.obj
 0001:00001cf0       ?TopLevelExceptionFilter@@YGJPAU_EXCEPTION_POINTERS@@@Z 00402cf0 f   main.obj
 0001:00001d60       ?customMessageHandler@@YAXW4QtMsgType@@ABVQMessageLogContext@@ABVQString@@@Z 00402d60 f   main.obj
 0001:000020d0       ?dealloc@?$QList@VOperationParamData@@@@AAEXPAUData@QListData@@@Z 004030d0 f i main.obj
 0001:00002130       ?impl@?$QStaticSlotObject@P6AXXZU?$List@$$V@QtPrivate@@X@QtPrivate@@CAXHPAVQSlotObjectBase@2@PAVQObject@@PAPAXPA_N@Z 00403130 f i main.obj
 0001:00002160       ?qt_metatype_id@?$QMetaTypeIdQObject@PAVOperationParamObject@@$07@@SAHXZ 00403160 f i main.obj
 0001:00002210       ?qt_metatype_id@?$QMetaTypeIdQObject@PAVOperationParamSelector@@$07@@SAHXZ 00403210 f i main.obj
 0001:000022c0       ?qt_metatype_id@?$QMetaTypeIdQObject@PAVPlanController@@$07@@SAHXZ 004032c0 f i main.obj
 0001:00002370       ?qt_metatype_id@?$QMetaTypeIdQObject@PAVPlanSelector@@$07@@SAHXZ 00403370 f i main.obj
 0001:00002420       ?qt_metatype_id@?$QMetaTypeIdQObject@PAVStatusViewWatcher@@$07@@SAHXZ 00403420 f i main.obj
 0001:000024d0       ?qt_metatype_id@?$QMetaTypeIdQObject@PAVTextFieldDoubleValidator@@$07@@SAHXZ 004034d0 f i main.obj
 0001:00002580       ?validate@TextFieldDoubleValidator@@UBE?AW4State@QValidator@@AAVQString@@AAH@Z 00403580 f i main.obj
 0001:00002700       _main                      00403700 f   main.obj
 0001:00002af0       ??$connect@P8EnvironmentVariant@@AEXXZP8StatusViewWatcher@@AEXXZ@QObject@@SA?AVConnection@QMetaObject@@PBVEnvironmentVariant@@P83@AEXXZPBVStatusViewWatcher@@P84@AEXXZW4ConnectionType@Qt@@@Z 00403af0 f i workmodels.obj
 0001:00002b50       ??$qMakeForeachContainer@AAV?$QList@PAVQObject@@@@@QtPrivate@@YA?AV?$QForeachContainer@V?$QList@PAVQObject@@@@@0@AAV?$QList@PAVQObject@@@@@Z 00403b50 f i workmodels.obj
 0001:00002b90       ??$qMakeForeachContainer@AAV?$QList@VOperationParamData@@@@@QtPrivate@@YA?AV?$QForeachContainer@V?$QList@VOperationParamData@@@@@0@AAV?$QList@VOperationParamData@@@@@Z 00403b90 f i workmodels.obj
 0001:00002b90       ??$qMakeForeachContainer@ABV?$QList@VOperationParamData@@@@@QtPrivate@@YA?AV?$QForeachContainer@V?$QList@VOperationParamData@@@@@0@ABV?$QList@VOperationParamData@@@@@Z 00403b90 f i configfilehandler.obj
 0001:00002bd0       ??0?$QList@H@@QAE@ABV0@@Z  00403bd0 f i workmodels.obj
 0001:00002bd0       ??0?$QList@PAVQObject@@@@QAE@ABV0@@Z 00403bd0 f i workmodels.obj
 0001:00002c80       ??0?$QList@VOperationParamData@@@@QAE@ABV0@@Z 00403c80 f i workmodels.obj
 0001:00002d30       ??0?$QList@VQString@@@@QAE@ABV0@@Z 00403d30 f i workmodels.obj
 0001:00002de0       ??0OperationParamData@@QAE@ABV0@@Z 00403de0 f i workmodels.obj
 0001:00002f50       ??0OperationParamSelector@@QAE@PAVQObject@@@Z 00403f50 f   workmodels.obj
 0001:00002fa0       ??0PlanController@@QAE@PAVQObject@@@Z 00403fa0 f   workmodels.obj
 0001:00003010       ??0PlanSelector@@QAE@PAVQObject@@@Z 00404010 f   workmodels.obj
 0001:000030c0       ??0StatusViewWatcher@@QAE@PAVQObject@@@Z 004040c0 f   workmodels.obj
 0001:00003150       ??1?$QForeachContainer@V?$QList@PAVQObject@@@@@QtPrivate@@QAE@XZ 00404150 f i workmodels.obj
 0001:000031b0       ??1?$QForeachContainer@V?$QList@VOperationParamData@@@@@QtPrivate@@QAE@XZ 004041b0 f i workmodels.obj
 0001:00003210       ??1?$QList@PAVQObject@@@@QAE@XZ 00404210 f i workmodels.obj
 0001:00003210       ??1?$QList@H@@QAE@XZ       00404210 f i workmodels.obj
 0001:00003270       ??1?$QList@VOperationParamData@@@@QAE@XZ 00404270 f i workmodels.obj
 0001:000032d0       ??1MachineConfigData@@QAE@XZ 004042d0 f i workmodels.obj
 0001:000032e0       ??1PlanController@@UAE@XZ  004042e0 f   workmodels.obj
 0001:00003340       ??1?$QForeachContainer@VQStringList@@@QtPrivate@@QAE@XZ 00404340 f i configfilehandler.obj
 0001:00003340       ??1QStringList@@QAE@XZ     00404340 f i workmodels.obj
 0001:00003350       ??1SingleOperationData@@QAE@XZ 00404350 f i workmodels.obj
 0001:000033c0       ??1StatusViewWatcher@@UAE@XZ 004043c0 f   workmodels.obj
 0001:00003440       ??_GOperationParamSelector@@UAEPAXI@Z 00404440 f i workmodels.obj
 0001:00003440       ??_EOperationParamSelector@@UAEPAXI@Z 00404440 f i workmodels.obj
 0001:00003460       ??_GPlanController@@UAEPAXI@Z 00404460 f i workmodels.obj
 0001:00003460       ??_EPlanController@@UAEPAXI@Z 00404460 f i workmodels.obj
 0001:000034d0       ??_GPlanSelector@@UAEPAXI@Z 004044d0 f i workmodels.obj
 0001:000034d0       ??_EPlanSelector@@UAEPAXI@Z 004044d0 f i workmodels.obj
 0001:000034f0       ??_EStatusViewWatcher@@UAEPAXI@Z 004044f0 f i workmodels.obj
 0001:000034f0       ??_GStatusViewWatcher@@UAEPAXI@Z 004044f0 f i workmodels.obj
 0001:00003590       ?addPlan@PlanSelector@@QAEXABVQString@@@Z 00404590 f   workmodels.obj
 0001:000035b0       ?addStep@PlanSelector@@QAEXHHH@Z 004045b0 f   workmodels.obj
 0001:000035d0       ?append@?$QList@PAVQObject@@@@QAEXABQAVQObject@@@Z 004045d0 f i workmodels.obj
 0001:000035d0       ?append@?$QList@H@@QAEXABH@Z 004045d0 f i configfilehandler.obj
 0001:00003660       ?append@?$QList@VOperationParamData@@@@QAEXABVOperationParamData@@@Z 00404660 f i workmodels.obj
 0001:00003720       ?commitParam@PlanSelector@@QAEXHHABVQString@@ABVQVariant@@@Z 00404720 f   workmodels.obj
 0001:00003740       ?detach_helper_grow@?$QList@VOperationParamData@@@@AAEPAUNode@1@HH@Z 00404740 f i workmodels.obj
 0001:00003890       ?eventFilter@PlanController@@UAE_NPAVQObject@@PAVQEvent@@@Z 00404890 f   workmodels.obj
 0001:000038e0       ?eventFilter@StatusViewWatcher@@UAE_NPAVQObject@@PAVQEvent@@@Z 004048e0 f   workmodels.obj
 0001:00003920       ?getSwitch@OperationParamSelector@@QAEPAVQObject@@ABVQString@@@Z 00404920 f   workmodels.obj
 0001:00003a80       ?getSwitch@PlanSelector@@QAEPAVQObject@@ABVQString@@@Z 00404a80 f   workmodels.obj
 0001:00003be0       ?getWorkLocationTypeList@StatusViewWatcher@@QAE?AVQStringList@@XZ 00404be0 f   workmodels.obj
 0001:00003c10       ?impl@?$QSlotObject@P8StatusViewWatcher@@AEXXZU?$List@$$V@QtPrivate@@X@QtPrivate@@CAXHPAVQSlotObjectBase@2@PAVQObject@@PAPAXPA_N@Z 00404c10 f i workmodels.obj
 0001:00003c60       ?init@OperationParamSelector@@QAEXABVQString@@@Z 00404c60 f   workmodels.obj
 0001:00003ce0       ?moveStep@PlanSelector@@QAEXHHH@Z 00404ce0 f   workmodels.obj
 0001:00003d00       ?node_copy@?$QList@H@@AAEXPAUNode@1@00@Z 00404d00 f i workmodels.obj
 0001:00003d00       ?node_copy@?$QList@PAVQObject@@@@AAEXPAUNode@1@00@Z 00404d00 f i workmodels.obj
 0001:00003d30       ?node_copy@?$QList@VOperationParamData@@@@AAEXPAUNode@1@00@Z 00404d30 f i workmodels.obj
 0001:00003e00       ?node_copy@?$QList@VQString@@@@AAEXPAUNode@1@00@Z 00404e00 f i workmodels.obj
 0001:00003e40       ?node_destruct@?$QList@VOperationParamData@@@@AAEXPAUNode@1@0@Z 00404e40 f i workmodels.obj
 0001:00003e80       ?onCompleteSingleOperation@OperationParamSelector@@QAEXXZ 00404e80 f   workmodels.obj
 0001:00004100       ?onMachineConfigChanged@TargetMachineObject@@QAEXXZ 00405100 f   workmodels.obj
 0001:00004180       ?onSave@PlanSelector@@QAEXXZ 00405180 f   workmodels.obj
 0001:00004190       ?operationCurrentIndex@PlanSelector@@QAEHXZ 00405190 f   workmodels.obj
 0001:000041b0       ?planListModel@PlanSelector@@QAE?AVQStringList@@XZ 004051b0 f   workmodels.obj
 0001:000041e0       ?removePlan@PlanSelector@@QAEXH@Z 004051e0 f   workmodels.obj
 0001:00004200       ?removeStep@PlanSelector@@QAEXHH@Z 00405200 f   workmodels.obj
 0001:00004220       ?resumePlan@PlanController@@QAEXXZ 00405220 f   workmodels.obj
 0001:00004250       ?setPlanName@PlanSelector@@QAEXHABVQString@@@Z 00405250 f   workmodels.obj
 0001:00004270       ?setSelectedOperation@OperationParamSelector@@QAEXH@Z 00405270 f   workmodels.obj
 0001:00004610       ?setSelectedOperation@PlanSelector@@QAEXHHH@Z 00405610 f   workmodels.obj
 0001:00004aa0       ?setSelectedStep@PlanSelector@@QAEXHH@Z 00405aa0 f   workmodels.obj
 0001:00004e50       ?setWorkLocationType@StatusViewWatcher@@QAE_NHABVQString@@@Z 00405e50 f   workmodels.obj
 0001:00004e70       ?startPlan@PlanController@@QAEXHH@Z 00405e70 f   workmodels.obj
 0001:00004ea0       ?stepListModel@PlanSelector@@QAE?AVQStringList@@H@Z 00405ea0 f   workmodels.obj
 0001:00004ed0       ?stopPlan@PlanController@@QAEXXZ 00405ed0 f   workmodels.obj
 0001:00004ee0       ??$qMakeForeachContainer@ABVQStringList@@@QtPrivate@@YA?AV?$QForeachContainer@VQStringList@@@0@ABVQStringList@@@Z 00405ee0 f i configfilehandler.obj
 0001:00004ee0       ??$qMakeForeachContainer@AAVQStringList@@@QtPrivate@@YA?AV?$QForeachContainer@VQStringList@@@0@AAVQStringList@@@Z 00405ee0 f i environmentvariant.obj
 0001:00004f20       ??$qMakePair@VQString@@V?$QList@VSingleOperationData@@@@@@YA?AU?$QPair@VQString@@V?$QList@VSingleOperationData@@@@@@ABVQString@@ABV?$QList@VSingleOperationData@@@@@Z 00405f20 f i configfilehandler.obj
 0001:00004f80       ??0?$QList@VSingleOperationData@@@@QAE@ABV0@@Z 00405f80 f i configfilehandler.obj
 0001:00005030       ??0OperationParamData@@QAE@ABVQString@@00ABVQStringList@@_NHH0V?$QList@H@@00HH@Z 00406030 f i configfilehandler.obj
 0001:000051d0       ??0configFileHandler@@QAE@PAVQObject@@@Z 004061d0 f   configfilehandler.obj
 0001:00005230       ??1?$QList@VSingleOperationData@@@@QAE@XZ 00406230 f i configfilehandler.obj
 0001:000052b0       ??1?$QMap@VQString@@V1@@@QAE@XZ 004062b0 f i configfilehandler.obj
 0001:00005330       ??1?$QMap@VQString@@VOperationParamData@@@@QAE@XZ 00406330 f i configfilehandler.obj
 0001:000053d0       ??1?$QMap@VQString@@VQStringList@@@@QAE@XZ 004063d0 f i configfilehandler.obj
 0001:00005470       ??1?$QPair@VQString@@V?$QList@VSingleOperationData@@@@@@QAE@XZ 00406470 f i configfilehandler.obj
 0001:00005500       ??4?$QList@U?$QPair@VQString@@V?$QList@VSingleOperationData@@@@@@@@QAEAAV0@$$QAV0@@Z 00406500 f i configfilehandler.obj
 0001:000055a0       ??4OperationParamData@@QAEAAV0@ABV0@@Z 004065a0 f i configfilehandler.obj
 0001:000056b0       ??A?$QMap@VQString@@V1@@@QAEAAVQString@@ABV1@@Z 004066b0 f i configfilehandler.obj
 0001:00005770       ??A?$QMap@VQString@@VOperationParamData@@@@QBE?BVOperationParamData@@ABVQString@@@Z 00406770 f i configfilehandler.obj
 0001:00005830       ??A?$QMap@VQString@@VQStringList@@@@QAEAAVQStringList@@ABVQString@@@Z 00406830 f i configfilehandler.obj
 0001:000058f0       ??_G?$QPair@VQString@@V?$QList@VSingleOperationData@@@@@@QAEPAXI@Z 004068f0 f i configfilehandler.obj
 0001:00005990       ??_GSingleOperationData@@QAEPAXI@Z 00406990 f i configfilehandler.obj
 0001:00005a10       ??_GconfigFileHandler@@UAEPAXI@Z 00406a10 f i configfilehandler.obj
 0001:00005a10       ??_EconfigFileHandler@@UAEPAXI@Z 00406a10 f i configfilehandler.obj
 0001:00005a40       ?ParseHostIP@configFileHandler@@QAE?AVQString@@XZ 00406a40 f   configfilehandler.obj
 0001:00005b10       ?ParseHostPort@configFileHandler@@QAEFXZ 00406b10 f   configfilehandler.obj
 0001:00005bf0       ?ParseHostSingleOperationThreshold@configFileHandler@@QAEHXZ 00406bf0 f   configfilehandler.obj
 0001:00005cd0       ?ParseLicense@configFileHandler@@QAEXAAVQByteArray@@@Z 00406cd0 f   configfilehandler.obj
 0001:00005dc0       ?ParseListMap@configFileHandler@@QAE?AV?$QMap@VQString@@VQStringList@@@@ABVQString@@@Z 00406dc0 f   configfilehandler.obj
 0001:00006060       ?ParseMap@configFileHandler@@QAE?AV?$QMap@VQString@@V1@@@ABVQString@@@Z 00407060 f   configfilehandler.obj
 0001:000061b0       ?ParseMapRevertKeyValue@configFileHandler@@QAE?AV?$QMap@VQString@@V1@@@ABVQString@@@Z 004071b0 f   configfilehandler.obj
 0001:00006310       ?ParseParamValue@configFileHandler@@QAE?AV?$QMap@VQString@@VOperationParamData@@@@ABVQString@@@Z 00407310 f   configfilehandler.obj
 0001:00006fb0       ?ParsePlanList@configFileHandler@@QAEXAAV?$QList@U?$QPair@VQString@@V?$QList@VSingleOperationData@@@@@@@@ABV?$QMap@VQString@@VOperationParamData@@@@@Z 00407fb0 f   configfilehandler.obj
 0001:000079a0       ?ParseWorkLocationTypeList@configFileHandler@@QAEXAAVQStringList@@@Z 004089a0 f   configfilehandler.obj
 0001:00007b80       ?SaveMachineConfig@configFileHandler@@QAEXABVQString@@ABVMachineConfigData@@ABVQStringList@@@Z 00408b80 f   configfilehandler.obj
 0001:000080b0       ?SavePlanList@configFileHandler@@QAEXABVQString@@ABV?$QList@U?$QPair@VQString@@V?$QList@VSingleOperationData@@@@@@@@ABV?$QMap@VQString@@VQStringList@@@@@Z 004090b0 f   configfilehandler.obj
 0001:00008840       ?append@?$QList@U?$QPair@VQString@@V?$QList@VSingleOperationData@@@@@@@@QAEXABU?$QPair@VQString@@V?$QList@VSingleOperationData@@@@@@@Z 00409840 f i configfilehandler.obj
 0001:00008920       ?append@?$QList@VQString@@@@QAEXABVQString@@@Z 00409920 f i configfilehandler.obj
 0001:000089d0       ?append@?$QList@VSingleOperationData@@@@QAEXABVSingleOperationData@@@Z 004099d0 f i configfilehandler.obj
 0001:00008ab0       ?clear@?$QList@H@@QAEXXZ   00409ab0 f i configfilehandler.obj
 0001:00008b50       ?clear@?$QList@U?$QPair@VQString@@V?$QList@VSingleOperationData@@@@@@@@QAEXXZ 00409b50 f i configfilehandler.obj
 0001:00008be0       ?copy@?$QMapNode@VQString@@V1@@@QBEPAU1@PAU?$QMapData@VQString@@V1@@@@Z 00409be0 f i configfilehandler.obj
 0001:00008c60       ?copy@?$QMapNode@VQString@@VOperationParamData@@@@QBEPAU1@PAU?$QMapData@VQString@@VOperationParamData@@@@@Z 00409c60 f i configfilehandler.obj
 0001:00008ce0       ?copy@?$QMapNode@VQString@@VQStringList@@@@QBEPAU1@PAU?$QMapData@VQString@@VQStringList@@@@@Z 00409ce0 f i configfilehandler.obj
 0001:00008d60       ?createNode@?$QMapData@VQString@@V1@@@QAEPAU?$QMapNode@VQString@@V1@@@ABVQString@@0PAU2@_N@Z 00409d60 f i configfilehandler.obj
 0001:00008da0       ?createNode@?$QMapData@VQString@@VOperationParamData@@@@QAEPAU?$QMapNode@VQString@@VOperationParamData@@@@ABVQString@@ABVOperationParamData@@PAU2@_N@Z 00409da0 f i configfilehandler.obj
 0001:00008e60       ?createNode@?$QMapData@VQString@@VQStringList@@@@QAEPAU?$QMapNode@VQString@@VQStringList@@@@ABVQString@@ABVQStringList@@PAU2@_N@Z 00409e60 f i configfilehandler.obj
 0001:00008f20       ?destroySubTree@?$QMapNode@VQString@@V1@@@QAEXXZ 00409f20 f i configfilehandler.obj
 0001:00008f50       ?destroySubTree@?$QMapNode@VQString@@VOperationParamData@@@@QAEXXZ 00409f50 f i configfilehandler.obj
 0001:00008f80       ?destroySubTree@?$QMapNode@VQString@@VQStringList@@@@QAEXXZ 00409f80 f i configfilehandler.obj
 0001:00008fb0       ?detach_helper@?$QMap@VQString@@V1@@@AAEXXZ 00409fb0 f i configfilehandler.obj
 0001:00009030       ?detach_helper@?$QMap@VQString@@VOperationParamData@@@@AAEXXZ 0040a030 f i configfilehandler.obj
 0001:000090d0       ?detach_helper@?$QMap@VQString@@VQStringList@@@@AAEXXZ 0040a0d0 f i configfilehandler.obj
 0001:00009170       ?detach_helper_grow@?$QList@H@@AAEPAUNode@1@HH@Z 0040a170 f i configfilehandler.obj
 0001:00009170       ?detach_helper_grow@?$QList@PAVQObject@@@@AAEPAUNode@1@HH@Z 0040a170 f i workmodels.obj
 0001:000092b0       ?detach_helper_grow@?$QList@U?$QPair@VQString@@V?$QList@VSingleOperationData@@@@@@@@AAEPAUNode@1@HH@Z 0040a2b0 f i configfilehandler.obj
 0001:00009420       ?detach_helper_grow@?$QList@VQString@@@@AAEPAUNode@1@HH@Z 0040a420 f i configfilehandler.obj
 0001:000095a0       ?detach_helper_grow@?$QList@VSingleOperationData@@@@AAEPAUNode@1@HH@Z 0040a5a0 f i configfilehandler.obj
 0001:00009710       ?insert@?$QMap@VQString@@V1@@@QAE?AViterator@1@ABVQString@@0@Z 0040a710 f i configfilehandler.obj
 0001:000097e0       ?insert@?$QMap@VQString@@VOperationParamData@@@@QAE?AViterator@1@ABVQString@@ABVOperationParamData@@@Z 0040a7e0 f i configfilehandler.obj
 0001:000098b0       ?insert@?$QMap@VQString@@VQStringList@@@@QAE?AViterator@1@ABVQString@@ABVQStringList@@@Z 0040a8b0 f i configfilehandler.obj
 0001:000099a0       ?key@iterator@QJsonObject@@QBE?AVQString@@XZ 0040a9a0 f i configfilehandler.obj
 0001:000099c0       ?loadConfigFile@configFileHandler@@QAE_NABVQString@@@Z 0040a9c0 f   configfilehandler.obj
 0001:00009ac0       ?lowerBound@?$QMapNode@VQString@@VOperationParamData@@@@QAEPAU1@ABVQString@@@Z 0040aac0 f i configfilehandler.obj
 0001:00009ac0       ?lowerBound@?$QMapNode@VQString@@V1@@@QAEPAU1@ABVQString@@@Z 0040aac0 f i configfilehandler.obj
 0001:00009ac0       ?lowerBound@?$QMapNode@VQString@@VQStringList@@@@QAEPAU1@ABVQString@@@Z 0040aac0 f i configfilehandler.obj
 0001:00009b00       ?node_copy@?$QList@U?$QPair@VQString@@V?$QList@VSingleOperationData@@@@@@@@AAEXPAUNode@1@00@Z 0040ab00 f i configfilehandler.obj
 0001:00009bc0       ?node_copy@?$QList@VSingleOperationData@@@@AAEXPAUNode@1@00@Z 0040abc0 f i configfilehandler.obj
 0001:00009c90       ?node_destruct@?$QList@U?$QPair@VQString@@V?$QList@VSingleOperationData@@@@@@@@AAEXPAUNode@1@0@Z 0040ac90 f i configfilehandler.obj
 0001:00009d50       ?node_destruct@?$QList@VQString@@@@AAEXPAUNode@1@0@Z 0040ad50 f i configfilehandler.obj
 0001:00009d80       ?node_destruct@?$QList@VSingleOperationData@@@@AAEXPAUNode@1@0@Z 0040ad80 f i configfilehandler.obj
 0001:00009e20       ?toList@configFileHandler@@QAE?AVQStringList@@ABVQString@@@Z 0040ae20 f   configfilehandler.obj
 0001:00009f00       ?value@?$QMap@VQString@@VOperationParamData@@@@QBE?BVOperationParamData@@ABVQString@@ABV2@@Z 0040af00 f i configfilehandler.obj
 0001:00009f70       ??$qMakeForeachContainer@ABV?$QList@VSingleOperationData@@@@@QtPrivate@@YA?AV?$QForeachContainer@V?$QList@VSingleOperationData@@@@@0@ABV?$QList@VSingleOperationData@@@@@Z 0040af70 f i environmentvariant.obj
 0001:00009fb0       ??0EnvironmentVariant@@AAE@XZ 0040afb0 f i environmentvariant.obj
 0001:0000a0a0       ??0SingleOperationData@@QAE@$$QAV0@@Z 0040b0a0 f i environmentvariant.obj
 0001:0000a0d0       ??0SingleOperationData@@QAE@ABV0@@Z 0040b0d0 f i environmentvariant.obj
 0001:0000a140       ??1?$QForeachContainer@V?$QList@VSingleOperationData@@@@@QtPrivate@@QAE@XZ 0040b140 f i environmentvariant.obj
 0001:0000a1c0       ??1?$QList@U?$QPair@VQString@@V?$QList@VSingleOperationData@@@@@@@@QAE@XZ 0040b1c0 f i environmentvariant.obj
 0001:0000a240       ??1EnvironmentVariant@@EAE@XZ 0040b240 f i environmentvariant.obj
 0001:0000a3c0       ??1configFileHandler@@UAE@XZ 0040b3c0 f i environmentvariant.obj
 0001:0000a3e0       ??4?$QList@VSingleOperationData@@@@QAEAAV0@ABV0@@Z 0040b3e0 f i environmentvariant.obj
 0001:0000a480       ??4SingleOperationData@@QAEAAV0@$$QAV0@@Z 0040b480 f i environmentvariant.obj
 0001:0000a510       ??4SingleOperationData@@QAEAAV0@ABV0@@Z 0040b510 f i environmentvariant.obj
 0001:0000a5b0       ??A?$QList@VQString@@@@QAEAAVQString@@H@Z 0040b5b0 f i environmentvariant.obj
 0001:0000a5e0       ??A?$QList@VSingleOperationData@@@@QAEAAVSingleOperationData@@H@Z 0040b5e0 f i environmentvariant.obj
 0001:0000a610       ??A?$QMap@VQString@@VOperationParamData@@@@QAEAAVOperationParamData@@ABVQString@@@Z 0040b610 f i environmentvariant.obj
 0001:0000a6d0       ??Y?$QList@VQString@@@@QAEAAV0@ABV0@@Z 0040b6d0 f i environmentvariant.obj
 0001:0000a7d0       ??_EEnvironmentVariant@@EAEPAXI@Z 0040b7d0 f i environmentvariant.obj
 0001:0000a7d0       ??_GEnvironmentVariant@@EAEPAXI@Z 0040b7d0 f i environmentvariant.obj
 0001:0000a7f0       ??_GTargetMachineObject@@UAEPAXI@Z 0040b7f0 f i environmentvariant.obj
 0001:0000a7f0       ??_ETargetMachineObject@@UAEPAXI@Z 0040b7f0 f i environmentvariant.obj
 0001:0000a820       ?AddPlan@EnvironmentVariant@@QAEXABVQString@@@Z 0040b820 f   environmentvariant.obj
 0001:0000a930       ?AddPlanStep@EnvironmentVariant@@QAEXHHH@Z 0040b930 f   environmentvariant.obj
 0001:0000aac0       ?LogicalControlList@EnvironmentVariant@@QAE?AVQStringList@@XZ 0040bac0 f   environmentvariant.obj
 0001:0000ac50       ?MovePlanStep@EnvironmentVariant@@QAEXHHH@Z 0040bc50 f   environmentvariant.obj
 0001:0000ad30       ?OperationNameList@EnvironmentVariant@@QAE?AVQStringList@@XZ 0040bd30 f   environmentvariant.obj
 0001:0000aec0       ?PlanList@EnvironmentVariant@@QAE?AVQStringList@@XZ 0040bec0 f   environmentvariant.obj
 0001:0000af80       ?RemovePlan@EnvironmentVariant@@QAEXH@Z 0040bf80 f   environmentvariant.obj
 0001:0000afb0       ?RemovePlanStep@EnvironmentVariant@@QAEXHH@Z 0040bfb0 f   environmentvariant.obj
 0001:0000b010       ?SaveMachineConfig@EnvironmentVariant@@QAEXABVMachineConfigData@@@Z 0040c010 f   environmentvariant.obj
 0001:0000b0e0       ?SavePlan@EnvironmentVariant@@QAEXXZ 0040c0e0 f   environmentvariant.obj
 0001:0000b150       ?SetPlanName@EnvironmentVariant@@QAEXHABVQString@@@Z 0040c150 f   environmentvariant.obj
 0001:0000b1a0       ?SetPlanStepSingleParam@EnvironmentVariant@@QAEXHHABVQString@@ABVQVariant@@@Z 0040c1a0 f   environmentvariant.obj
 0001:0000b300       ?SetPlanStepToDefault@EnvironmentVariant@@QAEXHHH@Z 0040c300 f   environmentvariant.obj
 0001:0000b3d0       ?StartPlan@EnvironmentVariant@@QAEXHH@Z 0040c3d0 f   environmentvariant.obj
 0001:0000bd00       ?StartTunning@EnvironmentVariant@@QAEXABVSingleOperationData@@@Z 0040cd00 f   environmentvariant.obj
 0001:0000bdf0       ?StepList@EnvironmentVariant@@QAE?AVQStringList@@H@Z 0040cdf0 f   environmentvariant.obj
 0001:0000bf90       ?StopPlan@EnvironmentVariant@@QAEXXZ 0040cf90 f   environmentvariant.obj
 0001:0000bfa0       ?begin@?$QList@VOperationParamData@@@@QAE?AViterator@1@XZ 0040cfa0 f i environmentvariant.obj
 0001:0000bfd0       ?contains@?$QMap@VQString@@VQStringList@@@@QBE_NABVQString@@@Z 0040cfd0 f i environmentvariant.obj
 0001:0000c010       ?defaultValue@EnvironmentVariant@@QAE?AVSingleOperationData@@ABVQString@@@Z 0040d010 f   environmentvariant.obj
 0001:0000c230       ?detach_helper@?$QList@H@@AAEXH@Z 0040d230 f i environmentvariant.obj
 0001:0000c300       ?detach_helper@?$QList@U?$QPair@VQString@@V?$QList@VSingleOperationData@@@@@@@@AAEXH@Z 0040d300 f i environmentvariant.obj
 0001:0000c3e0       ?detach_helper@?$QList@VOperationParamData@@@@AAEXH@Z 0040d3e0 f i environmentvariant.obj
 0001:0000c4b0       ?detach_helper@?$QList@VQString@@@@AAEXH@Z 0040d4b0 f i environmentvariant.obj
 0001:0000c5a0       ?detach_helper@?$QList@VSingleOperationData@@@@AAEXH@Z 0040d5a0 f i environmentvariant.obj
 0001:0000c680       ?formatSingleOperationParam@EnvironmentVariant@@QAE?AVQJsonObject@@ABVSingleOperationData@@@Z 0040d680 f   environmentvariant.obj
 0001:0000cc10       ?getOperationIndex@EnvironmentVariant@@QAEHABVQString@@@Z 0040dc10 f   environmentvariant.obj
 0001:0000cc80       ?getOperationParams@EnvironmentVariant@@QAE?AV?$QList@VOperationParamData@@@@H@Z 0040dc80 f   environmentvariant.obj
 0001:0000ce50       ?getWorkLocationTypeList@EnvironmentVariant@@QAE?AVQStringList@@XZ 0040de50 f   environmentvariant.obj
 0001:0000ce70       ?initModels@EnvironmentVariant@@QAEXPAVQQmlContext@@@Z 0040de70 f   environmentvariant.obj
 0001:0000cf40       ?initProtocol@EnvironmentVariant@@QAEXABVQString@@@Z 0040df40 f   environmentvariant.obj
 0001:0000cfb0       ?initUserConfig@EnvironmentVariant@@QAEXABVQString@@@Z 0040dfb0 f   environmentvariant.obj
 0001:0000d100       ?insert@?$QList@VSingleOperationData@@@@QAEXHABVSingleOperationData@@@Z 0040e100 f i environmentvariant.obj
 0001:0000d1e0       ?instance@EnvironmentVariant@@SAPAV1@XZ 0040e1e0 f   environmentvariant.obj
 0001:0000d240       ?node_destruct@?$QList@VSingleOperationData@@@@AAEXPAUNode@1@@Z 0040e240 f i environmentvariant.obj
 0001:0000d2c0       ?parseConfigFile@EnvironmentVariant@@QAEXABVQString@@@Z 0040e2c0 f   environmentvariant.obj
 0001:0000d960       ?planStepParam@EnvironmentVariant@@QAE?AVSingleOperationData@@HH@Z 0040e960 f   environmentvariant.obj
 0001:0000dcb0       ?removeAt@?$QList@U?$QPair@VQString@@V?$QList@VSingleOperationData@@@@@@@@QAEXH@Z 0040ecb0 f i environmentvariant.obj
 0001:0000dd10       ?removeAt@?$QList@VSingleOperationData@@@@QAEXH@Z 0040ed10 f i environmentvariant.obj
 0001:0000dd60       ?setWorkLocationType@EnvironmentVariant@@QAE_NHABVQString@@@Z 0040ed60 f   environmentvariant.obj
 0001:0000de00       ??$atImpl@V?$QList@PAVQObject@@@@@QSequentialIterableImpl@QtMetaTypePrivate@@SAPBXPBXH@Z 0040ee00 f i moc_workmodels.obj
 0001:0000de00       ??$atImpl@V?$QList@H@@@QSequentialIterableImpl@QtMetaTypePrivate@@SAPBXPBXH@Z 0040ee00 f i moc_workmodels.obj
 0001:0000de20       ??$equal@PBHV?$checked_array_iterator@PBH@stdext@@U?$equal_to@X@std@@@std@@YA_NPBH0V?$checked_array_iterator@PBH@stdext@@U?$equal_to@X@0@@Z 0040ee20 f i moc_workmodels.obj
 0001:0000de20       ??$equal@PBQAVQObject@@V?$checked_array_iterator@PBQAVQObject@@@stdext@@U?$equal_to@X@std@@@std@@YA_NPBQAVQObject@@0V?$checked_array_iterator@PBQAVQObject@@@stdext@@U?$equal_to@X@0@@Z 0040ee20 f i moc_workmodels.obj
 0001:0000dea0       ??$getImpl@V?$QList@H@@@QSequentialIterableImpl@QtMetaTypePrivate@@SA?AUVariantData@1@PBQAXHI@Z 0040eea0 f i moc_workmodels.obj
 0001:0000dea0       ??$getImpl@V?$QList@PAVQObject@@@@@QSequentialIterableImpl@QtMetaTypePrivate@@SA?AUVariantData@1@PBQAXHI@Z 0040eea0 f i moc_workmodels.obj
 0001:0000dec0       ??$moveToBeginImpl@V?$QList@PAVQObject@@@@@QSequentialIterableImpl@QtMetaTypePrivate@@SAXPBXPAPAX@Z 0040eec0 f i moc_workmodels.obj
 0001:0000dec0       ??$moveToBeginImpl@V?$QList@H@@@QSequentialIterableImpl@QtMetaTypePrivate@@SAXPBXPAPAX@Z 0040eec0 f i moc_workmodels.obj
 0001:0000def0       ??$moveToEndImpl@V?$QList@H@@@QSequentialIterableImpl@QtMetaTypePrivate@@SAXPBXPAPAX@Z 0040eef0 f i moc_workmodels.obj
 0001:0000def0       ??$moveToEndImpl@V?$QList@PAVQObject@@@@@QSequentialIterableImpl@QtMetaTypePrivate@@SAXPBXPAPAX@Z 0040eef0 f i moc_workmodels.obj
 0001:0000df20       ??$sizeImpl@V?$QList@PAVQObject@@@@@QSequentialIterableImpl@QtMetaTypePrivate@@SAHPBX@Z 0040ef20 f i moc_workmodels.obj
 0001:0000df20       ??$sizeImpl@V?$QList@H@@@QSequentialIterableImpl@QtMetaTypePrivate@@SAHPBX@Z 0040ef20 f i moc_workmodels.obj
 0001:0000df30       ??0QSequentialIterableImpl@QtMetaTypePrivate@@QAE@XZ 0040ef30 f i moc_workmodels.obj
 0001:0000dfa0       ??4?$QList@PAVQObject@@@@QAEAAV0@$$QAV0@@Z 0040efa0 f i moc_workmodels.obj
 0001:0000dfa0       ??4?$QList@H@@QAEAAV0@$$QAV0@@Z 0040efa0 f i moc_workmodels.obj
 0001:0000e020       ??4QStringList@@QAEAAV0@$$QAV0@@Z 0040f020 f i moc_workmodels.obj
 0001:0000e050       ?Construct@?$QMetaTypeFunctionHelper@V?$QList@H@@$00@QtMetaTypePrivate@@SAPAXPAXPBX@Z 0040f050 f i moc_workmodels.obj
 0001:0000e050       ?Construct@?$QMetaTypeFunctionHelper@V?$QList@PAVQObject@@@@$00@QtMetaTypePrivate@@SAPAXPAXPBX@Z 0040f050 f i moc_workmodels.obj
 0001:0000e0d0       ?Construct@?$QMetaTypeFunctionHelper@VQSequentialIterableImpl@QtMetaTypePrivate@@$00@QtMetaTypePrivate@@SAPAXPAXPBX@Z 0040f0d0 f i moc_workmodels.obj
 0001:0000e110       ?Destruct@?$QMetaTypeFunctionHelper@V?$QList@PAVQObject@@@@$00@QtMetaTypePrivate@@SAXPAX@Z 0040f110 f i moc_workmodels.obj
 0001:0000e110       ?Destruct@?$QMetaTypeFunctionHelper@V?$QList@H@@$00@QtMetaTypePrivate@@SAXPAX@Z 0040f110 f i moc_workmodels.obj
 0001:0000e180       ?MachineConfigChanged@TargetMachineObject@@QAEXXZ 0040f180 f   moc_workmodels.obj
 0001:0000e1a0       ?UnitChanged@OperationParamObject@@QAEXXZ 0040f1a0 f   moc_workmodels.obj
 0001:0000e1c0       ?advance@?$IteratorOwnerCommon@Vconst_iterator@?$QList@H@@@QtMetaTypePrivate@@SAXPAPAXH@Z 0040f1c0 f i moc_workmodels.obj
 0001:0000e1c0       ?advance@?$IteratorOwnerCommon@Vconst_iterator@?$QList@PAVQObject@@@@@QtMetaTypePrivate@@SAXPAPAXH@Z 0040f1c0 f i moc_workmodels.obj
 0001:0000e1d0       ?assign@?$IteratorOwnerCommon@Vconst_iterator@?$QList@H@@@QtMetaTypePrivate@@SAXPAPAXPBQAX@Z 0040f1d0 f i moc_workmodels.obj
 0001:0000e1d0       ?assign@?$IteratorOwnerCommon@Vconst_iterator@?$QList@PAVQObject@@@@@QtMetaTypePrivate@@SAXPAPAXPBQAX@Z 0040f1d0 f i moc_workmodels.obj
 0001:0000e1f0       ?boolValueChanged@OperationParamObject@@QAEXXZ 0040f1f0 f   moc_workmodels.obj
 0001:0000e210       ?bottomValueChanged@OperationParamObject@@QAEXXZ 0040f210 f   moc_workmodels.obj
 0001:0000e230       ?convert@?$ConverterFunctor@V?$QList@H@@VQSequentialIterableImpl@QtMetaTypePrivate@@U?$QSequentialIterableConvertFunctor@V?$QList@H@@@3@@QtPrivate@@SA_NPBUAbstractConverterFunction@2@PBXPAX@Z 0040f230 f i moc_workmodels.obj
 0001:0000e2d0       ?convert@?$ConverterFunctor@V?$QList@PAVQObject@@@@VQSequentialIterableImpl@QtMetaTypePrivate@@U?$QSequentialIterableConvertFunctor@V?$QList@PAVQObject@@@@@3@@QtPrivate@@SA_NPBUAbstractConverterFunction@2@PBXPAX@Z 0040f2d0 f i moc_workmodels.obj
 0001:0000e370       ?currentIndexChanged@OperationParamSelector@@QAEXXZ 0040f370 f   moc_workmodels.obj
 0001:0000e390       ?destroy@?$IteratorOwnerCommon@Vconst_iterator@?$QList@PAVQObject@@@@@QtMetaTypePrivate@@SAXPAPAX@Z 0040f390 f i moc_workmodels.obj
 0001:0000e390       ?destroy@?$IteratorOwnerCommon@Vconst_iterator@?$QList@H@@@QtMetaTypePrivate@@SAXPAPAX@Z 0040f390 f i moc_workmodels.obj
 0001:0000e3b0       ?display@OperationParamObject@@QBE?AVQString@@XZ 0040f3b0 f i moc_workmodels.obj
 0001:0000e3d0       ?displayChanged@OperationParamObject@@QAEXXZ 0040f3d0 f   moc_workmodels.obj
 0001:0000e3f0       ?equal@?$IteratorOwnerCommon@Vconst_iterator@?$QList@H@@@QtMetaTypePrivate@@SA_NPBQAX0@Z 0040f3f0 f i moc_workmodels.obj
 0001:0000e3f0       ?equal@?$IteratorOwnerCommon@Vconst_iterator@?$QList@PAVQObject@@@@@QtMetaTypePrivate@@SA_NPBQAX0@Z 0040f3f0 f i moc_workmodels.obj
 0001:0000e410       ?floatValueChanged@OperationParamObject@@QAEXXZ 0040f410 f   moc_workmodels.obj
 0001:0000e430       ?name@OperationParamObject@@QBE?AVQString@@XZ 0040f430 f i workmodels.obj
 0001:0000e430       ?getOperationName@SingleOperationObject@@QAE?AVQString@@XZ 0040f430 f i moc_workmodels.obj
 0001:0000e430       ?getIpAddress@TargetMachineObject@@QBE?AVQString@@XZ 0040f430 f i environmentvariant.obj
 0001:0000e450       ?getParamListModel@PlanSelector@@QAE?AV?$QList@PAVQObject@@@@XZ 0040f450 f i moc_workmodels.obj
 0001:0000e470       ?getParamModel@OperationParamSelector@@QAE?AV?$QList@PAVQObject@@@@XZ 0040f470 f i moc_workmodels.obj
 0001:0000e490       ?intListValue@OperationParamObject@@QAE?AV?$QList@H@@XZ 0040f490 f i moc_workmodels.obj
 0001:0000e4b0       ?intListValueChanged@OperationParamObject@@QAEXXZ 0040f4b0 f   moc_workmodels.obj
 0001:0000e4d0       ?integerValueChanged@OperationParamObject@@QAEXXZ 0040f4d0 f   moc_workmodels.obj
 0001:0000e4f0       ?metaObject@OperationParamObject@@UBEPBUQMetaObject@@XZ 0040f4f0 f   moc_workmodels.obj
 0001:0000e510       ?metaObject@OperationParamSelector@@UBEPBUQMetaObject@@XZ 0040f510 f   moc_workmodels.obj
 0001:0000e530       ?metaObject@PlanController@@UBEPBUQMetaObject@@XZ 0040f530 f   moc_workmodels.obj
 0001:0000e550       ?metaObject@PlanSelector@@UBEPBUQMetaObject@@XZ 0040f550 f   moc_workmodels.obj
 0001:0000e570       ?metaObject@StatusViewWatcher@@UBEPBUQMetaObject@@XZ 0040f570 f   moc_workmodels.obj
 0001:0000e590       ?metaObject@TargetMachineObject@@UBEPBUQMetaObject@@XZ 0040f590 f   moc_workmodels.obj
 0001:0000e5b0       ?nameChanged@OperationParamObject@@QAEXXZ 0040f5b0 f   moc_workmodels.obj
 0001:0000e5d0       ?op_eq_impl@?$QList@H@@ABE_NABV1@UArrayCompatibleLayout@QListData@@@Z 0040f5d0 f i moc_workmodels.obj
 0001:0000e5d0       ?op_eq_impl@?$QList@PAVQObject@@@@ABE_NABV1@UArrayCompatibleLayout@QListData@@@Z 0040f5d0 f i moc_workmodels.obj
 0001:0000e640       ?op_eq_impl@?$QList@VQString@@@@ABE_NABV1@UArrayCompatibleLayout@QListData@@@Z 0040f640 f i moc_workmodels.obj
 0001:0000e6b0       ?operationListModel@PlanSelector@@QAE?AVQStringList@@XZ 0040f6b0 f i moc_workmodels.obj
 0001:0000e6d0       ?operationModel@OperationParamSelector@@QAE?AVQStringList@@XZ 0040f6d0 f i moc_workmodels.obj
 0001:0000e6f0       ?operationNameChanged@SingleOperationObject@@QAEXXZ 0040f6f0 f   moc_workmodels.obj
 0001:0000e710       ?pageNameChanged@OperationParamSelector@@QAEXXZ 0040f710 f   moc_workmodels.obj
 0001:0000e730       ?paramListModelChanged@PlanSelector@@QAEXXZ 0040f730 f   moc_workmodels.obj
 0001:0000e750       ?paramModelChanged@OperationParamSelector@@QAEXXZ 0040f750 f   moc_workmodels.obj
 0001:0000e770       ?qt_metacall@OperationParamObject@@UAEHW4Call@QMetaObject@@HPAPAX@Z 0040f770 f   moc_workmodels.obj
 0001:0000e810       ?qt_metacall@OperationParamSelector@@UAEHW4Call@QMetaObject@@HPAPAX@Z 0040f810 f   moc_workmodels.obj
 0001:0000e8c0       ?qt_metacall@PlanController@@UAEHW4Call@QMetaObject@@HPAPAX@Z 0040f8c0 f   moc_workmodels.obj
 0001:0000e920       ?qt_metacall@PlanSelector@@UAEHW4Call@QMetaObject@@HPAPAX@Z 0040f920 f   moc_workmodels.obj
 0001:0000e9d0       ?qt_metacall@StatusViewWatcher@@UAEHW4Call@QMetaObject@@HPAPAX@Z 0040f9d0 f   moc_workmodels.obj
 0001:0000ea30       ?qt_metacall@TargetMachineObject@@UAEHW4Call@QMetaObject@@HPAPAX@Z 0040fa30 f   moc_workmodels.obj
 0001:0000eaf0       ?qt_metacast@OperationParamObject@@UAEPAXPBD@Z 0040faf0 f   moc_workmodels.obj
 0001:0000eb90       ?qt_metacast@OperationParamSelector@@UAEPAXPBD@Z 0040fb90 f   moc_workmodels.obj
 0001:0000ebf0       ?qt_metacast@PlanController@@UAEPAXPBD@Z 0040fbf0 f   moc_workmodels.obj
 0001:0000ec50       ?qt_metacast@PlanSelector@@UAEPAXPBD@Z 0040fc50 f   moc_workmodels.obj
 0001:0000ecb0       ?qt_metacast@StatusViewWatcher@@UAEPAXPBD@Z 0040fcb0 f   moc_workmodels.obj
 0001:0000ed10       ?qt_metacast@TargetMachineObject@@UAEPAXPBD@Z 0040fd10 f   moc_workmodels.obj
 0001:0000edb0       ?qt_metatype_id@?$QMetaTypeId@V?$QList@H@@@@SAHXZ 0040fdb0 f i moc_workmodels.obj
 0001:0000eed0       ?qt_metatype_id@?$QMetaTypeId@V?$QList@PAVQObject@@@@@@SAHXZ 0040fed0 f i moc_workmodels.obj
 0001:0000ef70       ?qt_metatype_id@?$QMetaTypeId@VQSequentialIterableImpl@QtMetaTypePrivate@@@@SAHXZ 0040ff70 f i moc_workmodels.obj
 0001:0000f000       ?qt_static_metacall@OperationParamObject@@CAXPAVQObject@@W4Call@QMetaObject@@HPAPAX@Z 00410000 f   moc_workmodels.obj
 0001:0000f4e0       ?qt_static_metacall@OperationParamSelector@@CAXPAVQObject@@W4Call@QMetaObject@@HPAPAX@Z 004104e0 f   moc_workmodels.obj
 0001:0000f670       ?qt_static_metacall@PlanController@@CAXPAVQObject@@W4Call@QMetaObject@@HPAPAX@Z 00410670 f   moc_workmodels.obj
 0001:0000f700       ?qt_static_metacall@PlanSelector@@CAXPAVQObject@@W4Call@QMetaObject@@HPAPAX@Z 00410700 f   moc_workmodels.obj
 0001:0000f9d0       ?qt_static_metacall@SingleOperationObject@@CAXPAVQObject@@W4Call@QMetaObject@@HPAPAX@Z 004109d0 f   moc_workmodels.obj
 0001:0000fa80       ?qt_static_metacall@StatusViewWatcher@@CAXPAVQObject@@W4Call@QMetaObject@@HPAPAX@Z 00410a80 f   moc_workmodels.obj
 0001:0000fb60       ?qt_static_metacall@TargetMachineObject@@CAXPAVQObject@@W4Call@QMetaObject@@HPAPAX@Z 00410b60 f   moc_workmodels.obj
 0001:0000fc70       ?registerConverter@?$ValueTypeIsMetaType@V?$QList@H@@$00@QtPrivate@@SA_NH@Z 00410c70 f i moc_workmodels.obj
 0001:0000fd00       ?registerConverter@?$ValueTypeIsMetaType@V?$QList@PAVQObject@@@@$00@QtPrivate@@SA_NH@Z 00410d00 f i moc_workmodels.obj
 0001:0000fd90       ?setBoolValue@OperationParamObject@@QAEX_N@Z 00410d90 f i moc_workmodels.obj
 0001:0000fdc0       ?setBottomValue@OperationParamObject@@QAEXH@Z 00410dc0 f i moc_workmodels.obj
 0001:0000fdf0       ?setDisplay@OperationParamObject@@QAEXABVQString@@@Z 00410df0 f i moc_workmodels.obj
 0001:0000fe30       ?setFloatValue@OperationParamObject@@QAEXN@Z 00410e30 f i moc_workmodels.obj
 0001:0000fe70       ?setIntListValue@OperationParamObject@@QAEXABV?$QList@H@@@Z 00410e70 f i moc_workmodels.obj
 0001:0000ff50       ?setIntegerValue@OperationParamObject@@QAEXH@Z 00410f50 f i moc_workmodels.obj
 0001:0000ff80       ?setIpAddress@TargetMachineObject@@QAEXABVQString@@@Z 00410f80 f i moc_workmodels.obj
 0001:0000ffc0       ?setMaxReceiveTime@TargetMachineObject@@QAEXH@Z 00410fc0 f i moc_workmodels.obj
 0001:00010000       ?setName@OperationParamObject@@QAEXABVQString@@@Z 00411000 f i moc_workmodels.obj
 0001:00010040       ?setOperationName@SingleOperationObject@@QAEXABVQString@@@Z 00411040 f i moc_workmodels.obj
 0001:00010080       ?setParamListModel@PlanSelector@@QAEXABV?$QList@PAVQObject@@@@@Z 00411080 f i moc_workmodels.obj
 0001:00010160       ?setParamModel@OperationParamSelector@@QAEXABV?$QList@PAVQObject@@@@@Z 00411160 f i moc_workmodels.obj
 0001:00010240       ?setPort@TargetMachineObject@@QAEXF@Z 00411240 f i moc_workmodels.obj
 0001:00010270       ?setStringValue@OperationParamObject@@QAEXABVQString@@@Z 00411270 f i moc_workmodels.obj
 0001:000102b0       ?setStringlistValue@OperationParamObject@@QAEXABVQStringList@@@Z 004112b0 f i moc_workmodels.obj
 0001:00010330       ?setSwitchValue@OperationParamObject@@QAEXABVQString@@@Z 00411330 f i moc_workmodels.obj
 0001:00010370       ?setTopValue@OperationParamObject@@QAEXH@Z 00411370 f i moc_workmodels.obj
 0001:000103a0       ?setUnit@OperationParamObject@@QAEXABVQString@@@Z 004113a0 f i moc_workmodels.obj
 0001:000103e0       ?settype@OperationParamObject@@QAEXABVQString@@@Z 004113e0 f i moc_workmodels.obj
 0001:00010420       ?statusChanged@StatusViewWatcher@@QAEXABVQJsonObject@@@Z 00411420 f   moc_workmodels.obj
 0001:00010450       ?stringListValue@OperationParamObject@@QBE?AVQStringList@@XZ 00411450 f i moc_workmodels.obj
 0001:00010470       ?stringValue@OperationParamObject@@QBE?AVQString@@XZ 00411470 f i moc_workmodels.obj
 0001:00010490       ?stringValueChanged@OperationParamObject@@QAEXXZ 00411490 f   moc_workmodels.obj
 0001:000104b0       ?stringlistValueChanged@OperationParamObject@@QAEXXZ 004114b0 f   moc_workmodels.obj
 0001:000104d0       ?switchValue@OperationParamObject@@QBE?AVQString@@XZ 004114d0 f i moc_workmodels.obj
 0001:000104f0       ?switchValueChanged@OperationParamObject@@QAEXXZ 004114f0 f   moc_workmodels.obj
 0001:00010510       ?taskStateChanged@PlanController@@QAEX_N@Z 00411510 f   moc_workmodels.obj
 0001:00010540       ?topValueChanged@OperationParamObject@@QAEXXZ 00411540 f   moc_workmodels.obj
 0001:00010560       ?type@OperationParamObject@@QBE?AVQString@@XZ 00411560 f i moc_workmodels.obj
 0001:00010580       ?typeChanged@OperationParamObject@@QAEXXZ 00411580 f   moc_workmodels.obj
 0001:000105a0       ?unit@OperationParamObject@@QBE?AVQString@@XZ 004115a0 f i moc_workmodels.obj
 0001:000105c0       ?workLocationTypeChanged@StatusViewWatcher@@QAEXXZ 004115c0 f   moc_workmodels.obj
 0001:000105e0       ?metaObject@configFileHandler@@UBEPBUQMetaObject@@XZ 004115e0 f   moc_configfilehandler.obj
 0001:00010600       ?qt_metacall@configFileHandler@@UAEHW4Call@QMetaObject@@HPAPAX@Z 00411600 f   moc_configfilehandler.obj
 0001:00010610       ?qt_metacast@configFileHandler@@UAEPAXPBD@Z 00411610 f   moc_configfilehandler.obj
 0001:00010670       ?metaObject@EnvironmentVariant@@UBEPBUQMetaObject@@XZ 00411670 f   moc_environmentvariant.obj
 0001:00010690       ?qt_metacall@EnvironmentVariant@@UAEHW4Call@QMetaObject@@HPAPAX@Z 00411690 f   moc_environmentvariant.obj
 0001:000106f0       ?qt_metacast@EnvironmentVariant@@UAEPAXPBD@Z 004116f0 f   moc_environmentvariant.obj
 0001:00010750       ?qt_static_metacall@EnvironmentVariant@@CAXPAVQObject@@W4Call@QMetaObject@@HPAPAX@Z 00411750 f   moc_environmentvariant.obj
 0001:000107a0       ?workLocationTypeChanged@EnvironmentVariant@@QAEXXZ 004117a0 f   moc_environmentvariant.obj
 0001:000107b4       _MiniDumpWriteDump@28      004117b4 f   DbgHelp:dbghelp.dll
 0001:000107ba       ?fixup@QValidator@@UBEXAAVQString@@@Z 004117ba f   Qt5Gui:Qt5Gui.dll
 0001:000107c0       ?metaObject@QDoubleValidator@@UBEPBUQMetaObject@@XZ 004117c0 f   Qt5Gui:Qt5Gui.dll
 0001:000107c6       ?qt_metacall@QDoubleValidator@@UAEHW4Call@QMetaObject@@HPAPAX@Z 004117c6 f   Qt5Gui:Qt5Gui.dll
 0001:000107cc       ?qt_metacast@QDoubleValidator@@UAEPAXPBD@Z 004117cc f   Qt5Gui:Qt5Gui.dll
 0001:000107d2       ?setRange@QDoubleValidator@@UAEXNNH@Z 004117d2 f   Qt5Gui:Qt5Gui.dll
 0001:000107d8       ?childEvent@QObject@@MAEXPAVQChildEvent@@@Z 004117d8 f   Qt5Core:Qt5Core.dll
 0001:000107de       ?connectNotify@QObject@@MAEXABVQMetaMethod@@@Z 004117de f   Qt5Core:Qt5Core.dll
 0001:000107e4       ?customEvent@QObject@@MAEXPAVQEvent@@@Z 004117e4 f   Qt5Core:Qt5Core.dll
 0001:000107ea       ?disconnectNotify@QObject@@MAEXABVQMetaMethod@@@Z 004117ea f   Qt5Core:Qt5Core.dll
 0001:000107f0       ?event@QObject@@UAE_NPAVQEvent@@@Z 004117f0 f   Qt5Core:Qt5Core.dll
 0001:000107f6       ?eventFilter@QObject@@UAE_NPAV1@PAVQEvent@@@Z 004117f6 f   Qt5Core:Qt5Core.dll
 0001:000107fc       ?timerEvent@QObject@@MAEXPAVQTimerEvent@@@Z 004117fc f   Qt5Core:Qt5Core.dll
 0001:00010802       ?qRegisterResourceData@@YA_NHPBE00@Z 00411802 f   Qt5Core:Qt5Core.dll
 0001:00010808       ?qUnregisterResourceData@@YA_NHPBE00@Z 00411808 f   Qt5Core:Qt5Core.dll
 0001:0001080e       ??2@YAPAXI@Z               0041180e f   MSVCRT:new_scalar.obj
 0001:00010841       ??3@YAXPAXI@Z              00411841 f   MSVCRT:delete_scalar_size.obj
 0001:0001084f       @__security_check_cookie@4 0041184f f   MSVCRT:_secchk_.obj
 0001:00010860       ??_Etype_info@@UAEPAXI@Z   00411860 f i MSVCRT:std_type_info_static.obj
 0001:00010860       ??_Gtype_info@@UAEPAXI@Z   00411860 f i MSVCRT:std_type_info_static.obj
 0001:000108c7       ___scrt_acquire_startup_lock 004118c7 f   MSVCRT:utility.obj
 0001:000108fc       ___scrt_initialize_crt     004118fc f   MSVCRT:utility.obj
 0001:00010935       ___scrt_initialize_onexit_tables 00411935 f   MSVCRT:utility.obj
 0001:000109cc       ___scrt_is_nonwritable_in_current_image 004119cc f   MSVCRT:utility.obj
 0001:00010a56       ___scrt_release_startup_lock 00411a56 f   MSVCRT:utility.obj
 0001:00010a73       ___scrt_uninitialize_crt   00411a73 f   MSVCRT:utility.obj
 0001:00010a9b       __onexit                   00411a9b f   MSVCRT:utility.obj
 0001:00010ad6       _atexit                    00411ad6 f   MSVCRT:utility.obj
 0001:00010bab       ??$__crt_fast_encode_pointer@P6GXPAU_RTL_CONDITION_VARIABLE@@@Z@@YAP6GXPAU_RTL_CONDITION_VARIABLE@@@ZQ6GX0@Z@Z 00411bab f i MSVCRT:thread_safe_statics.obj
 0001:00010bab       ??$__crt_fast_encode_pointer@P6GHPAU_RTL_CONDITION_VARIABLE@@PAU_RTL_CRITICAL_SECTION@@K@Z@@YAP6GHPAU_RTL_CONDITION_VARIABLE@@PAU_RTL_CRITICAL_SECTION@@K@ZQ6GH01K@Z@Z 00411bab f i MSVCRT:thread_safe_statics.obj
 0001:00010be4       __Init_thread_footer       00411be4 f   MSVCRT:thread_safe_statics.obj
 0001:00010c23       __Init_thread_header       00411c23 f   MSVCRT:thread_safe_statics.obj
 0001:00010c69       __Init_thread_lock         00411c69 f   MSVCRT:thread_safe_statics.obj
 0001:00010c75       __Init_thread_notify       00411c75 f   MSVCRT:thread_safe_statics.obj
 0001:00010cb6       __Init_thread_unlock       00411cb6 f   MSVCRT:thread_safe_statics.obj
 0001:00010cc2       __Init_thread_wait         00411cc2 f   MSVCRT:thread_safe_statics.obj
 0001:00010f4d       _WinMainCRTStartup         00411f4d f   MSVCRT:exe_winmain.obj
 0001:00010f57       ??0bad_alloc@std@@QAE@ABV01@@Z 00411f57 f i MSVCRT:throw_bad_alloc.obj
 0001:00010f72       ??0bad_alloc@std@@QAE@XZ   00411f72 f i MSVCRT:throw_bad_alloc.obj
 0001:00010f8a       ??0bad_array_new_length@std@@QAE@ABV01@@Z 00411f8a f i MSVCRT:throw_bad_alloc.obj
 0001:00010fa5       ??0bad_array_new_length@std@@QAE@XZ 00411fa5 f i MSVCRT:throw_bad_alloc.obj
 0001:00010fbd       ??0exception@std@@QAE@ABV01@@Z 00411fbd f i MSVCRT:throw_bad_alloc.obj
 0001:00010fe9       ??1bad_alloc@std@@UAE@XZ   00411fe9 f i MSVCRT:throw_bad_alloc.obj
 0001:00010fe9       ??1bad_array_new_length@std@@UAE@XZ 00411fe9 f i MSVCRT:throw_bad_alloc.obj
 0001:00010ffa       ??_Gbad_array_new_length@std@@UAEPAXI@Z 00411ffa f i MSVCRT:throw_bad_alloc.obj
 0001:00010ffa       ??_Ebad_alloc@std@@UAEPAXI@Z 00411ffa f i MSVCRT:throw_bad_alloc.obj
 0001:00010ffa       ??_Gbad_alloc@std@@UAEPAXI@Z 00411ffa f i MSVCRT:throw_bad_alloc.obj
 0001:00010ffa       ??_Gexception@std@@UAEPAXI@Z 00411ffa f i MSVCRT:throw_bad_alloc.obj
 0001:00010ffa       ??_Ebad_array_new_length@std@@UAEPAXI@Z 00411ffa f i MSVCRT:throw_bad_alloc.obj
 0001:00010ffa       ??_Eexception@std@@UAEPAXI@Z 00411ffa f i MSVCRT:throw_bad_alloc.obj
 0001:00011027       ?__scrt_throw_std_bad_alloc@@YAXXZ 00412027 f   MSVCRT:throw_bad_alloc.obj
 0001:00011044       ?__scrt_throw_std_bad_array_new_length@@YAXXZ 00412044 f   MSVCRT:throw_bad_alloc.obj
 0001:00011061       ?what@exception@std@@UBEPBDXZ 00412061 f i MSVCRT:throw_bad_alloc.obj
 0001:0001106e       ??3@YAXPAX@Z               0041206e f   MSVCRT:delete_scalar.obj
 0001:00011073       ___raise_securityfailure   00412073 f   MSVCRT:gs_report.obj
 0001:0001109b       ___report_gsfailure        0041209b f   MSVCRT:gs_report.obj
 0001:00011196       ___isa_available_init      00412196 f   MSVCRT:_cpu_disp_.obj
 0001:00011330       __get_startup_argv_mode    00412330 f   MSVCRT:argv_mode.obj
 0001:00011334       ___scrt_is_ucrt_dll_in_use 00412334 f   MSVCRT:ucrt_detection.obj
 0001:00011340       ___scrt_fastfail           00412340 f   MSVCRT:utility_desktop.obj
 0001:0001145b       ___scrt_get_show_window_mode 0041245b f   MSVCRT:utility_desktop.obj
 0001:0001148e       ___scrt_is_managed_app     0041248e f   MSVCRT:utility_desktop.obj
 0001:000114d2       ___scrt_set_unhandled_exception_filter 004124d2 f   MSVCRT:utility_desktop.obj
 0001:000114de       ___scrt_unhandled_exception_filter@4 004124de f   MSVCRT:utility_desktop.obj
 0001:0001151f       @_guard_check_icall@4      0041251f f i MSVCRT:checkcfg.obj
 0001:00011530       __SEH_prolog4              00412530 f   MSVCRT:_sehprolg4_.obj
 0001:00011576       __SEH_epilog4              00412576 f   MSVCRT:_sehprolg4_.obj
 0001:0001158b       __except_handler4          0041258b f   MSVCRT:_chandler4gs_.obj
 0001:000115ae       ___security_init_cookie    004125ae f   MSVCRT:gs_support.obj
 0001:0001164a       __get_startup_file_mode    0041264a f   MSVCRT:file_mode.obj
 0001:00011650       ___scrt_initialize_winrt   00412650 f   MSVCRT:utility_desktop.obj
 0001:00011650       __get_startup_thread_locale_mode 00412650 f   MSVCRT:thread_locale.obj
 0001:00011650       __matherr                  00412650 f   MSVCRT:matherr.obj
 0001:00011650       __get_startup_new_mode     00412650 f   MSVCRT:new_mode.obj
 0001:00011650       __get_startup_commit_mode  00412650 f   MSVCRT:commit_mode.obj
 0001:00011653       ?__scrt_initialize_type_info@@YAXXZ 00412653 f   MSVCRT:tncleanup.obj
 0001:0001165f       __initialize_default_precision 0041265f f   MSVCRT:default_precision.obj
 0001:00011680       ___local_stdio_printf_options 00412680 f i MSVCRT:default_local_stdio_options.obj
 0001:00011686       ___local_stdio_scanf_options 00412686 f i MSVCRT:default_local_stdio_options.obj
 0001:0001168c       ___scrt_initialize_default_local_stdio_options 0041268c f   MSVCRT:default_local_stdio_options.obj
 0001:000116a9       ___scrt_is_user_matherr_present 004126a9 f   MSVCRT:matherr_detection.obj
 0001:000116b5       ___scrt_get_dyn_tls_init_callback 004126b5 f   MSVCRT:dyn_tls_init.obj
 0001:000116bb       ___scrt_get_dyn_tls_dtor_callback 004126bb f   MSVCRT:dyn_tls_dtor.obj
 0001:000116c1       __RTC_Initialize           004126c1 f   MSVCRT:_initsect_.obj
 0001:000116ec       __RTC_Terminate            004126ec f   MSVCRT:_initsect_.obj
 0001:00011718       _IsProcessorFeaturePresent@4 00412718 f   kernel32:KERNEL32.dll
 0001:0001171e       ___std_terminate           0041271e f   vcruntime:VCRUNTIME140.dll
 0001:00011724       ___CxxFrameHandler3        00412724 f   vcruntime:VCRUNTIME140.dll
 0001:0001172a       _memcpy                    0041272a f   vcruntime:VCRUNTIME140.dll
 0001:00011730       __CxxThrowException@8      00412730 f   vcruntime:VCRUNTIME140.dll
 0001:00011736       ___RTDynamicCast           00412736 f   vcruntime:VCRUNTIME140.dll
 0001:0001173c       ___vcrt_InitializeCriticalSectionEx 0041273c f   vcruntime:VCRUNTIME140.dll
 0001:00011742       ___std_exception_copy      00412742 f   vcruntime:VCRUNTIME140.dll
 0001:00011748       ___std_exception_destroy   00412748 f   vcruntime:VCRUNTIME140.dll
 0001:0001174e       _memset                    0041274e f   vcruntime:VCRUNTIME140.dll
 0001:00011754       __except_handler4_common   00412754 f   vcruntime:VCRUNTIME140.dll
 0001:0001175a       _free                      0041275a f   ucrt:api-ms-win-crt-heap-l1-1-0.dll
 0001:00011760       _malloc                    00412760 f   ucrt:api-ms-win-crt-heap-l1-1-0.dll
 0001:00011766       __callnewh                 00412766 f   ucrt:api-ms-win-crt-heap-l1-1-0.dll
 0001:0001176c       __configure_narrow_argv    0041276c f   ucrt:api-ms-win-crt-runtime-l1-1-0.dll
 0001:00011772       __initialize_narrow_environment 00412772 f   ucrt:api-ms-win-crt-runtime-l1-1-0.dll
 0001:00011778       __initialize_onexit_table  00412778 f   ucrt:api-ms-win-crt-runtime-l1-1-0.dll
 0001:0001177e       __register_onexit_function 0041277e f   ucrt:api-ms-win-crt-runtime-l1-1-0.dll
 0001:00011784       __crt_atexit               00412784 f   ucrt:api-ms-win-crt-runtime-l1-1-0.dll
 0001:0001178a       __cexit                    0041278a f   ucrt:api-ms-win-crt-runtime-l1-1-0.dll
 0001:00011790       __seh_filter_exe           00412790 f   ucrt:api-ms-win-crt-runtime-l1-1-0.dll
 0001:00011796       __set_app_type             00412796 f   ucrt:api-ms-win-crt-runtime-l1-1-0.dll
 0001:0001179c       ___setusermatherr          0041279c f   ucrt:api-ms-win-crt-math-l1-1-0.dll
 0001:000117a2       __get_narrow_winmain_command_line 004127a2 f   ucrt:api-ms-win-crt-runtime-l1-1-0.dll
 0001:000117a8       __initterm                 004127a8 f   ucrt:api-ms-win-crt-runtime-l1-1-0.dll
 0001:000117ae       __initterm_e               004127ae f   ucrt:api-ms-win-crt-runtime-l1-1-0.dll
 0001:000117b4       _exit                      004127b4 f   ucrt:api-ms-win-crt-runtime-l1-1-0.dll
 0001:000117ba       __exit                     004127ba f   ucrt:api-ms-win-crt-runtime-l1-1-0.dll
 0001:000117c0       __set_fmode                004127c0 f   ucrt:api-ms-win-crt-stdio-l1-1-0.dll
 0001:000117c6       __c_exit                   004127c6 f   ucrt:api-ms-win-crt-runtime-l1-1-0.dll
 0001:000117cc       __register_thread_local_exe_atexit_callback 004127cc f   ucrt:api-ms-win-crt-runtime-l1-1-0.dll
 0001:000117d2       __configthreadlocale       004127d2 f   ucrt:api-ms-win-crt-locale-l1-1-0.dll
 0001:000117d8       __set_new_mode             004127d8 f   ucrt:api-ms-win-crt-heap-l1-1-0.dll
 0001:000117de       ___p__commode              004127de f   ucrt:api-ms-win-crt-stdio-l1-1-0.dll
 0001:000117e4       _terminate                 004127e4 f   ucrt:api-ms-win-crt-runtime-l1-1-0.dll
 0001:000117ea       __controlfp_s              004127ea f   ucrt:api-ms-win-crt-runtime-l1-1-0.dll
 0001:000117f0       _WinMain@16                004127f0 f   qtmain:qtmain_win.obj
 0001:0001190e       ??_U@YAPAXI@Z              0041290e f   MSVCRT:new_array.obj
 0001:00011917       ??_V@YAXPAX@Z              00412917 f   MSVCRT:delete_array.obj
 0001:0001191c       ___acrt_initialize         0041291c f   MSVCRT:ucrt_stubs.obj
 0001:0001191c       ___vcrt_initialize         0041291c f   MSVCRT:ucrt_stubs.obj
 0001:0001191c       __should_initialize_environment 0041291c f   MSVCRT:env_mode.obj
 0001:0001191c       ___vcrt_uninitialize       0041291c f   MSVCRT:ucrt_stubs.obj
 0001:0001191c       ___acrt_uninitialize       0041291c f   MSVCRT:ucrt_stubs.obj
 0001:0001191c       ___scrt_stub_for_acrt_uninitialize 0041291c f   MSVCRT:ucrt_stubs.obj
 0001:0001191c       ___scrt_stub_for_acrt_initialize 0041291c f   MSVCRT:ucrt_stubs.obj
 0001:00013830       ??__Ff@?4??registerConverter@?$ValueTypeIsMetaType@V?$QList@H@@$00@QtPrivate@@SA_NH@Z@YAXXZ 00414830 f i moc_workmodels.obj
 0001:00013880       ??__Ff@?4??registerConverter@?$ValueTypeIsMetaType@V?$QList@PAVQObject@@@@$00@QtPrivate@@SA_NH@Z@YAXXZ 00414880 f i moc_workmodels.obj
 0002:00000000       __imp__WideCharToMultiByte@32 00415000     kernel32:KERNEL32.dll
 0002:00000004       __imp__LocalFree@4         00415004     kernel32:KERNEL32.dll
 0002:00000008       __imp__GetCommandLineW@0   00415008     kernel32:KERNEL32.dll
 0002:0000000c       __imp__InitializeSListHead@4 0041500c     kernel32:KERNEL32.dll
 0002:00000010       __imp__GetSystemTimeAsFileTime@4 00415010     kernel32:KERNEL32.dll
 0002:00000014       __imp__QueryPerformanceCounter@4 00415014     kernel32:KERNEL32.dll
 0002:00000018       __imp__GetStartupInfoW@4   00415018     kernel32:KERNEL32.dll
 0002:0000001c       __imp__IsDebuggerPresent@0 0041501c     kernel32:KERNEL32.dll
 0002:00000020       __imp__IsProcessorFeaturePresent@4 00415020     kernel32:KERNEL32.dll
 0002:00000024       __imp__TerminateProcess@8  00415024     kernel32:KERNEL32.dll
 0002:00000028       __imp__UnhandledExceptionFilter@4 00415028     kernel32:KERNEL32.dll
 0002:0000002c       __imp__GetProcAddress@8    0041502c     kernel32:KERNEL32.dll
 0002:00000030       __imp__GetModuleHandleW@4  00415030     kernel32:KERNEL32.dll
 0002:00000034       __imp__CreateEventW@16     00415034     kernel32:KERNEL32.dll
 0002:00000038       __imp__WaitForSingleObjectEx@12 00415038     kernel32:KERNEL32.dll
 0002:0000003c       __imp__ResetEvent@4        0041503c     kernel32:KERNEL32.dll
 0002:00000040       __imp__SetEvent@4          00415040     kernel32:KERNEL32.dll
 0002:00000044       __imp__DeleteCriticalSection@4 00415044     kernel32:KERNEL32.dll
 0002:00000048       __imp__LeaveCriticalSection@4 00415048     kernel32:KERNEL32.dll
 0002:0000004c       __imp__EnterCriticalSection@4 0041504c     kernel32:KERNEL32.dll
 0002:00000050       __imp__GetCurrentThreadId@0 00415050     kernel32:KERNEL32.dll
 0002:00000054       __imp__GetCurrentProcessId@0 00415054     kernel32:KERNEL32.dll
 0002:00000058       __imp__GetCurrentProcess@0 00415058     kernel32:KERNEL32.dll
 0002:0000005c       __imp__SetUnhandledExceptionFilter@4 0041505c     kernel32:KERNEL32.dll
 0002:00000060       __imp__CloseHandle@4       00415060     kernel32:KERNEL32.dll
 0002:00000064       __imp__CreateFileW@28      00415064     kernel32:KERNEL32.dll
 0002:00000068       \177KERNEL32_NULL_THUNK_DATA 00415068     kernel32:KERNEL32.dll
 0002:0000006c       __imp_?qt_metacall@QObject@@UAEHW4Call@QMetaObject@@HPAPAX@Z 0041506c     Qt5Core:Qt5Core.dll
 0002:00000070       __imp_?qt_metacast@QObject@@UAEPAXPBD@Z 00415070     Qt5Core:Qt5Core.dll
 0002:00000074       __imp_?dynamicMetaObject@QObjectData@@QBEPAUQMetaObject@@XZ 00415074     Qt5Core:Qt5Core.dll
 0002:00000078       __imp_?unregisterConverterFunction@QMetaType@@SAXHH@Z 00415078     Qt5Core:Qt5Core.dll
 0002:0000007c       __imp_?registerConverterFunction@QMetaType@@SA_NPBUAbstractConverterFunction@QtPrivate@@HH@Z 0041507c     Qt5Core:Qt5Core.dll
 0002:00000080       __imp_?hasRegisteredConverterFunction@QMetaType@@SA_NHH@Z 00415080     Qt5Core:Qt5Core.dll
 0002:00000084       __imp_?typeName@QMetaType@@SAPBDH@Z 00415084     Qt5Core:Qt5Core.dll
 0002:00000088       __imp_?append@QByteArray@@QAEAAV1@PBDH@Z 00415088     Qt5Core:Qt5Core.dll
 0002:0000008c       __imp_?endsWith@QByteArray@@QBE_ND@Z 0041508c     Qt5Core:Qt5Core.dll
 0002:00000090       __imp_?activate@QMetaObject@@SAXPAVQObject@@PBU1@HPAPAX@Z 00415090     Qt5Core:Qt5Core.dll
 0002:00000094       __imp_?normalizedType@QMetaObject@@SA?AVQByteArray@@PBD@Z 00415094     Qt5Core:Qt5Core.dll
 0002:00000098       __imp_?staticMetaObject@QObject@@2UQMetaObject@@B 00415098     Qt5Core:Qt5Core.dll
 0002:0000009c       __imp_?qUnregisterResourceData@@YA_NHPBE00@Z 0041509c     Qt5Core:Qt5Core.dll
 0002:000000a0       __imp_?qRegisterResourceData@@YA_NHPBE00@Z 004150a0     Qt5Core:Qt5Core.dll
 0002:000000a4       __imp_?toDouble@QVariant@@QBENPA_N@Z 004150a4     Qt5Core:Qt5Core.dll
 0002:000000a8       __imp_?toBool@QVariant@@QBE_NXZ 004150a8     Qt5Core:Qt5Core.dll
 0002:000000ac       __imp_?qBadAlloc@@YAXXZ    004150ac     Qt5Core:Qt5Core.dll
 0002:000000b0       __imp_??0QMessageLogger@@QAE@PBDH0@Z 004150b0     Qt5Core:Qt5Core.dll
 0002:000000b4       __imp_?debug@QMessageLogger@@QBE?AVQDebug@@XZ 004150b4     Qt5Core:Qt5Core.dll
 0002:000000b8       __imp_?qInstallMessageHandler@@YAP6AXW4QtMsgType@@ABVQMessageLogContext@@ABVQString@@@ZP6AX012@Z@Z 004150b8     Qt5Core:Qt5Core.dll
 0002:000000bc       __imp_??0QChar@@QAE@UQLatin1Char@@@Z 004150bc     Qt5Core:Qt5Core.dll
 0002:000000c0       __imp_??0QByteArray@@QAE@XZ 004150c0     Qt5Core:Qt5Core.dll
 0002:000000c4       __imp_??0QByteArray@@QAE@PBDH@Z 004150c4     Qt5Core:Qt5Core.dll
 0002:000000c8       __imp_??1QByteArray@@QAE@XZ 004150c8     Qt5Core:Qt5Core.dll
 0002:000000cc       __imp_?reserve@QByteArray@@QAEXH@Z 004150cc     Qt5Core:Qt5Core.dll
 0002:000000d0       __imp_?append@QByteArray@@QAEAAV1@D@Z 004150d0     Qt5Core:Qt5Core.dll
 0002:000000d4       __imp_?append@QByteArray@@QAEAAV1@PBD@Z 004150d4     Qt5Core:Qt5Core.dll
 0002:000000d8       __imp_??0QString@@QAE@XZ   004150d8     Qt5Core:Qt5Core.dll
 0002:000000dc       __imp_??0QString@@QAE@ABV0@@Z 004150dc     Qt5Core:Qt5Core.dll
 0002:000000e0       __imp_??1QString@@QAE@XZ   004150e0     Qt5Core:Qt5Core.dll
 0002:000000e4       __imp_??4QString@@QAEAAV0@ABV0@@Z 004150e4     Qt5Core:Qt5Core.dll
 0002:000000e8       __imp_?arg@QString@@QBE?AV1@ABV1@HVQChar@@@Z 004150e8     Qt5Core:Qt5Core.dll
 0002:000000ec       __imp_?indexOf@QString@@QBEHVQChar@@HW4CaseSensitivity@Qt@@@Z 004150ec     Qt5Core:Qt5Core.dll
 0002:000000f0       __imp_?startsWith@QString@@QBE_NABV1@W4CaseSensitivity@Qt@@@Z 004150f0     Qt5Core:Qt5Core.dll
 0002:000000f4       __imp_?append@QString@@QAEAAV1@ABV1@@Z 004150f4     Qt5Core:Qt5Core.dll
 0002:000000f8       __imp_?fromWCharArray@QString@@SA?AV1@PB_WH@Z 004150f8     Qt5Core:Qt5Core.dll
 0002:000000fc       __imp_?fromAscii_helper@QString@@CAPAU?$QTypedArrayData@G@@PBDH@Z 004150fc     Qt5Core:Qt5Core.dll
 0002:00000100       __imp_?className@QMetaObject@@QBEPBDXZ 00415100     Qt5Core:Qt5Core.dll
 0002:00000104       __imp_??1Connection@QMetaObject@@QAE@XZ 00415104     Qt5Core:Qt5Core.dll
 0002:00000108       __imp_?dispose@QListData@@SAXPAUData@1@@Z 00415108     Qt5Core:Qt5Core.dll
 0002:0000010c       __imp_?registerNormalizedType@QMetaType@@SAHABVQByteArray@@P6AXPAX@ZP6APAX1PBX@ZHV?$QFlags@W4TypeFlag@QMetaType@@@@PBUQMetaObject@@@Z 0041510c     Qt5Core:Qt5Core.dll
 0002:00000110       __imp_?registerNormalizedTypedef@QMetaType@@SAHABVQByteArray@@H@Z 00415110     Qt5Core:Qt5Core.dll
 0002:00000114       __imp_??0QObject@@QAE@PAV0@@Z 00415114     Qt5Core:Qt5Core.dll
 0002:00000118       __imp_??1QObject@@UAE@XZ   00415118     Qt5Core:Qt5Core.dll
 0002:0000011c       __imp_?connectImpl@QObject@@CA?AVConnection@QMetaObject@@PBV1@PAPAX01PAVQSlotObjectBase@QtPrivate@@W4ConnectionType@Qt@@PBHPBU3@@Z 0041511c     Qt5Core:Qt5Core.dll
 0002:00000120       __imp_?setApplicationName@QCoreApplication@@SAXABVQString@@@Z 00415120     Qt5Core:Qt5Core.dll
 0002:00000124       __imp_?installTranslator@QCoreApplication@@SA_NPAVQTranslator@@@Z 00415124     Qt5Core:Qt5Core.dll
 0002:00000128       __imp_?quit@QCoreApplication@@SAXXZ 00415128     Qt5Core:Qt5Core.dll
 0002:0000012c       __imp_??1QLocale@@QAE@XZ   0041512c     Qt5Core:Qt5Core.dll
 0002:00000130       __imp_?toDouble@QLocale@@QBENABVQString@@PA_N@Z 00415130     Qt5Core:Qt5Core.dll
 0002:00000134       __imp_?decimalPoint@QLocale@@QBE?AVQChar@@XZ 00415134     Qt5Core:Qt5Core.dll
 0002:00000138       __imp_??0QSize@@QAE@HH@Z   00415138     Qt5Core:Qt5Core.dll
 0002:0000013c       __imp_??0QUrl@@QAE@ABVQString@@W4ParsingMode@0@@Z 0041513c     Qt5Core:Qt5Core.dll
 0002:00000140       __imp_??1QUrl@@QAE@XZ      00415140     Qt5Core:Qt5Core.dll
 0002:00000144       __imp_??0QFile@@QAE@ABVQString@@@Z 00415144     Qt5Core:Qt5Core.dll
 0002:00000148       __imp_??1QFile@@UAE@XZ     00415148     Qt5Core:Qt5Core.dll
 0002:0000014c       __imp_?open@QFile@@UAE_NV?$QFlags@W4OpenModeFlag@QIODevice@@@@@Z 0041514c     Qt5Core:Qt5Core.dll
 0002:00000150       __imp_??0QTextStream@@QAE@PAVQIODevice@@@Z 00415150     Qt5Core:Qt5Core.dll
 0002:00000154       __imp_??1QTextStream@@UAE@XZ 00415154     Qt5Core:Qt5Core.dll
 0002:00000158       __imp_??6QTextStream@@QAEAAV0@ABVQString@@@Z 00415158     Qt5Core:Qt5Core.dll
 0002:0000015c       __imp_?endl@@YAAAVQTextStream@@AAV1@@Z 0041515c     Qt5Core:Qt5Core.dll
 0002:00000160       __imp_??1QDebug@@QAE@XZ    00415160     Qt5Core:Qt5Core.dll
 0002:00000164       __imp_??6QDebug@@QAEAAV0@ABVQString@@@Z 00415164     Qt5Core:Qt5Core.dll
 0002:00000168       __imp_??0QTranslator@@QAE@PAVQObject@@@Z 00415168     Qt5Core:Qt5Core.dll
 0002:0000016c       __imp_??1QTranslator@@UAE@XZ 0041516c     Qt5Core:Qt5Core.dll
 0002:00000170       __imp_?load@QTranslator@@QAE_NABVQString@@000@Z 00415170     Qt5Core:Qt5Core.dll
 0002:00000174       __imp_?currentPath@QDir@@SA?AVQString@@XZ 00415174     Qt5Core:Qt5Core.dll
 0002:00000178       __imp_?toString@QTime@@QBE?AVQString@@W4DateFormat@Qt@@@Z 00415178     Qt5Core:Qt5Core.dll
 0002:0000017c       __imp_?currentTime@QTime@@SA?AV1@XZ 0041517c     Qt5Core:Qt5Core.dll
 0002:00000180       __imp_?childEvent@QObject@@MAEXPAVQChildEvent@@@Z 00415180     Qt5Core:Qt5Core.dll
 0002:00000184       __imp_?connectNotify@QObject@@MAEXABVQMetaMethod@@@Z 00415184     Qt5Core:Qt5Core.dll
 0002:00000188       __imp_?customEvent@QObject@@MAEXPAVQEvent@@@Z 00415188     Qt5Core:Qt5Core.dll
 0002:0000018c       __imp_?disconnectNotify@QObject@@MAEXABVQMetaMethod@@@Z 0041518c     Qt5Core:Qt5Core.dll
 0002:00000190       __imp_?event@QObject@@UAE_NPAVQEvent@@@Z 00415190     Qt5Core:Qt5Core.dll
 0002:00000194       __imp_?eventFilter@QObject@@UAE_NPAV1@PAVQEvent@@@Z 00415194     Qt5Core:Qt5Core.dll
 0002:00000198       __imp_?timerEvent@QObject@@MAEXPAVQTimerEvent@@@Z 00415198     Qt5Core:Qt5Core.dll
 0002:0000019c       __imp_?shared_null@QListData@@2UData@1@B 0041519c     Qt5Core:Qt5Core.dll
 0002:000001a0       __imp_?cast@QMetaObject@@QBEPAVQObject@@PAV2@@Z 004151a0     Qt5Core:Qt5Core.dll
 0002:000001a4       __imp_??4QString@@QAEAAV0@$$QAV0@@Z 004151a4     Qt5Core:Qt5Core.dll
 0002:000001a8       __imp_??8@YA_NABVQString@@0@Z 004151a8     Qt5Core:Qt5Core.dll
 0002:000001ac       __imp_??8QString@@QBE_NPBD@Z 004151ac     Qt5Core:Qt5Core.dll
 0002:000001b0       __imp_?detach@QListData@@QAEPAUData@1@H@Z 004151b0     Qt5Core:Qt5Core.dll
 0002:000001b4       __imp_?detach_grow@QListData@@QAEPAUData@1@PAHH@Z 004151b4     Qt5Core:Qt5Core.dll
 0002:000001b8       __imp_?append@QListData@@QAEPAPAXXZ 004151b8     Qt5Core:Qt5Core.dll
 0002:000001bc       __imp_?size@QListData@@QBEHXZ 004151bc     Qt5Core:Qt5Core.dll
 0002:000001c0       __imp_?at@QListData@@QBEPAPAXH@Z 004151c0     Qt5Core:Qt5Core.dll
 0002:000001c4       __imp_?begin@QListData@@QBEPAPAXXZ 004151c4     Qt5Core:Qt5Core.dll
 0002:000001c8       __imp_?end@QListData@@QBEPAPAXXZ 004151c8     Qt5Core:Qt5Core.dll
 0002:000001cc       __imp_?installEventFilter@QObject@@QAEXPAV1@@Z 004151cc     Qt5Core:Qt5Core.dll
 0002:000001d0       __imp_?removeEventFilter@QObject@@QAEXPAV1@@Z 004151d0     Qt5Core:Qt5Core.dll
 0002:000001d4       __imp_?disconnectImpl@QObject@@CA_NPBV1@PAPAX01PBUQMetaObject@@@Z 004151d4     Qt5Core:Qt5Core.dll
 0002:000001d8       __imp_?self@QCoreApplication@@0PAV1@A 004151d8     Qt5Core:Qt5Core.dll
 0002:000001dc       __imp_?warning@QMessageLogger@@QBAXPBDZZ 004151dc     Qt5Core:Qt5Core.dll
 0002:000001e0       __imp_?fatal@QMessageLogger@@QBAXPBDZZ 004151e0     Qt5Core:Qt5Core.dll
 0002:000001e4       __imp_??4QByteArray@@QAEAAV0@$$QAV0@@Z 004151e4     Qt5Core:Qt5Core.dll
 0002:000001e8       __imp_?clear@QByteArray@@QAEXXZ 004151e8     Qt5Core:Qt5Core.dll
 0002:000001ec       __imp_?toLocal8Bit@QString@@QHAE?AVQByteArray@@XZ 004151ec     Qt5Core:Qt5Core.dll
 0002:000001f0       __imp_?number@QString@@SA?AV1@HH@Z 004151f0     Qt5Core:Qt5Core.dll
 0002:000001f4       __imp_?number@QString@@SA?AV1@NDH@Z 004151f4     Qt5Core:Qt5Core.dll
 0002:000001f8       __imp_??M@YA_NABVQString@@0@Z 004151f8     Qt5Core:Qt5Core.dll
 0002:000001fc       __imp_??0QJsonValue@@QAE@_N@Z 004151fc     Qt5Core:Qt5Core.dll
 0002:00000200       __imp_??0QJsonValue@@QAE@N@Z 00415200     Qt5Core:Qt5Core.dll
 0002:00000204       __imp_??0QJsonValue@@QAE@H@Z 00415204     Qt5Core:Qt5Core.dll
 0002:00000208       __imp_??0QJsonValue@@QAE@ABVQString@@@Z 00415208     Qt5Core:Qt5Core.dll
 0002:0000020c       __imp_??0QJsonValue@@QAE@ABVQJsonArray@@@Z 0041520c     Qt5Core:Qt5Core.dll
 0002:00000210       __imp_??0QJsonValue@@QAE@ABVQJsonObject@@@Z 00415210     Qt5Core:Qt5Core.dll
 0002:00000214       __imp_??1QJsonValue@@QAE@XZ 00415214     Qt5Core:Qt5Core.dll
 0002:00000218       __imp_??0QJsonValue@@QAE@ABV0@@Z 00415218     Qt5Core:Qt5Core.dll
 0002:0000021c       __imp_?toBool@QJsonValue@@QBE_N_N@Z 0041521c     Qt5Core:Qt5Core.dll
 0002:00000220       __imp_?toInt@QJsonValue@@QBEHH@Z 00415220     Qt5Core:Qt5Core.dll
 0002:00000224       __imp_?toDouble@QJsonValue@@QBENN@Z 00415224     Qt5Core:Qt5Core.dll
 0002:00000228       __imp_?toString@QJsonValue@@QBE?AVQString@@XZ 00415228     Qt5Core:Qt5Core.dll
 0002:0000022c       __imp_?toObject@QJsonValue@@QBE?AVQJsonObject@@XZ 0041522c     Qt5Core:Qt5Core.dll
 0002:00000230       __imp_??BQJsonValueRef@@QBE?AVQJsonValue@@XZ 00415230     Qt5Core:Qt5Core.dll
 0002:00000234       __imp_??4QJsonValueRef@@QAEAAV0@ABVQJsonValue@@@Z 00415234     Qt5Core:Qt5Core.dll
 0002:00000238       __imp_?toString@QJsonValueRef@@QBE?AVQString@@XZ 00415238     Qt5Core:Qt5Core.dll
 0002:0000023c       __imp_?toArray@QJsonValueRef@@QBE?AVQJsonArray@@XZ 0041523c     Qt5Core:Qt5Core.dll
 0002:00000240       __imp_?toObject@QJsonValueRef@@QBE?AVQJsonObject@@XZ 00415240     Qt5Core:Qt5Core.dll
 0002:00000244       __imp_?toValue@QJsonValueRef@@ABE?AVQJsonValue@@XZ 00415244     Qt5Core:Qt5Core.dll
 0002:00000248       __imp_??0QJsonObject@@QAE@XZ 00415248     Qt5Core:Qt5Core.dll
 0002:0000024c       __imp_??1QJsonObject@@QAE@XZ 0041524c     Qt5Core:Qt5Core.dll
 0002:00000250       __imp_??4QJsonObject@@QAEAAV0@ABV0@@Z 00415250     Qt5Core:Qt5Core.dll
 0002:00000254       __imp_??AQJsonObject@@QAE?AVQJsonValueRef@@ABVQString@@@Z 00415254     Qt5Core:Qt5Core.dll
 0002:00000258       __imp_?remove@QJsonObject@@QAEXABVQString@@@Z 00415258     Qt5Core:Qt5Core.dll
 0002:0000025c       __imp_?begin@QJsonObject@@QAE?AViterator@1@XZ 0041525c     Qt5Core:Qt5Core.dll
 0002:00000260       __imp_?end@QJsonObject@@QAE?AViterator@1@XZ 00415260     Qt5Core:Qt5Core.dll
 0002:00000264       __imp_?keyAt@QJsonObject@@ABE?AVQString@@H@Z 00415264     Qt5Core:Qt5Core.dll
 0002:00000268       __imp_?freeNodeAndRebalance@QMapDataBase@@QAEXPAUQMapNodeBase@@@Z 00415268     Qt5Core:Qt5Core.dll
 0002:0000026c       __imp_?recalcMostLeftNode@QMapDataBase@@QAEXXZ 0041526c     Qt5Core:Qt5Core.dll
 0002:00000270       __imp_?createNode@QMapDataBase@@QAEPAUQMapNodeBase@@HHPAU2@_N@Z 00415270     Qt5Core:Qt5Core.dll
 0002:00000274       __imp_?freeTree@QMapDataBase@@QAEXPAUQMapNodeBase@@H@Z 00415274     Qt5Core:Qt5Core.dll
 0002:00000278       __imp_?createData@QMapDataBase@@SAPAU1@XZ 00415278     Qt5Core:Qt5Core.dll
 0002:0000027c       __imp_?freeData@QMapDataBase@@SAXPAU1@@Z 0041527c     Qt5Core:Qt5Core.dll
 0002:00000280       __imp_?readAll@QIODevice@@QAE?AVQByteArray@@XZ 00415280     Qt5Core:Qt5Core.dll
 0002:00000284       __imp_?write@QIODevice@@QAE_JABVQByteArray@@@Z 00415284     Qt5Core:Qt5Core.dll
 0002:00000288       __imp_?close@QFileDevice@@UAEXXZ 00415288     Qt5Core:Qt5Core.dll
[...]
 0002:00343984       __catchsym$?createNode@?$QMapData@VQString@@VOperationParamData@@@@QAEPAU?$QMapNode@VQString@@VOperationParamData@@@@ABVQString@@ABVOperationParamData@@PAU2@_N@Z$6 00758984     configfilehandler.obj
 0002:00343994       __ehfuncinfo$?createNode@?$QMapData@VQString@@VOperationParamData@@@@QAEPAU?$QMapNode@VQString@@VOperationParamData@@@@ABVQString@@ABVOperationParamData@@PAU2@_N@Z 00758994     configfilehandler.obj
 0002:003439b8       __tryblocktable$?createNode@?$QMapData@VQString@@VOperationParamData@@@@QAEPAU?$QMapNode@VQString@@VOperationParamData@@@@ABVQString@@ABVOperationParamData@@PAU2@_N@Z 007589b8     configfilehandler.obj
 0002:003439e0       __unwindtable$?createNode@?$QMapData@VQString@@VOperationParamData@@@@QAEPAU?$QMapNode@VQString@@VOperationParamData@@@@ABVQString@@ABVOperationParamData@@PAU2@_N@Z 007589e0     configfilehandler.obj
 0002:00343a08       __catchsym$?createNode@?$QMapData@VQString@@VQStringList@@@@QAEPAU?$QMapNode@VQString@@VQStringList@@@@ABVQString@@ABVQStringList@@PAU2@_N@Z$8 00758a08     configfilehandler.obj
 0002:00343a18       __catchsym$?createNode@?$QMapData@VQString@@VQStringList@@@@QAEPAU?$QMapNode@VQString@@VQStringList@@@@ABVQString@@ABVQStringList@@PAU2@_N@Z$7 00758a18     configfilehandler.obj
 0002:00343a28       __ehfuncinfo$?createNode@?$QMapData@VQString@@VQStringList@@@@QAEPAU?$QMapNode@VQString@@VQStringList@@@@ABVQString@@ABVQStringList@@PAU2@_N@Z 00758a28     configfilehandler.obj
 0002:00343a4c       __tryblocktable$?createNode@?$QMapData@VQString@@VQStringList@@@@QAEPAU?$QMapNode@VQString@@VQStringList@@@@ABVQString@@ABVQStringList@@PAU2@_N@Z 00758a4c     configfilehandler.obj
 0002:00343a74       __unwindtable$?createNode@?$QMapData@VQString@@VQStringList@@@@QAEPAU?$QMapNode@VQString@@VQStringList@@@@ABVQString@@ABVQStringList@@PAU2@_N@Z 00758a74     configfilehandler.obj
 0002:00343a9c       __catchsym$??Y?$QList@VQString@@@@QAEAAV0@ABV0@@Z$14 00758a9c     environmentvariant.obj
 0002:00343aac       __unwindtable$??Y?$QList@VQString@@@@QAEAAV0@ABV0@@Z 00758aac     environmentvariant.obj
 0002:00343abc       __tryblocktable$??Y?$QList@VQString@@@@QAEAAV0@ABV0@@Z 00758abc     environmentvariant.obj
 0002:00343ad0       __ehfuncinfo$??Y?$QList@VQString@@@@QAEAAV0@ABV0@@Z 00758ad0     environmentvariant.obj
 0002:00343af4       __catchsym$?detach_helper@?$QList@VQString@@@@AAEXH@Z$9 00758af4     environmentvariant.obj
 0002:00343b04       __unwindtable$?detach_helper@?$QList@VQString@@@@AAEXH@Z 00758b04     environmentvariant.obj
 0002:00343b14       __tryblocktable$?detach_helper@?$QList@VQString@@@@AAEXH@Z 00758b14     environmentvariant.obj
 0002:00343b28       __ehfuncinfo$?detach_helper@?$QList@VQString@@@@AAEXH@Z 00758b28     environmentvariant.obj
 0002:00343b4c       __catchsym$?detach_helper@?$QList@H@@AAEXH@Z$7 00758b4c     environmentvariant.obj
 0002:00343b5c       __unwindtable$?detach_helper@?$QList@H@@AAEXH@Z 00758b5c     environmentvariant.obj
 0002:00343b6c       __tryblocktable$?detach_helper@?$QList@H@@AAEXH@Z 00758b6c     environmentvariant.obj
 0002:00343b80       __ehfuncinfo$?detach_helper@?$QList@H@@AAEXH@Z 00758b80     environmentvariant.obj
 0002:00343ba4       __catchsym$?detach_helper@?$QList@VOperationParamData@@@@AAEXH@Z$7 00758ba4     environmentvariant.obj
 0002:00343bb4       __unwindtable$?detach_helper@?$QList@VOperationParamData@@@@AAEXH@Z 00758bb4     environmentvariant.obj
 0002:00343bc4       __tryblocktable$?detach_helper@?$QList@VOperationParamData@@@@AAEXH@Z 00758bc4     environmentvariant.obj
 0002:00343bd8       __ehfuncinfo$?detach_helper@?$QList@VOperationParamData@@@@AAEXH@Z 00758bd8     environmentvariant.obj
 0002:00343bfc       __unwindtable$??0SingleOperationData@@QAE@ABV0@@Z 00758bfc     environmentvariant.obj
 0002:00343c04       __ehfuncinfo$??0SingleOperationData@@QAE@ABV0@@Z 00758c04     environmentvariant.obj
 0002:00343c28       __unwindtable$??4?$QList@VSingleOperationData@@@@QAEAAV0@ABV0@@Z 00758c28     environmentvariant.obj
 0002:00343c28       __unwindtable$?clear@?$QList@U?$QPair@VQString@@V?$QList@VSingleOperationData@@@@@@@@QAEXXZ 00758c28     configfilehandler.obj
 0002:00343c28       __unwindtable$??4SingleOperationData@@QAEAAV0@ABV0@@Z 00758c28     environmentvariant.obj
 0002:00343c30       __ehfuncinfo$??4?$QList@VSingleOperationData@@@@QAEAAV0@ABV0@@Z 00758c30     environmentvariant.obj
 0002:00343c30       __ehfuncinfo$?clear@?$QList@U?$QPair@VQString@@V?$QList@VSingleOperationData@@@@@@@@QAEXXZ 00758c30     configfilehandler.obj
 0002:00343c30       __ehfuncinfo$??4SingleOperationData@@QAEAAV0@ABV0@@Z 00758c30     environmentvariant.obj
 0002:00343c54       __unwindtable$?instance@EnvironmentVariant@@SAPAV1@XZ 00758c54     environmentvariant.obj
 0002:00343c5c       __ehfuncinfo$?instance@EnvironmentVariant@@SAPAV1@XZ 00758c5c     environmentvariant.obj
 0002:00343c80       __ehfuncinfo$?parseConfigFile@EnvironmentVariant@@QAEXABVQString@@@Z 00758c80     environmentvariant.obj
 0002:00343ca4       __unwindtable$?parseConfigFile@EnvironmentVariant@@QAEXABVQString@@@Z 00758ca4     environmentvariant.obj
 0002:00343d3c       __unwindtable$?initProtocol@EnvironmentVariant@@QAEXABVQString@@@Z 00758d3c     environmentvariant.obj
 0002:00343d44       __ehfuncinfo$?initProtocol@EnvironmentVariant@@QAEXABVQString@@@Z 00758d44     environmentvariant.obj
 0002:00343d68       __unwindtable$?initUserConfig@EnvironmentVariant@@QAEXABVQString@@@Z 00758d68     environmentvariant.obj
 0002:00343d80       __ehfuncinfo$?initUserConfig@EnvironmentVariant@@QAEXABVQString@@@Z 00758d80     environmentvariant.obj
 0002:00343da4       __unwindtable$?initModels@EnvironmentVariant@@QAEXPAVQQmlContext@@@Z 00758da4     environmentvariant.obj
 0002:00343dbc       __ehfuncinfo$?initModels@EnvironmentVariant@@QAEXPAVQQmlContext@@@Z 00758dbc     environmentvariant.obj
 0002:00343de0       __unwindtable$?getOperationParams@EnvironmentVariant@@QAE?AV?$QList@VOperationParamData@@@@H@Z 00758de0     environmentvariant.obj
 0002:00343df8       __ehfuncinfo$?getOperationParams@EnvironmentVariant@@QAE?AV?$QList@VOperationParamData@@@@H@Z 00758df8     environmentvariant.obj
 0002:00343e1c       __unwindtable$?LogicalControlList@EnvironmentVariant@@QAE?AVQStringList@@XZ 00758e1c     environmentvariant.obj
 0002:00343e1c       __unwindtable$?OperationNameList@EnvironmentVariant@@QAE?AVQStringList@@XZ 00758e1c     environmentvariant.obj
 0002:00343e34       __ehfuncinfo$?OperationNameList@EnvironmentVariant@@QAE?AVQStringList@@XZ 00758e34     environmentvariant.obj
 0002:00343e34       __ehfuncinfo$?LogicalControlList@EnvironmentVariant@@QAE?AVQStringList@@XZ 00758e34     environmentvariant.obj
 0002:00343e58       __unwindtable$?PlanList@EnvironmentVariant@@QAE?AVQStringList@@XZ 00758e58     environmentvariant.obj
 0002:00343e60       __ehfuncinfo$?PlanList@EnvironmentVariant@@QAE?AVQStringList@@XZ 00758e60     environmentvariant.obj
 0002:00343e84       __unwindtable$?StepList@EnvironmentVariant@@QAE?AVQStringList@@H@Z 00758e84     environmentvariant.obj
 0002:00343e9c       __ehfuncinfo$?StepList@EnvironmentVariant@@QAE?AVQStringList@@H@Z 00758e9c     environmentvariant.obj
 0002:00343ec0       __ehfuncinfo$?planStepParam@EnvironmentVariant@@QAE?AVSingleOperationData@@HH@Z 00758ec0     environmentvariant.obj
 0002:00343ee4       __unwindtable$?planStepParam@EnvironmentVariant@@QAE?AVSingleOperationData@@HH@Z 00758ee4     environmentvariant.obj
 0002:00343f1c       __unwindtable$?AddPlanStep@EnvironmentVariant@@QAEXHHH@Z 00758f1c     environmentvariant.obj
 0002:00343f3c       __ehfuncinfo$?AddPlanStep@EnvironmentVariant@@QAEXHHH@Z 00758f3c     environmentvariant.obj
 0002:00343f60       __unwindtable$?MovePlanStep@EnvironmentVariant@@QAEXHHH@Z 00758f60     environmentvariant.obj
 0002:00343f60       __unwindtable$?SetPlanStepToDefault@EnvironmentVariant@@QAEXHHH@Z 00758f60     environmentvariant.obj
 0002:00343f68       __ehfuncinfo$?SetPlanStepToDefault@EnvironmentVariant@@QAEXHHH@Z 00758f68     environmentvariant.obj
 0002:00343f68       __ehfuncinfo$?MovePlanStep@EnvironmentVariant@@QAEXHHH@Z 00758f68     environmentvariant.obj
 0002:00343f8c       __unwindtable$?AddPlan@EnvironmentVariant@@QAEXABVQString@@@Z 00758f8c     environmentvariant.obj
 0002:00343fac       __ehfuncinfo$?AddPlan@EnvironmentVariant@@QAEXABVQString@@@Z 00758fac     environmentvariant.obj
 0002:00343fd0       __unwindtable$?SavePlan@EnvironmentVariant@@QAEXXZ 00758fd0     environmentvariant.obj
 0002:00343fd8       __ehfuncinfo$?SavePlan@EnvironmentVariant@@QAEXXZ 00758fd8     environmentvariant.obj
 0002:00343ffc       __ehfuncinfo$?StartPlan@EnvironmentVariant@@QAEXHH@Z 00758ffc     environmentvariant.obj
 0002:00344020       __unwindtable$?StartPlan@EnvironmentVariant@@QAEXHH@Z 00759020     environmentvariant.obj
 0002:00344130       __unwindtable$?SaveMachineConfig@EnvironmentVariant@@QAEXABVMachineConfigData@@@Z 00759130     environmentvariant.obj
 0002:00344138       __ehfuncinfo$?SaveMachineConfig@EnvironmentVariant@@QAEXABVMachineConfigData@@@Z 00759138     environmentvariant.obj
 0002:0034415c       __ehfuncinfo$?formatSingleOperationParam@EnvironmentVariant@@QAE?AVQJsonObject@@ABVSingleOperationData@@@Z 0075915c     environmentvariant.obj
 0002:00344180       __unwindtable$?formatSingleOperationParam@EnvironmentVariant@@QAE?AVQJsonObject@@ABVSingleOperationData@@@Z 00759180     environmentvariant.obj
 0002:00344240       __unwindtable$?StartTunning@EnvironmentVariant@@QAEXABVSingleOperationData@@@Z 00759240     environmentvariant.obj
 0002:00344260       __ehfuncinfo$?StartTunning@EnvironmentVariant@@QAEXABVSingleOperationData@@@Z 00759260     environmentvariant.obj
 0002:00344284       __unwindtable$?defaultValue@EnvironmentVariant@@QAE?AVSingleOperationData@@ABVQString@@@Z 00759284     environmentvariant.obj
 0002:003442a4       __ehfuncinfo$?defaultValue@EnvironmentVariant@@QAE?AVSingleOperationData@@ABVQString@@@Z 007592a4     environmentvariant.obj
 0002:003442c8       __ehfuncinfo$??0EnvironmentVariant@@AAE@XZ 007592c8     environmentvariant.obj
 0002:003442ec       __unwindtable$??0EnvironmentVariant@@AAE@XZ 007592ec     environmentvariant.obj
 0002:00344344       __unwindtable$??1EnvironmentVariant@@EAE@XZ 00759344     environmentvariant.obj
 0002:0034435c       __ehfuncinfo$??1EnvironmentVariant@@EAE@XZ 0075935c     environmentvariant.obj
 0002:00344380       __unwindtable$??A?$QMap@VQString@@VOperationParamData@@@@QAEAAVOperationParamData@@ABVQString@@@Z 00759380     environmentvariant.obj
 0002:00344388       __ehfuncinfo$??A?$QMap@VQString@@VOperationParamData@@@@QAEAAVOperationParamData@@ABVQString@@@Z 00759388     environmentvariant.obj
 0002:003443ac       __catchsym$?detach_helper@?$QList@U?$QPair@VQString@@V?$QList@VSingleOperationData@@@@@@@@AAEXH@Z$7 007593ac     environmentvariant.obj
 0002:003443bc       __unwindtable$?detach_helper@?$QList@U?$QPair@VQString@@V?$QList@VSingleOperationData@@@@@@@@AAEXH@Z 007593bc     environmentvariant.obj
 0002:003443cc       __tryblocktable$?detach_helper@?$QList@U?$QPair@VQString@@V?$QList@VSingleOperationData@@@@@@@@AAEXH@Z 007593cc     environmentvariant.obj
 0002:003443e0       __ehfuncinfo$?detach_helper@?$QList@U?$QPair@VQString@@V?$QList@VSingleOperationData@@@@@@@@AAEXH@Z 007593e0     environmentvariant.obj
 0002:00344404       __catchsym$?insert@?$QList@VSingleOperationData@@@@QAEXHABVSingleOperationData@@@Z$28 00759404     environmentvariant.obj
 0002:00344414       __catchsym$?insert@?$QList@VSingleOperationData@@@@QAEXHABVSingleOperationData@@@Z$27 00759414     environmentvariant.obj
 0002:00344424       __ehfuncinfo$?insert@?$QList@VSingleOperationData@@@@QAEXHABVSingleOperationData@@@Z 00759424     environmentvariant.obj
 0002:00344448       __tryblocktable$?insert@?$QList@VSingleOperationData@@@@QAEXHABVSingleOperationData@@@Z 00759448     environmentvariant.obj
 0002:00344470       __unwindtable$?insert@?$QList@VSingleOperationData@@@@QAEXHABVSingleOperationData@@@Z 00759470     environmentvariant.obj
 0002:00344500       __catchsym$?detach_helper@?$QList@VSingleOperationData@@@@AAEXH@Z$7 00759500     environmentvariant.obj
 0002:00344510       __unwindtable$?detach_helper@?$QList@VSingleOperationData@@@@AAEXH@Z 00759510     environmentvariant.obj
 0002:00344520       __tryblocktable$?detach_helper@?$QList@VSingleOperationData@@@@AAEXH@Z 00759520     environmentvariant.obj
 0002:00344534       __ehfuncinfo$?detach_helper@?$QList@VSingleOperationData@@@@AAEXH@Z 00759534     environmentvariant.obj
 0002:00344558       __unwindtable$?node_destruct@?$QList@VSingleOperationData@@@@AAEXPAUNode@1@@Z 00759558     environmentvariant.obj
 0002:00344568       __ehfuncinfo$?node_destruct@?$QList@VSingleOperationData@@@@AAEXPAUNode@1@@Z 00759568     environmentvariant.obj
 0002:0034458c       __unwindtable$?qt_metatype_id@?$QMetaTypeId@VQSequentialIterableImpl@QtMetaTypePrivate@@@@SAHXZ 0075958c     moc_workmodels.obj
 0002:0034458c       __unwindtable$?qt_metatype_id@?$QMetaTypeId@V?$QList@PAVQObject@@@@@@SAHXZ 0075958c     moc_workmodels.obj
 0002:00344594       __ehfuncinfo$?qt_metatype_id@?$QMetaTypeId@VQSequentialIterableImpl@QtMetaTypePrivate@@@@SAHXZ 00759594     moc_workmodels.obj
 0002:00344594       __ehfuncinfo$?qt_metatype_id@?$QMetaTypeId@V?$QList@PAVQObject@@@@@@SAHXZ 00759594     moc_workmodels.obj
 0002:003445b8       __unwindtable$?Construct@?$QMetaTypeFunctionHelper@V?$QList@PAVQObject@@@@$00@QtMetaTypePrivate@@SAPAXPAXPBX@Z 007595b8     moc_workmodels.obj
 0002:003445b8       __unwindtable$?Construct@?$QMetaTypeFunctionHelper@V?$QList@H@@$00@QtMetaTypePrivate@@SAPAXPAXPBX@Z 007595b8     moc_workmodels.obj
 0002:003445c0       __ehfuncinfo$?Construct@?$QMetaTypeFunctionHelper@V?$QList@PAVQObject@@@@$00@QtMetaTypePrivate@@SAPAXPAXPBX@Z 007595c0     moc_workmodels.obj
 0002:003445c0       __ehfuncinfo$?Construct@?$QMetaTypeFunctionHelper@V?$QList@H@@$00@QtMetaTypePrivate@@SAPAXPAXPBX@Z 007595c0     moc_workmodels.obj
 0002:003445e4       __unwindtable$?qt_metatype_id@?$QMetaTypeId@V?$QList@H@@@@SAHXZ 007595e4     moc_workmodels.obj
 0002:003445ec       __ehfuncinfo$?qt_metatype_id@?$QMetaTypeId@V?$QList@H@@@@SAHXZ 007595ec     moc_workmodels.obj
 0002:00344610       __unwindtable$??__Fdummy@?A0x3a58f25f@@YAXXZ 00759610     qrc_qml.obj
 0002:00344610       __unwindtable$?Destruct@?$QMetaTypeFunctionHelper@V?$QList@PAVQObject@@@@$00@QtMetaTypePrivate@@SAXPAX@Z 00759610     moc_workmodels.obj
 0002:00344610       __unwindtable$??__Ff@?4??registerConverter@?$ValueTypeIsMetaType@V?$QList@PAVQObject@@@@$00@QtPrivate@@SA_NH@Z@YAXXZ 00759610     moc_workmodels.obj
 0002:00344610       __unwindtable$??__Ff@?4??registerConverter@?$ValueTypeIsMetaType@V?$QList@H@@$00@QtPrivate@@SA_NH@Z@YAXXZ 00759610     moc_workmodels.obj
 0002:00344610       __unwindtable$?Destruct@?$QMetaTypeFunctionHelper@V?$QList@H@@$00@QtMetaTypePrivate@@SAXPAX@Z 00759610     moc_workmodels.obj
 0002:00344618       __ehfuncinfo$??__Ff@?4??registerConverter@?$ValueTypeIsMetaType@V?$QList@H@@$00@QtPrivate@@SA_NH@Z@YAXXZ 00759618     moc_workmodels.obj
 0002:00344618       __ehfuncinfo$??__Ff@?4??registerConverter@?$ValueTypeIsMetaType@V?$QList@PAVQObject@@@@$00@QtPrivate@@SA_NH@Z@YAXXZ 00759618     moc_workmodels.obj
 0002:00344618       __ehfuncinfo$??__Fdummy@?A0x3a58f25f@@YAXXZ 00759618     qrc_qml.obj
 0002:00344618       __ehfuncinfo$?Destruct@?$QMetaTypeFunctionHelper@V?$QList@H@@$00@QtMetaTypePrivate@@SAXPAX@Z 00759618     moc_workmodels.obj
 0002:00344618       __ehfuncinfo$?Destruct@?$QMetaTypeFunctionHelper@V?$QList@PAVQObject@@@@$00@QtMetaTypePrivate@@SAXPAX@Z 00759618     moc_workmodels.obj
 0002:00344640       __sehtable$___scrt_is_nonwritable_in_current_image 00759640     MSVCRT:utility.obj
 0002:00344660       __sehtable$?__scrt_common_main_seh@@YAHXZ 00759660     MSVCRT:exe_winmain.obj
 0002:00344dea       .idata$6                   00759dea     WorkflowProtocol:WorkflowProtocol.dll
 0002:00344e14       .idata$6                   00759e14     DbgHelp:dbghelp.dll
 0002:00344f18       .idata$6                   00759f18     Qt5Quick:Qt5Quick.dll
 0002:00345220       .idata$6                   0075a220     Qt5Gui:Qt5Gui.dll
 0002:0034537c       .idata$6                   0075a37c     Qt5Qml:Qt5Qml.dll
 0002:00346d4e       .idata$6                   0075bd4e     Qt5Core:Qt5Core.dll
 0002:00346f40       .idata$6                   0075bf40     kernel32:KERNEL32.dll
 0002:00347024       .idata$6                   0075c024     vcruntime:VCRUNTIME140.dll
 0002:00347204       .idata$6                   0075c204     ucrt:api-ms-win-crt-heap-l1-1-0.dll
 0002:00347224       .idata$6                   0075c224     ucrt:api-ms-win-crt-runtime-l1-1-0.dll
 0002:00347246       .idata$6                   0075c246     ucrt:api-ms-win-crt-math-l1-1-0.dll
 0002:00347266       .idata$6                   0075c266     ucrt:api-ms-win-crt-stdio-l1-1-0.dll
 0002:00347286       .idata$6                   0075c286     ucrt:api-ms-win-crt-locale-l1-1-0.dll
 0002:003472be       .idata$6                   0075c2be     shell32:SHELL32.dll
 0003:00000584       ?module_local_atexit_table@@3U_onexit_table_t@@A 0075d584     MSVCRT:utility.obj
 0003:00000590       ?module_local_at_quick_exit_table@@3U_onexit_table_t@@A 0075d590     MSVCRT:utility.obj
 0003:0000059c       ?is_initialized_as_dll@@3_NA 0075d59c     MSVCRT:utility.obj
 0003:000005a0       ?_Tss_mutex@@3U_RTL_CRITICAL_SECTION@@A 0075d5a0     MSVCRT:thread_safe_statics.obj
 0003:000005b8       ?_Tss_cv@@3U_RTL_CONDITION_VARIABLE@@A 0075d5b8     MSVCRT:thread_safe_statics.obj
 0003:000005bc       ?_Tss_event@@3PAXA         0075d5bc     MSVCRT:thread_safe_statics.obj
 0003:000005c0       ?encoded_sleep_condition_variable_cs@@3P6GHPAU_RTL_CONDITION_VARIABLE@@PAU_RTL_CRITICAL_SECTION@@K@ZA 0075d5c0     MSVCRT:thread_safe_statics.obj
 0003:000005c4       ?encoded_wake_all_condition_variable@@3P6GXPAU_RTL_CONDITION_VARIABLE@@@ZA 0075d5c4     MSVCRT:thread_safe_statics.obj
 0003:000005d0       _GS_ExceptionRecord        0075d5d0     MSVCRT:gs_report.obj
 0003:00000620       _GS_ContextRecord          0075d620     MSVCRT:gs_report.obj
 0004:00000000       __guard_fids__             0075e000     MSVCRT:std_type_info_static.obj
 0004:00000004       __guard_fids__             0075e004     MSVCRT:thread_safe_statics.obj
 0004:00000008       __guard_fids_?__scrt_initialize_thread_safe_statics@@YAHXZ 0075e008     MSVCRT:thread_safe_statics.obj
 0004:0000000c       __guard_fids__             0075e00c     MSVCRT:exe_winmain.obj
 0004:00000010       __guard_fids__             0075e010     MSVCRT:exe_winmain.obj
 0004:00000014       __guard_fids__             0075e014     MSVCRT:exe_winmain.obj
 0004:00000018       __guard_fids_?pre_c_initialization@@YAHXZ 0075e018     MSVCRT:exe_winmain.obj
 0004:00000020       __guard_fids__             0075e020     MSVCRT:throw_bad_alloc.obj
 0004:00000028       __guard_fids__             0075e028     MSVCRT:throw_bad_alloc.obj
 0004:00000030       __guard_fids__             0075e030     MSVCRT:throw_bad_alloc.obj
 0004:00000038       __guard_fids__             0075e038     MSVCRT:throw_bad_alloc.obj
 0004:0000003c       __guard_fids__             0075e03c     MSVCRT:throw_bad_alloc.obj
 0004:00000040       __guard_fids__             0075e040     MSVCRT:throw_bad_alloc.obj
 0004:00000044       __guard_fids__             0075e044     MSVCRT:throw_bad_alloc.obj
 0004:00000048       __guard_fids__             0075e048     MSVCRT:throw_bad_alloc.obj
 0004:0000004c       __guard_fids____scrt_set_unhandled_exception_filter 0075e04c     MSVCRT:utility_desktop.obj
 0004:00000050       __guard_fids___except_handler4 0075e050     MSVCRT:_chandler4gs_.obj
 0004:00000054       __guard_fids__             0075e054     MSVCRT:guard_support.obj
 0006:00000060       $R000000                   00760060     * linker generated manifest res *
