 UserInterfaceLayer

 Timestamp is 592c7327 (Tue May 30 03:14:47 2017)

 Preferred load address is 0000000140000000

 Start         Length     Name                   Class
 0001:00000000 000000c0H .text$di                CODE
 0001:000000c0 000119c0H .text$mn                CODE
 0001:00011a80 00000020H .text$mn$00             CODE
 0001:00011aa0 00001dd0H .text$x                 CODE
 0001:00013870 0000009cH .text$yd                CODE
 0002:00000000 000007c0H .idata$5                DATA
 0002:000007c0 00000010H .00cfg                  DATA
 0002:000007d0 00000008H .CRT$XCA                DATA
 0002:000007d8 00000008H .CRT$XCAA               DATA
 0002:000007e0 00000048H .CRT$XCU                DATA
 0002:00000828 00000008H .CRT$XCZ                DATA
 0002:00000830 00000008H .CRT$XIA                DATA
 0002:00000838 00000008H .CRT$XIAA               DATA
 0002:00000840 00000008H .CRT$XIAC               DATA
 0002:00000848 00000008H .CRT$XIC                DATA
 0002:00000850 00000008H .CRT$XIZ                DATA
 0002:00000858 00000008H .CRT$XLA                DATA
 0002:00000860 00000008H .CRT$XLZ                DATA
 0002:00000868 00000008H .CRT$XPA                DATA
 0002:00000870 00000008H .CRT$XPZ                DATA
 0002:00000878 00000008H .CRT$XTA                DATA
 0002:00000880 00000010H .CRT$XTZ                DATA
 0002:00000890 0031fb78H .rdata                  DATA
 0002:00320408 00000028H .rdata$T                DATA
 0002:00320430 00000974H .rdata$r                DATA
 0002:00320da4 00000414H .rdata$zzzdbg           DATA
 0002:003211b8 00000008H .rtc$IAA                DATA
 0002:003211c0 00000008H .rtc$IZZ                DATA
 0002:003211c8 00000008H .rtc$TAA                DATA
 0002:003211d0 00000010H .rtc$TZZ                DATA
 0002:003211e0 00005558H .xdata                  DATA
 0002:00326738 000000ecH .xdata$x                DATA
 0002:00326824 00000000H .edata                  DATA
 0002:00326824 0000012cH .idata$2                DATA
 0002:00326950 00000018H .idata$3                DATA
 0002:00326968 000007c0H .idata$4                DATA
 0002:00327128 000021b2H .idata$6                DATA
 0003:00000000 000001e0H .data                   DATA
 0003:000001e0 00000440H .data$r                 DATA
 0003:00000620 00000130H .bss                    DATA
 0004:00000000 00001374H .pdata                  DATA
 0005:00000000 00000040H .gfids$y                DATA
 0006:00000000 00000004H .tls                    DATA
 0006:00000004 00000004H .tls$                   DATA
 0006:00000008 00000001H .tls$ZZZ                DATA
 0007:00000000 00000060H .rsrc$01                DATA
 0007:00000060 00000280H .rsrc$02                DATA

  Address         Publics by Value              Rva+Base               Lib:Object

 0000:00000000       __guard_iat_table          0000000000000000     <absolute>
 0000:00000000       __dynamic_value_reloc_table 0000000000000000     <absolute>
 0000:00000000       __guard_iat_count          0000000000000000     <absolute>
 0000:00000000       __guard_fids_count         0000000000000000     <absolute>
 0000:00000000       __guard_longjmp_table      0000000000000000     <absolute>
 0000:00000000       __guard_longjmp_count      0000000000000000     <absolute>
 0000:00000000       ___safe_se_handler_table   0000000000000000     <absolute>
 0000:00000000       ___safe_se_handler_count   0000000000000000     <absolute>
 0000:00000000       __guard_fids_table         0000000000000000     <absolute>
 0000:00000100       __guard_flags              0000000000000100     <absolute>
 0000:00000000       __ImageBase                0000000140000000     <linker-defined>
 0001:000000c0       ??$connect@P8QQmlEngine@@EAAXXZP6AXXZ@QObject@@SA?AVConnection@QMetaObject@@PEBVQQmlEngine@@P83@EAAXXZPEBV0@P6AXXZW4ConnectionType@Qt@@@Z 00000001400010c0 f i main.obj
 0001:00000170       ??$createInto@VOperationParamObject@@@QQmlPrivate@@YAXPEAX@Z 0000000140001170 f i main.obj
 0001:000001c0       ??$createInto@VOperationParamSelector@@@QQmlPrivate@@YAXPEAX@Z 00000001400011c0 f i main.obj
 0001:00000200       ??$createInto@VPlanController@@@QQmlPrivate@@YAXPEAX@Z 0000000140001200 f i main.obj
 0001:00000240       ??$createInto@VPlanSelector@@@QQmlPrivate@@YAXPEAX@Z 0000000140001240 f i main.obj
 0001:00000280       ??$createInto@VStatusViewWatcher@@@QQmlPrivate@@YAXPEAX@Z 0000000140001280 f i main.obj
 0001:000002c0       ??$qRegisterNormalizedMetaType@PEAVOperationParamObject@@@@YAHAEBVQByteArray@@PEAPEAVOperationParamObject@@W4DefinedType@?$MetaTypeDefinedHelper@PEAVOperationParamObject@@$00@QtPrivate@@@Z 00000001400012c0 f i main.obj
 0001:00000340       ??$qRegisterNormalizedMetaType@PEAVOperationParamSelector@@@@YAHAEBVQByteArray@@PEAPEAVOperationParamSelector@@W4DefinedType@?$MetaTypeDefinedHelper@PEAVOperationParamSelector@@$00@QtPrivate@@@Z 0000000140001340 f i main.obj
 0001:000003c0       ??$qRegisterNormalizedMetaType@PEAVPlanController@@@@YAHAEBVQByteArray@@PEAPEAVPlanController@@W4DefinedType@?$MetaTypeDefinedHelper@PEAVPlanController@@$00@QtPrivate@@@Z 00000001400013c0 f i main.obj
 0001:00000440       ??$qRegisterNormalizedMetaType@PEAVPlanSelector@@@@YAHAEBVQByteArray@@PEAPEAVPlanSelector@@W4DefinedType@?$MetaTypeDefinedHelper@PEAVPlanSelector@@$00@QtPrivate@@@Z 0000000140001440 f i main.obj
 0001:000004c0       ??$qRegisterNormalizedMetaType@PEAVStatusViewWatcher@@@@YAHAEBVQByteArray@@PEAPEAVStatusViewWatcher@@W4DefinedType@?$MetaTypeDefinedHelper@PEAVStatusViewWatcher@@$00@QtPrivate@@@Z 00000001400014c0 f i main.obj
 0001:00000540       ??$qmlRegisterType@VOperationParamObject@@@@YAHPEBDHH0@Z 0000000140001540 f i main.obj
 0001:00000830       ??$qmlRegisterType@VOperationParamSelector@@@@YAHPEBDHH0@Z 0000000140001830 f i main.obj
 0001:00000b20       ??$qmlRegisterType@VPlanController@@@@YAHPEBDHH0@Z 0000000140001b20 f i main.obj
 0001:00000e10       ??$qmlRegisterType@VPlanSelector@@@@YAHPEBDHH0@Z 0000000140001e10 f i main.obj
 0001:00001100       ??$qmlRegisterType@VStatusViewWatcher@@@@YAHPEBDHH0@Z 0000000140002100 f i main.obj
 0001:000013f0       ??0OperationParamData@@QEAA@XZ 00000001400023f0 f i main.obj
 0001:00001460       ??1?$QList@H@@QEAA@XZ      0000000140002460 f i main.obj
 0001:000014a0       ??1?$QList@PEAVQObject@@@@QEAA@XZ 00000001400024a0 f i main.obj
 0001:000014e0       ??1?$QList@VOperationParamData@@@@QEAA@XZ 00000001400024e0 f i main.obj
 0001:00001520       ??1?$QList@VQString@@@@QEAA@XZ 0000000140002520 f i main.obj
 0001:000015a0       ??1?$QVarLengthArray@D$0EA@@@QEAA@XZ 00000001400025a0 f i main.obj
 0001:000015a0       ??1?$QVarLengthArray@D$0DA@@@QEAA@XZ 00000001400025a0 f i main.obj
 0001:000015c0       ??1OperationParamData@@QEAA@XZ 00000001400025c0 f i main.obj
 0001:00001650       ??1OperationParamSelector@@UEAA@XZ 0000000140002650 f i main.obj
 0001:000016e0       ??1PlanSelector@@UEAA@XZ   00000001400026e0 f i main.obj
 0001:00001780       ??1RegisterType@QQmlPrivate@@QEAA@XZ 0000000140002780 f i main.obj
 0001:00001790       ??1SingleOperationData@@QEAA@XZ 0000000140002790 f i main.obj
 0001:000017e0       ??_G?$QQmlElement@VOperationParamObject@@@QQmlPrivate@@UEAAPEAXI@Z 00000001400027e0 f i main.obj
 0001:000017e0       ??_E?$QQmlElement@VOperationParamObject@@@QQmlPrivate@@UEAAPEAXI@Z 00000001400027e0 f i main.obj
 0001:00001840       ??_G?$QQmlElement@VOperationParamSelector@@@QQmlPrivate@@UEAAPEAXI@Z 0000000140002840 f i main.obj
 0001:00001840       ??_E?$QQmlElement@VOperationParamSelector@@@QQmlPrivate@@UEAAPEAXI@Z 0000000140002840 f i main.obj
 0001:000018a0       ??_G?$QQmlElement@VPlanController@@@QQmlPrivate@@UEAAPEAXI@Z 00000001400028a0 f i main.obj
 0001:000018a0       ??_E?$QQmlElement@VPlanController@@@QQmlPrivate@@UEAAPEAXI@Z 00000001400028a0 f i main.obj
 0001:00001900       ??_E?$QQmlElement@VPlanSelector@@@QQmlPrivate@@UEAAPEAXI@Z 0000000140002900 f i main.obj
 0001:00001900       ??_G?$QQmlElement@VPlanSelector@@@QQmlPrivate@@UEAAPEAXI@Z 0000000140002900 f i main.obj
 0001:00001960       ??_G?$QQmlElement@VStatusViewWatcher@@@QQmlPrivate@@UEAAPEAXI@Z 0000000140002960 f i main.obj
 0001:00001960       ??_E?$QQmlElement@VStatusViewWatcher@@@QQmlPrivate@@UEAAPEAXI@Z 0000000140002960 f i main.obj
 0001:000019c0       ??_GOperationParamObject@@UEAAPEAXI@Z 00000001400029c0 f i main.obj
 0001:000019c0       ??_EOperationParamObject@@UEAAPEAXI@Z 00000001400029c0 f i main.obj
 0001:00001a10       ?Construct@?$QMetaTypeFunctionHelper@PEAVOperationParamObject@@$00@QtMetaTypePrivate@@SAPEAXPEAXPEBX@Z 0000000140002a10 f i main.obj
 0001:00001a10       ?Construct@?$QMetaTypeFunctionHelper@PEAVPlanController@@$00@QtMetaTypePrivate@@SAPEAXPEAXPEBX@Z 0000000140002a10 f i main.obj
 0001:00001a10       ?Construct@?$QMetaTypeFunctionHelper@PEAVPlanSelector@@$00@QtMetaTypePrivate@@SAPEAXPEAXPEBX@Z 0000000140002a10 f i main.obj
 0001:00001a10       ?Construct@?$QMetaTypeFunctionHelper@PEAVStatusViewWatcher@@$00@QtMetaTypePrivate@@SAPEAXPEAXPEBX@Z 0000000140002a10 f i main.obj
 0001:00001a10       ?Construct@?$QMetaTypeFunctionHelper@PEAVOperationParamSelector@@$00@QtMetaTypePrivate@@SAPEAXPEAXPEBX@Z 0000000140002a10 f i main.obj
 0001:00001a30       ?Construct@?$QMetaTypeFunctionHelper@V?$QQmlListProperty@VPlanController@@@@$00@QtMetaTypePrivate@@SAPEAXPEAXPEBX@Z 0000000140002a30 f i main.obj
 0001:00001a30       ?Construct@?$QMetaTypeFunctionHelper@V?$QQmlListProperty@VOperationParamSelector@@@@$00@QtMetaTypePrivate@@SAPEAXPEAXPEBX@Z 0000000140002a30 f i main.obj
 0001:00001a30       ?Construct@?$QMetaTypeFunctionHelper@V?$QQmlListProperty@VPlanSelector@@@@$00@QtMetaTypePrivate@@SAPEAXPEAXPEBX@Z 0000000140002a30 f i main.obj
 0001:00001a30       ?Construct@?$QMetaTypeFunctionHelper@V?$QQmlListProperty@VOperationParamObject@@@@$00@QtMetaTypePrivate@@SAPEAXPEAXPEBX@Z 0000000140002a30 f i main.obj
 0001:00001a30       ?Construct@?$QMetaTypeFunctionHelper@V?$QQmlListProperty@VStatusViewWatcher@@@@$00@QtMetaTypePrivate@@SAPEAXPEAXPEBX@Z 0000000140002a30 f i main.obj
 0001:00001a90       ?Destruct@?$QMetaTypeFunctionHelper@V?$QQmlListProperty@VOperationParamSelector@@@@$00@QtMetaTypePrivate@@SAXPEAX@Z 0000000140002a90 f i main.obj
 0001:00001a90       ?Destruct@?$QMetaTypeFunctionHelper@V?$QQmlListProperty@VStatusViewWatcher@@@@$00@QtMetaTypePrivate@@SAXPEAX@Z 0000000140002a90 f i main.obj
 0001:00001a90       ?qt_static_metacall@configFileHandler@@CAXPEAVQObject@@W4Call@QMetaObject@@HPEAPEAX@Z 0000000140002a90 f i moc_configfilehandler.obj
 0001:00001a90       ?Destruct@?$QMetaTypeFunctionHelper@V?$QQmlListProperty@VPlanSelector@@@@$00@QtMetaTypePrivate@@SAXPEAX@Z 0000000140002a90 f i main.obj
 0001:00001a90       ?Destruct@?$QMetaTypeFunctionHelper@VQSequentialIterableImpl@QtMetaTypePrivate@@$00@QtMetaTypePrivate@@SAXPEAX@Z 0000000140002a90 f i moc_workmodels.obj
 0001:00001a90       ?Destruct@?$QMetaTypeFunctionHelper@PEAVStatusViewWatcher@@$00@QtMetaTypePrivate@@SAXPEAX@Z 0000000140002a90 f i main.obj
 0001:00001a90       ??3@YAXPEAX0@Z             0000000140002a90 f i main.obj
 0001:00001a90       ?Destruct@?$QMetaTypeFunctionHelper@V?$QQmlListProperty@VPlanController@@@@$00@QtMetaTypePrivate@@SAXPEAX@Z 0000000140002a90 f i main.obj
 0001:00001a90       ?Destruct@?$QMetaTypeFunctionHelper@PEAVPlanController@@$00@QtMetaTypePrivate@@SAXPEAX@Z 0000000140002a90 f i main.obj
 0001:00001a90       ?Destruct@?$QMetaTypeFunctionHelper@V?$QQmlListProperty@VOperationParamObject@@@@$00@QtMetaTypePrivate@@SAXPEAX@Z 0000000140002a90 f i main.obj
 0001:00001a90       ?onComplete@PlanSelector@@QEAAXXZ 0000000140002a90 f i workmodels.obj
 0001:00001a90       ?Destruct@?$QMetaTypeFunctionHelper@PEAVOperationParamObject@@$00@QtMetaTypePrivate@@SAXPEAX@Z 0000000140002a90 f i main.obj
 0001:00001a90       ?Destruct@?$QMetaTypeFunctionHelper@PEAVOperationParamSelector@@$00@QtMetaTypePrivate@@SAXPEAX@Z 0000000140002a90 f i main.obj
 0001:00001a90       ?Destruct@?$QMetaTypeFunctionHelper@PEAVPlanSelector@@$00@QtMetaTypePrivate@@SAXPEAX@Z 0000000140002a90 f i main.obj
 0001:00001aa0       ?TopLevelExceptionFilter@@YAJPEAU_EXCEPTION_POINTERS@@@Z 0000000140002aa0 f   main.obj
 0001:00001b50       ?customMessageHandler@@YAXW4QtMsgType@@AEBVQMessageLogContext@@AEBVQString@@@Z 0000000140002b50 f   main.obj
 0001:00001e10       ?dealloc@?$QList@VOperationParamData@@@@AEAAXPEAUData@QListData@@@Z 0000000140002e10 f i main.obj
 0001:00001ea0       ?impl@?$QStaticSlotObject@P6AXXZU?$List@$$V@QtPrivate@@X@QtPrivate@@CAXHPEAVQSlotObjectBase@2@PEAVQObject@@PEAPEAXPEA_N@Z 0000000140002ea0 f i main.obj
 0001:00001ed0       ?node_destruct@?$QList@VOperationParamData@@@@AEAAXPEAUNode@1@0@Z 0000000140002ed0 f i main.obj
 0001:00001f30       ?node_destruct@?$QList@VQString@@@@AEAAXPEAUNode@1@0@Z 0000000140002f30 f i main.obj
 0001:00001f70       ?qt_metatype_id@?$QMetaTypeIdQObject@PEAVOperationParamObject@@$07@@SAHXZ 0000000140002f70 f i main.obj
 0001:00002010       ?qt_metatype_id@?$QMetaTypeIdQObject@PEAVOperationParamSelector@@$07@@SAHXZ 0000000140003010 f i main.obj
 0001:000020b0       ?qt_metatype_id@?$QMetaTypeIdQObject@PEAVPlanController@@$07@@SAHXZ 00000001400030b0 f i main.obj
 0001:00002150       ?qt_metatype_id@?$QMetaTypeIdQObject@PEAVPlanSelector@@$07@@SAHXZ 0000000140003150 f i main.obj
 0001:000021f0       ?qt_metatype_id@?$QMetaTypeIdQObject@PEAVStatusViewWatcher@@$07@@SAHXZ 00000001400031f0 f i main.obj
 0001:00002290       main                       0000000140003290 f   main.obj
 0001:00002690       ??0?$QList@H@@QEAA@AEBV0@@Z 0000000140003690 f i workmodels.obj
 0001:00002720       ??0?$QList@PEAVQObject@@@@QEAA@AEBV0@@Z 0000000140003720 f i workmodels.obj
 0001:000027b0       ??0?$QList@VOperationParamData@@@@QEAA@AEBV0@@Z 00000001400037b0 f i workmodels.obj
 0001:00002840       ??0?$QList@VQString@@@@QEAA@AEBV0@@Z 0000000140003840 f i workmodels.obj
 0001:000028d0       ??0OperationParamData@@QEAA@AEBV0@@Z 00000001400038d0 f i workmodels.obj
 0001:00002a40       ??0OperationParamSelector@@QEAA@PEAVQObject@@@Z 0000000140003a40 f   workmodels.obj
 0001:00002aa0       ??0PlanController@@QEAA@PEAVQObject@@@Z 0000000140003aa0 f   workmodels.obj
 0001:00002af0       ??0PlanSelector@@QEAA@PEAVQObject@@@Z 0000000140003af0 f   workmodels.obj
 0001:00002be0       ??0StatusViewWatcher@@QEAA@PEAVQObject@@@Z 0000000140003be0 f   workmodels.obj
 0001:00002c30       ??1?$QForeachContainer@V?$QList@PEAVQObject@@@@@@QEAA@XZ 0000000140003c30 f i workmodels.obj
 0001:00002c70       ??1?$QForeachContainer@V?$QList@VOperationParamData@@@@@@QEAA@XZ 0000000140003c70 f i workmodels.obj
 0001:00002cb0       ??1MachineConfigData@@QEAA@XZ 0000000140003cb0 f i workmodels.obj
 0001:00002cc0       ??1PlanController@@UEAA@XZ 0000000140003cc0 f   workmodels.obj
 0001:00002d00       ??1StatusViewWatcher@@UEAA@XZ 0000000140003d00 f   workmodels.obj
 0001:00002d40       ??4?$QList@H@@QEAAAEAV0@AEBV0@@Z 0000000140003d40 f i workmodels.obj
 0001:00002db0       ??4?$QList@PEAVQObject@@@@QEAAAEAV0@$$QEAV0@@Z 0000000140003db0 f i workmodels.obj
 0001:00002e10       ??4?$QList@VOperationParamData@@@@QEAAAEAV0@$$QEAV0@@Z 0000000140003e10 f i workmodels.obj
 0001:00002ee0       ??4?$QList@VQString@@@@QEAAAEAV0@$$QEAV0@@Z 0000000140003ee0 f i workmodels.obj
 0001:00002f80       ??4?$QList@VQString@@@@QEAAAEAV0@AEBV0@@Z 0000000140003f80 f i workmodels.obj
 0001:00003030       ??_GOperationParamSelector@@UEAAPEAXI@Z 0000000140004030 f i workmodels.obj
 0001:00003030       ??_EOperationParamSelector@@UEAAPEAXI@Z 0000000140004030 f i workmodels.obj
 0001:00003070       ??_EPlanController@@UEAAPEAXI@Z 0000000140004070 f i workmodels.obj
 0001:00003070       ??_GPlanController@@UEAAPEAXI@Z 0000000140004070 f i workmodels.obj
 0001:000030e0       ??_GPlanSelector@@UEAAPEAXI@Z 00000001400040e0 f i workmodels.obj
 0001:000030e0       ??_EPlanSelector@@UEAAPEAXI@Z 00000001400040e0 f i workmodels.obj
 0001:00003120       ??_GStatusViewWatcher@@UEAAPEAXI@Z 0000000140004120 f i workmodels.obj
 0001:00003120       ??_EStatusViewWatcher@@UEAAPEAXI@Z 0000000140004120 f i workmodels.obj
 0001:00003190       ?addPlan@PlanSelector@@QEAAXAEBVQString@@@Z 0000000140004190 f   workmodels.obj
 0001:000031b0       ?addStep@PlanSelector@@QEAAXHHH@Z 00000001400041b0 f   workmodels.obj
 0001:000031f0       ?append@?$QList@PEAVQObject@@@@QEAAXAEBQEAVQObject@@@Z 00000001400041f0 f i workmodels.obj
 0001:00003240       ?append@?$QList@VOperationParamData@@@@QEAAXAEBVOperationParamData@@@Z 0000000140004240 f i workmodels.obj
 0001:000032d0       ?clear@?$QList@PEAVQObject@@@@QEAAXXZ 00000001400042d0 f i workmodels.obj
 0001:00003360       ?commitParam@PlanSelector@@QEAAXHH@Z 0000000140004360 f   workmodels.obj
 0001:000035f0       ?detach_helper_grow@?$QList@PEAVQObject@@@@AEAAPEAUNode@1@HH@Z 00000001400045f0 f i workmodels.obj
 0001:000036e0       ?detach_helper_grow@?$QList@VOperationParamData@@@@AEAAPEAUNode@1@HH@Z 00000001400046e0 f i workmodels.obj
 0001:000037d0       ?eventFilter@PlanController@@UEAA_NPEAVQObject@@PEAVQEvent@@@Z 00000001400047d0 f   workmodels.obj
 0001:00003840       ?eventFilter@StatusViewWatcher@@UEAA_NPEAVQObject@@PEAVQEvent@@@Z 0000000140004840 f   workmodels.obj
 0001:000038a0       ?getSwitch@OperationParamSelector@@QEAAPEAVQObject@@AEBVQString@@@Z 00000001400048a0 f   workmodels.obj
 0001:00003a20       ?getSwitch@PlanSelector@@QEAAPEAVQObject@@AEBVQString@@@Z 0000000140004a20 f   workmodels.obj
 0001:00003ba0       ?init@OperationParamSelector@@QEAAXAEBVQString@@@Z 0000000140004ba0 f   workmodels.obj
 0001:00003cf0       ?moveStep@PlanSelector@@QEAAXHHH@Z 0000000140004cf0 f   workmodels.obj
 0001:00003d30       ?getOperationName@SingleOperationObject@@QEAA?AVQString@@XZ 0000000140004d30 f i moc_workmodels.obj
 0001:00003d30       ?name@OperationParamObject@@QEBA?AVQString@@XZ 0000000140004d30 f i workmodels.obj
 0001:00003d30       ?getIpAddress@TargetMachineObject@@QEBA?AVQString@@XZ 0000000140004d30 f i environmentvariant.obj
 0001:00003d60       ?node_copy@?$QList@PEAVQObject@@@@AEAAXPEAUNode@1@00@Z 0000000140004d60 f i workmodels.obj
 0001:00003d60       ?node_copy@?$QList@H@@AEAAXPEAUNode@1@00@Z 0000000140004d60 f i workmodels.obj
 0001:00003d90       ?node_copy@?$QList@VOperationParamData@@@@AEAAXPEAUNode@1@00@Z 0000000140004d90 f i workmodels.obj
 0001:00003e10       ?node_copy@?$QList@VQString@@@@AEAAXPEAUNode@1@00@Z 0000000140004e10 f i workmodels.obj
 0001:00003e80       ?onCompleteSingleOperation@OperationParamSelector@@QEAAXXZ 0000000140004e80 f   workmodels.obj
 0001:000041b0       ?onMachineConfigChanged@TargetMachineObject@@QEAAXXZ 00000001400051b0 f   workmodels.obj
 0001:00004210       ?onSave@PlanSelector@@QEAAXXZ 0000000140005210 f   workmodels.obj
 0001:00004230       ?operationCurrentIndex@PlanSelector@@QEAAHXZ 0000000140005230 f   workmodels.obj
 0001:00004250       ?planListModel@PlanSelector@@QEAA?AVQStringList@@XZ 0000000140005250 f   workmodels.obj
 0001:00004280       ?removePlan@PlanSelector@@QEAAXH@Z 0000000140005280 f   workmodels.obj
 0001:000042a0       ?removeStep@PlanSelector@@QEAAXHH@Z 00000001400052a0 f   workmodels.obj
 0001:000042d0       ?resumePlan@PlanController@@QEAAXXZ 00000001400052d0 f   workmodels.obj
 0001:00004310       ?setPlanName@PlanSelector@@QEAAXHAEBVQString@@@Z 0000000140005310 f   workmodels.obj
 0001:00004340       ?setSelectedOperation@OperationParamSelector@@QEAAXH@Z 0000000140005340 f   workmodels.obj
 0001:000046c0       ?setSelectedOperation@PlanSelector@@QEAAXHHH@Z 00000001400056c0 f   workmodels.obj
 0001:00004b40       ?setSelectedStep@PlanSelector@@QEAAXHH@Z 0000000140005b40 f   workmodels.obj
 0001:00004ef0       ?startPlan@PlanController@@QEAAXHH@Z 0000000140005ef0 f   workmodels.obj
 0001:00004f30       ?stepListModel@PlanSelector@@QEAA?AVQStringList@@H@Z 0000000140005f30 f   workmodels.obj
 0001:00004f70       ?stopPlan@PlanController@@QEAAXXZ 0000000140005f70 f   workmodels.obj
 0001:00004f90       ??$qMakePair@VQString@@V?$QList@VSingleOperationData@@@@@@YA?AU?$QPair@VQString@@V?$QList@VSingleOperationData@@@@@@AEBVQString@@AEBV?$QList@VSingleOperationData@@@@@Z 0000000140005f90 f i configfilehandler.obj
 0001:00004fe0       ??0?$QList@VSingleOperationData@@@@QEAA@AEBV0@@Z 0000000140005fe0 f i configfilehandler.obj
 0001:00005070       ??0configFileHandler@@QEAA@PEAVQObject@@@Z 0000000140006070 f   configfilehandler.obj
 0001:000050b0       ??1?$QList@U?$QPair@VQString@@V?$QList@VSingleOperationData@@@@@@@@QEAA@XZ 00000001400060b0 f i configfilehandler.obj
 0001:00005110       ??1?$QList@VSingleOperationData@@@@QEAA@XZ 0000000140006110 f i configfilehandler.obj
 0001:00005170       ??1?$QMap@VQString@@V1@@@QEAA@XZ 0000000140006170 f i configfilehandler.obj
 0001:000051b0       ??1?$QMap@VQString@@VOperationParamData@@@@QEAA@XZ 00000001400061b0 f i configfilehandler.obj
 0001:000051f0       ??1?$QMap@VQString@@VQStringList@@@@QEAA@XZ 00000001400061f0 f i configfilehandler.obj
 0001:00005230       ??1?$QPair@VQString@@V?$QList@VSingleOperationData@@@@@@QEAA@XZ 0000000140006230 f i configfilehandler.obj
 0001:000052b0       ??1configFileHandler@@UEAA@XZ 00000001400062b0 f i configfilehandler.obj
 0001:000052e0       ??4?$QList@H@@QEAAAEAV0@$$QEAV0@@Z 00000001400062e0 f i configfilehandler.obj
 0001:00005340       ??4?$QList@U?$QPair@VQString@@V?$QList@VSingleOperationData@@@@@@@@QEAAAEAV0@$$QEAV0@@Z 0000000140006340 f i configfilehandler.obj
 0001:000053d0       ??4OperationParamData@@QEAAAEAV0@AEBV0@@Z 00000001400063d0 f i configfilehandler.obj
 0001:000054c0       ??A?$QMap@VQString@@V1@@@QEAAAEAVQString@@AEBV1@@Z 00000001400064c0 f i configfilehandler.obj
 0001:00005540       ??A?$QMap@VQString@@VOperationParamData@@@@QEAAAEAVOperationParamData@@AEBVQString@@@Z 0000000140006540 f i configfilehandler.obj
 0001:000056a0       ??A?$QMap@VQString@@VOperationParamData@@@@QEBA?BVOperationParamData@@AEBVQString@@@Z 00000001400066a0 f i configfilehandler.obj
 0001:000057e0       ??A?$QMap@VQString@@VQStringList@@@@QEAAAEAVQStringList@@AEBVQString@@@Z 00000001400067e0 f i configfilehandler.obj
 0001:000058c0       ??_GSingleOperationData@@QEAAPEAXI@Z 00000001400068c0 f i configfilehandler.obj
 0001:00005930       ??_EconfigFileHandler@@UEAAPEAXI@Z 0000000140006930 f i configfilehandler.obj
 0001:00005930       ??_GconfigFileHandler@@UEAAPEAXI@Z 0000000140006930 f i configfilehandler.obj
 0001:00005980       ?ParseHostIP@configFileHandler@@QEAA?AVQString@@XZ 0000000140006980 f   configfilehandler.obj
 0001:00005a50       ?ParseHostPort@configFileHandler@@QEAAFXZ 0000000140006a50 f   configfilehandler.obj
 0001:00005b20       ?ParseHostSingleOperationThreshold@configFileHandler@@QEAAHXZ 0000000140006b20 f   configfilehandler.obj
 0001:00005bf0       ?ParseListMap@configFileHandler@@QEAA?AV?$QMap@VQString@@VQStringList@@@@AEBVQString@@@Z 0000000140006bf0 f   configfilehandler.obj
 0001:00005ec0       ?ParseMap@configFileHandler@@QEAA?AV?$QMap@VQString@@V1@@@AEBVQString@@@Z 0000000140006ec0 f   configfilehandler.obj
 0001:000060f0       ?ParseMapRevertKeyValue@configFileHandler@@QEAA?AV?$QMap@VQString@@V1@@@AEBVQString@@@Z 00000001400070f0 f   configfilehandler.obj
 0001:00006330       ?ParseParamValue@configFileHandler@@QEAA?AV?$QMap@VQString@@VOperationParamData@@@@AEBVQString@@@Z 0000000140007330 f   configfilehandler.obj
 0001:00006fd0       ?ParsePlanList@configFileHandler@@QEAAXAEAV?$QList@U?$QPair@VQString@@V?$QList@VSingleOperationData@@@@@@@@AEBV?$QMap@VQString@@VOperationParamData@@@@@Z 0000000140007fd0 f   configfilehandler.obj
 0001:00007c40       ?SaveMachineConfig@configFileHandler@@QEAAXAEBVQString@@AEBVMachineConfigData@@@Z 0000000140008c40 f   configfilehandler.obj
 0001:00007f40       ?SavePlanList@configFileHandler@@QEAAXAEBVQString@@AEBV?$QList@U?$QPair@VQString@@V?$QList@VSingleOperationData@@@@@@@@AEBV?$QMap@VQString@@VQStringList@@@@@Z 0000000140008f40 f   configfilehandler.obj
 0001:000087d0       ?append@?$QList@H@@QEAAXAEBH@Z 00000001400097d0 f i configfilehandler.obj
 0001:00008820       ?append@?$QList@U?$QPair@VQString@@V?$QList@VSingleOperationData@@@@@@@@QEAAXAEBU?$QPair@VQString@@V?$QList@VSingleOperationData@@@@@@@Z 0000000140009820 f i configfilehandler.obj
 0001:000088c0       ?append@?$QList@VQString@@@@QEAAXAEBVQString@@@Z 00000001400098c0 f i configfilehandler.obj
 0001:00008940       ?append@?$QList@VSingleOperationData@@@@QEAAXAEBVSingleOperationData@@@Z 0000000140009940 f i configfilehandler.obj
 0001:000089b0       ?clear@?$QList@U?$QPair@VQString@@V?$QList@VSingleOperationData@@@@@@@@QEAAXXZ 00000001400099b0 f i configfilehandler.obj
 0001:00008a30       ?copy@?$QMapNode@VQString@@V1@@@QEBAPEAU1@PEAU?$QMapData@VQString@@V1@@@@Z 0000000140009a30 f i configfilehandler.obj
 0001:00008ae0       ?copy@?$QMapNode@VQString@@VOperationParamData@@@@QEBAPEAU1@PEAU?$QMapData@VQString@@VOperationParamData@@@@@Z 0000000140009ae0 f i configfilehandler.obj
 0001:00008b90       ?copy@?$QMapNode@VQString@@VQStringList@@@@QEBAPEAU1@PEAU?$QMapData@VQString@@VQStringList@@@@@Z 0000000140009b90 f i configfilehandler.obj
 0001:00008c40       ?createNode@?$QMapData@VQString@@V1@@@QEAAPEAU?$QMapNode@VQString@@V1@@@AEBVQString@@0PEAU2@_N@Z 0000000140009c40 f i configfilehandler.obj
 0001:00008cc0       ?createNode@?$QMapData@VQString@@VOperationParamData@@@@QEAAPEAU?$QMapNode@VQString@@VOperationParamData@@@@AEBVQString@@AEBVOperationParamData@@PEAU2@_N@Z 0000000140009cc0 f i configfilehandler.obj
 0001:00008d50       ?createNode@?$QMapData@VQString@@VQStringList@@@@QEAAPEAU?$QMapNode@VQString@@VQStringList@@@@AEBVQString@@AEBVQStringList@@PEAU2@_N@Z 0000000140009d50 f i configfilehandler.obj
 0001:00008de0       ?destroy@?$QMapData@VQString@@V1@@@QEAAXXZ 0000000140009de0 f i configfilehandler.obj
 0001:00008e50       ?destroy@?$QMapData@VQString@@VOperationParamData@@@@QEAAXXZ 0000000140009e50 f i configfilehandler.obj
 0001:00008ec0       ?destroy@?$QMapData@VQString@@VQStringList@@@@QEAAXXZ 0000000140009ec0 f i configfilehandler.obj
 0001:00008f30       ?destroySubTree@?$QMapNode@VQString@@V1@@@QEAAXXZ 0000000140009f30 f i configfilehandler.obj
 0001:00008f80       ?destroySubTree@?$QMapNode@VQString@@VOperationParamData@@@@QEAAXXZ 0000000140009f80 f i configfilehandler.obj
 0001:00008fc0       ?destroySubTree@?$QMapNode@VQString@@VQStringList@@@@QEAAXXZ 0000000140009fc0 f i configfilehandler.obj
 0001:00009000       ?detach_helper@?$QMap@VQString@@V1@@@AEAAXXZ 000000014000a000 f i configfilehandler.obj
 0001:00009080       ?detach_helper@?$QMap@VQString@@VOperationParamData@@@@AEAAXXZ 000000014000a080 f i configfilehandler.obj
 0001:00009100       ?detach_helper@?$QMap@VQString@@VQStringList@@@@AEAAXXZ 000000014000a100 f i configfilehandler.obj
 0001:00009180       ?detach_helper_grow@?$QList@H@@AEAAPEAUNode@1@HH@Z 000000014000a180 f i configfilehandler.obj
 0001:00009270       ?detach_helper_grow@?$QList@U?$QPair@VQString@@V?$QList@VSingleOperationData@@@@@@@@AEAAPEAUNode@1@HH@Z 000000014000a270 f i configfilehandler.obj
 0001:00009380       ?detach_helper_grow@?$QList@VQString@@@@AEAAPEAUNode@1@HH@Z 000000014000a380 f i configfilehandler.obj
 0001:000094a0       ?detach_helper_grow@?$QList@VSingleOperationData@@@@AEAAPEAUNode@1@HH@Z 000000014000a4a0 f i configfilehandler.obj
 0001:000095b0       ?findNode@?$QMapData@VQString@@VOperationParamData@@@@QEBAPEAU?$QMapNode@VQString@@VOperationParamData@@@@AEBVQString@@@Z 000000014000a5b0 f i configfilehandler.obj
 0001:000095b0       ?findNode@?$QMapData@VQString@@VQStringList@@@@QEBAPEAU?$QMapNode@VQString@@VQStringList@@@@AEBVQString@@@Z 000000014000a5b0 f i configfilehandler.obj
 0001:000095b0       ?findNode@?$QMapData@VQString@@V1@@@QEBAPEAU?$QMapNode@VQString@@V1@@@AEBVQString@@@Z 000000014000a5b0 f i configfilehandler.obj
 0001:00009630       ?insert@?$QMap@VQString@@V1@@@QEAA?AViterator@1@AEBVQString@@0@Z 000000014000a630 f i configfilehandler.obj
 0001:00009710       ?insert@?$QMap@VQString@@VOperationParamData@@@@QEAA?AViterator@1@AEBVQString@@AEBVOperationParamData@@@Z 000000014000a710 f i configfilehandler.obj
 0001:000097f0       ?insert@?$QMap@VQString@@VQStringList@@@@QEAA?AViterator@1@AEBVQString@@AEBVQStringList@@@Z 000000014000a7f0 f i configfilehandler.obj
 0001:000098d0       ?key@iterator@QJsonObject@@QEBA?AVQString@@XZ 000000014000a8d0 f i configfilehandler.obj
 0001:00009900       ?loadConfigFile@configFileHandler@@QEAA_NAEBVQString@@@Z 000000014000a900 f   configfilehandler.obj
 0001:00009a00       ?node_construct@?$QList@U?$QPair@VQString@@V?$QList@VSingleOperationData@@@@@@@@AEAAXPEAUNode@1@AEBU?$QPair@VQString@@V?$QList@VSingleOperationData@@@@@@@Z 000000014000aa00 f i configfilehandler.obj
 0001:00009a70       ?node_construct@?$QList@VSingleOperationData@@@@AEAAXPEAUNode@1@AEBVSingleOperationData@@@Z 000000014000aa70 f i configfilehandler.obj
 0001:00009ae0       ?node_copy@?$QList@U?$QPair@VQString@@V?$QList@VSingleOperationData@@@@@@@@AEAAXPEAUNode@1@00@Z 000000014000aae0 f i configfilehandler.obj
 0001:00009b70       ?node_copy@?$QList@VSingleOperationData@@@@AEAAXPEAUNode@1@00@Z 000000014000ab70 f i configfilehandler.obj
 0001:00009c10       ?node_destruct@?$QList@U?$QPair@VQString@@V?$QList@VSingleOperationData@@@@@@@@AEAAXPEAUNode@1@0@Z 000000014000ac10 f i configfilehandler.obj
 0001:00009cd0       ?node_destruct@?$QList@VSingleOperationData@@@@AEAAXPEAUNode@1@0@Z 000000014000acd0 f i configfilehandler.obj
 0001:00009d60       ?node_destruct@?$QList@VSingleOperationData@@@@AEAAXPEAUNode@1@@Z 000000014000ad60 f i configfilehandler.obj
 0001:00009dc0       ?toList@configFileHandler@@QEAA?AVQStringList@@AEBVQString@@@Z 000000014000adc0 f   configfilehandler.obj
 0001:00009e90       ?value@?$QMap@VQString@@VOperationParamData@@@@QEBA?BVOperationParamData@@AEBVQString@@AEBV2@@Z 000000014000ae90 f i configfilehandler.obj
 0001:00009ee0       ??0EnvironmentVariant@@AEAA@XZ 000000014000aee0 f i environmentvariant.obj
 0001:00009fc0       ??1?$QForeachContainer@$$CBV?$QList@VOperationParamData@@@@@@QEAA@XZ 000000014000afc0 f i environmentvariant.obj
 0001:0000a000       ??1?$QForeachContainer@$$CBV?$QList@VSingleOperationData@@@@@@QEAA@XZ 000000014000b000 f i environmentvariant.obj
 0001:0000a060       ??1QStringList@@QEAA@XZ    000000014000b060 f i main.obj
 0001:0000a060       ??1?$QForeachContainer@$$CBVQStringList@@@@QEAA@XZ 000000014000b060 f i environmentvariant.obj
 0001:0000a060       ??1?$QForeachContainer@VQStringList@@@@QEAA@XZ 000000014000b060 f i environmentvariant.obj
 0001:0000a070       ??4?$QList@VOperationParamData@@@@QEAAAEAV0@AEBV0@@Z 000000014000b070 f i environmentvariant.obj
 0001:0000a140       ??4?$QList@VSingleOperationData@@@@QEAAAEAV0@AEBV0@@Z 000000014000b140 f i environmentvariant.obj
 0001:0000a240       ??A?$QList@VQString@@@@QEAAAEAVQString@@H@Z 000000014000b240 f i environmentvariant.obj
 0001:0000a280       ??A?$QList@VSingleOperationData@@@@QEAAAEAVSingleOperationData@@H@Z 000000014000b280 f i environmentvariant.obj
 0001:0000a2c0       ??Y?$QList@VQString@@@@QEAAAEAV0@AEBV0@@Z 000000014000b2c0 f i environmentvariant.obj
 0001:0000a380       ??_ETargetMachineObject@@UEAAPEAXI@Z 000000014000b380 f i environmentvariant.obj
 0001:0000a380       ??_GTargetMachineObject@@UEAAPEAXI@Z 000000014000b380 f i environmentvariant.obj
 0001:0000a3d0       ?AddPlan@EnvironmentVariant@@QEAAXAEBVQString@@@Z 000000014000b3d0 f   environmentvariant.obj
 0001:0000a520       ?AddPlanStep@EnvironmentVariant@@QEAAXHHH@Z 000000014000b520 f   environmentvariant.obj
 0001:0000a700       ?LogicalControlList@EnvironmentVariant@@QEAA?AVQStringList@@XZ 000000014000b700 f   environmentvariant.obj
 0001:0000a9e0       ?MovePlanStep@EnvironmentVariant@@QEAAXHHH@Z 000000014000b9e0 f   environmentvariant.obj
 0001:0000ab20       ?OperationNameList@EnvironmentVariant@@QEAA?AVQStringList@@XZ 000000014000bb20 f   environmentvariant.obj
 0001:0000ae00       ?PlanList@EnvironmentVariant@@QEAA?AVQStringList@@XZ 000000014000be00 f   environmentvariant.obj
 0001:0000aeb0       ?RemovePlan@EnvironmentVariant@@QEAAXH@Z 000000014000beb0 f   environmentvariant.obj
 0001:0000aef0       ?RemovePlanStep@EnvironmentVariant@@QEAAXHH@Z 000000014000bef0 f   environmentvariant.obj
 0001:0000af70       ?SaveMachineConfig@EnvironmentVariant@@QEAAXAEBVMachineConfigData@@@Z 000000014000bf70 f   environmentvariant.obj
 0001:0000b030       ?SavePlan@EnvironmentVariant@@QEAAXXZ 000000014000c030 f   environmentvariant.obj
 0001:0000b090       ?SetPlanName@EnvironmentVariant@@QEAAXHAEBVQString@@@Z 000000014000c090 f   environmentvariant.obj
 0001:0000b100       ?SetPlanStepParam@EnvironmentVariant@@QEAAXHHAEBV?$QList@VOperationParamData@@@@@Z 000000014000c100 f   environmentvariant.obj
 0001:0000b1a0       ?SetPlanStepToDefault@EnvironmentVariant@@QEAAXHHH@Z 000000014000c1a0 f   environmentvariant.obj
 0001:0000b2d0       ?StartPlan@EnvironmentVariant@@QEAAXHH@Z 000000014000c2d0 f   environmentvariant.obj
 0001:0000bb30       ?StepList@EnvironmentVariant@@QEAA?AVQStringList@@H@Z 000000014000cb30 f   environmentvariant.obj
 0001:0000bd50       ?StopPlan@EnvironmentVariant@@QEAAXXZ 000000014000cd50 f   environmentvariant.obj
 0001:0000bd60       ?defaultValue@EnvironmentVariant@@QEAA?AVSingleOperationData@@AEBVQString@@@Z 000000014000cd60 f   environmentvariant.obj
 0001:0000bf90       ?detach_helper@?$QList@H@@AEAAXH@Z 000000014000cf90 f i environmentvariant.obj
 0001:0000c030       ?detach_helper@?$QList@U?$QPair@VQString@@V?$QList@VSingleOperationData@@@@@@@@AEAAXH@Z 000000014000d030 f i environmentvariant.obj
 0001:0000c0f0       ?detach_helper@?$QList@VOperationParamData@@@@AEAAXH@Z 000000014000d0f0 f i environmentvariant.obj
 0001:0000c190       ?detach_helper@?$QList@VQString@@@@AEAAXH@Z 000000014000d190 f i environmentvariant.obj
 0001:0000c260       ?detach_helper@?$QList@VSingleOperationData@@@@AEAAXH@Z 000000014000d260 f i environmentvariant.obj
 0001:0000c320       ?formatSingleOperationParam@EnvironmentVariant@@QEAA?AVQJsonObject@@AEBVSingleOperationData@@@Z 000000014000d320 f   environmentvariant.obj
 0001:0000c9e0       ?getOperationIndex@EnvironmentVariant@@QEAAHAEBVQString@@@Z 000000014000d9e0 f   environmentvariant.obj
 0001:0000ca70       ?getOperationParams@EnvironmentVariant@@QEAA?AV?$QList@VOperationParamData@@@@H@Z 000000014000da70 f   environmentvariant.obj
 0001:0000cbf0       ?initModels@EnvironmentVariant@@QEAAXPEAVQQmlContext@@@Z 000000014000dbf0 f   environmentvariant.obj
 0001:0000cc50       ?initProtocol@EnvironmentVariant@@QEAAXAEBVQString@@@Z 000000014000dc50 f   environmentvariant.obj
 0001:0000ccb0       ?initUserConfig@EnvironmentVariant@@QEAAXAEBVQString@@@Z 000000014000dcb0 f   environmentvariant.obj
 0001:0000cd90       ?insert@?$QList@VSingleOperationData@@@@QEAAXHAEBVSingleOperationData@@@Z 000000014000dd90 f i environmentvariant.obj
 0001:0000ce00       ?instance@EnvironmentVariant@@SAPEAV1@XZ 000000014000de00 f   environmentvariant.obj
 0001:0000ce40       ?parseConfigFile@EnvironmentVariant@@QEAAXAEBVQString@@@Z 000000014000de40 f   environmentvariant.obj
 0001:0000d660       ?planStepParam@EnvironmentVariant@@QEAA?AVSingleOperationData@@HH@Z 000000014000e660 f   environmentvariant.obj
 0001:0000dac0       ?removeAt@?$QList@U?$QPair@VQString@@V?$QList@VSingleOperationData@@@@@@@@QEAAXH@Z 000000014000eac0 f i environmentvariant.obj
 0001:0000db40       ?removeAt@?$QList@VSingleOperationData@@@@QEAAXH@Z 000000014000eb40 f i environmentvariant.obj
 0001:0000dba0       ?runTask@EnvironmentVariant@@QEAAXAEBVQJsonObject@@@Z 000000014000eba0 f   environmentvariant.obj
 0001:0000dc10       ?setIpAddress@TargetMachineObject@@QEAAXAEBVQString@@@Z 000000014000ec10 f i environmentvariant.obj
 0001:0000dc60       ??$atImpl@V?$QList@PEAVQObject@@@@@QSequentialIterableImpl@QtMetaTypePrivate@@SAPEBXPEBXH@Z 000000014000ec60 f i moc_workmodels.obj
 0001:0000dc60       ??$atImpl@V?$QList@H@@@QSequentialIterableImpl@QtMetaTypePrivate@@SAPEBXPEBXH@Z 000000014000ec60 f i moc_workmodels.obj
 0001:0000dc80       ??$getImpl@V?$QList@H@@@QSequentialIterableImpl@QtMetaTypePrivate@@SA?AUVariantData@1@PEBQEAXHI@Z 000000014000ec80 f i moc_workmodels.obj
 0001:0000dc80       ??$getImpl@V?$QList@PEAVQObject@@@@@QSequentialIterableImpl@QtMetaTypePrivate@@SA?AUVariantData@1@PEBQEAXHI@Z 000000014000ec80 f i moc_workmodels.obj
 0001:0000dca0       ??$moveToBeginImpl@V?$QList@PEAVQObject@@@@@QSequentialIterableImpl@QtMetaTypePrivate@@SAXPEBXPEAPEAX@Z 000000014000eca0 f i moc_workmodels.obj
 0001:0000dca0       ??$moveToBeginImpl@V?$QList@H@@@QSequentialIterableImpl@QtMetaTypePrivate@@SAXPEBXPEAPEAX@Z 000000014000eca0 f i moc_workmodels.obj
 0001:0000dce0       ??$moveToEndImpl@V?$QList@H@@@QSequentialIterableImpl@QtMetaTypePrivate@@SAXPEBXPEAPEAX@Z 000000014000ece0 f i moc_workmodels.obj
 0001:0000dce0       ??$moveToEndImpl@V?$QList@PEAVQObject@@@@@QSequentialIterableImpl@QtMetaTypePrivate@@SAXPEBXPEAPEAX@Z 000000014000ece0 f i moc_workmodels.obj
 0001:0000dd20       ??$sizeImpl@V?$QList@PEAVQObject@@@@@QSequentialIterableImpl@QtMetaTypePrivate@@SAHPEBX@Z 000000014000ed20 f i moc_workmodels.obj
 0001:0000dd20       ??$sizeImpl@V?$QList@H@@@QSequentialIterableImpl@QtMetaTypePrivate@@SAHPEBX@Z 000000014000ed20 f i moc_workmodels.obj
 0001:0000dd30       ??4?$QList@PEAVQObject@@@@QEAAAEAV0@AEBV0@@Z 000000014000ed30 f i moc_workmodels.obj
 0001:0000dda0       ??8?$QList@H@@QEBA_NAEBV0@@Z 000000014000eda0 f i moc_workmodels.obj
 0001:0000de10       ??8?$QList@PEAVQObject@@@@QEBA_NAEBV0@@Z 000000014000ee10 f i moc_workmodels.obj
 0001:0000de80       ??8?$QList@VQString@@@@QEBA_NAEBV0@@Z 000000014000ee80 f i moc_workmodels.obj
 0001:0000def0       ?Construct@?$QMetaTypeFunctionHelper@V?$QList@H@@$00@QtMetaTypePrivate@@SAPEAXPEAXPEBX@Z 000000014000eef0 f i moc_workmodels.obj
 0001:0000df40       ?Construct@?$QMetaTypeFunctionHelper@V?$QList@PEAVQObject@@@@$00@QtMetaTypePrivate@@SAPEAXPEAXPEBX@Z 000000014000ef40 f i moc_workmodels.obj
 0001:0000df90       ?Construct@?$QMetaTypeFunctionHelper@VQSequentialIterableImpl@QtMetaTypePrivate@@$00@QtMetaTypePrivate@@SAPEAXPEAXPEBX@Z 000000014000ef90 f i moc_workmodels.obj
 0001:0000e020       ?Destruct@?$QMetaTypeFunctionHelper@V?$QList@H@@$00@QtMetaTypePrivate@@SAXPEAX@Z 000000014000f020 f i moc_workmodels.obj
 0001:0000e060       ?Destruct@?$QMetaTypeFunctionHelper@V?$QList@PEAVQObject@@@@$00@QtMetaTypePrivate@@SAXPEAX@Z 000000014000f060 f i moc_workmodels.obj
 0001:0000e0a0       ?MachineConfigChanged@TargetMachineObject@@QEAAXXZ 000000014000f0a0 f   moc_workmodels.obj
 0001:0000e0c0       ?UnitChanged@OperationParamObject@@QEAAXXZ 000000014000f0c0 f   moc_workmodels.obj
 0001:0000e0e0       ?advance@?$IteratorOwnerCommon@Vconst_iterator@?$QList@PEAVQObject@@@@@QtMetaTypePrivate@@SAXPEAPEAXH@Z 000000014000f0e0 f i moc_workmodels.obj
 0001:0000e0e0       ?advance@?$IteratorOwnerCommon@Vconst_iterator@?$QList@H@@@QtMetaTypePrivate@@SAXPEAPEAXH@Z 000000014000f0e0 f i moc_workmodels.obj
 0001:0000e0f0       ?assign@?$IteratorOwnerCommon@Vconst_iterator@?$QList@H@@@QtMetaTypePrivate@@SAXPEAPEAXPEBQEAX@Z 000000014000f0f0 f i moc_workmodels.obj
 0001:0000e0f0       ?assign@?$IteratorOwnerCommon@Vconst_iterator@?$QList@PEAVQObject@@@@@QtMetaTypePrivate@@SAXPEAPEAXPEBQEAX@Z 000000014000f0f0 f i moc_workmodels.obj
 0001:0000e130       ?boolValueChanged@OperationParamObject@@QEAAXXZ 000000014000f130 f   moc_workmodels.obj
 0001:0000e150       ?convert@?$ConverterFunctor@V?$QList@H@@VQSequentialIterableImpl@QtMetaTypePrivate@@U?$QSequentialIterableConvertFunctor@V?$QList@H@@@3@@QtPrivate@@SA_NPEBUAbstractConverterFunction@2@PEBXPEAX@Z 000000014000f150 f i moc_workmodels.obj
 0001:0000e230       ?convert@?$ConverterFunctor@V?$QList@PEAVQObject@@@@VQSequentialIterableImpl@QtMetaTypePrivate@@U?$QSequentialIterableConvertFunctor@V?$QList@PEAVQObject@@@@@3@@QtPrivate@@SA_NPEBUAbstractConverterFunction@2@PEBXPEAX@Z 000000014000f230 f i moc_workmodels.obj
 0001:0000e310       ?currentIndexChanged@OperationParamSelector@@QEAAXXZ 000000014000f310 f   moc_workmodels.obj
 0001:0000e330       ?destroy@?$IteratorOwnerCommon@Vconst_iterator@?$QList@PEAVQObject@@@@@QtMetaTypePrivate@@SAXPEAPEAX@Z 000000014000f330 f i moc_workmodels.obj
 0001:0000e330       ?destroy@?$IteratorOwnerCommon@Vconst_iterator@?$QList@H@@@QtMetaTypePrivate@@SAXPEAPEAX@Z 000000014000f330 f i moc_workmodels.obj
 0001:0000e340       ?display@OperationParamObject@@QEBA?AVQString@@XZ 000000014000f340 f i moc_workmodels.obj
 0001:0000e370       ?displayChanged@OperationParamObject@@QEAAXXZ 000000014000f370 f   moc_workmodels.obj
 0001:0000e390       ?equal@?$IteratorOwnerCommon@Vconst_iterator@?$QList@H@@@QtMetaTypePrivate@@SA_NPEBQEAX0@Z 000000014000f390 f i moc_workmodels.obj
 0001:0000e390       ?equal@?$IteratorOwnerCommon@Vconst_iterator@?$QList@PEAVQObject@@@@@QtMetaTypePrivate@@SA_NPEBQEAX0@Z 000000014000f390 f i moc_workmodels.obj
 0001:0000e3a0       ?floatValueChanged@OperationParamObject@@QEAAXXZ 000000014000f3a0 f   moc_workmodels.obj
 0001:0000e3c0       ?getParamListModel@PlanSelector@@QEAA?AV?$QList@PEAVQObject@@@@XZ 000000014000f3c0 f i moc_workmodels.obj
 0001:0000e3f0       ?getParamModel@OperationParamSelector@@QEAA?AV?$QList@PEAVQObject@@@@XZ 000000014000f3f0 f i moc_workmodels.obj
 0001:0000e420       ?intListValue@OperationParamObject@@QEAA?AV?$QList@H@@XZ 000000014000f420 f i moc_workmodels.obj
 0001:0000e450       ?intListValueChanged@OperationParamObject@@QEAAXXZ 000000014000f450 f   moc_workmodels.obj
 0001:0000e470       ?integerValueChanged@OperationParamObject@@QEAAXXZ 000000014000f470 f   moc_workmodels.obj
 0001:0000e490       ?metaObject@OperationParamObject@@UEBAPEBUQMetaObject@@XZ 000000014000f490 f   moc_workmodels.obj
 0001:0000e4b0       ?metaObject@OperationParamSelector@@UEBAPEBUQMetaObject@@XZ 000000014000f4b0 f   moc_workmodels.obj
 0001:0000e4d0       ?metaObject@PlanController@@UEBAPEBUQMetaObject@@XZ 000000014000f4d0 f   moc_workmodels.obj
 0001:0000e4f0       ?metaObject@PlanSelector@@UEBAPEBUQMetaObject@@XZ 000000014000f4f0 f   moc_workmodels.obj
 0001:0000e510       ?metaObject@StatusViewWatcher@@UEBAPEBUQMetaObject@@XZ 000000014000f510 f   moc_workmodels.obj
 0001:0000e530       ?metaObject@TargetMachineObject@@UEBAPEBUQMetaObject@@XZ 000000014000f530 f   moc_workmodels.obj
 0001:0000e550       ?nameChanged@OperationParamObject@@QEAAXXZ 000000014000f550 f   moc_workmodels.obj
 0001:0000e570       ?op_eq_impl@?$QList@H@@AEBA_NAEBV1@UNotArrayCompatibleLayout@QListData@@@Z 000000014000f570 f i moc_workmodels.obj
 0001:0000e5f0       ?op_eq_impl@?$QList@PEAVQObject@@@@AEBA_NAEBV1@UArrayCompatibleLayout@QListData@@@Z 000000014000f5f0 f i moc_workmodels.obj
 0001:0000e670       ?op_eq_impl@?$QList@VQString@@@@AEBA_NAEBV1@UArrayCompatibleLayout@QListData@@@Z 000000014000f670 f i moc_workmodels.obj
 0001:0000e700       ?operationListModel@PlanSelector@@QEAA?AVQStringList@@XZ 000000014000f700 f i moc_workmodels.obj
 0001:0000e730       ?operationModel@OperationParamSelector@@QEAA?AVQStringList@@XZ 000000014000f730 f i moc_workmodels.obj
 0001:0000e760       ?operationNameChanged@SingleOperationObject@@QEAAXXZ 000000014000f760 f   moc_workmodels.obj
 0001:0000e780       ?pageNameChanged@OperationParamSelector@@QEAAXXZ 000000014000f780 f   moc_workmodels.obj
 0001:0000e7a0       ?paramListModelChanged@PlanSelector@@QEAAXXZ 000000014000f7a0 f   moc_workmodels.obj
 0001:0000e7c0       ?paramModelChanged@OperationParamSelector@@QEAAXXZ 000000014000f7c0 f   moc_workmodels.obj
 0001:0000e7e0       ?qt_metacall@OperationParamObject@@UEAAHW4Call@QMetaObject@@HPEAPEAX@Z 000000014000f7e0 f   moc_workmodels.obj
 0001:0000e880       ?qt_metacall@OperationParamSelector@@UEAAHW4Call@QMetaObject@@HPEAPEAX@Z 000000014000f880 f   moc_workmodels.obj
 0001:0000e930       ?qt_metacall@PlanController@@UEAAHW4Call@QMetaObject@@HPEAPEAX@Z 000000014000f930 f   moc_workmodels.obj
 0001:0000e9a0       ?qt_metacall@PlanSelector@@UEAAHW4Call@QMetaObject@@HPEAPEAX@Z 000000014000f9a0 f   moc_workmodels.obj
 0001:0000ea50       ?qt_metacall@StatusViewWatcher@@UEAAHW4Call@QMetaObject@@HPEAPEAX@Z 000000014000fa50 f   moc_workmodels.obj
 0001:0000eac0       ?qt_metacall@TargetMachineObject@@UEAAHW4Call@QMetaObject@@HPEAPEAX@Z 000000014000fac0 f   moc_workmodels.obj
 0001:0000eb70       ?qt_metacast@OperationParamObject@@UEAAPEAXPEBD@Z 000000014000fb70 f   moc_workmodels.obj
 0001:0000ec10       ?qt_metacast@OperationParamSelector@@UEAAPEAXPEBD@Z 000000014000fc10 f   moc_workmodels.obj
 0001:0000ec60       ?qt_metacast@PlanController@@UEAAPEAXPEBD@Z 000000014000fc60 f   moc_workmodels.obj
 0001:0000ecb0       ?qt_metacast@PlanSelector@@UEAAPEAXPEBD@Z 000000014000fcb0 f   moc_workmodels.obj
 0001:0000ed00       ?qt_metacast@StatusViewWatcher@@UEAAPEAXPEBD@Z 000000014000fd00 f   moc_workmodels.obj
 0001:0000ed50       ?qt_metacast@TargetMachineObject@@UEAAPEAXPEBD@Z 000000014000fd50 f   moc_workmodels.obj
 0001:0000edf0       ?qt_metatype_id@?$QMetaTypeId@V?$QList@H@@@@SAHXZ 000000014000fdf0 f i moc_workmodels.obj
 0001:0000ef10       ?qt_metatype_id@?$QMetaTypeId@V?$QList@PEAVQObject@@@@@@SAHXZ 000000014000ff10 f i moc_workmodels.obj
 0001:0000efa0       ?qt_metatype_id@?$QMetaTypeId@VQSequentialIterableImpl@QtMetaTypePrivate@@@@SAHXZ 000000014000ffa0 f i moc_workmodels.obj
 0001:0000f020       ?qt_static_metacall@OperationParamObject@@CAXPEAVQObject@@W4Call@QMetaObject@@HPEAPEAX@Z 0000000140010020 f   moc_workmodels.obj
 0001:0000f640       ?qt_static_metacall@OperationParamSelector@@CAXPEAVQObject@@W4Call@QMetaObject@@HPEAPEAX@Z 0000000140010640 f   moc_workmodels.obj
 0001:0000f8a0       ?qt_static_metacall@PlanController@@CAXPEAVQObject@@W4Call@QMetaObject@@HPEAPEAX@Z 00000001400108a0 f   moc_workmodels.obj
 0001:0000f960       ?qt_static_metacall@PlanSelector@@CAXPEAVQObject@@W4Call@QMetaObject@@HPEAPEAX@Z 0000000140010960 f   moc_workmodels.obj
 0001:0000fd90       ?qt_static_metacall@SingleOperationObject@@CAXPEAVQObject@@W4Call@QMetaObject@@HPEAPEAX@Z 0000000140010d90 f   moc_workmodels.obj
 0001:0000fe40       ?qt_static_metacall@StatusViewWatcher@@CAXPEAVQObject@@W4Call@QMetaObject@@HPEAPEAX@Z 0000000140010e40 f   moc_workmodels.obj
 0001:0000fea0       ?qt_static_metacall@TargetMachineObject@@CAXPEAVQObject@@W4Call@QMetaObject@@HPEAPEAX@Z 0000000140010ea0 f   moc_workmodels.obj
 0001:0000ffb0       ?registerConverter@?$ValueTypeIsMetaType@V?$QList@H@@$00@QtPrivate@@SA_NH@Z 0000000140010fb0 f i moc_workmodels.obj
 0001:00010060       ?registerConverter@?$ValueTypeIsMetaType@V?$QList@PEAVQObject@@@@$00@QtPrivate@@SA_NH@Z 0000000140011060 f i moc_workmodels.obj
 0001:00010110       ?setDisplay@OperationParamObject@@QEAAXAEBVQString@@@Z 0000000140011110 f i moc_workmodels.obj
 0001:00010170       ?setFloatValue@OperationParamObject@@QEAAXN@Z 0000000140011170 f i moc_workmodels.obj
 0001:000101b0       ?setIntListValue@OperationParamObject@@QEAAXAEBV?$QList@H@@@Z 00000001400111b0 f i moc_workmodels.obj
 0001:00010210       ?setName@OperationParamObject@@QEAAXAEBVQString@@@Z 0000000140011210 f i moc_workmodels.obj
 0001:00010270       ?setOperationName@SingleOperationObject@@QEAAXAEBVQString@@@Z 0000000140011270 f i moc_workmodels.obj
 0001:000102d0       ?setParamListModel@PlanSelector@@QEAAXAEBV?$QList@PEAVQObject@@@@@Z 00000001400112d0 f i moc_workmodels.obj
 0001:00010330       ?setParamModel@OperationParamSelector@@QEAAXAEBV?$QList@PEAVQObject@@@@@Z 0000000140011330 f i moc_workmodels.obj
 0001:00010390       ?setStringValue@OperationParamObject@@QEAAXAEBVQString@@@Z 0000000140011390 f i moc_workmodels.obj
 0001:000103f0       ?setStringlistValue@OperationParamObject@@QEAAXAEBVQStringList@@@Z 00000001400113f0 f i moc_workmodels.obj
 0001:00010450       ?setSwitchValue@OperationParamObject@@QEAAXAEBVQString@@@Z 0000000140011450 f i moc_workmodels.obj
 0001:000104b0       ?setUnit@OperationParamObject@@QEAAXAEBVQString@@@Z 00000001400114b0 f i moc_workmodels.obj
 0001:00010510       ?settype@OperationParamObject@@QEAAXAEBVQString@@@Z 0000000140011510 f i moc_workmodels.obj
 0001:00010570       ?statusChanged@StatusViewWatcher@@QEAAXAEBVQJsonObject@@@Z 0000000140011570 f   moc_workmodels.obj
 0001:000105a0       ?stringListValue@OperationParamObject@@QEBA?AVQStringList@@XZ 00000001400115a0 f i moc_workmodels.obj
 0001:000105d0       ?stringValue@OperationParamObject@@QEBA?AVQString@@XZ 00000001400115d0 f i moc_workmodels.obj
 0001:00010600       ?stringValueChanged@OperationParamObject@@QEAAXXZ 0000000140011600 f   moc_workmodels.obj
 0001:00010620       ?stringlistValueChanged@OperationParamObject@@QEAAXXZ 0000000140011620 f   moc_workmodels.obj
 0001:00010640       ?switchValue@OperationParamObject@@QEBA?AVQString@@XZ 0000000140011640 f i moc_workmodels.obj
 0001:00010670       ?switchValueChanged@OperationParamObject@@QEAAXXZ 0000000140011670 f   moc_workmodels.obj
 0001:00010690       ?taskStateChanged@PlanController@@QEAAX_N@Z 0000000140011690 f   moc_workmodels.obj
 0001:000106d0       ?type@OperationParamObject@@QEBA?AVQString@@XZ 00000001400116d0 f i moc_workmodels.obj
 0001:00010700       ?typeChanged@OperationParamObject@@QEAAXXZ 0000000140011700 f   moc_workmodels.obj
 0001:00010720       ?unit@OperationParamObject@@QEBA?AVQString@@XZ 0000000140011720 f i moc_workmodels.obj
 0001:00010750       ?metaObject@configFileHandler@@UEBAPEBUQMetaObject@@XZ 0000000140011750 f   moc_configfilehandler.obj
 0001:00010770       ?qt_metacall@configFileHandler@@UEAAHW4Call@QMetaObject@@HPEAPEAX@Z 0000000140011770 f   moc_configfilehandler.obj
 0001:00010780       ?qt_metacast@configFileHandler@@UEAAPEAXPEBD@Z 0000000140011780 f   moc_configfilehandler.obj
 0001:000107c8       MiniDumpWriteDump          00000001400117c8 f   DbgHelp:dbghelp.dll
 0001:000107ce       ?childEvent@QObject@@MEAAXPEAVQChildEvent@@@Z 00000001400117ce f   Qt5Core:Qt5Core.dll
 0001:000107d4       ?connectNotify@QObject@@MEAAXAEBVQMetaMethod@@@Z 00000001400117d4 f   Qt5Core:Qt5Core.dll
 0001:000107da       ?customEvent@QObject@@MEAAXPEAVQEvent@@@Z 00000001400117da f   Qt5Core:Qt5Core.dll
 0001:000107e0       ?disconnectNotify@QObject@@MEAAXAEBVQMetaMethod@@@Z 00000001400117e0 f   Qt5Core:Qt5Core.dll
 0001:000107e6       ?event@QObject@@UEAA_NPEAVQEvent@@@Z 00000001400117e6 f   Qt5Core:Qt5Core.dll
 0001:000107ec       ?eventFilter@QObject@@UEAA_NPEAV1@PEAVQEvent@@@Z 00000001400117ec f   Qt5Core:Qt5Core.dll
 0001:000107f2       ?timerEvent@QObject@@MEAAXPEAVQTimerEvent@@@Z 00000001400117f2 f   Qt5Core:Qt5Core.dll
 0001:000107f8       ?qRegisterResourceData@@YA_NHPEBE00@Z 00000001400117f8 f   Qt5Core:Qt5Core.dll
 0001:000107fe       ?qUnregisterResourceData@@YA_NHPEBE00@Z 00000001400117fe f   Qt5Core:Qt5Core.dll
 0001:00010804       ??2@YAPEAX_K@Z             0000000140011804 f   MSVCRT:new_scalar.obj
 0001:00010840       ??_Etype_info@@UEAAPEAXI@Z 0000000140011840 f i MSVCRT:std_type_info_static.obj
 0001:00010840       ??_Gtype_info@@UEAAPEAXI@Z 0000000140011840 f i MSVCRT:std_type_info_static.obj
 0001:0001086c       __scrt_acquire_startup_lock 000000014001186c f   MSVCRT:utility.obj
 0001:000108a8       __scrt_initialize_crt      00000001400118a8 f   MSVCRT:utility.obj
 0001:000108f4       __scrt_initialize_onexit_tables 00000001400118f4 f   MSVCRT:utility.obj
 0001:000109c0       __scrt_is_nonwritable_in_current_image 00000001400119c0 f   MSVCRT:utility.obj
 0001:00010a5c       __scrt_release_startup_lock 0000000140011a5c f   MSVCRT:utility.obj
 0001:00010a80       __scrt_uninitialize_crt    0000000140011a80 f   MSVCRT:utility.obj
 0001:00010aac       _onexit                    0000000140011aac f   MSVCRT:utility.obj
 0001:00010afc       atexit                     0000000140011afc f   MSVCRT:utility.obj
 0001:00010c5c       _Init_thread_footer        0000000140011c5c f   MSVCRT:thread_safe_statics.obj
 0001:00010cbc       _Init_thread_header        0000000140011cbc f   MSVCRT:thread_safe_statics.obj
 0001:00010d24       _Init_thread_notify        0000000140011d24 f   MSVCRT:thread_safe_statics.obj
 0001:00010d80       _Init_thread_wait          0000000140011d80 f   MSVCRT:thread_safe_statics.obj
 0001:0001106c       WinMainCRTStartup          000000014001206c f   MSVCRT:exe_winmain.obj
 0001:00011080       ??0bad_alloc@std@@QEAA@AEBV01@@Z 0000000140012080 f i MSVCRT:throw_bad_alloc.obj
 0001:000110c0       ??0bad_alloc@std@@QEAA@XZ  00000001400120c0 f i MSVCRT:throw_bad_alloc.obj
 0001:000110e0       ??0bad_array_new_length@std@@QEAA@AEBV01@@Z 00000001400120e0 f i MSVCRT:throw_bad_alloc.obj
 0001:00011120       ??0bad_array_new_length@std@@QEAA@XZ 0000000140012120 f i MSVCRT:throw_bad_alloc.obj
 0001:00011140       ??0exception@std@@QEAA@AEBV01@@Z 0000000140012140 f i MSVCRT:throw_bad_alloc.obj
 0001:00011178       ??1bad_array_new_length@std@@UEAA@XZ 0000000140012178 f i MSVCRT:throw_bad_alloc.obj
 0001:00011178       ??1bad_alloc@std@@UEAA@XZ  0000000140012178 f i MSVCRT:throw_bad_alloc.obj
 0001:0001118c       ??_Gexception@std@@UEAAPEAXI@Z 000000014001218c f i MSVCRT:throw_bad_alloc.obj
 0001:0001118c       ??_Ebad_array_new_length@std@@UEAAPEAXI@Z 000000014001218c f i MSVCRT:throw_bad_alloc.obj
 0001:0001118c       ??_Eexception@std@@UEAAPEAXI@Z 000000014001218c f i MSVCRT:throw_bad_alloc.obj
 0001:0001118c       ??_Gbad_alloc@std@@UEAAPEAXI@Z 000000014001218c f i MSVCRT:throw_bad_alloc.obj
 0001:0001118c       ??_Ebad_alloc@std@@UEAAPEAXI@Z 000000014001218c f i MSVCRT:throw_bad_alloc.obj
 0001:0001118c       ??_Gbad_array_new_length@std@@UEAAPEAXI@Z 000000014001218c f i MSVCRT:throw_bad_alloc.obj
 0001:000111d0       ?__scrt_throw_std_bad_alloc@@YAXXZ 00000001400121d0 f   MSVCRT:throw_bad_alloc.obj
 0001:000111f0       ?__scrt_throw_std_bad_array_new_length@@YAXXZ 00000001400121f0 f   MSVCRT:throw_bad_alloc.obj
 0001:00011210       ?what@exception@std@@UEBAPEBDXZ 0000000140012210 f i MSVCRT:throw_bad_alloc.obj
 0001:00011224       ??3@YAXPEAX@Z              0000000140012224 f   MSVCRT:delete_scalar.obj
 0001:0001122c       __isa_available_init       000000014001222c f   MSVCRT:_cpu_disp_.obj
 0001:000113f4       _get_startup_argv_mode     00000001400123f4 f   MSVCRT:argv_mode.obj
 0001:000113fc       __scrt_is_ucrt_dll_in_use  00000001400123fc f   MSVCRT:ucrt_detection.obj
 0001:00011408       __scrt_fastfail            0000000140012408 f   MSVCRT:utility_desktop.obj
 0001:00011550       __scrt_get_show_window_mode 0000000140012550 f   MSVCRT:utility_desktop.obj
 0001:0001158c       _matherr                   000000014001258c f   MSVCRT:matherr.obj
 0001:0001158c       _get_startup_new_mode      000000014001258c f   MSVCRT:new_mode.obj
 0001:0001158c       _get_startup_commit_mode   000000014001258c f   MSVCRT:commit_mode.obj
 0001:0001158c       _get_startup_thread_locale_mode 000000014001258c f   MSVCRT:thread_locale.obj
 0001:0001158c       __scrt_initialize_winrt    000000014001258c f   MSVCRT:utility_desktop.obj
 0001:00011590       __scrt_is_managed_app      0000000140012590 f   MSVCRT:utility_desktop.obj
 0001:000115e4       __scrt_set_unhandled_exception_filter 00000001400125e4 f   MSVCRT:utility_desktop.obj
 0001:000115f4       __scrt_unhandled_exception_filter 00000001400125f4 f   MSVCRT:utility_desktop.obj
 0001:0001162c       _guard_check_icall         000000014001262c f i MSVCRT:checkcfg.obj
 0001:00011634       __security_init_cookie     0000000140012634 f   MSVCRT:gs_support.obj
 0001:000116e0       _get_startup_file_mode     00000001400126e0 f   MSVCRT:file_mode.obj
 0001:000116e8       ?__scrt_initialize_type_info@@YAXXZ 00000001400126e8 f   MSVCRT:tncleanup.obj
 0001:000116f8       _guard_check_icall_nop     00000001400126f8 f   MSVCRT:guard_support.obj
 0001:000116f8       _initialize_denormal_control 00000001400126f8 f   MSVCRT:denormal_control.obj
 0001:000116f8       _initialize_invalid_parameter_handler 00000001400126f8 f   MSVCRT:invalid_parameter_handler.obj
 0001:000116fc       __local_stdio_printf_options 00000001400126fc f i MSVCRT:default_local_stdio_options.obj
 0001:00011704       __local_stdio_scanf_options 0000000140012704 f i MSVCRT:default_local_stdio_options.obj
 0001:0001170c       __scrt_initialize_default_local_stdio_options 000000014001270c f   MSVCRT:default_local_stdio_options.obj
 0001:00011728       __scrt_is_user_matherr_present 0000000140012728 f   MSVCRT:matherr_detection.obj
 0001:00011734       __scrt_get_dyn_tls_init_callback 0000000140012734 f   MSVCRT:dyn_tls_init.obj
 0001:0001173c       __scrt_get_dyn_tls_dtor_callback 000000014001273c f   MSVCRT:dyn_tls_dtor.obj
 0001:00011744       _RTC_Initialize            0000000140012744 f   MSVCRT:_initsect_.obj
 0001:00011790       _RTC_Terminate             0000000140012790 f   MSVCRT:_initsect_.obj
 0001:000117e0       IsProcessorFeaturePresent  00000001400127e0 f   kernel32:KERNEL32.dll
 0001:000117e6       __std_terminate            00000001400127e6 f   vcruntime:VCRUNTIME140.dll
 0001:000117ec       __CxxFrameHandler3         00000001400127ec f   vcruntime:VCRUNTIME140.dll
 0001:000117f2       memcpy                     00000001400127f2 f   vcruntime:VCRUNTIME140.dll
 0001:000117f8       _CxxThrowException         00000001400127f8 f   vcruntime:VCRUNTIME140.dll
 0001:000117fe       __RTDynamicCast            00000001400127fe f   vcruntime:VCRUNTIME140.dll
 0001:00011804       memcmp                     0000000140012804 f   vcruntime:VCRUNTIME140.dll
 0001:0001180a       __C_specific_handler       000000014001280a f   vcruntime:VCRUNTIME140.dll
 0001:00011810       __vcrt_InitializeCriticalSectionEx 0000000140012810 f   vcruntime:VCRUNTIME140.dll
 0001:00011816       __std_exception_copy       0000000140012816 f   vcruntime:VCRUNTIME140.dll
 0001:0001181c       __std_exception_destroy    000000014001281c f   vcruntime:VCRUNTIME140.dll
 0001:00011822       memset                     0000000140012822 f   vcruntime:VCRUNTIME140.dll
 0001:00011828       free                       0000000140012828 f   ucrt:api-ms-win-crt-heap-l1-1-0.dll
 0001:0001182e       malloc                     000000014001282e f   ucrt:api-ms-win-crt-heap-l1-1-0.dll
 0001:00011834       strcmp                     0000000140012834 f   ucrt:api-ms-win-crt-string-l1-1-0.dll
 0001:0001183a       _callnewh                  000000014001283a f   ucrt:api-ms-win-crt-heap-l1-1-0.dll
 0001:00011840       _configure_narrow_argv     0000000140012840 f   ucrt:api-ms-win-crt-runtime-l1-1-0.dll
 0001:00011846       _initialize_narrow_environment 0000000140012846 f   ucrt:api-ms-win-crt-runtime-l1-1-0.dll
 0001:0001184c       _initialize_onexit_table   000000014001284c f   ucrt:api-ms-win-crt-runtime-l1-1-0.dll
 0001:00011852       _register_onexit_function  0000000140012852 f   ucrt:api-ms-win-crt-runtime-l1-1-0.dll
 0001:00011858       _crt_atexit                0000000140012858 f   ucrt:api-ms-win-crt-runtime-l1-1-0.dll
 0001:0001185e       _cexit                     000000014001285e f   ucrt:api-ms-win-crt-runtime-l1-1-0.dll
 0001:00011864       _seh_filter_exe            0000000140012864 f   ucrt:api-ms-win-crt-runtime-l1-1-0.dll
 0001:0001186a       _set_app_type              000000014001286a f   ucrt:api-ms-win-crt-runtime-l1-1-0.dll
 0001:00011870       __setusermatherr           0000000140012870 f   ucrt:api-ms-win-crt-math-l1-1-0.dll
 0001:00011876       _get_narrow_winmain_command_line 0000000140012876 f   ucrt:api-ms-win-crt-runtime-l1-1-0.dll
 0001:0001187c       _initterm                  000000014001287c f   ucrt:api-ms-win-crt-runtime-l1-1-0.dll
 0001:00011882       _initterm_e                0000000140012882 f   ucrt:api-ms-win-crt-runtime-l1-1-0.dll
 0001:00011888       exit                       0000000140012888 f   ucrt:api-ms-win-crt-runtime-l1-1-0.dll
 0001:0001188e       _exit                      000000014001288e f   ucrt:api-ms-win-crt-runtime-l1-1-0.dll
 0001:00011894       _set_fmode                 0000000140012894 f   ucrt:api-ms-win-crt-stdio-l1-1-0.dll
 0001:0001189a       _c_exit                    000000014001289a f   ucrt:api-ms-win-crt-runtime-l1-1-0.dll
 0001:000118a0       _register_thread_local_exe_atexit_callback 00000001400128a0 f   ucrt:api-ms-win-crt-runtime-l1-1-0.dll
 0001:000118a6       _configthreadlocale        00000001400128a6 f   ucrt:api-ms-win-crt-locale-l1-1-0.dll
 0001:000118ac       _set_new_mode              00000001400128ac f   ucrt:api-ms-win-crt-heap-l1-1-0.dll
 0001:000118b2       __p__commode               00000001400128b2 f   ucrt:api-ms-win-crt-stdio-l1-1-0.dll
 0001:000118b8       terminate                  00000001400128b8 f   ucrt:api-ms-win-crt-runtime-l1-1-0.dll
 0001:000118c0       WinMain                    00000001400128c0 f   qtmain:qtmain_win.obj
 0001:00011a60       ??_U@YAPEAX_K@Z            0000000140012a60 f   MSVCRT:new_array.obj
 0001:00011a68       ??3@YAXPEAX_K@Z            0000000140012a68 f   MSVCRT:delete_scalar_size.obj
 0001:00011a68       ??_V@YAXPEAX@Z             0000000140012a68 f   MSVCRT:delete_array.obj
 0001:00011a70       __acrt_initialize          0000000140012a70 f   MSVCRT:ucrt_stubs.obj
 0001:00011a70       __vcrt_uninitialize        0000000140012a70 f   MSVCRT:ucrt_stubs.obj
 0001:00011a70       __acrt_uninitialize        0000000140012a70 f   MSVCRT:ucrt_stubs.obj
 0001:00011a70       __scrt_stub_for_acrt_uninitialize 0000000140012a70 f   MSVCRT:ucrt_stubs.obj
 0001:00011a70       _should_initialize_environment 0000000140012a70 f   MSVCRT:env_mode.obj
 0001:00011a70       __vcrt_initialize          0000000140012a70 f   MSVCRT:ucrt_stubs.obj
 0001:00011a70       __scrt_stub_for_acrt_initialize 0000000140012a70 f   MSVCRT:ucrt_stubs.obj
 0001:00011a90       _guard_dispatch_icall_nop  0000000140012a90 f   MSVCRT:_guard_dispatch_.obj
 0001:000138b0       ??__Ff@?4??registerConverter@?$ValueTypeIsMetaType@V?$QList@H@@$00@QtPrivate@@SA_NH@Z@YAXXZ 00000001400148b0 f i moc_workmodels.obj
 0001:000138e0       ??__Ff@?4??registerConverter@?$ValueTypeIsMetaType@V?$QList@PEAVQObject@@@@$00@QtPrivate@@SA_NH@Z@YAXXZ 00000001400148e0 f i moc_workmodels.obj
 0002:00000000       __imp_WideCharToMultiByte  0000000140015000     kernel32:KERNEL32.dll
 0002:00000008       __imp_LocalFree            0000000140015008     kernel32:KERNEL32.dll
 0002:00000010       __imp_GetCommandLineW      0000000140015010     kernel32:KERNEL32.dll
 0002:00000018       __imp_InitializeSListHead  0000000140015018     kernel32:KERNEL32.dll
 0002:00000020       __imp_GetSystemTimeAsFileTime 0000000140015020     kernel32:KERNEL32.dll
 0002:00000028       __imp_QueryPerformanceCounter 0000000140015028     kernel32:KERNEL32.dll
 0002:00000030       __imp_IsProcessorFeaturePresent 0000000140015030     kernel32:KERNEL32.dll
 0002:00000038       __imp_GetStartupInfoW      0000000140015038     kernel32:KERNEL32.dll
 0002:00000040       __imp_UnhandledExceptionFilter 0000000140015040     kernel32:KERNEL32.dll
 0002:00000048       __imp_IsDebuggerPresent    0000000140015048     kernel32:KERNEL32.dll
 0002:00000050       __imp_RtlVirtualUnwind     0000000140015050     kernel32:KERNEL32.dll
 0002:00000058       __imp_RtlLookupFunctionEntry 0000000140015058     kernel32:KERNEL32.dll
 0002:00000060       __imp_RtlCaptureContext    0000000140015060     kernel32:KERNEL32.dll
 0002:00000068       __imp_GetProcAddress       0000000140015068     kernel32:KERNEL32.dll
 0002:00000070       __imp_GetModuleHandleW     0000000140015070     kernel32:KERNEL32.dll
 0002:00000078       __imp_CreateEventW         0000000140015078     kernel32:KERNEL32.dll
 0002:00000080       __imp_WaitForSingleObjectEx 0000000140015080     kernel32:KERNEL32.dll
 0002:00000088       __imp_ResetEvent           0000000140015088     kernel32:KERNEL32.dll
 0002:00000090       __imp_SetEvent             0000000140015090     kernel32:KERNEL32.dll
 0002:00000098       __imp_DeleteCriticalSection 0000000140015098     kernel32:KERNEL32.dll
 0002:000000a0       __imp_LeaveCriticalSection 00000001400150a0     kernel32:KERNEL32.dll
 0002:000000a8       __imp_EnterCriticalSection 00000001400150a8     kernel32:KERNEL32.dll
 0002:000000b0       __imp_GetCurrentThreadId   00000001400150b0     kernel32:KERNEL32.dll
 0002:000000b8       __imp_GetCurrentProcessId  00000001400150b8     kernel32:KERNEL32.dll
 0002:000000c0       __imp_GetCurrentProcess    00000001400150c0     kernel32:KERNEL32.dll
 0002:000000c8       __imp_SetUnhandledExceptionFilter 00000001400150c8     kernel32:KERNEL32.dll
 0002:000000d0       __imp_CloseHandle          00000001400150d0     kernel32:KERNEL32.dll
 0002:000000d8       __imp_CreateFileW          00000001400150d8     kernel32:KERNEL32.dll
 0002:000000e0       \177KERNEL32_NULL_THUNK_DATA 00000001400150e0     kernel32:KERNEL32.dll
 0002:000000e8       __imp_?staticMetaObject@QObject@@2UQMetaObject@@B 00000001400150e8     Qt5Core:Qt5Core.dll
 0002:000000f0       __imp_?qt_metacall@QObject@@UEAAHW4Call@QMetaObject@@HPEAPEAX@Z 00000001400150f0     Qt5Core:Qt5Core.dll
 0002:000000f8       __imp_?qBadAlloc@@YAXXZ    00000001400150f8     Qt5Core:Qt5Core.dll
 0002:00000100       __imp_??0QMessageLogger@@QEAA@PEBDH0@Z 0000000140015100     Qt5Core:Qt5Core.dll
 0002:00000108       __imp_?debug@QMessageLogger@@QEBA?AVQDebug@@XZ 0000000140015108     Qt5Core:Qt5Core.dll
 0002:00000110       __imp_?qInstallMessageHandler@@YAP6AXW4QtMsgType@@AEBVQMessageLogContext@@AEBVQString@@@ZP6AX012@Z@Z 0000000140015110     Qt5Core:Qt5Core.dll
 0002:00000118       __imp_??0QChar@@QEAA@UQLatin1Char@@@Z 0000000140015118     Qt5Core:Qt5Core.dll
 0002:00000120       __imp_??0QByteArray@@QEAA@XZ 0000000140015120     Qt5Core:Qt5Core.dll
 0002:00000128       __imp_??0QByteArray@@QEAA@PEBDH@Z 0000000140015128     Qt5Core:Qt5Core.dll
 0002:00000130       __imp_??1QByteArray@@QEAA@XZ 0000000140015130     Qt5Core:Qt5Core.dll
 0002:00000138       __imp_?reserve@QByteArray@@QEAAXH@Z 0000000140015138     Qt5Core:Qt5Core.dll
 0002:00000140       __imp_?append@QByteArray@@QEAAAEAV1@D@Z 0000000140015140     Qt5Core:Qt5Core.dll
 0002:00000148       __imp_?append@QByteArray@@QEAAAEAV1@PEBD@Z 0000000140015148     Qt5Core:Qt5Core.dll
 0002:00000150       __imp_??0QString@@QEAA@XZ  0000000140015150     Qt5Core:Qt5Core.dll
 0002:00000158       __imp_??1QString@@QEAA@XZ  0000000140015158     Qt5Core:Qt5Core.dll
 0002:00000160       __imp_??4QString@@QEAAAEAV0@$$QEAV0@@Z 0000000140015160     Qt5Core:Qt5Core.dll
 0002:00000168       __imp_?arg@QString@@QEBA?AV1@AEBV1@HVQChar@@@Z 0000000140015168     Qt5Core:Qt5Core.dll
 0002:00000170       __imp_?fromWCharArray@QString@@SA?AV1@PEB_WH@Z 0000000140015170     Qt5Core:Qt5Core.dll
 0002:00000178       __imp_?fromAscii_helper@QString@@CAPEAU?$QTypedArrayData@G@@PEBDH@Z 0000000140015178     Qt5Core:Qt5Core.dll
 0002:00000180       __imp_?className@QMetaObject@@QEBAPEBDXZ 0000000140015180     Qt5Core:Qt5Core.dll
 0002:00000188       __imp_??1Connection@QMetaObject@@QEAA@XZ 0000000140015188     Qt5Core:Qt5Core.dll
 0002:00000190       __imp_?dispose@QListData@@SAXPEAUData@1@@Z 0000000140015190     Qt5Core:Qt5Core.dll
 0002:00000198       __imp_?registerNormalizedType@QMetaType@@SAHAEBVQByteArray@@P6AXPEAX@ZP6APEAX1PEBX@ZHV?$QFlags@W4TypeFlag@QMetaType@@@@PEBUQMetaObject@@@Z 0000000140015198     Qt5Core:Qt5Core.dll
 0002:000001a0       __imp_?registerNormalizedTypedef@QMetaType@@SAHAEBVQByteArray@@H@Z 00000001400151a0     Qt5Core:Qt5Core.dll
 0002:000001a8       __imp_??0QObject@@QEAA@PEAV0@@Z 00000001400151a8     Qt5Core:Qt5Core.dll
 0002:000001b0       __imp_??1QObject@@UEAA@XZ  00000001400151b0     Qt5Core:Qt5Core.dll
 0002:000001b8       __imp_?connectImpl@QObject@@CA?AVConnection@QMetaObject@@PEBV1@PEAPEAX01PEAVQSlotObjectBase@QtPrivate@@W4ConnectionType@Qt@@PEBHPEBU3@@Z 00000001400151b8     Qt5Core:Qt5Core.dll
 0002:000001c0       __imp_?setApplicationName@QCoreApplication@@SAXAEBVQString@@@Z 00000001400151c0     Qt5Core:Qt5Core.dll
 0002:000001c8       __imp_?installTranslator@QCoreApplication@@SA_NPEAVQTranslator@@@Z 00000001400151c8     Qt5Core:Qt5Core.dll
 0002:000001d0       __imp_?quit@QCoreApplication@@SAXXZ 00000001400151d0     Qt5Core:Qt5Core.dll
 0002:000001d8       __imp_??0QUrl@@QEAA@AEBVQString@@W4ParsingMode@0@@Z 00000001400151d8     Qt5Core:Qt5Core.dll
 0002:000001e0       __imp_??1QUrl@@QEAA@XZ     00000001400151e0     Qt5Core:Qt5Core.dll
 0002:000001e8       __imp_??0QFile@@QEAA@AEBVQString@@@Z 00000001400151e8     Qt5Core:Qt5Core.dll
 0002:000001f0       __imp_??1QFile@@UEAA@XZ    00000001400151f0     Qt5Core:Qt5Core.dll
 0002:000001f8       __imp_?open@QFile@@UEAA_NV?$QFlags@W4OpenModeFlag@QIODevice@@@@@Z 00000001400151f8     Qt5Core:Qt5Core.dll
 0002:00000200       __imp_??0QTextStream@@QEAA@PEAVQIODevice@@@Z 0000000140015200     Qt5Core:Qt5Core.dll
 0002:00000208       __imp_??1QTextStream@@UEAA@XZ 0000000140015208     Qt5Core:Qt5Core.dll
 0002:00000210       __imp_??6QTextStream@@QEAAAEAV0@AEBVQString@@@Z 0000000140015210     Qt5Core:Qt5Core.dll
 0002:00000218       __imp_?endl@@YAAEAVQTextStream@@AEAV1@@Z 0000000140015218     Qt5Core:Qt5Core.dll
 0002:00000220       __imp_??1QDebug@@QEAA@XZ   0000000140015220     Qt5Core:Qt5Core.dll
 0002:00000228       __imp_??6QDebug@@QEAAAEAV0@AEBVQString@@@Z 0000000140015228     Qt5Core:Qt5Core.dll
 0002:00000230       __imp_??0QTranslator@@QEAA@PEAVQObject@@@Z 0000000140015230     Qt5Core:Qt5Core.dll
 0002:00000238       __imp_??1QTranslator@@UEAA@XZ 0000000140015238     Qt5Core:Qt5Core.dll
 0002:00000240       __imp_?load@QTranslator@@QEAA_NAEBVQString@@000@Z 0000000140015240     Qt5Core:Qt5Core.dll
 0002:00000248       __imp_?currentPath@QDir@@SA?AVQString@@XZ 0000000140015248     Qt5Core:Qt5Core.dll
 0002:00000250       __imp_?childEvent@QObject@@MEAAXPEAVQChildEvent@@@Z 0000000140015250     Qt5Core:Qt5Core.dll
 0002:00000258       __imp_?connectNotify@QObject@@MEAAXAEBVQMetaMethod@@@Z 0000000140015258     Qt5Core:Qt5Core.dll
 0002:00000260       __imp_?customEvent@QObject@@MEAAXPEAVQEvent@@@Z 0000000140015260     Qt5Core:Qt5Core.dll
 0002:00000268       __imp_?disconnectNotify@QObject@@MEAAXAEBVQMetaMethod@@@Z 0000000140015268     Qt5Core:Qt5Core.dll
 0002:00000270       __imp_?event@QObject@@UEAA_NPEAVQEvent@@@Z 0000000140015270     Qt5Core:Qt5Core.dll
 0002:00000278       __imp_?eventFilter@QObject@@UEAA_NPEAV1@PEAVQEvent@@@Z 0000000140015278     Qt5Core:Qt5Core.dll
 0002:00000280       __imp_?timerEvent@QObject@@MEAAXPEAVQTimerEvent@@@Z 0000000140015280     Qt5Core:Qt5Core.dll
 0002:00000288       __imp_?shared_null@QListData@@2UData@1@B 0000000140015288     Qt5Core:Qt5Core.dll
 0002:00000290       __imp_?cast@QMetaObject@@QEBAPEAVQObject@@PEAV2@@Z 0000000140015290     Qt5Core:Qt5Core.dll
 0002:00000298       __imp_??0QString@@QEAA@AEBV0@@Z 0000000140015298     Qt5Core:Qt5Core.dll
 0002:000002a0       __imp_??4QString@@QEAAAEAV0@AEBV0@@Z 00000001400152a0     Qt5Core:Qt5Core.dll
 0002:000002a8       __imp_??8@YA_NAEBVQString@@0@Z 00000001400152a8     Qt5Core:Qt5Core.dll
 0002:000002b0       __imp_??8QString@@QEBA_NPEBD@Z 00000001400152b0     Qt5Core:Qt5Core.dll
 0002:000002b8       __imp_?detach@QListData@@QEAAPEAUData@1@H@Z 00000001400152b8     Qt5Core:Qt5Core.dll
 0002:000002c0       __imp_?detach_grow@QListData@@QEAAPEAUData@1@PEAHH@Z 00000001400152c0     Qt5Core:Qt5Core.dll
 0002:000002c8       __imp_?append@QListData@@QEAAPEAPEAXXZ 00000001400152c8     Qt5Core:Qt5Core.dll
 0002:000002d0       __imp_?size@QListData@@QEBAHXZ 00000001400152d0     Qt5Core:Qt5Core.dll
 0002:000002d8       __imp_?at@QListData@@QEBAPEAPEAXH@Z 00000001400152d8     Qt5Core:Qt5Core.dll
 0002:000002e0       __imp_?begin@QListData@@QEBAPEAPEAXXZ 00000001400152e0     Qt5Core:Qt5Core.dll
 0002:000002e8       __imp_?end@QListData@@QEBAPEAPEAXXZ 00000001400152e8     Qt5Core:Qt5Core.dll
 0002:000002f0       __imp_?installEventFilter@QObject@@QEAAXPEAV1@@Z 00000001400152f0     Qt5Core:Qt5Core.dll
 0002:000002f8       __imp_?removeEventFilter@QObject@@QEAAXPEAV1@@Z 00000001400152f8     Qt5Core:Qt5Core.dll
 0002:00000300       __imp_??1QJsonObject@@QEAA@XZ 0000000140015300     Qt5Core:Qt5Core.dll
 0002:00000308       __imp_?self@QCoreApplication@@0PEAV1@EA 0000000140015308     Qt5Core:Qt5Core.dll
 0002:00000310       __imp_?warning@QMessageLogger@@QEBAXPEBDZZ 0000000140015310     Qt5Core:Qt5Core.dll
 0002:00000318       __imp_?fatal@QMessageLogger@@QEBAXPEBDZZ 0000000140015318     Qt5Core:Qt5Core.dll
 0002:00000320       __imp_?number@QString@@SA?AV1@HH@Z 0000000140015320     Qt5Core:Qt5Core.dll
 0002:00000328       __imp_?number@QString@@SA?AV1@NDH@Z 0000000140015328     Qt5Core:Qt5Core.dll
 0002:00000330       __imp_??M@YA_NAEBVQString@@0@Z 0000000140015330     Qt5Core:Qt5Core.dll
 0002:00000338       __imp_??0QJsonValue@@QEAA@_N@Z 0000000140015338     Qt5Core:Qt5Core.dll
 0002:00000340       __imp_??0QJsonValue@@QEAA@N@Z 0000000140015340     Qt5Core:Qt5Core.dll
 0002:00000348       __imp_??0QJsonValue@@QEAA@H@Z 0000000140015348     Qt5Core:Qt5Core.dll
 0002:00000350       __imp_??0QJsonValue@@QEAA@AEBVQString@@@Z 0000000140015350     Qt5Core:Qt5Core.dll
 0002:00000358       __imp_??0QJsonValue@@QEAA@AEBVQJsonArray@@@Z 0000000140015358     Qt5Core:Qt5Core.dll
 0002:00000360       __imp_??0QJsonValue@@QEAA@AEBVQJsonObject@@@Z 0000000140015360     Qt5Core:Qt5Core.dll
 0002:00000368       __imp_??1QJsonValue@@QEAA@XZ 0000000140015368     Qt5Core:Qt5Core.dll
 0002:00000370       __imp_??0QJsonValue@@QEAA@AEBV0@@Z 0000000140015370     Qt5Core:Qt5Core.dll
 0002:00000378       __imp_?toBool@QJsonValue@@QEBA_N_N@Z 0000000140015378     Qt5Core:Qt5Core.dll
 0002:00000380       __imp_?toInt@QJsonValue@@QEBAHH@Z 0000000140015380     Qt5Core:Qt5Core.dll
 0002:00000388       __imp_?toDouble@QJsonValue@@QEBANN@Z 0000000140015388     Qt5Core:Qt5Core.dll
 0002:00000390       __imp_?toObject@QJsonValue@@QEBA?AVQJsonObject@@XZ 0000000140015390     Qt5Core:Qt5Core.dll
 0002:00000398       __imp_??BQJsonValueRef@@QEBA?AVQJsonValue@@XZ 0000000140015398     Qt5Core:Qt5Core.dll
 0002:000003a0       __imp_??4QJsonValueRef@@QEAAAEAV0@AEBVQJsonValue@@@Z 00000001400153a0     Qt5Core:Qt5Core.dll
 0002:000003a8       __imp_?toString@QJsonValueRef@@QEBA?AVQString@@XZ 00000001400153a8     Qt5Core:Qt5Core.dll
 0002:000003b0       __imp_?toArray@QJsonValueRef@@QEBA?AVQJsonArray@@XZ 00000001400153b0     Qt5Core:Qt5Core.dll
 0002:000003b8       __imp_?toObject@QJsonValueRef@@QEBA?AVQJsonObject@@XZ 00000001400153b8     Qt5Core:Qt5Core.dll
 0002:000003c0       __imp_?toValue@QJsonValueRef@@AEBA?AVQJsonValue@@XZ 00000001400153c0     Qt5Core:Qt5Core.dll
 0002:000003c8       __imp_??0QJsonObject@@QEAA@XZ 00000001400153c8     Qt5Core:Qt5Core.dll
 0002:000003d0       __imp_??4QJsonObject@@QEAAAEAV0@AEBV0@@Z 00000001400153d0     Qt5Core:Qt5Core.dll
 0002:000003d8       __imp_??AQJsonObject@@QEAA?AVQJsonValueRef@@AEBVQString@@@Z 00000001400153d8     Qt5Core:Qt5Core.dll
 0002:000003e0       __imp_?remove@QJsonObject@@QEAAXAEBVQString@@@Z 00000001400153e0     Qt5Core:Qt5Core.dll
 0002:000003e8       __imp_?begin@QJsonObject@@QEAA?AViterator@1@XZ 00000001400153e8     Qt5Core:Qt5Core.dll
 0002:000003f0       __imp_?end@QJsonObject@@QEAA?AViterator@1@XZ 00000001400153f0     Qt5Core:Qt5Core.dll
 0002:000003f8       __imp_?keyAt@QJsonObject@@AEBA?AVQString@@H@Z 00000001400153f8     Qt5Core:Qt5Core.dll
 0002:00000400       __imp_?freeNodeAndRebalance@QMapDataBase@@QEAAXPEAUQMapNodeBase@@@Z 0000000140015400     Qt5Core:Qt5Core.dll
 0002:00000408       __imp_?recalcMostLeftNode@QMapDataBase@@QEAAXXZ 0000000140015408     Qt5Core:Qt5Core.dll
 0002:00000410       __imp_?createNode@QMapDataBase@@QEAAPEAUQMapNodeBase@@HHPEAU2@_N@Z 0000000140015410     Qt5Core:Qt5Core.dll
 0002:00000418       __imp_?freeTree@QMapDataBase@@QEAAXPEAUQMapNodeBase@@H@Z 0000000140015418     Qt5Core:Qt5Core.dll
 0002:00000420       __imp_?createData@QMapDataBase@@SAPEAU1@XZ 0000000140015420     Qt5Core:Qt5Core.dll
 0002:00000428       __imp_?freeData@QMapDataBase@@SAXPEAU1@@Z 0000000140015428     Qt5Core:Qt5Core.dll
 0002:00000430       __imp_?readAll@QIODevice@@QEAA?AVQByteArray@@XZ 0000000140015430     Qt5Core:Qt5Core.dll
 0002:00000438       __imp_?write@QIODevice@@QEAA_JAEBVQByteArray@@@Z 0000000140015438     Qt5Core:Qt5Core.dll
 0002:00000440       __imp_?close@QFileDevice@@UEAAXXZ 0000000140015440     Qt5Core:Qt5Core.dll
 0002:00000448       __imp_?resize@QFile@@SA_NAEBVQString@@_J@Z 0000000140015448     Qt5Core:Qt5Core.dll
 0002:00000450       __imp_??0QJsonDocument@@QEAA@AEBVQJsonObject@@@Z 0000000140015450     Qt5Core:Qt5Core.dll
 0002:00000458       __imp_??1QJsonDocument@@QEAA@XZ 0000000140015458     Qt5Core:Qt5Core.dll
 0002:00000460       __imp_?fromJson@QJsonDocument@@SA?AV1@AEBVQByteArray@@PEAUQJsonParseError@@@Z 0000000140015460     Qt5Core:Qt5Core.dll
 0002:00000468       __imp_?toJson@QJsonDocument@@QEBA?AVQByteArray@@XZ 0000000140015468     Qt5Core:Qt5Core.dll
 0002:00000470       __imp_?object@QJsonDocument@@QEBA?AVQJsonObject@@XZ 0000000140015470     Qt5Core:Qt5Core.dll
 0002:00000478       __imp_??0QJsonArray@@QEAA@XZ 0000000140015478     Qt5Core:Qt5Core.dll
 0002:00000480       __imp_??1QJsonArray@@QEAA@XZ 0000000140015480     Qt5Core:Qt5Core.dll
 0002:00000488       __imp_?size@QJsonArray@@QEBAHXZ 0000000140015488     Qt5Core:Qt5Core.dll
 0002:00000490       __imp_?append@QJsonArray@@QEAAXAEBVQJsonValue@@@Z 0000000140015490     Qt5Core:Qt5Core.dll
 0002:00000498       __imp_??AQJsonArray@@QEAA?AVQJsonValueRef@@H@Z 0000000140015498     Qt5Core:Qt5Core.dll
 0002:000004a0       __imp_?begin@QJsonArray@@QEAA?AViterator@1@XZ 00000001400154a0     Qt5Core:Qt5Core.dll
 0002:000004a8       __imp_?end@QJsonArray@@QEAA?AViterator@1@XZ 00000001400154a8     Qt5Core:Qt5Core.dll
 0002:000004b0       __imp_?shared_null@QMapDataBase@@2U1@B 00000001400154b0     Qt5Core:Qt5Core.dll
 0002:000004b8       __imp_??0QString@@QEAA@$$QEAV0@@Z 00000001400154b8     Qt5Core:Qt5Core.dll
 0002:000004c0       __imp_?append@QListData@@QEAAPEAPEAXAEBU1@@Z 00000001400154c0     Qt5Core:Qt5Core.dll
 0002:000004c8       __imp_?insert@QListData@@QEAAPEAPEAXH@Z 00000001400154c8     Qt5Core:Qt5Core.dll
 0002:000004d0       __imp_?remove@QListData@@QEAAXH@Z 00000001400154d0     Qt5Core:Qt5Core.dll
 0002:000004d8       __imp_?isEmpty@QListData@@QEBA_NXZ 00000001400154d8     Qt5Core:Qt5Core.dll
 0002:000004e0       __imp_?nextNode@QMapNodeBase@@QEBAPEBU1@XZ 00000001400154e0     Qt5Core:Qt5Core.dll
 0002:000004e8       __imp_?qRegisterResourceData@@YA_NHPEBE00@Z 00000001400154e8     Qt5Core:Qt5Core.dll
 0002:000004f0       __imp_?qUnregisterResourceData@@YA_NHPEBE00@Z 00000001400154f0     Qt5Core:Qt5Core.dll
 0002:000004f8       __imp_?normalizedType@QMetaObject@@SA?AVQByteArray@@PEBD@Z 00000001400154f8     Qt5Core:Qt5Core.dll
 0002:00000500       __imp_?activate@QMetaObject@@SAXPEAVQObject@@PEBU1@HPEAPEAX@Z 0000000140015500     Qt5Core:Qt5Core.dll
 0002:00000508       __imp_?endsWith@QByteArray@@QEBA_ND@Z 0000000140015508     Qt5Core:Qt5Core.dll
 0002:00000510       __imp_?append@QByteArray@@QEAAAEAV1@PEBDH@Z 0000000140015510     Qt5Core:Qt5Core.dll
 0002:00000518       __imp_?typeName@QMetaType@@SAPEBDH@Z 0000000140015518     Qt5Core:Qt5Core.dll
 0002:00000520       __imp_?hasRegisteredConverterFunction@QMetaType@@SA_NHH@Z 0000000140015520     Qt5Core:Qt5Core.dll
 0002:00000528       __imp_?registerConverterFunction@QMetaType@@SA_NPEBUAbstractConverterFunction@QtPrivate@@HH@Z 0000000140015528     Qt5Core:Qt5Core.dll
 0002:00000530       __imp_?unregisterConverterFunction@QMetaType@@SAXHH@Z 0000000140015530     Qt5Core:Qt5Core.dll
 0002:00000538       __imp_?dynamicMetaObject@QObjectData@@QEBAPEAUQMetaObject@@XZ 0000000140015538     Qt5Core:Qt5Core.dll
 0002:00000540       __imp_?qt_metacast@QObject@@UEAAPEAXPEBD@Z 0000000140015540     Qt5Core:Qt5Core.dll
 0002:00000548       \177Qt5Core_NULL_THUNK_DATA 0000000140015548     Qt5Core:Qt5Core.dll
[...]
 0004:00000d8c       $pdata$?setSwitchValue@OperationParamObject@@QEAAXAEBVQString@@@Z 0000000140340d8c     moc_workmodels.obj
 0004:00000d98       $pdata$?setUnit@OperationParamObject@@QEAAXAEBVQString@@@Z 0000000140340d98     moc_workmodels.obj
 0004:00000da4       $pdata$?settype@OperationParamObject@@QEAAXAEBVQString@@@Z 0000000140340da4     moc_workmodels.obj
 0004:00000db0       $pdata$?statusChanged@StatusViewWatcher@@QEAAXAEBVQJsonObject@@@Z 0000000140340db0     moc_workmodels.obj
 0004:00000dbc       $pdata$?stringListValue@OperationParamObject@@QEBA?AVQStringList@@XZ 0000000140340dbc     moc_workmodels.obj
 0004:00000dc8       $pdata$?stringValue@OperationParamObject@@QEBA?AVQString@@XZ 0000000140340dc8     moc_workmodels.obj
 0004:00000dd4       $pdata$?switchValue@OperationParamObject@@QEBA?AVQString@@XZ 0000000140340dd4     moc_workmodels.obj
 0004:00000de0       $pdata$?taskStateChanged@PlanController@@QEAAX_N@Z 0000000140340de0     moc_workmodels.obj
 0004:00000dec       $pdata$?type@OperationParamObject@@QEBA?AVQString@@XZ 0000000140340dec     moc_workmodels.obj
 0004:00000df8       $pdata$?unit@OperationParamObject@@QEBA?AVQString@@XZ 0000000140340df8     moc_workmodels.obj
 0004:00000e04       $pdata$??2@YAPEAX_K@Z      0000000140340e04     MSVCRT:new_scalar.obj
 0004:00000e10       $pdata$??_Gtype_info@@UEAAPEAXI@Z 0000000140340e10     MSVCRT:std_type_info_static.obj
 0004:00000e1c       $pdata$__scrt_acquire_startup_lock 0000000140340e1c     MSVCRT:utility.obj
 0004:00000e28       $pdata$__scrt_initialize_crt 0000000140340e28     MSVCRT:utility.obj
 0004:00000e34       $pdata$__scrt_initialize_onexit_tables 0000000140340e34     MSVCRT:utility.obj
 0004:00000e40       $pdata$__scrt_is_nonwritable_in_current_image 0000000140340e40     MSVCRT:utility.obj
 0004:00000e4c       $pdata$__scrt_release_startup_lock 0000000140340e4c     MSVCRT:utility.obj
 0004:00000e58       $pdata$__scrt_uninitialize_crt 0000000140340e58     MSVCRT:utility.obj
 0004:00000e64       $pdata$_onexit             0000000140340e64     MSVCRT:utility.obj
 0004:00000e70       $pdata$atexit              0000000140340e70     MSVCRT:utility.obj
 0004:00000e7c       $pdata$?__scrt_initialize_thread_safe_statics@@YAHXZ 0000000140340e7c     MSVCRT:thread_safe_statics.obj
 0004:00000e88       $pdata$?__scrt_uninitialize_thread_safe_statics@@YAXXZ 0000000140340e88     MSVCRT:thread_safe_statics.obj
 0004:00000e94       $pdata$_Init_thread_footer 0000000140340e94     MSVCRT:thread_safe_statics.obj
 0004:00000ea0       $pdata$_Init_thread_header 0000000140340ea0     MSVCRT:thread_safe_statics.obj
 0004:00000eac       $pdata$_Init_thread_notify 0000000140340eac     MSVCRT:thread_safe_statics.obj
 0004:00000eb8       $pdata$_Init_thread_wait   0000000140340eb8     MSVCRT:thread_safe_statics.obj
 0004:00000ec4       $pdata$?pre_c_initialization@@YAHXZ 0000000140340ec4     MSVCRT:exe_winmain.obj
 0004:00000ed0       $pdata$?post_pgo_initialization@@YAHXZ 0000000140340ed0     MSVCRT:exe_winmain.obj
 0004:00000edc       $pdata$?pre_cpp_initialization@@YAXXZ 0000000140340edc     MSVCRT:exe_winmain.obj
 0004:00000ee8       $pdata$?__scrt_common_main_seh@@YAHXZ 0000000140340ee8     MSVCRT:exe_winmain.obj
 0004:00000ef4       $pdata$WinMainCRTStartup   0000000140340ef4     MSVCRT:exe_winmain.obj
 0004:00000f00       $pdata$??0bad_alloc@std@@QEAA@AEBV01@@Z 0000000140340f00     MSVCRT:throw_bad_alloc.obj
 0004:00000f0c       $pdata$??0bad_array_new_length@std@@QEAA@AEBV01@@Z 0000000140340f0c     MSVCRT:throw_bad_alloc.obj
 0004:00000f18       $pdata$??0exception@std@@QEAA@AEBV01@@Z 0000000140340f18     MSVCRT:throw_bad_alloc.obj
 0004:00000f24       $pdata$??_Gexception@std@@UEAAPEAXI@Z 0000000140340f24     MSVCRT:throw_bad_alloc.obj
 0004:00000f24       $pdata$??_Gbad_array_new_length@std@@UEAAPEAXI@Z 0000000140340f24     MSVCRT:throw_bad_alloc.obj
 0004:00000f24       $pdata$??_Gbad_alloc@std@@UEAAPEAXI@Z 0000000140340f24     MSVCRT:throw_bad_alloc.obj
 0004:00000f30       $pdata$?__scrt_throw_std_bad_alloc@@YAXXZ 0000000140340f30     MSVCRT:throw_bad_alloc.obj
 0004:00000f3c       $pdata$?__scrt_throw_std_bad_array_new_length@@YAXXZ 0000000140340f3c     MSVCRT:throw_bad_alloc.obj
 0004:00000f48       $pdata$__isa_available_init 0000000140340f48     MSVCRT:_cpu_disp_.obj
 0004:00000f54       $pdata$__scrt_fastfail     0000000140340f54     MSVCRT:utility_desktop.obj
 0004:00000f60       $pdata$__scrt_get_show_window_mode 0000000140340f60     MSVCRT:utility_desktop.obj
 0004:00000f6c       $pdata$__scrt_is_managed_app 0000000140340f6c     MSVCRT:utility_desktop.obj
 0004:00000f78       $pdata$__scrt_unhandled_exception_filter 0000000140340f78     MSVCRT:utility_desktop.obj
 0004:00000f84       $pdata$__security_init_cookie 0000000140340f84     MSVCRT:gs_support.obj
 0004:00000f90       $pdata$__scrt_initialize_default_local_stdio_options 0000000140340f90     MSVCRT:default_local_stdio_options.obj
 0004:00000f9c       $pdata$_RTC_Initialize     0000000140340f9c     MSVCRT:_initsect_.obj
 0004:00000fa8       $pdata$_RTC_Terminate      0000000140340fa8     MSVCRT:_initsect_.obj
 0004:00000fb4       $pdata$WinMain             0000000140340fb4     qtmain:qtmain_win.obj
 0004:00000fc0       $pdata$5$WinMain           0000000140340fc0     qtmain:qtmain_win.obj
 0004:00000fcc       $pdata$6$WinMain           0000000140340fcc     qtmain:qtmain_win.obj
 0004:00000fe4       $pdata$?catch$5@?0???0?$QList@H@@QEAA@AEBV0@@Z@4HA 0000000140340fe4     workmodels.obj
 0004:00000ff0       $pdata$?catch$5@?0???0?$QList@PEAVQObject@@@@QEAA@AEBV0@@Z@4HA 0000000140340ff0     workmodels.obj
 0004:00000ffc       $pdata$?catch$5@?0???0?$QList@VOperationParamData@@@@QEAA@AEBV0@@Z@4HA 0000000140340ffc     workmodels.obj
 0004:00001008       $pdata$?catch$5@?0???0?$QList@VQString@@@@QEAA@AEBV0@@Z@4HA 0000000140341008     workmodels.obj
 0004:00001014       $pdata$?catch$3@?0??append@?$QList@PEAVQObject@@@@QEAAXAEBQEAVQObject@@@Z@4HA 0000000140341014     workmodels.obj
 0004:00001020       $pdata$?catch$4@?0??append@?$QList@PEAVQObject@@@@QEAAXAEBQEAVQObject@@@Z@4HA 0000000140341020     workmodels.obj
 0004:0000102c       $pdata$?dtor$3@?0??append@?$QList@VOperationParamData@@@@QEAAXAEBVOperationParamData@@@Z@4HA 000000014034102c     workmodels.obj
 0004:00001038       $pdata$?catch$20@?0??append@?$QList@VOperationParamData@@@@QEAAXAEBVOperationParamData@@@Z@4HA 0000000140341038     workmodels.obj
 0004:00001044       $pdata$?dtor$5@?0??append@?$QList@VOperationParamData@@@@QEAAXAEBVOperationParamData@@@Z@4HA 0000000140341044     workmodels.obj
 0004:00001050       $pdata$?catch$21@?0??append@?$QList@VOperationParamData@@@@QEAAXAEBVOperationParamData@@@Z@4HA 0000000140341050     workmodels.obj
 0004:0000105c       $pdata$?catch$6@?0??detach_helper_grow@?$QList@PEAVQObject@@@@AEAAPEAUNode@1@HH@Z@4HA 000000014034105c     workmodels.obj
 0004:00001068       $pdata$?catch$5@?0??detach_helper_grow@?$QList@PEAVQObject@@@@AEAAPEAUNode@1@HH@Z@4HA 0000000140341068     workmodels.obj
 0004:00001074       $pdata$?catch$6@?0??detach_helper_grow@?$QList@VOperationParamData@@@@AEAAPEAUNode@1@HH@Z@4HA 0000000140341074     workmodels.obj
 0004:00001080       $pdata$?catch$5@?0??detach_helper_grow@?$QList@VOperationParamData@@@@AEAAPEAUNode@1@HH@Z@4HA 0000000140341080     workmodels.obj
 0004:0000108c       $pdata$?dtor$0@?0??node_copy@?$QList@VOperationParamData@@@@AEAAXPEAUNode@1@00@Z@4HA 000000014034108c     workmodels.obj
 0004:00001098       $pdata$?catch$4@?0??node_copy@?$QList@VOperationParamData@@@@AEAAXPEAUNode@1@00@Z@4HA 0000000140341098     workmodels.obj
 0004:000010a4       $pdata$?catch$2@?0??node_copy@?$QList@VQString@@@@AEAAXPEAUNode@1@00@Z@4HA 00000001403410a4     workmodels.obj
 0004:000010b0       $pdata$?dtor$3@?0??setSelectedOperation@OperationParamSelector@@QEAAXH@Z@4HA 00000001403410b0     workmodels.obj
 0004:000010bc       $pdata$?dtor$3@?0??setSelectedOperation@PlanSelector@@QEAAXHHH@Z@4HA 00000001403410bc     workmodels.obj
 0004:000010c8       $pdata$?dtor$3@?0??setSelectedStep@PlanSelector@@QEAAXHH@Z@4HA 00000001403410c8     workmodels.obj
 0004:000010d4       $pdata$?catch$5@?0???0?$QList@VSingleOperationData@@@@QEAA@AEBV0@@Z@4HA 00000001403410d4     configfilehandler.obj
 0004:000010e0       $pdata$?dtor$0@?0??ParseListMap@configFileHandler@@QEAA?AV?$QMap@VQString@@VQStringList@@@@AEBVQString@@@Z@4HA 00000001403410e0     configfilehandler.obj
 0004:000010ec       $pdata$?dtor$0@?0??ParseMap@configFileHandler@@QEAA?AV?$QMap@VQString@@V1@@@AEBVQString@@@Z@4HA 00000001403410ec     configfilehandler.obj
 0004:000010ec       $pdata$?dtor$0@?0??ParseMapRevertKeyValue@configFileHandler@@QEAA?AV?$QMap@VQString@@V1@@@AEBVQString@@@Z@4HA 00000001403410ec     configfilehandler.obj
 0004:000010f8       $pdata$?dtor$0@?0??ParseParamValue@configFileHandler@@QEAA?AV?$QMap@VQString@@VOperationParamData@@@@AEBVQString@@@Z@4HA 00000001403410f8     configfilehandler.obj
 0004:00001104       $pdata$?catch$3@?0??append@?$QList@H@@QEAAXAEBH@Z@4HA 0000000140341104     configfilehandler.obj
 0004:00001110       $pdata$?catch$4@?0??append@?$QList@H@@QEAAXAEBH@Z@4HA 0000000140341110     configfilehandler.obj
 0004:0000111c       $pdata$?dtor$3@?0??append@?$QList@U?$QPair@VQString@@V?$QList@VSingleOperationData@@@@@@@@QEAAXAEBU?$QPair@VQString@@V?$QList@VSingleOperationData@@@@@@@Z@4HA 000000014034111c     configfilehandler.obj
 0004:00001128       $pdata$?catch$25@?0??append@?$QList@U?$QPair@VQString@@V?$QList@VSingleOperationData@@@@@@@@QEAAXAEBU?$QPair@VQString@@V?$QList@VSingleOperationData@@@@@@@Z@4HA 0000000140341128     configfilehandler.obj
 0004:00001134       $pdata$?catch$26@?0??append@?$QList@U?$QPair@VQString@@V?$QList@VSingleOperationData@@@@@@@@QEAAXAEBU?$QPair@VQString@@V?$QList@VSingleOperationData@@@@@@@Z@4HA 0000000140341134     configfilehandler.obj
 0004:00001140       $pdata$?catch$5@?0??append@?$QList@VQString@@@@QEAAXAEBVQString@@@Z@4HA 0000000140341140     configfilehandler.obj
 0004:0000114c       $pdata$?catch$6@?0??append@?$QList@VQString@@@@QEAAXAEBVQString@@@Z@4HA 000000014034114c     configfilehandler.obj
 0004:00001158       $pdata$?catch$25@?0??append@?$QList@VSingleOperationData@@@@QEAAXAEBVSingleOperationData@@@Z@4HA 0000000140341158     configfilehandler.obj
 0004:00001164       $pdata$?catch$26@?0??append@?$QList@VSingleOperationData@@@@QEAAXAEBVSingleOperationData@@@Z@4HA 0000000140341164     configfilehandler.obj
 0004:00001170       $pdata$?catch$1@?0??createNode@?$QMapData@VQString@@V1@@@QEAAPEAU?$QMapNode@VQString@@V1@@@AEBVQString@@0PEAU2@_N@Z@4HA 0000000140341170     configfilehandler.obj
 0004:0000117c       $pdata$?catch$2@?0??createNode@?$QMapData@VQString@@V1@@@QEAAPEAU?$QMapNode@VQString@@V1@@@AEBVQString@@0PEAU2@_N@Z@4HA 000000014034117c     configfilehandler.obj
 0004:00001188       $pdata$?dtor$0@?0??createNode@?$QMapData@VQString@@VOperationParamData@@@@QEAAPEAU?$QMapNode@VQString@@VOperationParamData@@@@AEBVQString@@AEBVOperationParamData@@PEAU2@_N@Z@4HA 0000000140341188     configfilehandler.obj
 0004:00001194       $pdata$?catch$2@?0??createNode@?$QMapData@VQString@@VOperationParamData@@@@QEAAPEAU?$QMapNode@VQString@@VOperationParamData@@@@AEBVQString@@AEBVOperationParamData@@PEAU2@_N@Z@4HA 0000000140341194     configfilehandler.obj
 0004:000011a0       $pdata$?catch$3@?0??createNode@?$QMapData@VQString@@VOperationParamData@@@@QEAAPEAU?$QMapNode@VQString@@VOperationParamData@@@@AEBVQString@@AEBVOperationParamData@@PEAU2@_N@Z@4HA 00000001403411a0     configfilehandler.obj
 0004:000011ac       $pdata$?dtor$0@?0??createNode@?$QMapData@VQString@@VQStringList@@@@QEAAPEAU?$QMapNode@VQString@@VQStringList@@@@AEBVQString@@AEBVQStringList@@PEAU2@_N@Z@4HA 00000001403411ac     configfilehandler.obj
 0004:000011b8       $pdata$?catch$3@?0??createNode@?$QMapData@VQString@@VQStringList@@@@QEAAPEAU?$QMapNode@VQString@@VQStringList@@@@AEBVQString@@AEBVQStringList@@PEAU2@_N@Z@4HA 00000001403411b8     configfilehandler.obj
 0004:000011c4       $pdata$?catch$4@?0??createNode@?$QMapData@VQString@@VQStringList@@@@QEAAPEAU?$QMapNode@VQString@@VQStringList@@@@AEBVQString@@AEBVQStringList@@PEAU2@_N@Z@4HA 00000001403411c4     configfilehandler.obj
 0004:000011d0       $pdata$?catch$6@?0??detach_helper_grow@?$QList@H@@AEAAPEAUNode@1@HH@Z@4HA 00000001403411d0     configfilehandler.obj
 0004:000011dc       $pdata$?catch$5@?0??detach_helper_grow@?$QList@H@@AEAAPEAUNode@1@HH@Z@4HA 00000001403411dc     configfilehandler.obj
 0004:000011e8       $pdata$?catch$6@?0??detach_helper_grow@?$QList@U?$QPair@VQString@@V?$QList@VSingleOperationData@@@@@@@@AEAAPEAUNode@1@HH@Z@4HA 00000001403411e8     configfilehandler.obj
 0004:000011f4       $pdata$?catch$5@?0??detach_helper_grow@?$QList@U?$QPair@VQString@@V?$QList@VSingleOperationData@@@@@@@@AEAAPEAUNode@1@HH@Z@4HA 00000001403411f4     configfilehandler.obj
 0004:00001200       $pdata$?catch$8@?0??detach_helper_grow@?$QList@VQString@@@@AEAAPEAUNode@1@HH@Z@4HA 0000000140341200     configfilehandler.obj
 0004:0000120c       $pdata$?catch$7@?0??detach_helper_grow@?$QList@VQString@@@@AEAAPEAUNode@1@HH@Z@4HA 000000014034120c     configfilehandler.obj
 0004:00001218       $pdata$?catch$6@?0??detach_helper_grow@?$QList@VSingleOperationData@@@@AEAAPEAUNode@1@HH@Z@4HA 0000000140341218     configfilehandler.obj
 0004:00001224       $pdata$?catch$5@?0??detach_helper_grow@?$QList@VSingleOperationData@@@@AEAAPEAUNode@1@HH@Z@4HA 0000000140341224     configfilehandler.obj
 0004:00001230       $pdata$?dtor$0@?0??node_construct@?$QList@U?$QPair@VQString@@V?$QList@VSingleOperationData@@@@@@@@AEAAXPEAUNode@1@AEBU?$QPair@VQString@@V?$QList@VSingleOperationData@@@@@@@Z@4HA 0000000140341230     configfilehandler.obj
 0004:0000123c       $pdata$?dtor$0@?0??node_construct@?$QList@VSingleOperationData@@@@AEAAXPEAUNode@1@AEBVSingleOperationData@@@Z@4HA 000000014034123c     configfilehandler.obj
 0004:00001248       $pdata$?dtor$0@?0??node_copy@?$QList@U?$QPair@VQString@@V?$QList@VSingleOperationData@@@@@@@@AEAAXPEAUNode@1@00@Z@4HA 0000000140341248     configfilehandler.obj
 0004:00001254       $pdata$?catch$8@?0??node_copy@?$QList@U?$QPair@VQString@@V?$QList@VSingleOperationData@@@@@@@@AEAAXPEAUNode@1@00@Z@4HA 0000000140341254     configfilehandler.obj
 0004:00001260       $pdata$?dtor$0@?0??node_copy@?$QList@VSingleOperationData@@@@AEAAXPEAUNode@1@00@Z@4HA 0000000140341260     configfilehandler.obj
 0004:0000126c       $pdata$?catch$6@?0??node_copy@?$QList@VSingleOperationData@@@@AEAAXPEAUNode@1@00@Z@4HA 000000014034126c     configfilehandler.obj
 0004:00001278       $pdata$?dtor$0@?0??toList@configFileHandler@@QEAA?AVQStringList@@AEBVQString@@@Z@4HA 0000000140341278     configfilehandler.obj
 0004:00001284       $pdata$?catch$5@?0???Y?$QList@VQString@@@@QEAAAEAV0@AEBV0@@Z@4HA 0000000140341284     environmentvariant.obj
 0004:00001290       $pdata$?dtor$0@?0??OperationNameList@EnvironmentVariant@@QEAA?AVQStringList@@XZ@4HA 0000000140341290     environmentvariant.obj
 0004:00001290       $pdata$?dtor$0@?0??LogicalControlList@EnvironmentVariant@@QEAA?AVQStringList@@XZ@4HA 0000000140341290     environmentvariant.obj
 0004:0000129c       $pdata$?dtor$0@?0??PlanList@EnvironmentVariant@@QEAA?AVQStringList@@XZ@4HA 000000014034129c     environmentvariant.obj
 0004:000012a8       $pdata$?dtor$0@?0??StepList@EnvironmentVariant@@QEAA?AVQStringList@@H@Z@4HA 00000001403412a8     environmentvariant.obj
 0004:000012b4       $pdata$?catch$5@?0??detach_helper@?$QList@H@@AEAAXH@Z@4HA 00000001403412b4     environmentvariant.obj
 0004:000012c0       $pdata$?catch$5@?0??detach_helper@?$QList@U?$QPair@VQString@@V?$QList@VSingleOperationData@@@@@@@@AEAAXH@Z@4HA 00000001403412c0     environmentvariant.obj
 0004:000012cc       $pdata$?catch$5@?0??detach_helper@?$QList@VOperationParamData@@@@AEAAXH@Z@4HA 00000001403412cc     environmentvariant.obj
 0004:000012d8       $pdata$?catch$7@?0??detach_helper@?$QList@VQString@@@@AEAAXH@Z@4HA 00000001403412d8     environmentvariant.obj
 0004:000012e4       $pdata$?catch$5@?0??detach_helper@?$QList@VSingleOperationData@@@@AEAAXH@Z@4HA 00000001403412e4     environmentvariant.obj
 0004:000012f0       $pdata$?dtor$0@?0??formatSingleOperationParam@EnvironmentVariant@@QEAA?AVQJsonObject@@AEBVSingleOperationData@@@Z@4HA 00000001403412f0     environmentvariant.obj
 0004:000012fc       $pdata$?dtor$0@?0??getOperationParams@EnvironmentVariant@@QEAA?AV?$QList@VOperationParamData@@@@H@Z@4HA 00000001403412fc     environmentvariant.obj
 0004:00001308       $pdata$?catch$25@?0??insert@?$QList@VSingleOperationData@@@@QEAAXHAEBVSingleOperationData@@@Z@4HA 0000000140341308     environmentvariant.obj
 0004:00001314       $pdata$?catch$26@?0??insert@?$QList@VSingleOperationData@@@@QEAAXHAEBVSingleOperationData@@@Z@4HA 0000000140341314     environmentvariant.obj
 0004:00001320       $pdata$?dtor$0@?0??instance@EnvironmentVariant@@SAPEAV1@XZ@4HA 0000000140341320     environmentvariant.obj
 0004:0000132c       $pdata$?dtor$0@?0???$createInto@VPlanSelector@@@QQmlPrivate@@YAXPEAX@Z@4HA 000000014034132c     main.obj
 0004:0000132c       $pdata$?dtor$0@?0??Construct@?$QMetaTypeFunctionHelper@V?$QList@H@@$00@QtMetaTypePrivate@@SAPEAXPEAXPEBX@Z@4HA 000000014034132c     moc_workmodels.obj
 0004:0000132c       $pdata$?dtor$0@?0???$createInto@VOperationParamObject@@@QQmlPrivate@@YAXPEAX@Z@4HA 000000014034132c     main.obj
 0004:0000132c       $pdata$?dtor$0@?0???$createInto@VPlanController@@@QQmlPrivate@@YAXPEAX@Z@4HA 000000014034132c     main.obj
 0004:0000132c       $pdata$?dtor$0@?0??Construct@?$QMetaTypeFunctionHelper@V?$QList@PEAVQObject@@@@$00@QtMetaTypePrivate@@SAPEAXPEAXPEBX@Z@4HA 000000014034132c     moc_workmodels.obj
 0004:0000132c       $pdata$?dtor$0@?0???$createInto@VStatusViewWatcher@@@QQmlPrivate@@YAXPEAX@Z@4HA 000000014034132c     main.obj
 0004:0000132c       $pdata$?dtor$0@?0???$createInto@VOperationParamSelector@@@QQmlPrivate@@YAXPEAX@Z@4HA 000000014034132c     main.obj
 0004:00001338       $pdata$__scrt_is_nonwritable_in_current_image$filt$0 0000000140341338     MSVCRT:utility.obj
 0004:00001344       $pdata$?filt$0@?0??__scrt_common_main_seh@@YAHXZ@4HA 0000000140341344     MSVCRT:exe_winmain.obj
 0004:00001350       $pdata$??__Fdummy@?A0x3a58f25f@@YAXXZ 0000000140341350     qrc_qml.obj
 0004:0000135c       $pdata$??__Ff@?4??registerConverter@?$ValueTypeIsMetaType@V?$QList@H@@$00@QtPrivate@@SA_NH@Z@YAXXZ 000000014034135c     moc_workmodels.obj
 0004:00001368       $pdata$??__Ff@?4??registerConverter@?$ValueTypeIsMetaType@V?$QList@PEAVQObject@@@@$00@QtPrivate@@SA_NH@Z@YAXXZ 0000000140341368     moc_workmodels.obj
 0005:00000000       __guard_fids__             0000000140342000     MSVCRT:std_type_info_static.obj
 0005:00000004       __guard_fids__             0000000140342004     MSVCRT:thread_safe_statics.obj
 0005:00000008       __guard_fids_?__scrt_initialize_thread_safe_statics@@YAHXZ 0000000140342008     MSVCRT:thread_safe_statics.obj
 0005:0000000c       __guard_fids__             000000014034200c     MSVCRT:exe_winmain.obj
 0005:00000010       __guard_fids__             0000000140342010     MSVCRT:exe_winmain.obj
 0005:00000014       __guard_fids__             0000000140342014     MSVCRT:exe_winmain.obj
 0005:00000018       __guard_fids_?pre_c_initialization@@YAHXZ 0000000140342018     MSVCRT:exe_winmain.obj
 0005:00000020       __guard_fids__             0000000140342020     MSVCRT:throw_bad_alloc.obj
 0005:00000028       __guard_fids__             0000000140342028     MSVCRT:throw_bad_alloc.obj
 0005:00000030       __guard_fids__             0000000140342030     MSVCRT:throw_bad_alloc.obj
 0005:00000038       __guard_fids___scrt_set_unhandled_exception_filter 0000000140342038     MSVCRT:utility_desktop.obj
 0005:0000003c       __guard_fids__             000000014034203c     MSVCRT:guard_support.obj
 0007:00000060       $R000000                   0000000140344060     * linker generated manifest res *
