 Communication

 Timestamp is 592d2a33 (Tue May 30 16:15:47 2017)

 Preferred load address is 0000000180000000

 Start         Length     Name                   Class
 0001:00000000 00000f80H .text$mn                CODE
 0001:00000f80 00000020H .text$mn$00             CODE
 0001:00000fa0 000000c7H .text$x                 CODE
 0002:00000000 00000180H .idata$5                DATA
 0002:00000180 00000010H .00cfg                  DATA
 0002:00000190 00000008H .CRT$XCA                DATA
 0002:00000198 00000008H .CRT$XCZ                DATA
 0002:000001a0 00000008H .CRT$XIA                DATA
 0002:000001a8 00000008H .CRT$XIZ                DATA
 0002:000001b0 00000008H .CRT$XPA                DATA
 0002:000001b8 00000008H .CRT$XPZ                DATA
 0002:000001c0 00000008H .CRT$XTA                DATA
 0002:000001c8 00000008H .CRT$XTZ                DATA
 0002:000001d0 00000154H .rdata                  DATA
 0002:00000324 000002f4H .rdata$zzzdbg           DATA
 0002:00000618 00000008H .rtc$IAA                DATA
 0002:00000620 00000008H .rtc$IZZ                DATA
 0002:00000628 00000008H .rtc$TAA                DATA
 0002:00000630 00000010H .rtc$TZZ                DATA
 0002:00000640 000001f0H .xdata                  DATA
 0002:00000830 00000190H .edata                  DATA
 0002:000009c0 00000064H .idata$2                DATA
 0002:00000a24 00000014H .idata$3                DATA
 0002:00000a38 00000180H .idata$4                DATA
 0002:00000bb8 00000506H .idata$6                DATA
 0003:00000000 00000040H .data                   DATA
 0003:00000040 00000080H .bss                    DATA
 0004:00000000 000001c8H .pdata                  DATA
 0005:00000000 00000010H .gfids$y                DATA
 0006:00000000 00000060H .rsrc$01                DATA
 0006:00000060 00000180H .rsrc$02                DATA

  Address         Publics by Value              Rva+Base               Lib:Object

 0000:00000000       __dynamic_value_reloc_table 0000000000000000     <absolute>
 0000:00000000       __guard_iat_table          0000000000000000     <absolute>
 0000:00000000       __guard_iat_count          0000000000000000     <absolute>
 0000:00000000       __guard_fids_count         0000000000000000     <absolute>
 0000:00000000       __guard_longjmp_count      0000000000000000     <absolute>
 0000:00000000       __guard_fids_table         0000000000000000     <absolute>
 0000:00000000       __guard_longjmp_table      0000000000000000     <absolute>
 0000:00000000       ___safe_se_handler_table   0000000000000000     <absolute>
 0000:00000000       ___safe_se_handler_count   0000000000000000     <absolute>
 0000:00000100       __guard_flags              0000000000000100     <absolute>
 0000:00000000       __ImageBase                0000000180000000     <linker-defined>
 0001:00000000       ??0Communication@@QEAA@XZ  0000000180001000 f   communication.obj
 0001:00000020       ??1Communication@@QEAA@XZ  0000000180001020 f i communication.obj
 0001:00000030       ?connectToServer@Communication@@QEAA_NAEBVQString@@G@Z 0000000180001030 f   communication.obj
 0001:00000170       ?connected@Communication@@QEAA_NXZ 0000000180001170 f i communication.obj
 0001:00000180       ?disconnect@Communication@@QEAAXXZ 0000000180001180 f   communication.obj
 0001:000001b0       ?readData@Communication@@QEAA?AVQByteArray@@H@Z 00000001800011b0 f   communication.obj
 0001:00000250       ?write@Communication@@QEAA_JAEBVQByteArray@@@Z 0000000180001250 f   communication.obj
 0001:00000600       _DllMainCRTStartup         0000000180001600 f   MSVCRT:dll_dllmain.obj
 0001:00000640       __scrt_acquire_startup_lock 0000000180001640 f   MSVCRT:utility.obj
 0001:0000067c       __scrt_dllmain_after_initialize_c 000000018000167c f   MSVCRT:utility.obj
 0001:000006b0       __scrt_dllmain_before_initialize_c 00000001800016b0 f   MSVCRT:utility.obj
 0001:000006c8       __scrt_dllmain_crt_thread_attach 00000001800016c8 f   MSVCRT:utility.obj
 0001:000006f0       __scrt_dllmain_crt_thread_detach 00000001800016f0 f   MSVCRT:utility.obj
 0001:00000708       __scrt_dllmain_exception_filter 0000000180001708 f   MSVCRT:utility.obj
 0001:0000076c       __scrt_dllmain_uninitialize_c 000000018000176c f   MSVCRT:utility.obj
 0001:0000079c       __scrt_dllmain_uninitialize_critical 000000018000179c f   MSVCRT:utility.obj
 0001:000007b0       __scrt_initialize_crt      00000001800017b0 f   MSVCRT:utility.obj
 0001:000007fc       __scrt_initialize_onexit_tables 00000001800017fc f   MSVCRT:utility.obj
 0001:000008c8       __scrt_is_nonwritable_in_current_image 00000001800018c8 f   MSVCRT:utility.obj
 0001:00000964       __scrt_release_startup_lock 0000000180001964 f   MSVCRT:utility.obj
 0001:00000988       __scrt_uninitialize_crt    0000000180001988 f   MSVCRT:utility.obj
 0001:000009b4       _onexit                    00000001800019b4 f   MSVCRT:utility.obj
 0001:00000a04       atexit                     0000000180001a04 f   MSVCRT:utility.obj
 0001:00000a1c       __security_init_cookie     0000000180001a1c f   MSVCRT:gs_support.obj
 0001:00000ac8       DllMain                    0000000180001ac8 f   MSVCRT:dll_dllmain_stub.obj
 0001:00000aec       ?__scrt_initialize_type_info@@YAXXZ 0000000180001aec f   MSVCRT:tncleanup.obj
 0001:00000afc       ?__scrt_uninitialize_type_info@@YAXXZ 0000000180001afc f   MSVCRT:tncleanup.obj
 0001:00000b08       __local_stdio_printf_options 0000000180001b08 f i MSVCRT:default_local_stdio_options.obj
 0001:00000b10       __local_stdio_scanf_options 0000000180001b10 f i MSVCRT:default_local_stdio_options.obj
 0001:00000b18       __scrt_initialize_default_local_stdio_options 0000000180001b18 f   MSVCRT:default_local_stdio_options.obj
 0001:00000b34       __scrt_get_dyn_tls_init_callback 0000000180001b34 f   MSVCRT:dyn_tls_init.obj
 0001:00000b3c       __scrt_fastfail            0000000180001b3c f   MSVCRT:utility_desktop.obj
 0001:00000c84       _RTC_Initialize            0000000180001c84 f   MSVCRT:_initsect_.obj
 0001:00000cd0       _RTC_Terminate             0000000180001cd0 f   MSVCRT:_initsect_.obj
 0001:00000d1c       _guard_check_icall         0000000180001d1c f i MSVCRT:checkcfg.obj
 0001:00000d24       __isa_available_init       0000000180001d24 f   MSVCRT:_cpu_disp_.obj
 0001:00000eec       _get_startup_argv_mode     0000000180001eec f   MSVCRT:argv_mode.obj
 0001:00000ef4       __scrt_is_ucrt_dll_in_use  0000000180001ef4 f   MSVCRT:ucrt_detection.obj
 0001:00000f00       _guard_check_icall_nop     0000000180001f00 f i MSVCRT:guard_support.obj
 0001:00000f10       IsProcessorFeaturePresent  0000000180001f10 f   kernel32:KERNEL32.dll
 0001:00000f16       __CxxFrameHandler3         0000000180001f16 f   vcruntime:VCRUNTIME140.dll
 0001:00000f1c       __C_specific_handler       0000000180001f1c f   vcruntime:VCRUNTIME140.dll
 0001:00000f22       __std_type_info_destroy_list 0000000180001f22 f   vcruntime:VCRUNTIME140.dll
 0001:00000f28       memset                     0000000180001f28 f   vcruntime:VCRUNTIME140.dll
 0001:00000f2e       _initterm                  0000000180001f2e f   ucrt:api-ms-win-crt-runtime-l1-1-0.dll
 0001:00000f34       _initterm_e                0000000180001f34 f   ucrt:api-ms-win-crt-runtime-l1-1-0.dll
 0001:00000f3a       _seh_filter_dll            0000000180001f3a f   ucrt:api-ms-win-crt-runtime-l1-1-0.dll
 0001:00000f40       _configure_narrow_argv     0000000180001f40 f   ucrt:api-ms-win-crt-runtime-l1-1-0.dll
 0001:00000f46       _initialize_narrow_environment 0000000180001f46 f   ucrt:api-ms-win-crt-runtime-l1-1-0.dll
 0001:00000f4c       _initialize_onexit_table   0000000180001f4c f   ucrt:api-ms-win-crt-runtime-l1-1-0.dll
 0001:00000f52       _register_onexit_function  0000000180001f52 f   ucrt:api-ms-win-crt-runtime-l1-1-0.dll
 0001:00000f58       _execute_onexit_table      0000000180001f58 f   ucrt:api-ms-win-crt-runtime-l1-1-0.dll
 0001:00000f5e       _crt_atexit                0000000180001f5e f   ucrt:api-ms-win-crt-runtime-l1-1-0.dll
 0001:00000f64       _cexit                     0000000180001f64 f   ucrt:api-ms-win-crt-runtime-l1-1-0.dll
 0001:00000f6c       __scrt_stub_for_acrt_uninitialize 0000000180001f6c f   MSVCRT:ucrt_stubs.obj
 0001:00000f6c       __acrt_uninitialize        0000000180001f6c f   MSVCRT:ucrt_stubs.obj
 0001:00000f6c       __scrt_stub_for_acrt_uninitialize_critical 0000000180001f6c f   MSVCRT:ucrt_stubs.obj
 0001:00000f6c       __vcrt_initialize          0000000180001f6c f   MSVCRT:ucrt_stubs.obj
 0001:00000f6c       __vcrt_thread_detach       0000000180001f6c f   MSVCRT:ucrt_stubs.obj
 0001:00000f6c       __scrt_stub_for_acrt_thread_attach 0000000180001f6c f   MSVCRT:ucrt_stubs.obj
 0001:00000f6c       __vcrt_uninitialize_critical 0000000180001f6c f   MSVCRT:ucrt_stubs.obj
 0001:00000f6c       __vcrt_uninitialize        0000000180001f6c f   MSVCRT:ucrt_stubs.obj
 0001:00000f6c       __acrt_thread_detach       0000000180001f6c f   MSVCRT:ucrt_stubs.obj
 0001:00000f6c       __acrt_thread_attach       0000000180001f6c f   MSVCRT:ucrt_stubs.obj
 0001:00000f6c       __acrt_uninitialize_critical 0000000180001f6c f   MSVCRT:ucrt_stubs.obj
 0001:00000f6c       __acrt_initialize          0000000180001f6c f   MSVCRT:ucrt_stubs.obj
 0001:00000f6c       __vcrt_thread_attach       0000000180001f6c f   MSVCRT:ucrt_stubs.obj
 0001:00000f6c       __scrt_stub_for_acrt_initialize 0000000180001f6c f   MSVCRT:ucrt_stubs.obj
 0001:00000f6c       __scrt_stub_for_acrt_thread_detach 0000000180001f6c f   MSVCRT:ucrt_stubs.obj
 0001:00000f70       __scrt_stub_for_is_c_termination_complete 0000000180001f70 f   MSVCRT:ucrt_stubs.obj
 0001:00000f70       _is_c_termination_complete 0000000180001f70 f   MSVCRT:ucrt_stubs.obj
 0001:00000f90       _guard_dispatch_icall_nop  0000000180001f90 f   MSVCRT:_guard_dispatch_.obj
 0002:00000000       __imp_RtlVirtualUnwind     0000000180003000     kernel32:KERNEL32.dll
 0002:00000008       __imp_IsProcessorFeaturePresent 0000000180003008     kernel32:KERNEL32.dll
 0002:00000010       __imp_SetUnhandledExceptionFilter 0000000180003010     kernel32:KERNEL32.dll
 0002:00000018       __imp_UnhandledExceptionFilter 0000000180003018     kernel32:KERNEL32.dll
 0002:00000020       __imp_IsDebuggerPresent    0000000180003020     kernel32:KERNEL32.dll
 0002:00000028       __imp_RtlLookupFunctionEntry 0000000180003028     kernel32:KERNEL32.dll
 0002:00000030       __imp_RtlCaptureContext    0000000180003030     kernel32:KERNEL32.dll
 0002:00000038       __imp_InitializeSListHead  0000000180003038     kernel32:KERNEL32.dll
 0002:00000040       __imp_DisableThreadLibraryCalls 0000000180003040     kernel32:KERNEL32.dll
 0002:00000048       __imp_GetSystemTimeAsFileTime 0000000180003048     kernel32:KERNEL32.dll
 0002:00000050       __imp_GetCurrentThreadId   0000000180003050     kernel32:KERNEL32.dll
 0002:00000058       __imp_GetCurrentProcessId  0000000180003058     kernel32:KERNEL32.dll
 0002:00000060       __imp_QueryPerformanceCounter 0000000180003060     kernel32:KERNEL32.dll
 0002:00000068       \177KERNEL32_NULL_THUNK_DATA 0000000180003068     kernel32:KERNEL32.dll
 0002:00000070       __imp_?write@QIODevice@@QEAA_JAEBVQByteArray@@@Z 0000000180003070     Qt5Core:Qt5Core.dll
 0002:00000078       __imp_?read@QIODevice@@QEAA?AVQByteArray@@_J@Z 0000000180003078     Qt5Core:Qt5Core.dll
 0002:00000080       __imp_?isWritable@QIODevice@@QEBA_NXZ 0000000180003080     Qt5Core:Qt5Core.dll
 0002:00000088       __imp_?isOpen@QIODevice@@QEBA_NXZ 0000000180003088     Qt5Core:Qt5Core.dll
 0002:00000090       __imp_??1QString@@QEAA@XZ  0000000180003090     Qt5Core:Qt5Core.dll
 0002:00000098       __imp_??0QString@@QEAA@XZ  0000000180003098     Qt5Core:Qt5Core.dll
 0002:000000a0       __imp_??0QByteArray@@QEAA@PEBDH@Z 00000001800030a0     Qt5Core:Qt5Core.dll
 0002:000000a8       __imp_?warning@QMessageLogger@@QEBAXPEBDZZ 00000001800030a8     Qt5Core:Qt5Core.dll
 0002:000000b0       __imp_??0QMessageLogger@@QEAA@PEBDH0@Z 00000001800030b0     Qt5Core:Qt5Core.dll
 0002:000000b8       \177Qt5Core_NULL_THUNK_DATA 00000001800030b8     Qt5Core:Qt5Core.dll
 0002:000000c0       __imp_??1QNetworkProxy@@QEAA@XZ 00000001800030c0     Qt5Network:Qt5Network.dll
 0002:000000c8       __imp_??0QNetworkProxy@@QEAA@W4ProxyType@0@AEBVQString@@G11@Z 00000001800030c8     Qt5Network:Qt5Network.dll
 0002:000000d0       __imp_??1QHostAddress@@QEAA@XZ 00000001800030d0     Qt5Network:Qt5Network.dll
 0002:000000d8       __imp_??0QHostAddress@@QEAA@AEBVQString@@@Z 00000001800030d8     Qt5Network:Qt5Network.dll
 0002:000000e0       __imp_??1QTcpSocket@@UEAA@XZ 00000001800030e0     Qt5Network:Qt5Network.dll
 0002:000000e8       __imp_??0QTcpSocket@@QEAA@PEAVQObject@@@Z 00000001800030e8     Qt5Network:Qt5Network.dll
 0002:000000f0       __imp_?setProxy@QAbstractSocket@@QEAAXAEBVQNetworkProxy@@@Z 00000001800030f0     Qt5Network:Qt5Network.dll
 0002:000000f8       \177Qt5Network_NULL_THUNK_DATA 00000001800030f8     Qt5Network:Qt5Network.dll
 0002:00000100       __imp___C_specific_handler 0000000180003100     vcruntime:VCRUNTIME140.dll
 0002:00000108       __imp___std_type_info_destroy_list 0000000180003108     vcruntime:VCRUNTIME140.dll
 0002:00000110       __imp_memset               0000000180003110     vcruntime:VCRUNTIME140.dll
 0002:00000118       __imp___CxxFrameHandler3   0000000180003118     vcruntime:VCRUNTIME140.dll
 0002:00000120       \177VCRUNTIME140_NULL_THUNK_DATA 0000000180003120     vcruntime:VCRUNTIME140.dll
 0002:00000128       __imp__initterm            0000000180003128     ucrt:api-ms-win-crt-runtime-l1-1-0.dll
 0002:00000130       __imp__initterm_e          0000000180003130     ucrt:api-ms-win-crt-runtime-l1-1-0.dll
 0002:00000138       __imp__seh_filter_dll      0000000180003138     ucrt:api-ms-win-crt-runtime-l1-1-0.dll
 0002:00000140       __imp__configure_narrow_argv 0000000180003140     ucrt:api-ms-win-crt-runtime-l1-1-0.dll
 0002:00000148       __imp__initialize_narrow_environment 0000000180003148     ucrt:api-ms-win-crt-runtime-l1-1-0.dll
 0002:00000150       __imp__initialize_onexit_table 0000000180003150     ucrt:api-ms-win-crt-runtime-l1-1-0.dll
 0002:00000158       __imp__register_onexit_function 0000000180003158     ucrt:api-ms-win-crt-runtime-l1-1-0.dll
 0002:00000160       __imp__execute_onexit_table 0000000180003160     ucrt:api-ms-win-crt-runtime-l1-1-0.dll
 0002:00000168       __imp__crt_atexit          0000000180003168     ucrt:api-ms-win-crt-runtime-l1-1-0.dll
 0002:00000170       __imp__cexit               0000000180003170     ucrt:api-ms-win-crt-runtime-l1-1-0.dll
 0002:00000178       \177api-ms-win-crt-runtime-l1-1-0_NULL_THUNK_DATA 0000000180003178     ucrt:api-ms-win-crt-runtime-l1-1-0.dll
 0002:00000180       __guard_check_icall_fptr   0000000180003180     MSVCRT:guard_support.obj
 0002:00000188       __guard_dispatch_icall_fptr 0000000180003188     MSVCRT:guard_support.obj
 0002:00000190       __xc_a                     0000000180003190     MSVCRT:initializers.obj
 0002:00000198       __xc_z                     0000000180003198     MSVCRT:initializers.obj
 0002:000001a0       __xi_a                     00000001800031a0     MSVCRT:initializers.obj
 0002:000001a8       __xi_z                     00000001800031a8     MSVCRT:initializers.obj
 0002:000001b0       __xp_a                     00000001800031b0     MSVCRT:initializers.obj
 0002:000001b8       __xp_z                     00000001800031b8     MSVCRT:initializers.obj
 0002:000001c0       __xt_a                     00000001800031c0     MSVCRT:initializers.obj
 0002:000001c8       __xt_z                     00000001800031c8     MSVCRT:initializers.obj
 0002:000001f8       ??_C@_0BE@OBLKMDCI@socket?5write?5error?$CB?$AA@ 00000001800031f8     communication.obj
 0002:00000210       ??_C@_0BD@BGMNJBEK@socket?5read?5error?$CB?$AA@ 0000000180003210     communication.obj
 0002:00000228       _pRawDllMain               0000000180003228     MSVCRT:dll_dllmain.obj
 0002:00000228       _pDefaultRawDllMain        0000000180003228     MSVCRT:dll_dllmain.obj
 0002:00000290       _load_config_used          0000000180003290     MSVCRT:loadcfg.obj
 0002:00000618       __rtc_iaa                  0000000180003618     MSVCRT:_initsect_.obj
 0002:00000620       __rtc_izz                  0000000180003620     MSVCRT:_initsect_.obj
 0002:00000628       __rtc_taa                  0000000180003628     MSVCRT:_initsect_.obj
 0002:00000630       __rtc_tzz                  0000000180003630     MSVCRT:_initsect_.obj
 0002:000009c0       __IMPORT_DESCRIPTOR_Qt5Network 00000001800039c0     Qt5Network:Qt5Network.dll
 0002:000009d4       __IMPORT_DESCRIPTOR_Qt5Core 00000001800039d4     Qt5Core:Qt5Core.dll
 0002:000009e8       __IMPORT_DESCRIPTOR_KERNEL32 00000001800039e8     kernel32:KERNEL32.dll
 0002:000009fc       __IMPORT_DESCRIPTOR_VCRUNTIME140 00000001800039fc     vcruntime:VCRUNTIME140.dll
 0002:00000a10       __IMPORT_DESCRIPTOR_api-ms-win-crt-runtime-l1-1-0 0000000180003a10     ucrt:api-ms-win-crt-runtime-l1-1-0.dll
 0002:00000a24       __NULL_IMPORT_DESCRIPTOR   0000000180003a24     Qt5Network:Qt5Network.dll
 0003:00000000       __scrt_native_dllmain_reason 0000000180005000     MSVCRT:utility.obj
 0003:00000008       __isa_available            0000000180005008     MSVCRT:_cpu_disp_.obj
 0003:0000000c       __isa_enabled              000000018000500c     MSVCRT:_cpu_disp_.obj
 0003:00000010       __memcpy_nt_iters          0000000180005010     MSVCRT:_cpu_disp_.obj
 0003:00000018       __security_cookie          0000000180005018     MSVCRT:gs_cookie.obj
 0003:00000020       __security_cookie_complement 0000000180005020     MSVCRT:gs_cookie.obj
 0003:00000030       __scrt_ucrt_dll_is_in_use  0000000180005030     MSVCRT:ucrt_stubs.obj
 0003:00000048       __scrt_current_native_startup_state 0000000180005048     MSVCRT:utility.obj
 0003:00000050       __scrt_native_startup_lock 0000000180005050     MSVCRT:utility.obj
 0003:00000090       ?__type_info_root_node@@3U__type_info_node@@A 0000000180005090     MSVCRT:tncleanup.obj
 0003:000000a0       ?_OptionsStorage@?1??__local_stdio_printf_options@@9@4_KA 00000001800050a0     MSVCRT:default_local_stdio_options.obj
 0003:000000a8       ?_OptionsStorage@?1??__local_stdio_scanf_options@@9@4_KA 00000001800050a8     MSVCRT:default_local_stdio_options.obj
 0003:000000b0       __scrt_debugger_hook_flag  00000001800050b0     MSVCRT:utility_desktop.obj
 0003:000000b4       __favor                    00000001800050b4     MSVCRT:_cpu_disp_.obj
 0003:000000b8       __dyn_tls_init_callback    00000001800050b8     <common>

 entry point at        0001:00000600

 Static symbols

 0000:ffff6000       .debug$S                   0000000180000000     ucrt:api-ms-win-crt-runtime-l1-1-0.dll
 0000:ffff6000       .debug$S                   0000000180000000     kernel32:KERNEL32.dll
 0000:ffff6000       .debug$S                   0000000180000000     Communication.exp
 0000:ffff6000       .debug$S                   0000000180000000     kernel32:KERNEL32.dll
 0000:ffff6000       .debug$S                   0000000180000000     kernel32:KERNEL32.dll
 0000:ffff6000       .debug$S                   0000000180000000     kernel32:KERNEL32.dll
 0000:ffff6000       .debug$S                   0000000180000000     kernel32:KERNEL32.dll
 0000:ffff6000       .debug$S                   0000000180000000     kernel32:KERNEL32.dll
 0000:ffff6000       .debug$S                   0000000180000000     kernel32:KERNEL32.dll
 0000:ffff6000       .debug$S                   0000000180000000     kernel32:KERNEL32.dll
 0000:ffff6000       .debug$S                   0000000180000000     vcruntime:VCRUNTIME140.dll
 0000:ffff6000       .debug$S                   0000000180000000     kernel32:KERNEL32.dll
 0000:ffff6000       .debug$S                   0000000180000000     vcruntime:VCRUNTIME140.dll
 0000:ffff6000       .debug$S                   0000000180000000     kernel32:KERNEL32.dll
 0000:ffff6000       .debug$S                   0000000180000000     vcruntime:VCRUNTIME140.dll
 0000:ffff6000       .debug$S                   0000000180000000     vcruntime:VCRUNTIME140.dll
 0000:ffff6000       .debug$S                   0000000180000000     kernel32:KERNEL32.dll
 0000:ffff6000       .debug$S                   0000000180000000     ucrt:api-ms-win-crt-runtime-l1-1-0.dll
 0000:ffff6000       .debug$S                   0000000180000000     ucrt:api-ms-win-crt-runtime-l1-1-0.dll
 0000:ffff6000       .debug$S                   0000000180000000     ucrt:api-ms-win-crt-runtime-l1-1-0.dll
 0000:ffff6000       .debug$S                   0000000180000000     ucrt:api-ms-win-crt-runtime-l1-1-0.dll
 0000:ffff6000       .debug$S                   0000000180000000     kernel32:KERNEL32.dll
 0000:ffff6000       .debug$S                   0000000180000000     ucrt:api-ms-win-crt-runtime-l1-1-0.dll
 0000:ffff6000       .debug$S                   0000000180000000     kernel32:KERNEL32.dll
 0000:ffff6000       .debug$S                   0000000180000000     ucrt:api-ms-win-crt-runtime-l1-1-0.dll
 0000:ffff6000       .debug$S                   0000000180000000     ucrt:api-ms-win-crt-runtime-l1-1-0.dll
 0000:ffff6000       .debug$S                   0000000180000000     kernel32:KERNEL32.dll
 0000:ffff6000       .debug$S                   0000000180000000     ucrt:api-ms-win-crt-runtime-l1-1-0.dll
 0000:ffff6000       .debug$S                   0000000180000000     ucrt:api-ms-win-crt-runtime-l1-1-0.dll
 0000:ffff6000       .debug$S                   0000000180000000     ucrt:api-ms-win-crt-runtime-l1-1-0.dll
 0000:ffff6000       .debug$S                   0000000180000000     Qt5Core:Qt5Core.dll
 0000:ffff6000       .debug$S                   0000000180000000     ucrt:api-ms-win-crt-runtime-l1-1-0.dll
 0000:ffff6000       .debug$S                   0000000180000000     Qt5Network:Qt5Network.dll
 0000:ffff6000       .debug$S                   0000000180000000     Qt5Network:Qt5Network.dll
 0000:ffff6000       .debug$S                   0000000180000000     Qt5Network:Qt5Network.dll
 0000:ffff6000       .debug$S                   0000000180000000     Qt5Network:Qt5Network.dll
 0000:ffff6000       .debug$S                   0000000180000000     Qt5Network:Qt5Network.dll
 0000:ffff6000       .debug$S                   0000000180000000     Qt5Network:Qt5Network.dll
 0000:ffff6000       .debug$S                   0000000180000000     Qt5Network:Qt5Network.dll
 0000:ffff6000       .debug$S                   0000000180000000     kernel32:KERNEL32.dll
 0000:ffff6000       .debug$S                   0000000180000000     Qt5Core:Qt5Core.dll
 0000:ffff6000       .debug$S                   0000000180000000     Qt5Core:Qt5Core.dll
 0000:ffff6000       .debug$S                   0000000180000000     Qt5Core:Qt5Core.dll
 0000:ffff6000       .debug$S                   0000000180000000     Qt5Core:Qt5Core.dll
 0000:ffff6000       .debug$S                   0000000180000000     Qt5Core:Qt5Core.dll
 0000:ffff6000       .debug$S                   0000000180000000     Qt5Core:Qt5Core.dll
 0000:ffff6000       .debug$S                   0000000180000000     Qt5Core:Qt5Core.dll
 0000:ffff6000       .debug$S                   0000000180000000     Qt5Core:Qt5Core.dll
 0001:000002b4       ?dllmain_crt_dispatch@@YAHQEAUHINSTANCE__@@KQEAX@Z 00000001800012b4 f   MSVCRT:dll_dllmain.obj
 0001:00000304       ?dllmain_crt_process_attach@@YAHQEAUHINSTANCE__@@QEAX@Z 0000000180001304 f   MSVCRT:dll_dllmain.obj
 0001:00000430       ?dllmain_crt_process_detach@@YAH_N@Z 0000000180001430 f   MSVCRT:dll_dllmain.obj
 0001:000004b4       ?dllmain_dispatch@@YAHQEAUHINSTANCE__@@KQEAX@Z 00000001800014b4 f   MSVCRT:dll_dllmain.obj
 0001:000005ac       ?dllmain_raw@@YAHQEAUHINSTANCE__@@KQEAX@Z 00000001800015ac f   MSVCRT:dll_dllmain.obj
 0001:00000f80       $$000000                   0000000180001f80     MSVCRT:_guard_dispatch_.obj
 0001:00000fa0       ?dtor$0@?0??connectToServer@Communication@@QEAA_NAEBVQString@@G@Z@4HA 0000000180001fa0 f   communication.obj
 0001:00000fae       ?dtor$1@?0??connectToServer@Communication@@QEAA_NAEBVQString@@G@Z@4HA 0000000180001fae f   communication.obj
 0001:00000fbc       ?dtor$2@?0??connectToServer@Communication@@QEAA_NAEBVQString@@G@Z@4HA 0000000180001fbc f   communication.obj
 0001:00000fca       ?dtor$3@?0??connectToServer@Communication@@QEAA_NAEBVQString@@G@Z@4HA 0000000180001fca f   communication.obj
 0001:00000fd8       ?dtor$4@?0??connectToServer@Communication@@QEAA_NAEBVQString@@G@Z@4HA 0000000180001fd8 f   communication.obj
 0001:00000fe6       ?fin$0@?0??dllmain_crt_process_attach@@YAHQEAUHINSTANCE__@@QEAX@Z@4HA 0000000180001fe6 f   MSVCRT:dll_dllmain.obj
 0001:00000ffd       ?fin$0@?0??dllmain_crt_process_detach@@YAH_N@Z@4HA 0000000180001ffd f   MSVCRT:dll_dllmain.obj
 0001:00001019       ?filt$0@?0??dllmain_dispatch@@YAHQEAUHINSTANCE__@@KQEAX@Z@4HA 0000000180002019 f   MSVCRT:dll_dllmain.obj
 0001:0000104f       __scrt_is_nonwritable_in_current_image$filt$0 000000018000204f f   MSVCRT:utility.obj
 0002:000001d0       $cppxdata$?connectToServer@Communication@@QEAA_NAEBVQString@@G@Z 00000001800031d0     communication.obj
 0002:00000640       $unwind$?connectToServer@Communication@@QEAA_NAEBVQString@@G@Z 0000000180003640     communication.obj
 0002:0000065c       $stateUnwindMap$?connectToServer@Communication@@QEAA_NAEBVQString@@G@Z 000000018000365c     communication.obj
 0002:00000690       $ip2state$?connectToServer@Communication@@QEAA_NAEBVQString@@G@Z 0000000180003690     communication.obj
 0002:000006e8       $unwind$?write@Communication@@QEAA_JAEBVQByteArray@@@Z 00000001800036e8     communication.obj
 0002:000006f4       $unwind$?readData@Communication@@QEAA?AVQByteArray@@H@Z 00000001800036f4     communication.obj
 0002:00000700       $unwind$?dllmain_crt_process_attach@@YAHQEAUHINSTANCE__@@QEAX@Z 0000000180003700     MSVCRT:dll_dllmain.obj
 0002:0000072c       $unwind$?fin$0@?0??dllmain_crt_process_attach@@YAHQEAUHINSTANCE__@@QEAX@Z@4HA 000000018000372c     MSVCRT:dll_dllmain.obj
 0002:0000072c       $unwind$?fin$0@?0??dllmain_crt_process_detach@@YAH_N@Z@4HA 000000018000372c     MSVCRT:dll_dllmain.obj
 0002:00000734       $unwind$?dllmain_crt_process_detach@@YAH_N@Z 0000000180003734     MSVCRT:dll_dllmain.obj
 0002:0000075c       $unwind$?dllmain_dispatch@@YAHQEAUHINSTANCE__@@KQEAX@Z 000000018000375c     MSVCRT:dll_dllmain.obj
 0002:00000784       $unwind$?filt$0@?0??dllmain_dispatch@@YAHQEAUHINSTANCE__@@KQEAX@Z@4HA 0000000180003784     MSVCRT:dll_dllmain.obj
 0002:0000078c       $unwind$_RTC_Initialize    000000018000378c     MSVCRT:_initsect_.obj
 0002:0000078c       $unwind$_DllMainCRTStartup 000000018000378c     MSVCRT:dll_dllmain.obj
 0002:0000078c       $unwind$_RTC_Terminate     000000018000378c     MSVCRT:_initsect_.obj
 0002:0000079c       $unwind$__scrt_is_nonwritable_in_current_image 000000018000379c     MSVCRT:utility.obj
 0002:000007bc       $unwind$__scrt_is_nonwritable_in_current_image$filt$0 00000001800037bc     MSVCRT:utility.obj
 0002:000007c4       $unwind$__scrt_acquire_startup_lock 00000001800037c4     MSVCRT:utility.obj
 0002:000007c4       $unwind$?dllmain_crt_dispatch@@YAHQEAUHINSTANCE__@@KQEAX@Z 00000001800037c4     MSVCRT:dll_dllmain.obj
 0002:000007c4       $unwind$atexit             00000001800037c4     MSVCRT:utility.obj
 0002:000007c4       $unwind$__scrt_dllmain_crt_thread_detach 00000001800037c4     MSVCRT:utility.obj
 0002:000007c4       $unwind$__scrt_dllmain_crt_thread_attach 00000001800037c4     MSVCRT:utility.obj
 0002:000007c4       $unwind$__scrt_dllmain_before_initialize_c 00000001800037c4     MSVCRT:utility.obj
 0002:000007c4       $unwind$__scrt_dllmain_uninitialize_c 00000001800037c4     MSVCRT:utility.obj
 0002:000007c4       $unwind$__scrt_dllmain_uninitialize_critical 00000001800037c4     MSVCRT:utility.obj
 0002:000007c4       $unwind$DllMain            00000001800037c4     MSVCRT:dll_dllmain_stub.obj
 0002:000007c4       $unwind$__scrt_dllmain_after_initialize_c 00000001800037c4     MSVCRT:utility.obj
 0002:000007c4       $unwind$__scrt_initialize_default_local_stdio_options 00000001800037c4     MSVCRT:default_local_stdio_options.obj
 0002:000007cc       $unwind$??0Communication@@QEAA@XZ 00000001800037cc     communication.obj
 0002:000007cc       $unwind$__scrt_initialize_crt 00000001800037cc     MSVCRT:utility.obj
 0002:000007cc       $unwind$__scrt_release_startup_lock 00000001800037cc     MSVCRT:utility.obj
 0002:000007cc       $unwind$__scrt_uninitialize_crt 00000001800037cc     MSVCRT:utility.obj
 0002:000007cc       $unwind$?disconnect@Communication@@QEAAXXZ 00000001800037cc     communication.obj
 0002:000007cc       $unwind$_onexit            00000001800037cc     MSVCRT:utility.obj
 0002:000007d4       $unwind$__scrt_initialize_onexit_tables 00000001800037d4     MSVCRT:utility.obj
 0002:000007e0       $unwind$?dllmain_raw@@YAHQEAUHINSTANCE__@@KQEAX@Z 00000001800037e0     MSVCRT:dll_dllmain.obj
 0002:000007e0       $unwind$__scrt_dllmain_exception_filter 00000001800037e0     MSVCRT:utility.obj
 0002:000007f4       $unwind$__security_init_cookie 00000001800037f4     MSVCRT:gs_support.obj
 0002:00000800       $unwind$__scrt_fastfail    0000000180003800     MSVCRT:utility_desktop.obj
 0002:00000810       $unwind$__isa_available_init 0000000180003810     MSVCRT:_cpu_disp_.obj
 0002:00000820       $xdatasym                  0000000180003820     MSVCRT:_guard_dispatch_.obj
 0002:00000830       .edata                     0000000180003830     Communication.exp
 0002:00000858       rgpv                       0000000180003858     Communication.exp
 0002:00000874       rgszName                   0000000180003874     Communication.exp
 0002:00000890       rgwOrd                     0000000180003890     Communication.exp
 0002:0000089e       szName                     000000018000389e     Communication.exp
 0002:000008b0       $N00001                    00000001800038b0     Communication.exp
 0002:000008ca       $N00002                    00000001800038ca     Communication.exp
 0002:000008e4       $N00003                    00000001800038e4     Communication.exp
 0002:0000091b       $N00004                    000000018000391b     Communication.exp
 0002:0000093e       $N00005                    000000018000393e     Communication.exp
 0002:00000961       $N00006                    0000000180003961     Communication.exp
 0002:00000991       $N00007                    0000000180003991     Communication.exp
 0002:00000cca       .idata$6                   0000000180003cca     Qt5Network:Qt5Network.dll
 0002:00000e0a       .idata$6                   0000000180003e0a     Qt5Core:Qt5Core.dll
 0002:00000f54       .idata$6                   0000000180003f54     kernel32:KERNEL32.dll
 0002:00000fba       .idata$6                   0000000180003fba     vcruntime:VCRUNTIME140.dll
 0002:0000109c       .idata$6                   000000018000409c     ucrt:api-ms-win-crt-runtime-l1-1-0.dll
 0003:00000040       ?__proc_attached@@3HA      0000000180005040     MSVCRT:dll_dllmain.obj
 0003:00000058       ?module_local_atexit_table@@3U_onexit_table_t@@A 0000000180005058     MSVCRT:utility.obj
 0003:00000070       ?module_local_at_quick_exit_table@@3U_onexit_table_t@@A 0000000180005070     MSVCRT:utility.obj
 0003:00000088       ?is_initialized_as_dll@@3_NA 0000000180005088     MSVCRT:utility.obj
 0004:00000000       $pdata$??0Communication@@QEAA@XZ 0000000180006000     communication.obj
 0004:0000000c       $pdata$?connectToServer@Communication@@QEAA_NAEBVQString@@G@Z 000000018000600c     communication.obj
 0004:00000018       $pdata$?disconnect@Communication@@QEAAXXZ 0000000180006018     communication.obj
 0004:00000024       $pdata$?readData@Communication@@QEAA?AVQByteArray@@H@Z 0000000180006024     communication.obj
 0004:00000030       $pdata$?write@Communication@@QEAA_JAEBVQByteArray@@@Z 0000000180006030     communication.obj
 0004:0000003c       $pdata$?dllmain_crt_dispatch@@YAHQEAUHINSTANCE__@@KQEAX@Z 000000018000603c     MSVCRT:dll_dllmain.obj
 0004:00000048       $pdata$?dllmain_crt_process_attach@@YAHQEAUHINSTANCE__@@QEAX@Z 0000000180006048     MSVCRT:dll_dllmain.obj
 0004:00000054       $pdata$?dllmain_crt_process_detach@@YAH_N@Z 0000000180006054     MSVCRT:dll_dllmain.obj
 0004:00000060       $pdata$?dllmain_dispatch@@YAHQEAUHINSTANCE__@@KQEAX@Z 0000000180006060     MSVCRT:dll_dllmain.obj
 0004:0000006c       $pdata$?dllmain_raw@@YAHQEAUHINSTANCE__@@KQEAX@Z 000000018000606c     MSVCRT:dll_dllmain.obj
 0004:00000078       $pdata$_DllMainCRTStartup  0000000180006078     MSVCRT:dll_dllmain.obj
 0004:00000084       $pdata$__scrt_acquire_startup_lock 0000000180006084     MSVCRT:utility.obj
 0004:00000090       $pdata$__scrt_dllmain_after_initialize_c 0000000180006090     MSVCRT:utility.obj
 0004:0000009c       $pdata$__scrt_dllmain_before_initialize_c 000000018000609c     MSVCRT:utility.obj
 0004:000000a8       $pdata$__scrt_dllmain_crt_thread_attach 00000001800060a8     MSVCRT:utility.obj
 0004:000000b4       $pdata$__scrt_dllmain_crt_thread_detach 00000001800060b4     MSVCRT:utility.obj
 0004:000000c0       $pdata$__scrt_dllmain_exception_filter 00000001800060c0     MSVCRT:utility.obj
 0004:000000cc       $pdata$__scrt_dllmain_uninitialize_c 00000001800060cc     MSVCRT:utility.obj
 0004:000000d8       $pdata$__scrt_dllmain_uninitialize_critical 00000001800060d8     MSVCRT:utility.obj
 0004:000000e4       $pdata$__scrt_initialize_crt 00000001800060e4     MSVCRT:utility.obj
 0004:000000f0       $pdata$__scrt_initialize_onexit_tables 00000001800060f0     MSVCRT:utility.obj
 0004:000000fc       $pdata$__scrt_is_nonwritable_in_current_image 00000001800060fc     MSVCRT:utility.obj
 0004:00000108       $pdata$__scrt_release_startup_lock 0000000180006108     MSVCRT:utility.obj
 0004:00000114       $pdata$__scrt_uninitialize_crt 0000000180006114     MSVCRT:utility.obj
 0004:00000120       $pdata$_onexit             0000000180006120     MSVCRT:utility.obj
 0004:0000012c       $pdata$atexit              000000018000612c     MSVCRT:utility.obj
 0004:00000138       $pdata$__security_init_cookie 0000000180006138     MSVCRT:gs_support.obj
 0004:00000144       $pdata$DllMain             0000000180006144     MSVCRT:dll_dllmain_stub.obj
 0004:00000150       $pdata$__scrt_initialize_default_local_stdio_options 0000000180006150     MSVCRT:default_local_stdio_options.obj
 0004:0000015c       $pdata$__scrt_fastfail     000000018000615c     MSVCRT:utility_desktop.obj
 0004:00000168       $pdata$_RTC_Initialize     0000000180006168     MSVCRT:_initsect_.obj
 0004:00000174       $pdata$_RTC_Terminate      0000000180006174     MSVCRT:_initsect_.obj
 0004:00000180       $pdata$__isa_available_init 0000000180006180     MSVCRT:_cpu_disp_.obj
 0004:00000198       $pdata$?fin$0@?0??dllmain_crt_process_attach@@YAHQEAUHINSTANCE__@@QEAX@Z@4HA 0000000180006198     MSVCRT:dll_dllmain.obj
 0004:000001a4       $pdata$?fin$0@?0??dllmain_crt_process_detach@@YAH_N@Z@4HA 00000001800061a4     MSVCRT:dll_dllmain.obj
 0004:000001b0       $pdata$?filt$0@?0??dllmain_dispatch@@YAHQEAUHINSTANCE__@@KQEAX@Z@4HA 00000001800061b0     MSVCRT:dll_dllmain.obj
 0004:000001bc       $pdata$__scrt_is_nonwritable_in_current_image$filt$0 00000001800061bc     MSVCRT:utility.obj
 0005:00000000       __guard_fids_?dllmain_crt_process_attach@@YAHQEAUHINSTANCE__@@QEAX@Z 0000000180007000     MSVCRT:dll_dllmain.obj
 0005:00000008       __guard_fids_?dllmain_dispatch@@YAHQEAUHINSTANCE__@@KQEAX@Z 0000000180007008     MSVCRT:dll_dllmain.obj
 0005:0000000c       __guard_fids__             000000018000700c     MSVCRT:guard_support.obj
 0006:00000060       $R000000                   0000000180008060     * linker generated manifest res *
