 MindGoTool_AllInOne

 Timestamp is 59a10587 (Sat Aug 26 13:22:15 2017)

 Preferred load address is 00400000

 Start         Length     Name                   Class
 0001:00000000 00000160H .text$di                CODE
 0001:00000160 00021ba0H .text$mn                CODE
 0001:00021d00 00004490H .text$x                 CODE
 0001:00026190 00000107H .text$yd                CODE
 0002:00000000 000005e4H .idata$5                DATA
 0002:000005e4 00000004H .00cfg                  DATA
 0002:000005e8 00000004H .CRT$XCA                DATA
 0002:000005ec 00000004H .CRT$XCAA               DATA
 0002:000005f0 00000004H .CRT$XCL                DATA
 0002:000005f4 00000048H .CRT$XCU                DATA
 0002:0000063c 00000004H .CRT$XCZ                DATA
 0002:00000640 00000004H .CRT$XIA                DATA
 0002:00000644 00000004H .CRT$XIAA               DATA
 0002:00000648 00000004H .CRT$XIAC               DATA
 0002:0000064c 00000004H .CRT$XIC                DATA
 0002:00000650 00000004H .CRT$XIZ                DATA
 0002:00000654 00000004H .CRT$XLA                DATA
 0002:00000658 00000004H .CRT$XLZ                DATA
 0002:0000065c 00000004H .CRT$XPA                DATA
 0002:00000660 00000004H .CRT$XPZ                DATA
 0002:00000664 00000004H .CRT$XTA                DATA
 0002:00000668 00000008H .CRT$XTZ                DATA
 0002:00000670 000531d4H .rdata                  DATA
 0002:00053844 00000018H .rdata$T                DATA
 0002:0005385c 00000ad4H .rdata$r                DATA
 0002:00054330 0000026cH .rdata$sxdata           DATA
 0002:0005459c 000003e0H .rdata$zzzdbg           DATA
 0002:0005497c 00000004H .rtc$IAA                DATA
 0002:00054980 00000004H .rtc$IZZ                DATA
 0002:00054984 00000004H .rtc$TAA                DATA
 0002:00054988 00000008H .rtc$TZZ                DATA
 0002:00054990 00004c44H .xdata$x                DATA
 0002:000595d4 00000000H ATL$__a                 DATA
 0002:000595d4 00000000H ATL$__z                 DATA
 0002:000595d4 00000000H .edata                  DATA
 0002:000595d4 00000140H .idata$2                DATA
 0002:00059714 00000014H .idata$3                DATA
 0002:00059728 000005e4H .idata$4                DATA
 0002:00059d0c 0000334aH .idata$6                DATA
 0003:00000000 000001c8H .data                   DATA
 0003:000001c8 000005c8H .data$r                 DATA
 0003:00000790 00000464H .bss                    DATA
 0004:00000000 00000058H .gfids$y                DATA
 0005:00000000 00000004H .tls                    DATA
 0005:00000004 00000004H .tls$                   DATA
 0005:00000008 00000001H .tls$ZZZ                DATA
 0006:00000000 00000060H .rsrc$01                DATA
 0006:00000060 00000290H .rsrc$02                DATA

  Address         Publics by Value              Rva+Base       Lib:Object

 0000:00000000       ___guard_iat_count         00000000     <absolute>
 0000:00000000       ___guard_longjmp_count     00000000     <absolute>
 0000:00000000       ___guard_fids_table        00000000     <absolute>
 0000:00000000       ___guard_longjmp_table     00000000     <absolute>
 0000:00000000       ___guard_iat_table         00000000     <absolute>
 0000:00000000       ___guard_fids_count        00000000     <absolute>
 0000:00000000       ___dynamic_value_reloc_table 00000000     <absolute>
 0000:0000002c       __tls_array                0000002c     <absolute>
 0000:0000009b       ___safe_se_handler_count   0000009b     <absolute>
 0000:00000100       ___guard_flags             00000100     <absolute>
 0000:00000000       ___ImageBase               00400000     <linker-defined>
 0001:00000160       ??0Communication@@QAE@PAVQObject@@@Z 00401160 f   communication.obj
 0001:000001d0       ??_GCommunication@@UAEPAXI@Z 004011d0 f i communication.obj
 0001:000001d0       ??_ECommunication@@UAEPAXI@Z 004011d0 f i communication.obj
 0001:00000200       ?connectToServer@Communication@@QAE_NABVQString@@G@Z 00401200 f   communication.obj
 0001:000003f0       ?disconnect@Communication@@QAEXXZ 004013f0 f   communication.obj
 0001:000004a0       ?disconnectLater@Communication@@QAEXH@Z 004014a0 f   communication.obj
 0001:000004d0       ?readData@Communication@@QAE?AVQByteArray@@H@Z 004014d0 f   communication.obj
 0001:00000550       ?timerEvent@Communication@@MAEXPAVQTimerEvent@@@Z 00401550 f   communication.obj
 0001:00000580       ?write@Communication@@QAE_JABVQByteArray@@@Z 00401580 f   communication.obj
 0001:000005d0       ??$connect@P8QThread@@AEXUQPrivateSignal@1@@ZP8QObject@@AEXXZ@QObject@@SA?AVConnection@QMetaObject@@PBVQThread@@P83@AEXUQPrivateSignal@3@@ZPBV0@P80@AEXXZW4ConnectionType@Qt@@@Z 004015d0 f i workflowprotocol.obj
 0001:00000630       ??$connect@P8SubThreadWorker@@AEXABVQJsonObject@@@ZP8WorkflowController@@AEX0@Z@QObject@@SA?AVConnection@QMetaObject@@PBVSubThreadWorker@@P83@AEXABVQJsonObject@@@ZPBVWorkflowController@@P85@AEX1@ZW4ConnectionType@Qt@@@Z 00401630 f i workflowprotocol.obj
 0001:000006a0       ??$connect@P8SubThreadWorker@@AEXABVQString@@H@ZP8WorkflowController@@AEX0H@Z@QObject@@SA?AVConnection@QMetaObject@@PBVSubThreadWorker@@P83@AEXABVQString@@H@ZPBVWorkflowController@@P85@AEX1H@ZW4ConnectionType@Qt@@@Z 004016a0 f i workflowprotocol.obj
 0001:00000710       ??$connect@P8WorkflowController@@AEXABVQJsonObject@@@ZP8SubThreadWorker@@AEX0@Z@QObject@@SA?AVConnection@QMetaObject@@PBVWorkflowController@@P83@AEXABVQJsonObject@@@ZPBVSubThreadWorker@@P85@AEX1@ZW4ConnectionType@Qt@@@Z 00401710 f i workflowprotocol.obj
 0001:00000780       ??$connect@P8WorkflowController@@AEXABVQString@@@ZP8SubThreadWorker@@AEX0@Z@QObject@@SA?AVConnection@QMetaObject@@PBVWorkflowController@@P83@AEXABVQString@@@ZPBVSubThreadWorker@@P85@AEX1@ZW4ConnectionType@Qt@@@Z 00401780 f i workflowprotocol.obj
 0001:000007f0       ??$connect@P8WorkflowController@@AEXABVQString@@G@ZP8SubThreadWorker@@AEX0G@Z@QObject@@SA?AVConnection@QMetaObject@@PBVWorkflowController@@P83@AEXABVQString@@G@ZPBVSubThreadWorker@@P85@AEX1G@ZW4ConnectionType@Qt@@@Z 004017f0 f i workflowprotocol.obj
 0001:00000860       ??$connect@P8WorkflowController@@AEXXZP8SubThreadWorker@@AEXXZ@QObject@@SA?AVConnection@QMetaObject@@PBVWorkflowController@@P83@AEXXZPBVSubThreadWorker@@P84@AEXXZW4ConnectionType@Qt@@@Z 00401860 f i workflowprotocol.obj
 0001:000008c0       ??$formatWord@E@WorkflowProtocol@@IAE?AVQByteArray@@E@Z 004018c0 f i workflowprotocol.obj
 0001:000008f0       ??$formatWord@G@WorkflowProtocol@@IAE?AVQByteArray@@G@Z 004018f0 f i workflowprotocol.obj
 0001:00000920       ??0?$QList@VQString@@@@QAE@ABV0@@Z 00401920 f i workflowprotocol.obj
 0001:000009d0       ??0WorkflowController@@QAE@PAVQObject@@@Z 004019d0 f   workflowprotocol.obj
 0001:00000c20       ??1?$QList@UloopControl@SubThreadWorker@@@@QAE@XZ 00401c20 f i workflowprotocol.obj
 0001:00000c80       ??1?$QList@VQString@@@@QAE@XZ 00401c80 f i workflowprotocol.obj
 0001:00000d10       ??1SubThreadWorker@@UAE@XZ 00401d10 f   workflowprotocol.obj
 0001:00000dd0       ??1WorkflowController@@UAE@XZ 00401dd0 f   workflowprotocol.obj
 0001:00000e40       ??4?$QList@UloopControl@SubThreadWorker@@@@QAEAAV0@$$QAV0@@Z 00401e40 f i workflowprotocol.obj
 0001:00000ef0       ??_GRunningStateChangeEvent@@UAEPAXI@Z 00401ef0 f i workflowprotocol.obj
 0001:00000ef0       ??_ERunningStateChangeEvent@@UAEPAXI@Z 00401ef0 f i workflowprotocol.obj
 0001:00000f20       ??_EStatusChangeEvent@@UAEPAXI@Z 00401f20 f i workflowprotocol.obj
 0001:00000f20       ??_GStatusChangeEvent@@UAEPAXI@Z 00401f20 f i workflowprotocol.obj
 0001:00000f20       ??_GCheckStateChangeEvent@@UAEPAXI@Z 00401f20 f i workflowChecker.obj
 0001:00000f20       ??_ECheckStateChangeEvent@@UAEPAXI@Z 00401f20 f i workflowChecker.obj
 0001:00000f50       ??_ESubThreadWorker@@UAEPAXI@Z 00401f50 f i workflowprotocol.obj
 0001:00000f50       ??_GSubThreadWorker@@UAEPAXI@Z 00401f50 f i workflowprotocol.obj
 0001:00000f70       ??_GWorkflowController@@UAEPAXI@Z 00401f70 f i workflowprotocol.obj
 0001:00000f70       ??_EWorkflowController@@UAEPAXI@Z 00401f70 f i workflowprotocol.obj
 0001:00001000       ?append@?$QList@UloopControl@SubThreadWorker@@@@QAEXABUloopControl@SubThreadWorker@@@Z 00402000 f i workflowprotocol.obj
 0001:000010b0       ?append@?$QList@VQString@@@@QAEXABVQString@@@Z 004020b0 f i workflowprotocol.obj
 0001:00001160       ?changeHost@SubThreadWorker@@QAEXABVQString@@G@Z 00402160 f   workflowprotocol.obj
 0001:00001180       ?clear@?$QList@UloopControl@SubThreadWorker@@@@QAEXXZ 00402180 f i workflowprotocol.obj
 0001:00001220       ?configProtocol@SubThreadWorker@@QAEXABVQString@@@Z 00402220 f   workflowprotocol.obj
 0001:00001230       ?dealloc@?$QList@UloopControl@SubThreadWorker@@@@AAEXPAUData@QListData@@@Z 00402230 f i workflowprotocol.obj
 0001:00001280       ?detach_helper@?$QList@UloopControl@SubThreadWorker@@@@AAEXH@Z 00402280 f i workflowprotocol.obj
 0001:00001350       ?detach_helper_grow@?$QList@UloopControl@SubThreadWorker@@@@AAEPAUNode@1@HH@Z 00402350 f i workflowprotocol.obj
 0001:000014a0       ?detach_helper_grow@?$QList@VQString@@@@AAEPAUNode@1@HH@Z 004024a0 f i workflowprotocol.obj
 0001:00001620       ?doTunning@SubThreadWorker@@QAEXABVQJsonObject@@@Z 00402620 f   workflowprotocol.obj
 0001:000017a0       ?doWork@SubThreadWorker@@QAEXABVQJsonObject@@@Z 004027a0 f   workflowprotocol.obj
 0001:00001b20       ?erase@?$QList@UloopControl@SubThreadWorker@@@@QAE?AViterator@1@V21@@Z 00402b20 f i workflowprotocol.obj
 0001:00001ba0       ?formatRecvFrameToJsonObject@WorkflowProtocol@@QAE_NAAVQJsonObject@@@Z 00402ba0 f   workflowprotocol.obj
 0001:00001c40       ?handleControlCommand@SubThreadWorker@@IAE_NAAVCommunication@@AAVQJsonObject@@@Z 00402c40 f   workflowprotocol.obj
 0001:00002780       ?handleLogicalCommand@SubThreadWorker@@IAE_NAAVQJsonObject@@AAH@Z 00403780 f   workflowprotocol.obj
 0001:00003050       ?handleLoopCommand@SubThreadWorker@@IAE_NAAVQJsonObject@@AAH@Z 00404050 f   workflowprotocol.obj
 0001:00003840       ?impl@?$QSlotObject@P8SubThreadWorker@@AEXABVQString@@@ZU?$List@ABVQString@@@QtPrivate@@X@QtPrivate@@CAXHPAVQSlotObjectBase@2@PAVQObject@@PAPAXPA_N@Z 00404840 f i workflowprotocol.obj
 0001:00003840       ?impl@?$QSlotObject@P8SubThreadCheckWorker@@AEXABVQJsonObject@@@ZU?$List@ABVQJsonObject@@@QtPrivate@@X@QtPrivate@@CAXHPAVQSlotObjectBase@2@PAVQObject@@PAPAXPA_N@Z 00404840 f i workflowChecker.obj
 0001:00003840       ?impl@?$QSlotObject@P8SubThreadWorker@@AEXABVQJsonObject@@@ZU?$List@ABVQJsonObject@@@QtPrivate@@X@QtPrivate@@CAXHPAVQSlotObjectBase@2@PAVQObject@@PAPAXPA_N@Z 00404840 f i workflowprotocol.obj
 0001:00003840       ?impl@?$QSlotObject@P8SubThreadCheckWorker@@AEXABVQJsonArray@@@ZU?$List@ABVQJsonArray@@@QtPrivate@@X@QtPrivate@@CAXHPAVQSlotObjectBase@2@PAVQObject@@PAPAXPA_N@Z 00404840 f i workflowChecker.obj
 0001:00003840       ?impl@?$QSlotObject@P8WorkflowCheckerController@@AEXABVQJsonObject@@@ZU?$List@ABVQJsonObject@@@QtPrivate@@X@QtPrivate@@CAXHPAVQSlotObjectBase@2@PAVQObject@@PAPAXPA_N@Z 00404840 f i workflowChecker.obj
 0001:00003840       ?impl@?$QSlotObject@P8WorkflowController@@AEXABVQJsonObject@@@ZU?$List@ABVQJsonObject@@@QtPrivate@@X@QtPrivate@@CAXHPAVQSlotObjectBase@2@PAVQObject@@PAPAXPA_N@Z 00404840 f i workflowprotocol.obj
 0001:000038a0       ?impl@?$QSlotObject@P8SubThreadWorker@@AEXABVQString@@G@ZU?$List@ABVQString@@G@QtPrivate@@X@QtPrivate@@CAXHPAVQSlotObjectBase@2@PAVQObject@@PAPAXPA_N@Z 004048a0 f i workflowprotocol.obj
 0001:00003900       ?impl@?$QSlotObject@P8WorkflowController@@AEXABVQString@@H@ZU?$List@ABVQString@@H@QtPrivate@@X@QtPrivate@@CAXHPAVQSlotObjectBase@2@PAVQObject@@PAPAXPA_N@Z 00404900 f i workflowprotocol.obj
 0001:00003960       ?init@WorkflowController@@QAEXABVQString@@@Z 00404960 f   workflowprotocol.obj
 0001:00003970       ?initProtocol@WorkflowProtocol@@QAE_NABVQString@@@Z 00404970 f   workflowprotocol.obj
 0001:00003ac0       ?isDummyCommand@SubThreadWorker@@IAE_NABVQString@@@Z 00404ac0 f   workflowprotocol.obj
 0001:00003d10       ?isLogicalCommand@SubThreadWorker@@IAE_NABVQString@@@Z 00404d10 f   workflowprotocol.obj
 0001:00003f30       ?isLoopCommand@SubThreadWorker@@IAE_NABVQString@@@Z 00404f30 f   workflowprotocol.obj
 0001:00004180       ?node_copy@?$QList@UloopControl@SubThreadWorker@@@@AAEXPAUNode@1@00@Z 00405180 f i workflowprotocol.obj
 0001:00004220       ?node_copy@?$QList@VQString@@@@AAEXPAUNode@1@00@Z 00405220 f i workflowprotocol.obj
 0001:00004260       ?node_destruct@?$QList@UloopControl@SubThreadWorker@@@@AAEXPAUNode@1@0@Z 00405260 f i workflowprotocol.obj
 0001:00004290       ?node_destruct@?$QList@VQString@@@@AAEXPAUNode@1@0@Z 00405290 f i workflowprotocol.obj
 0001:000042c0       ?parseAckFrame@WorkflowProtocol@@QAE_NABVQByteArray@@AAVQJsonObject@@@Z 004052c0 f   workflowprotocol.obj
 0001:000043a0       ?parseJsonObjectToSendFrame@WorkflowProtocol@@QAE_NABVQJsonObject@@AAV2@@Z 004053a0 f   workflowprotocol.obj
 0001:00004a70       ?pauseCurrentTask@WorkflowController@@QAEXXZ 00405a70 f   workflowprotocol.obj
 0001:00004a90       ?pauseTask@SubThreadWorker@@QAEXXZ 00405a90 f   workflowprotocol.obj
 0001:00004aa0       ?pop_back@?$QList@UloopControl@SubThreadWorker@@@@QAEXXZ 00405aa0 f i workflowprotocol.obj
 0001:00004ae0       ?runTask@WorkflowController@@QAEXABVQJsonObject@@@Z 00405ae0 f   workflowprotocol.obj
 0001:00004b30       ?runTunning@WorkflowController@@QAEXABVQJsonObject@@@Z 00405b30 f   workflowprotocol.obj
 0001:00004b80       ?serializeSendFrame@WorkflowProtocol@@QAE?AVQByteArray@@XZ 00405b80 f   workflowprotocol.obj
 0001:00004ce0       ?sethost@WorkflowController@@QAEXABVQString@@G@Z 00405ce0 f   workflowprotocol.obj
 0001:00004cf0       ?statusChanged@WorkflowController@@QAEXABVQJsonObject@@@Z 00405cf0 f   workflowprotocol.obj
 0001:00004d90       ?stopCurrentTask@WorkflowController@@QAEXXZ 00405d90 f   workflowprotocol.obj
 0001:00004dc0       ?stopTask@SubThreadWorker@@QAEXXZ 00405dc0 f   workflowprotocol.obj
 0001:00004dd0       ?taskStateChanged@WorkflowController@@QAEXABVQString@@H@Z 00405dd0 f   workflowprotocol.obj
 0001:00004e80       ?types@?$ConnectionTypes@U?$List@ABVQJsonObject@@@QtPrivate@@$00@QtPrivate@@SAPBHXZ 00405e80 f i workflowprotocol.obj
 0001:00004ee0       ?types@?$ConnectionTypes@U?$List@ABVQString@@@QtPrivate@@$00@QtPrivate@@SAPBHXZ 00405ee0 f i workflowprotocol.obj
 0001:00004f40       ?types@?$ConnectionTypes@U?$List@ABVQString@@G@QtPrivate@@$00@QtPrivate@@SAPBHXZ 00405f40 f i workflowprotocol.obj
 0001:00004fb0       ?types@?$ConnectionTypes@U?$List@ABVQString@@H@QtPrivate@@$00@QtPrivate@@SAPBHXZ 00405fb0 f i workflowprotocol.obj
 0001:00005020       ?unserializeRecvFrame@WorkflowProtocol@@QAEXABVQByteArray@@@Z 00406020 f   workflowprotocol.obj
 0001:00005160       ?updateStopState@SubThreadWorker@@QAEXXZ 00406160 f   workflowprotocol.obj
 0001:000051a0       ??0?$QList@H@@QAE@ABV0@@Z  004061a0 f i configfilehandler.obj
 0001:000051a0       ??0?$QList@PAVQObject@@@@QAE@ABV0@@Z 004061a0 f i workmodels.obj
 0001:00005250       ??0?$QList@VOperationParamData@@@@QAE@ABV0@@Z 00406250 f i configfilehandler.obj
 0001:00005300       ??0?$QList@VSingleOperationData@@@@QAE@ABV0@@Z 00406300 f i configfilehandler.obj
 0001:000053b0       ??0OperationParamData@@QAE@ABV0@@Z 004063b0 f i configfilehandler.obj
 0001:00005530       ??0OperationParamData@@QAE@ABVQString@@00ABVQStringList@@_NHH0V?$QList@H@@00HH2H@Z 00406530 f i configfilehandler.obj
 0001:000056d0       ??0OperationParamData@@QAE@XZ 004066d0 f i configfilehandler.obj
 0001:00005740       ??0SingleOperationData@@QAE@ABV0@@Z 00406740 f i configfilehandler.obj
 0001:000057b0       ??0configFileHandler@@QAE@PAVQObject@@@Z 004067b0 f   configfilehandler.obj
 0001:00005810       ??1?$QList@VOperationParamData@@@@QAE@XZ 00406810 f i configfilehandler.obj
 0001:00005870       ??1?$QList@VQByteArray@@@@QAE@XZ 00406870 f i configfilehandler.obj
 0001:00005900       ??1?$QList@VSingleOperationData@@@@QAE@XZ 00406900 f i configfilehandler.obj
 0001:00005980       ??1?$QList@VSinglePlanData@@@@QAE@XZ 00406980 f i configfilehandler.obj
 0001:00005a00       ??1?$QMap@VQString@@V1@@@QAE@XZ 00406a00 f i configfilehandler.obj
 0001:00005a80       ??1?$QMap@VQString@@VOperationParamData@@@@QAE@XZ 00406a80 f i configfilehandler.obj
 0001:00005b20       ??1?$QMap@VQString@@VQStringList@@@@QAE@XZ 00406b20 f i configfilehandler.obj
 0001:00005bc0       ??1OperationParamData@@QAE@XZ 00406bc0 f i configfilehandler.obj
 0001:00005c70       ??1QJsonValuePtr@@QAE@XZ   00406c70 f i configfilehandler.obj
 0001:00005c80       ??1SingleOperationData@@QAE@XZ 00406c80 f i configfilehandler.obj
 0001:00005cf0       ??1SinglePlanData@@QAE@XZ  00406cf0 f i configfilehandler.obj
 0001:00005d80       ??1configFileHandler@@UAE@XZ 00406d80 f i configfilehandler.obj
 0001:00005da0       ??4?$QList@H@@QAEAAV0@$$QAV0@@Z 00406da0 f i configfilehandler.obj
 0001:00005da0       ??4?$QList@PAVQObject@@@@QAEAAV0@$$QAV0@@Z 00406da0 f i workmodels.obj
 0001:00005e20       ??4?$QList@VSinglePlanData@@@@QAEAAV0@$$QAV0@@Z 00406e20 f i configfilehandler.obj
 0001:00005ec0       ??4OperationParamData@@QAEAAV0@ABV0@@Z 00406ec0 f i configfilehandler.obj
 0001:00005fe0       ??4QStringList@@QAEAAV0@ABV0@@Z 00406fe0 f i configfilehandler.obj
 0001:00006020       ??A?$QList@VQString@@@@QAEAAVQString@@H@Z 00407020 f i configfilehandler.obj
 0001:00006050       ??A?$QMap@VQString@@V1@@@QAEAAVQString@@ABV1@@Z 00407050 f i configfilehandler.obj
 0001:00006110       ??A?$QMap@VQString@@VOperationParamData@@@@QAEAAVOperationParamData@@ABVQString@@@Z 00407110 f i configfilehandler.obj
 0001:000061d0       ??A?$QMap@VQString@@VOperationParamData@@@@QBE?BVOperationParamData@@ABVQString@@@Z 004071d0 f i configfilehandler.obj
 0001:00006240       ??A?$QMap@VQString@@VQStringList@@@@QAEAAVQStringList@@ABVQString@@@Z 00407240 f i configfilehandler.obj
 0001:00006300       ??Cconst_iterator@QJsonArray@@QBE?AVQJsonValuePtr@@XZ 00407300 f i configfilehandler.obj
 0001:00006370       ??H@YA?BVQString@@ABV0@D@Z 00407370 f i configfilehandler.obj
 0001:000063f0       ??H@YA?BVQString@@ABV0@PBD@Z 004073f0 f i configfilehandler.obj
 0001:00006480       ??H@YA?BVQString@@PBDABV0@@Z 00407480 f i configfilehandler.obj
 0001:000064f0       ??_GSingleOperationData@@QAEPAXI@Z 004074f0 f i configfilehandler.obj
 0001:00006570       ??_GSinglePlanData@@QAEPAXI@Z 00407570 f i configfilehandler.obj
 0001:00006610       ??_EconfigFileHandler@@UAEPAXI@Z 00407610 f i configfilehandler.obj
 0001:00006610       ??_GconfigFileHandler@@UAEPAXI@Z 00407610 f i configfilehandler.obj
 0001:00006640       ?ConvertCSVtoJSON@configFileHandler@@QAE_NABVQString@@0@Z 00407640 f   configfilehandler.obj
 0001:00006830       ?ConvertJSONtoCSV@configFileHandler@@QAE_NABVQString@@0@Z 00407830 f   configfilehandler.obj
 0001:00006b20       ?GetLicense@configFileHandler@@QAE?AVQString@@XZ 00407b20 f   configfilehandler.obj
 0001:00006bb0       ?ImportConfig@configFileHandler@@QAE_NAAVQJsonObject@@ABVQByteArray@@@Z 00407bb0 f   configfilehandler.obj
 0001:00006cf0       ?ImportPlan@configFileHandler@@QAE_NABV?$QList@VQByteArray@@@@AAVQJsonObject@@@Z 00407cf0 f   configfilehandler.obj
 0001:00007600       ?ImportWorkSpace@configFileHandler@@QAE_NABV?$QList@VQByteArray@@@@AAVQJsonObject@@@Z 00408600 f   configfilehandler.obj
 0001:00007f60       ?ParseHostIP@configFileHandler@@QAE?AVQString@@XZ 00408f60 f   configfilehandler.obj
 0001:00008030       ?ParseHostPort@configFileHandler@@QAEFXZ 00409030 f   configfilehandler.obj
 0001:00008110       ?ParseHostSingleOperationThreshold@configFileHandler@@QAEHXZ 00409110 f   configfilehandler.obj
 0001:000081f0       ?ParseListMap@configFileHandler@@QAE?AV?$QMap@VQString@@VQStringList@@@@ABVQString@@@Z 004091f0 f   configfilehandler.obj
 0001:00008490       ?ParseMap@configFileHandler@@QAE?AV?$QMap@VQString@@V1@@@ABVQString@@@Z 00409490 f   configfilehandler.obj
 0001:000085e0       ?ParseMapRevertKeyValue@configFileHandler@@QAE?AV?$QMap@VQString@@V1@@@ABVQString@@@Z 004095e0 f   configfilehandler.obj
 0001:00008740       ?ParseParamValue@configFileHandler@@QAE?AV?$QMap@VQString@@VOperationParamData@@@@ABVQString@@@Z 00409740 f   configfilehandler.obj
 0001:000099d0       ?ParsePlan@configFileHandler@@QAE?AVQString@@ABVQJsonArray@@@Z 0040a9d0 f   configfilehandler.obj
 0001:0000a090       ?ParsePlanList@configFileHandler@@QAEXAAV?$QList@VSinglePlanData@@@@ABV?$QMap@VQString@@VOperationParamData@@@@@Z 0040b090 f   configfilehandler.obj
 0001:0000abf0       ?ParseWorkPlaceConstraint@configFileHandler@@QAE?AVQJsonArray@@XZ 0040bbf0 f   configfilehandler.obj
 0001:0000ac90       ?ParseWorkSpace@configFileHandler@@QAE?AVQString@@ABVQJsonObject@@@Z 0040bc90 f   configfilehandler.obj
 0001:0000b270       ?ParseWorkSpaceTypeList@configFileHandler@@QAEXAAVQJsonObject@@@Z 0040c270 f   configfilehandler.obj
 0001:0000b310       ?SaveMachineConfig@configFileHandler@@QAE_NABVQString@@ABVMachineConfigData@@ABVQJsonObject@@@Z 0040c310 f   configfilehandler.obj
 0001:0000b6e0       ?SavePlanList@configFileHandler@@QAE_NABVQString@@ABV?$QList@VSinglePlanData@@@@ABV?$QMap@VQString@@VQStringList@@@@@Z 0040c6e0 f   configfilehandler.obj
 0001:0000bfb0       ?append@?$QList@H@@QAEXABH@Z 0040cfb0 f i configfilehandler.obj
 0001:0000bfb0       ?append@?$QList@PAVQObject@@@@QAEXABQAVQObject@@@Z 0040cfb0 f i workmodels.obj
 0001:0000c040       ?append@?$QList@VOperationParamData@@@@QAEXABVOperationParamData@@@Z 0040d040 f i configfilehandler.obj
 0001:0000c100       ?append@?$QList@VSingleOperationData@@@@QAEXABVSingleOperationData@@@Z 0040d100 f i configfilehandler.obj
 0001:0000c1e0       ?append@?$QList@VSinglePlanData@@@@QAEXABVSinglePlanData@@@Z 0040d1e0 f i configfilehandler.obj
 0001:0000c2c0       ?clear@?$QList@VSinglePlanData@@@@QAEXXZ 0040d2c0 f i configfilehandler.obj
 0001:0000c350       ?copy@?$QMapNode@VQString@@V1@@@QBEPAU1@PAU?$QMapData@VQString@@V1@@@@Z 0040d350 f i configfilehandler.obj
 0001:0000c3d0       ?copy@?$QMapNode@VQString@@VOperationParamData@@@@QBEPAU1@PAU?$QMapData@VQString@@VOperationParamData@@@@@Z 0040d3d0 f i configfilehandler.obj
 0001:0000c450       ?copy@?$QMapNode@VQString@@VQStringList@@@@QBEPAU1@PAU?$QMapData@VQString@@VQStringList@@@@@Z 0040d450 f i configfilehandler.obj
 0001:0000c4d0       ?createNode@?$QMapData@VQString@@V1@@@QAEPAU?$QMapNode@VQString@@V1@@@ABVQString@@0PAU2@_N@Z 0040d4d0 f i configfilehandler.obj
 0001:0000c510       ?createNode@?$QMapData@VQString@@VOperationParamData@@@@QAEPAU?$QMapNode@VQString@@VOperationParamData@@@@ABVQString@@ABVOperationParamData@@PAU2@_N@Z 0040d510 f i configfilehandler.obj
 0001:0000c5d0       ?createNode@?$QMapData@VQString@@VQStringList@@@@QAEPAU?$QMapNode@VQString@@VQStringList@@@@ABVQString@@ABVQStringList@@PAU2@_N@Z 0040d5d0 f i configfilehandler.obj
 0001:0000c690       ?dealloc@?$QList@VOperationParamData@@@@AAEXPAUData@QListData@@@Z 0040d690 f i configfilehandler.obj
 0001:0000c6f0       ?destroySubTree@?$QMapNode@VQString@@V1@@@QAEXXZ 0040d6f0 f i configfilehandler.obj
 0001:0000c720       ?destroySubTree@?$QMapNode@VQString@@VOperationParamData@@@@QAEXXZ 0040d720 f i configfilehandler.obj
 0001:0000c750       ?destroySubTree@?$QMapNode@VQString@@VQStringList@@@@QAEXXZ 0040d750 f i configfilehandler.obj
 0001:0000c780       ?detach_helper@?$QList@VQByteArray@@@@AAEXH@Z 0040d780 f i configfilehandler.obj
 0001:0000c870       ?detach_helper@?$QList@VQString@@@@AAEXH@Z 0040d870 f i configfilehandler.obj
 0001:0000c960       ?detach_helper@?$QMap@VQString@@V1@@@AAEXXZ 0040d960 f i configfilehandler.obj
 0001:0000c9e0       ?detach_helper@?$QMap@VQString@@VOperationParamData@@@@AAEXXZ 0040d9e0 f i configfilehandler.obj
 0001:0000ca80       ?detach_helper@?$QMap@VQString@@VQStringList@@@@AAEXXZ 0040da80 f i configfilehandler.obj
 0001:0000cb20       ?detach_helper_grow@?$QList@VOperationParamData@@@@AAEPAUNode@1@HH@Z 0040db20 f i configfilehandler.obj
 0001:0000cc70       ?detach_helper_grow@?$QList@VSingleOperationData@@@@AAEPAUNode@1@HH@Z 0040dc70 f i configfilehandler.obj
 0001:0000cde0       ?detach_helper_grow@?$QList@VSinglePlanData@@@@AAEPAUNode@1@HH@Z 0040dde0 f i configfilehandler.obj
 0001:0000cf50       ?insert@?$QMap@VQString@@V1@@@QAE?AViterator@1@ABVQString@@0@Z 0040df50 f i configfilehandler.obj
 0001:0000d020       ?insert@?$QMap@VQString@@VOperationParamData@@@@QAE?AViterator@1@ABVQString@@ABVOperationParamData@@@Z 0040e020 f i configfilehandler.obj
 0001:0000d0f0       ?insert@?$QMap@VQString@@VQStringList@@@@QAE?AViterator@1@ABVQString@@ABVQStringList@@@Z 0040e0f0 f i configfilehandler.obj
 0001:0000d1e0       ?key@iterator@QJsonObject@@QBE?AVQString@@XZ 0040e1e0 f i configfilehandler.obj
 0001:0000d200       ?loadConfigFile@configFileHandler@@QAE_NABVQString@@@Z 0040e200 f   configfilehandler.obj
 0001:0000d300       ?node_copy@?$QList@H@@AAEXPAUNode@1@00@Z 0040e300 f i configfilehandler.obj
 0001:0000d300       ?node_copy@?$QList@PAVQObject@@@@AAEXPAUNode@1@00@Z 0040e300 f i workmodels.obj
 0001:0000d330       ?node_copy@?$QList@VOperationParamData@@@@AAEXPAUNode@1@00@Z 0040e330 f i configfilehandler.obj
 0001:0000d400       ?node_copy@?$QList@VQByteArray@@@@AAEXPAUNode@1@00@Z 0040e400 f i configfilehandler.obj
 0001:0000d440       ?node_copy@?$QList@VSingleOperationData@@@@AAEXPAUNode@1@00@Z 0040e440 f i configfilehandler.obj
 0001:0000d510       ?node_copy@?$QList@VSinglePlanData@@@@AAEXPAUNode@1@00@Z 0040e510 f i configfilehandler.obj
 0001:0000d5e0       ?node_destruct@?$QList@VOperationParamData@@@@AAEXPAUNode@1@0@Z 0040e5e0 f i configfilehandler.obj
 0001:0000d620       ?node_destruct@?$QList@VSingleOperationData@@@@AAEXPAUNode@1@0@Z 0040e620 f i configfilehandler.obj
 0001:0000d6c0       ?node_destruct@?$QList@VSingleOperationData@@@@AAEXPAUNode@1@@Z 0040e6c0 f i configfilehandler.obj
 0001:0000d740       ?node_destruct@?$QList@VSinglePlanData@@@@AAEXPAUNode@1@0@Z 0040e740 f i configfilehandler.obj
 0001:0000d800       ?toList@configFileHandler@@QAE?AVQStringList@@ABVQString@@@Z 0040e800 f   configfilehandler.obj
 0001:0000d8e0       ?value@?$QMap@VQString@@VOperationParamData@@@@QBE?BVOperationParamData@@ABVQString@@ABV2@@Z 0040e8e0 f i configfilehandler.obj
 0001:0000d950       ??0EnvironmentVariant@@AAE@XZ 0040e950 f i environmentvariant.obj
 0001:0000dac0       ??0SingleOperationData@@QAE@$$QAV0@@Z 0040eac0 f i environmentvariant.obj
 0001:0000daf0       ??1?$QForeachContainer@V?$QList@VOperationParamData@@@@@@QAE@XZ 0040eaf0 f i configfilehandler.obj
 0001:0000daf0       ??1?$QForeachContainer@$$CBV?$QList@VOperationParamData@@@@@@QAE@XZ 0040eaf0 f i environmentvariant.obj
 0001:0000db50       ??1?$QForeachContainer@$$CBV?$QList@VSingleOperationData@@@@@@QAE@XZ 0040eb50 f i environmentvariant.obj
 0001:0000dbd0       ??1?$QForeachContainer@VQStringList@@@@QAE@XZ 0040ebd0 f i workflowprotocol.obj
 0001:0000dbd0       ??1?$QForeachContainer@$$CBVQStringList@@@@QAE@XZ 0040ebd0 f i environmentvariant.obj
 0001:0000dbd0       ??1QStringList@@QAE@XZ     0040ebd0 f i workflowprotocol.obj
 0001:0000dbe0       ??1?$QForeachContainer@VQJsonArray@@@@QAE@XZ 0040ebe0 f i environmentvariant.obj
 0001:0000dbf0       ??1ConfigFileConverter@@UAE@XZ 0040ebf0 f i environmentvariant.obj
 0001:0000dbf0       ??1AdministratorChecker@@UAE@XZ 0040ebf0 f i environmentvariant.obj
 0001:0000dc00       ??1EnvironmentVariant@@EAE@XZ 0040ec00 f i environmentvariant.obj
 0001:0000ddf0       ??1MachineConfigData@@QAE@XZ 0040edf0 f i environmentvariant.obj
 0001:0000de10       ??1TargetMachineObject@@UAE@XZ 0040ee10 f i environmentvariant.obj
 0001:0000de30       ??4?$QList@VSingleOperationData@@@@QAEAAV0@ABV0@@Z 0040ee30 f i environmentvariant.obj
 0001:0000ded0       ??4QStringList@@QAEAAV0@$$QAV0@@Z 0040eed0 f i environmentvariant.obj
 0001:0000df00       ??4SingleOperationData@@QAEAAV0@$$QAV0@@Z 0040ef00 f i environmentvariant.obj
 0001:0000df90       ??4SingleOperationData@@QAEAAV0@ABV0@@Z 0040ef90 f i environmentvariant.obj
 0001:0000e030       ??A?$QList@H@@QAEAAHH@Z    0040f030 f i environmentvariant.obj
 0001:0000e060       ??A?$QList@VSingleOperationData@@@@QAEAAVSingleOperationData@@H@Z 0040f060 f i environmentvariant.obj
 0001:0000e090       ??Dconst_iterator@QJsonArray@@QBE?AVQJsonValue@@XZ 0040f090 f i environmentvariant.obj
 0001:0000e0b0       ??H@YA?BVQString@@ABV0@0@Z 0040f0b0 f i environmentvariant.obj
 0001:0000e120       ??Y?$QList@VQString@@@@QAEAAV0@ABV0@@Z 0040f120 f i environmentvariant.obj
 0001:0000e220       ??_GAdministratorChecker@@UAEPAXI@Z 0040f220 f i environmentvariant.obj
 0001:0000e220       ??_EAdministratorChecker@@UAEPAXI@Z 0040f220 f i environmentvariant.obj
 0001:0000e250       ??_GConfigFileConverter@@UAEPAXI@Z 0040f250 f i environmentvariant.obj
 0001:0000e250       ??_EConfigFileConverter@@UAEPAXI@Z 0040f250 f i environmentvariant.obj
 0001:0000e280       ??_EEnvironmentVariant@@EAEPAXI@Z 0040f280 f i environmentvariant.obj
 0001:0000e280       ??_GEnvironmentVariant@@EAEPAXI@Z 0040f280 f i environmentvariant.obj
 0001:0000e2b0       ??_ETargetMachineObject@@UAEPAXI@Z 0040f2b0 f i environmentvariant.obj
 0001:0000e2b0       ??_GTargetMachineObject@@UAEPAXI@Z 0040f2b0 f i environmentvariant.obj
 0001:0000e2f0       ?AddPlan@EnvironmentVariant@@QAEXABVQString@@@Z 0040f2f0 f   environmentvariant.obj
 0001:0000e410       ?AddPlanStep@EnvironmentVariant@@QAEXHHH@Z 0040f410 f   environmentvariant.obj
 0001:0000e5b0       ?CopyPlanStep@EnvironmentVariant@@QAE?AVQString@@HHH@Z 0040f5b0 f   environmentvariant.obj
 0001:0000e6c0       ?ExportConfig@EnvironmentVariant@@QAE_NABVQString@@@Z 0040f6c0 f   environmentvariant.obj
 0001:0000e780       ?ImportConfig@EnvironmentVariant@@QAE_NABVQString@@@Z 0040f780 f   environmentvariant.obj
 0001:0000e850       ?LogicalControlList@EnvironmentVariant@@QAE?AVQStringList@@XZ 0040f850 f   environmentvariant.obj
 0001:0000e9f0       ?MovePlanStep@EnvironmentVariant@@QAEXHHH@Z 0040f9f0 f   environmentvariant.obj
 0001:0000ead0       ?OperationNameList@EnvironmentVariant@@QAE?AVQStringList@@XZ 0040fad0 f   environmentvariant.obj
 0001:0000ec70       ?PausePlan@EnvironmentVariant@@QAEXXZ 0040fc70 f   environmentvariant.obj
 0001:0000ec80       ?PlanList@EnvironmentVariant@@QAE?AVQStringList@@XZ 0040fc80 f   environmentvariant.obj
 0001:0000ed40       ?RemovePlan@EnvironmentVariant@@QAEXH@Z 0040fd40 f   environmentvariant.obj
 0001:0000ed70       ?RemovePlanStep@EnvironmentVariant@@QAEXHH@Z 0040fd70 f   environmentvariant.obj
 0001:0000edd0       ?SaveMachineConfig@EnvironmentVariant@@QAE_NABVMachineConfigData@@@Z 0040fdd0 f   environmentvariant.obj
 0001:0000eed0       ?SavePlan@EnvironmentVariant@@QAE_NXZ 0040fed0 f   environmentvariant.obj
 0001:0000ef50       ?SetPlanName@EnvironmentVariant@@QAEXHABVQString@@@Z 0040ff50 f   environmentvariant.obj
 0001:0000efa0       ?SetPlanStepSingleParam@EnvironmentVariant@@QAEXHHABVQString@@ABVQVariant@@@Z 0040ffa0 f   environmentvariant.obj
 0001:0000f140       ?SetPlanStepToDefault@EnvironmentVariant@@QAEXHHH@Z 00410140 f   environmentvariant.obj
 0001:0000f210       ?StartPlan@EnvironmentVariant@@QAEXHH@Z 00410210 f   environmentvariant.obj
 0001:0000fb20       ?StartTunning@EnvironmentVariant@@QAEXABVSingleOperationData@@@Z 00410b20 f   environmentvariant.obj
 0001:0000fd60       ?StepList@EnvironmentVariant@@QAE?AVQStringList@@H@Z 00410d60 f   environmentvariant.obj
 0001:000101a0       ?StopPlan@EnvironmentVariant@@QAEXXZ 004111a0 f   environmentvariant.obj
 0001:000101b0       ?begin@?$QList@VOperationParamData@@@@QAE?AViterator@1@XZ 004111b0 f i environmentvariant.obj
 0001:000101e0       ?calculateLicense@EnvironmentVariant@@QAEXABVQString@@@Z 004111e0 f   environmentvariant.obj
 0001:00010310       ?contains@?$QMap@VQString@@VQStringList@@@@QBE_NABVQString@@@Z 00411310 f i environmentvariant.obj
 0001:00010350       ?copyStep@EnvironmentVariant@@QAEXHH@Z 00411350 f   environmentvariant.obj
 0001:000103d0       ?defaultValue@EnvironmentVariant@@QAE?AVSingleOperationData@@ABVQString@@@Z 004113d0 f   environmentvariant.obj
 0001:00010600       ?detach_helper@?$QList@H@@AAEXH@Z 00411600 f i environmentvariant.obj
 0001:000106d0       ?detach_helper@?$QList@VOperationParamData@@@@AAEXH@Z 004116d0 f i environmentvariant.obj
 0001:000107a0       ?detach_helper@?$QList@VSingleOperationData@@@@AAEXH@Z 004117a0 f i environmentvariant.obj
 0001:00010880       ?detach_helper@?$QList@VSinglePlanData@@@@AAEXH@Z 00411880 f i environmentvariant.obj
 0001:00010960       ?formatSingleOperationParam@EnvironmentVariant@@QAE?AVQJsonArray@@ABVSingleOperationData@@@Z 00411960 f   environmentvariant.obj
 0001:00010e10       ?formatTipMotion@EnvironmentVariant@@QAEXABVSingleOperationData@@AAVQJsonArray@@@Z 00411e10 f   environmentvariant.obj
 0001:00012b20       ?getBoardTypeIndexByPosition@EnvironmentVariant@@QAEHH@Z 00413b20 f   environmentvariant.obj
 0001:00012dd0       ?getOperationIndex@EnvironmentVariant@@QAEHABVQString@@@Z 00413dd0 f   environmentvariant.obj
 0001:00012e40       ?getOperationParams@EnvironmentVariant@@QAE?AV?$QList@VOperationParamData@@@@H@Z 00413e40 f   environmentvariant.obj
 0001:00013020       ?getPlanBoardTypeIndexByPosition@EnvironmentVariant@@QAEHHH@Z 00414020 f   environmentvariant.obj
 0001:00013320       ?getWorkLocationTypeList@EnvironmentVariant@@QAE?AVQJsonObject@@XZ 00414320 f   environmentvariant.obj
 0001:00013340       ?initModels@EnvironmentVariant@@QAEXPAVQQmlContext@@@Z 00414340 f   environmentvariant.obj
 0001:000134a0       ?initProtocol@EnvironmentVariant@@QAEXABVQString@@@Z 004144a0 f   environmentvariant.obj
 0001:00013510       ?initUserConfig@EnvironmentVariant@@QAEXABVQString@@@Z 00414510 f   environmentvariant.obj
 0001:00013630       ?insert@?$QList@VSingleOperationData@@@@QAEXHABVSingleOperationData@@@Z 00414630 f i environmentvariant.obj
 0001:00013710       ?instance@EnvironmentVariant@@SAPAV1@XZ 00414710 f   environmentvariant.obj
 0001:00013770       ?parseConfigFile@EnvironmentVariant@@QAEXABVQString@@@Z 00414770 f   environmentvariant.obj
 0001:00013e50       ?pasteStep@EnvironmentVariant@@QAEXHH@Z 00414e50 f   environmentvariant.obj
 0001:00013ec0       ?planBoardConfig@EnvironmentVariant@@QAEHH@Z 00414ec0 f   environmentvariant.obj
 0001:00013f00       ?planSelectStepListModel@EnvironmentVariant@@QAE?AVQStringList@@H@Z 00414f00 f   environmentvariant.obj
 0001:00014300       ?planStepParam@EnvironmentVariant@@QAE?AVSingleOperationData@@HH@Z 00415300 f   environmentvariant.obj
 0001:00014660       ?removeAt@?$QList@VSingleOperationData@@@@QAEXH@Z 00415660 f i environmentvariant.obj
 0001:000146b0       ?removeAt@?$QList@VSinglePlanData@@@@QAEXH@Z 004156b0 f i environmentvariant.obj
 0001:00014710       ?setAdministrator@AdministratorChecker@@QAEX_N@Z 00415710 f i environmentvariant.obj
 0001:00014730       ?setIpAddress@TargetMachineObject@@QAEXABVQString@@@Z 00415730 f i environmentvariant.obj
 0001:00014770       ?setLicenseNumber@TargetMachineObject@@QAEXABVQString@@@Z 00415770 f i environmentvariant.obj
 0001:000147b0       ?setMaxReceiveTime@TargetMachineObject@@QAEXH@Z 004157b0 f i environmentvariant.obj
 0001:000147d0       ?setPlanBoardConfig@EnvironmentVariant@@QAEXHH@Z 004157d0 f   environmentvariant.obj
 0001:00014840       ?setPort@TargetMachineObject@@QAEXF@Z 00415840 f i environmentvariant.obj
 0001:00014860       ?setWorkLocationType@EnvironmentVariant@@QAE_NHHABVQString@@@Z 00415860 f   environmentvariant.obj
 0001:00014cc0       ?startCheckPlan@EnvironmentVariant@@QAEXH@Z 00415cc0 f   environmentvariant.obj
 0001:000155e0       ?stopCheckPlan@EnvironmentVariant@@QAEXXZ 004165e0 f   environmentvariant.obj
 0001:000155f0       ?updateWorkPlace@EnvironmentVariant@@QAE_NABVQJsonObject@@@Z 004165f0 f   environmentvariant.obj
 0001:00015640       ??$connect@P8QQmlEngine@@AEXXZP6AXXZ@QObject@@SA?AVConnection@QMetaObject@@PBVQQmlEngine@@P83@AEXXZPBV0@P6AXXZW4ConnectionType@Qt@@@Z 00416640 f i main.obj
 0001:000156a0       ??$createInto@VOperationParamObject@@@QQmlPrivate@@YAXPAX@Z 004166a0 f i main.obj
 0001:00015700       ??$createInto@VOperationParamSelector@@@QQmlPrivate@@YAXPAX@Z 00416700 f i main.obj
 0001:00015760       ??$createInto@VPlanController@@@QQmlPrivate@@YAXPAX@Z 00416760 f i main.obj
 0001:000157c0       ??$createInto@VPlanSelector@@@QQmlPrivate@@YAXPAX@Z 004167c0 f i main.obj
 0001:00015820       ??$createInto@VStatusViewWatcher@@@QQmlPrivate@@YAXPAX@Z 00416820 f i main.obj
 0001:00015880       ??$createInto@VTextFieldDoubleValidator@@@QQmlPrivate@@YAXPAX@Z 00416880 f i main.obj
 0001:000158e0       ??$createInto@VWorkLocationManager@@@QQmlPrivate@@YAXPAX@Z 004168e0 f i main.obj
 0001:00015940       ??$qRegisterNormalizedMetaType@PAVOperationParamObject@@@@YAHABVQByteArray@@PAPAVOperationParamObject@@W4DefinedType@?$MetaTypeDefinedHelper@PAVOperationParamObject@@$00@QtPrivate@@@Z 00416940 f i main.obj
 0001:000159a0       ??$qRegisterNormalizedMetaType@PAVOperationParamSelector@@@@YAHABVQByteArray@@PAPAVOperationParamSelector@@W4DefinedType@?$MetaTypeDefinedHelper@PAVOperationParamSelector@@$00@QtPrivate@@@Z 004169a0 f i main.obj
 0001:00015a00       ??$qRegisterNormalizedMetaType@PAVPlanController@@@@YAHABVQByteArray@@PAPAVPlanController@@W4DefinedType@?$MetaTypeDefinedHelper@PAVPlanController@@$00@QtPrivate@@@Z 00416a00 f i main.obj
 0001:00015a60       ??$qRegisterNormalizedMetaType@PAVPlanSelector@@@@YAHABVQByteArray@@PAPAVPlanSelector@@W4DefinedType@?$MetaTypeDefinedHelper@PAVPlanSelector@@$00@QtPrivate@@@Z 00416a60 f i main.obj
 0001:00015ac0       ??$qRegisterNormalizedMetaType@PAVStatusViewWatcher@@@@YAHABVQByteArray@@PAPAVStatusViewWatcher@@W4DefinedType@?$MetaTypeDefinedHelper@PAVStatusViewWatcher@@$00@QtPrivate@@@Z 00416ac0 f i main.obj
 0001:00015b20       ??$qRegisterNormalizedMetaType@PAVTextFieldDoubleValidator@@@@YAHABVQByteArray@@PAPAVTextFieldDoubleValidator@@W4DefinedType@?$MetaTypeDefinedHelper@PAVTextFieldDoubleValidator@@$00@QtPrivate@@@Z 00416b20 f i main.obj
 0001:00015b80       ??$qRegisterNormalizedMetaType@PAVWorkLocationManager@@@@YAHABVQByteArray@@PAPAVWorkLocationManager@@W4DefinedType@?$MetaTypeDefinedHelper@PAVWorkLocationManager@@$00@QtPrivate@@@Z 00416b80 f i main.obj
 0001:00015be0       ??$qmlRegisterType@VOperationParamObject@@@@YAHPBDHH0@Z 00416be0 f i main.obj
 0001:00015e90       ??$qmlRegisterType@VOperationParamSelector@@@@YAHPBDHH0@Z 00416e90 f i main.obj
 0001:00016140       ??$qmlRegisterType@VPlanController@@@@YAHPBDHH0@Z 00417140 f i main.obj
 0001:000163f0       ??$qmlRegisterType@VPlanSelector@@@@YAHPBDHH0@Z 004173f0 f i main.obj
 0001:000166a0       ??$qmlRegisterType@VStatusViewWatcher@@@@YAHPBDHH0@Z 004176a0 f i main.obj
 0001:00016950       ??$qmlRegisterType@VTextFieldDoubleValidator@@@@YAHPBDHH0@Z 00417950 f i main.obj
 0001:00016c00       ??$qmlRegisterType@VWorkLocationManager@@@@YAHPBDHH0@Z 00417c00 f i main.obj
 0001:00016eb0       ??0CComBSTR@ATL@@QAE@PBD@Z 00417eb0 f i main.obj
 0001:00016f40       ??1?$CAtlSafeAllocBufferManager@VCCRTAllocator@ATL@@@_ATL_SAFE_ALLOCA_IMPL@ATL@@QAE@XZ 00417f40 f i main.obj
 0001:00016f70       ??1?$CComPtr@UINetFwPolicy@@@ATL@@QAE@XZ 00417f70 f i main.obj
 0001:00016f70       ??1?$CComPtr@UINetFwProfile@@@ATL@@QAE@XZ 00417f70 f i main.obj
 0001:00016f70       ??1?$CComPtr@UINetFwAuthorizedApplication@@@ATL@@QAE@XZ 00417f70 f i main.obj
 0001:00016f70       ??1?$CComPtr@UINetFwMgr@@@ATL@@QAE@XZ 00417f70 f i main.obj
 0001:00016f70       ??1?$CComPtr@UINetFwAuthorizedApplications@@@ATL@@QAE@XZ 00417f70 f i main.obj
 0001:00016fb0       ??1?$QList@PAVQObject@@@@QAE@XZ 00417fb0 f i main.obj
 0001:00016fb0       ??1?$QList@H@@QAE@XZ       00417fb0 f i configfilehandler.obj
 0001:00017010       ??1?$QVarLengthArray@D$0DA@@@QAE@XZ 00418010 f i main.obj
 0001:00017010       ??1?$QVarLengthArray@D$0EA@@@QAE@XZ 00418010 f i main.obj
 0001:00017030       ??1?$basic_string@DU?$char_traits@D@std@@V?$allocator@D@2@@std@@QAE@XZ 00418030 f i main.obj
 0001:00017070       ??1CComBSTR@ATL@@QAE@XZ    00418070 f i main.obj
 0001:00017080       ??1OperationParamSelector@@UAE@XZ 00418080 f i main.obj
 0001:00017130       ??1RegisterType@QQmlPrivate@@QAE@XZ 00418130 f i main.obj
 0001:00017140       ??_G?$QQmlElement@VOperationParamObject@@@QQmlPrivate@@UAEPAXI@Z 00418140 f i main.obj
 0001:00017140       ??_E?$QQmlElement@VOperationParamObject@@@QQmlPrivate@@UAEPAXI@Z 00418140 f i main.obj
 0001:000171c0       ??_G?$QQmlElement@VOperationParamSelector@@@QQmlPrivate@@UAEPAXI@Z 004181c0 f i main.obj
 0001:000171c0       ??_E?$QQmlElement@VOperationParamSelector@@@QQmlPrivate@@UAEPAXI@Z 004181c0 f i main.obj
 0001:00017230       ??_E?$QQmlElement@VPlanController@@@QQmlPrivate@@UAEPAXI@Z 00418230 f i main.obj
 0001:00017230       ??_G?$QQmlElement@VPlanController@@@QQmlPrivate@@UAEPAXI@Z 00418230 f i main.obj
 0001:000172a0       ??_G?$QQmlElement@VPlanSelector@@@QQmlPrivate@@UAEPAXI@Z 004182a0 f i main.obj
 0001:000172a0       ??_E?$QQmlElement@VPlanSelector@@@QQmlPrivate@@UAEPAXI@Z 004182a0 f i main.obj
 0001:00017310       ??_G?$QQmlElement@VStatusViewWatcher@@@QQmlPrivate@@UAEPAXI@Z 00418310 f i main.obj
 0001:00017310       ??_E?$QQmlElement@VStatusViewWatcher@@@QQmlPrivate@@UAEPAXI@Z 00418310 f i main.obj
 0001:00017380       ??_E?$QQmlElement@VTextFieldDoubleValidator@@@QQmlPrivate@@UAEPAXI@Z 00418380 f i main.obj
 0001:00017380       ??_G?$QQmlElement@VTextFieldDoubleValidator@@@QQmlPrivate@@UAEPAXI@Z 00418380 f i main.obj
 0001:000173f0       ??_G?$QQmlElement@VWorkLocationManager@@@QQmlPrivate@@UAEPAXI@Z 004183f0 f i main.obj
 0001:000173f0       ??_E?$QQmlElement@VWorkLocationManager@@@QQmlPrivate@@UAEPAXI@Z 004183f0 f i main.obj
 0001:00017460       ??_GOperationParamObject@@UAEPAXI@Z 00418460 f i main.obj
 0001:00017460       ??_EOperationParamObject@@UAEPAXI@Z 00418460 f i main.obj
 0001:00017490       ?AtlThrowImpl@ATL@@YGXJ@Z  00418490 f i main.obj
 0001:000174b0       ?Construct@?$QMetaTypeFunctionHelper@PAVPlanSelector@@$00@QtMetaTypePrivate@@SAPAXPAXPBX@Z 004184b0 f i main.obj
 0001:000174b0       ?Construct@?$QMetaTypeFunctionHelper@PAVWorkLocationManager@@$00@QtMetaTypePrivate@@SAPAXPAXPBX@Z 004184b0 f i main.obj
 0001:000174b0       ?Construct@?$QMetaTypeFunctionHelper@PAVOperationParamSelector@@$00@QtMetaTypePrivate@@SAPAXPAXPBX@Z 004184b0 f i main.obj
 0001:000174b0       ?Construct@?$QMetaTypeFunctionHelper@PAVOperationParamObject@@$00@QtMetaTypePrivate@@SAPAXPAXPBX@Z 004184b0 f i main.obj
 0001:000174b0       ?Construct@?$QMetaTypeFunctionHelper@PAVPlanController@@$00@QtMetaTypePrivate@@SAPAXPAXPBX@Z 004184b0 f i main.obj
 0001:000174b0       ?Construct@?$QMetaTypeFunctionHelper@PAVTextFieldDoubleValidator@@$00@QtMetaTypePrivate@@SAPAXPAXPBX@Z 004184b0 f i main.obj
 0001:000174b0       ?Construct@?$QMetaTypeFunctionHelper@PAVStatusViewWatcher@@$00@QtMetaTypePrivate@@SAPAXPAXPBX@Z 004184b0 f i main.obj
 0001:000174e0       ?Construct@?$QMetaTypeFunctionHelper@V?$QQmlListProperty@VOperationParamObject@@@@$00@QtMetaTypePrivate@@SAPAXPAXPBX@Z 004184e0 f i main.obj
 0001:000174e0       ?Construct@?$QMetaTypeFunctionHelper@V?$QQmlListProperty@VPlanController@@@@$00@QtMetaTypePrivate@@SAPAXPAXPBX@Z 004184e0 f i main.obj
 0001:000174e0       ?Construct@?$QMetaTypeFunctionHelper@V?$QQmlListProperty@VTextFieldDoubleValidator@@@@$00@QtMetaTypePrivate@@SAPAXPAXPBX@Z 004184e0 f i main.obj
 0001:000174e0       ?Construct@?$QMetaTypeFunctionHelper@V?$QQmlListProperty@VOperationParamSelector@@@@$00@QtMetaTypePrivate@@SAPAXPAXPBX@Z 004184e0 f i main.obj
 0001:000174e0       ?Construct@?$QMetaTypeFunctionHelper@V?$QQmlListProperty@VStatusViewWatcher@@@@$00@QtMetaTypePrivate@@SAPAXPAXPBX@Z 004184e0 f i main.obj
 0001:000174e0       ?Construct@?$QMetaTypeFunctionHelper@V?$QQmlListProperty@VPlanSelector@@@@$00@QtMetaTypePrivate@@SAPAXPAXPBX@Z 004184e0 f i main.obj
 0001:000174e0       ?Construct@?$QMetaTypeFunctionHelper@V?$QQmlListProperty@VWorkLocationManager@@@@$00@QtMetaTypePrivate@@SAPAXPAXPBX@Z 004184e0 f i main.obj
 0001:00017540       ?Destruct@?$QMetaTypeFunctionHelper@V?$QQmlListProperty@VStatusViewWatcher@@@@$00@QtMetaTypePrivate@@SAXPAX@Z 00418540 f i main.obj
 0001:00017540       ?Destruct@?$QMetaTypeFunctionHelper@V?$QQmlListProperty@VOperationParamSelector@@@@$00@QtMetaTypePrivate@@SAXPAX@Z 00418540 f i main.obj
 0001:00017540       ??3@YAXPAX0@Z              00418540 f i configfilehandler.obj
 0001:00017540       ?Destruct@?$QMetaTypeFunctionHelper@PAVPlanSelector@@$00@QtMetaTypePrivate@@SAXPAX@Z 00418540 f i main.obj
 0001:00017540       ?Destruct@?$QMetaTypeFunctionHelper@V?$QQmlListProperty@VOperationParamObject@@@@$00@QtMetaTypePrivate@@SAXPAX@Z 00418540 f i main.obj
 0001:00017540       ?Destruct@?$QMetaTypeFunctionHelper@PAVOperationParamSelector@@$00@QtMetaTypePrivate@@SAXPAX@Z 00418540 f i main.obj
 0001:00017540       @_guard_check_icall_nop@4  00418540 f i MSVCRT:guard_support.obj
 0001:00017540       ?qt_static_metacall@configFileHandler@@CAXPAVQObject@@W4Call@QMetaObject@@HPAPAX@Z 00418540 f i moc_configfilehandler.obj
 0001:00017540       ?Destruct@?$QMetaTypeFunctionHelper@V?$QQmlListProperty@VWorkLocationManager@@@@$00@QtMetaTypePrivate@@SAXPAX@Z 00418540 f i main.obj
 0001:00017540       ?onComplete@PlanSelector@@QAEXXZ 00418540 f i workmodels.obj
 0001:00017540       ?Destruct@?$QMetaTypeFunctionHelper@V?$QQmlListProperty@VTextFieldDoubleValidator@@@@$00@QtMetaTypePrivate@@SAXPAX@Z 00418540 f i main.obj
 0001:00017540       ?Destruct@?$QMetaTypeFunctionHelper@PAVStatusViewWatcher@@$00@QtMetaTypePrivate@@SAXPAX@Z 00418540 f i main.obj
 0001:00017540       ?Destruct@?$QMetaTypeFunctionHelper@PAVOperationParamObject@@$00@QtMetaTypePrivate@@SAXPAX@Z 00418540 f i main.obj
 0001:00017540       ?Destruct@?$QMetaTypeFunctionHelper@PAVTextFieldDoubleValidator@@$00@QtMetaTypePrivate@@SAXPAX@Z 00418540 f i main.obj
 0001:00017540       ?Destruct@?$QMetaTypeFunctionHelper@PAVPlanController@@$00@QtMetaTypePrivate@@SAXPAX@Z 00418540 f i main.obj
 0001:00017540       __initialize_denormal_control 00418540 f i MSVCRT:denormal_control.obj
 0001:00017540       ?qt_static_metacall@Communication@@CAXPAVQObject@@W4Call@QMetaObject@@HPAPAX@Z 00418540 f i moc_communication.obj
 0001:00017540       ?Destruct@?$QMetaTypeFunctionHelper@PAVWorkLocationManager@@$00@QtMetaTypePrivate@@SAXPAX@Z 00418540 f i main.obj
 0001:00017540       __initialize_invalid_parameter_handler 00418540 f i MSVCRT:invalid_parameter_handler.obj
 0001:00017540       ?Destruct@?$QMetaTypeFunctionHelper@V?$QQmlListProperty@VPlanController@@@@$00@QtMetaTypePrivate@@SAXPAX@Z 00418540 f i main.obj
 0001:00017540       ?Destruct@?$QMetaTypeFunctionHelper@VQSequentialIterableImpl@QtMetaTypePrivate@@$00@QtMetaTypePrivate@@SAXPAX@Z 00418540 f i moc_workmodels.obj
 0001:00017540       ?Destruct@?$QMetaTypeFunctionHelper@V?$QQmlListProperty@VPlanSelector@@@@$00@QtMetaTypePrivate@@SAXPAX@Z 00418540 f i main.obj
 0001:00017550       ?Init@CComCriticalSection@ATL@@QAEJXZ 00418550 f i main.obj
 0001:00017580       ?TopLevelExceptionFilter@@YGJPAU_EXCEPTION_POINTERS@@@Z 00418580 f   main.obj
 0001:000175f0       ?_Deallocate@std@@YAXPAXII@Z 004185f0 f i main.obj
 0001:00017660       ?customMessageHandler@@YAXW4QtMsgType@@ABVQMessageLogContext@@ABVQString@@@Z 00418660 f   main.obj
 0001:000179d0       ?getConfigFullName@@YA?AVQString@@PBD@Z 004189d0 f   main.obj
 0001:00017a40       ?impl@?$QStaticSlotObject@P6AXXZU?$List@$$V@QtPrivate@@X@QtPrivate@@CAXHPAVQSlotObjectBase@2@PAVQObject@@PAPAXPA_N@Z 00418a40 f i main.obj
 0001:00017a70       ?openFireWall@@YAXPBD0@Z   00418a70 f   main.obj
 0001:00017cb0       ?qt_metatype_id@?$QMetaTypeIdQObject@PAVOperationParamObject@@$07@@SAHXZ 00418cb0 f i main.obj
 0001:00017d60       ?qt_metatype_id@?$QMetaTypeIdQObject@PAVOperationParamSelector@@$07@@SAHXZ 00418d60 f i main.obj
 0001:00017e10       ?qt_metatype_id@?$QMetaTypeIdQObject@PAVPlanController@@$07@@SAHXZ 00418e10 f i main.obj
 0001:00017ec0       ?qt_metatype_id@?$QMetaTypeIdQObject@PAVPlanSelector@@$07@@SAHXZ 00418ec0 f i main.obj
 0001:00017f80       ?qt_metatype_id@?$QMetaTypeIdQObject@PAVStatusViewWatcher@@$07@@SAHXZ 00418f80 f i main.obj
 0001:00018030       ?qt_metatype_id@?$QMetaTypeIdQObject@PAVTextFieldDoubleValidator@@$07@@SAHXZ 00419030 f i main.obj
 0001:000180e0       ?qt_metatype_id@?$QMetaTypeIdQObject@PAVWorkLocationManager@@$07@@SAHXZ 004190e0 f i main.obj
 0001:00018190       ?validate@TextFieldDoubleValidator@@UBE?AW4State@QValidator@@AAVQString@@AAH@Z 00419190 f i main.obj
 0001:00018310       _main                      00419310 f   main.obj
 0001:00018840       ??$connect@P8EnvironmentVariant@@AEXXZP8StatusViewWatcher@@AEXXZ@QObject@@SA?AVConnection@QMetaObject@@PBVEnvironmentVariant@@P83@AEXXZPBVStatusViewWatcher@@P84@AEXXZW4ConnectionType@Qt@@@Z 00419840 f i workmodels.obj
 0001:000188a0       ??0OperationParamSelector@@QAE@PAVQObject@@@Z 004198a0 f   workmodels.obj
 0001:000188f0       ??0PlanController@@QAE@PAVQObject@@@Z 004198f0 f   workmodels.obj
 0001:00018960       ??0PlanSelector@@QAE@PAVQObject@@@Z 00419960 f   workmodels.obj
 0001:00018a20       ??0StatusViewWatcher@@QAE@PAVQObject@@@Z 00419a20 f   workmodels.obj
 0001:00018ab0       ??0WorkLocationManager@@QAE@PAVQObject@@@Z 00419ab0 f   workmodels.obj
 0001:00018ad0       ??1?$QForeachContainer@V?$QList@PAVQObject@@@@@@QAE@XZ 00419ad0 f i workmodels.obj
 0001:00018b30       ??1PlanController@@UAE@XZ  00419b30 f   workmodels.obj
 0001:00018b90       ??1PlanSelector@@UAE@XZ    00419b90 f   workmodels.obj
 0001:00018c50       ??1StatusViewWatcher@@UAE@XZ 00419c50 f   workmodels.obj
 0001:00018cd0       ??1WorkLocationManager@@UAE@XZ 00419cd0 f   workmodels.obj
 0001:00018ce0       ??_EOperationParamSelector@@UAEPAXI@Z 00419ce0 f i workmodels.obj
 0001:00018ce0       ??_GOperationParamSelector@@UAEPAXI@Z 00419ce0 f i workmodels.obj
 0001:00018d00       ??_EPlanController@@UAEPAXI@Z 00419d00 f i workmodels.obj
 0001:00018d00       ??_GPlanController@@UAEPAXI@Z 00419d00 f i workmodels.obj
 0001:00018d70       ??_GPlanSelector@@UAEPAXI@Z 00419d70 f i workmodels.obj
 0001:00018d70       ??_EPlanSelector@@UAEPAXI@Z 00419d70 f i workmodels.obj
 0001:00018d90       ??_EStatusViewWatcher@@UAEPAXI@Z 00419d90 f i workmodels.obj
 0001:00018d90       ??_GStatusViewWatcher@@UAEPAXI@Z 00419d90 f i workmodels.obj
 0001:00018e30       ??_EWorkLocationManager@@UAEPAXI@Z 00419e30 f i workmodels.obj
 0001:00018e30       ??_GWorkLocationManager@@UAEPAXI@Z 00419e30 f i workmodels.obj
 0001:00018e60       ?WorkPlaceConstraint@EnvironmentVariant@@QAE?AVQJsonArray@@XZ 00419e60 f i workmodels.obj
 0001:00018e90       ?addPlan@PlanSelector@@QAEXABVQString@@@Z 00419e90 f   workmodels.obj
 0001:00018eb0       ?addStep@PlanSelector@@QAEXHHH@Z 00419eb0 f   workmodels.obj
 0001:00018ed0       ?boardConfigIndex@PlanSelector@@QAEHH@Z 00419ed0 f   workmodels.obj
 0001:00018ef0       ?commitParam@PlanSelector@@QAEXHHABVQString@@ABVQVariant@@@Z 00419ef0 f   workmodels.obj
 0001:00018f10       ?copyStep@PlanSelector@@QAE?AVQString@@HHH@Z 00419f10 f   workmodels.obj
 0001:00018f40       ?copyStep@PlanSelector@@QAEXHH@Z 00419f40 f   workmodels.obj
 0001:00018f60       ?detach_helper_grow@?$QList@PAVQObject@@@@AAEPAUNode@1@HH@Z 00419f60 f i workmodels.obj
 0001:00018f60       ?detach_helper_grow@?$QList@H@@AAEPAUNode@1@HH@Z 00419f60 f i configfilehandler.obj
 0001:000190a0       ?eventFilter@PlanController@@UAE_NPAVQObject@@PAVQEvent@@@Z 0041a0a0 f   workmodels.obj
 0001:000190f0       ?eventFilter@PlanSelector@@MAE_NPAVQObject@@PAVQEvent@@@Z 0041a0f0 f   workmodels.obj
 0001:00019130       ?eventFilter@StatusViewWatcher@@UAE_NPAVQObject@@PAVQEvent@@@Z 0041a130 f   workmodels.obj
 0001:00019170       ?exportConfigFile@ConfigFileConverter@@QAE_NABVQUrl@@@Z 0041a170 f   workmodels.obj
 0001:000191e0       ?getBoardTypeIndexByPosition@PlanSelector@@QAEHH@Z 0041a1e0 f   workmodels.obj
 0001:000191e0       ?getBoardTypeIndexByPosition@OperationParamSelector@@QAEHH@Z 0041a1e0 f   workmodels.obj
 0001:00019200       ?getPlanBoardTypeIndexByPosition@PlanSelector@@QAEHHH@Z 0041a200 f   workmodels.obj
 0001:00019220       ?getSwitch@OperationParamSelector@@QAEPAVQObject@@ABVQString@@@Z 0041a220 f   workmodels.obj
 0001:00019390       ?getSwitch@PlanSelector@@QAEPAVQObject@@ABVQString@@@Z 0041a390 f   workmodels.obj
 0001:00019500       ?getWorkLocationTypeList@WorkLocationManager@@QAE?AVQJsonObject@@XZ 0041a500 f   workmodels.obj
 0001:00019530       ?getWorkPlaceConstraint@WorkLocationManager@@QAE?AVQJsonArray@@XZ 0041a530 f   workmodels.obj
 0001:00019560       ?impl@?$QSlotObject@P8SubThreadWorker@@AEXXZU?$List@$$V@QtPrivate@@X@QtPrivate@@CAXHPAVQSlotObjectBase@2@PAVQObject@@PAPAXPA_N@Z 0041a560 f i workflowprotocol.obj
 0001:00019560       ?impl@?$QSlotObject@P8StatusViewWatcher@@AEXXZU?$List@$$V@QtPrivate@@X@QtPrivate@@CAXHPAVQSlotObjectBase@2@PAVQObject@@PAPAXPA_N@Z 0041a560 f i workmodels.obj
 0001:00019560       ?impl@?$QSlotObject@P8QObject@@AEXXZU?$List@$$V@QtPrivate@@X@QtPrivate@@CAXHPAVQSlotObjectBase@2@PAVQObject@@PAPAXPA_N@Z 0041a560 f i workflowprotocol.obj
 0001:00019560       ?impl@?$QSlotObject@P8SubThreadCheckWorker@@AEXXZU?$List@$$V@QtPrivate@@X@QtPrivate@@CAXHPAVQSlotObjectBase@2@PAVQObject@@PAPAXPA_N@Z 0041a560 f i workflowChecker.obj
 0001:000195b0       ?importConfigFile@ConfigFileConverter@@QAE_NABVQUrl@@@Z 0041a5b0 f   workmodels.obj
 0001:00019620       ?init@OperationParamSelector@@QAEXABVQString@@@Z 0041a620 f   workmodels.obj
 0001:000196a0       ?moveStep@PlanSelector@@QAEXHHH@Z 0041a6a0 f   workmodels.obj
 0001:000196c0       ?onCompleteSingleOperation@OperationParamSelector@@QAEXXZ 0041a6c0 f   workmodels.obj
 0001:00019950       ?onMachineConfigChanged@TargetMachineObject@@QAE_NXZ 0041a950 f   workmodels.obj
 0001:000199f0       ?onSave@PlanSelector@@QAE_NXZ 0041a9f0 f   workmodels.obj
 0001:00019a00       ?operationCurrentIndex@PlanSelector@@QAEHXZ 0041aa00 f   workmodels.obj
 0001:00019a20       ?pasteStep@PlanSelector@@QAEXHH@Z 0041aa20 f   workmodels.obj
 0001:00019a40       ?pausePlan@PlanController@@QAEXXZ 0041aa40 f   workmodels.obj
 0001:00019a50       ?planListModel@PlanSelector@@QAE?AVQStringList@@XZ 0041aa50 f   workmodels.obj
 0001:00019a80       ?planSelectStepListModel@PlanSelector@@QAE?AVQStringList@@H@Z 0041aa80 f   workmodels.obj
 0001:00019ab0       ?readConfigFIle@ConfigFileConverter@@QAE?AVQString@@ABVQUrl@@@Z 0041aab0 f   workmodels.obj
 0001:00019ba0       ?removePlan@PlanSelector@@QAEXH@Z 0041aba0 f   workmodels.obj
 0001:00019bc0       ?removeStep@PlanSelector@@QAEXHH@Z 0041abc0 f   workmodels.obj
 0001:00019be0       ?resumePlan@PlanController@@QAEXXZ 0041abe0 f   workmodels.obj
 0001:00019c10       ?setBoardConfigIndex@PlanSelector@@QAEXHH@Z 0041ac10 f   workmodels.obj
 0001:00019c30       ?setPlanName@PlanSelector@@QAEXHABVQString@@@Z 0041ac30 f   workmodels.obj
 0001:00019c50       ?setSelectedOperation@OperationParamSelector@@QAEXH@Z 0041ac50 f   workmodels.obj
 0001:0001a020       ?setSelectedOperation@PlanSelector@@QAEXHHH@Z 0041b020 f   workmodels.obj
 0001:0001a4e0       ?setSelectedStep@PlanSelector@@QAEXHH@Z 0041b4e0 f   workmodels.obj
 0001:0001a8c0       ?setWorkLocationType@WorkLocationManager@@QAE_NHHABVQString@@@Z 0041b8c0 f   workmodels.obj
 0001:0001a8e0       ?startCheckPlan@PlanSelector@@QAEXH@Z 0041b8e0 f   workmodels.obj
 0001:0001a900       ?startPlan@PlanController@@QAEXHH@Z 0041b900 f   workmodels.obj
 0001:0001a930       ?stepListModel@PlanSelector@@QAE?AVQStringList@@H@Z 0041b930 f   workmodels.obj
 0001:0001a960       ?stopCheckPlan@PlanSelector@@QAEXXZ 0041b960 f   workmodels.obj
 0001:0001a970       ?stopPlan@PlanController@@QAEXXZ 0041b970 f   workmodels.obj
 0001:0001a980       ?updateWorkPlace@WorkLocationManager@@QAE_NABVQJsonObject@@@Z 0041b980 f   workmodels.obj
 0001:0001a9a0       ??$connect@P8SubThreadCheckWorker@@AEXABVQJsonObject@@@ZP8WorkflowCheckerController@@AEX0@Z@QObject@@SA?AVConnection@QMetaObject@@PBVSubThreadCheckWorker@@P83@AEXABVQJsonObject@@@ZPBVWorkflowCheckerController@@P85@AEX1@ZW4ConnectionType@Qt@@@Z 0041b9a0 f i workflowChecker.obj
 0001:0001aa10       ??$connect@P8WorkflowCheckerController@@AEXABVQJsonArray@@@ZP8SubThreadCheckWorker@@AEX0@Z@QObject@@SA?AVConnection@QMetaObject@@PBVWorkflowCheckerController@@P83@AEXABVQJsonArray@@@ZPBVSubThreadCheckWorker@@P85@AEX1@ZW4ConnectionType@Qt@@@Z 0041ba10 f i workflowChecker.obj
 0001:0001aa80       ??$connect@P8WorkflowCheckerController@@AEXABVQJsonObject@@@ZP8SubThreadCheckWorker@@AEX0@Z@QObject@@SA?AVConnection@QMetaObject@@PBVWorkflowCheckerController@@P83@AEXABVQJsonObject@@@ZPBVSubThreadCheckWorker@@P85@AEX1@ZW4ConnectionType@Qt@@@Z 0041ba80 f i workflowChecker.obj
 0001:0001aaf0       ??$connect@P8WorkflowCheckerController@@AEXXZP8SubThreadCheckWorker@@AEXXZ@QObject@@SA?AVConnection@QMetaObject@@PBVWorkflowCheckerController@@P83@AEXXZPBVSubThreadCheckWorker@@P84@AEXXZW4ConnectionType@Qt@@@Z 0041baf0 f i workflowChecker.obj
 0001:0001ab50       ??0WorkflowCheckerController@@QAE@PAVQObject@@@Z 0041bb50 f   workflowChecker.obj
 0001:0001acd0       ??1?$QMap@VQString@@H@@QAE@XZ 0041bcd0 f i workflowChecker.obj
 0001:0001ad70       ??1WorkflowCheckerController@@UAE@XZ 0041bd70 f   workflowChecker.obj
 0001:0001ade0       ??A?$QMap@VQString@@H@@QAEAAHABVQString@@@Z 0041bde0 f i workflowChecker.obj
 0001:0001ae60       ??_ESubThreadCheckWorker@@UAEPAXI@Z 0041be60 f i workflowChecker.obj
 0001:0001ae60       ??_GSubThreadCheckWorker@@UAEPAXI@Z 0041be60 f i workflowChecker.obj
 0001:0001aeb0       ??_EWorkflowCheckerController@@UAEPAXI@Z 0041beb0 f i workflowChecker.obj
 0001:0001aeb0       ??_GWorkflowCheckerController@@UAEPAXI@Z 0041beb0 f i workflowChecker.obj
 0001:0001af40       ?CheckBoardConstraint@SubThreadCheckWorker@@IAE_NABVQJsonObject@@@Z 0041bf40 f   workflowChecker.obj
 0001:0001b2f0       ?CheckParamConstraint@SubThreadCheckWorker@@IAE_NABVQJsonObject@@@Z 0041c2f0 f   workflowChecker.obj
 0001:0001bba0       ?checkTask@WorkflowCheckerController@@QAEXABVQJsonObject@@@Z 0041cba0 f   workflowChecker.obj
 0001:0001bbb0       ?configChecker@SubThreadCheckWorker@@QAEXABVQJsonArray@@@Z 0041cbb0 f   workflowChecker.obj
 0001:0001bf10       ?copy@?$QMapNode@VQString@@H@@QBEPAU1@PAU?$QMapData@VQString@@H@@@Z 0041cf10 f i workflowChecker.obj
 0001:0001bf90       ?createNode@?$QMapData@VQString@@H@@QAEPAU?$QMapNode@VQString@@H@@ABVQString@@ABHPAU2@_N@Z 0041cf90 f i workflowChecker.obj
 0001:0001bfd0       ?destroySubTree@?$QMapNode@VQString@@H@@QAEXXZ 0041cfd0 f i workflowChecker.obj
 0001:0001c000       ?detach_helper@?$QMap@VQString@@H@@AAEXXZ 0041d000 f i workflowChecker.obj
 0001:0001c0a0       ?doCheck@SubThreadCheckWorker@@QAEXABVQJsonObject@@@Z 0041d0a0 f   workflowChecker.obj
 0001:0001c680       ?forceStop@SubThreadCheckWorker@@QAEXXZ 0041d680 f   workflowChecker.obj
 0001:0001c690       ?init@WorkflowCheckerController@@QAEXABVQJsonArray@@@Z 0041d690 f   workflowChecker.obj
 0001:0001c6a0       ?insert@?$QMap@VQString@@H@@QAE?AViterator@1@ABVQString@@ABH@Z 0041d6a0 f i workflowChecker.obj
 0001:0001c760       ?isFilteredCommand@SubThreadCheckWorker@@IAE_NABVQJsonObject@@@Z 0041d760 f   workflowChecker.obj
 0001:0001cb80       ?lowerBound@?$QMapNode@VQString@@VOperationParamData@@@@QAEPAU1@ABVQString@@@Z 0041db80 f i configfilehandler.obj
 0001:0001cb80       ?lowerBound@?$QMapNode@VQString@@H@@QAEPAU1@ABVQString@@@Z 0041db80 f i workflowChecker.obj
 0001:0001cb80       ?lowerBound@?$QMapNode@VQString@@VQStringList@@@@QAEPAU1@ABVQString@@@Z 0041db80 f i configfilehandler.obj
 0001:0001cb80       ?lowerBound@?$QMapNode@VQString@@V1@@@QAEPAU1@ABVQString@@@Z 0041db80 f i configfilehandler.obj
 0001:0001cbc0       ?remove@?$QMap@VQString@@H@@QAEHABVQString@@@Z 0041dbc0 f i workflowChecker.obj
 0001:0001cc70       ?statusChanged@WorkflowCheckerController@@QAEXABVQJsonObject@@@Z 0041dc70 f   workflowChecker.obj
 0001:0001cd10       ?stopCurrentCheck@WorkflowCheckerController@@QAEXXZ 0041dd10 f   workflowChecker.obj
 0001:0001cd30       ?types@?$ConnectionTypes@U?$List@ABVQJsonArray@@@QtPrivate@@$00@QtPrivate@@SAPBHXZ 0041dd30 f i workflowChecker.obj
 0001:0001cd90       ?metaObject@Communication@@UBEPBUQMetaObject@@XZ 0041dd90 f   moc_communication.obj
 0001:0001cdb0       ?qt_metacast@Communication@@UAEPAXPBD@Z 0041ddb0 f   moc_communication.obj
 0001:0001ce10       ?changeHost@WorkflowController@@QAEXABVQString@@G@Z 0041de10 f   moc_workflowprotocol.obj
 0001:0001ce60       ?configProtocol@WorkflowController@@QAEXABVQString@@@Z 0041de60 f   moc_workflowprotocol.obj
 0001:0001ce90       ?metaObject@SubThreadWorker@@UBEPBUQMetaObject@@XZ 0041de90 f   moc_workflowprotocol.obj
 0001:0001ceb0       ?metaObject@WorkflowController@@UBEPBUQMetaObject@@XZ 0041deb0 f   moc_workflowprotocol.obj
 0001:0001ced0       ?pauseTask@WorkflowController@@QAEXXZ 0041ded0 f   moc_workflowprotocol.obj
 0001:0001cef0       ?qt_metacall@SubThreadWorker@@UAEHW4Call@QMetaObject@@HPAPAX@Z 0041def0 f   moc_workflowprotocol.obj
 0001:0001cf50       ?qt_metacall@WorkflowController@@UAEHW4Call@QMetaObject@@HPAPAX@Z 0041df50 f   moc_workflowprotocol.obj
 0001:0001cfb0       ?qt_metacast@SubThreadWorker@@UAEPAXPBD@Z 0041dfb0 f   moc_workflowprotocol.obj
 0001:0001d010       ?qt_metacast@WorkflowController@@UAEPAXPBD@Z 0041e010 f   moc_workflowprotocol.obj
 0001:0001d070       ?qt_static_metacall@SubThreadWorker@@CAXPAVQObject@@W4Call@QMetaObject@@HPAPAX@Z 0041e070 f   moc_workflowprotocol.obj
 0001:0001d170       ?qt_static_metacall@WorkflowController@@CAXPAVQObject@@W4Call@QMetaObject@@HPAPAX@Z 0041e170 f   moc_workflowprotocol.obj
 0001:0001d2c0       ?runNewTask@WorkflowController@@QAEXABVQJsonObject@@@Z 0041e2c0 f   moc_workflowprotocol.obj
 0001:0001d2f0       ?runNewTunning@WorkflowController@@QAEXABVQJsonObject@@@Z 0041e2f0 f   moc_workflowprotocol.obj
 0001:0001d320       ?statusChanged@SubThreadWorker@@QAEXABVQJsonObject@@@Z 0041e320 f   moc_workflowprotocol.obj
 0001:0001d350       ?stopTask@WorkflowController@@QAEXXZ 0041e350 f   moc_workflowprotocol.obj
 0001:0001d370       ?taskStateChanged@SubThreadWorker@@QAEXABVQString@@H@Z 0041e370 f   moc_workflowprotocol.obj
 0001:0001d3c0       ?updateStopState@WorkflowController@@QAEXXZ 0041e3c0 f   moc_workflowprotocol.obj
 0001:0001d3e0       ?configChecker@WorkflowCheckerController@@QAEXABVQJsonArray@@@Z 0041e3e0 f   moc_workflowChecker.obj
 0001:0001d410       ?metaObject@SubThreadCheckWorker@@UBEPBUQMetaObject@@XZ 0041e410 f   moc_workflowChecker.obj
 0001:0001d430       ?metaObject@WorkflowCheckerController@@UBEPBUQMetaObject@@XZ 0041e430 f   moc_workflowChecker.obj
 0001:0001d450       ?qt_metacall@SubThreadCheckWorker@@UAEHW4Call@QMetaObject@@HPAPAX@Z 0041e450 f   moc_workflowChecker.obj
 0001:0001d4b0       ?qt_metacall@WorkflowCheckerController@@UAEHW4Call@QMetaObject@@HPAPAX@Z 0041e4b0 f   moc_workflowChecker.obj
 0001:0001d510       ?qt_metacast@SubThreadCheckWorker@@UAEPAXPBD@Z 0041e510 f   moc_workflowChecker.obj
 0001:0001d570       ?qt_metacast@WorkflowCheckerController@@UAEPAXPBD@Z 0041e570 f   moc_workflowChecker.obj
 0001:0001d5d0       ?qt_static_metacall@SubThreadCheckWorker@@CAXPAVQObject@@W4Call@QMetaObject@@HPAPAX@Z 0041e5d0 f   moc_workflowChecker.obj
 0001:0001d660       ?qt_static_metacall@WorkflowCheckerController@@CAXPAVQObject@@W4Call@QMetaObject@@HPAPAX@Z 0041e660 f   moc_workflowChecker.obj
 0001:0001d720       ?runNewCheck@WorkflowCheckerController@@QAEXABVQJsonObject@@@Z 0041e720 f   moc_workflowChecker.obj
 0001:0001d750       ?statusChanged@SubThreadCheckWorker@@QAEXABVQJsonObject@@@Z 0041e750 f   moc_workflowChecker.obj
 0001:0001d780       ?stopCheck@WorkflowCheckerController@@QAEXXZ 0041e780 f   moc_workflowChecker.obj
 0001:0001d7a0       ?metaObject@configFileHandler@@UBEPBUQMetaObject@@XZ 0041e7a0 f   moc_configfilehandler.obj
 0001:0001d7c0       ?qt_metacall@Communication@@UAEHW4Call@QMetaObject@@HPAPAX@Z 0041e7c0 f   moc_communication.obj
 0001:0001d7c0       ?qt_metacall@configFileHandler@@UAEHW4Call@QMetaObject@@HPAPAX@Z 0041e7c0 f   moc_configfilehandler.obj
 0001:0001d7d0       ?qt_metacast@configFileHandler@@UAEPAXPBD@Z 0041e7d0 f   moc_configfilehandler.obj
 0001:0001d830       ?metaObject@EnvironmentVariant@@UBEPBUQMetaObject@@XZ 0041e830 f   moc_environmentvariant.obj
 0001:0001d850       ?qt_metacall@EnvironmentVariant@@UAEHW4Call@QMetaObject@@HPAPAX@Z 0041e850 f   moc_environmentvariant.obj
 0001:0001d8b0       ?qt_metacast@EnvironmentVariant@@UAEPAXPBD@Z 0041e8b0 f   moc_environmentvariant.obj
 0001:0001d910       ?qt_static_metacall@EnvironmentVariant@@CAXPAVQObject@@W4Call@QMetaObject@@HPAPAX@Z 0041e910 f   moc_environmentvariant.obj
 0001:0001d960       ?workLocationTypeChanged@EnvironmentVariant@@QAEXXZ 0041e960 f   moc_environmentvariant.obj
 0001:0001d980       ??$atImpl@V?$QList@PAVQObject@@@@@QSequentialIterableImpl@QtMetaTypePrivate@@SAPBXPBXH@Z 0041e980 f i moc_workmodels.obj
 0001:0001d980       ??$atImpl@V?$QList@H@@@QSequentialIterableImpl@QtMetaTypePrivate@@SAPBXPBXH@Z 0041e980 f i moc_workmodels.obj
 0001:0001d9a0       ??$equal@PBQAVQObject@@V?$checked_array_iterator@PBQAVQObject@@@stdext@@U?$equal_to@X@std@@@std@@YA_NPBQAVQObject@@0V?$checked_array_iterator@PBQAVQObject@@@stdext@@U?$equal_to@X@0@@Z 0041e9a0 f i moc_workmodels.obj
 0001:0001d9a0       ??$equal@PBHV?$checked_array_iterator@PBH@stdext@@U?$equal_to@X@std@@@std@@YA_NPBH0V?$checked_array_iterator@PBH@stdext@@U?$equal_to@X@0@@Z 0041e9a0 f i moc_workmodels.obj
 0001:0001da20       ??$getImpl@V?$QList@H@@@QSequentialIterableImpl@QtMetaTypePrivate@@SA?AUVariantData@1@PBQAXHI@Z 0041ea20 f i moc_workmodels.obj
 0001:0001da20       ??$getImpl@V?$QList@PAVQObject@@@@@QSequentialIterableImpl@QtMetaTypePrivate@@SA?AUVariantData@1@PBQAXHI@Z 0041ea20 f i moc_workmodels.obj
 0001:0001da40       ??$moveToBeginImpl@V?$QList@H@@@QSequentialIterableImpl@QtMetaTypePrivate@@SAXPBXPAPAX@Z 0041ea40 f i moc_workmodels.obj
 0001:0001da40       ??$moveToBeginImpl@V?$QList@PAVQObject@@@@@QSequentialIterableImpl@QtMetaTypePrivate@@SAXPBXPAPAX@Z 0041ea40 f i moc_workmodels.obj
 0001:0001da70       ??$moveToEndImpl@V?$QList@H@@@QSequentialIterableImpl@QtMetaTypePrivate@@SAXPBXPAPAX@Z 0041ea70 f i moc_workmodels.obj
 0001:0001da70       ??$moveToEndImpl@V?$QList@PAVQObject@@@@@QSequentialIterableImpl@QtMetaTypePrivate@@SAXPBXPAPAX@Z 0041ea70 f i moc_workmodels.obj
 0001:0001daa0       ??$sizeImpl@V?$QList@H@@@QSequentialIterableImpl@QtMetaTypePrivate@@SAHPBX@Z 0041eaa0 f i moc_workmodels.obj
 0001:0001daa0       ??$sizeImpl@V?$QList@PAVQObject@@@@@QSequentialIterableImpl@QtMetaTypePrivate@@SAHPBX@Z 0041eaa0 f i moc_workmodels.obj
 0001:0001dab0       ??0QSequentialIterableImpl@QtMetaTypePrivate@@QAE@XZ 0041eab0 f i moc_workmodels.obj
 0001:0001db20       ?Construct@?$QMetaTypeFunctionHelper@V?$QList@PAVQObject@@@@$00@QtMetaTypePrivate@@SAPAXPAXPBX@Z 0041eb20 f i moc_workmodels.obj
 0001:0001db20       ?Construct@?$QMetaTypeFunctionHelper@V?$QList@H@@$00@QtMetaTypePrivate@@SAPAXPAXPBX@Z 0041eb20 f i moc_workmodels.obj
 0001:0001dba0       ?Construct@?$QMetaTypeFunctionHelper@VQSequentialIterableImpl@QtMetaTypePrivate@@$00@QtMetaTypePrivate@@SAPAXPAXPBX@Z 0041eba0 f i moc_workmodels.obj
 0001:0001dbe0       ?Destruct@?$QMetaTypeFunctionHelper@V?$QList@PAVQObject@@@@$00@QtMetaTypePrivate@@SAXPAX@Z 0041ebe0 f i moc_workmodels.obj
 0001:0001dbe0       ?Destruct@?$QMetaTypeFunctionHelper@V?$QList@H@@$00@QtMetaTypePrivate@@SAXPAX@Z 0041ebe0 f i moc_workmodels.obj
 0001:0001dc50       ?MachineConfigChanged@TargetMachineObject@@QAEXXZ 0041ec50 f   moc_workmodels.obj
 0001:0001dc70       ?UnitChanged@OperationParamObject@@QAEXXZ 0041ec70 f   moc_workmodels.obj
 0001:0001dc90       ?administratorChanged@AdministratorChecker@@QAEXXZ 0041ec90 f   moc_workmodels.obj
 0001:0001dcb0       ?advance@?$IteratorOwnerCommon@Vconst_iterator@?$QList@PAVQObject@@@@@QtMetaTypePrivate@@SAXPAPAXH@Z 0041ecb0 f i moc_workmodels.obj
 0001:0001dcb0       ?advance@?$IteratorOwnerCommon@Vconst_iterator@?$QList@H@@@QtMetaTypePrivate@@SAXPAPAXH@Z 0041ecb0 f i moc_workmodels.obj
 0001:0001dcc0       ?assign@?$IteratorOwnerCommon@Vconst_iterator@?$QList@PAVQObject@@@@@QtMetaTypePrivate@@SAXPAPAXPBQAX@Z 0041ecc0 f i moc_workmodels.obj
 0001:0001dcc0       ?assign@?$IteratorOwnerCommon@Vconst_iterator@?$QList@H@@@QtMetaTypePrivate@@SAXPAPAXPBQAX@Z 0041ecc0 f i moc_workmodels.obj
 0001:0001dce0       ?boolValueChanged@OperationParamObject@@QAEXXZ 0041ece0 f   moc_workmodels.obj
 0001:0001dd00       ?bottomValueChanged@OperationParamObject@@QAEXXZ 0041ed00 f   moc_workmodels.obj
 0001:0001dd20       ?convert@?$ConverterFunctor@V?$QList@H@@VQSequentialIterableImpl@QtMetaTypePrivate@@U?$QSequentialIterableConvertFunctor@V?$QList@H@@@3@@QtPrivate@@SA_NPBUAbstractConverterFunction@2@PBXPAX@Z 0041ed20 f i moc_workmodels.obj
 0001:0001ddc0       ?convert@?$ConverterFunctor@V?$QList@PAVQObject@@@@VQSequentialIterableImpl@QtMetaTypePrivate@@U?$QSequentialIterableConvertFunctor@V?$QList@PAVQObject@@@@@3@@QtPrivate@@SA_NPBUAbstractConverterFunction@2@PBXPAX@Z 0041edc0 f i moc_workmodels.obj
 0001:0001de60       ?currentIndexChanged@OperationParamSelector@@QAEXXZ 0041ee60 f   moc_workmodels.obj
 0001:0001de80       ?destroy@?$IteratorOwnerCommon@Vconst_iterator@?$QList@H@@@QtMetaTypePrivate@@SAXPAPAX@Z 0041ee80 f i moc_workmodels.obj
 0001:0001de80       ?destroy@?$IteratorOwnerCommon@Vconst_iterator@?$QList@PAVQObject@@@@@QtMetaTypePrivate@@SAXPAPAX@Z 0041ee80 f i moc_workmodels.obj
 0001:0001dea0       ?display@OperationParamObject@@QBE?AVQString@@XZ 0041eea0 f i moc_workmodels.obj
 0001:0001dec0       ?displayChanged@OperationParamObject@@QAEXXZ 0041eec0 f   moc_workmodels.obj
 0001:0001dee0       ?equal@?$IteratorOwnerCommon@Vconst_iterator@?$QList@H@@@QtMetaTypePrivate@@SA_NPBQAX0@Z 0041eee0 f i moc_workmodels.obj
 0001:0001dee0       ?equal@?$IteratorOwnerCommon@Vconst_iterator@?$QList@PAVQObject@@@@@QtMetaTypePrivate@@SA_NPBQAX0@Z 0041eee0 f i moc_workmodels.obj
 0001:0001df00       ?factorChanged@OperationParamObject@@QAEXXZ 0041ef00 f   moc_workmodels.obj
 0001:0001df20       ?floatValueChanged@OperationParamObject@@QAEXXZ 0041ef20 f   moc_workmodels.obj
 0001:0001df40       ?getLicenseNumber@TargetMachineObject@@QBE?AVQString@@XZ 0041ef40 f i moc_workmodels.obj
 0001:0001df60       ?getIpAddress@TargetMachineObject@@QBE?AVQString@@XZ 0041ef60 f i environmentvariant.obj
 0001:0001df60       ?name@OperationParamObject@@QBE?AVQString@@XZ 0041ef60 f i workmodels.obj
 0001:0001df60       ?getOperationName@SingleOperationObject@@QAE?AVQString@@XZ 0041ef60 f i moc_workmodels.obj
 0001:0001df80       ?getParamListModel@PlanSelector@@QAE?AV?$QList@PAVQObject@@@@XZ 0041ef80 f i moc_workmodels.obj
 0001:0001dfa0       ?getParamModel@OperationParamSelector@@QAE?AV?$QList@PAVQObject@@@@XZ 0041efa0 f i moc_workmodels.obj
 0001:0001dfc0       ?intListValue@OperationParamObject@@QAE?AV?$QList@H@@XZ 0041efc0 f i moc_workmodels.obj
 0001:0001dfe0       ?intListValueChanged@OperationParamObject@@QAEXXZ 0041efe0 f   moc_workmodels.obj
 0001:0001e000       ?integerValueChanged@OperationParamObject@@QAEXXZ 0041f000 f   moc_workmodels.obj
 0001:0001e020       ?metaObject@AdministratorChecker@@UBEPBUQMetaObject@@XZ 0041f020 f   moc_workmodels.obj
 0001:0001e040       ?metaObject@ConfigFileConverter@@UBEPBUQMetaObject@@XZ 0041f040 f   moc_workmodels.obj
 0001:0001e060       ?metaObject@OperationParamObject@@UBEPBUQMetaObject@@XZ 0041f060 f   moc_workmodels.obj
 0001:0001e080       ?metaObject@OperationParamSelector@@UBEPBUQMetaObject@@XZ 0041f080 f   moc_workmodels.obj
 0001:0001e0a0       ?metaObject@PlanController@@UBEPBUQMetaObject@@XZ 0041f0a0 f   moc_workmodels.obj
 0001:0001e0c0       ?metaObject@PlanSelector@@UBEPBUQMetaObject@@XZ 0041f0c0 f   moc_workmodels.obj
 0001:0001e0e0       ?metaObject@StatusViewWatcher@@UBEPBUQMetaObject@@XZ 0041f0e0 f   moc_workmodels.obj
 0001:0001e100       ?metaObject@TargetMachineObject@@UBEPBUQMetaObject@@XZ 0041f100 f   moc_workmodels.obj
 0001:0001e120       ?metaObject@WorkLocationManager@@UBEPBUQMetaObject@@XZ 0041f120 f   moc_workmodels.obj
 0001:0001e140       ?nameChanged@OperationParamObject@@QAEXXZ 0041f140 f   moc_workmodels.obj
 0001:0001e160       ?op_eq_impl@?$QList@H@@ABE_NABV1@UArrayCompatibleLayout@QListData@@@Z 0041f160 f i moc_workmodels.obj
 0001:0001e160       ?op_eq_impl@?$QList@PAVQObject@@@@ABE_NABV1@UArrayCompatibleLayout@QListData@@@Z 0041f160 f i moc_workmodels.obj
 0001:0001e1d0       ?op_eq_impl@?$QList@VQString@@@@ABE_NABV1@UArrayCompatibleLayout@QListData@@@Z 0041f1d0 f i moc_workmodels.obj
 0001:0001e240       ?operationListModel@PlanSelector@@QAE?AVQStringList@@XZ 0041f240 f i moc_workmodels.obj
 0001:0001e260       ?operationModel@OperationParamSelector@@QAE?AVQStringList@@XZ 0041f260 f i moc_workmodels.obj
 0001:0001e280       ?operationNameChanged@SingleOperationObject@@QAEXXZ 0041f280 f   moc_workmodels.obj
 0001:0001e2a0       ?pageNameChanged@OperationParamSelector@@QAEXXZ 0041f2a0 f   moc_workmodels.obj
 0001:0001e2c0       ?paramListModelChanged@PlanSelector@@QAEXXZ 0041f2c0 f   moc_workmodels.obj
 0001:0001e2e0       ?paramModelChanged@OperationParamSelector@@QAEXXZ 0041f2e0 f   moc_workmodels.obj
 0001:0001e300       ?planCheckStatusChanged@PlanSelector@@QAEXABVQJsonObject@@@Z 0041f300 f   moc_workmodels.obj
 0001:0001e330       ?qt_metacall@AdministratorChecker@@UAEHW4Call@QMetaObject@@HPAPAX@Z 0041f330 f   moc_workmodels.obj
 0001:0001e3e0       ?qt_metacall@ConfigFileConverter@@UAEHW4Call@QMetaObject@@HPAPAX@Z 0041f3e0 f   moc_workmodels.obj
 0001:0001e440       ?qt_metacall@OperationParamObject@@UAEHW4Call@QMetaObject@@HPAPAX@Z 0041f440 f   moc_workmodels.obj
 0001:0001e4e0       ?qt_metacall@OperationParamSelector@@UAEHW4Call@QMetaObject@@HPAPAX@Z 0041f4e0 f   moc_workmodels.obj
 0001:0001e590       ?qt_metacall@PlanController@@UAEHW4Call@QMetaObject@@HPAPAX@Z 0041f590 f   moc_workmodels.obj
 0001:0001e5f0       ?qt_metacall@PlanSelector@@UAEHW4Call@QMetaObject@@HPAPAX@Z 0041f5f0 f   moc_workmodels.obj
 0001:0001e6a0       ?qt_metacall@StatusViewWatcher@@UAEHW4Call@QMetaObject@@HPAPAX@Z 0041f6a0 f   moc_workmodels.obj
 0001:0001e700       ?qt_metacall@TargetMachineObject@@UAEHW4Call@QMetaObject@@HPAPAX@Z 0041f700 f   moc_workmodels.obj
 0001:0001e7c0       ?qt_metacall@WorkLocationManager@@UAEHW4Call@QMetaObject@@HPAPAX@Z 0041f7c0 f   moc_workmodels.obj
 0001:0001e820       ?qt_metacast@AdministratorChecker@@UAEPAXPBD@Z 0041f820 f   moc_workmodels.obj
 0001:0001e880       ?qt_metacast@ConfigFileConverter@@UAEPAXPBD@Z 0041f880 f   moc_workmodels.obj
 0001:0001e8e0       ?qt_metacast@OperationParamObject@@UAEPAXPBD@Z 0041f8e0 f   moc_workmodels.obj
 0001:0001e980       ?qt_metacast@OperationParamSelector@@UAEPAXPBD@Z 0041f980 f   moc_workmodels.obj
 0001:0001e9e0       ?qt_metacast@PlanController@@UAEPAXPBD@Z 0041f9e0 f   moc_workmodels.obj
 0001:0001ea40       ?qt_metacast@PlanSelector@@UAEPAXPBD@Z 0041fa40 f   moc_workmodels.obj
 0001:0001eaa0       ?qt_metacast@StatusViewWatcher@@UAEPAXPBD@Z 0041faa0 f   moc_workmodels.obj
 0001:0001eb00       ?qt_metacast@TargetMachineObject@@UAEPAXPBD@Z 0041fb00 f   moc_workmodels.obj
 0001:0001eba0       ?qt_metacast@WorkLocationManager@@UAEPAXPBD@Z 0041fba0 f   moc_workmodels.obj
 0001:0001ec00       ?qt_metatype_id@?$QMetaTypeId@V?$QList@H@@@@SAHXZ 0041fc00 f i moc_workmodels.obj
 0001:0001ed20       ?qt_metatype_id@?$QMetaTypeId@V?$QList@PAVQObject@@@@@@SAHXZ 0041fd20 f i moc_workmodels.obj
 0001:0001edc0       ?qt_metatype_id@?$QMetaTypeId@VQSequentialIterableImpl@QtMetaTypePrivate@@@@SAHXZ 0041fdc0 f i moc_workmodels.obj
 0001:0001ee50       ?qt_static_metacall@AdministratorChecker@@CAXPAVQObject@@W4Call@QMetaObject@@HPAPAX@Z 0041fe50 f   moc_workmodels.obj
 0001:0001eed0       ?qt_static_metacall@ConfigFileConverter@@CAXPAVQObject@@W4Call@QMetaObject@@HPAPAX@Z 0041fed0 f   moc_workmodels.obj
 0001:0001ef50       ?qt_static_metacall@OperationParamObject@@CAXPAVQObject@@W4Call@QMetaObject@@HPAPAX@Z 0041ff50 f   moc_workmodels.obj
 0001:0001f4c0       ?qt_static_metacall@OperationParamSelector@@CAXPAVQObject@@W4Call@QMetaObject@@HPAPAX@Z 004204c0 f   moc_workmodels.obj
 0001:0001f770       ?qt_static_metacall@PlanController@@CAXPAVQObject@@W4Call@QMetaObject@@HPAPAX@Z 00420770 f   moc_workmodels.obj
 0001:0001f800       ?qt_static_metacall@PlanSelector@@CAXPAVQObject@@W4Call@QMetaObject@@HPAPAX@Z 00420800 f   moc_workmodels.obj
 0001:0001fdd0       ?qt_static_metacall@SingleOperationObject@@CAXPAVQObject@@W4Call@QMetaObject@@HPAPAX@Z 00420dd0 f   moc_workmodels.obj
 0001:0001fe80       ?qt_static_metacall@StatusViewWatcher@@CAXPAVQObject@@W4Call@QMetaObject@@HPAPAX@Z 00420e80 f   moc_workmodels.obj
 0001:0001ff20       ?qt_static_metacall@TargetMachineObject@@CAXPAVQObject@@W4Call@QMetaObject@@HPAPAX@Z 00420f20 f   moc_workmodels.obj
 0001:00020080       ?qt_static_metacall@WorkLocationManager@@CAXPAVQObject@@W4Call@QMetaObject@@HPAPAX@Z 00421080 f   moc_workmodels.obj
 0001:000201b0       ?registerConverter@?$ValueTypeIsMetaType@V?$QList@H@@$00@QtPrivate@@SA_NH@Z 004211b0 f i moc_workmodels.obj
 0001:00020240       ?registerConverter@?$ValueTypeIsMetaType@V?$QList@PAVQObject@@@@$00@QtPrivate@@SA_NH@Z 00421240 f i moc_workmodels.obj
 0001:000202d0       ?revertSwitchChanged@OperationParamObject@@QAEXXZ 004212d0 f   moc_workmodels.obj
 0001:000202f0       ?setBoolValue@OperationParamObject@@QAEX_N@Z 004212f0 f i moc_workmodels.obj
 0001:00020320       ?setBottomValue@OperationParamObject@@QAEXH@Z 00421320 f i moc_workmodels.obj
 0001:00020350       ?setDisplay@OperationParamObject@@QAEXABVQString@@@Z 00421350 f i moc_workmodels.obj
 0001:00020390       ?setFactor@OperationParamObject@@QAEXH@Z 00421390 f i moc_workmodels.obj
 0001:000203c0       ?setFloatValue@OperationParamObject@@QAEXN@Z 004213c0 f i moc_workmodels.obj
 0001:00020400       ?setIntListValue@OperationParamObject@@QAEXABV?$QList@H@@@Z 00421400 f i moc_workmodels.obj
 0001:000204e0       ?setIntegerValue@OperationParamObject@@QAEXH@Z 004214e0 f i moc_workmodels.obj
 0001:00020510       ?setName@OperationParamObject@@QAEXABVQString@@@Z 00421510 f i moc_workmodels.obj
 0001:00020550       ?setOperationName@SingleOperationObject@@QAEXABVQString@@@Z 00421550 f i moc_workmodels.obj
 0001:00020590       ?setParamListModel@PlanSelector@@QAEXABV?$QList@PAVQObject@@@@@Z 00421590 f i moc_workmodels.obj
 0001:00020670       ?setParamModel@OperationParamSelector@@QAEXABV?$QList@PAVQObject@@@@@Z 00421670 f i moc_workmodels.obj
 0001:00020750       ?setRevertSwitch@OperationParamObject@@QAEX_N@Z 00421750 f i moc_workmodels.obj
 0001:00020780       ?setStringValue@OperationParamObject@@QAEXABVQString@@@Z 00421780 f i moc_workmodels.obj
 0001:000207c0       ?setStringlistValue@OperationParamObject@@QAEXABVQStringList@@@Z 004217c0 f i moc_workmodels.obj
 0001:00020840       ?setSwitchValue@OperationParamObject@@QAEXABVQString@@@Z 00421840 f i moc_workmodels.obj
 0001:00020880       ?setTopValue@OperationParamObject@@QAEXH@Z 00421880 f i moc_workmodels.obj
 0001:000208b0       ?setUnit@OperationParamObject@@QAEXABVQString@@@Z 004218b0 f i moc_workmodels.obj
 0001:000208f0       ?settype@OperationParamObject@@QAEXABVQString@@@Z 004218f0 f i moc_workmodels.obj
 0001:00020930       ?statusChanged@StatusViewWatcher@@QAEXABVQJsonObject@@@Z 00421930 f   moc_workmodels.obj
 0001:00020960       ?stringListValue@OperationParamObject@@QBE?AVQStringList@@XZ 00421960 f i moc_workmodels.obj
 0001:00020980       ?stringValue@OperationParamObject@@QBE?AVQString@@XZ 00421980 f i moc_workmodels.obj
 0001:000209a0       ?stringValueChanged@OperationParamObject@@QAEXXZ 004219a0 f   moc_workmodels.obj
[...]
 0002:00058958       __unwindtable$??_G?$QQmlElement@VStatusViewWatcher@@@QQmlPrivate@@UAEPAXI@Z 00480958     main.obj
 0002:00058958       __unwindtable$??1OperationParamData@@QAE@XZ 00480958     configfilehandler.obj
 0002:00058958       __unwindtable$??_GPlanController@@UAEPAXI@Z 00480958     workmodels.obj
 0002:00058958       __unwindtable$??_G?$QQmlElement@VPlanSelector@@@QQmlPrivate@@UAEPAXI@Z 00480958     main.obj
 0002:00058960       __ehfuncinfo$??_G?$QQmlElement@VTextFieldDoubleValidator@@@QQmlPrivate@@UAEPAXI@Z 00480960     main.obj
 0002:00058960       __ehfuncinfo$??1SingleOperationData@@QAE@XZ 00480960     configfilehandler.obj
 0002:00058960       __ehfuncinfo$??_G?$QQmlElement@VOperationParamObject@@@QQmlPrivate@@UAEPAXI@Z 00480960     main.obj
 0002:00058960       __ehfuncinfo$??_G?$QQmlElement@VStatusViewWatcher@@@QQmlPrivate@@UAEPAXI@Z 00480960     main.obj
 0002:00058960       __ehfuncinfo$??1OperationParamData@@QAE@XZ 00480960     configfilehandler.obj
 0002:00058960       __ehfuncinfo$??_G?$QQmlElement@VWorkLocationManager@@@QQmlPrivate@@UAEPAXI@Z 00480960     main.obj
 0002:00058960       __ehfuncinfo$??1?$QForeachContainer@$$CBV?$QList@VSingleOperationData@@@@@@QAE@XZ 00480960     environmentvariant.obj
 0002:00058960       __ehfuncinfo$??_G?$QQmlElement@VOperationParamSelector@@@QQmlPrivate@@UAEPAXI@Z 00480960     main.obj
 0002:00058960       __ehfuncinfo$??_G?$QQmlElement@VPlanController@@@QQmlPrivate@@UAEPAXI@Z 00480960     main.obj
 0002:00058960       __ehfuncinfo$??_G?$QQmlElement@VPlanSelector@@@QQmlPrivate@@UAEPAXI@Z 00480960     main.obj
 0002:00058960       __ehfuncinfo$??_GPlanController@@UAEPAXI@Z 00480960     workmodels.obj
 0002:00058960       __ehfuncinfo$??_GSingleOperationData@@QAEPAXI@Z 00480960     configfilehandler.obj
 0002:000589b8       __catchsym$?detach_helper_grow@?$QList@H@@AAEPAUNode@1@HH@Z$10 004809b8     configfilehandler.obj
 0002:000589b8       __catchsym$?detach_helper_grow@?$QList@PAVQObject@@@@AAEPAUNode@1@HH@Z$10 004809b8     workmodels.obj
 0002:000589c8       __catchsym$?detach_helper_grow@?$QList@H@@AAEPAUNode@1@HH@Z$9 004809c8     configfilehandler.obj
 0002:000589c8       __catchsym$?detach_helper_grow@?$QList@PAVQObject@@@@AAEPAUNode@1@HH@Z$9 004809c8     workmodels.obj
 0002:000589d8       __unwindtable$?detach_helper_grow@?$QList@H@@AAEPAUNode@1@HH@Z 004809d8     configfilehandler.obj
 0002:000589d8       __unwindtable$?detach_helper_grow@?$QList@PAVQObject@@@@AAEPAUNode@1@HH@Z 004809d8     workmodels.obj
 0002:000589f8       __ehfuncinfo$?detach_helper_grow@?$QList@PAVQObject@@@@AAEPAUNode@1@HH@Z 004809f8     workmodels.obj
 0002:000589f8       __ehfuncinfo$?detach_helper_grow@?$QList@H@@AAEPAUNode@1@HH@Z 004809f8     configfilehandler.obj
 0002:00058a1c       __tryblocktable$?detach_helper_grow@?$QList@H@@AAEPAUNode@1@HH@Z 00480a1c     configfilehandler.obj
 0002:00058a1c       __tryblocktable$?detach_helper_grow@?$QList@PAVQObject@@@@AAEPAUNode@1@HH@Z 00480a1c     workmodels.obj
 0002:00058a44       __ehfuncinfo$?setSelectedOperation@OperationParamSelector@@QAEXH@Z 00480a44     workmodels.obj
 0002:00058a68       __unwindtable$?setSelectedOperation@OperationParamSelector@@QAEXH@Z 00480a68     workmodels.obj
 0002:00058ad0       __unwindtable$?getSwitch@PlanSelector@@QAEPAVQObject@@ABVQString@@@Z 00480ad0     workmodels.obj
 0002:00058ad0       __unwindtable$?getSwitch@OperationParamSelector@@QAEPAVQObject@@ABVQString@@@Z 00480ad0     workmodels.obj
 0002:00058ae8       __ehfuncinfo$?getSwitch@PlanSelector@@QAEPAVQObject@@ABVQString@@@Z 00480ae8     workmodels.obj
 0002:00058ae8       __ehfuncinfo$?getSwitch@OperationParamSelector@@QAEPAVQObject@@ABVQString@@@Z 00480ae8     workmodels.obj
 0002:00058b0c       __ehfuncinfo$?onCompleteSingleOperation@OperationParamSelector@@QAEXXZ 00480b0c     workmodels.obj
 0002:00058b30       __unwindtable$?onCompleteSingleOperation@OperationParamSelector@@QAEXXZ 00480b30     workmodels.obj
 0002:00058b70       __unwindtable$??0PlanSelector@@QAE@PAVQObject@@@Z 00480b70     workmodels.obj
 0002:00058b90       __ehfuncinfo$??0PlanSelector@@QAE@PAVQObject@@@Z 00480b90     workmodels.obj
 0002:00058bb4       __unwindtable$??1PlanSelector@@UAE@XZ 00480bb4     workmodels.obj
 0002:00058bc4       __ehfuncinfo$??1PlanSelector@@UAE@XZ 00480bc4     workmodels.obj
 0002:00058be8       __ehfuncinfo$?setSelectedStep@PlanSelector@@QAEXHH@Z 00480be8     workmodels.obj
 0002:00058c0c       __unwindtable$?setSelectedStep@PlanSelector@@QAEXHH@Z 00480c0c     workmodels.obj
 0002:00058c74       __ehfuncinfo$?setSelectedOperation@PlanSelector@@QAEXHHH@Z 00480c74     workmodels.obj
 0002:00058c98       __unwindtable$?setSelectedOperation@PlanSelector@@QAEXHHH@Z 00480c98     workmodels.obj
 0002:00058d20       __unwindtable$??_GStatusViewWatcher@@UAEPAXI@Z 00480d20     workmodels.obj
 0002:00058d28       __ehfuncinfo$??_GStatusViewWatcher@@UAEPAXI@Z 00480d28     workmodels.obj
 0002:00058d4c       __unwindtable$?onMachineConfigChanged@TargetMachineObject@@QAE_NXZ 00480d4c     workmodels.obj
 0002:00058d54       __ehfuncinfo$?onMachineConfigChanged@TargetMachineObject@@QAE_NXZ 00480d54     workmodels.obj
 0002:00058d78       __unwindtable$?getConfigFullName@@YA?AVQString@@PBD@Z 00480d78     main.obj
 0002:00058d78       __unwindtable$?exportConfigFile@ConfigFileConverter@@QAE_NABVQUrl@@@Z 00480d78     workmodels.obj
 0002:00058d78       __unwindtable$?importConfigFile@ConfigFileConverter@@QAE_NABVQUrl@@@Z 00480d78     workmodels.obj
 0002:00058d80       __ehfuncinfo$?exportConfigFile@ConfigFileConverter@@QAE_NABVQUrl@@@Z 00480d80     workmodels.obj
 0002:00058d80       __ehfuncinfo$?getConfigFullName@@YA?AVQString@@PBD@Z 00480d80     main.obj
 0002:00058d80       __ehfuncinfo$?importConfigFile@ConfigFileConverter@@QAE_NABVQUrl@@@Z 00480d80     workmodels.obj
 0002:00058da4       __unwindtable$?readConfigFIle@ConfigFileConverter@@QAE?AVQString@@ABVQUrl@@@Z 00480da4     workmodels.obj
 0002:00058dc4       __ehfuncinfo$?readConfigFIle@ConfigFileConverter@@QAE?AVQString@@ABVQUrl@@@Z 00480dc4     workmodels.obj
 0002:00058de8       __unwindtable$??1?$QForeachContainer@V?$QList@VOperationParamData@@@@@@QAE@XZ 00480de8     configfilehandler.obj
 0002:00058de8       __unwindtable$??1?$QForeachContainer@$$CBV?$QList@VOperationParamData@@@@@@QAE@XZ 00480de8     environmentvariant.obj
 0002:00058de8       __unwindtable$??1?$QForeachContainer@V?$QList@PAVQObject@@@@@@QAE@XZ 00480de8     workmodels.obj
 0002:00058df0       __ehfuncinfo$??1?$QForeachContainer@V?$QList@VOperationParamData@@@@@@QAE@XZ 00480df0     configfilehandler.obj
 0002:00058df0       __ehfuncinfo$??1?$QForeachContainer@$$CBV?$QList@VOperationParamData@@@@@@QAE@XZ 00480df0     environmentvariant.obj
 0002:00058df0       __ehfuncinfo$??1?$QForeachContainer@V?$QList@PAVQObject@@@@@@QAE@XZ 00480df0     workmodels.obj
 0002:00058e14       __ehfuncinfo$?doCheck@SubThreadCheckWorker@@QAEXABVQJsonObject@@@Z 00480e14     workflowChecker.obj
 0002:00058e38       __unwindtable$?doCheck@SubThreadCheckWorker@@QAEXABVQJsonObject@@@Z 00480e38     workflowChecker.obj
 0002:00058f40       __ehfuncinfo$?configChecker@SubThreadCheckWorker@@QAEXABVQJsonArray@@@Z 00480f40     workflowChecker.obj
 0002:00058f64       __unwindtable$?configChecker@SubThreadCheckWorker@@QAEXABVQJsonArray@@@Z 00480f64     workflowChecker.obj
 0002:00058fec       __ehfuncinfo$?CheckBoardConstraint@SubThreadCheckWorker@@IAE_NABVQJsonObject@@@Z 00480fec     workflowChecker.obj
 0002:00059010       __unwindtable$?CheckBoardConstraint@SubThreadCheckWorker@@IAE_NABVQJsonObject@@@Z 00481010     workflowChecker.obj
 0002:000590c0       __ehfuncinfo$?CheckParamConstraint@SubThreadCheckWorker@@IAE_NABVQJsonObject@@@Z 004810c0     workflowChecker.obj
 0002:000590e4       __unwindtable$?CheckParamConstraint@SubThreadCheckWorker@@IAE_NABVQJsonObject@@@Z 004810e4     workflowChecker.obj
 0002:0005924c       __ehfuncinfo$?isFilteredCommand@SubThreadCheckWorker@@IAE_NABVQJsonObject@@@Z 0048124c     workflowChecker.obj
 0002:00059270       __unwindtable$?isFilteredCommand@SubThreadCheckWorker@@IAE_NABVQJsonObject@@@Z 00481270     workflowChecker.obj
 0002:00059310       __ehfuncinfo$??1PlanController@@UAE@XZ 00481310     workmodels.obj
 0002:00059310       __ehfuncinfo$??1?$CComPtr@UINetFwProfile@@@ATL@@QAE@XZ 00481310     main.obj
 0002:00059310       __ehfuncinfo$??1?$CComPtr@UINetFwAuthorizedApplication@@@ATL@@QAE@XZ 00481310     main.obj
 0002:00059310       __ehfuncinfo$??1?$CComPtr@UINetFwAuthorizedApplications@@@ATL@@QAE@XZ 00481310     main.obj
 0002:00059310       __ehfuncinfo$??1?$QMap@VQString@@VOperationParamData@@@@QAE@XZ 00481310     configfilehandler.obj
 0002:00059310       __ehfuncinfo$??1StatusViewWatcher@@UAE@XZ 00481310     workmodels.obj
 0002:00059310       __ehfuncinfo$??1?$QMap@VQString@@H@@QAE@XZ 00481310     workflowChecker.obj
 0002:00059310       __ehfuncinfo$??1?$QList@VSinglePlanData@@@@QAE@XZ 00481310     configfilehandler.obj
 0002:00059310       __ehfuncinfo$??1?$QList@VQByteArray@@@@QAE@XZ 00481310     configfilehandler.obj
 0002:00059310       __ehfuncinfo$??1?$QList@VSingleOperationData@@@@QAE@XZ 00481310     configfilehandler.obj
 0002:00059310       __ehfuncinfo$??1WorkflowController@@UAE@XZ 00481310     workflowprotocol.obj
 0002:00059310       __ehfuncinfo$??1?$CComPtr@UINetFwPolicy@@@ATL@@QAE@XZ 00481310     main.obj
 0002:00059310       __ehfuncinfo$??1?$CComPtr@UINetFwMgr@@@ATL@@QAE@XZ 00481310     main.obj
 0002:00059310       __ehfuncinfo$??1?$QList@UloopControl@SubThreadWorker@@@@QAE@XZ 00481310     workflowprotocol.obj
 0002:00059310       __ehfuncinfo$??1?$QList@H@@QAE@XZ 00481310     configfilehandler.obj
 0002:00059310       __ehfuncinfo$??1WorkflowCheckerController@@UAE@XZ 00481310     workflowChecker.obj
 0002:00059310       __ehfuncinfo$??1?$QList@PAVQObject@@@@QAE@XZ 00481310     main.obj
 0002:00059310       __ehfuncinfo$??1?$QMap@VQString@@V1@@@QAE@XZ 00481310     configfilehandler.obj
 0002:00059310       __ehfuncinfo$??1?$QList@VOperationParamData@@@@QAE@XZ 00481310     configfilehandler.obj
 0002:00059310       __ehfuncinfo$??1?$QList@VQString@@@@QAE@XZ 00481310     workflowprotocol.obj
 0002:00059310       __ehfuncinfo$??1?$QMap@VQString@@VQStringList@@@@QAE@XZ 00481310     configfilehandler.obj
 0002:00059334       __ehfuncinfo$??0WorkflowCheckerController@@QAE@PAVQObject@@@Z 00481334     workflowChecker.obj
 0002:00059358       __unwindtable$??0WorkflowCheckerController@@QAE@PAVQObject@@@Z 00481358     workflowChecker.obj
 0002:00059388       __unwindtable$?qt_metatype_id@?$QMetaTypeId@V?$QList@PAVQObject@@@@@@SAHXZ 00481388     moc_workmodels.obj
 0002:00059388       __unwindtable$?qt_metatype_id@?$QMetaTypeId@VQSequentialIterableImpl@QtMetaTypePrivate@@@@SAHXZ 00481388     moc_workmodels.obj
 0002:00059390       __ehfuncinfo$?qt_metatype_id@?$QMetaTypeId@V?$QList@PAVQObject@@@@@@SAHXZ 00481390     moc_workmodels.obj
 0002:00059390       __ehfuncinfo$?qt_metatype_id@?$QMetaTypeId@VQSequentialIterableImpl@QtMetaTypePrivate@@@@SAHXZ 00481390     moc_workmodels.obj
 0002:000593b4       __unwindtable$?qt_static_metacall@OperationParamSelector@@CAXPAVQObject@@W4Call@QMetaObject@@HPAPAX@Z 004813b4     moc_workmodels.obj
 0002:000593bc       __ehfuncinfo$?qt_static_metacall@OperationParamSelector@@CAXPAVQObject@@W4Call@QMetaObject@@HPAPAX@Z 004813bc     moc_workmodels.obj
 0002:000593e0       __unwindtable$?qt_static_metacall@PlanSelector@@CAXPAVQObject@@W4Call@QMetaObject@@HPAPAX@Z 004813e0     moc_workmodels.obj
 0002:00059400       __ehfuncinfo$?qt_static_metacall@PlanSelector@@CAXPAVQObject@@W4Call@QMetaObject@@HPAPAX@Z 00481400     moc_workmodels.obj
 0002:00059424       __unwindtable$??4OperationParamData@@QAEAAV0@ABV0@@Z 00481424     configfilehandler.obj
 0002:00059424       __unwindtable$?setParamModel@OperationParamSelector@@QAEXABV?$QList@PAVQObject@@@@@Z 00481424     moc_workmodels.obj
 0002:00059424       __unwindtable$?setParamListModel@PlanSelector@@QAEXABV?$QList@PAVQObject@@@@@Z 00481424     moc_workmodels.obj
 0002:00059424       __unwindtable$?setIntListValue@OperationParamObject@@QAEXABV?$QList@H@@@Z 00481424     moc_workmodels.obj
 0002:00059424       __unwindtable$?clear@?$QList@UloopControl@SubThreadWorker@@@@QAEXXZ 00481424     workflowprotocol.obj
 0002:0005942c       __ehfuncinfo$?setParamModel@OperationParamSelector@@QAEXABV?$QList@PAVQObject@@@@@Z 0048142c     moc_workmodels.obj
 0002:0005942c       __ehfuncinfo$?clear@?$QList@UloopControl@SubThreadWorker@@@@QAEXXZ 0048142c     workflowprotocol.obj
 0002:0005942c       __ehfuncinfo$?setIntListValue@OperationParamObject@@QAEXABV?$QList@H@@@Z 0048142c     moc_workmodels.obj
 0002:0005942c       __ehfuncinfo$??4OperationParamData@@QAEAAV0@ABV0@@Z 0048142c     configfilehandler.obj
 0002:0005942c       __ehfuncinfo$?setParamListModel@PlanSelector@@QAEXABV?$QList@PAVQObject@@@@@Z 0048142c     moc_workmodels.obj
 0002:00059450       __unwindtable$?qt_static_metacall@WorkLocationManager@@CAXPAVQObject@@W4Call@QMetaObject@@HPAPAX@Z 00481450     moc_workmodels.obj
 0002:00059460       __ehfuncinfo$?qt_static_metacall@WorkLocationManager@@CAXPAVQObject@@W4Call@QMetaObject@@HPAPAX@Z 00481460     moc_workmodels.obj
 0002:00059484       __unwindtable$?Construct@?$QMetaTypeFunctionHelper@V?$QList@PAVQObject@@@@$00@QtMetaTypePrivate@@SAPAXPAXPBX@Z 00481484     moc_workmodels.obj
 0002:00059484       __unwindtable$?Construct@?$QMetaTypeFunctionHelper@V?$QList@H@@$00@QtMetaTypePrivate@@SAPAXPAXPBX@Z 00481484     moc_workmodels.obj
 0002:0005948c       __ehfuncinfo$?Construct@?$QMetaTypeFunctionHelper@V?$QList@H@@$00@QtMetaTypePrivate@@SAPAXPAXPBX@Z 0048148c     moc_workmodels.obj
 0002:0005948c       __ehfuncinfo$?Construct@?$QMetaTypeFunctionHelper@V?$QList@PAVQObject@@@@$00@QtMetaTypePrivate@@SAPAXPAXPBX@Z 0048148c     moc_workmodels.obj
 0002:000594b0       __unwindtable$?qt_metatype_id@?$QMetaTypeId@V?$QList@H@@@@SAHXZ 004814b0     moc_workmodels.obj
 0002:000594b8       __ehfuncinfo$?qt_metatype_id@?$QMetaTypeId@V?$QList@H@@@@SAHXZ 004814b8     moc_workmodels.obj
 0002:000594dc       __unwindtable$??__Ff@?4??registerConverter@?$ValueTypeIsMetaType@V?$QList@H@@$00@QtPrivate@@SA_NH@Z@YAXXZ 004814dc     moc_workmodels.obj
 0002:000594dc       __unwindtable$??__Ff@?4??registerConverter@?$ValueTypeIsMetaType@V?$QList@PAVQObject@@@@$00@QtPrivate@@SA_NH@Z@YAXXZ 004814dc     moc_workmodels.obj
 0002:000594dc       __unwindtable$?Destruct@?$QMetaTypeFunctionHelper@V?$QList@PAVQObject@@@@$00@QtMetaTypePrivate@@SAXPAX@Z 004814dc     moc_workmodels.obj
 0002:000594dc       __unwindtable$?Destruct@?$QMetaTypeFunctionHelper@V?$QList@H@@$00@QtMetaTypePrivate@@SAXPAX@Z 004814dc     moc_workmodels.obj
 0002:000594dc       __unwindtable$??__Fdummy@?A0x60b45615@@YAXXZ 004814dc     qrc_qml.obj
 0002:000594e4       __ehfuncinfo$??__Ff@?4??registerConverter@?$ValueTypeIsMetaType@V?$QList@PAVQObject@@@@$00@QtPrivate@@SA_NH@Z@YAXXZ 004814e4     moc_workmodels.obj
 0002:000594e4       __ehfuncinfo$??__Ff@?4??registerConverter@?$ValueTypeIsMetaType@V?$QList@H@@$00@QtPrivate@@SA_NH@Z@YAXXZ 004814e4     moc_workmodels.obj
 0002:000594e4       __ehfuncinfo$??__Fdummy@?A0x60b45615@@YAXXZ 004814e4     qrc_qml.obj
 0002:000594e4       __ehfuncinfo$?Destruct@?$QMetaTypeFunctionHelper@V?$QList@PAVQObject@@@@$00@QtMetaTypePrivate@@SAXPAX@Z 004814e4     moc_workmodels.obj
 0002:000594e4       __ehfuncinfo$?Destruct@?$QMetaTypeFunctionHelper@V?$QList@H@@$00@QtMetaTypePrivate@@SAXPAX@Z 004814e4     moc_workmodels.obj
 0002:00059508       __sehtable$___scrt_is_nonwritable_in_current_image 00481508     MSVCRT:utility.obj
 0002:00059528       __sehtable$?__scrt_common_main_seh@@YAHXZ 00481528     MSVCRT:exe_winmain.obj
 0002:00059d20       .idata$6                   00481d20     DbgHelp:dbghelp.dll
 0002:00059e24       .idata$6                   00481e24     Qt5Quick:Qt5Quick.dll
 0002:0005a17c       .idata$6                   0048217c     Qt5Gui:Qt5Gui.dll
 0002:0005a2d8       .idata$6                   004822d8     Qt5Qml:Qt5Qml.dll
 0002:0005a498       .idata$6                   00482498     Qt5Network:Qt5Network.dll
 0002:0005c9d8       .idata$6                   004849d8     Qt5Core:Qt5Core.dll
 0002:0005cc24       .idata$6                   00484c24     kernel32:KERNEL32.dll
 0002:0005cc68       .idata$6                   00484c68     ole32:ole32.dll
 0002:0005cc72       .idata$6                   00484c72     oleaut32:OLEAUT32.dll
 0002:0005cd56       .idata$6                   00484d56     vcruntime:VCRUNTIME140.dll
 0002:0005cf5c       .idata$6                   00484f5c     ucrt:api-ms-win-crt-runtime-l1-1-0.dll
 0002:0005cf7e       .idata$6                   00484f7e     ucrt:api-ms-win-crt-heap-l1-1-0.dll
 0002:0005cf9e       .idata$6                   00484f9e     ucrt:api-ms-win-crt-math-l1-1-0.dll
 0002:0005cfbe       .idata$6                   00484fbe     ucrt:api-ms-win-crt-stdio-l1-1-0.dll
 0002:0005cfde       .idata$6                   00484fde     ucrt:api-ms-win-crt-locale-l1-1-0.dll
 0002:0005d016       .idata$6                   00485016     shell32:SHELL32.dll
 0003:00000820       ?_Tss_mutex@@3U_RTL_CRITICAL_SECTION@@A 00486820     MSVCRT:thread_safe_statics.obj
 0003:00000838       ?_Tss_cv@@3U_RTL_CONDITION_VARIABLE@@A 00486838     MSVCRT:thread_safe_statics.obj
 0003:0000083c       ?_Tss_event@@3PAXA         0048683c     MSVCRT:thread_safe_statics.obj
 0003:00000840       ?encoded_sleep_condition_variable_cs@@3P6GHPAU_RTL_CONDITION_VARIABLE@@PAU_RTL_CRITICAL_SECTION@@K@ZA 00486840     MSVCRT:thread_safe_statics.obj
 0003:00000844       ?encoded_wake_all_condition_variable@@3P6GXPAU_RTL_CONDITION_VARIABLE@@@ZA 00486844     MSVCRT:thread_safe_statics.obj
 0003:00000854       ?module_local_atexit_table@@3U_onexit_table_t@@A 00486854     MSVCRT:utility.obj
 0003:00000860       ?module_local_at_quick_exit_table@@3U_onexit_table_t@@A 00486860     MSVCRT:utility.obj
 0003:0000086c       ?is_initialized_as_dll@@3_NA 0048686c     MSVCRT:utility.obj
 0003:00000870       _GS_ExceptionRecord        00486870     MSVCRT:gs_report.obj
 0003:000008c0       _GS_ContextRecord          004868c0     MSVCRT:gs_report.obj
 0004:00000000       __guard_fids__             00487000     MSVCRT:std_type_info_static.obj
 0004:00000004       __guard_fids__             00487004     MSVCRT:thread_safe_statics.obj
 0004:00000008       __guard_fids_?__scrt_initialize_thread_safe_statics@@YAHXZ 00487008     MSVCRT:thread_safe_statics.obj
 0004:0000000c       __guard_fids__             0048700c     MSVCRT:exe_winmain.obj
 0004:00000010       __guard_fids__             00487010     MSVCRT:exe_winmain.obj
 0004:00000014       __guard_fids__             00487014     MSVCRT:exe_winmain.obj
 0004:00000018       __guard_fids_?pre_c_initialization@@YAHXZ 00487018     MSVCRT:exe_winmain.obj
 0004:00000020       __guard_fids__             00487020     MSVCRT:throw_bad_alloc.obj
 0004:00000028       __guard_fids__             00487028     MSVCRT:throw_bad_alloc.obj
 0004:00000030       __guard_fids__             00487030     MSVCRT:throw_bad_alloc.obj
 0004:00000038       __guard_fids__             00487038     MSVCRT:throw_bad_alloc.obj
 0004:0000003c       __guard_fids__             0048703c     MSVCRT:throw_bad_alloc.obj
 0004:00000040       __guard_fids__             00487040     MSVCRT:throw_bad_alloc.obj
 0004:00000044       __guard_fids__             00487044     MSVCRT:throw_bad_alloc.obj
 0004:00000048       __guard_fids__             00487048     MSVCRT:throw_bad_alloc.obj
 0004:0000004c       __guard_fids____scrt_set_unhandled_exception_filter 0048704c     MSVCRT:utility_desktop.obj
 0004:00000050       __guard_fids___except_handler4 00487050     MSVCRT:_chandler4gs_.obj
 0004:00000054       __guard_fids__             00487054     MSVCRT:guard_support.obj
 0006:00000060       $R000000                   00489060     * linker generated manifest res *
