 MindGoTool_AllInOne

 Timestamp is 59a0ed92 (Sat Aug 26 11:40:02 2017)

 Preferred load address is 00400000

 Start         Length     Name                   Class
 0001:00000000 00000160H .text$di                CODE
 0001:00000160 00021af0H .text$mn                CODE
 0001:00021c50 00004480H .text$x                 CODE
 0001:000260d0 00000107H .text$yd                CODE
 0002:00000000 000005e0H .idata$5                DATA
 0002:000005e0 00000004H .00cfg                  DATA
 0002:000005e4 00000004H .CRT$XCA                DATA
 0002:000005e8 00000004H .CRT$XCAA               DATA
 0002:000005ec 00000004H .CRT$XCL                DATA
 0002:000005f0 00000048H .CRT$XCU                DATA
 0002:00000638 00000004H .CRT$XCZ                DATA
 0002:0000063c 00000004H .CRT$XIA                DATA
 0002:00000640 00000004H .CRT$XIAA               DATA
 0002:00000644 00000004H .CRT$XIAC               DATA
 0002:00000648 00000004H .CRT$XIC                DATA
 0002:0000064c 00000004H .CRT$XIZ                DATA
 0002:00000650 00000004H .CRT$XLA                DATA
 0002:00000654 00000004H .CRT$XLZ                DATA
 0002:00000658 00000004H .CRT$XPA                DATA
 0002:0000065c 00000004H .CRT$XPZ                DATA
 0002:00000660 00000004H .CRT$XTA                DATA
 0002:00000664 0000000cH .CRT$XTZ                DATA
 0002:00000670 000531b4H .rdata                  DATA
 0002:00053824 00000018H .rdata$T                DATA
 0002:0005383c 00000ad4H .rdata$r                DATA
 0002:00054310 00000268H .rdata$sxdata           DATA
 0002:00054578 000003e0H .rdata$zzzdbg           DATA
 0002:00054958 00000004H .rtc$IAA                DATA
 0002:0005495c 00000004H .rtc$IZZ                DATA
 0002:00054960 00000004H .rtc$TAA                DATA
 0002:00054964 00000004H .rtc$TZZ                DATA
 0002:00054968 00004c1cH .xdata$x                DATA
 0002:00059584 00000000H ATL$__a                 DATA
 0002:00059584 00000000H ATL$__z                 DATA
 0002:00059584 00000000H .edata                  DATA
 0002:00059584 00000140H .idata$2                DATA
 0002:000596c4 00000014H .idata$3                DATA
 0002:000596d8 000005e0H .idata$4                DATA
 0002:00059cb8 00003318H .idata$6                DATA
 0003:00000000 000001c8H .data                   DATA
 0003:000001c8 000005c8H .data$r                 DATA
 0003:00000790 00000464H .bss                    DATA
 0004:00000000 00000058H .gfids$y                DATA
 0005:00000000 00000004H .tls                    DATA
 0005:00000004 00000004H .tls$                   DATA
 0005:00000008 00000001H .tls$ZZZ                DATA
 0006:00000000 00000060H .rsrc$01                DATA
 0006:00000060 00000290H .rsrc$02                DATA

  Address         Publics by Value              Rva+Base       Lib:Object

 0000:00000000       ___guard_iat_table         00000000     <absolute>
 0000:00000000       ___guard_longjmp_count     00000000     <absolute>
 0000:00000000       ___guard_longjmp_table     00000000     <absolute>
 0000:00000000       ___guard_fids_table        00000000     <absolute>
 0000:00000000       ___guard_iat_count         00000000     <absolute>
 0000:00000000       ___guard_fids_count        00000000     <absolute>
 0000:00000000       ___dynamic_value_reloc_table 00000000     <absolute>
 0000:0000002c       __tls_array                0000002c     <absolute>
 0000:0000009a       ___safe_se_handler_count   0000009a     <absolute>
 0000:00000100       ___guard_flags             00000100     <absolute>
 0000:00000000       ___ImageBase               00400000     <linker-defined>
 0001:00000160       ??0Communication@@QAE@PAVQObject@@@Z 00401160 f   communication.obj
 0001:000001d0       ??_GCommunication@@UAEPAXI@Z 004011d0 f i communication.obj
 0001:000001d0       ??_ECommunication@@UAEPAXI@Z 004011d0 f i communication.obj
 0001:00000200       ?connectToServer@Communication@@QAE_NABVQString@@G@Z 00401200 f   communication.obj
 0001:000003d0       ?disconnectLater@Communication@@QAEXH@Z 004013d0 f   communication.obj
 0001:00000400       ?readData@Communication@@QAE?AVQByteArray@@H@Z 00401400 f   communication.obj
 0001:00000480       ?timerEvent@Communication@@MAEXPAVQTimerEvent@@@Z 00401480 f   communication.obj
 0001:000004c0       ?write@Communication@@QAE_JABVQByteArray@@@Z 004014c0 f   communication.obj
 0001:00000510       ??$connect@P8QThread@@AEXUQPrivateSignal@1@@ZP8QObject@@AEXXZ@QObject@@SA?AVConnection@QMetaObject@@PBVQThread@@P83@AEXUQPrivateSignal@3@@ZPBV0@P80@AEXXZW4ConnectionType@Qt@@@Z 00401510 f i workflowprotocol.obj
 0001:00000570       ??$connect@P8SubThreadWorker@@AEXABVQJsonObject@@@ZP8WorkflowController@@AEX0@Z@QObject@@SA?AVConnection@QMetaObject@@PBVSubThreadWorker@@P83@AEXABVQJsonObject@@@ZPBVWorkflowController@@P85@AEX1@ZW4ConnectionType@Qt@@@Z 00401570 f i workflowprotocol.obj
 0001:000005e0       ??$connect@P8SubThreadWorker@@AEXABVQString@@H@ZP8WorkflowController@@AEX0H@Z@QObject@@SA?AVConnection@QMetaObject@@PBVSubThreadWorker@@P83@AEXABVQString@@H@ZPBVWorkflowController@@P85@AEX1H@ZW4ConnectionType@Qt@@@Z 004015e0 f i workflowprotocol.obj
 0001:00000650       ??$connect@P8WorkflowController@@AEXABVQJsonObject@@@ZP8SubThreadWorker@@AEX0@Z@QObject@@SA?AVConnection@QMetaObject@@PBVWorkflowController@@P83@AEXABVQJsonObject@@@ZPBVSubThreadWorker@@P85@AEX1@ZW4ConnectionType@Qt@@@Z 00401650 f i workflowprotocol.obj
 0001:000006c0       ??$connect@P8WorkflowController@@AEXABVQString@@@ZP8SubThreadWorker@@AEX0@Z@QObject@@SA?AVConnection@QMetaObject@@PBVWorkflowController@@P83@AEXABVQString@@@ZPBVSubThreadWorker@@P85@AEX1@ZW4ConnectionType@Qt@@@Z 004016c0 f i workflowprotocol.obj
 0001:00000730       ??$connect@P8WorkflowController@@AEXABVQString@@G@ZP8SubThreadWorker@@AEX0G@Z@QObject@@SA?AVConnection@QMetaObject@@PBVWorkflowController@@P83@AEXABVQString@@G@ZPBVSubThreadWorker@@P85@AEX1G@ZW4ConnectionType@Qt@@@Z 00401730 f i workflowprotocol.obj
 0001:000007a0       ??$connect@P8WorkflowController@@AEXXZP8SubThreadWorker@@AEXXZ@QObject@@SA?AVConnection@QMetaObject@@PBVWorkflowController@@P83@AEXXZPBVSubThreadWorker@@P84@AEXXZW4ConnectionType@Qt@@@Z 004017a0 f i workflowprotocol.obj
 0001:00000800       ??$formatWord@E@WorkflowProtocol@@IAE?AVQByteArray@@E@Z 00401800 f i workflowprotocol.obj
 0001:00000830       ??$formatWord@G@WorkflowProtocol@@IAE?AVQByteArray@@G@Z 00401830 f i workflowprotocol.obj
 0001:00000860       ??0?$QList@VQString@@@@QAE@ABV0@@Z 00401860 f i workflowprotocol.obj
 0001:00000910       ??0WorkflowController@@QAE@PAVQObject@@@Z 00401910 f   workflowprotocol.obj
 0001:00000b60       ??1?$QForeachContainer@VQStringList@@@@QAE@XZ 00401b60 f i workflowprotocol.obj
 0001:00000b60       ??1?$QForeachContainer@$$CBVQStringList@@@@QAE@XZ 00401b60 f i environmentvariant.obj
 0001:00000b60       ??1QStringList@@QAE@XZ     00401b60 f i workflowprotocol.obj
 0001:00000b70       ??1?$QList@UloopControl@SubThreadWorker@@@@QAE@XZ 00401b70 f i workflowprotocol.obj
 0001:00000bd0       ??1?$QList@VQString@@@@QAE@XZ 00401bd0 f i workflowprotocol.obj
 0001:00000c60       ??1SubThreadWorker@@UAE@XZ 00401c60 f   workflowprotocol.obj
 0001:00000d20       ??1WorkflowController@@UAE@XZ 00401d20 f   workflowprotocol.obj
 0001:00000d90       ??4?$QList@UloopControl@SubThreadWorker@@@@QAEAAV0@$$QAV0@@Z 00401d90 f i workflowprotocol.obj
 0001:00000e40       ??_GRunningStateChangeEvent@@UAEPAXI@Z 00401e40 f i workflowprotocol.obj
 0001:00000e40       ??_ERunningStateChangeEvent@@UAEPAXI@Z 00401e40 f i workflowprotocol.obj
 0001:00000e70       ??_ECheckStateChangeEvent@@UAEPAXI@Z 00401e70 f i workflowChecker.obj
 0001:00000e70       ??_EStatusChangeEvent@@UAEPAXI@Z 00401e70 f i workflowprotocol.obj
 0001:00000e70       ??_GCheckStateChangeEvent@@UAEPAXI@Z 00401e70 f i workflowChecker.obj
 0001:00000e70       ??_GStatusChangeEvent@@UAEPAXI@Z 00401e70 f i workflowprotocol.obj
 0001:00000ea0       ??_ESubThreadWorker@@UAEPAXI@Z 00401ea0 f i workflowprotocol.obj
 0001:00000ea0       ??_GSubThreadWorker@@UAEPAXI@Z 00401ea0 f i workflowprotocol.obj
 0001:00000ec0       ??_EWorkflowController@@UAEPAXI@Z 00401ec0 f i workflowprotocol.obj
 0001:00000ec0       ??_GWorkflowController@@UAEPAXI@Z 00401ec0 f i workflowprotocol.obj
 0001:00000f50       ?append@?$QList@UloopControl@SubThreadWorker@@@@QAEXABUloopControl@SubThreadWorker@@@Z 00401f50 f i workflowprotocol.obj
 0001:00001000       ?append@?$QList@VQString@@@@QAEXABVQString@@@Z 00402000 f i workflowprotocol.obj
 0001:000010b0       ?changeHost@SubThreadWorker@@QAEXABVQString@@G@Z 004020b0 f   workflowprotocol.obj
 0001:000010d0       ?clear@?$QList@UloopControl@SubThreadWorker@@@@QAEXXZ 004020d0 f i workflowprotocol.obj
 0001:00001170       ?configProtocol@SubThreadWorker@@QAEXABVQString@@@Z 00402170 f   workflowprotocol.obj
 0001:00001180       ?dealloc@?$QList@UloopControl@SubThreadWorker@@@@AAEXPAUData@QListData@@@Z 00402180 f i workflowprotocol.obj
 0001:000011d0       ?detach_helper@?$QList@UloopControl@SubThreadWorker@@@@AAEXH@Z 004021d0 f i workflowprotocol.obj
 0001:000012a0       ?detach_helper_grow@?$QList@UloopControl@SubThreadWorker@@@@AAEPAUNode@1@HH@Z 004022a0 f i workflowprotocol.obj
 0001:000013f0       ?detach_helper_grow@?$QList@VQString@@@@AAEPAUNode@1@HH@Z 004023f0 f i workflowprotocol.obj
 0001:00001570       ?doTunning@SubThreadWorker@@QAEXABVQJsonObject@@@Z 00402570 f   workflowprotocol.obj
 0001:000016f0       ?doWork@SubThreadWorker@@QAEXABVQJsonObject@@@Z 004026f0 f   workflowprotocol.obj
 0001:00001a70       ?erase@?$QList@UloopControl@SubThreadWorker@@@@QAE?AViterator@1@V21@@Z 00402a70 f i workflowprotocol.obj
 0001:00001af0       ?formatRecvFrameToJsonObject@WorkflowProtocol@@QAE_NAAVQJsonObject@@@Z 00402af0 f   workflowprotocol.obj
 0001:00001b90       ?handleControlCommand@SubThreadWorker@@IAE_NAAVCommunication@@AAVQJsonObject@@@Z 00402b90 f   workflowprotocol.obj
 0001:000026d0       ?handleLogicalCommand@SubThreadWorker@@IAE_NAAVQJsonObject@@AAH@Z 004036d0 f   workflowprotocol.obj
 0001:00002fa0       ?handleLoopCommand@SubThreadWorker@@IAE_NAAVQJsonObject@@AAH@Z 00403fa0 f   workflowprotocol.obj
 0001:00003790       ?impl@?$QSlotObject@P8SubThreadWorker@@AEXABVQString@@G@ZU?$List@ABVQString@@G@QtPrivate@@X@QtPrivate@@CAXHPAVQSlotObjectBase@2@PAVQObject@@PAPAXPA_N@Z 00404790 f i workflowprotocol.obj
 0001:000037f0       ?impl@?$QSlotObject@P8StatusViewWatcher@@AEXXZU?$List@$$V@QtPrivate@@X@QtPrivate@@CAXHPAVQSlotObjectBase@2@PAVQObject@@PAPAXPA_N@Z 004047f0 f i workmodels.obj
 0001:000037f0       ?impl@?$QSlotObject@P8QObject@@AEXXZU?$List@$$V@QtPrivate@@X@QtPrivate@@CAXHPAVQSlotObjectBase@2@PAVQObject@@PAPAXPA_N@Z 004047f0 f i workflowprotocol.obj
 0001:000037f0       ?impl@?$QSlotObject@P8SubThreadCheckWorker@@AEXXZU?$List@$$V@QtPrivate@@X@QtPrivate@@CAXHPAVQSlotObjectBase@2@PAVQObject@@PAPAXPA_N@Z 004047f0 f i workflowChecker.obj
 0001:000037f0       ?impl@?$QSlotObject@P8SubThreadWorker@@AEXXZU?$List@$$V@QtPrivate@@X@QtPrivate@@CAXHPAVQSlotObjectBase@2@PAVQObject@@PAPAXPA_N@Z 004047f0 f i workflowprotocol.obj
 0001:00003840       ?impl@?$QSlotObject@P8WorkflowController@@AEXABVQString@@H@ZU?$List@ABVQString@@H@QtPrivate@@X@QtPrivate@@CAXHPAVQSlotObjectBase@2@PAVQObject@@PAPAXPA_N@Z 00404840 f i workflowprotocol.obj
 0001:000038a0       ?init@WorkflowController@@QAEXABVQString@@@Z 004048a0 f   workflowprotocol.obj
 0001:000038b0       ?initProtocol@WorkflowProtocol@@QAE_NABVQString@@@Z 004048b0 f   workflowprotocol.obj
 0001:00003a00       ?isDummyCommand@SubThreadWorker@@IAE_NABVQString@@@Z 00404a00 f   workflowprotocol.obj
 0001:00003c50       ?isLogicalCommand@SubThreadWorker@@IAE_NABVQString@@@Z 00404c50 f   workflowprotocol.obj
 0001:00003e70       ?isLoopCommand@SubThreadWorker@@IAE_NABVQString@@@Z 00404e70 f   workflowprotocol.obj
 0001:000040c0       ?node_copy@?$QList@UloopControl@SubThreadWorker@@@@AAEXPAUNode@1@00@Z 004050c0 f i workflowprotocol.obj
 0001:00004160       ?node_copy@?$QList@VQString@@@@AAEXPAUNode@1@00@Z 00405160 f i workflowprotocol.obj
 0001:000041a0       ?node_destruct@?$QList@UloopControl@SubThreadWorker@@@@AAEXPAUNode@1@0@Z 004051a0 f i workflowprotocol.obj
 0001:000041d0       ?node_destruct@?$QList@VQString@@@@AAEXPAUNode@1@0@Z 004051d0 f i workflowprotocol.obj
 0001:00004200       ?parseAckFrame@WorkflowProtocol@@QAE_NABVQByteArray@@AAVQJsonObject@@@Z 00405200 f   workflowprotocol.obj
 0001:000042e0       ?parseJsonObjectToSendFrame@WorkflowProtocol@@QAE_NABVQJsonObject@@AAV2@@Z 004052e0 f   workflowprotocol.obj
 0001:000049b0       ?pauseCurrentTask@WorkflowController@@QAEXXZ 004059b0 f   workflowprotocol.obj
 0001:000049d0       ?pauseTask@SubThreadWorker@@QAEXXZ 004059d0 f   workflowprotocol.obj
 0001:000049e0       ?pop_back@?$QList@UloopControl@SubThreadWorker@@@@QAEXXZ 004059e0 f i workflowprotocol.obj
 0001:00004a20       ?runTask@WorkflowController@@QAEXABVQJsonObject@@@Z 00405a20 f   workflowprotocol.obj
 0001:00004a70       ?runTunning@WorkflowController@@QAEXABVQJsonObject@@@Z 00405a70 f   workflowprotocol.obj
 0001:00004ac0       ?serializeSendFrame@WorkflowProtocol@@QAE?AVQByteArray@@XZ 00405ac0 f   workflowprotocol.obj
 0001:00004c20       ?sethost@WorkflowController@@QAEXABVQString@@G@Z 00405c20 f   workflowprotocol.obj
 0001:00004c30       ?statusChanged@WorkflowController@@QAEXABVQJsonObject@@@Z 00405c30 f   workflowprotocol.obj
 0001:00004cd0       ?stopCurrentTask@WorkflowController@@QAEXXZ 00405cd0 f   workflowprotocol.obj
 0001:00004d00       ?stopTask@SubThreadWorker@@QAEXXZ 00405d00 f   workflowprotocol.obj
 0001:00004d10       ?taskStateChanged@WorkflowController@@QAEXABVQString@@H@Z 00405d10 f   workflowprotocol.obj
 0001:00004dc0       ?types@?$ConnectionTypes@U?$List@ABVQJsonObject@@@QtPrivate@@$00@QtPrivate@@SAPBHXZ 00405dc0 f i workflowprotocol.obj
 0001:00004e20       ?types@?$ConnectionTypes@U?$List@ABVQString@@@QtPrivate@@$00@QtPrivate@@SAPBHXZ 00405e20 f i workflowprotocol.obj
 0001:00004e80       ?types@?$ConnectionTypes@U?$List@ABVQString@@G@QtPrivate@@$00@QtPrivate@@SAPBHXZ 00405e80 f i workflowprotocol.obj
 0001:00004ef0       ?types@?$ConnectionTypes@U?$List@ABVQString@@H@QtPrivate@@$00@QtPrivate@@SAPBHXZ 00405ef0 f i workflowprotocol.obj
 0001:00004f60       ?unserializeRecvFrame@WorkflowProtocol@@QAEXABVQByteArray@@@Z 00405f60 f   workflowprotocol.obj
 0001:000050a0       ?updateStopState@SubThreadWorker@@QAEXXZ 004060a0 f   workflowprotocol.obj
 0001:000050e0       ??0?$QList@VOperationParamData@@@@QAE@ABV0@@Z 004060e0 f i configfilehandler.obj
 0001:00005190       ??0?$QList@VSingleOperationData@@@@QAE@ABV0@@Z 00406190 f i configfilehandler.obj
 0001:00005240       ??0OperationParamData@@QAE@ABV0@@Z 00406240 f i configfilehandler.obj
 0001:000053c0       ??0OperationParamData@@QAE@ABVQString@@00ABVQStringList@@_NHH0V?$QList@H@@00HH2H@Z 004063c0 f i configfilehandler.obj
 0001:00005560       ??0OperationParamData@@QAE@XZ 00406560 f i configfilehandler.obj
 0001:000055d0       ??0SingleOperationData@@QAE@ABV0@@Z 004065d0 f i configfilehandler.obj
 0001:00005640       ??0configFileHandler@@QAE@PAVQObject@@@Z 00406640 f   configfilehandler.obj
 0001:000056a0       ??1?$QList@VOperationParamData@@@@QAE@XZ 004066a0 f i configfilehandler.obj
 0001:00005700       ??1?$QList@VQByteArray@@@@QAE@XZ 00406700 f i configfilehandler.obj
 0001:00005790       ??1?$QList@VSingleOperationData@@@@QAE@XZ 00406790 f i configfilehandler.obj
 0001:00005810       ??1?$QList@VSinglePlanData@@@@QAE@XZ 00406810 f i configfilehandler.obj
 0001:00005890       ??1?$QMap@VQString@@V1@@@QAE@XZ 00406890 f i configfilehandler.obj
 0001:00005910       ??1?$QMap@VQString@@VOperationParamData@@@@QAE@XZ 00406910 f i configfilehandler.obj
 0001:000059b0       ??1?$QMap@VQString@@VQStringList@@@@QAE@XZ 004069b0 f i configfilehandler.obj
 0001:00005a50       ??1OperationParamData@@QAE@XZ 00406a50 f i configfilehandler.obj
 0001:00005b00       ??1QJsonValuePtr@@QAE@XZ   00406b00 f i configfilehandler.obj
 0001:00005b10       ??1SingleOperationData@@QAE@XZ 00406b10 f i configfilehandler.obj
 0001:00005b80       ??1SinglePlanData@@QAE@XZ  00406b80 f i configfilehandler.obj
 0001:00005c10       ??1configFileHandler@@UAE@XZ 00406c10 f i configfilehandler.obj
 0001:00005c30       ??4?$QList@PAVQObject@@@@QAEAAV0@$$QAV0@@Z 00406c30 f i workmodels.obj
 0001:00005c30       ??4?$QList@H@@QAEAAV0@$$QAV0@@Z 00406c30 f i configfilehandler.obj
 0001:00005cb0       ??4?$QList@VSinglePlanData@@@@QAEAAV0@$$QAV0@@Z 00406cb0 f i configfilehandler.obj
 0001:00005d50       ??4OperationParamData@@QAEAAV0@ABV0@@Z 00406d50 f i configfilehandler.obj
 0001:00005e70       ??4QStringList@@QAEAAV0@ABV0@@Z 00406e70 f i configfilehandler.obj
 0001:00005eb0       ??A?$QList@VQString@@@@QAEAAVQString@@H@Z 00406eb0 f i configfilehandler.obj
 0001:00005ee0       ??A?$QMap@VQString@@V1@@@QAEAAVQString@@ABV1@@Z 00406ee0 f i configfilehandler.obj
 0001:00005fa0       ??A?$QMap@VQString@@VOperationParamData@@@@QAEAAVOperationParamData@@ABVQString@@@Z 00406fa0 f i configfilehandler.obj
 0001:00006060       ??A?$QMap@VQString@@VOperationParamData@@@@QBE?BVOperationParamData@@ABVQString@@@Z 00407060 f i configfilehandler.obj
 0001:000060d0       ??A?$QMap@VQString@@VQStringList@@@@QAEAAVQStringList@@ABVQString@@@Z 004070d0 f i configfilehandler.obj
 0001:00006190       ??Cconst_iterator@QJsonArray@@QBE?AVQJsonValuePtr@@XZ 00407190 f i configfilehandler.obj
 0001:00006200       ??H@YA?BVQString@@ABV0@D@Z 00407200 f i configfilehandler.obj
 0001:00006280       ??H@YA?BVQString@@ABV0@PBD@Z 00407280 f i configfilehandler.obj
 0001:00006310       ??H@YA?BVQString@@PBDABV0@@Z 00407310 f i configfilehandler.obj
 0001:00006380       ??_GSingleOperationData@@QAEPAXI@Z 00407380 f i configfilehandler.obj
 0001:00006400       ??_GSinglePlanData@@QAEPAXI@Z 00407400 f i configfilehandler.obj
 0001:000064a0       ??_EconfigFileHandler@@UAEPAXI@Z 004074a0 f i configfilehandler.obj
 0001:000064a0       ??_GconfigFileHandler@@UAEPAXI@Z 004074a0 f i configfilehandler.obj
 0001:000064d0       ?ConvertCSVtoJSON@configFileHandler@@QAE_NABVQString@@0@Z 004074d0 f   configfilehandler.obj
 0001:000066c0       ?ConvertJSONtoCSV@configFileHandler@@QAE_NABVQString@@0@Z 004076c0 f   configfilehandler.obj
 0001:000069b0       ?GetLicense@configFileHandler@@QAE?AVQString@@XZ 004079b0 f   configfilehandler.obj
 0001:00006a40       ?ImportConfig@configFileHandler@@QAE_NAAVQJsonObject@@ABVQByteArray@@@Z 00407a40 f   configfilehandler.obj
 0001:00006b80       ?ImportPlan@configFileHandler@@QAE_NABV?$QList@VQByteArray@@@@AAVQJsonObject@@@Z 00407b80 f   configfilehandler.obj
 0001:00007490       ?ImportWorkSpace@configFileHandler@@QAE_NABV?$QList@VQByteArray@@@@AAVQJsonObject@@@Z 00408490 f   configfilehandler.obj
 0001:00007df0       ?ParseHostIP@configFileHandler@@QAE?AVQString@@XZ 00408df0 f   configfilehandler.obj
 0001:00007ec0       ?ParseHostPort@configFileHandler@@QAEFXZ 00408ec0 f   configfilehandler.obj
 0001:00007fb0       ?ParseHostSingleOperationThreshold@configFileHandler@@QAEHXZ 00408fb0 f   configfilehandler.obj
 0001:00008090       ?ParseListMap@configFileHandler@@QAE?AV?$QMap@VQString@@VQStringList@@@@ABVQString@@@Z 00409090 f   configfilehandler.obj
 0001:00008330       ?ParseMap@configFileHandler@@QAE?AV?$QMap@VQString@@V1@@@ABVQString@@@Z 00409330 f   configfilehandler.obj
 0001:00008480       ?ParseMapRevertKeyValue@configFileHandler@@QAE?AV?$QMap@VQString@@V1@@@ABVQString@@@Z 00409480 f   configfilehandler.obj
 0001:000085e0       ?ParseParamValue@configFileHandler@@QAE?AV?$QMap@VQString@@VOperationParamData@@@@ABVQString@@@Z 004095e0 f   configfilehandler.obj
 0001:00009870       ?ParsePlan@configFileHandler@@QAE?AVQString@@ABVQJsonArray@@@Z 0040a870 f   configfilehandler.obj
 0001:00009f40       ?ParsePlanList@configFileHandler@@QAEXAAV?$QList@VSinglePlanData@@@@ABV?$QMap@VQString@@VOperationParamData@@@@@Z 0040af40 f   configfilehandler.obj
 0001:0000aaa0       ?ParseWorkPlaceConstraint@configFileHandler@@QAE?AVQJsonArray@@XZ 0040baa0 f   configfilehandler.obj
 0001:0000ab30       ?ParseWorkSpace@configFileHandler@@QAE?AVQString@@ABVQJsonObject@@@Z 0040bb30 f   configfilehandler.obj
 0001:0000b110       ?ParseWorkSpaceTypeList@configFileHandler@@QAEXAAVQJsonObject@@@Z 0040c110 f   configfilehandler.obj
 0001:0000b1b0       ?SaveMachineConfig@configFileHandler@@QAE_NABVQString@@ABVMachineConfigData@@ABVQJsonObject@@@Z 0040c1b0 f   configfilehandler.obj
 0001:0000b580       ?SavePlanList@configFileHandler@@QAE_NABVQString@@ABV?$QList@VSinglePlanData@@@@ABV?$QMap@VQString@@VQStringList@@@@@Z 0040c580 f   configfilehandler.obj
 0001:0000be50       ?append@?$QList@VOperationParamData@@@@QAEXABVOperationParamData@@@Z 0040ce50 f i configfilehandler.obj
 0001:0000bf10       ?append@?$QList@VSingleOperationData@@@@QAEXABVSingleOperationData@@@Z 0040cf10 f i configfilehandler.obj
 0001:0000bff0       ?append@?$QList@VSinglePlanData@@@@QAEXABVSinglePlanData@@@Z 0040cff0 f i configfilehandler.obj
 0001:0000c0d0       ?clear@?$QList@VSinglePlanData@@@@QAEXXZ 0040d0d0 f i configfilehandler.obj
 0001:0000c160       ?copy@?$QMapNode@VQString@@V1@@@QBEPAU1@PAU?$QMapData@VQString@@V1@@@@Z 0040d160 f i configfilehandler.obj
 0001:0000c1e0       ?copy@?$QMapNode@VQString@@VOperationParamData@@@@QBEPAU1@PAU?$QMapData@VQString@@VOperationParamData@@@@@Z 0040d1e0 f i configfilehandler.obj
 0001:0000c260       ?copy@?$QMapNode@VQString@@VQStringList@@@@QBEPAU1@PAU?$QMapData@VQString@@VQStringList@@@@@Z 0040d260 f i configfilehandler.obj
 0001:0000c2e0       ?createNode@?$QMapData@VQString@@V1@@@QAEPAU?$QMapNode@VQString@@V1@@@ABVQString@@0PAU2@_N@Z 0040d2e0 f i configfilehandler.obj
 0001:0000c320       ?createNode@?$QMapData@VQString@@VOperationParamData@@@@QAEPAU?$QMapNode@VQString@@VOperationParamData@@@@ABVQString@@ABVOperationParamData@@PAU2@_N@Z 0040d320 f i configfilehandler.obj
 0001:0000c3e0       ?createNode@?$QMapData@VQString@@VQStringList@@@@QAEPAU?$QMapNode@VQString@@VQStringList@@@@ABVQString@@ABVQStringList@@PAU2@_N@Z 0040d3e0 f i configfilehandler.obj
 0001:0000c4a0       ?dealloc@?$QList@VOperationParamData@@@@AAEXPAUData@QListData@@@Z 0040d4a0 f i configfilehandler.obj
 0001:0000c500       ?destroySubTree@?$QMapNode@VQString@@V1@@@QAEXXZ 0040d500 f i configfilehandler.obj
 0001:0000c530       ?destroySubTree@?$QMapNode@VQString@@VOperationParamData@@@@QAEXXZ 0040d530 f i configfilehandler.obj
 0001:0000c560       ?destroySubTree@?$QMapNode@VQString@@VQStringList@@@@QAEXXZ 0040d560 f i configfilehandler.obj
 0001:0000c590       ?detach_helper@?$QList@VQByteArray@@@@AAEXH@Z 0040d590 f i configfilehandler.obj
 0001:0000c680       ?detach_helper@?$QList@VQString@@@@AAEXH@Z 0040d680 f i configfilehandler.obj
 0001:0000c770       ?detach_helper@?$QMap@VQString@@V1@@@AAEXXZ 0040d770 f i configfilehandler.obj
 0001:0000c7f0       ?detach_helper@?$QMap@VQString@@VOperationParamData@@@@AAEXXZ 0040d7f0 f i configfilehandler.obj
 0001:0000c890       ?detach_helper@?$QMap@VQString@@VQStringList@@@@AAEXXZ 0040d890 f i configfilehandler.obj
 0001:0000c930       ?detach_helper_grow@?$QList@H@@AAEPAUNode@1@HH@Z 0040d930 f i configfilehandler.obj
 0001:0000c930       ?detach_helper_grow@?$QList@PAVQObject@@@@AAEPAUNode@1@HH@Z 0040d930 f i workmodels.obj
 0001:0000ca70       ?detach_helper_grow@?$QList@VOperationParamData@@@@AAEPAUNode@1@HH@Z 0040da70 f i configfilehandler.obj
 0001:0000cbc0       ?detach_helper_grow@?$QList@VSingleOperationData@@@@AAEPAUNode@1@HH@Z 0040dbc0 f i configfilehandler.obj
 0001:0000cd30       ?detach_helper_grow@?$QList@VSinglePlanData@@@@AAEPAUNode@1@HH@Z 0040dd30 f i configfilehandler.obj
 0001:0000cea0       ?insert@?$QMap@VQString@@V1@@@QAE?AViterator@1@ABVQString@@0@Z 0040dea0 f i configfilehandler.obj
 0001:0000cf70       ?insert@?$QMap@VQString@@VOperationParamData@@@@QAE?AViterator@1@ABVQString@@ABVOperationParamData@@@Z 0040df70 f i configfilehandler.obj
 0001:0000d040       ?insert@?$QMap@VQString@@VQStringList@@@@QAE?AViterator@1@ABVQString@@ABVQStringList@@@Z 0040e040 f i configfilehandler.obj
 0001:0000d130       ?key@iterator@QJsonObject@@QBE?AVQString@@XZ 0040e130 f i configfilehandler.obj
 0001:0000d150       ?loadConfigFile@configFileHandler@@QAE_NABVQString@@@Z 0040e150 f   configfilehandler.obj
 0001:0000d250       ?lowerBound@?$QMapNode@VQString@@VOperationParamData@@@@QAEPAU1@ABVQString@@@Z 0040e250 f i configfilehandler.obj
 0001:0000d250       ?lowerBound@?$QMapNode@VQString@@V1@@@QAEPAU1@ABVQString@@@Z 0040e250 f i configfilehandler.obj
 0001:0000d250       ?lowerBound@?$QMapNode@VQString@@H@@QAEPAU1@ABVQString@@@Z 0040e250 f i workflowChecker.obj
 0001:0000d250       ?lowerBound@?$QMapNode@VQString@@VQStringList@@@@QAEPAU1@ABVQString@@@Z 0040e250 f i configfilehandler.obj
 0001:0000d290       ?node_copy@?$QList@VOperationParamData@@@@AAEXPAUNode@1@00@Z 0040e290 f i configfilehandler.obj
 0001:0000d360       ?node_copy@?$QList@VQByteArray@@@@AAEXPAUNode@1@00@Z 0040e360 f i configfilehandler.obj
 0001:0000d3a0       ?node_copy@?$QList@VSingleOperationData@@@@AAEXPAUNode@1@00@Z 0040e3a0 f i configfilehandler.obj
 0001:0000d470       ?node_copy@?$QList@VSinglePlanData@@@@AAEXPAUNode@1@00@Z 0040e470 f i configfilehandler.obj
 0001:0000d540       ?node_destruct@?$QList@VOperationParamData@@@@AAEXPAUNode@1@0@Z 0040e540 f i configfilehandler.obj
 0001:0000d580       ?node_destruct@?$QList@VSingleOperationData@@@@AAEXPAUNode@1@0@Z 0040e580 f i configfilehandler.obj
 0001:0000d620       ?node_destruct@?$QList@VSingleOperationData@@@@AAEXPAUNode@1@@Z 0040e620 f i configfilehandler.obj
 0001:0000d6a0       ?node_destruct@?$QList@VSinglePlanData@@@@AAEXPAUNode@1@0@Z 0040e6a0 f i configfilehandler.obj
 0001:0000d760       ?toList@configFileHandler@@QAE?AVQStringList@@ABVQString@@@Z 0040e760 f   configfilehandler.obj
 0001:0000d840       ?value@?$QMap@VQString@@VOperationParamData@@@@QBE?BVOperationParamData@@ABVQString@@ABV2@@Z 0040e840 f i configfilehandler.obj
 0001:0000d8b0       ??0EnvironmentVariant@@AAE@XZ 0040e8b0 f i environmentvariant.obj
 0001:0000da20       ??0SingleOperationData@@QAE@$$QAV0@@Z 0040ea20 f i environmentvariant.obj
 0001:0000da50       ??1?$QForeachContainer@$$CBV?$QList@VOperationParamData@@@@@@QAE@XZ 0040ea50 f i environmentvariant.obj
 0001:0000da50       ??1?$QForeachContainer@V?$QList@VOperationParamData@@@@@@QAE@XZ 0040ea50 f i configfilehandler.obj
 0001:0000dab0       ??1?$QForeachContainer@$$CBV?$QList@VSingleOperationData@@@@@@QAE@XZ 0040eab0 f i environmentvariant.obj
 0001:0000db30       ??1?$QForeachContainer@VQJsonArray@@@@QAE@XZ 0040eb30 f i environmentvariant.obj
 0001:0000db40       ??1AdministratorChecker@@UAE@XZ 0040eb40 f i environmentvariant.obj
 0001:0000db40       ??1ConfigFileConverter@@UAE@XZ 0040eb40 f i environmentvariant.obj
 0001:0000db50       ??1EnvironmentVariant@@EAE@XZ 0040eb50 f i environmentvariant.obj
 0001:0000dd40       ??1MachineConfigData@@QAE@XZ 0040ed40 f i environmentvariant.obj
 0001:0000dd60       ??1TargetMachineObject@@UAE@XZ 0040ed60 f i environmentvariant.obj
 0001:0000dd80       ??4?$QList@VSingleOperationData@@@@QAEAAV0@ABV0@@Z 0040ed80 f i environmentvariant.obj
 0001:0000de20       ??4QStringList@@QAEAAV0@$$QAV0@@Z 0040ee20 f i environmentvariant.obj
 0001:0000de50       ??4SingleOperationData@@QAEAAV0@$$QAV0@@Z 0040ee50 f i environmentvariant.obj
 0001:0000dee0       ??4SingleOperationData@@QAEAAV0@ABV0@@Z 0040eee0 f i environmentvariant.obj
 0001:0000df80       ??A?$QList@H@@QAEAAHH@Z    0040ef80 f i environmentvariant.obj
 0001:0000dfb0       ??A?$QList@VSingleOperationData@@@@QAEAAVSingleOperationData@@H@Z 0040efb0 f i environmentvariant.obj
 0001:0000dfe0       ??Dconst_iterator@QJsonArray@@QBE?AVQJsonValue@@XZ 0040efe0 f i environmentvariant.obj
 0001:0000e000       ??H@YA?BVQString@@ABV0@0@Z 0040f000 f i environmentvariant.obj
 0001:0000e070       ??Y?$QList@VQString@@@@QAEAAV0@ABV0@@Z 0040f070 f i environmentvariant.obj
 0001:0000e170       ??_EAdministratorChecker@@UAEPAXI@Z 0040f170 f i environmentvariant.obj
 0001:0000e170       ??_GAdministratorChecker@@UAEPAXI@Z 0040f170 f i environmentvariant.obj
 0001:0000e1a0       ??_EConfigFileConverter@@UAEPAXI@Z 0040f1a0 f i environmentvariant.obj
 0001:0000e1a0       ??_GConfigFileConverter@@UAEPAXI@Z 0040f1a0 f i environmentvariant.obj
 0001:0000e1d0       ??_EEnvironmentVariant@@EAEPAXI@Z 0040f1d0 f i environmentvariant.obj
 0001:0000e1d0       ??_GEnvironmentVariant@@EAEPAXI@Z 0040f1d0 f i environmentvariant.obj
 0001:0000e200       ??_ETargetMachineObject@@UAEPAXI@Z 0040f200 f i environmentvariant.obj
 0001:0000e200       ??_GTargetMachineObject@@UAEPAXI@Z 0040f200 f i environmentvariant.obj
 0001:0000e240       ?AddPlan@EnvironmentVariant@@QAEXABVQString@@@Z 0040f240 f   environmentvariant.obj
 0001:0000e360       ?AddPlanStep@EnvironmentVariant@@QAEXHHH@Z 0040f360 f   environmentvariant.obj
 0001:0000e500       ?CopyPlanStep@EnvironmentVariant@@QAE?AVQString@@HHH@Z 0040f500 f   environmentvariant.obj
 0001:0000e610       ?ExportConfig@EnvironmentVariant@@QAE_NABVQString@@@Z 0040f610 f   environmentvariant.obj
 0001:0000e6d0       ?ImportConfig@EnvironmentVariant@@QAE_NABVQString@@@Z 0040f6d0 f   environmentvariant.obj
 0001:0000e7a0       ?LogicalControlList@EnvironmentVariant@@QAE?AVQStringList@@XZ 0040f7a0 f   environmentvariant.obj
 0001:0000e940       ?MovePlanStep@EnvironmentVariant@@QAEXHHH@Z 0040f940 f   environmentvariant.obj
 0001:0000ea20       ?OperationNameList@EnvironmentVariant@@QAE?AVQStringList@@XZ 0040fa20 f   environmentvariant.obj
 0001:0000ebc0       ?PausePlan@EnvironmentVariant@@QAEXXZ 0040fbc0 f   environmentvariant.obj
 0001:0000ebd0       ?PlanList@EnvironmentVariant@@QAE?AVQStringList@@XZ 0040fbd0 f   environmentvariant.obj
 0001:0000ec90       ?RemovePlan@EnvironmentVariant@@QAEXH@Z 0040fc90 f   environmentvariant.obj
 0001:0000ecc0       ?RemovePlanStep@EnvironmentVariant@@QAEXHH@Z 0040fcc0 f   environmentvariant.obj
 0001:0000ed20       ?SaveMachineConfig@EnvironmentVariant@@QAE_NABVMachineConfigData@@@Z 0040fd20 f   environmentvariant.obj
 0001:0000ee20       ?SavePlan@EnvironmentVariant@@QAE_NXZ 0040fe20 f   environmentvariant.obj
 0001:0000eea0       ?SetPlanName@EnvironmentVariant@@QAEXHABVQString@@@Z 0040fea0 f   environmentvariant.obj
 0001:0000ef00       ?SetPlanStepSingleParam@EnvironmentVariant@@QAEXHHABVQString@@ABVQVariant@@@Z 0040ff00 f   environmentvariant.obj
 0001:0000f0a0       ?SetPlanStepToDefault@EnvironmentVariant@@QAEXHHH@Z 004100a0 f   environmentvariant.obj
 0001:0000f170       ?StartPlan@EnvironmentVariant@@QAEXHH@Z 00410170 f   environmentvariant.obj
 0001:0000fa80       ?StartTunning@EnvironmentVariant@@QAEXABVSingleOperationData@@@Z 00410a80 f   environmentvariant.obj
 0001:0000fcc0       ?StepList@EnvironmentVariant@@QAE?AVQStringList@@H@Z 00410cc0 f   environmentvariant.obj
 0001:00010100       ?StopPlan@EnvironmentVariant@@QAEXXZ 00411100 f   environmentvariant.obj
 0001:00010110       ?begin@?$QList@VOperationParamData@@@@QAE?AViterator@1@XZ 00411110 f i environmentvariant.obj
 0001:00010140       ?calculateLicense@EnvironmentVariant@@QAEXABVQString@@@Z 00411140 f   environmentvariant.obj
 0001:00010270       ?contains@?$QMap@VQString@@VQStringList@@@@QBE_NABVQString@@@Z 00411270 f i environmentvariant.obj
 0001:000102b0       ?copyStep@EnvironmentVariant@@QAEXHH@Z 004112b0 f   environmentvariant.obj
 0001:00010330       ?defaultValue@EnvironmentVariant@@QAE?AVSingleOperationData@@ABVQString@@@Z 00411330 f   environmentvariant.obj
 0001:00010560       ?detach_helper@?$QList@H@@AAEXH@Z 00411560 f i environmentvariant.obj
 0001:00010630       ?detach_helper@?$QList@VOperationParamData@@@@AAEXH@Z 00411630 f i environmentvariant.obj
 0001:00010700       ?detach_helper@?$QList@VSingleOperationData@@@@AAEXH@Z 00411700 f i environmentvariant.obj
 0001:000107e0       ?detach_helper@?$QList@VSinglePlanData@@@@AAEXH@Z 004117e0 f i environmentvariant.obj
 0001:000108c0       ?formatSingleOperationParam@EnvironmentVariant@@QAE?AVQJsonArray@@ABVSingleOperationData@@@Z 004118c0 f   environmentvariant.obj
 0001:00010d70       ?formatTipMotion@EnvironmentVariant@@QAEXABVSingleOperationData@@AAVQJsonArray@@@Z 00411d70 f   environmentvariant.obj
 0001:00012a80       ?getBoardTypeIndexByPosition@EnvironmentVariant@@QAEHH@Z 00413a80 f   environmentvariant.obj
 0001:00012d30       ?getOperationIndex@EnvironmentVariant@@QAEHABVQString@@@Z 00413d30 f   environmentvariant.obj
 0001:00012da0       ?getOperationParams@EnvironmentVariant@@QAE?AV?$QList@VOperationParamData@@@@H@Z 00413da0 f   environmentvariant.obj
 0001:00012f80       ?getPlanBoardTypeIndexByPosition@EnvironmentVariant@@QAEHHH@Z 00413f80 f   environmentvariant.obj
 0001:00013280       ?getWorkLocationTypeList@EnvironmentVariant@@QAE?AVQJsonObject@@XZ 00414280 f   environmentvariant.obj
 0001:000132a0       ?initModels@EnvironmentVariant@@QAEXPAVQQmlContext@@@Z 004142a0 f   environmentvariant.obj
 0001:00013400       ?initProtocol@EnvironmentVariant@@QAEXABVQString@@@Z 00414400 f   environmentvariant.obj
 0001:00013470       ?initUserConfig@EnvironmentVariant@@QAEXABVQString@@@Z 00414470 f   environmentvariant.obj
 0001:00013590       ?insert@?$QList@VSingleOperationData@@@@QAEXHABVSingleOperationData@@@Z 00414590 f i environmentvariant.obj
 0001:00013670       ?instance@EnvironmentVariant@@SAPAV1@XZ 00414670 f   environmentvariant.obj
 0001:000136d0       ?parseConfigFile@EnvironmentVariant@@QAEXABVQString@@@Z 004146d0 f   environmentvariant.obj
 0001:00013db0       ?pasteStep@EnvironmentVariant@@QAEXHH@Z 00414db0 f   environmentvariant.obj
 0001:00013e20       ?planBoardConfig@EnvironmentVariant@@QAEHH@Z 00414e20 f   environmentvariant.obj
 0001:00013e60       ?planSelectStepListModel@EnvironmentVariant@@QAE?AVQStringList@@H@Z 00414e60 f   environmentvariant.obj
 0001:00014260       ?planStepParam@EnvironmentVariant@@QAE?AVSingleOperationData@@HH@Z 00415260 f   environmentvariant.obj
 0001:000145c0       ?removeAt@?$QList@VSingleOperationData@@@@QAEXH@Z 004155c0 f i environmentvariant.obj
 0001:00014610       ?removeAt@?$QList@VSinglePlanData@@@@QAEXH@Z 00415610 f i environmentvariant.obj
 0001:00014670       ?setAdministrator@AdministratorChecker@@QAEX_N@Z 00415670 f i environmentvariant.obj
 0001:00014690       ?setIpAddress@TargetMachineObject@@QAEXABVQString@@@Z 00415690 f i environmentvariant.obj
 0001:000146d0       ?setLicenseNumber@TargetMachineObject@@QAEXABVQString@@@Z 004156d0 f i environmentvariant.obj
 0001:00014710       ?setMaxReceiveTime@TargetMachineObject@@QAEXH@Z 00415710 f i environmentvariant.obj
 0001:00014730       ?setPlanBoardConfig@EnvironmentVariant@@QAEXHH@Z 00415730 f   environmentvariant.obj
 0001:000147a0       ?setPort@TargetMachineObject@@QAEXF@Z 004157a0 f i environmentvariant.obj
 0001:000147c0       ?setWorkLocationType@EnvironmentVariant@@QAE_NHHABVQString@@@Z 004157c0 f   environmentvariant.obj
 0001:00014c10       ?startCheckPlan@EnvironmentVariant@@QAEXH@Z 00415c10 f   environmentvariant.obj
 0001:00015530       ?stopCheckPlan@EnvironmentVariant@@QAEXXZ 00416530 f   environmentvariant.obj
 0001:00015540       ?updateWorkPlace@EnvironmentVariant@@QAE_NABVQJsonObject@@@Z 00416540 f   environmentvariant.obj
 0001:00015590       ??$connect@P8QQmlEngine@@AEXXZP6AXXZ@QObject@@SA?AVConnection@QMetaObject@@PBVQQmlEngine@@P83@AEXXZPBV0@P6AXXZW4ConnectionType@Qt@@@Z 00416590 f i main.obj
 0001:000155f0       ??$createInto@VOperationParamObject@@@QQmlPrivate@@YAXPAX@Z 004165f0 f i main.obj
 0001:00015650       ??$createInto@VOperationParamSelector@@@QQmlPrivate@@YAXPAX@Z 00416650 f i main.obj
 0001:000156b0       ??$createInto@VPlanController@@@QQmlPrivate@@YAXPAX@Z 004166b0 f i main.obj
 0001:00015710       ??$createInto@VPlanSelector@@@QQmlPrivate@@YAXPAX@Z 00416710 f i main.obj
 0001:00015770       ??$createInto@VStatusViewWatcher@@@QQmlPrivate@@YAXPAX@Z 00416770 f i main.obj
 0001:000157d0       ??$createInto@VTextFieldDoubleValidator@@@QQmlPrivate@@YAXPAX@Z 004167d0 f i main.obj
 0001:00015830       ??$createInto@VWorkLocationManager@@@QQmlPrivate@@YAXPAX@Z 00416830 f i main.obj
 0001:00015890       ??$qRegisterNormalizedMetaType@PAVOperationParamObject@@@@YAHABVQByteArray@@PAPAVOperationParamObject@@W4DefinedType@?$MetaTypeDefinedHelper@PAVOperationParamObject@@$00@QtPrivate@@@Z 00416890 f i main.obj
 0001:000158f0       ??$qRegisterNormalizedMetaType@PAVOperationParamSelector@@@@YAHABVQByteArray@@PAPAVOperationParamSelector@@W4DefinedType@?$MetaTypeDefinedHelper@PAVOperationParamSelector@@$00@QtPrivate@@@Z 004168f0 f i main.obj
 0001:00015950       ??$qRegisterNormalizedMetaType@PAVPlanController@@@@YAHABVQByteArray@@PAPAVPlanController@@W4DefinedType@?$MetaTypeDefinedHelper@PAVPlanController@@$00@QtPrivate@@@Z 00416950 f i main.obj
 0001:000159b0       ??$qRegisterNormalizedMetaType@PAVPlanSelector@@@@YAHABVQByteArray@@PAPAVPlanSelector@@W4DefinedType@?$MetaTypeDefinedHelper@PAVPlanSelector@@$00@QtPrivate@@@Z 004169b0 f i main.obj
 0001:00015a10       ??$qRegisterNormalizedMetaType@PAVStatusViewWatcher@@@@YAHABVQByteArray@@PAPAVStatusViewWatcher@@W4DefinedType@?$MetaTypeDefinedHelper@PAVStatusViewWatcher@@$00@QtPrivate@@@Z 00416a10 f i main.obj
 0001:00015a70       ??$qRegisterNormalizedMetaType@PAVTextFieldDoubleValidator@@@@YAHABVQByteArray@@PAPAVTextFieldDoubleValidator@@W4DefinedType@?$MetaTypeDefinedHelper@PAVTextFieldDoubleValidator@@$00@QtPrivate@@@Z 00416a70 f i main.obj
 0001:00015ad0       ??$qRegisterNormalizedMetaType@PAVWorkLocationManager@@@@YAHABVQByteArray@@PAPAVWorkLocationManager@@W4DefinedType@?$MetaTypeDefinedHelper@PAVWorkLocationManager@@$00@QtPrivate@@@Z 00416ad0 f i main.obj
 0001:00015b30       ??$qmlRegisterType@VOperationParamObject@@@@YAHPBDHH0@Z 00416b30 f i main.obj
 0001:00015de0       ??$qmlRegisterType@VOperationParamSelector@@@@YAHPBDHH0@Z 00416de0 f i main.obj
 0001:00016090       ??$qmlRegisterType@VPlanController@@@@YAHPBDHH0@Z 00417090 f i main.obj
 0001:00016340       ??$qmlRegisterType@VPlanSelector@@@@YAHPBDHH0@Z 00417340 f i main.obj
 0001:000165f0       ??$qmlRegisterType@VStatusViewWatcher@@@@YAHPBDHH0@Z 004175f0 f i main.obj
 0001:000168a0       ??$qmlRegisterType@VTextFieldDoubleValidator@@@@YAHPBDHH0@Z 004178a0 f i main.obj
 0001:00016b50       ??$qmlRegisterType@VWorkLocationManager@@@@YAHPBDHH0@Z 00417b50 f i main.obj
 0001:00016e00       ??0CComBSTR@ATL@@QAE@PBD@Z 00417e00 f i main.obj
 0001:00016e90       ??1?$CAtlSafeAllocBufferManager@VCCRTAllocator@ATL@@@_ATL_SAFE_ALLOCA_IMPL@ATL@@QAE@XZ 00417e90 f i main.obj
 0001:00016ec0       ??1?$CComPtr@UINetFwAuthorizedApplication@@@ATL@@QAE@XZ 00417ec0 f i main.obj
 0001:00016ec0       ??1?$CComPtr@UINetFwPolicy@@@ATL@@QAE@XZ 00417ec0 f i main.obj
 0001:00016ec0       ??1?$CComPtr@UINetFwProfile@@@ATL@@QAE@XZ 00417ec0 f i main.obj
 0001:00016ec0       ??1?$CComPtr@UINetFwMgr@@@ATL@@QAE@XZ 00417ec0 f i main.obj
 0001:00016ec0       ??1?$CComPtr@UINetFwAuthorizedApplications@@@ATL@@QAE@XZ 00417ec0 f i main.obj
 0001:00016f00       ??1?$QList@H@@QAE@XZ       00417f00 f i configfilehandler.obj
 0001:00016f00       ??1?$QList@PAVQObject@@@@QAE@XZ 00417f00 f i main.obj
 0001:00016f60       ??1?$QVarLengthArray@D$0DA@@@QAE@XZ 00417f60 f i main.obj
 0001:00016f60       ??1?$QVarLengthArray@D$0EA@@@QAE@XZ 00417f60 f i main.obj
 0001:00016f80       ??1?$basic_string@DU?$char_traits@D@std@@V?$allocator@D@2@@std@@QAE@XZ 00417f80 f i main.obj
 0001:00016fc0       ??1CComBSTR@ATL@@QAE@XZ    00417fc0 f i main.obj
 0001:00016fd0       ??1OperationParamSelector@@UAE@XZ 00417fd0 f i main.obj
 0001:00017080       ??1RegisterType@QQmlPrivate@@QAE@XZ 00418080 f i main.obj
 0001:00017090       ??_E?$QQmlElement@VOperationParamObject@@@QQmlPrivate@@UAEPAXI@Z 00418090 f i main.obj
 0001:00017090       ??_G?$QQmlElement@VOperationParamObject@@@QQmlPrivate@@UAEPAXI@Z 00418090 f i main.obj
 0001:00017110       ??_G?$QQmlElement@VOperationParamSelector@@@QQmlPrivate@@UAEPAXI@Z 00418110 f i main.obj
 0001:00017110       ??_E?$QQmlElement@VOperationParamSelector@@@QQmlPrivate@@UAEPAXI@Z 00418110 f i main.obj
 0001:00017180       ??_E?$QQmlElement@VPlanController@@@QQmlPrivate@@UAEPAXI@Z 00418180 f i main.obj
 0001:00017180       ??_G?$QQmlElement@VPlanController@@@QQmlPrivate@@UAEPAXI@Z 00418180 f i main.obj
 0001:000171f0       ??_G?$QQmlElement@VPlanSelector@@@QQmlPrivate@@UAEPAXI@Z 004181f0 f i main.obj
 0001:000171f0       ??_E?$QQmlElement@VPlanSelector@@@QQmlPrivate@@UAEPAXI@Z 004181f0 f i main.obj
 0001:00017260       ??_E?$QQmlElement@VStatusViewWatcher@@@QQmlPrivate@@UAEPAXI@Z 00418260 f i main.obj
 0001:00017260       ??_G?$QQmlElement@VStatusViewWatcher@@@QQmlPrivate@@UAEPAXI@Z 00418260 f i main.obj
 0001:000172d0       ??_G?$QQmlElement@VTextFieldDoubleValidator@@@QQmlPrivate@@UAEPAXI@Z 004182d0 f i main.obj
 0001:000172d0       ??_E?$QQmlElement@VTextFieldDoubleValidator@@@QQmlPrivate@@UAEPAXI@Z 004182d0 f i main.obj
 0001:00017340       ??_G?$QQmlElement@VWorkLocationManager@@@QQmlPrivate@@UAEPAXI@Z 00418340 f i main.obj
 0001:00017340       ??_E?$QQmlElement@VWorkLocationManager@@@QQmlPrivate@@UAEPAXI@Z 00418340 f i main.obj
 0001:000173b0       ??_GOperationParamObject@@UAEPAXI@Z 004183b0 f i main.obj
 0001:000173b0       ??_EOperationParamObject@@UAEPAXI@Z 004183b0 f i main.obj
 0001:000173e0       ?AtlThrowImpl@ATL@@YGXJ@Z  004183e0 f i main.obj
 0001:00017400       ?Construct@?$QMetaTypeFunctionHelper@PAVPlanController@@$00@QtMetaTypePrivate@@SAPAXPAXPBX@Z 00418400 f i main.obj
 0001:00017400       ?Construct@?$QMetaTypeFunctionHelper@PAVTextFieldDoubleValidator@@$00@QtMetaTypePrivate@@SAPAXPAXPBX@Z 00418400 f i main.obj
 0001:00017400       ?Construct@?$QMetaTypeFunctionHelper@PAVStatusViewWatcher@@$00@QtMetaTypePrivate@@SAPAXPAXPBX@Z 00418400 f i main.obj
 0001:00017400       ?Construct@?$QMetaTypeFunctionHelper@PAVWorkLocationManager@@$00@QtMetaTypePrivate@@SAPAXPAXPBX@Z 00418400 f i main.obj
 0001:00017400       ?Construct@?$QMetaTypeFunctionHelper@PAVOperationParamObject@@$00@QtMetaTypePrivate@@SAPAXPAXPBX@Z 00418400 f i main.obj
 0001:00017400       ?Construct@?$QMetaTypeFunctionHelper@PAVOperationParamSelector@@$00@QtMetaTypePrivate@@SAPAXPAXPBX@Z 00418400 f i main.obj
 0001:00017400       ?Construct@?$QMetaTypeFunctionHelper@PAVPlanSelector@@$00@QtMetaTypePrivate@@SAPAXPAXPBX@Z 00418400 f i main.obj
 0001:00017430       ?Construct@?$QMetaTypeFunctionHelper@V?$QQmlListProperty@VOperationParamSelector@@@@$00@QtMetaTypePrivate@@SAPAXPAXPBX@Z 00418430 f i main.obj
 0001:00017430       ?Construct@?$QMetaTypeFunctionHelper@V?$QQmlListProperty@VWorkLocationManager@@@@$00@QtMetaTypePrivate@@SAPAXPAXPBX@Z 00418430 f i main.obj
 0001:00017430       ?Construct@?$QMetaTypeFunctionHelper@V?$QQmlListProperty@VPlanController@@@@$00@QtMetaTypePrivate@@SAPAXPAXPBX@Z 00418430 f i main.obj
 0001:00017430       ?Construct@?$QMetaTypeFunctionHelper@V?$QQmlListProperty@VOperationParamObject@@@@$00@QtMetaTypePrivate@@SAPAXPAXPBX@Z 00418430 f i main.obj
 0001:00017430       ?Construct@?$QMetaTypeFunctionHelper@V?$QQmlListProperty@VStatusViewWatcher@@@@$00@QtMetaTypePrivate@@SAPAXPAXPBX@Z 00418430 f i main.obj
 0001:00017430       ?Construct@?$QMetaTypeFunctionHelper@V?$QQmlListProperty@VPlanSelector@@@@$00@QtMetaTypePrivate@@SAPAXPAXPBX@Z 00418430 f i main.obj
 0001:00017430       ?Construct@?$QMetaTypeFunctionHelper@V?$QQmlListProperty@VTextFieldDoubleValidator@@@@$00@QtMetaTypePrivate@@SAPAXPAXPBX@Z 00418430 f i main.obj
 0001:00017490       ?Init@CComCriticalSection@ATL@@QAEJXZ 00418490 f i main.obj
 0001:000174c0       ?TopLevelExceptionFilter@@YGJPAU_EXCEPTION_POINTERS@@@Z 004184c0 f   main.obj
 0001:00017530       ?_Deallocate@std@@YAXPAXII@Z 00418530 f i main.obj
 0001:000175a0       ?customMessageHandler@@YAXW4QtMsgType@@ABVQMessageLogContext@@ABVQString@@@Z 004185a0 f   main.obj
 0001:00017910       ?getConfigFullName@@YA?AVQString@@PBD@Z 00418910 f   main.obj
 0001:00017980       ?impl@?$QStaticSlotObject@P6AXXZU?$List@$$V@QtPrivate@@X@QtPrivate@@CAXHPAVQSlotObjectBase@2@PAVQObject@@PAPAXPA_N@Z 00418980 f i main.obj
 0001:000179b0       ?openFireWall@@YAXPBD0@Z   004189b0 f   main.obj
 0001:00017bf0       ?qt_metatype_id@?$QMetaTypeIdQObject@PAVOperationParamObject@@$07@@SAHXZ 00418bf0 f i main.obj
 0001:00017ca0       ?qt_metatype_id@?$QMetaTypeIdQObject@PAVOperationParamSelector@@$07@@SAHXZ 00418ca0 f i main.obj
 0001:00017d50       ?qt_metatype_id@?$QMetaTypeIdQObject@PAVPlanController@@$07@@SAHXZ 00418d50 f i main.obj
 0001:00017e00       ?qt_metatype_id@?$QMetaTypeIdQObject@PAVPlanSelector@@$07@@SAHXZ 00418e00 f i main.obj
 0001:00017eb0       ?qt_metatype_id@?$QMetaTypeIdQObject@PAVStatusViewWatcher@@$07@@SAHXZ 00418eb0 f i main.obj
 0001:00017f60       ?qt_metatype_id@?$QMetaTypeIdQObject@PAVTextFieldDoubleValidator@@$07@@SAHXZ 00418f60 f i main.obj
 0001:00018010       ?qt_metatype_id@?$QMetaTypeIdQObject@PAVWorkLocationManager@@$07@@SAHXZ 00419010 f i main.obj
 0001:000180c0       ?validate@TextFieldDoubleValidator@@UBE?AW4State@QValidator@@AAVQString@@AAH@Z 004190c0 f i main.obj
 0001:00018240       _main                      00419240 f   main.obj
 0001:00018770       ??$connect@P8EnvironmentVariant@@AEXXZP8StatusViewWatcher@@AEXXZ@QObject@@SA?AVConnection@QMetaObject@@PBVEnvironmentVariant@@P83@AEXXZPBVStatusViewWatcher@@P84@AEXXZW4ConnectionType@Qt@@@Z 00419770 f i workmodels.obj
 0001:000187d0       ??0?$QList@H@@QAE@ABV0@@Z  004197d0 f i configfilehandler.obj
 0001:000187d0       ??0?$QList@PAVQObject@@@@QAE@ABV0@@Z 004197d0 f i workmodels.obj
 0001:00018880       ??0OperationParamSelector@@QAE@PAVQObject@@@Z 00419880 f   workmodels.obj
 0001:000188d0       ??0PlanController@@QAE@PAVQObject@@@Z 004198d0 f   workmodels.obj
 0001:00018940       ??0PlanSelector@@QAE@PAVQObject@@@Z 00419940 f   workmodels.obj
 0001:00018a00       ??0StatusViewWatcher@@QAE@PAVQObject@@@Z 00419a00 f   workmodels.obj
 0001:00018a90       ??0WorkLocationManager@@QAE@PAVQObject@@@Z 00419a90 f   workmodels.obj
 0001:00018ab0       ??1?$QForeachContainer@V?$QList@PAVQObject@@@@@@QAE@XZ 00419ab0 f i workmodels.obj
 0001:00018b10       ??1PlanController@@UAE@XZ  00419b10 f   workmodels.obj
 0001:00018b70       ??1PlanSelector@@UAE@XZ    00419b70 f   workmodels.obj
 0001:00018c30       ??1StatusViewWatcher@@UAE@XZ 00419c30 f   workmodels.obj
 0001:00018cb0       ??1WorkLocationManager@@UAE@XZ 00419cb0 f   workmodels.obj
 0001:00018cc0       ??_EOperationParamSelector@@UAEPAXI@Z 00419cc0 f i workmodels.obj
 0001:00018cc0       ??_GOperationParamSelector@@UAEPAXI@Z 00419cc0 f i workmodels.obj
 0001:00018ce0       ??_EPlanController@@UAEPAXI@Z 00419ce0 f i workmodels.obj
 0001:00018ce0       ??_GPlanController@@UAEPAXI@Z 00419ce0 f i workmodels.obj
 0001:00018d50       ??_EPlanSelector@@UAEPAXI@Z 00419d50 f i workmodels.obj
 0001:00018d50       ??_GPlanSelector@@UAEPAXI@Z 00419d50 f i workmodels.obj
 0001:00018d70       ??_EStatusViewWatcher@@UAEPAXI@Z 00419d70 f i workmodels.obj
 0001:00018d70       ??_GStatusViewWatcher@@UAEPAXI@Z 00419d70 f i workmodels.obj
 0001:00018e10       ??_GWorkLocationManager@@UAEPAXI@Z 00419e10 f i workmodels.obj
 0001:00018e10       ??_EWorkLocationManager@@UAEPAXI@Z 00419e10 f i workmodels.obj
 0001:00018e40       ?WorkPlaceConstraint@EnvironmentVariant@@QAE?AVQJsonArray@@XZ 00419e40 f i workmodels.obj
 0001:00018e70       ?addPlan@PlanSelector@@QAEXABVQString@@@Z 00419e70 f   workmodels.obj
 0001:00018e90       ?addStep@PlanSelector@@QAEXHHH@Z 00419e90 f   workmodels.obj
 0001:00018eb0       ?append@?$QList@H@@QAEXABH@Z 00419eb0 f i configfilehandler.obj
 0001:00018eb0       ?append@?$QList@PAVQObject@@@@QAEXABQAVQObject@@@Z 00419eb0 f i workmodels.obj
 0001:00018f40       ?boardConfigIndex@PlanSelector@@QAEHH@Z 00419f40 f   workmodels.obj
 0001:00018f60       ?commitParam@PlanSelector@@QAEXHHABVQString@@ABVQVariant@@@Z 00419f60 f   workmodels.obj
 0001:00018f80       ?copyStep@PlanSelector@@QAE?AVQString@@HHH@Z 00419f80 f   workmodels.obj
 0001:00018fb0       ?copyStep@PlanSelector@@QAEXHH@Z 00419fb0 f   workmodels.obj
 0001:00018fd0       ?eventFilter@PlanController@@UAE_NPAVQObject@@PAVQEvent@@@Z 00419fd0 f   workmodels.obj
 0001:00019020       ?eventFilter@PlanSelector@@MAE_NPAVQObject@@PAVQEvent@@@Z 0041a020 f   workmodels.obj
 0001:00019060       ?eventFilter@StatusViewWatcher@@UAE_NPAVQObject@@PAVQEvent@@@Z 0041a060 f   workmodels.obj
 0001:000190a0       ?exportConfigFile@ConfigFileConverter@@QAE_NABVQUrl@@@Z 0041a0a0 f   workmodels.obj
 0001:00019110       ?getBoardTypeIndexByPosition@OperationParamSelector@@QAEHH@Z 0041a110 f   workmodels.obj
 0001:00019110       ?getBoardTypeIndexByPosition@PlanSelector@@QAEHH@Z 0041a110 f   workmodels.obj
 0001:00019130       ?getPlanBoardTypeIndexByPosition@PlanSelector@@QAEHHH@Z 0041a130 f   workmodels.obj
 0001:00019150       ?getSwitch@OperationParamSelector@@QAEPAVQObject@@ABVQString@@@Z 0041a150 f   workmodels.obj
 0001:000192c0       ?getSwitch@PlanSelector@@QAEPAVQObject@@ABVQString@@@Z 0041a2c0 f   workmodels.obj
 0001:00019430       ?getWorkLocationTypeList@WorkLocationManager@@QAE?AVQJsonObject@@XZ 0041a430 f   workmodels.obj
 0001:00019460       ?getWorkPlaceConstraint@WorkLocationManager@@QAE?AVQJsonArray@@XZ 0041a460 f   workmodels.obj
 0001:00019490       ?importConfigFile@ConfigFileConverter@@QAE_NABVQUrl@@@Z 0041a490 f   workmodels.obj
 0001:00019500       ?init@OperationParamSelector@@QAEXABVQString@@@Z 0041a500 f   workmodels.obj
 0001:00019580       ?moveStep@PlanSelector@@QAEXHHH@Z 0041a580 f   workmodels.obj
 0001:000195a0       ?node_copy@?$QList@H@@AAEXPAUNode@1@00@Z 0041a5a0 f i configfilehandler.obj
 0001:000195a0       ?node_copy@?$QList@PAVQObject@@@@AAEXPAUNode@1@00@Z 0041a5a0 f i workmodels.obj
 0001:000195d0       ?onCompleteSingleOperation@OperationParamSelector@@QAEXXZ 0041a5d0 f   workmodels.obj
 0001:00019860       ?onMachineConfigChanged@TargetMachineObject@@QAE_NXZ 0041a860 f   workmodels.obj
 0001:00019900       ?onSave@PlanSelector@@QAE_NXZ 0041a900 f   workmodels.obj
 0001:00019910       ?operationCurrentIndex@PlanSelector@@QAEHXZ 0041a910 f   workmodels.obj
 0001:00019930       ?pasteStep@PlanSelector@@QAEXHH@Z 0041a930 f   workmodels.obj
 0001:00019950       ?pausePlan@PlanController@@QAEXXZ 0041a950 f   workmodels.obj
 0001:00019960       ?planListModel@PlanSelector@@QAE?AVQStringList@@XZ 0041a960 f   workmodels.obj
 0001:00019990       ?planSelectStepListModel@PlanSelector@@QAE?AVQStringList@@H@Z 0041a990 f   workmodels.obj
 0001:000199c0       ?readConfigFIle@ConfigFileConverter@@QAE?AVQString@@ABVQUrl@@@Z 0041a9c0 f   workmodels.obj
 0001:00019ab0       ?removePlan@PlanSelector@@QAEXH@Z 0041aab0 f   workmodels.obj
 0001:00019ad0       ?removeStep@PlanSelector@@QAEXHH@Z 0041aad0 f   workmodels.obj
 0001:00019af0       ?resumePlan@PlanController@@QAEXXZ 0041aaf0 f   workmodels.obj
 0001:00019b20       ?setBoardConfigIndex@PlanSelector@@QAEXHH@Z 0041ab20 f   workmodels.obj
 0001:00019b40       ?setPlanName@PlanSelector@@QAEXHABVQString@@@Z 0041ab40 f   workmodels.obj
 0001:00019b60       ?setSelectedOperation@OperationParamSelector@@QAEXH@Z 0041ab60 f   workmodels.obj
 0001:00019f30       ?setSelectedOperation@PlanSelector@@QAEXHHH@Z 0041af30 f   workmodels.obj
 0001:0001a3f0       ?setSelectedStep@PlanSelector@@QAEXHH@Z 0041b3f0 f   workmodels.obj
 0001:0001a7d0       ?setWorkLocationType@WorkLocationManager@@QAE_NHHABVQString@@@Z 0041b7d0 f   workmodels.obj
 0001:0001a7f0       ?startCheckPlan@PlanSelector@@QAEXH@Z 0041b7f0 f   workmodels.obj
 0001:0001a810       ?startPlan@PlanController@@QAEXHH@Z 0041b810 f   workmodels.obj
 0001:0001a840       ?stepListModel@PlanSelector@@QAE?AVQStringList@@H@Z 0041b840 f   workmodels.obj
 0001:0001a870       ?stopCheckPlan@PlanSelector@@QAEXXZ 0041b870 f   workmodels.obj
 0001:0001a880       ?stopPlan@PlanController@@QAEXXZ 0041b880 f   workmodels.obj
 0001:0001a890       ?updateWorkPlace@WorkLocationManager@@QAE_NABVQJsonObject@@@Z 0041b890 f   workmodels.obj
 0001:0001a8b0       ??$connect@P8SubThreadCheckWorker@@AEXABVQJsonObject@@@ZP8WorkflowCheckerController@@AEX0@Z@QObject@@SA?AVConnection@QMetaObject@@PBVSubThreadCheckWorker@@P83@AEXABVQJsonObject@@@ZPBVWorkflowCheckerController@@P85@AEX1@ZW4ConnectionType@Qt@@@Z 0041b8b0 f i workflowChecker.obj
 0001:0001a920       ??$connect@P8WorkflowCheckerController@@AEXABVQJsonArray@@@ZP8SubThreadCheckWorker@@AEX0@Z@QObject@@SA?AVConnection@QMetaObject@@PBVWorkflowCheckerController@@P83@AEXABVQJsonArray@@@ZPBVSubThreadCheckWorker@@P85@AEX1@ZW4ConnectionType@Qt@@@Z 0041b920 f i workflowChecker.obj
 0001:0001a990       ??$connect@P8WorkflowCheckerController@@AEXABVQJsonObject@@@ZP8SubThreadCheckWorker@@AEX0@Z@QObject@@SA?AVConnection@QMetaObject@@PBVWorkflowCheckerController@@P83@AEXABVQJsonObject@@@ZPBVSubThreadCheckWorker@@P85@AEX1@ZW4ConnectionType@Qt@@@Z 0041b990 f i workflowChecker.obj
 0001:0001aa00       ??$connect@P8WorkflowCheckerController@@AEXXZP8SubThreadCheckWorker@@AEXXZ@QObject@@SA?AVConnection@QMetaObject@@PBVWorkflowCheckerController@@P83@AEXXZPBVSubThreadCheckWorker@@P84@AEXXZW4ConnectionType@Qt@@@Z 0041ba00 f i workflowChecker.obj
 0001:0001aa60       ??0WorkflowCheckerController@@QAE@PAVQObject@@@Z 0041ba60 f   workflowChecker.obj
 0001:0001abe0       ??1?$QMap@VQString@@H@@QAE@XZ 0041bbe0 f i workflowChecker.obj
 0001:0001ac80       ??1WorkflowCheckerController@@UAE@XZ 0041bc80 f   workflowChecker.obj
 0001:0001acf0       ??A?$QMap@VQString@@H@@QAEAAHABVQString@@@Z 0041bcf0 f i workflowChecker.obj
 0001:0001ad70       ??_ESubThreadCheckWorker@@UAEPAXI@Z 0041bd70 f i workflowChecker.obj
 0001:0001ad70       ??_GSubThreadCheckWorker@@UAEPAXI@Z 0041bd70 f i workflowChecker.obj
 0001:0001adc0       ??_GWorkflowCheckerController@@UAEPAXI@Z 0041bdc0 f i workflowChecker.obj
 0001:0001adc0       ??_EWorkflowCheckerController@@UAEPAXI@Z 0041bdc0 f i workflowChecker.obj
 0001:0001ae70       ?CheckBoardConstraint@SubThreadCheckWorker@@IAE_NABVQJsonObject@@@Z 0041be70 f   workflowChecker.obj
 0001:0001b220       ?CheckParamConstraint@SubThreadCheckWorker@@IAE_NABVQJsonObject@@@Z 0041c220 f   workflowChecker.obj
 0001:0001bad0       ?checkTask@WorkflowCheckerController@@QAEXABVQJsonObject@@@Z 0041cad0 f   workflowChecker.obj
 0001:0001bae0       ?configChecker@SubThreadCheckWorker@@QAEXABVQJsonArray@@@Z 0041cae0 f   workflowChecker.obj
 0001:0001be40       ?copy@?$QMapNode@VQString@@H@@QBEPAU1@PAU?$QMapData@VQString@@H@@@Z 0041ce40 f i workflowChecker.obj
 0001:0001bec0       ?createNode@?$QMapData@VQString@@H@@QAEPAU?$QMapNode@VQString@@H@@ABVQString@@ABHPAU2@_N@Z 0041cec0 f i workflowChecker.obj
 0001:0001bf00       ?destroySubTree@?$QMapNode@VQString@@H@@QAEXXZ 0041cf00 f i workflowChecker.obj
 0001:0001bf30       ?detach_helper@?$QMap@VQString@@H@@AAEXXZ 0041cf30 f i workflowChecker.obj
 0001:0001bfd0       ?doCheck@SubThreadCheckWorker@@QAEXABVQJsonObject@@@Z 0041cfd0 f   workflowChecker.obj
 0001:0001c5b0       ?forceStop@SubThreadCheckWorker@@QAEXXZ 0041d5b0 f   workflowChecker.obj
 0001:0001c5c0       ?impl@?$QSlotObject@P8WorkflowController@@AEXABVQJsonObject@@@ZU?$List@ABVQJsonObject@@@QtPrivate@@X@QtPrivate@@CAXHPAVQSlotObjectBase@2@PAVQObject@@PAPAXPA_N@Z 0041d5c0 f i workflowprotocol.obj
 0001:0001c5c0       ?impl@?$QSlotObject@P8SubThreadWorker@@AEXABVQJsonObject@@@ZU?$List@ABVQJsonObject@@@QtPrivate@@X@QtPrivate@@CAXHPAVQSlotObjectBase@2@PAVQObject@@PAPAXPA_N@Z 0041d5c0 f i workflowprotocol.obj
 0001:0001c5c0       ?impl@?$QSlotObject@P8WorkflowCheckerController@@AEXABVQJsonObject@@@ZU?$List@ABVQJsonObject@@@QtPrivate@@X@QtPrivate@@CAXHPAVQSlotObjectBase@2@PAVQObject@@PAPAXPA_N@Z 0041d5c0 f i workflowChecker.obj
 0001:0001c5c0       ?impl@?$QSlotObject@P8SubThreadCheckWorker@@AEXABVQJsonArray@@@ZU?$List@ABVQJsonArray@@@QtPrivate@@X@QtPrivate@@CAXHPAVQSlotObjectBase@2@PAVQObject@@PAPAXPA_N@Z 0041d5c0 f i workflowChecker.obj
 0001:0001c5c0       ?impl@?$QSlotObject@P8SubThreadWorker@@AEXABVQString@@@ZU?$List@ABVQString@@@QtPrivate@@X@QtPrivate@@CAXHPAVQSlotObjectBase@2@PAVQObject@@PAPAXPA_N@Z 0041d5c0 f i workflowprotocol.obj
 0001:0001c5c0       ?impl@?$QSlotObject@P8SubThreadCheckWorker@@AEXABVQJsonObject@@@ZU?$List@ABVQJsonObject@@@QtPrivate@@X@QtPrivate@@CAXHPAVQSlotObjectBase@2@PAVQObject@@PAPAXPA_N@Z 0041d5c0 f i workflowChecker.obj
 0001:0001c620       ?init@WorkflowCheckerController@@QAEXABVQJsonArray@@@Z 0041d620 f   workflowChecker.obj
 0001:0001c630       ?insert@?$QMap@VQString@@H@@QAE?AViterator@1@ABVQString@@ABH@Z 0041d630 f i workflowChecker.obj
 0001:0001c6f0       ?isFilteredCommand@SubThreadCheckWorker@@IAE_NABVQJsonObject@@@Z 0041d6f0 f   workflowChecker.obj
 0001:0001cb10       ?remove@?$QMap@VQString@@H@@QAEHABVQString@@@Z 0041db10 f i workflowChecker.obj
 0001:0001cbc0       ?statusChanged@WorkflowCheckerController@@QAEXABVQJsonObject@@@Z 0041dbc0 f   workflowChecker.obj
 0001:0001cc60       ?stopCurrentCheck@WorkflowCheckerController@@QAEXXZ 0041dc60 f   workflowChecker.obj
 0001:0001cc80       ?types@?$ConnectionTypes@U?$List@ABVQJsonArray@@@QtPrivate@@$00@QtPrivate@@SAPBHXZ 0041dc80 f i workflowChecker.obj
 0001:0001cce0       ?metaObject@Communication@@UBEPBUQMetaObject@@XZ 0041dce0 f   moc_communication.obj
 0001:0001cd00       ?qt_metacall@configFileHandler@@UAEHW4Call@QMetaObject@@HPAPAX@Z 0041dd00 f   moc_configfilehandler.obj
 0001:0001cd00       ?qt_metacall@Communication@@UAEHW4Call@QMetaObject@@HPAPAX@Z 0041dd00 f   moc_communication.obj
 0001:0001cd10       ?qt_metacast@Communication@@UAEPAXPBD@Z 0041dd10 f   moc_communication.obj
 0001:0001cd70       ?changeHost@WorkflowController@@QAEXABVQString@@G@Z 0041dd70 f   moc_workflowprotocol.obj
 0001:0001cdc0       ?configProtocol@WorkflowController@@QAEXABVQString@@@Z 0041ddc0 f   moc_workflowprotocol.obj
 0001:0001cdf0       ?metaObject@SubThreadWorker@@UBEPBUQMetaObject@@XZ 0041ddf0 f   moc_workflowprotocol.obj
 0001:0001ce10       ?metaObject@WorkflowController@@UBEPBUQMetaObject@@XZ 0041de10 f   moc_workflowprotocol.obj
 0001:0001ce30       ?pauseTask@WorkflowController@@QAEXXZ 0041de30 f   moc_workflowprotocol.obj
 0001:0001ce50       ?qt_metacall@SubThreadWorker@@UAEHW4Call@QMetaObject@@HPAPAX@Z 0041de50 f   moc_workflowprotocol.obj
 0001:0001ceb0       ?qt_metacall@WorkflowController@@UAEHW4Call@QMetaObject@@HPAPAX@Z 0041deb0 f   moc_workflowprotocol.obj
 0001:0001cf10       ?qt_metacast@SubThreadWorker@@UAEPAXPBD@Z 0041df10 f   moc_workflowprotocol.obj
 0001:0001cf70       ?qt_metacast@WorkflowController@@UAEPAXPBD@Z 0041df70 f   moc_workflowprotocol.obj
 0001:0001cfd0       ?qt_static_metacall@SubThreadWorker@@CAXPAVQObject@@W4Call@QMetaObject@@HPAPAX@Z 0041dfd0 f   moc_workflowprotocol.obj
 0001:0001d0d0       ?qt_static_metacall@WorkflowController@@CAXPAVQObject@@W4Call@QMetaObject@@HPAPAX@Z 0041e0d0 f   moc_workflowprotocol.obj
 0001:0001d220       ?runNewTask@WorkflowController@@QAEXABVQJsonObject@@@Z 0041e220 f   moc_workflowprotocol.obj
 0001:0001d250       ?runNewTunning@WorkflowController@@QAEXABVQJsonObject@@@Z 0041e250 f   moc_workflowprotocol.obj
 0001:0001d280       ?statusChanged@SubThreadWorker@@QAEXABVQJsonObject@@@Z 0041e280 f   moc_workflowprotocol.obj
 0001:0001d2b0       ?stopTask@WorkflowController@@QAEXXZ 0041e2b0 f   moc_workflowprotocol.obj
 0001:0001d2d0       ?taskStateChanged@SubThreadWorker@@QAEXABVQString@@H@Z 0041e2d0 f   moc_workflowprotocol.obj
 0001:0001d320       ?updateStopState@WorkflowController@@QAEXXZ 0041e320 f   moc_workflowprotocol.obj
 0001:0001d340       ?configChecker@WorkflowCheckerController@@QAEXABVQJsonArray@@@Z 0041e340 f   moc_workflowChecker.obj
 0001:0001d370       ?metaObject@SubThreadCheckWorker@@UBEPBUQMetaObject@@XZ 0041e370 f   moc_workflowChecker.obj
 0001:0001d390       ?metaObject@WorkflowCheckerController@@UBEPBUQMetaObject@@XZ 0041e390 f   moc_workflowChecker.obj
 0001:0001d3b0       ?qt_metacall@SubThreadCheckWorker@@UAEHW4Call@QMetaObject@@HPAPAX@Z 0041e3b0 f   moc_workflowChecker.obj
 0001:0001d410       ?qt_metacall@WorkflowCheckerController@@UAEHW4Call@QMetaObject@@HPAPAX@Z 0041e410 f   moc_workflowChecker.obj
 0001:0001d470       ?qt_metacast@SubThreadCheckWorker@@UAEPAXPBD@Z 0041e470 f   moc_workflowChecker.obj
 0001:0001d4d0       ?qt_metacast@WorkflowCheckerController@@UAEPAXPBD@Z 0041e4d0 f   moc_workflowChecker.obj
 0001:0001d530       ?qt_static_metacall@SubThreadCheckWorker@@CAXPAVQObject@@W4Call@QMetaObject@@HPAPAX@Z 0041e530 f   moc_workflowChecker.obj
 0001:0001d5c0       ?qt_static_metacall@WorkflowCheckerController@@CAXPAVQObject@@W4Call@QMetaObject@@HPAPAX@Z 0041e5c0 f   moc_workflowChecker.obj
 0001:0001d680       ?runNewCheck@WorkflowCheckerController@@QAEXABVQJsonObject@@@Z 0041e680 f   moc_workflowChecker.obj
 0001:0001d6b0       ?statusChanged@SubThreadCheckWorker@@QAEXABVQJsonObject@@@Z 0041e6b0 f   moc_workflowChecker.obj
 0001:0001d6e0       ?stopCheck@WorkflowCheckerController@@QAEXXZ 0041e6e0 f   moc_workflowChecker.obj
 0001:0001d700       ?metaObject@configFileHandler@@UBEPBUQMetaObject@@XZ 0041e700 f   moc_configfilehandler.obj
 0001:0001d720       ?qt_metacast@configFileHandler@@UAEPAXPBD@Z 0041e720 f   moc_configfilehandler.obj
 0001:0001d780       ?metaObject@EnvironmentVariant@@UBEPBUQMetaObject@@XZ 0041e780 f   moc_environmentvariant.obj
 0001:0001d7a0       ?qt_metacall@EnvironmentVariant@@UAEHW4Call@QMetaObject@@HPAPAX@Z 0041e7a0 f   moc_environmentvariant.obj
 0001:0001d800       ?qt_metacast@EnvironmentVariant@@UAEPAXPBD@Z 0041e800 f   moc_environmentvariant.obj
 0001:0001d860       ?qt_static_metacall@EnvironmentVariant@@CAXPAVQObject@@W4Call@QMetaObject@@HPAPAX@Z 0041e860 f   moc_environmentvariant.obj
 0001:0001d8b0       ?workLocationTypeChanged@EnvironmentVariant@@QAEXXZ 0041e8b0 f   moc_environmentvariant.obj
 0001:0001d8d0       ??$atImpl@V?$QList@PAVQObject@@@@@QSequentialIterableImpl@QtMetaTypePrivate@@SAPBXPBXH@Z 0041e8d0 f i moc_workmodels.obj
 0001:0001d8d0       ??$atImpl@V?$QList@H@@@QSequentialIterableImpl@QtMetaTypePrivate@@SAPBXPBXH@Z 0041e8d0 f i moc_workmodels.obj
 0001:0001d8f0       ??$equal@PBQAVQObject@@V?$checked_array_iterator@PBQAVQObject@@@stdext@@U?$equal_to@X@std@@@std@@YA_NPBQAVQObject@@0V?$checked_array_iterator@PBQAVQObject@@@stdext@@U?$equal_to@X@0@@Z 0041e8f0 f i moc_workmodels.obj
 0001:0001d8f0       ??$equal@PBHV?$checked_array_iterator@PBH@stdext@@U?$equal_to@X@std@@@std@@YA_NPBH0V?$checked_array_iterator@PBH@stdext@@U?$equal_to@X@0@@Z 0041e8f0 f i moc_workmodels.obj
 0001:0001d970       ??$getImpl@V?$QList@H@@@QSequentialIterableImpl@QtMetaTypePrivate@@SA?AUVariantData@1@PBQAXHI@Z 0041e970 f i moc_workmodels.obj
 0001:0001d970       ??$getImpl@V?$QList@PAVQObject@@@@@QSequentialIterableImpl@QtMetaTypePrivate@@SA?AUVariantData@1@PBQAXHI@Z 0041e970 f i moc_workmodels.obj
 0001:0001d990       ??$moveToBeginImpl@V?$QList@PAVQObject@@@@@QSequentialIterableImpl@QtMetaTypePrivate@@SAXPBXPAPAX@Z 0041e990 f i moc_workmodels.obj
 0001:0001d990       ??$moveToBeginImpl@V?$QList@H@@@QSequentialIterableImpl@QtMetaTypePrivate@@SAXPBXPAPAX@Z 0041e990 f i moc_workmodels.obj
 0001:0001d9c0       ??$moveToEndImpl@V?$QList@H@@@QSequentialIterableImpl@QtMetaTypePrivate@@SAXPBXPAPAX@Z 0041e9c0 f i moc_workmodels.obj
 0001:0001d9c0       ??$moveToEndImpl@V?$QList@PAVQObject@@@@@QSequentialIterableImpl@QtMetaTypePrivate@@SAXPBXPAPAX@Z 0041e9c0 f i moc_workmodels.obj
 0001:0001d9f0       ??$sizeImpl@V?$QList@PAVQObject@@@@@QSequentialIterableImpl@QtMetaTypePrivate@@SAHPBX@Z 0041e9f0 f i moc_workmodels.obj
 0001:0001d9f0       ??$sizeImpl@V?$QList@H@@@QSequentialIterableImpl@QtMetaTypePrivate@@SAHPBX@Z 0041e9f0 f i moc_workmodels.obj
 0001:0001da00       ??0QSequentialIterableImpl@QtMetaTypePrivate@@QAE@XZ 0041ea00 f i moc_workmodels.obj
 0001:0001da70       ?Construct@?$QMetaTypeFunctionHelper@V?$QList@PAVQObject@@@@$00@QtMetaTypePrivate@@SAPAXPAXPBX@Z 0041ea70 f i moc_workmodels.obj
 0001:0001da70       ?Construct@?$QMetaTypeFunctionHelper@V?$QList@H@@$00@QtMetaTypePrivate@@SAPAXPAXPBX@Z 0041ea70 f i moc_workmodels.obj
 0001:0001daf0       ?Construct@?$QMetaTypeFunctionHelper@VQSequentialIterableImpl@QtMetaTypePrivate@@$00@QtMetaTypePrivate@@SAPAXPAXPBX@Z 0041eaf0 f i moc_workmodels.obj
 0001:0001db30       ?Destruct@?$QMetaTypeFunctionHelper@V?$QList@H@@$00@QtMetaTypePrivate@@SAXPAX@Z 0041eb30 f i moc_workmodels.obj
 0001:0001db30       ?Destruct@?$QMetaTypeFunctionHelper@V?$QList@PAVQObject@@@@$00@QtMetaTypePrivate@@SAXPAX@Z 0041eb30 f i moc_workmodels.obj
 0001:0001dba0       ?MachineConfigChanged@TargetMachineObject@@QAEXXZ 0041eba0 f   moc_workmodels.obj
 0001:0001dbc0       ?UnitChanged@OperationParamObject@@QAEXXZ 0041ebc0 f   moc_workmodels.obj
 0001:0001dbe0       ?administratorChanged@AdministratorChecker@@QAEXXZ 0041ebe0 f   moc_workmodels.obj
 0001:0001dc00       ?advance@?$IteratorOwnerCommon@Vconst_iterator@?$QList@PAVQObject@@@@@QtMetaTypePrivate@@SAXPAPAXH@Z 0041ec00 f i moc_workmodels.obj
 0001:0001dc00       ?advance@?$IteratorOwnerCommon@Vconst_iterator@?$QList@H@@@QtMetaTypePrivate@@SAXPAPAXH@Z 0041ec00 f i moc_workmodels.obj
 0001:0001dc10       ?assign@?$IteratorOwnerCommon@Vconst_iterator@?$QList@H@@@QtMetaTypePrivate@@SAXPAPAXPBQAX@Z 0041ec10 f i moc_workmodels.obj
 0001:0001dc10       ?assign@?$IteratorOwnerCommon@Vconst_iterator@?$QList@PAVQObject@@@@@QtMetaTypePrivate@@SAXPAPAXPBQAX@Z 0041ec10 f i moc_workmodels.obj
 0001:0001dc30       ?boolValueChanged@OperationParamObject@@QAEXXZ 0041ec30 f   moc_workmodels.obj
 0001:0001dc50       ?bottomValueChanged@OperationParamObject@@QAEXXZ 0041ec50 f   moc_workmodels.obj
 0001:0001dc70       ?convert@?$ConverterFunctor@V?$QList@H@@VQSequentialIterableImpl@QtMetaTypePrivate@@U?$QSequentialIterableConvertFunctor@V?$QList@H@@@3@@QtPrivate@@SA_NPBUAbstractConverterFunction@2@PBXPAX@Z 0041ec70 f i moc_workmodels.obj
 0001:0001dd10       ?convert@?$ConverterFunctor@V?$QList@PAVQObject@@@@VQSequentialIterableImpl@QtMetaTypePrivate@@U?$QSequentialIterableConvertFunctor@V?$QList@PAVQObject@@@@@3@@QtPrivate@@SA_NPBUAbstractConverterFunction@2@PBXPAX@Z 0041ed10 f i moc_workmodels.obj
 0001:0001ddb0       ?currentIndexChanged@OperationParamSelector@@QAEXXZ 0041edb0 f   moc_workmodels.obj
 0001:0001ddd0       ?destroy@?$IteratorOwnerCommon@Vconst_iterator@?$QList@PAVQObject@@@@@QtMetaTypePrivate@@SAXPAPAX@Z 0041edd0 f i moc_workmodels.obj
 0001:0001ddd0       ?destroy@?$IteratorOwnerCommon@Vconst_iterator@?$QList@H@@@QtMetaTypePrivate@@SAXPAPAX@Z 0041edd0 f i moc_workmodels.obj
 0001:0001ddf0       ?display@OperationParamObject@@QBE?AVQString@@XZ 0041edf0 f i moc_workmodels.obj
 0001:0001de10       ?displayChanged@OperationParamObject@@QAEXXZ 0041ee10 f   moc_workmodels.obj
 0001:0001de30       ?equal@?$IteratorOwnerCommon@Vconst_iterator@?$QList@H@@@QtMetaTypePrivate@@SA_NPBQAX0@Z 0041ee30 f i moc_workmodels.obj
 0001:0001de30       ?equal@?$IteratorOwnerCommon@Vconst_iterator@?$QList@PAVQObject@@@@@QtMetaTypePrivate@@SA_NPBQAX0@Z 0041ee30 f i moc_workmodels.obj
 0001:0001de50       ?factorChanged@OperationParamObject@@QAEXXZ 0041ee50 f   moc_workmodels.obj
 0001:0001de70       ?floatValueChanged@OperationParamObject@@QAEXXZ 0041ee70 f   moc_workmodels.obj
 0001:0001de90       ?getLicenseNumber@TargetMachineObject@@QBE?AVQString@@XZ 0041ee90 f i moc_workmodels.obj
 0001:0001deb0       ?getIpAddress@TargetMachineObject@@QBE?AVQString@@XZ 0041eeb0 f i environmentvariant.obj
 0001:0001deb0       ?getOperationName@SingleOperationObject@@QAE?AVQString@@XZ 0041eeb0 f i moc_workmodels.obj
 0001:0001deb0       ?name@OperationParamObject@@QBE?AVQString@@XZ 0041eeb0 f i workmodels.obj
 0001:0001ded0       ?getParamListModel@PlanSelector@@QAE?AV?$QList@PAVQObject@@@@XZ 0041eed0 f i moc_workmodels.obj
 0001:0001def0       ?getParamModel@OperationParamSelector@@QAE?AV?$QList@PAVQObject@@@@XZ 0041eef0 f i moc_workmodels.obj
 0001:0001df10       ?intListValue@OperationParamObject@@QAE?AV?$QList@H@@XZ 0041ef10 f i moc_workmodels.obj
 0001:0001df30       ?intListValueChanged@OperationParamObject@@QAEXXZ 0041ef30 f   moc_workmodels.obj
 0001:0001df50       ?integerValueChanged@OperationParamObject@@QAEXXZ 0041ef50 f   moc_workmodels.obj
 0001:0001df70       ?metaObject@AdministratorChecker@@UBEPBUQMetaObject@@XZ 0041ef70 f   moc_workmodels.obj
 0001:0001df90       ?metaObject@ConfigFileConverter@@UBEPBUQMetaObject@@XZ 0041ef90 f   moc_workmodels.obj
 0001:0001dfb0       ?metaObject@OperationParamObject@@UBEPBUQMetaObject@@XZ 0041efb0 f   moc_workmodels.obj
 0001:0001dfd0       ?metaObject@OperationParamSelector@@UBEPBUQMetaObject@@XZ 0041efd0 f   moc_workmodels.obj
 0001:0001dff0       ?metaObject@PlanController@@UBEPBUQMetaObject@@XZ 0041eff0 f   moc_workmodels.obj
 0001:0001e010       ?metaObject@PlanSelector@@UBEPBUQMetaObject@@XZ 0041f010 f   moc_workmodels.obj
 0001:0001e030       ?metaObject@StatusViewWatcher@@UBEPBUQMetaObject@@XZ 0041f030 f   moc_workmodels.obj
 0001:0001e050       ?metaObject@TargetMachineObject@@UBEPBUQMetaObject@@XZ 0041f050 f   moc_workmodels.obj
 0001:0001e070       ?metaObject@WorkLocationManager@@UBEPBUQMetaObject@@XZ 0041f070 f   moc_workmodels.obj
 0001:0001e090       ?nameChanged@OperationParamObject@@QAEXXZ 0041f090 f   moc_workmodels.obj
 0001:0001e0b0       ?op_eq_impl@?$QList@H@@ABE_NABV1@UArrayCompatibleLayout@QListData@@@Z 0041f0b0 f i moc_workmodels.obj
 0001:0001e0b0       ?op_eq_impl@?$QList@PAVQObject@@@@ABE_NABV1@UArrayCompatibleLayout@QListData@@@Z 0041f0b0 f i moc_workmodels.obj
 0001:0001e120       ?op_eq_impl@?$QList@VQString@@@@ABE_NABV1@UArrayCompatibleLayout@QListData@@@Z 0041f120 f i moc_workmodels.obj
 0001:0001e190       ?operationListModel@PlanSelector@@QAE?AVQStringList@@XZ 0041f190 f i moc_workmodels.obj
 0001:0001e1b0       ?operationModel@OperationParamSelector@@QAE?AVQStringList@@XZ 0041f1b0 f i moc_workmodels.obj
 0001:0001e1d0       ?operationNameChanged@SingleOperationObject@@QAEXXZ 0041f1d0 f   moc_workmodels.obj
 0001:0001e1f0       ?pageNameChanged@OperationParamSelector@@QAEXXZ 0041f1f0 f   moc_workmodels.obj
 0001:0001e210       ?paramListModelChanged@PlanSelector@@QAEXXZ 0041f210 f   moc_workmodels.obj
 0001:0001e230       ?paramModelChanged@OperationParamSelector@@QAEXXZ 0041f230 f   moc_workmodels.obj
 0001:0001e250       ?planCheckStatusChanged@PlanSelector@@QAEXABVQJsonObject@@@Z 0041f250 f   moc_workmodels.obj
 0001:0001e280       ?qt_metacall@AdministratorChecker@@UAEHW4Call@QMetaObject@@HPAPAX@Z 0041f280 f   moc_workmodels.obj
 0001:0001e330       ?qt_metacall@ConfigFileConverter@@UAEHW4Call@QMetaObject@@HPAPAX@Z 0041f330 f   moc_workmodels.obj
 0001:0001e390       ?qt_metacall@OperationParamObject@@UAEHW4Call@QMetaObject@@HPAPAX@Z 0041f390 f   moc_workmodels.obj
 0001:0001e430       ?qt_metacall@OperationParamSelector@@UAEHW4Call@QMetaObject@@HPAPAX@Z 0041f430 f   moc_workmodels.obj
 0001:0001e4e0       ?qt_metacall@PlanController@@UAEHW4Call@QMetaObject@@HPAPAX@Z 0041f4e0 f   moc_workmodels.obj
 0001:0001e540       ?qt_metacall@PlanSelector@@UAEHW4Call@QMetaObject@@HPAPAX@Z 0041f540 f   moc_workmodels.obj
 0001:0001e5f0       ?qt_metacall@StatusViewWatcher@@UAEHW4Call@QMetaObject@@HPAPAX@Z 0041f5f0 f   moc_workmodels.obj
 0001:0001e650       ?qt_metacall@TargetMachineObject@@UAEHW4Call@QMetaObject@@HPAPAX@Z 0041f650 f   moc_workmodels.obj
 0001:0001e710       ?qt_metacall@WorkLocationManager@@UAEHW4Call@QMetaObject@@HPAPAX@Z 0041f710 f   moc_workmodels.obj
 0001:0001e770       ?qt_metacast@AdministratorChecker@@UAEPAXPBD@Z 0041f770 f   moc_workmodels.obj
 0001:0001e7d0       ?qt_metacast@ConfigFileConverter@@UAEPAXPBD@Z 0041f7d0 f   moc_workmodels.obj
 0001:0001e830       ?qt_metacast@OperationParamObject@@UAEPAXPBD@Z 0041f830 f   moc_workmodels.obj
 0001:0001e8d0       ?qt_metacast@OperationParamSelector@@UAEPAXPBD@Z 0041f8d0 f   moc_workmodels.obj
 0001:0001e930       ?qt_metacast@PlanController@@UAEPAXPBD@Z 0041f930 f   moc_workmodels.obj
 0001:0001e990       ?qt_metacast@PlanSelector@@UAEPAXPBD@Z 0041f990 f   moc_workmodels.obj
 0001:0001e9f0       ?qt_metacast@StatusViewWatcher@@UAEPAXPBD@Z 0041f9f0 f   moc_workmodels.obj
 0001:0001ea50       ?qt_metacast@TargetMachineObject@@UAEPAXPBD@Z 0041fa50 f   moc_workmodels.obj
 0001:0001eaf0       ?qt_metacast@WorkLocationManager@@UAEPAXPBD@Z 0041faf0 f   moc_workmodels.obj
 0001:0001eb50       ?qt_metatype_id@?$QMetaTypeId@V?$QList@H@@@@SAHXZ 0041fb50 f i moc_workmodels.obj
 0001:0001ec70       ?qt_metatype_id@?$QMetaTypeId@V?$QList@PAVQObject@@@@@@SAHXZ 0041fc70 f i moc_workmodels.obj
 0001:0001ed10       ?qt_metatype_id@?$QMetaTypeId@VQSequentialIterableImpl@QtMetaTypePrivate@@@@SAHXZ 0041fd10 f i moc_workmodels.obj
 0001:0001eda0       ?qt_static_metacall@AdministratorChecker@@CAXPAVQObject@@W4Call@QMetaObject@@HPAPAX@Z 0041fda0 f   moc_workmodels.obj
 0001:0001ee20       ?qt_static_metacall@ConfigFileConverter@@CAXPAVQObject@@W4Call@QMetaObject@@HPAPAX@Z 0041fe20 f   moc_workmodels.obj
 0001:0001eea0       ?qt_static_metacall@OperationParamObject@@CAXPAVQObject@@W4Call@QMetaObject@@HPAPAX@Z 0041fea0 f   moc_workmodels.obj
 0001:0001f410       ?qt_static_metacall@OperationParamSelector@@CAXPAVQObject@@W4Call@QMetaObject@@HPAPAX@Z 00420410 f   moc_workmodels.obj
 0001:0001f6c0       ?qt_static_metacall@PlanController@@CAXPAVQObject@@W4Call@QMetaObject@@HPAPAX@Z 004206c0 f   moc_workmodels.obj
 0001:0001f750       ?qt_static_metacall@PlanSelector@@CAXPAVQObject@@W4Call@QMetaObject@@HPAPAX@Z 00420750 f   moc_workmodels.obj
 0001:0001fd20       ?qt_static_metacall@SingleOperationObject@@CAXPAVQObject@@W4Call@QMetaObject@@HPAPAX@Z 00420d20 f   moc_workmodels.obj
 0001:0001fdd0       ?qt_static_metacall@StatusViewWatcher@@CAXPAVQObject@@W4Call@QMetaObject@@HPAPAX@Z 00420dd0 f   moc_workmodels.obj
 0001:0001fe70       ?qt_static_metacall@TargetMachineObject@@CAXPAVQObject@@W4Call@QMetaObject@@HPAPAX@Z 00420e70 f   moc_workmodels.obj
 0001:0001ffd0       ?qt_static_metacall@WorkLocationManager@@CAXPAVQObject@@W4Call@QMetaObject@@HPAPAX@Z 00420fd0 f   moc_workmodels.obj
 0001:00020100       ?registerConverter@?$ValueTypeIsMetaType@V?$QList@H@@$00@QtPrivate@@SA_NH@Z 00421100 f i moc_workmodels.obj
 0001:00020190       ?registerConverter@?$ValueTypeIsMetaType@V?$QList@PAVQObject@@@@$00@QtPrivate@@SA_NH@Z 00421190 f i moc_workmodels.obj
 0001:00020220       ?revertSwitchChanged@OperationParamObject@@QAEXXZ 00421220 f   moc_workmodels.obj
 0001:00020240       ?setBoolValue@OperationParamObject@@QAEX_N@Z 00421240 f i moc_workmodels.obj
 0001:00020270       ?setBottomValue@OperationParamObject@@QAEXH@Z 00421270 f i moc_workmodels.obj
 0001:000202a0       ?setDisplay@OperationParamObject@@QAEXABVQString@@@Z 004212a0 f i moc_workmodels.obj
 0001:000202e0       ?setFactor@OperationParamObject@@QAEXH@Z 004212e0 f i moc_workmodels.obj
 0001:00020310       ?setFloatValue@OperationParamObject@@QAEXN@Z 00421310 f i moc_workmodels.obj
 0001:00020350       ?setIntListValue@OperationParamObject@@QAEXABV?$QList@H@@@Z 00421350 f i moc_workmodels.obj
 0001:00020430       ?setIntegerValue@OperationParamObject@@QAEXH@Z 00421430 f i moc_workmodels.obj
 0001:00020460       ?setName@OperationParamObject@@QAEXABVQString@@@Z 00421460 f i moc_workmodels.obj
 0001:000204a0       ?setOperationName@SingleOperationObject@@QAEXABVQString@@@Z 004214a0 f i moc_workmodels.obj
 0001:000204e0       ?setParamListModel@PlanSelector@@QAEXABV?$QList@PAVQObject@@@@@Z 004214e0 f i moc_workmodels.obj
 0001:000205c0       ?setParamModel@OperationParamSelector@@QAEXABV?$QList@PAVQObject@@@@@Z 004215c0 f i moc_workmodels.obj
 0001:000206a0       ?setRevertSwitch@OperationParamObject@@QAEX_N@Z 004216a0 f i moc_workmodels.obj
 0001:000206d0       ?setStringValue@OperationParamObject@@QAEXABVQString@@@Z 004216d0 f i moc_workmodels.obj
 0001:00020710       ?setStringlistValue@OperationParamObject@@QAEXABVQStringList@@@Z 00421710 f i moc_workmodels.obj
 0001:00020790       ?setSwitchValue@OperationParamObject@@QAEXABVQString@@@Z 00421790 f i moc_workmodels.obj
 0001:000207d0       ?setTopValue@OperationParamObject@@QAEXH@Z 004217d0 f i moc_workmodels.obj
 0001:00020800       ?setUnit@OperationParamObject@@QAEXABVQString@@@Z 00421800 f i moc_workmodels.obj
 0001:00020840       ?settype@OperationParamObject@@QAEXABVQString@@@Z 00421840 f i moc_workmodels.obj
 0001:00020880       ?statusChanged@StatusViewWatcher@@QAEXABVQJsonObject@@@Z 00421880 f   moc_workmodels.obj
 0001:000208b0       ?stringListValue@OperationParamObject@@QBE?AVQStringList@@XZ 004218b0 f i moc_workmodels.obj
 0001:000208d0       ?stringValue@OperationParamObject@@QBE?AVQString@@XZ 004218d0 f i moc_workmodels.obj
 0001:000208f0       ?stringValueChanged@OperationParamObject@@QAEXXZ 004218f0 f   moc_workmodels.obj
 0001:00020910       ?stringlistValueChanged@OperationParamObject@@QAEXXZ 00421910 f   moc_workmodels.obj
 0001:00020930       ?switchValue@OperationParamObject@@QBE?AVQString@@XZ 00421930 f i moc_workmodels.obj
 0001:00020950       ?switchValueChanged@OperationParamObject@@QAEXXZ 00421950 f   moc_workmodels.obj
 0001:00020970       ?taskStateChanged@PlanController@@QAEXABVQString@@@Z 00421970 f   moc_workmodels.obj
 0001:000209a0       ?topValueChanged@OperationParamObject@@QAEXXZ 004219a0 f   moc_workmodels.obj
 0001:000209c0       ?type@OperationParamObject@@QBE?AVQString@@XZ 004219c0 f i moc_workmodels.obj
 0001:000209e0       ?typeChanged@OperationParamObject@@QAEXXZ 004219e0 f   moc_workmodels.obj
 0001:00020a00       ?unit@OperationParamObject@@QBE?AVQString@@XZ 00421a00 f i moc_workmodels.obj
 0001:00020a20       ?workLocationTypeChanged@StatusViewWatcher@@QAEXXZ 00421a20 f   moc_workmodels.obj
 0001:00020a34       _MiniDumpWriteDump@28      00421a34 f   DbgHelp:dbghelp.dll
 0001:00020a3a       ?fixup@QValidator@@UBEXAAVQString@@@Z 00421a3a f   Qt5Gui:Qt5Gui.dll
 0001:00020a40       ?metaObject@QDoubleValidator@@UBEPBUQMetaObject@@XZ 00421a40 f   Qt5Gui:Qt5Gui.dll
 0001:00020a46       ?qt_metacall@QDoubleValidator@@UAEHW4Call@QMetaObject@@HPAPAX@Z 00421a46 f   Qt5Gui:Qt5Gui.dll
 0001:00020a4c       ?qt_metacast@QDoubleValidator@@UAEPAXPBD@Z 00421a4c f   Qt5Gui:Qt5Gui.dll
 0001:00020a52       ?setRange@QDoubleValidator@@UAEXNNH@Z 00421a52 f   Qt5Gui:Qt5Gui.dll
 0001:00020a58       ?childEvent@QObject@@MAEXPAVQChildEvent@@@Z 00421a58 f   Qt5Core:Qt5Core.dll
 0001:00020a5e       ?connectNotify@QObject@@MAEXABVQMetaMethod@@@Z 00421a5e f   Qt5Core:Qt5Core.dll
 0001:00020a64       ?customEvent@QObject@@MAEXPAVQEvent@@@Z 00421a64 f   Qt5Core:Qt5Core.dll
 0001:00020a6a       ?disconnectNotify@QObject@@MAEXABVQMetaMethod@@@Z 00421a6a f   Qt5Core:Qt5Core.dll
 0001:00020a70       ?event@QObject@@UAE_NPAVQEvent@@@Z 00421a70 f   Qt5Core:Qt5Core.dll
 0001:00020a76       ?eventFilter@QObject@@UAE_NPAV1@PAVQEvent@@@Z 00421a76 f   Qt5Core:Qt5Core.dll
 0001:00020a7c       ?timerEvent@QObject@@MAEXPAVQTimerEvent@@@Z 00421a7c f   Qt5Core:Qt5Core.dll
 0001:00020a82       ?qRegisterResourceData@@YA_NHPBE00@Z 00421a82 f   Qt5Core:Qt5Core.dll
 0001:00020a88       ?qUnregisterResourceData@@YA_NHPBE00@Z 00421a88 f   Qt5Core:Qt5Core.dll
 0001:00020a8e       ??3@YAXPAXI@Z              00421a8e f   MSVCRT:delete_scalar_size.obj
 0001:00020a9c       @__security_check_cookie@4 00421a9c f   MSVCRT:_secchk_.obj
 0001:00020aad       ??_Gtype_info@@UAEPAXI@Z   00421aad f i MSVCRT:std_type_info_static.obj
 0001:00020aad       ??_Etype_info@@UAEPAXI@Z   00421aad f i MSVCRT:std_type_info_static.obj
 0001:00020ad0       ??2@YAPAXI@Z               00421ad0 f   MSVCRT:new_scalar.obj
 0001:00020bc3       ??$__crt_fast_encode_pointer@P6GHPAU_RTL_CONDITION_VARIABLE@@PAU_RTL_CRITICAL_SECTION@@K@Z@@YAP6GHPAU_RTL_CONDITION_VARIABLE@@PAU_RTL_CRITICAL_SECTION@@K@ZQ6GH01K@Z@Z 00421bc3 f i MSVCRT:thread_safe_statics.obj
[...]
 0002:000588dc       __unwindtable$?qt_metatype_id@?$QMetaTypeIdQObject@PAVStatusViewWatcher@@$07@@SAHXZ 004808dc     main.obj
 0002:000588e4       __ehfuncinfo$?qt_metatype_id@?$QMetaTypeIdQObject@PAVOperationParamObject@@$07@@SAHXZ 004808e4     main.obj
 0002:000588e4       __ehfuncinfo$?qt_metatype_id@?$QMetaTypeIdQObject@PAVWorkLocationManager@@$07@@SAHXZ 004808e4     main.obj
 0002:000588e4       __ehfuncinfo$?qt_metatype_id@?$QMetaTypeIdQObject@PAVTextFieldDoubleValidator@@$07@@SAHXZ 004808e4     main.obj
 0002:000588e4       __ehfuncinfo$?qt_metatype_id@?$QMetaTypeIdQObject@PAVPlanSelector@@$07@@SAHXZ 004808e4     main.obj
 0002:000588e4       __ehfuncinfo$?qt_metatype_id@?$QMetaTypeIdQObject@PAVPlanController@@$07@@SAHXZ 004808e4     main.obj
 0002:000588e4       __ehfuncinfo$?qt_metatype_id@?$QMetaTypeIdQObject@PAVStatusViewWatcher@@$07@@SAHXZ 004808e4     main.obj
 0002:000588e4       __ehfuncinfo$?qt_metatype_id@?$QMetaTypeIdQObject@PAVOperationParamSelector@@$07@@SAHXZ 004808e4     main.obj
 0002:00058908       __unwindtable$??_G?$QQmlElement@VStatusViewWatcher@@@QQmlPrivate@@UAEPAXI@Z 00480908     main.obj
 0002:00058908       __unwindtable$??_GPlanController@@UAEPAXI@Z 00480908     workmodels.obj
 0002:00058908       __unwindtable$??_GSingleOperationData@@QAEPAXI@Z 00480908     configfilehandler.obj
 0002:00058908       __unwindtable$??1SingleOperationData@@QAE@XZ 00480908     configfilehandler.obj
 0002:00058908       __unwindtable$??_G?$QQmlElement@VWorkLocationManager@@@QQmlPrivate@@UAEPAXI@Z 00480908     main.obj
 0002:00058908       __unwindtable$??1OperationParamData@@QAE@XZ 00480908     configfilehandler.obj
 0002:00058908       __unwindtable$??_G?$QQmlElement@VTextFieldDoubleValidator@@@QQmlPrivate@@UAEPAXI@Z 00480908     main.obj
 0002:00058908       __unwindtable$??_G?$QQmlElement@VPlanController@@@QQmlPrivate@@UAEPAXI@Z 00480908     main.obj
 0002:00058908       __unwindtable$??_G?$QQmlElement@VOperationParamObject@@@QQmlPrivate@@UAEPAXI@Z 00480908     main.obj
 0002:00058908       __unwindtable$??1?$QForeachContainer@$$CBV?$QList@VSingleOperationData@@@@@@QAE@XZ 00480908     environmentvariant.obj
 0002:00058908       __unwindtable$??_G?$QQmlElement@VOperationParamSelector@@@QQmlPrivate@@UAEPAXI@Z 00480908     main.obj
 0002:00058908       __unwindtable$??_G?$QQmlElement@VPlanSelector@@@QQmlPrivate@@UAEPAXI@Z 00480908     main.obj
 0002:00058910       __ehfuncinfo$??_G?$QQmlElement@VPlanSelector@@@QQmlPrivate@@UAEPAXI@Z 00480910     main.obj
 0002:00058910       __ehfuncinfo$??_G?$QQmlElement@VStatusViewWatcher@@@QQmlPrivate@@UAEPAXI@Z 00480910     main.obj
 0002:00058910       __ehfuncinfo$??_G?$QQmlElement@VOperationParamSelector@@@QQmlPrivate@@UAEPAXI@Z 00480910     main.obj
 0002:00058910       __ehfuncinfo$??_G?$QQmlElement@VPlanController@@@QQmlPrivate@@UAEPAXI@Z 00480910     main.obj
 0002:00058910       __ehfuncinfo$??_G?$QQmlElement@VOperationParamObject@@@QQmlPrivate@@UAEPAXI@Z 00480910     main.obj
 0002:00058910       __ehfuncinfo$??1?$QForeachContainer@$$CBV?$QList@VSingleOperationData@@@@@@QAE@XZ 00480910     environmentvariant.obj
 0002:00058910       __ehfuncinfo$??_G?$QQmlElement@VWorkLocationManager@@@QQmlPrivate@@UAEPAXI@Z 00480910     main.obj
 0002:00058910       __ehfuncinfo$??1OperationParamData@@QAE@XZ 00480910     configfilehandler.obj
 0002:00058910       __ehfuncinfo$??1SingleOperationData@@QAE@XZ 00480910     configfilehandler.obj
 0002:00058910       __ehfuncinfo$??_GPlanController@@UAEPAXI@Z 00480910     workmodels.obj
 0002:00058910       __ehfuncinfo$??_GSingleOperationData@@QAEPAXI@Z 00480910     configfilehandler.obj
 0002:00058910       __ehfuncinfo$??_G?$QQmlElement@VTextFieldDoubleValidator@@@QQmlPrivate@@UAEPAXI@Z 00480910     main.obj
 0002:00058968       __catchsym$??0?$QList@H@@QAE@ABV0@@Z$7 00480968     configfilehandler.obj
 0002:00058968       __catchsym$??0?$QList@PAVQObject@@@@QAE@ABV0@@Z$7 00480968     workmodels.obj
 0002:00058978       __unwindtable$??0?$QList@PAVQObject@@@@QAE@ABV0@@Z 00480978     workmodels.obj
 0002:00058978       __unwindtable$??0?$QList@H@@QAE@ABV0@@Z 00480978     configfilehandler.obj
 0002:00058988       __tryblocktable$??0?$QList@PAVQObject@@@@QAE@ABV0@@Z 00480988     workmodels.obj
 0002:00058988       __tryblocktable$??0?$QList@H@@QAE@ABV0@@Z 00480988     configfilehandler.obj
 0002:0005899c       __ehfuncinfo$??0?$QList@PAVQObject@@@@QAE@ABV0@@Z 0048099c     workmodels.obj
 0002:0005899c       __ehfuncinfo$??0?$QList@H@@QAE@ABV0@@Z 0048099c     configfilehandler.obj
 0002:000589c0       __catchsym$?append@?$QList@PAVQObject@@@@QAEXABQAVQObject@@@Z$9 004809c0     workmodels.obj
 0002:000589c0       __catchsym$?append@?$QList@H@@QAEXABH@Z$9 004809c0     configfilehandler.obj
 0002:000589d0       __tryblocktable$?append@?$QList@H@@QAEXABH@Z 004809d0     configfilehandler.obj
 0002:000589d0       __tryblocktable$?append@?$QList@PAVQObject@@@@QAEXABQAVQObject@@@Z 004809d0     workmodels.obj
 0002:000589e4       __ehfuncinfo$?append@?$QList@H@@QAEXABH@Z 004809e4     configfilehandler.obj
 0002:000589e4       __ehfuncinfo$?append@?$QList@PAVQObject@@@@QAEXABQAVQObject@@@Z 004809e4     workmodels.obj
 0002:00058a08       __unwindtable$?append@?$QList@H@@QAEXABH@Z 00480a08     configfilehandler.obj
 0002:00058a08       __unwindtable$?append@?$QList@PAVQObject@@@@QAEXABQAVQObject@@@Z 00480a08     workmodels.obj
 0002:00058a38       __ehfuncinfo$?setSelectedOperation@OperationParamSelector@@QAEXH@Z 00480a38     workmodels.obj
 0002:00058a5c       __unwindtable$?setSelectedOperation@OperationParamSelector@@QAEXH@Z 00480a5c     workmodels.obj
 0002:00058ac4       __unwindtable$?getSwitch@OperationParamSelector@@QAEPAVQObject@@ABVQString@@@Z 00480ac4     workmodels.obj
 0002:00058ac4       __unwindtable$?getSwitch@PlanSelector@@QAEPAVQObject@@ABVQString@@@Z 00480ac4     workmodels.obj
 0002:00058adc       __ehfuncinfo$?getSwitch@PlanSelector@@QAEPAVQObject@@ABVQString@@@Z 00480adc     workmodels.obj
 0002:00058adc       __ehfuncinfo$?getSwitch@OperationParamSelector@@QAEPAVQObject@@ABVQString@@@Z 00480adc     workmodels.obj
 0002:00058b00       __ehfuncinfo$?onCompleteSingleOperation@OperationParamSelector@@QAEXXZ 00480b00     workmodels.obj
 0002:00058b24       __unwindtable$?onCompleteSingleOperation@OperationParamSelector@@QAEXXZ 00480b24     workmodels.obj
 0002:00058b64       __unwindtable$??0PlanSelector@@QAE@PAVQObject@@@Z 00480b64     workmodels.obj
 0002:00058b84       __ehfuncinfo$??0PlanSelector@@QAE@PAVQObject@@@Z 00480b84     workmodels.obj
 0002:00058ba8       __unwindtable$??1PlanSelector@@UAE@XZ 00480ba8     workmodels.obj
 0002:00058bb8       __ehfuncinfo$??1PlanSelector@@UAE@XZ 00480bb8     workmodels.obj
 0002:00058bdc       __ehfuncinfo$?setSelectedStep@PlanSelector@@QAEXHH@Z 00480bdc     workmodels.obj
 0002:00058c00       __unwindtable$?setSelectedStep@PlanSelector@@QAEXHH@Z 00480c00     workmodels.obj
 0002:00058c68       __ehfuncinfo$?setSelectedOperation@PlanSelector@@QAEXHHH@Z 00480c68     workmodels.obj
 0002:00058c8c       __unwindtable$?setSelectedOperation@PlanSelector@@QAEXHHH@Z 00480c8c     workmodels.obj
 0002:00058d14       __unwindtable$??_GStatusViewWatcher@@UAEPAXI@Z 00480d14     workmodels.obj
 0002:00058d1c       __ehfuncinfo$??_GStatusViewWatcher@@UAEPAXI@Z 00480d1c     workmodels.obj
 0002:00058d40       __unwindtable$?onMachineConfigChanged@TargetMachineObject@@QAE_NXZ 00480d40     workmodels.obj
 0002:00058d48       __ehfuncinfo$?onMachineConfigChanged@TargetMachineObject@@QAE_NXZ 00480d48     workmodels.obj
 0002:00058d6c       __unwindtable$?readConfigFIle@ConfigFileConverter@@QAE?AVQString@@ABVQUrl@@@Z 00480d6c     workmodels.obj
 0002:00058d8c       __ehfuncinfo$?readConfigFIle@ConfigFileConverter@@QAE?AVQString@@ABVQUrl@@@Z 00480d8c     workmodels.obj
 0002:00058db0       __ehfuncinfo$?doCheck@SubThreadCheckWorker@@QAEXABVQJsonObject@@@Z 00480db0     workflowChecker.obj
 0002:00058dd4       __unwindtable$?doCheck@SubThreadCheckWorker@@QAEXABVQJsonObject@@@Z 00480dd4     workflowChecker.obj
 0002:00058edc       __ehfuncinfo$?configChecker@SubThreadCheckWorker@@QAEXABVQJsonArray@@@Z 00480edc     workflowChecker.obj
 0002:00058f00       __unwindtable$?configChecker@SubThreadCheckWorker@@QAEXABVQJsonArray@@@Z 00480f00     workflowChecker.obj
 0002:00058f88       __ehfuncinfo$?CheckBoardConstraint@SubThreadCheckWorker@@IAE_NABVQJsonObject@@@Z 00480f88     workflowChecker.obj
 0002:00058fac       __unwindtable$?CheckBoardConstraint@SubThreadCheckWorker@@IAE_NABVQJsonObject@@@Z 00480fac     workflowChecker.obj
 0002:0005905c       __ehfuncinfo$?CheckParamConstraint@SubThreadCheckWorker@@IAE_NABVQJsonObject@@@Z 0048105c     workflowChecker.obj
 0002:00059080       __unwindtable$?CheckParamConstraint@SubThreadCheckWorker@@IAE_NABVQJsonObject@@@Z 00481080     workflowChecker.obj
 0002:000591e8       __ehfuncinfo$?isFilteredCommand@SubThreadCheckWorker@@IAE_NABVQJsonObject@@@Z 004811e8     workflowChecker.obj
 0002:0005920c       __unwindtable$?isFilteredCommand@SubThreadCheckWorker@@IAE_NABVQJsonObject@@@Z 0048120c     workflowChecker.obj
 0002:000592ac       __ehfuncinfo$??0WorkflowCheckerController@@QAE@PAVQObject@@@Z 004812ac     workflowChecker.obj
 0002:000592d0       __unwindtable$??0WorkflowCheckerController@@QAE@PAVQObject@@@Z 004812d0     workflowChecker.obj
 0002:00059300       __unwindtable$?statusChanged@WorkflowCheckerController@@QAEXABVQJsonObject@@@Z 00481300     workflowChecker.obj
 0002:00059300       __unwindtable$?statusChanged@WorkflowController@@QAEXABVQJsonObject@@@Z 00481300     workflowprotocol.obj
 0002:00059310       __ehfuncinfo$?statusChanged@WorkflowCheckerController@@QAEXABVQJsonObject@@@Z 00481310     workflowChecker.obj
 0002:00059310       __ehfuncinfo$?statusChanged@WorkflowController@@QAEXABVQJsonObject@@@Z 00481310     workflowprotocol.obj
 0002:00059334       __unwindtable$??1SubThreadWorker@@UAE@XZ 00481334     workflowprotocol.obj
 0002:00059334       __unwindtable$??4?$QList@VSinglePlanData@@@@QAEAAV0@$$QAV0@@Z 00481334     configfilehandler.obj
 0002:00059334       __unwindtable$??4?$QList@PAVQObject@@@@QAEAAV0@$$QAV0@@Z 00481334     workmodels.obj
 0002:00059334       __unwindtable$??1SinglePlanData@@QAE@XZ 00481334     configfilehandler.obj
 0002:00059334       __unwindtable$??4?$QList@H@@QAEAAV0@$$QAV0@@Z 00481334     configfilehandler.obj
 0002:00059334       __unwindtable$??_GSinglePlanData@@QAEPAXI@Z 00481334     configfilehandler.obj
 0002:00059334       __unwindtable$??_GWorkflowCheckerController@@UAEPAXI@Z 00481334     workflowChecker.obj
 0002:00059334       __unwindtable$??4SingleOperationData@@QAEAAV0@$$QAV0@@Z 00481334     environmentvariant.obj
 0002:00059334       __unwindtable$??_GWorkflowController@@UAEPAXI@Z 00481334     workflowprotocol.obj
 0002:0005933c       __ehfuncinfo$??4?$QList@VSinglePlanData@@@@QAEAAV0@$$QAV0@@Z 0048133c     configfilehandler.obj
 0002:0005933c       __ehfuncinfo$??4?$QList@H@@QAEAAV0@$$QAV0@@Z 0048133c     configfilehandler.obj
 0002:0005933c       __ehfuncinfo$??1SinglePlanData@@QAE@XZ 0048133c     configfilehandler.obj
 0002:0005933c       __ehfuncinfo$??_GWorkflowCheckerController@@UAEPAXI@Z 0048133c     workflowChecker.obj
 0002:0005933c       __ehfuncinfo$??4?$QList@PAVQObject@@@@QAEAAV0@$$QAV0@@Z 0048133c     workmodels.obj
 0002:0005933c       __ehfuncinfo$??1SubThreadWorker@@UAE@XZ 0048133c     workflowprotocol.obj
 0002:0005933c       __ehfuncinfo$??_GSinglePlanData@@QAEPAXI@Z 0048133c     configfilehandler.obj
 0002:0005933c       __ehfuncinfo$??_GWorkflowController@@UAEPAXI@Z 0048133c     workflowprotocol.obj
 0002:0005933c       __ehfuncinfo$??4SingleOperationData@@QAEAAV0@$$QAV0@@Z 0048133c     environmentvariant.obj
 0002:00059360       __unwindtable$??__Ff@?4??registerConverter@?$ValueTypeIsMetaType@V?$QList@H@@$00@QtPrivate@@SA_NH@Z@YAXXZ 00481360     moc_workmodels.obj
 0002:00059360       __unwindtable$??__Ff@?4??registerConverter@?$ValueTypeIsMetaType@V?$QList@PAVQObject@@@@$00@QtPrivate@@SA_NH@Z@YAXXZ 00481360     moc_workmodels.obj
 0002:00059360       __unwindtable$?Destruct@?$QMetaTypeFunctionHelper@V?$QList@PAVQObject@@@@$00@QtMetaTypePrivate@@SAXPAX@Z 00481360     moc_workmodels.obj
 0002:00059360       __unwindtable$?Destruct@?$QMetaTypeFunctionHelper@V?$QList@H@@$00@QtMetaTypePrivate@@SAXPAX@Z 00481360     moc_workmodels.obj
 0002:00059360       __unwindtable$??__Fdummy@?A0x60b45615@@YAXXZ 00481360     qrc_qml.obj
 0002:00059368       __ehfuncinfo$??__Fdummy@?A0x60b45615@@YAXXZ 00481368     qrc_qml.obj
 0002:00059368       __ehfuncinfo$??__Ff@?4??registerConverter@?$ValueTypeIsMetaType@V?$QList@H@@$00@QtPrivate@@SA_NH@Z@YAXXZ 00481368     moc_workmodels.obj
 0002:00059368       __ehfuncinfo$??__Ff@?4??registerConverter@?$ValueTypeIsMetaType@V?$QList@PAVQObject@@@@$00@QtPrivate@@SA_NH@Z@YAXXZ 00481368     moc_workmodels.obj
 0002:00059368       __ehfuncinfo$?Destruct@?$QMetaTypeFunctionHelper@V?$QList@H@@$00@QtMetaTypePrivate@@SAXPAX@Z 00481368     moc_workmodels.obj
 0002:00059368       __ehfuncinfo$?Destruct@?$QMetaTypeFunctionHelper@V?$QList@PAVQObject@@@@$00@QtMetaTypePrivate@@SAXPAX@Z 00481368     moc_workmodels.obj
 0002:0005938c       __unwindtable$?qt_metatype_id@?$QMetaTypeId@VQSequentialIterableImpl@QtMetaTypePrivate@@@@SAHXZ 0048138c     moc_workmodels.obj
 0002:0005938c       __unwindtable$?qt_metatype_id@?$QMetaTypeId@V?$QList@PAVQObject@@@@@@SAHXZ 0048138c     moc_workmodels.obj
 0002:00059394       __ehfuncinfo$?qt_metatype_id@?$QMetaTypeId@VQSequentialIterableImpl@QtMetaTypePrivate@@@@SAHXZ 00481394     moc_workmodels.obj
 0002:00059394       __ehfuncinfo$?qt_metatype_id@?$QMetaTypeId@V?$QList@PAVQObject@@@@@@SAHXZ 00481394     moc_workmodels.obj
 0002:000593b8       __unwindtable$?qt_static_metacall@OperationParamSelector@@CAXPAVQObject@@W4Call@QMetaObject@@HPAPAX@Z 004813b8     moc_workmodels.obj
 0002:000593c0       __ehfuncinfo$?qt_static_metacall@OperationParamSelector@@CAXPAVQObject@@W4Call@QMetaObject@@HPAPAX@Z 004813c0     moc_workmodels.obj
 0002:000593e4       __unwindtable$?qt_static_metacall@PlanSelector@@CAXPAVQObject@@W4Call@QMetaObject@@HPAPAX@Z 004813e4     moc_workmodels.obj
 0002:00059404       __ehfuncinfo$?qt_static_metacall@PlanSelector@@CAXPAVQObject@@W4Call@QMetaObject@@HPAPAX@Z 00481404     moc_workmodels.obj
 0002:00059428       __unwindtable$?qt_static_metacall@WorkLocationManager@@CAXPAVQObject@@W4Call@QMetaObject@@HPAPAX@Z 00481428     moc_workmodels.obj
 0002:00059438       __ehfuncinfo$?qt_static_metacall@WorkLocationManager@@CAXPAVQObject@@W4Call@QMetaObject@@HPAPAX@Z 00481438     moc_workmodels.obj
 0002:0005945c       __unwindtable$?Construct@?$QMetaTypeFunctionHelper@V?$QList@PAVQObject@@@@$00@QtMetaTypePrivate@@SAPAXPAXPBX@Z 0048145c     moc_workmodels.obj
 0002:0005945c       __unwindtable$?Construct@?$QMetaTypeFunctionHelper@V?$QList@H@@$00@QtMetaTypePrivate@@SAPAXPAXPBX@Z 0048145c     moc_workmodels.obj
 0002:00059464       __ehfuncinfo$?Construct@?$QMetaTypeFunctionHelper@V?$QList@PAVQObject@@@@$00@QtMetaTypePrivate@@SAPAXPAXPBX@Z 00481464     moc_workmodels.obj
 0002:00059464       __ehfuncinfo$?Construct@?$QMetaTypeFunctionHelper@V?$QList@H@@$00@QtMetaTypePrivate@@SAPAXPAXPBX@Z 00481464     moc_workmodels.obj
 0002:00059488       __unwindtable$?qt_metatype_id@?$QMetaTypeId@V?$QList@H@@@@SAHXZ 00481488     moc_workmodels.obj
 0002:00059490       __ehfuncinfo$?qt_metatype_id@?$QMetaTypeId@V?$QList@H@@@@SAHXZ 00481490     moc_workmodels.obj
 0002:000594b8       __sehtable$___scrt_is_nonwritable_in_current_image 004814b8     MSVCRT:utility.obj
 0002:000594d8       __sehtable$?__scrt_common_main_seh@@YAHXZ 004814d8     MSVCRT:exe_winmain.obj
 0002:00059ccc       .idata$6                   00481ccc     DbgHelp:dbghelp.dll
 0002:00059dd0       .idata$6                   00481dd0     Qt5Quick:Qt5Quick.dll
 0002:0005a128       .idata$6                   00482128     Qt5Gui:Qt5Gui.dll
 0002:0005a284       .idata$6                   00482284     Qt5Qml:Qt5Qml.dll
 0002:0005a412       .idata$6                   00482412     Qt5Network:Qt5Network.dll
 0002:0005c952       .idata$6                   00484952     Qt5Core:Qt5Core.dll
 0002:0005cb9e       .idata$6                   00484b9e     kernel32:KERNEL32.dll
 0002:0005cbe2       .idata$6                   00484be2     ole32:ole32.dll
 0002:0005cbec       .idata$6                   00484bec     oleaut32:OLEAUT32.dll
 0002:0005ccd0       .idata$6                   00484cd0     vcruntime:VCRUNTIME140.dll
 0002:0005ced6       .idata$6                   00484ed6     ucrt:api-ms-win-crt-runtime-l1-1-0.dll
 0002:0005cef8       .idata$6                   00484ef8     ucrt:api-ms-win-crt-heap-l1-1-0.dll
 0002:0005cf18       .idata$6                   00484f18     ucrt:api-ms-win-crt-math-l1-1-0.dll
 0002:0005cf38       .idata$6                   00484f38     ucrt:api-ms-win-crt-stdio-l1-1-0.dll
 0002:0005cf58       .idata$6                   00484f58     ucrt:api-ms-win-crt-locale-l1-1-0.dll
 0002:0005cf90       .idata$6                   00484f90     shell32:SHELL32.dll
 0003:00000820       ?_Tss_mutex@@3U_RTL_CRITICAL_SECTION@@A 00485820     MSVCRT:thread_safe_statics.obj
 0003:00000838       ?_Tss_cv@@3U_RTL_CONDITION_VARIABLE@@A 00485838     MSVCRT:thread_safe_statics.obj
 0003:0000083c       ?_Tss_event@@3PAXA         0048583c     MSVCRT:thread_safe_statics.obj
 0003:00000840       ?encoded_sleep_condition_variable_cs@@3P6GHPAU_RTL_CONDITION_VARIABLE@@PAU_RTL_CRITICAL_SECTION@@K@ZA 00485840     MSVCRT:thread_safe_statics.obj
 0003:00000844       ?encoded_wake_all_condition_variable@@3P6GXPAU_RTL_CONDITION_VARIABLE@@@ZA 00485844     MSVCRT:thread_safe_statics.obj
 0003:00000854       ?module_local_atexit_table@@3U_onexit_table_t@@A 00485854     MSVCRT:utility.obj
 0003:00000860       ?module_local_at_quick_exit_table@@3U_onexit_table_t@@A 00485860     MSVCRT:utility.obj
 0003:0000086c       ?is_initialized_as_dll@@3_NA 0048586c     MSVCRT:utility.obj
 0003:00000870       _GS_ExceptionRecord        00485870     MSVCRT:gs_report.obj
 0003:000008c0       _GS_ContextRecord          004858c0     MSVCRT:gs_report.obj
 0004:00000000       __guard_fids__             00486000     MSVCRT:std_type_info_static.obj
 0004:00000004       __guard_fids__             00486004     MSVCRT:thread_safe_statics.obj
 0004:00000008       __guard_fids_?__scrt_initialize_thread_safe_statics@@YAHXZ 00486008     MSVCRT:thread_safe_statics.obj
 0004:0000000c       __guard_fids__             0048600c     MSVCRT:exe_winmain.obj
 0004:00000010       __guard_fids__             00486010     MSVCRT:exe_winmain.obj
 0004:00000014       __guard_fids__             00486014     MSVCRT:exe_winmain.obj
 0004:00000018       __guard_fids_?pre_c_initialization@@YAHXZ 00486018     MSVCRT:exe_winmain.obj
 0004:00000020       __guard_fids__             00486020     MSVCRT:throw_bad_alloc.obj
 0004:00000028       __guard_fids__             00486028     MSVCRT:throw_bad_alloc.obj
 0004:00000030       __guard_fids__             00486030     MSVCRT:throw_bad_alloc.obj
 0004:00000038       __guard_fids__             00486038     MSVCRT:throw_bad_alloc.obj
 0004:0000003c       __guard_fids__             0048603c     MSVCRT:throw_bad_alloc.obj
 0004:00000040       __guard_fids__             00486040     MSVCRT:throw_bad_alloc.obj
 0004:00000044       __guard_fids__             00486044     MSVCRT:throw_bad_alloc.obj
 0004:00000048       __guard_fids__             00486048     MSVCRT:throw_bad_alloc.obj
 0004:0000004c       __guard_fids____scrt_set_unhandled_exception_filter 0048604c     MSVCRT:utility_desktop.obj
 0004:00000050       __guard_fids___except_handler4 00486050     MSVCRT:_chandler4gs_.obj
 0004:00000054       __guard_fids__             00486054     MSVCRT:guard_support.obj
 0006:00000060       $R000000                   00488060     * linker generated manifest res *
