 MindGoTool_AllInOne

 Timestamp is 599c510d (Tue Aug 22 23:43:09 2017)

 Preferred load address is 00400000

 Start         Length     Name                   Class
 0001:00000000 00000130H .text$di                CODE
 0001:00000130 0001e720H .text$mn                CODE
 0001:0001e850 00003cf0H .text$x                 CODE
 0001:00022540 000000fdH .text$yd                CODE
 0002:00000000 0000057cH .idata$5                DATA
 0002:0000057c 00000004H .00cfg                  DATA
 0002:00000580 00000004H .CRT$XCA                DATA
 0002:00000584 00000004H .CRT$XCAA               DATA
 0002:00000588 00000044H .CRT$XCU                DATA
 0002:000005cc 00000004H .CRT$XCZ                DATA
 0002:000005d0 00000004H .CRT$XIA                DATA
 0002:000005d4 00000004H .CRT$XIAA               DATA
 0002:000005d8 00000004H .CRT$XIAC               DATA
 0002:000005dc 00000004H .CRT$XIC                DATA
 0002:000005e0 00000004H .CRT$XIZ                DATA
 0002:000005e4 00000004H .CRT$XLA                DATA
 0002:000005e8 00000004H .CRT$XLZ                DATA
 0002:000005ec 00000004H .CRT$XPA                DATA
 0002:000005f0 00000004H .CRT$XPZ                DATA
 0002:000005f4 00000004H .CRT$XTA                DATA
 0002:000005f8 00000008H .CRT$XTZ                DATA
 0002:00000600 0004f4e4H .rdata                  DATA
 0002:0004fae4 00000018H .rdata$T                DATA
 0002:0004fafc 00000a84H .rdata$r                DATA
 0002:00050580 00000258H .rdata$sxdata           DATA
 0002:000507d8 000003ccH .rdata$zzzdbg           DATA
 0002:00050ba4 00000004H .rtc$IAA                DATA
 0002:00050ba8 00000004H .rtc$IZZ                DATA
 0002:00050bac 00000004H .rtc$TAA                DATA
 0002:00050bb0 00000008H .rtc$TZZ                DATA
 0002:00050bb8 000045f4H .xdata$x                DATA
 0002:000551ac 00000000H .edata                  DATA
 0002:000551ac 00000118H .idata$2                DATA
 0002:000552c4 00000014H .idata$3                DATA
 0002:000552d8 0000057cH .idata$4                DATA
 0002:00055854 00002fdcH .idata$6                DATA
 0003:00000000 000001a8H .data                   DATA
 0003:000001a8 00000588H .data$r                 DATA
 0003:00000730 00000428H .bss                    DATA
 0004:00000000 00000004H .tls                    DATA
 0004:00000004 00000004H .tls$                   DATA
 0004:00000008 00000001H .tls$ZZZ                DATA
 0005:00000000 00000058H .gfids$y                DATA
 0006:00000000 00000060H .rsrc$01                DATA
 0006:00000060 00000290H .rsrc$02                DATA

  Address         Publics by Value              Rva+Base       Lib:Object

 0000:00000000       ___guard_iat_table         00000000     <absolute>
 0000:00000000       ___guard_longjmp_count     00000000     <absolute>
 0000:00000000       ___guard_longjmp_table     00000000     <absolute>
 0000:00000000       ___guard_fids_table        00000000     <absolute>
 0000:00000000       ___guard_iat_count         00000000     <absolute>
 0000:00000000       ___guard_fids_count        00000000     <absolute>
 0000:00000000       ___dynamic_value_reloc_table 00000000     <absolute>
 0000:0000002c       __tls_array                0000002c     <absolute>
 0000:00000096       ___safe_se_handler_count   00000096     <absolute>
 0000:00000100       ___guard_flags             00000100     <absolute>
 0000:00000000       ___ImageBase               00400000     <linker-defined>
 0001:00000130       ??0Communication@@QAE@XZ   00401130 f   communication.obj
 0001:00000150       ?connectToServer@Communication@@QAE_NABVQString@@G@Z 00401150 f   communication.obj
 0001:00000270       ?disconnect@Communication@@QAEXXZ 00401270 f   communication.obj
 0001:00000290       ?readData@Communication@@QAE?AVQByteArray@@H@Z 00401290 f   communication.obj
 0001:00000310       ?write@Communication@@QAE_JABVQByteArray@@@Z 00401310 f   communication.obj
 0001:00000360       ??$connect@P8QThread@@AEXUQPrivateSignal@1@@ZP8QObject@@AEXXZ@QObject@@SA?AVConnection@QMetaObject@@PBVQThread@@P83@AEXUQPrivateSignal@3@@ZPBV0@P80@AEXXZW4ConnectionType@Qt@@@Z 00401360 f i workflowprotocol.obj
 0001:000003c0       ??$connect@P8SubThreadWorker@@AEXABVQJsonObject@@@ZP8WorkflowController@@AEX0@Z@QObject@@SA?AVConnection@QMetaObject@@PBVSubThreadWorker@@P83@AEXABVQJsonObject@@@ZPBVWorkflowController@@P85@AEX1@ZW4ConnectionType@Qt@@@Z 004013c0 f i workflowprotocol.obj
 0001:00000430       ??$connect@P8SubThreadWorker@@AEXABVQString@@H@ZP8WorkflowController@@AEX0H@Z@QObject@@SA?AVConnection@QMetaObject@@PBVSubThreadWorker@@P83@AEXABVQString@@H@ZPBVWorkflowController@@P85@AEX1H@ZW4ConnectionType@Qt@@@Z 00401430 f i workflowprotocol.obj
 0001:000004a0       ??$connect@P8WorkflowController@@AEXABVQJsonObject@@@ZP8SubThreadWorker@@AEX0@Z@QObject@@SA?AVConnection@QMetaObject@@PBVWorkflowController@@P83@AEXABVQJsonObject@@@ZPBVSubThreadWorker@@P85@AEX1@ZW4ConnectionType@Qt@@@Z 004014a0 f i workflowprotocol.obj
 0001:00000510       ??$connect@P8WorkflowController@@AEXABVQString@@@ZP8SubThreadWorker@@AEX0@Z@QObject@@SA?AVConnection@QMetaObject@@PBVWorkflowController@@P83@AEXABVQString@@@ZPBVSubThreadWorker@@P85@AEX1@ZW4ConnectionType@Qt@@@Z 00401510 f i workflowprotocol.obj
 0001:00000580       ??$connect@P8WorkflowController@@AEXABVQString@@G@ZP8SubThreadWorker@@AEX0G@Z@QObject@@SA?AVConnection@QMetaObject@@PBVWorkflowController@@P83@AEXABVQString@@G@ZPBVSubThreadWorker@@P85@AEX1G@ZW4ConnectionType@Qt@@@Z 00401580 f i workflowprotocol.obj
 0001:000005f0       ??$connect@P8WorkflowController@@AEXXZP8SubThreadWorker@@AEXXZ@QObject@@SA?AVConnection@QMetaObject@@PBVWorkflowController@@P83@AEXXZPBVSubThreadWorker@@P84@AEXXZW4ConnectionType@Qt@@@Z 004015f0 f i workflowprotocol.obj
 0001:00000650       ??$formatWord@E@WorkflowProtocol@@IAE?AVQByteArray@@E@Z 00401650 f i workflowprotocol.obj
 0001:00000680       ??$formatWord@G@WorkflowProtocol@@IAE?AVQByteArray@@G@Z 00401680 f i workflowprotocol.obj
 0001:000006b0       ??0?$QList@VQString@@@@QAE@ABV0@@Z 004016b0 f i workflowprotocol.obj
 0001:00000760       ??0WorkflowController@@QAE@PAVQObject@@@Z 00401760 f   workflowprotocol.obj
 0001:000009a0       ??1?$QList@VQString@@@@QAE@XZ 004019a0 f i workflowprotocol.obj
 0001:00000a30       ??1Communication@@QAE@XZ   00401a30 f i workflowprotocol.obj
 0001:00000a40       ??1QStringList@@QAE@XZ     00401a40 f i workflowprotocol.obj
 0001:00000a40       ??1?$QForeachContainer@VQStringList@@@@QAE@XZ 00401a40 f i workflowprotocol.obj
 0001:00000a40       ??1?$QForeachContainer@$$CBVQStringList@@@@QAE@XZ 00401a40 f i environmentvariant.obj
 0001:00000a50       ??1SubThreadWorker@@UAE@XZ 00401a50 f   workflowprotocol.obj
 0001:00000b00       ??1WorkflowController@@UAE@XZ 00401b00 f   workflowprotocol.obj
 0001:00000b70       ??4?$QList@UloopControl@SubThreadWorker@@@@QAEAAV0@$$QAV0@@Z 00401b70 f i workflowprotocol.obj
 0001:00000c20       ??_GRunningStateChangeEvent@@UAEPAXI@Z 00401c20 f i workflowprotocol.obj
 0001:00000c20       ??_ERunningStateChangeEvent@@UAEPAXI@Z 00401c20 f i workflowprotocol.obj
 0001:00000c50       ??_GCheckStateChangeEvent@@UAEPAXI@Z 00401c50 f i workflowChecker.obj
 0001:00000c50       ??_GStatusChangeEvent@@UAEPAXI@Z 00401c50 f i workflowprotocol.obj
 0001:00000c50       ??_EStatusChangeEvent@@UAEPAXI@Z 00401c50 f i workflowprotocol.obj
 0001:00000c50       ??_ECheckStateChangeEvent@@UAEPAXI@Z 00401c50 f i workflowChecker.obj
 0001:00000c80       ??_GSubThreadWorker@@UAEPAXI@Z 00401c80 f i workflowprotocol.obj
 0001:00000c80       ??_ESubThreadWorker@@UAEPAXI@Z 00401c80 f i workflowprotocol.obj
 0001:00000ca0       ??_GWorkflowController@@UAEPAXI@Z 00401ca0 f i workflowprotocol.obj
 0001:00000ca0       ??_EWorkflowController@@UAEPAXI@Z 00401ca0 f i workflowprotocol.obj
 0001:00000d30       ?append@?$QList@UloopControl@SubThreadWorker@@@@QAEXABUloopControl@SubThreadWorker@@@Z 00401d30 f i workflowprotocol.obj
 0001:00000de0       ?append@?$QList@VQString@@@@QAEXABVQString@@@Z 00401de0 f i workflowprotocol.obj
 0001:00000e90       ?changeHost@SubThreadWorker@@QAEXABVQString@@G@Z 00401e90 f   workflowprotocol.obj
 0001:00000eb0       ?clear@?$QList@UloopControl@SubThreadWorker@@@@QAEXXZ 00401eb0 f i workflowprotocol.obj
 0001:00000f50       ?configProtocol@SubThreadWorker@@QAEXABVQString@@@Z 00401f50 f   workflowprotocol.obj
 0001:00000f60       ?dealloc@?$QList@UloopControl@SubThreadWorker@@@@AAEXPAUData@QListData@@@Z 00401f60 f i workflowprotocol.obj
 0001:00000fb0       ?detach_helper@?$QList@UloopControl@SubThreadWorker@@@@AAEXH@Z 00401fb0 f i workflowprotocol.obj
 0001:00001080       ?detach_helper_grow@?$QList@UloopControl@SubThreadWorker@@@@AAEPAUNode@1@HH@Z 00402080 f i workflowprotocol.obj
 0001:000011d0       ?detach_helper_grow@?$QList@VQString@@@@AAEPAUNode@1@HH@Z 004021d0 f i workflowprotocol.obj
 0001:00001350       ?doTunning@SubThreadWorker@@QAEXABVQJsonObject@@@Z 00402350 f   workflowprotocol.obj
 0001:00001490       ?doWork@SubThreadWorker@@QAEXABVQJsonObject@@@Z 00402490 f   workflowprotocol.obj
 0001:00001810       ?erase@?$QList@UloopControl@SubThreadWorker@@@@QAE?AViterator@1@V21@@Z 00402810 f i workflowprotocol.obj
 0001:00001890       ?formatRecvFrameToJsonObject@WorkflowProtocol@@QAE_NAAVQJsonObject@@@Z 00402890 f   workflowprotocol.obj
 0001:00001930       ?handleControlCommand@SubThreadWorker@@IAE_NAAVCommunication@@AAVQJsonObject@@@Z 00402930 f   workflowprotocol.obj
 0001:00002430       ?handleLogicalCommand@SubThreadWorker@@IAE_NAAVQJsonObject@@AAH@Z 00403430 f   workflowprotocol.obj
 0001:00002d00       ?handleLoopCommand@SubThreadWorker@@IAE_NAAVQJsonObject@@AAH@Z 00403d00 f   workflowprotocol.obj
 0001:000034f0       ?impl@?$QSlotObject@P8SubThreadWorker@@AEXXZU?$List@$$V@QtPrivate@@X@QtPrivate@@CAXHPAVQSlotObjectBase@2@PAVQObject@@PAPAXPA_N@Z 004044f0 f i workflowprotocol.obj
 0001:000034f0       ?impl@?$QSlotObject@P8QObject@@AEXXZU?$List@$$V@QtPrivate@@X@QtPrivate@@CAXHPAVQSlotObjectBase@2@PAVQObject@@PAPAXPA_N@Z 004044f0 f i workflowprotocol.obj
 0001:000034f0       ?impl@?$QSlotObject@P8StatusViewWatcher@@AEXXZU?$List@$$V@QtPrivate@@X@QtPrivate@@CAXHPAVQSlotObjectBase@2@PAVQObject@@PAPAXPA_N@Z 004044f0 f i workmodels.obj
 0001:000034f0       ?impl@?$QSlotObject@P8SubThreadCheckWorker@@AEXXZU?$List@$$V@QtPrivate@@X@QtPrivate@@CAXHPAVQSlotObjectBase@2@PAVQObject@@PAPAXPA_N@Z 004044f0 f i workflowChecker.obj
 0001:00003540       ?impl@?$QSlotObject@P8SubThreadWorker@@AEXABVQString@@G@ZU?$List@ABVQString@@G@QtPrivate@@X@QtPrivate@@CAXHPAVQSlotObjectBase@2@PAVQObject@@PAPAXPA_N@Z 00404540 f i workflowprotocol.obj
 0001:000035a0       ?impl@?$QSlotObject@P8WorkflowController@@AEXABVQString@@H@ZU?$List@ABVQString@@H@QtPrivate@@X@QtPrivate@@CAXHPAVQSlotObjectBase@2@PAVQObject@@PAPAXPA_N@Z 004045a0 f i workflowprotocol.obj
 0001:00003600       ?init@WorkflowController@@QAEXABVQString@@@Z 00404600 f   workflowprotocol.obj
 0001:00003610       ?initProtocol@WorkflowProtocol@@QAE_NABVQString@@@Z 00404610 f   workflowprotocol.obj
 0001:00003760       ?isLogicalCommand@SubThreadWorker@@IAE_NABVQString@@@Z 00404760 f   workflowprotocol.obj
 0001:00003980       ?isLoopCommand@SubThreadWorker@@IAE_NABVQString@@@Z 00404980 f   workflowprotocol.obj
 0001:00003bd0       ?node_copy@?$QList@UloopControl@SubThreadWorker@@@@AAEXPAUNode@1@00@Z 00404bd0 f i workflowprotocol.obj
 0001:00003c70       ?node_copy@?$QList@VQString@@@@AAEXPAUNode@1@00@Z 00404c70 f i workflowprotocol.obj
 0001:00003cb0       ?node_destruct@?$QList@UloopControl@SubThreadWorker@@@@AAEXPAUNode@1@0@Z 00404cb0 f i workflowprotocol.obj
 0001:00003ce0       ?node_destruct@?$QList@VQString@@@@AAEXPAUNode@1@0@Z 00404ce0 f i workflowprotocol.obj
 0001:00003d10       ?parseAckFrame@WorkflowProtocol@@QAE_NABVQByteArray@@AAVQJsonObject@@@Z 00404d10 f   workflowprotocol.obj
 0001:00003df0       ?parseJsonObjectToSendFrame@WorkflowProtocol@@QAE_NABVQJsonObject@@AAV2@@Z 00404df0 f   workflowprotocol.obj
 0001:000044c0       ?pauseCurrentTask@WorkflowController@@QAEXXZ 004054c0 f   workflowprotocol.obj
 0001:000044e0       ?pauseTask@SubThreadWorker@@QAEXXZ 004054e0 f   workflowprotocol.obj
 0001:000044f0       ?pop_back@?$QList@UloopControl@SubThreadWorker@@@@QAEXXZ 004054f0 f i workflowprotocol.obj
 0001:00004530       ?runTask@WorkflowController@@QAEXABVQJsonObject@@@Z 00405530 f   workflowprotocol.obj
 0001:00004580       ?runTunning@WorkflowController@@QAEXABVQJsonObject@@@Z 00405580 f   workflowprotocol.obj
 0001:000045d0       ?serializeSendFrame@WorkflowProtocol@@QAE?AVQByteArray@@XZ 004055d0 f   workflowprotocol.obj
 0001:00004730       ?sethost@WorkflowController@@QAEXABVQString@@G@Z 00405730 f   workflowprotocol.obj
 0001:00004740       ?statusChanged@WorkflowController@@QAEXABVQJsonObject@@@Z 00405740 f   workflowprotocol.obj
 0001:000047e0       ?stopCurrentTask@WorkflowController@@QAEXXZ 004057e0 f   workflowprotocol.obj
 0001:00004810       ?stopTask@SubThreadWorker@@QAEXXZ 00405810 f   workflowprotocol.obj
 0001:00004820       ?taskStateChanged@WorkflowController@@QAEXABVQString@@H@Z 00405820 f   workflowprotocol.obj
 0001:000048d0       ?types@?$ConnectionTypes@U?$List@ABVQJsonObject@@@QtPrivate@@$00@QtPrivate@@SAPBHXZ 004058d0 f i workflowprotocol.obj
 0001:00004930       ?types@?$ConnectionTypes@U?$List@ABVQString@@@QtPrivate@@$00@QtPrivate@@SAPBHXZ 00405930 f i workflowprotocol.obj
 0001:00004990       ?types@?$ConnectionTypes@U?$List@ABVQString@@G@QtPrivate@@$00@QtPrivate@@SAPBHXZ 00405990 f i workflowprotocol.obj
 0001:00004a00       ?types@?$ConnectionTypes@U?$List@ABVQString@@H@QtPrivate@@$00@QtPrivate@@SAPBHXZ 00405a00 f i workflowprotocol.obj
 0001:00004a70       ?unserializeRecvFrame@WorkflowProtocol@@QAEXABVQByteArray@@@Z 00405a70 f   workflowprotocol.obj
 0001:00004bb0       ?updateStopState@SubThreadWorker@@QAEXXZ 00405bb0 f   workflowprotocol.obj
 0001:00004bf0       ??0?$QList@H@@QAE@ABV0@@Z  00405bf0 f i configfilehandler.obj
 0001:00004bf0       ??0?$QList@PAVQObject@@@@QAE@ABV0@@Z 00405bf0 f i workmodels.obj
 0001:00004ca0       ??0?$QList@VOperationParamData@@@@QAE@ABV0@@Z 00405ca0 f i configfilehandler.obj
 0001:00004d50       ??0?$QList@VSingleOperationData@@@@QAE@ABV0@@Z 00405d50 f i configfilehandler.obj
 0001:00004e00       ??0OperationParamData@@QAE@ABV0@@Z 00405e00 f i configfilehandler.obj
 0001:00004f70       ??0OperationParamData@@QAE@ABVQString@@00ABVQStringList@@_NHH0V?$QList@H@@00HH2@Z 00405f70 f i configfilehandler.obj
 0001:00005110       ??0OperationParamData@@QAE@XZ 00406110 f i configfilehandler.obj
 0001:00005180       ??0SingleOperationData@@QAE@ABV0@@Z 00406180 f i configfilehandler.obj
 0001:000051f0       ??0configFileHandler@@QAE@PAVQObject@@@Z 004061f0 f   configfilehandler.obj
 0001:00005250       ??1?$QForeachContainer@V?$QList@VOperationParamData@@@@@@QAE@XZ 00406250 f i configfilehandler.obj
 0001:00005250       ??1?$QForeachContainer@$$CBV?$QList@VOperationParamData@@@@@@QAE@XZ 00406250 f i environmentvariant.obj
 0001:000052b0       ??1?$QList@H@@QAE@XZ       004062b0 f i configfilehandler.obj
 0001:000052b0       ??1?$QList@PAVQObject@@@@QAE@XZ 004062b0 f i main.obj
 0001:00005310       ??1?$QList@VOperationParamData@@@@QAE@XZ 00406310 f i configfilehandler.obj
 0001:00005370       ??1?$QList@VQByteArray@@@@QAE@XZ 00406370 f i configfilehandler.obj
 0001:00005400       ??1?$QList@VSingleOperationData@@@@QAE@XZ 00406400 f i configfilehandler.obj
 0001:00005480       ??1?$QList@VSinglePlanData@@@@QAE@XZ 00406480 f i configfilehandler.obj
 0001:00005500       ??1?$QMap@VQString@@V1@@@QAE@XZ 00406500 f i configfilehandler.obj
 0001:00005580       ??1?$QMap@VQString@@VOperationParamData@@@@QAE@XZ 00406580 f i configfilehandler.obj
 0001:00005620       ??1?$QMap@VQString@@VQStringList@@@@QAE@XZ 00406620 f i configfilehandler.obj
 0001:000056c0       ??1OperationParamData@@QAE@XZ 004066c0 f i configfilehandler.obj
 0001:00005770       ??1QJsonValuePtr@@QAE@XZ   00406770 f i configfilehandler.obj
 0001:00005780       ??1SingleOperationData@@QAE@XZ 00406780 f i configfilehandler.obj
 0001:000057f0       ??1SinglePlanData@@QAE@XZ  004067f0 f i configfilehandler.obj
 0001:00005880       ??1configFileHandler@@UAE@XZ 00406880 f i configfilehandler.obj
 0001:000058a0       ??4?$QList@H@@QAEAAV0@$$QAV0@@Z 004068a0 f i configfilehandler.obj
 0001:000058a0       ??4?$QList@PAVQObject@@@@QAEAAV0@$$QAV0@@Z 004068a0 f i workmodels.obj
 0001:00005920       ??4?$QList@VSinglePlanData@@@@QAEAAV0@$$QAV0@@Z 00406920 f i configfilehandler.obj
 0001:000059c0       ??4OperationParamData@@QAEAAV0@ABV0@@Z 004069c0 f i configfilehandler.obj
 0001:00005ae0       ??4QStringList@@QAEAAV0@ABV0@@Z 00406ae0 f i configfilehandler.obj
 0001:00005b20       ??A?$QList@VQString@@@@QAEAAVQString@@H@Z 00406b20 f i configfilehandler.obj
 0001:00005b50       ??A?$QMap@VQString@@V1@@@QAEAAVQString@@ABV1@@Z 00406b50 f i configfilehandler.obj
 0001:00005c10       ??A?$QMap@VQString@@VOperationParamData@@@@QAEAAVOperationParamData@@ABVQString@@@Z 00406c10 f i configfilehandler.obj
 0001:00005cd0       ??A?$QMap@VQString@@VOperationParamData@@@@QBE?BVOperationParamData@@ABVQString@@@Z 00406cd0 f i configfilehandler.obj
 0001:00005d90       ??A?$QMap@VQString@@VQStringList@@@@QAEAAVQStringList@@ABVQString@@@Z 00406d90 f i configfilehandler.obj
 0001:00005e50       ??Cconst_iterator@QJsonArray@@QBE?AVQJsonValuePtr@@XZ 00406e50 f i configfilehandler.obj
 0001:00005ec0       ??H@YA?BVQString@@ABV0@D@Z 00406ec0 f i configfilehandler.obj
 0001:00005f40       ??H@YA?BVQString@@ABV0@PBD@Z 00406f40 f i configfilehandler.obj
 0001:00005fd0       ??H@YA?BVQString@@PBDABV0@@Z 00406fd0 f i configfilehandler.obj
 0001:00006040       ??_GSingleOperationData@@QAEPAXI@Z 00407040 f i configfilehandler.obj
 0001:000060c0       ??_GSinglePlanData@@QAEPAXI@Z 004070c0 f i configfilehandler.obj
 0001:00006160       ??_GconfigFileHandler@@UAEPAXI@Z 00407160 f i configfilehandler.obj
 0001:00006160       ??_EconfigFileHandler@@UAEPAXI@Z 00407160 f i configfilehandler.obj
 0001:00006190       ?ConvertCSVtoJSON@configFileHandler@@QAE_NABVQString@@0@Z 00407190 f   configfilehandler.obj
 0001:00006380       ?ConvertJSONtoCSV@configFileHandler@@QAE_NABVQString@@0@Z 00407380 f   configfilehandler.obj
 0001:00006670       ?GetLicense@configFileHandler@@QAE?AVQString@@XZ 00407670 f   configfilehandler.obj
 0001:00006700       ?ImportConfig@configFileHandler@@QAE_NAAVQJsonObject@@ABVQByteArray@@@Z 00407700 f   configfilehandler.obj
 0001:00006840       ?ImportPlan@configFileHandler@@QAE_NABV?$QList@VQByteArray@@@@AAVQJsonObject@@@Z 00407840 f   configfilehandler.obj
 0001:00007150       ?ImportWorkSpace@configFileHandler@@QAE_NABV?$QList@VQByteArray@@@@AAVQJsonObject@@@Z 00408150 f   configfilehandler.obj
 0001:00007ab0       ?ParseHostIP@configFileHandler@@QAE?AVQString@@XZ 00408ab0 f   configfilehandler.obj
 0001:00007b80       ?ParseHostPort@configFileHandler@@QAEFXZ 00408b80 f   configfilehandler.obj
 0001:00007c60       ?ParseHostSingleOperationThreshold@configFileHandler@@QAEHXZ 00408c60 f   configfilehandler.obj
 0001:00007d40       ?ParseListMap@configFileHandler@@QAE?AV?$QMap@VQString@@VQStringList@@@@ABVQString@@@Z 00408d40 f   configfilehandler.obj
 0001:00007fe0       ?ParseMap@configFileHandler@@QAE?AV?$QMap@VQString@@V1@@@ABVQString@@@Z 00408fe0 f   configfilehandler.obj
 0001:00008130       ?ParseMapRevertKeyValue@configFileHandler@@QAE?AV?$QMap@VQString@@V1@@@ABVQString@@@Z 00409130 f   configfilehandler.obj
 0001:00008290       ?ParseParamValue@configFileHandler@@QAE?AV?$QMap@VQString@@VOperationParamData@@@@ABVQString@@@Z 00409290 f   configfilehandler.obj
 0001:00009490       ?ParsePlan@configFileHandler@@QAE?AVQString@@ABVQJsonArray@@@Z 0040a490 f   configfilehandler.obj
 0001:00009b50       ?ParsePlanList@configFileHandler@@QAEXAAV?$QList@VSinglePlanData@@@@ABV?$QMap@VQString@@VOperationParamData@@@@@Z 0040ab50 f   configfilehandler.obj
 0001:0000a660       ?ParseWorkPlaceConstraint@configFileHandler@@QAE?AVQJsonArray@@XZ 0040b660 f   configfilehandler.obj
 0001:0000a6f0       ?ParseWorkSpace@configFileHandler@@QAE?AVQString@@ABVQJsonObject@@@Z 0040b6f0 f   configfilehandler.obj
 0001:0000acd0       ?ParseWorkSpaceTypeList@configFileHandler@@QAEXAAVQJsonObject@@@Z 0040bcd0 f   configfilehandler.obj
 0001:0000ad70       ?SaveMachineConfig@configFileHandler@@QAE_NABVQString@@ABVMachineConfigData@@ABVQJsonObject@@@Z 0040bd70 f   configfilehandler.obj
 0001:0000b140       ?SavePlanList@configFileHandler@@QAE_NABVQString@@ABV?$QList@VSinglePlanData@@@@ABV?$QMap@VQString@@VQStringList@@@@@Z 0040c140 f   configfilehandler.obj
 0001:0000ba10       ?append@?$QList@H@@QAEXABH@Z 0040ca10 f i configfilehandler.obj
 0001:0000ba10       ?append@?$QList@PAVQObject@@@@QAEXABQAVQObject@@@Z 0040ca10 f i workmodels.obj
 0001:0000baa0       ?append@?$QList@VOperationParamData@@@@QAEXABVOperationParamData@@@Z 0040caa0 f i configfilehandler.obj
 0001:0000bb60       ?append@?$QList@VSingleOperationData@@@@QAEXABVSingleOperationData@@@Z 0040cb60 f i configfilehandler.obj
 0001:0000bc40       ?append@?$QList@VSinglePlanData@@@@QAEXABVSinglePlanData@@@Z 0040cc40 f i configfilehandler.obj
 0001:0000bd20       ?clear@?$QList@VSinglePlanData@@@@QAEXXZ 0040cd20 f i configfilehandler.obj
 0001:0000bdb0       ?copy@?$QMapNode@VQString@@V1@@@QBEPAU1@PAU?$QMapData@VQString@@V1@@@@Z 0040cdb0 f i configfilehandler.obj
 0001:0000be30       ?copy@?$QMapNode@VQString@@VOperationParamData@@@@QBEPAU1@PAU?$QMapData@VQString@@VOperationParamData@@@@@Z 0040ce30 f i configfilehandler.obj
 0001:0000beb0       ?copy@?$QMapNode@VQString@@VQStringList@@@@QBEPAU1@PAU?$QMapData@VQString@@VQStringList@@@@@Z 0040ceb0 f i configfilehandler.obj
 0001:0000bf30       ?createNode@?$QMapData@VQString@@V1@@@QAEPAU?$QMapNode@VQString@@V1@@@ABVQString@@0PAU2@_N@Z 0040cf30 f i configfilehandler.obj
 0001:0000bf80       ?createNode@?$QMapData@VQString@@VOperationParamData@@@@QAEPAU?$QMapNode@VQString@@VOperationParamData@@@@ABVQString@@ABVOperationParamData@@PAU2@_N@Z 0040cf80 f i configfilehandler.obj
 0001:0000c040       ?createNode@?$QMapData@VQString@@VQStringList@@@@QAEPAU?$QMapNode@VQString@@VQStringList@@@@ABVQString@@ABVQStringList@@PAU2@_N@Z 0040d040 f i configfilehandler.obj
 0001:0000c100       ?dealloc@?$QList@VOperationParamData@@@@AAEXPAUData@QListData@@@Z 0040d100 f i configfilehandler.obj
 0001:0000c160       ?destroySubTree@?$QMapNode@VQString@@V1@@@QAEXXZ 0040d160 f i configfilehandler.obj
 0001:0000c190       ?destroySubTree@?$QMapNode@VQString@@VOperationParamData@@@@QAEXXZ 0040d190 f i configfilehandler.obj
 0001:0000c1c0       ?destroySubTree@?$QMapNode@VQString@@VQStringList@@@@QAEXXZ 0040d1c0 f i configfilehandler.obj
 0001:0000c1f0       ?detach_helper@?$QList@VQByteArray@@@@AAEXH@Z 0040d1f0 f i configfilehandler.obj
 0001:0000c2e0       ?detach_helper@?$QList@VQString@@@@AAEXH@Z 0040d2e0 f i configfilehandler.obj
 0001:0000c3d0       ?detach_helper@?$QMap@VQString@@V1@@@AAEXXZ 0040d3d0 f i configfilehandler.obj
 0001:0000c450       ?detach_helper@?$QMap@VQString@@VOperationParamData@@@@AAEXXZ 0040d450 f i configfilehandler.obj
 0001:0000c4f0       ?detach_helper@?$QMap@VQString@@VQStringList@@@@AAEXXZ 0040d4f0 f i configfilehandler.obj
 0001:0000c590       ?detach_helper_grow@?$QList@VOperationParamData@@@@AAEPAUNode@1@HH@Z 0040d590 f i configfilehandler.obj
 0001:0000c6e0       ?detach_helper_grow@?$QList@VSingleOperationData@@@@AAEPAUNode@1@HH@Z 0040d6e0 f i configfilehandler.obj
 0001:0000c850       ?detach_helper_grow@?$QList@VSinglePlanData@@@@AAEPAUNode@1@HH@Z 0040d850 f i configfilehandler.obj
 0001:0000c9c0       ?insert@?$QMap@VQString@@V1@@@QAE?AViterator@1@ABVQString@@0@Z 0040d9c0 f i configfilehandler.obj
 0001:0000ca90       ?insert@?$QMap@VQString@@VOperationParamData@@@@QAE?AViterator@1@ABVQString@@ABVOperationParamData@@@Z 0040da90 f i configfilehandler.obj
 0001:0000cb60       ?insert@?$QMap@VQString@@VQStringList@@@@QAE?AViterator@1@ABVQString@@ABVQStringList@@@Z 0040db60 f i configfilehandler.obj
 0001:0000cc50       ?key@iterator@QJsonObject@@QBE?AVQString@@XZ 0040dc50 f i configfilehandler.obj
 0001:0000cc70       ?loadConfigFile@configFileHandler@@QAE_NABVQString@@@Z 0040dc70 f   configfilehandler.obj
 0001:0000cd70       ?lowerBound@?$QMapNode@VQString@@H@@QAEPAU1@ABVQString@@@Z 0040dd70 f i workflowChecker.obj
 0001:0000cd70       ?lowerBound@?$QMapNode@VQString@@V1@@@QAEPAU1@ABVQString@@@Z 0040dd70 f i configfilehandler.obj
 0001:0000cd70       ?lowerBound@?$QMapNode@VQString@@VOperationParamData@@@@QAEPAU1@ABVQString@@@Z 0040dd70 f i configfilehandler.obj
 0001:0000cd70       ?lowerBound@?$QMapNode@VQString@@VQStringList@@@@QAEPAU1@ABVQString@@@Z 0040dd70 f i configfilehandler.obj
 0001:0000cdb0       ?node_copy@?$QList@PAVQObject@@@@AAEXPAUNode@1@00@Z 0040ddb0 f i workmodels.obj
 0001:0000cdb0       ?node_copy@?$QList@H@@AAEXPAUNode@1@00@Z 0040ddb0 f i configfilehandler.obj
 0001:0000cde0       ?node_copy@?$QList@VOperationParamData@@@@AAEXPAUNode@1@00@Z 0040dde0 f i configfilehandler.obj
 0001:0000ceb0       ?node_copy@?$QList@VQByteArray@@@@AAEXPAUNode@1@00@Z 0040deb0 f i configfilehandler.obj
 0001:0000cef0       ?node_copy@?$QList@VSingleOperationData@@@@AAEXPAUNode@1@00@Z 0040def0 f i configfilehandler.obj
 0001:0000cfc0       ?node_copy@?$QList@VSinglePlanData@@@@AAEXPAUNode@1@00@Z 0040dfc0 f i configfilehandler.obj
 0001:0000d090       ?node_destruct@?$QList@VOperationParamData@@@@AAEXPAUNode@1@0@Z 0040e090 f i configfilehandler.obj
 0001:0000d0d0       ?node_destruct@?$QList@VSingleOperationData@@@@AAEXPAUNode@1@0@Z 0040e0d0 f i configfilehandler.obj
 0001:0000d170       ?node_destruct@?$QList@VSingleOperationData@@@@AAEXPAUNode@1@@Z 0040e170 f i configfilehandler.obj
 0001:0000d1f0       ?node_destruct@?$QList@VSinglePlanData@@@@AAEXPAUNode@1@0@Z 0040e1f0 f i configfilehandler.obj
 0001:0000d2b0       ?toList@configFileHandler@@QAE?AVQStringList@@ABVQString@@@Z 0040e2b0 f   configfilehandler.obj
 0001:0000d390       ?value@?$QMap@VQString@@VOperationParamData@@@@QBE?BVOperationParamData@@ABVQString@@ABV2@@Z 0040e390 f i configfilehandler.obj
 0001:0000d400       ??0EnvironmentVariant@@AAE@XZ 0040e400 f i environmentvariant.obj
 0001:0000d550       ??0SingleOperationData@@QAE@$$QAV0@@Z 0040e550 f i environmentvariant.obj
 0001:0000d580       ??1?$QForeachContainer@$$CBV?$QList@VSingleOperationData@@@@@@QAE@XZ 0040e580 f i environmentvariant.obj
 0001:0000d600       ??1AdministratorChecker@@UAE@XZ 0040e600 f i environmentvariant.obj
 0001:0000d600       ??1ConfigFileConverter@@UAE@XZ 0040e600 f i environmentvariant.obj
 0001:0000d610       ??1EnvironmentVariant@@EAE@XZ 0040e610 f i environmentvariant.obj
 0001:0000d7c0       ??1MachineConfigData@@QAE@XZ 0040e7c0 f i environmentvariant.obj
 0001:0000d7e0       ??1TargetMachineObject@@UAE@XZ 0040e7e0 f i environmentvariant.obj
 0001:0000d800       ??4?$QList@VSingleOperationData@@@@QAEAAV0@ABV0@@Z 0040e800 f i environmentvariant.obj
 0001:0000d8a0       ??4QStringList@@QAEAAV0@$$QAV0@@Z 0040e8a0 f i environmentvariant.obj
 0001:0000d8d0       ??4SingleOperationData@@QAEAAV0@$$QAV0@@Z 0040e8d0 f i environmentvariant.obj
 0001:0000d960       ??4SingleOperationData@@QAEAAV0@ABV0@@Z 0040e960 f i environmentvariant.obj
 0001:0000da00       ??A?$QList@VSingleOperationData@@@@QAEAAVSingleOperationData@@H@Z 0040ea00 f i environmentvariant.obj
 0001:0000da30       ??H@YA?BVQString@@ABV0@0@Z 0040ea30 f i environmentvariant.obj
 0001:0000daa0       ??Y?$QList@VQString@@@@QAEAAV0@ABV0@@Z 0040eaa0 f i environmentvariant.obj
 0001:0000dba0       ??_EAdministratorChecker@@UAEPAXI@Z 0040eba0 f i environmentvariant.obj
 0001:0000dba0       ??_GAdministratorChecker@@UAEPAXI@Z 0040eba0 f i environmentvariant.obj
 0001:0000dbd0       ??_GConfigFileConverter@@UAEPAXI@Z 0040ebd0 f i environmentvariant.obj
 0001:0000dbd0       ??_EConfigFileConverter@@UAEPAXI@Z 0040ebd0 f i environmentvariant.obj
 0001:0000dc00       ??_EEnvironmentVariant@@EAEPAXI@Z 0040ec00 f i environmentvariant.obj
 0001:0000dc00       ??_GEnvironmentVariant@@EAEPAXI@Z 0040ec00 f i environmentvariant.obj
 0001:0000dc30       ??_ETargetMachineObject@@UAEPAXI@Z 0040ec30 f i environmentvariant.obj
 0001:0000dc30       ??_GTargetMachineObject@@UAEPAXI@Z 0040ec30 f i environmentvariant.obj
 0001:0000dc70       ?AddPlan@EnvironmentVariant@@QAEXABVQString@@@Z 0040ec70 f   environmentvariant.obj
 0001:0000dd90       ?AddPlanStep@EnvironmentVariant@@QAEXHHH@Z 0040ed90 f   environmentvariant.obj
 0001:0000df30       ?ExportConfig@EnvironmentVariant@@QAE_NABVQString@@@Z 0040ef30 f   environmentvariant.obj
 0001:0000dff0       ?ImportConfig@EnvironmentVariant@@QAE_NABVQString@@@Z 0040eff0 f   environmentvariant.obj
 0001:0000e0c0       ?LogicalControlList@EnvironmentVariant@@QAE?AVQStringList@@XZ 0040f0c0 f   environmentvariant.obj
 0001:0000e260       ?MovePlanStep@EnvironmentVariant@@QAEXHHH@Z 0040f260 f   environmentvariant.obj
 0001:0000e340       ?OperationNameList@EnvironmentVariant@@QAE?AVQStringList@@XZ 0040f340 f   environmentvariant.obj
 0001:0000e4e0       ?PausePlan@EnvironmentVariant@@QAEXXZ 0040f4e0 f   environmentvariant.obj
 0001:0000e4f0       ?PlanList@EnvironmentVariant@@QAE?AVQStringList@@XZ 0040f4f0 f   environmentvariant.obj
 0001:0000e5b0       ?RemovePlan@EnvironmentVariant@@QAEXH@Z 0040f5b0 f   environmentvariant.obj
 0001:0000e5e0       ?RemovePlanStep@EnvironmentVariant@@QAEXHH@Z 0040f5e0 f   environmentvariant.obj
 0001:0000e640       ?SaveMachineConfig@EnvironmentVariant@@QAE_NABVMachineConfigData@@@Z 0040f640 f   environmentvariant.obj
 0001:0000e740       ?SavePlan@EnvironmentVariant@@QAE_NXZ 0040f740 f   environmentvariant.obj
 0001:0000e7c0       ?SetPlanName@EnvironmentVariant@@QAEXHABVQString@@@Z 0040f7c0 f   environmentvariant.obj
 0001:0000e810       ?SetPlanStepSingleParam@EnvironmentVariant@@QAEXHHABVQString@@ABVQVariant@@@Z 0040f810 f   environmentvariant.obj
 0001:0000e9b0       ?SetPlanStepToDefault@EnvironmentVariant@@QAEXHHH@Z 0040f9b0 f   environmentvariant.obj
 0001:0000ea90       ?StartPlan@EnvironmentVariant@@QAEXHH@Z 0040fa90 f   environmentvariant.obj
 0001:0000f260       ?StartTunning@EnvironmentVariant@@QAEXABVSingleOperationData@@@Z 00410260 f   environmentvariant.obj
 0001:0000f350       ?StepList@EnvironmentVariant@@QAE?AVQStringList@@H@Z 00410350 f   environmentvariant.obj
 0001:0000f790       ?StopPlan@EnvironmentVariant@@QAEXXZ 00410790 f   environmentvariant.obj
 0001:0000f7a0       ?begin@?$QList@VOperationParamData@@@@QAE?AViterator@1@XZ 004107a0 f i environmentvariant.obj
 0001:0000f7d0       ?calculateLicense@EnvironmentVariant@@QAEXABVQString@@@Z 004107d0 f   environmentvariant.obj
 0001:0000f900       ?contains@?$QMap@VQString@@VQStringList@@@@QBE_NABVQString@@@Z 00410900 f i environmentvariant.obj
 0001:0000f940       ?defaultValue@EnvironmentVariant@@QAE?AVSingleOperationData@@ABVQString@@@Z 00410940 f   environmentvariant.obj
 0001:0000fb70       ?detach_helper@?$QList@H@@AAEXH@Z 00410b70 f i environmentvariant.obj
 0001:0000fc40       ?detach_helper@?$QList@VOperationParamData@@@@AAEXH@Z 00410c40 f i environmentvariant.obj
 0001:0000fd10       ?detach_helper@?$QList@VSingleOperationData@@@@AAEXH@Z 00410d10 f i environmentvariant.obj
 0001:0000fdf0       ?detach_helper@?$QList@VSinglePlanData@@@@AAEXH@Z 00410df0 f i environmentvariant.obj
 0001:0000fed0       ?formatSingleOperationParam@EnvironmentVariant@@QAE?AVQJsonObject@@ABVSingleOperationData@@@Z 00410ed0 f   environmentvariant.obj
 0001:00010470       ?getBoardTypeIndexByPosition@EnvironmentVariant@@QAEHH@Z 00411470 f   environmentvariant.obj
 0001:00010720       ?getOperationIndex@EnvironmentVariant@@QAEHABVQString@@@Z 00411720 f   environmentvariant.obj
 0001:00010790       ?getOperationParams@EnvironmentVariant@@QAE?AV?$QList@VOperationParamData@@@@H@Z 00411790 f   environmentvariant.obj
 0001:00010970       ?getPlanBoardTypeIndexByPosition@EnvironmentVariant@@QAEHHH@Z 00411970 f   environmentvariant.obj
 0001:00010c70       ?getWorkLocationTypeList@EnvironmentVariant@@QAE?AVQJsonObject@@XZ 00411c70 f   environmentvariant.obj
 0001:00010c90       ?initModels@EnvironmentVariant@@QAEXPAVQQmlContext@@@Z 00411c90 f   environmentvariant.obj
 0001:00010df0       ?initProtocol@EnvironmentVariant@@QAEXABVQString@@@Z 00411df0 f   environmentvariant.obj
 0001:00010e60       ?initUserConfig@EnvironmentVariant@@QAEXABVQString@@@Z 00411e60 f   environmentvariant.obj
 0001:00010f80       ?insert@?$QList@VSingleOperationData@@@@QAEXHABVSingleOperationData@@@Z 00411f80 f i environmentvariant.obj
 0001:00011060       ?instance@EnvironmentVariant@@SAPAV1@XZ 00412060 f   environmentvariant.obj
 0001:000110c0       ?parseConfigFile@EnvironmentVariant@@QAEXABVQString@@@Z 004120c0 f   environmentvariant.obj
 0001:000117a0       ?planBoardConfig@EnvironmentVariant@@QAEHH@Z 004127a0 f   environmentvariant.obj
 0001:000117e0       ?planSelectStepListModel@EnvironmentVariant@@QAE?AVQStringList@@H@Z 004127e0 f   environmentvariant.obj
 0001:00011a60       ?planStepParam@EnvironmentVariant@@QAE?AVSingleOperationData@@HH@Z 00412a60 f   environmentvariant.obj
 0001:00011dc0       ?removeAt@?$QList@VSingleOperationData@@@@QAEXH@Z 00412dc0 f i environmentvariant.obj
 0001:00011e10       ?removeAt@?$QList@VSinglePlanData@@@@QAEXH@Z 00412e10 f i environmentvariant.obj
 0001:00011e70       ?setAdministrator@AdministratorChecker@@QAEX_N@Z 00412e70 f i environmentvariant.obj
 0001:00011e90       ?setIpAddress@TargetMachineObject@@QAEXABVQString@@@Z 00412e90 f i environmentvariant.obj
 0001:00011ed0       ?setLicenseNumber@TargetMachineObject@@QAEXABVQString@@@Z 00412ed0 f i environmentvariant.obj
 0001:00011f10       ?setMaxReceiveTime@TargetMachineObject@@QAEXH@Z 00412f10 f i environmentvariant.obj
 0001:00011f30       ?setPlanBoardConfig@EnvironmentVariant@@QAEXHH@Z 00412f30 f   environmentvariant.obj
 0001:00011fa0       ?setPort@TargetMachineObject@@QAEXF@Z 00412fa0 f i environmentvariant.obj
 0001:00011fc0       ?setWorkLocationType@EnvironmentVariant@@QAE_NHHABVQString@@@Z 00412fc0 f   environmentvariant.obj
 0001:00012410       ?startCheckPlan@EnvironmentVariant@@QAEXH@Z 00413410 f   environmentvariant.obj
 0001:00012bf0       ?stopCheckPlan@EnvironmentVariant@@QAEXXZ 00413bf0 f   environmentvariant.obj
 0001:00012c00       ?updateWorkPlace@EnvironmentVariant@@QAE_NABVQJsonObject@@@Z 00413c00 f   environmentvariant.obj
 0001:00012c50       ??$connect@P8QQmlEngine@@AEXXZP6AXXZ@QObject@@SA?AVConnection@QMetaObject@@PBVQQmlEngine@@P83@AEXXZPBV0@P6AXXZW4ConnectionType@Qt@@@Z 00413c50 f i main.obj
 0001:00012cb0       ??$createInto@VOperationParamObject@@@QQmlPrivate@@YAXPAX@Z 00413cb0 f i main.obj
 0001:00012d10       ??$createInto@VOperationParamSelector@@@QQmlPrivate@@YAXPAX@Z 00413d10 f i main.obj
 0001:00012d70       ??$createInto@VPlanController@@@QQmlPrivate@@YAXPAX@Z 00413d70 f i main.obj
 0001:00012dd0       ??$createInto@VPlanSelector@@@QQmlPrivate@@YAXPAX@Z 00413dd0 f i main.obj
 0001:00012e30       ??$createInto@VStatusViewWatcher@@@QQmlPrivate@@YAXPAX@Z 00413e30 f i main.obj
 0001:00012e90       ??$createInto@VTextFieldDoubleValidator@@@QQmlPrivate@@YAXPAX@Z 00413e90 f i main.obj
 0001:00012ef0       ??$createInto@VWorkLocationManager@@@QQmlPrivate@@YAXPAX@Z 00413ef0 f i main.obj
 0001:00012f50       ??$qRegisterNormalizedMetaType@PAVOperationParamObject@@@@YAHABVQByteArray@@PAPAVOperationParamObject@@W4DefinedType@?$MetaTypeDefinedHelper@PAVOperationParamObject@@$00@QtPrivate@@@Z 00413f50 f i main.obj
 0001:00012fb0       ??$qRegisterNormalizedMetaType@PAVOperationParamSelector@@@@YAHABVQByteArray@@PAPAVOperationParamSelector@@W4DefinedType@?$MetaTypeDefinedHelper@PAVOperationParamSelector@@$00@QtPrivate@@@Z 00413fb0 f i main.obj
 0001:00013010       ??$qRegisterNormalizedMetaType@PAVPlanController@@@@YAHABVQByteArray@@PAPAVPlanController@@W4DefinedType@?$MetaTypeDefinedHelper@PAVPlanController@@$00@QtPrivate@@@Z 00414010 f i main.obj
 0001:00013070       ??$qRegisterNormalizedMetaType@PAVPlanSelector@@@@YAHABVQByteArray@@PAPAVPlanSelector@@W4DefinedType@?$MetaTypeDefinedHelper@PAVPlanSelector@@$00@QtPrivate@@@Z 00414070 f i main.obj
 0001:000130d0       ??$qRegisterNormalizedMetaType@PAVStatusViewWatcher@@@@YAHABVQByteArray@@PAPAVStatusViewWatcher@@W4DefinedType@?$MetaTypeDefinedHelper@PAVStatusViewWatcher@@$00@QtPrivate@@@Z 004140d0 f i main.obj
 0001:00013130       ??$qRegisterNormalizedMetaType@PAVTextFieldDoubleValidator@@@@YAHABVQByteArray@@PAPAVTextFieldDoubleValidator@@W4DefinedType@?$MetaTypeDefinedHelper@PAVTextFieldDoubleValidator@@$00@QtPrivate@@@Z 00414130 f i main.obj
 0001:00013190       ??$qRegisterNormalizedMetaType@PAVWorkLocationManager@@@@YAHABVQByteArray@@PAPAVWorkLocationManager@@W4DefinedType@?$MetaTypeDefinedHelper@PAVWorkLocationManager@@$00@QtPrivate@@@Z 00414190 f i main.obj
 0001:000131f0       ??$qmlRegisterType@VOperationParamObject@@@@YAHPBDHH0@Z 004141f0 f i main.obj
 0001:000134a0       ??$qmlRegisterType@VOperationParamSelector@@@@YAHPBDHH0@Z 004144a0 f i main.obj
 0001:00013750       ??$qmlRegisterType@VPlanController@@@@YAHPBDHH0@Z 00414750 f i main.obj
 0001:00013a00       ??$qmlRegisterType@VPlanSelector@@@@YAHPBDHH0@Z 00414a00 f i main.obj
 0001:00013cb0       ??$qmlRegisterType@VStatusViewWatcher@@@@YAHPBDHH0@Z 00414cb0 f i main.obj
 0001:00013f60       ??$qmlRegisterType@VTextFieldDoubleValidator@@@@YAHPBDHH0@Z 00414f60 f i main.obj
 0001:00014210       ??$qmlRegisterType@VWorkLocationManager@@@@YAHPBDHH0@Z 00415210 f i main.obj
 0001:000144c0       ??1?$QVarLengthArray@D$0EA@@@QAE@XZ 004154c0 f i main.obj
 0001:000144c0       ??1?$QVarLengthArray@D$0DA@@@QAE@XZ 004154c0 f i main.obj
 0001:000144e0       ??1OperationParamSelector@@UAE@XZ 004154e0 f i main.obj
 0001:00014590       ??1RegisterType@QQmlPrivate@@QAE@XZ 00415590 f i main.obj
 0001:000145a0       ??_E?$QQmlElement@VOperationParamObject@@@QQmlPrivate@@UAEPAXI@Z 004155a0 f i main.obj
 0001:000145a0       ??_G?$QQmlElement@VOperationParamObject@@@QQmlPrivate@@UAEPAXI@Z 004155a0 f i main.obj
 0001:00014620       ??_G?$QQmlElement@VOperationParamSelector@@@QQmlPrivate@@UAEPAXI@Z 00415620 f i main.obj
 0001:00014620       ??_E?$QQmlElement@VOperationParamSelector@@@QQmlPrivate@@UAEPAXI@Z 00415620 f i main.obj
 0001:00014690       ??_E?$QQmlElement@VPlanController@@@QQmlPrivate@@UAEPAXI@Z 00415690 f i main.obj
 0001:00014690       ??_G?$QQmlElement@VPlanController@@@QQmlPrivate@@UAEPAXI@Z 00415690 f i main.obj
 0001:00014700       ??_E?$QQmlElement@VPlanSelector@@@QQmlPrivate@@UAEPAXI@Z 00415700 f i main.obj
 0001:00014700       ??_G?$QQmlElement@VPlanSelector@@@QQmlPrivate@@UAEPAXI@Z 00415700 f i main.obj
 0001:00014770       ??_E?$QQmlElement@VStatusViewWatcher@@@QQmlPrivate@@UAEPAXI@Z 00415770 f i main.obj
 0001:00014770       ??_G?$QQmlElement@VStatusViewWatcher@@@QQmlPrivate@@UAEPAXI@Z 00415770 f i main.obj
 0001:000147e0       ??_G?$QQmlElement@VTextFieldDoubleValidator@@@QQmlPrivate@@UAEPAXI@Z 004157e0 f i main.obj
 0001:000147e0       ??_E?$QQmlElement@VTextFieldDoubleValidator@@@QQmlPrivate@@UAEPAXI@Z 004157e0 f i main.obj
 0001:00014850       ??_E?$QQmlElement@VWorkLocationManager@@@QQmlPrivate@@UAEPAXI@Z 00415850 f i main.obj
 0001:00014850       ??_G?$QQmlElement@VWorkLocationManager@@@QQmlPrivate@@UAEPAXI@Z 00415850 f i main.obj
 0001:000148c0       ??_GOperationParamObject@@UAEPAXI@Z 004158c0 f i main.obj
 0001:000148c0       ??_EOperationParamObject@@UAEPAXI@Z 004158c0 f i main.obj
 0001:000148f0       ?Construct@?$QMetaTypeFunctionHelper@PAVStatusViewWatcher@@$00@QtMetaTypePrivate@@SAPAXPAXPBX@Z 004158f0 f i main.obj
 0001:000148f0       ?Construct@?$QMetaTypeFunctionHelper@PAVPlanController@@$00@QtMetaTypePrivate@@SAPAXPAXPBX@Z 004158f0 f i main.obj
 0001:000148f0       ?Construct@?$QMetaTypeFunctionHelper@PAVOperationParamObject@@$00@QtMetaTypePrivate@@SAPAXPAXPBX@Z 004158f0 f i main.obj
 0001:000148f0       ?Construct@?$QMetaTypeFunctionHelper@PAVPlanSelector@@$00@QtMetaTypePrivate@@SAPAXPAXPBX@Z 004158f0 f i main.obj
 0001:000148f0       ?Construct@?$QMetaTypeFunctionHelper@PAVOperationParamSelector@@$00@QtMetaTypePrivate@@SAPAXPAXPBX@Z 004158f0 f i main.obj
 0001:000148f0       ?Construct@?$QMetaTypeFunctionHelper@PAVWorkLocationManager@@$00@QtMetaTypePrivate@@SAPAXPAXPBX@Z 004158f0 f i main.obj
 0001:000148f0       ?Construct@?$QMetaTypeFunctionHelper@PAVTextFieldDoubleValidator@@$00@QtMetaTypePrivate@@SAPAXPAXPBX@Z 004158f0 f i main.obj
 0001:00014920       ?Construct@?$QMetaTypeFunctionHelper@V?$QQmlListProperty@VStatusViewWatcher@@@@$00@QtMetaTypePrivate@@SAPAXPAXPBX@Z 00415920 f i main.obj
 0001:00014920       ?Construct@?$QMetaTypeFunctionHelper@V?$QQmlListProperty@VTextFieldDoubleValidator@@@@$00@QtMetaTypePrivate@@SAPAXPAXPBX@Z 00415920 f i main.obj
 0001:00014920       ?Construct@?$QMetaTypeFunctionHelper@V?$QQmlListProperty@VWorkLocationManager@@@@$00@QtMetaTypePrivate@@SAPAXPAXPBX@Z 00415920 f i main.obj
 0001:00014920       ?Construct@?$QMetaTypeFunctionHelper@V?$QQmlListProperty@VPlanSelector@@@@$00@QtMetaTypePrivate@@SAPAXPAXPBX@Z 00415920 f i main.obj
 0001:00014920       ?Construct@?$QMetaTypeFunctionHelper@V?$QQmlListProperty@VPlanController@@@@$00@QtMetaTypePrivate@@SAPAXPAXPBX@Z 00415920 f i main.obj
 0001:00014920       ?Construct@?$QMetaTypeFunctionHelper@V?$QQmlListProperty@VOperationParamObject@@@@$00@QtMetaTypePrivate@@SAPAXPAXPBX@Z 00415920 f i main.obj
 0001:00014920       ?Construct@?$QMetaTypeFunctionHelper@V?$QQmlListProperty@VOperationParamSelector@@@@$00@QtMetaTypePrivate@@SAPAXPAXPBX@Z 00415920 f i main.obj
 0001:00014980       ?TopLevelExceptionFilter@@YGJPAU_EXCEPTION_POINTERS@@@Z 00415980 f   main.obj
 0001:000149f0       ?customMessageHandler@@YAXW4QtMsgType@@ABVQMessageLogContext@@ABVQString@@@Z 004159f0 f   main.obj
 0001:00014d60       ?getConfigFullName@@YA?AVQString@@PBD@Z 00415d60 f   main.obj
 0001:00014dd0       ?impl@?$QStaticSlotObject@P6AXXZU?$List@$$V@QtPrivate@@X@QtPrivate@@CAXHPAVQSlotObjectBase@2@PAVQObject@@PAPAXPA_N@Z 00415dd0 f i main.obj
 0001:00014e00       ?qt_metatype_id@?$QMetaTypeIdQObject@PAVOperationParamObject@@$07@@SAHXZ 00415e00 f i main.obj
 0001:00014eb0       ?qt_metatype_id@?$QMetaTypeIdQObject@PAVOperationParamSelector@@$07@@SAHXZ 00415eb0 f i main.obj
 0001:00014f60       ?qt_metatype_id@?$QMetaTypeIdQObject@PAVPlanController@@$07@@SAHXZ 00415f60 f i main.obj
 0001:00015010       ?qt_metatype_id@?$QMetaTypeIdQObject@PAVPlanSelector@@$07@@SAHXZ 00416010 f i main.obj
 0001:000150c0       ?qt_metatype_id@?$QMetaTypeIdQObject@PAVStatusViewWatcher@@$07@@SAHXZ 004160c0 f i main.obj
 0001:00015170       ?qt_metatype_id@?$QMetaTypeIdQObject@PAVTextFieldDoubleValidator@@$07@@SAHXZ 00416170 f i main.obj
 0001:00015220       ?qt_metatype_id@?$QMetaTypeIdQObject@PAVWorkLocationManager@@$07@@SAHXZ 00416220 f i main.obj
 0001:000152d0       ?validate@TextFieldDoubleValidator@@UBE?AW4State@QValidator@@AAVQString@@AAH@Z 004162d0 f i main.obj
 0001:00015450       _main                      00416450 f   main.obj
 0001:00015890       ??$connect@P8EnvironmentVariant@@AEXXZP8StatusViewWatcher@@AEXXZ@QObject@@SA?AVConnection@QMetaObject@@PBVEnvironmentVariant@@P83@AEXXZPBVStatusViewWatcher@@P84@AEXXZW4ConnectionType@Qt@@@Z 00416890 f i workmodels.obj
 0001:000158f0       ??0OperationParamSelector@@QAE@PAVQObject@@@Z 004168f0 f   workmodels.obj
 0001:00015940       ??0PlanController@@QAE@PAVQObject@@@Z 00416940 f   workmodels.obj
 0001:000159b0       ??0PlanSelector@@QAE@PAVQObject@@@Z 004169b0 f   workmodels.obj
 0001:00015a70       ??0StatusViewWatcher@@QAE@PAVQObject@@@Z 00416a70 f   workmodels.obj
 0001:00015b00       ??0WorkLocationManager@@QAE@PAVQObject@@@Z 00416b00 f   workmodels.obj
 0001:00015b20       ??1?$QForeachContainer@V?$QList@PAVQObject@@@@@@QAE@XZ 00416b20 f i workmodels.obj
 0001:00015b80       ??1PlanController@@UAE@XZ  00416b80 f   workmodels.obj
 0001:00015be0       ??1PlanSelector@@UAE@XZ    00416be0 f   workmodels.obj
 0001:00015ca0       ??1StatusViewWatcher@@UAE@XZ 00416ca0 f   workmodels.obj
 0001:00015d20       ??1WorkLocationManager@@UAE@XZ 00416d20 f   workmodels.obj
 0001:00015d30       ??_GOperationParamSelector@@UAEPAXI@Z 00416d30 f i workmodels.obj
 0001:00015d30       ??_EOperationParamSelector@@UAEPAXI@Z 00416d30 f i workmodels.obj
 0001:00015d50       ??_GPlanController@@UAEPAXI@Z 00416d50 f i workmodels.obj
 0001:00015d50       ??_EPlanController@@UAEPAXI@Z 00416d50 f i workmodels.obj
 0001:00015dc0       ??_GPlanSelector@@UAEPAXI@Z 00416dc0 f i workmodels.obj
 0001:00015dc0       ??_EPlanSelector@@UAEPAXI@Z 00416dc0 f i workmodels.obj
 0001:00015de0       ??_GStatusViewWatcher@@UAEPAXI@Z 00416de0 f i workmodels.obj
 0001:00015de0       ??_EStatusViewWatcher@@UAEPAXI@Z 00416de0 f i workmodels.obj
 0001:00015e80       ??_GWorkLocationManager@@UAEPAXI@Z 00416e80 f i workmodels.obj
 0001:00015e80       ??_EWorkLocationManager@@UAEPAXI@Z 00416e80 f i workmodels.obj
 0001:00015eb0       ?WorkPlaceConstraint@EnvironmentVariant@@QAE?AVQJsonArray@@XZ 00416eb0 f i workmodels.obj
 0001:00015ee0       ?addPlan@PlanSelector@@QAEXABVQString@@@Z 00416ee0 f   workmodels.obj
 0001:00015f00       ?addStep@PlanSelector@@QAEXHHH@Z 00416f00 f   workmodels.obj
 0001:00015f20       ?boardConfigIndex@PlanSelector@@QAEHH@Z 00416f20 f   workmodels.obj
 0001:00015f40       ?commitParam@PlanSelector@@QAEXHHABVQString@@ABVQVariant@@@Z 00416f40 f   workmodels.obj
 0001:00015f60       ?detach_helper_grow@?$QList@H@@AAEPAUNode@1@HH@Z 00416f60 f i configfilehandler.obj
 0001:00015f60       ?detach_helper_grow@?$QList@PAVQObject@@@@AAEPAUNode@1@HH@Z 00416f60 f i workmodels.obj
 0001:000160a0       ?eventFilter@PlanController@@UAE_NPAVQObject@@PAVQEvent@@@Z 004170a0 f   workmodels.obj
 0001:000160f0       ?eventFilter@PlanSelector@@MAE_NPAVQObject@@PAVQEvent@@@Z 004170f0 f   workmodels.obj
 0001:00016140       ?eventFilter@StatusViewWatcher@@UAE_NPAVQObject@@PAVQEvent@@@Z 00417140 f   workmodels.obj
 0001:00016180       ?exportConfigFile@ConfigFileConverter@@QAE_NABVQUrl@@@Z 00417180 f   workmodels.obj
 0001:000161f0       ?getBoardTypeIndexByPosition@OperationParamSelector@@QAEHH@Z 004171f0 f   workmodels.obj
 0001:000161f0       ?getBoardTypeIndexByPosition@PlanSelector@@QAEHH@Z 004171f0 f   workmodels.obj
 0001:00016210       ?getPlanBoardTypeIndexByPosition@PlanSelector@@QAEHHH@Z 00417210 f   workmodels.obj
 0001:00016230       ?getSwitch@OperationParamSelector@@QAEPAVQObject@@ABVQString@@@Z 00417230 f   workmodels.obj
 0001:000163a0       ?getSwitch@PlanSelector@@QAEPAVQObject@@ABVQString@@@Z 004173a0 f   workmodels.obj
 0001:00016510       ?getWorkLocationTypeList@WorkLocationManager@@QAE?AVQJsonObject@@XZ 00417510 f   workmodels.obj
 0001:00016540       ?getWorkPlaceConstraint@WorkLocationManager@@QAE?AVQJsonArray@@XZ 00417540 f   workmodels.obj
 0001:00016570       ?importConfigFile@ConfigFileConverter@@QAE_NABVQUrl@@@Z 00417570 f   workmodels.obj
 0001:000165e0       ?init@OperationParamSelector@@QAEXABVQString@@@Z 004175e0 f   workmodels.obj
 0001:00016660       ?moveStep@PlanSelector@@QAEXHHH@Z 00417660 f   workmodels.obj
 0001:00016680       ?onCompleteSingleOperation@OperationParamSelector@@QAEXXZ 00417680 f   workmodels.obj
 0001:00016910       ?onMachineConfigChanged@TargetMachineObject@@QAE_NXZ 00417910 f   workmodels.obj
 0001:000169b0       ?onSave@PlanSelector@@QAE_NXZ 004179b0 f   workmodels.obj
 0001:000169c0       ?operationCurrentIndex@PlanSelector@@QAEHXZ 004179c0 f   workmodels.obj
 0001:000169e0       ?pausePlan@PlanController@@QAEXXZ 004179e0 f   workmodels.obj
 0001:000169f0       ?planListModel@PlanSelector@@QAE?AVQStringList@@XZ 004179f0 f   workmodels.obj
 0001:00016a20       ?planSelectStepListModel@PlanSelector@@QAE?AVQStringList@@H@Z 00417a20 f   workmodels.obj
 0001:00016a50       ?removePlan@PlanSelector@@QAEXH@Z 00417a50 f   workmodels.obj
 0001:00016a70       ?removeStep@PlanSelector@@QAEXHH@Z 00417a70 f   workmodels.obj
 0001:00016a90       ?resumePlan@PlanController@@QAEXXZ 00417a90 f   workmodels.obj
 0001:00016ac0       ?setBoardConfigIndex@PlanSelector@@QAEXHH@Z 00417ac0 f   workmodels.obj
 0001:00016ae0       ?setPlanName@PlanSelector@@QAEXHABVQString@@@Z 00417ae0 f   workmodels.obj
 0001:00016b00       ?setSelectedOperation@OperationParamSelector@@QAEXH@Z 00417b00 f   workmodels.obj
 0001:00016ed0       ?setSelectedOperation@PlanSelector@@QAEXHHH@Z 00417ed0 f   workmodels.obj
 0001:00017390       ?setSelectedStep@PlanSelector@@QAEXHH@Z 00418390 f   workmodels.obj
 0001:00017770       ?setWorkLocationType@WorkLocationManager@@QAE_NHHABVQString@@@Z 00418770 f   workmodels.obj
 0001:00017790       ?startCheckPlan@PlanSelector@@QAEXH@Z 00418790 f   workmodels.obj
 0001:000177b0       ?startPlan@PlanController@@QAEXHH@Z 004187b0 f   workmodels.obj
 0001:000177e0       ?stepListModel@PlanSelector@@QAE?AVQStringList@@H@Z 004187e0 f   workmodels.obj
 0001:00017810       ?stopCheckPlan@PlanSelector@@QAEXXZ 00418810 f   workmodels.obj
 0001:00017820       ?stopPlan@PlanController@@QAEXXZ 00418820 f   workmodels.obj
 0001:00017830       ?updateWorkPlace@WorkLocationManager@@QAE_NABVQJsonObject@@@Z 00418830 f   workmodels.obj
 0001:00017850       ??$connect@P8SubThreadCheckWorker@@AEXABVQJsonObject@@@ZP8WorkflowCheckerController@@AEX0@Z@QObject@@SA?AVConnection@QMetaObject@@PBVSubThreadCheckWorker@@P83@AEXABVQJsonObject@@@ZPBVWorkflowCheckerController@@P85@AEX1@ZW4ConnectionType@Qt@@@Z 00418850 f i workflowChecker.obj
 0001:000178c0       ??$connect@P8WorkflowCheckerController@@AEXABVQJsonArray@@@ZP8SubThreadCheckWorker@@AEX0@Z@QObject@@SA?AVConnection@QMetaObject@@PBVWorkflowCheckerController@@P83@AEXABVQJsonArray@@@ZPBVSubThreadCheckWorker@@P85@AEX1@ZW4ConnectionType@Qt@@@Z 004188c0 f i workflowChecker.obj
 0001:00017930       ??$connect@P8WorkflowCheckerController@@AEXABVQJsonObject@@@ZP8SubThreadCheckWorker@@AEX0@Z@QObject@@SA?AVConnection@QMetaObject@@PBVWorkflowCheckerController@@P83@AEXABVQJsonObject@@@ZPBVSubThreadCheckWorker@@P85@AEX1@ZW4ConnectionType@Qt@@@Z 00418930 f i workflowChecker.obj
 0001:000179a0       ??$connect@P8WorkflowCheckerController@@AEXXZP8SubThreadCheckWorker@@AEXXZ@QObject@@SA?AVConnection@QMetaObject@@PBVWorkflowCheckerController@@P83@AEXXZPBVSubThreadCheckWorker@@P84@AEXXZW4ConnectionType@Qt@@@Z 004189a0 f i workflowChecker.obj
 0001:00017a00       ??0WorkflowCheckerController@@QAE@PAVQObject@@@Z 00418a00 f   workflowChecker.obj
 0001:00017b80       ??1?$QMap@VQString@@H@@QAE@XZ 00418b80 f i workflowChecker.obj
 0001:00017c20       ??1WorkflowCheckerController@@UAE@XZ 00418c20 f   workflowChecker.obj
 0001:00017c90       ??A?$QMap@VQString@@H@@QAEAAHABVQString@@@Z 00418c90 f i workflowChecker.obj
 0001:00017d10       ??_GSubThreadCheckWorker@@UAEPAXI@Z 00418d10 f i workflowChecker.obj
 0001:00017d10       ??_ESubThreadCheckWorker@@UAEPAXI@Z 00418d10 f i workflowChecker.obj
 0001:00017d60       ??_EWorkflowCheckerController@@UAEPAXI@Z 00418d60 f i workflowChecker.obj
 0001:00017d60       ??_GWorkflowCheckerController@@UAEPAXI@Z 00418d60 f i workflowChecker.obj
 0001:00017df0       ?CheckBoardConstraint@SubThreadCheckWorker@@IAE_NABVQJsonObject@@@Z 00418df0 f   workflowChecker.obj
 0001:000181a0       ?CheckParamConstraint@SubThreadCheckWorker@@IAE_NABVQJsonObject@@@Z 004191a0 f   workflowChecker.obj
 0001:00018a50       ?checkTask@WorkflowCheckerController@@QAEXABVQJsonObject@@@Z 00419a50 f   workflowChecker.obj
 0001:00018a60       ?configChecker@SubThreadCheckWorker@@QAEXABVQJsonArray@@@Z 00419a60 f   workflowChecker.obj
 0001:00018dc0       ?copy@?$QMapNode@VQString@@H@@QBEPAU1@PAU?$QMapData@VQString@@H@@@Z 00419dc0 f i workflowChecker.obj
 0001:00018e40       ?createNode@?$QMapData@VQString@@H@@QAEPAU?$QMapNode@VQString@@H@@ABVQString@@ABHPAU2@_N@Z 00419e40 f i workflowChecker.obj
 0001:00018e80       ?destroySubTree@?$QMapNode@VQString@@H@@QAEXXZ 00419e80 f i workflowChecker.obj
 0001:00018eb0       ?detach_helper@?$QMap@VQString@@H@@AAEXXZ 00419eb0 f i workflowChecker.obj
 0001:00018f50       ?doCheck@SubThreadCheckWorker@@QAEXABVQJsonObject@@@Z 00419f50 f   workflowChecker.obj
 0001:000194c0       ?forceStop@SubThreadCheckWorker@@QAEXXZ 0041a4c0 f   workflowChecker.obj
 0001:000194d0       ?impl@?$QSlotObject@P8SubThreadWorker@@AEXABVQJsonObject@@@ZU?$List@ABVQJsonObject@@@QtPrivate@@X@QtPrivate@@CAXHPAVQSlotObjectBase@2@PAVQObject@@PAPAXPA_N@Z 0041a4d0 f i workflowprotocol.obj
 0001:000194d0       ?impl@?$QSlotObject@P8WorkflowController@@AEXABVQJsonObject@@@ZU?$List@ABVQJsonObject@@@QtPrivate@@X@QtPrivate@@CAXHPAVQSlotObjectBase@2@PAVQObject@@PAPAXPA_N@Z 0041a4d0 f i workflowprotocol.obj
 0001:000194d0       ?impl@?$QSlotObject@P8WorkflowCheckerController@@AEXABVQJsonObject@@@ZU?$List@ABVQJsonObject@@@QtPrivate@@X@QtPrivate@@CAXHPAVQSlotObjectBase@2@PAVQObject@@PAPAXPA_N@Z 0041a4d0 f i workflowChecker.obj
 0001:000194d0       ?impl@?$QSlotObject@P8SubThreadCheckWorker@@AEXABVQJsonObject@@@ZU?$List@ABVQJsonObject@@@QtPrivate@@X@QtPrivate@@CAXHPAVQSlotObjectBase@2@PAVQObject@@PAPAXPA_N@Z 0041a4d0 f i workflowChecker.obj
 0001:000194d0       ?impl@?$QSlotObject@P8SubThreadCheckWorker@@AEXABVQJsonArray@@@ZU?$List@ABVQJsonArray@@@QtPrivate@@X@QtPrivate@@CAXHPAVQSlotObjectBase@2@PAVQObject@@PAPAXPA_N@Z 0041a4d0 f i workflowChecker.obj
 0001:000194d0       ?impl@?$QSlotObject@P8SubThreadWorker@@AEXABVQString@@@ZU?$List@ABVQString@@@QtPrivate@@X@QtPrivate@@CAXHPAVQSlotObjectBase@2@PAVQObject@@PAPAXPA_N@Z 0041a4d0 f i workflowprotocol.obj
 0001:00019530       ?init@WorkflowCheckerController@@QAEXABVQJsonArray@@@Z 0041a530 f   workflowChecker.obj
 0001:00019540       ?insert@?$QMap@VQString@@H@@QAE?AViterator@1@ABVQString@@ABH@Z 0041a540 f i workflowChecker.obj
 0001:00019600       ?isFilteredCommand@SubThreadCheckWorker@@IAE_NABVQJsonObject@@@Z 0041a600 f   workflowChecker.obj
 0001:000199a0       ?remove@?$QMap@VQString@@H@@QAEHABVQString@@@Z 0041a9a0 f i workflowChecker.obj
 0001:00019a50       ?statusChanged@WorkflowCheckerController@@QAEXABVQJsonObject@@@Z 0041aa50 f   workflowChecker.obj
 0001:00019af0       ?stopCurrentCheck@WorkflowCheckerController@@QAEXXZ 0041aaf0 f   workflowChecker.obj
 0001:00019b10       ?types@?$ConnectionTypes@U?$List@ABVQJsonArray@@@QtPrivate@@$00@QtPrivate@@SAPBHXZ 0041ab10 f i workflowChecker.obj
 0001:00019b70       ?changeHost@WorkflowController@@QAEXABVQString@@G@Z 0041ab70 f   moc_workflowprotocol.obj
 0001:00019bc0       ?configProtocol@WorkflowController@@QAEXABVQString@@@Z 0041abc0 f   moc_workflowprotocol.obj
 0001:00019bf0       ?metaObject@SubThreadWorker@@UBEPBUQMetaObject@@XZ 0041abf0 f   moc_workflowprotocol.obj
 0001:00019c10       ?metaObject@WorkflowController@@UBEPBUQMetaObject@@XZ 0041ac10 f   moc_workflowprotocol.obj
 0001:00019c30       ?pauseTask@WorkflowController@@QAEXXZ 0041ac30 f   moc_workflowprotocol.obj
 0001:00019c50       ?qt_metacall@SubThreadWorker@@UAEHW4Call@QMetaObject@@HPAPAX@Z 0041ac50 f   moc_workflowprotocol.obj
 0001:00019cb0       ?qt_metacall@WorkflowController@@UAEHW4Call@QMetaObject@@HPAPAX@Z 0041acb0 f   moc_workflowprotocol.obj
 0001:00019d10       ?qt_metacast@SubThreadWorker@@UAEPAXPBD@Z 0041ad10 f   moc_workflowprotocol.obj
 0001:00019d70       ?qt_metacast@WorkflowController@@UAEPAXPBD@Z 0041ad70 f   moc_workflowprotocol.obj
 0001:00019dd0       ?qt_static_metacall@SubThreadWorker@@CAXPAVQObject@@W4Call@QMetaObject@@HPAPAX@Z 0041add0 f   moc_workflowprotocol.obj
 0001:00019ed0       ?qt_static_metacall@WorkflowController@@CAXPAVQObject@@W4Call@QMetaObject@@HPAPAX@Z 0041aed0 f   moc_workflowprotocol.obj
 0001:0001a020       ?runNewTask@WorkflowController@@QAEXABVQJsonObject@@@Z 0041b020 f   moc_workflowprotocol.obj
 0001:0001a050       ?runNewTunning@WorkflowController@@QAEXABVQJsonObject@@@Z 0041b050 f   moc_workflowprotocol.obj
 0001:0001a080       ?statusChanged@SubThreadWorker@@QAEXABVQJsonObject@@@Z 0041b080 f   moc_workflowprotocol.obj
 0001:0001a0b0       ?stopTask@WorkflowController@@QAEXXZ 0041b0b0 f   moc_workflowprotocol.obj
 0001:0001a0d0       ?taskStateChanged@SubThreadWorker@@QAEXABVQString@@H@Z 0041b0d0 f   moc_workflowprotocol.obj
 0001:0001a120       ?updateStopState@WorkflowController@@QAEXXZ 0041b120 f   moc_workflowprotocol.obj
 0001:0001a140       ?configChecker@WorkflowCheckerController@@QAEXABVQJsonArray@@@Z 0041b140 f   moc_workflowChecker.obj
 0001:0001a170       ?metaObject@SubThreadCheckWorker@@UBEPBUQMetaObject@@XZ 0041b170 f   moc_workflowChecker.obj
 0001:0001a190       ?metaObject@WorkflowCheckerController@@UBEPBUQMetaObject@@XZ 0041b190 f   moc_workflowChecker.obj
 0001:0001a1b0       ?qt_metacall@SubThreadCheckWorker@@UAEHW4Call@QMetaObject@@HPAPAX@Z 0041b1b0 f   moc_workflowChecker.obj
 0001:0001a210       ?qt_metacall@WorkflowCheckerController@@UAEHW4Call@QMetaObject@@HPAPAX@Z 0041b210 f   moc_workflowChecker.obj
 0001:0001a270       ?qt_metacast@SubThreadCheckWorker@@UAEPAXPBD@Z 0041b270 f   moc_workflowChecker.obj
 0001:0001a2d0       ?qt_metacast@WorkflowCheckerController@@UAEPAXPBD@Z 0041b2d0 f   moc_workflowChecker.obj
 0001:0001a330       ?qt_static_metacall@SubThreadCheckWorker@@CAXPAVQObject@@W4Call@QMetaObject@@HPAPAX@Z 0041b330 f   moc_workflowChecker.obj
 0001:0001a3c0       ?qt_static_metacall@WorkflowCheckerController@@CAXPAVQObject@@W4Call@QMetaObject@@HPAPAX@Z 0041b3c0 f   moc_workflowChecker.obj
 0001:0001a480       ?runNewCheck@WorkflowCheckerController@@QAEXABVQJsonObject@@@Z 0041b480 f   moc_workflowChecker.obj
 0001:0001a4b0       ?statusChanged@SubThreadCheckWorker@@QAEXABVQJsonObject@@@Z 0041b4b0 f   moc_workflowChecker.obj
 0001:0001a4e0       ?stopCheck@WorkflowCheckerController@@QAEXXZ 0041b4e0 f   moc_workflowChecker.obj
 0001:0001a500       ?metaObject@configFileHandler@@UBEPBUQMetaObject@@XZ 0041b500 f   moc_configfilehandler.obj
 0001:0001a520       ?qt_metacall@configFileHandler@@UAEHW4Call@QMetaObject@@HPAPAX@Z 0041b520 f   moc_configfilehandler.obj
 0001:0001a530       ?qt_metacast@configFileHandler@@UAEPAXPBD@Z 0041b530 f   moc_configfilehandler.obj
 0001:0001a590       ?metaObject@EnvironmentVariant@@UBEPBUQMetaObject@@XZ 0041b590 f   moc_environmentvariant.obj
 0001:0001a5b0       ?qt_metacall@EnvironmentVariant@@UAEHW4Call@QMetaObject@@HPAPAX@Z 0041b5b0 f   moc_environmentvariant.obj
 0001:0001a610       ?qt_metacast@EnvironmentVariant@@UAEPAXPBD@Z 0041b610 f   moc_environmentvariant.obj
 0001:0001a670       ?qt_static_metacall@EnvironmentVariant@@CAXPAVQObject@@W4Call@QMetaObject@@HPAPAX@Z 0041b670 f   moc_environmentvariant.obj
 0001:0001a6c0       ?workLocationTypeChanged@EnvironmentVariant@@QAEXXZ 0041b6c0 f   moc_environmentvariant.obj
 0001:0001a6e0       ??$atImpl@V?$QList@H@@@QSequentialIterableImpl@QtMetaTypePrivate@@SAPBXPBXH@Z 0041b6e0 f i moc_workmodels.obj
 0001:0001a6e0       ??$atImpl@V?$QList@PAVQObject@@@@@QSequentialIterableImpl@QtMetaTypePrivate@@SAPBXPBXH@Z 0041b6e0 f i moc_workmodels.obj
 0001:0001a700       ??$equal@PBQAVQObject@@V?$checked_array_iterator@PBQAVQObject@@@stdext@@U?$equal_to@X@std@@@std@@YA_NPBQAVQObject@@0V?$checked_array_iterator@PBQAVQObject@@@stdext@@U?$equal_to@X@0@@Z 0041b700 f i moc_workmodels.obj
 0001:0001a700       ??$equal@PBHV?$checked_array_iterator@PBH@stdext@@U?$equal_to@X@std@@@std@@YA_NPBH0V?$checked_array_iterator@PBH@stdext@@U?$equal_to@X@0@@Z 0041b700 f i moc_workmodels.obj
 0001:0001a780       ??$getImpl@V?$QList@PAVQObject@@@@@QSequentialIterableImpl@QtMetaTypePrivate@@SA?AUVariantData@1@PBQAXHI@Z 0041b780 f i moc_workmodels.obj
 0001:0001a780       ??$getImpl@V?$QList@H@@@QSequentialIterableImpl@QtMetaTypePrivate@@SA?AUVariantData@1@PBQAXHI@Z 0041b780 f i moc_workmodels.obj
 0001:0001a7a0       ??$moveToBeginImpl@V?$QList@PAVQObject@@@@@QSequentialIterableImpl@QtMetaTypePrivate@@SAXPBXPAPAX@Z 0041b7a0 f i moc_workmodels.obj
 0001:0001a7a0       ??$moveToBeginImpl@V?$QList@H@@@QSequentialIterableImpl@QtMetaTypePrivate@@SAXPBXPAPAX@Z 0041b7a0 f i moc_workmodels.obj
 0001:0001a7d0       ??$moveToEndImpl@V?$QList@PAVQObject@@@@@QSequentialIterableImpl@QtMetaTypePrivate@@SAXPBXPAPAX@Z 0041b7d0 f i moc_workmodels.obj
 0001:0001a7d0       ??$moveToEndImpl@V?$QList@H@@@QSequentialIterableImpl@QtMetaTypePrivate@@SAXPBXPAPAX@Z 0041b7d0 f i moc_workmodels.obj
 0001:0001a800       ??$sizeImpl@V?$QList@H@@@QSequentialIterableImpl@QtMetaTypePrivate@@SAHPBX@Z 0041b800 f i moc_workmodels.obj
 0001:0001a800       ??$sizeImpl@V?$QList@PAVQObject@@@@@QSequentialIterableImpl@QtMetaTypePrivate@@SAHPBX@Z 0041b800 f i moc_workmodels.obj
 0001:0001a810       ??0QSequentialIterableImpl@QtMetaTypePrivate@@QAE@XZ 0041b810 f i moc_workmodels.obj
 0001:0001a880       ?Construct@?$QMetaTypeFunctionHelper@V?$QList@H@@$00@QtMetaTypePrivate@@SAPAXPAXPBX@Z 0041b880 f i moc_workmodels.obj
 0001:0001a880       ?Construct@?$QMetaTypeFunctionHelper@V?$QList@PAVQObject@@@@$00@QtMetaTypePrivate@@SAPAXPAXPBX@Z 0041b880 f i moc_workmodels.obj
 0001:0001a900       ?Construct@?$QMetaTypeFunctionHelper@VQSequentialIterableImpl@QtMetaTypePrivate@@$00@QtMetaTypePrivate@@SAPAXPAXPBX@Z 0041b900 f i moc_workmodels.obj
 0001:0001a940       ?Destruct@?$QMetaTypeFunctionHelper@V?$QList@PAVQObject@@@@$00@QtMetaTypePrivate@@SAXPAX@Z 0041b940 f i moc_workmodels.obj
 0001:0001a940       ?Destruct@?$QMetaTypeFunctionHelper@V?$QList@H@@$00@QtMetaTypePrivate@@SAXPAX@Z 0041b940 f i moc_workmodels.obj
 0001:0001a9b0       ?MachineConfigChanged@TargetMachineObject@@QAEXXZ 0041b9b0 f   moc_workmodels.obj
 0001:0001a9d0       ?UnitChanged@OperationParamObject@@QAEXXZ 0041b9d0 f   moc_workmodels.obj
 0001:0001a9f0       ?administratorChanged@AdministratorChecker@@QAEXXZ 0041b9f0 f   moc_workmodels.obj
 0001:0001aa10       ?advance@?$IteratorOwnerCommon@Vconst_iterator@?$QList@PAVQObject@@@@@QtMetaTypePrivate@@SAXPAPAXH@Z 0041ba10 f i moc_workmodels.obj
 0001:0001aa10       ?advance@?$IteratorOwnerCommon@Vconst_iterator@?$QList@H@@@QtMetaTypePrivate@@SAXPAPAXH@Z 0041ba10 f i moc_workmodels.obj
 0001:0001aa20       ?assign@?$IteratorOwnerCommon@Vconst_iterator@?$QList@H@@@QtMetaTypePrivate@@SAXPAPAXPBQAX@Z 0041ba20 f i moc_workmodels.obj
 0001:0001aa20       ?assign@?$IteratorOwnerCommon@Vconst_iterator@?$QList@PAVQObject@@@@@QtMetaTypePrivate@@SAXPAPAXPBQAX@Z 0041ba20 f i moc_workmodels.obj
 0001:0001aa40       ?boolValueChanged@OperationParamObject@@QAEXXZ 0041ba40 f   moc_workmodels.obj
 0001:0001aa60       ?bottomValueChanged@OperationParamObject@@QAEXXZ 0041ba60 f   moc_workmodels.obj
 0001:0001aa80       ?convert@?$ConverterFunctor@V?$QList@H@@VQSequentialIterableImpl@QtMetaTypePrivate@@U?$QSequentialIterableConvertFunctor@V?$QList@H@@@3@@QtPrivate@@SA_NPBUAbstractConverterFunction@2@PBXPAX@Z 0041ba80 f i moc_workmodels.obj
 0001:0001ab20       ?convert@?$ConverterFunctor@V?$QList@PAVQObject@@@@VQSequentialIterableImpl@QtMetaTypePrivate@@U?$QSequentialIterableConvertFunctor@V?$QList@PAVQObject@@@@@3@@QtPrivate@@SA_NPBUAbstractConverterFunction@2@PBXPAX@Z 0041bb20 f i moc_workmodels.obj
 0001:0001abc0       ?currentIndexChanged@OperationParamSelector@@QAEXXZ 0041bbc0 f   moc_workmodels.obj
 0001:0001abe0       ?destroy@?$IteratorOwnerCommon@Vconst_iterator@?$QList@H@@@QtMetaTypePrivate@@SAXPAPAX@Z 0041bbe0 f i moc_workmodels.obj
 0001:0001abe0       ?destroy@?$IteratorOwnerCommon@Vconst_iterator@?$QList@PAVQObject@@@@@QtMetaTypePrivate@@SAXPAPAX@Z 0041bbe0 f i moc_workmodels.obj
 0001:0001ac00       ?display@OperationParamObject@@QBE?AVQString@@XZ 0041bc00 f i moc_workmodels.obj
 0001:0001ac20       ?displayChanged@OperationParamObject@@QAEXXZ 0041bc20 f   moc_workmodels.obj
 0001:0001ac40       ?equal@?$IteratorOwnerCommon@Vconst_iterator@?$QList@PAVQObject@@@@@QtMetaTypePrivate@@SA_NPBQAX0@Z 0041bc40 f i moc_workmodels.obj
 0001:0001ac40       ?equal@?$IteratorOwnerCommon@Vconst_iterator@?$QList@H@@@QtMetaTypePrivate@@SA_NPBQAX0@Z 0041bc40 f i moc_workmodels.obj
 0001:0001ac60       ?floatValueChanged@OperationParamObject@@QAEXXZ 0041bc60 f   moc_workmodels.obj
 0001:0001ac80       ?getLicenseNumber@TargetMachineObject@@QBE?AVQString@@XZ 0041bc80 f i moc_workmodels.obj
 0001:0001aca0       ?getIpAddress@TargetMachineObject@@QBE?AVQString@@XZ 0041bca0 f i environmentvariant.obj
 0001:0001aca0       ?name@OperationParamObject@@QBE?AVQString@@XZ 0041bca0 f i workmodels.obj
 0001:0001aca0       ?getOperationName@SingleOperationObject@@QAE?AVQString@@XZ 0041bca0 f i moc_workmodels.obj
 0001:0001acc0       ?getParamListModel@PlanSelector@@QAE?AV?$QList@PAVQObject@@@@XZ 0041bcc0 f i moc_workmodels.obj
 0001:0001ace0       ?getParamModel@OperationParamSelector@@QAE?AV?$QList@PAVQObject@@@@XZ 0041bce0 f i moc_workmodels.obj
 0001:0001ad00       ?intListValue@OperationParamObject@@QAE?AV?$QList@H@@XZ 0041bd00 f i moc_workmodels.obj
 0001:0001ad20       ?intListValueChanged@OperationParamObject@@QAEXXZ 0041bd20 f   moc_workmodels.obj
 0001:0001ad40       ?integerValueChanged@OperationParamObject@@QAEXXZ 0041bd40 f   moc_workmodels.obj
 0001:0001ad60       ?metaObject@AdministratorChecker@@UBEPBUQMetaObject@@XZ 0041bd60 f   moc_workmodels.obj
 0001:0001ad80       ?metaObject@ConfigFileConverter@@UBEPBUQMetaObject@@XZ 0041bd80 f   moc_workmodels.obj
 0001:0001ada0       ?metaObject@OperationParamObject@@UBEPBUQMetaObject@@XZ 0041bda0 f   moc_workmodels.obj
 0001:0001adc0       ?metaObject@OperationParamSelector@@UBEPBUQMetaObject@@XZ 0041bdc0 f   moc_workmodels.obj
 0001:0001ade0       ?metaObject@PlanController@@UBEPBUQMetaObject@@XZ 0041bde0 f   moc_workmodels.obj
 0001:0001ae00       ?metaObject@PlanSelector@@UBEPBUQMetaObject@@XZ 0041be00 f   moc_workmodels.obj
 0001:0001ae20       ?metaObject@StatusViewWatcher@@UBEPBUQMetaObject@@XZ 0041be20 f   moc_workmodels.obj
 0001:0001ae40       ?metaObject@TargetMachineObject@@UBEPBUQMetaObject@@XZ 0041be40 f   moc_workmodels.obj
 0001:0001ae60       ?metaObject@WorkLocationManager@@UBEPBUQMetaObject@@XZ 0041be60 f   moc_workmodels.obj
 0001:0001ae80       ?nameChanged@OperationParamObject@@QAEXXZ 0041be80 f   moc_workmodels.obj
 0001:0001aea0       ?op_eq_impl@?$QList@PAVQObject@@@@ABE_NABV1@UArrayCompatibleLayout@QListData@@@Z 0041bea0 f i moc_workmodels.obj
 0001:0001aea0       ?op_eq_impl@?$QList@H@@ABE_NABV1@UArrayCompatibleLayout@QListData@@@Z 0041bea0 f i moc_workmodels.obj
 0001:0001af10       ?op_eq_impl@?$QList@VQString@@@@ABE_NABV1@UArrayCompatibleLayout@QListData@@@Z 0041bf10 f i moc_workmodels.obj
 0001:0001af80       ?operationListModel@PlanSelector@@QAE?AVQStringList@@XZ 0041bf80 f i moc_workmodels.obj
 0001:0001afa0       ?operationModel@OperationParamSelector@@QAE?AVQStringList@@XZ 0041bfa0 f i moc_workmodels.obj
 0001:0001afc0       ?operationNameChanged@SingleOperationObject@@QAEXXZ 0041bfc0 f   moc_workmodels.obj
 0001:0001afe0       ?pageNameChanged@OperationParamSelector@@QAEXXZ 0041bfe0 f   moc_workmodels.obj
 0001:0001b000       ?paramListModelChanged@PlanSelector@@QAEXXZ 0041c000 f   moc_workmodels.obj
 0001:0001b020       ?paramModelChanged@OperationParamSelector@@QAEXXZ 0041c020 f   moc_workmodels.obj
 0001:0001b040       ?planCheckStatusChanged@PlanSelector@@QAEXABVQJsonObject@@@Z 0041c040 f   moc_workmodels.obj
 0001:0001b070       ?qt_metacall@AdministratorChecker@@UAEHW4Call@QMetaObject@@HPAPAX@Z 0041c070 f   moc_workmodels.obj
 0001:0001b120       ?qt_metacall@ConfigFileConverter@@UAEHW4Call@QMetaObject@@HPAPAX@Z 0041c120 f   moc_workmodels.obj
 0001:0001b180       ?qt_metacall@OperationParamObject@@UAEHW4Call@QMetaObject@@HPAPAX@Z 0041c180 f   moc_workmodels.obj
 0001:0001b220       ?qt_metacall@OperationParamSelector@@UAEHW4Call@QMetaObject@@HPAPAX@Z 0041c220 f   moc_workmodels.obj
 0001:0001b2d0       ?qt_metacall@PlanController@@UAEHW4Call@QMetaObject@@HPAPAX@Z 0041c2d0 f   moc_workmodels.obj
 0001:0001b330       ?qt_metacall@PlanSelector@@UAEHW4Call@QMetaObject@@HPAPAX@Z 0041c330 f   moc_workmodels.obj
 0001:0001b3e0       ?qt_metacall@StatusViewWatcher@@UAEHW4Call@QMetaObject@@HPAPAX@Z 0041c3e0 f   moc_workmodels.obj
 0001:0001b440       ?qt_metacall@TargetMachineObject@@UAEHW4Call@QMetaObject@@HPAPAX@Z 0041c440 f   moc_workmodels.obj
 0001:0001b500       ?qt_metacall@WorkLocationManager@@UAEHW4Call@QMetaObject@@HPAPAX@Z 0041c500 f   moc_workmodels.obj
 0001:0001b560       ?qt_metacast@AdministratorChecker@@UAEPAXPBD@Z 0041c560 f   moc_workmodels.obj
 0001:0001b5c0       ?qt_metacast@ConfigFileConverter@@UAEPAXPBD@Z 0041c5c0 f   moc_workmodels.obj
 0001:0001b620       ?qt_metacast@OperationParamObject@@UAEPAXPBD@Z 0041c620 f   moc_workmodels.obj
 0001:0001b6c0       ?qt_metacast@OperationParamSelector@@UAEPAXPBD@Z 0041c6c0 f   moc_workmodels.obj
 0001:0001b720       ?qt_metacast@PlanController@@UAEPAXPBD@Z 0041c720 f   moc_workmodels.obj
 0001:0001b780       ?qt_metacast@PlanSelector@@UAEPAXPBD@Z 0041c780 f   moc_workmodels.obj
 0001:0001b7e0       ?qt_metacast@StatusViewWatcher@@UAEPAXPBD@Z 0041c7e0 f   moc_workmodels.obj
 0001:0001b840       ?qt_metacast@TargetMachineObject@@UAEPAXPBD@Z 0041c840 f   moc_workmodels.obj
 0001:0001b8e0       ?qt_metacast@WorkLocationManager@@UAEPAXPBD@Z 0041c8e0 f   moc_workmodels.obj
 0001:0001b940       ?qt_metatype_id@?$QMetaTypeId@V?$QList@H@@@@SAHXZ 0041c940 f i moc_workmodels.obj
 0001:0001ba60       ?qt_metatype_id@?$QMetaTypeId@V?$QList@PAVQObject@@@@@@SAHXZ 0041ca60 f i moc_workmodels.obj
 0001:0001bb00       ?qt_metatype_id@?$QMetaTypeId@VQSequentialIterableImpl@QtMetaTypePrivate@@@@SAHXZ 0041cb00 f i moc_workmodels.obj
 0001:0001bb90       ?qt_static_metacall@AdministratorChecker@@CAXPAVQObject@@W4Call@QMetaObject@@HPAPAX@Z 0041cb90 f   moc_workmodels.obj
 0001:0001bc10       ?qt_static_metacall@ConfigFileConverter@@CAXPAVQObject@@W4Call@QMetaObject@@HPAPAX@Z 0041cc10 f   moc_workmodels.obj
 0001:0001bc60       ?qt_static_metacall@OperationParamObject@@CAXPAVQObject@@W4Call@QMetaObject@@HPAPAX@Z 0041cc60 f   moc_workmodels.obj
 0001:0001c180       ?qt_static_metacall@OperationParamSelector@@CAXPAVQObject@@W4Call@QMetaObject@@HPAPAX@Z 0041d180 f   moc_workmodels.obj
 0001:0001c430       ?qt_static_metacall@PlanController@@CAXPAVQObject@@W4Call@QMetaObject@@HPAPAX@Z 0041d430 f   moc_workmodels.obj
 0001:0001c4c0       ?qt_static_metacall@PlanSelector@@CAXPAVQObject@@W4Call@QMetaObject@@HPAPAX@Z 0041d4c0 f   moc_workmodels.obj
 0001:0001c9f0       ?qt_static_metacall@SingleOperationObject@@CAXPAVQObject@@W4Call@QMetaObject@@HPAPAX@Z 0041d9f0 f   moc_workmodels.obj
 0001:0001caa0       ?qt_static_metacall@StatusViewWatcher@@CAXPAVQObject@@W4Call@QMetaObject@@HPAPAX@Z 0041daa0 f   moc_workmodels.obj
 0001:0001cb40       ?qt_static_metacall@TargetMachineObject@@CAXPAVQObject@@W4Call@QMetaObject@@HPAPAX@Z 0041db40 f   moc_workmodels.obj
 0001:0001cca0       ?qt_static_metacall@WorkLocationManager@@CAXPAVQObject@@W4Call@QMetaObject@@HPAPAX@Z 0041dca0 f   moc_workmodels.obj
 0001:0001cdd0       ?registerConverter@?$ValueTypeIsMetaType@V?$QList@H@@$00@QtPrivate@@SA_NH@Z 0041ddd0 f i moc_workmodels.obj
 0001:0001ce60       ?registerConverter@?$ValueTypeIsMetaType@V?$QList@PAVQObject@@@@$00@QtPrivate@@SA_NH@Z 0041de60 f i moc_workmodels.obj
 0001:0001cef0       ?revertSwitchChanged@OperationParamObject@@QAEXXZ 0041def0 f   moc_workmodels.obj
 0001:0001cf10       ?setBoolValue@OperationParamObject@@QAEX_N@Z 0041df10 f i moc_workmodels.obj
 0001:0001cf40       ?setBottomValue@OperationParamObject@@QAEXH@Z 0041df40 f i moc_workmodels.obj
 0001:0001cf70       ?setDisplay@OperationParamObject@@QAEXABVQString@@@Z 0041df70 f i moc_workmodels.obj
 0001:0001cfb0       ?setFloatValue@OperationParamObject@@QAEXN@Z 0041dfb0 f i moc_workmodels.obj
 0001:0001cff0       ?setIntListValue@OperationParamObject@@QAEXABV?$QList@H@@@Z 0041dff0 f i moc_workmodels.obj
 0001:0001d0d0       ?setIntegerValue@OperationParamObject@@QAEXH@Z 0041e0d0 f i moc_workmodels.obj
 0001:0001d100       ?setName@OperationParamObject@@QAEXABVQString@@@Z 0041e100 f i moc_workmodels.obj
 0001:0001d140       ?setOperationName@SingleOperationObject@@QAEXABVQString@@@Z 0041e140 f i moc_workmodels.obj
 0001:0001d180       ?setParamListModel@PlanSelector@@QAEXABV?$QList@PAVQObject@@@@@Z 0041e180 f i moc_workmodels.obj
 0001:0001d260       ?setParamModel@OperationParamSelector@@QAEXABV?$QList@PAVQObject@@@@@Z 0041e260 f i moc_workmodels.obj
 0001:0001d340       ?setRevertSwitch@OperationParamObject@@QAEX_N@Z 0041e340 f i moc_workmodels.obj
 0001:0001d370       ?setStringValue@OperationParamObject@@QAEXABVQString@@@Z 0041e370 f i moc_workmodels.obj
 0001:0001d3b0       ?setStringlistValue@OperationParamObject@@QAEXABVQStringList@@@Z 0041e3b0 f i moc_workmodels.obj
 0001:0001d430       ?setSwitchValue@OperationParamObject@@QAEXABVQString@@@Z 0041e430 f i moc_workmodels.obj
 0001:0001d470       ?setTopValue@OperationParamObject@@QAEXH@Z 0041e470 f i moc_workmodels.obj
 0001:0001d4a0       ?setUnit@OperationParamObject@@QAEXABVQString@@@Z 0041e4a0 f i moc_workmodels.obj
 0001:0001d4e0       ?settype@OperationParamObject@@QAEXABVQString@@@Z 0041e4e0 f i moc_workmodels.obj
 0001:0001d520       ?statusChanged@StatusViewWatcher@@QAEXABVQJsonObject@@@Z 0041e520 f   moc_workmodels.obj
 0001:0001d550       ?stringListValue@OperationParamObject@@QBE?AVQStringList@@XZ 0041e550 f i moc_workmodels.obj
 0001:0001d570       ?stringValue@OperationParamObject@@QBE?AVQString@@XZ 0041e570 f i moc_workmodels.obj
 0001:0001d590       ?stringValueChanged@OperationParamObject@@QAEXXZ 0041e590 f   moc_workmodels.obj
 0001:0001d5b0       ?stringlistValueChanged@OperationParamObject@@QAEXXZ 0041e5b0 f   moc_workmodels.obj
 0001:0001d5d0       ?switchValue@OperationParamObject@@QBE?AVQString@@XZ 0041e5d0 f i moc_workmodels.obj
 0001:0001d5f0       ?switchValueChanged@OperationParamObject@@QAEXXZ 0041e5f0 f   moc_workmodels.obj
 0001:0001d610       ?taskStateChanged@PlanController@@QAEXABVQString@@@Z 0041e610 f   moc_workmodels.obj
 0001:0001d640       ?topValueChanged@OperationParamObject@@QAEXXZ 0041e640 f   moc_workmodels.obj
 0001:0001d660       ?type@OperationParamObject@@QBE?AVQString@@XZ 0041e660 f i moc_workmodels.obj
 0001:0001d680       ?typeChanged@OperationParamObject@@QAEXXZ 0041e680 f   moc_workmodels.obj
 0001:0001d6a0       ?unit@OperationParamObject@@QBE?AVQString@@XZ 0041e6a0 f i moc_workmodels.obj
 0001:0001d6c0       ?workLocationTypeChanged@StatusViewWatcher@@QAEXXZ 0041e6c0 f   moc_workmodels.obj
 0001:0001d6d4       _MiniDumpWriteDump@28      0041e6d4 f   DbgHelp:dbghelp.dll
 0001:0001d6da       ?fixup@QValidator@@UBEXAAVQString@@@Z 0041e6da f   Qt5Gui:Qt5Gui.dll
 0001:0001d6e0       ?metaObject@QDoubleValidator@@UBEPBUQMetaObject@@XZ 0041e6e0 f   Qt5Gui:Qt5Gui.dll
 0001:0001d6e6       ?qt_metacall@QDoubleValidator@@UAEHW4Call@QMetaObject@@HPAPAX@Z 0041e6e6 f   Qt5Gui:Qt5Gui.dll
 0001:0001d6ec       ?qt_metacast@QDoubleValidator@@UAEPAXPBD@Z 0041e6ec f   Qt5Gui:Qt5Gui.dll
 0001:0001d6f2       ?setRange@QDoubleValidator@@UAEXNNH@Z 0041e6f2 f   Qt5Gui:Qt5Gui.dll
 0001:0001d6f8       ?childEvent@QObject@@MAEXPAVQChildEvent@@@Z 0041e6f8 f   Qt5Core:Qt5Core.dll
 0001:0001d6fe       ?connectNotify@QObject@@MAEXABVQMetaMethod@@@Z 0041e6fe f   Qt5Core:Qt5Core.dll
 0001:0001d704       ?customEvent@QObject@@MAEXPAVQEvent@@@Z 0041e704 f   Qt5Core:Qt5Core.dll
 0001:0001d70a       ?disconnectNotify@QObject@@MAEXABVQMetaMethod@@@Z 0041e70a f   Qt5Core:Qt5Core.dll
 0001:0001d710       ?event@QObject@@UAE_NPAVQEvent@@@Z 0041e710 f   Qt5Core:Qt5Core.dll
 0001:0001d716       ?eventFilter@QObject@@UAE_NPAV1@PAVQEvent@@@Z 0041e716 f   Qt5Core:Qt5Core.dll
 0001:0001d71c       ?timerEvent@QObject@@MAEXPAVQTimerEvent@@@Z 0041e71c f   Qt5Core:Qt5Core.dll
 0001:0001d722       ?qRegisterResourceData@@YA_NHPBE00@Z 0041e722 f   Qt5Core:Qt5Core.dll
 0001:0001d728       ?qUnregisterResourceData@@YA_NHPBE00@Z 0041e728 f   Qt5Core:Qt5Core.dll
 0001:0001d72e       @__security_check_cookie@4 0041e72e f   MSVCRT:_secchk_.obj
 0001:0001d73f       ??2@YAPAXI@Z               0041e73f f   MSVCRT:new_scalar.obj
 0001:0001d772       ??3@YAXPAXI@Z              0041e772 f   MSVCRT:delete_scalar_size.obj
 0001:0001d840       ??$__crt_fast_encode_pointer@P6GHPAU_RTL_CONDITION_VARIABLE@@PAU_RTL_CRITICAL_SECTION@@K@Z@@YAP6GHPAU_RTL_CONDITION_VARIABLE@@PAU_RTL_CRITICAL_SECTION@@K@ZQ6GH01K@Z@Z 0041e840 f i MSVCRT:thread_safe_statics.obj
 0001:0001d840       ??$__crt_fast_encode_pointer@P6GXPAU_RTL_CONDITION_VARIABLE@@@Z@@YAP6GXPAU_RTL_CONDITION_VARIABLE@@@ZQ6GX0@Z@Z 0041e840 f i MSVCRT:thread_safe_statics.obj
 0001:0001d879       __Init_thread_footer       0041e879 f   MSVCRT:thread_safe_statics.obj
 0001:0001d8b8       __Init_thread_header       0041e8b8 f   MSVCRT:thread_safe_statics.obj
 0001:0001d8fe       __Init_thread_lock         0041e8fe f   MSVCRT:thread_safe_statics.obj
 0001:0001d90a       __Init_thread_notify       0041e90a f   MSVCRT:thread_safe_statics.obj
 0001:0001d94b       __Init_thread_unlock       0041e94b f   MSVCRT:thread_safe_statics.obj
 0001:0001d957       __Init_thread_wait         0041e957 f   MSVCRT:thread_safe_statics.obj
 0001:0001d9bc       ??_Gtype_info@@UAEPAXI@Z   0041e9bc f i MSVCRT:std_type_info_static.obj
 0001:0001d9bc       ??_Etype_info@@UAEPAXI@Z   0041e9bc f i MSVCRT:std_type_info_static.obj
 0001:0001da23       ___scrt_acquire_startup_lock 0041ea23 f   MSVCRT:utility.obj
 0001:0001da58       ___scrt_initialize_crt     0041ea58 f   MSVCRT:utility.obj
 0001:0001da91       ___scrt_initialize_onexit_tables 0041ea91 f   MSVCRT:utility.obj
 0001:0001db28       ___scrt_is_nonwritable_in_current_image 0041eb28 f   MSVCRT:utility.obj
 0001:0001dbb2       ___scrt_release_startup_lock 0041ebb2 f   MSVCRT:utility.obj
 0001:0001dbcf       ___scrt_uninitialize_crt   0041ebcf f   MSVCRT:utility.obj
 0001:0001dbf7       __onexit                   0041ebf7 f   MSVCRT:utility.obj
 0001:0001dc32       _atexit                    0041ec32 f   MSVCRT:utility.obj
 0001:0001de6d       _WinMainCRTStartup         0041ee6d f   MSVCRT:exe_winmain.obj
 0001:0001de77       ___raise_securityfailure   0041ee77 f   MSVCRT:gs_report.obj
 0001:0001de9f       ___report_gsfailure        0041ee9f f   MSVCRT:gs_report.obj
 0001:0001df9a       ??0bad_alloc@std@@QAE@ABV01@@Z 0041ef9a f i MSVCRT:throw_bad_alloc.obj
 0001:0001dfb5       ??0bad_alloc@std@@QAE@XZ   0041efb5 f i MSVCRT:throw_bad_alloc.obj
 0001:0001dfcd       ??0bad_array_new_length@std@@QAE@ABV01@@Z 0041efcd f i MSVCRT:throw_bad_alloc.obj
 0001:0001dfe8       ??0bad_array_new_length@std@@QAE@XZ 0041efe8 f i MSVCRT:throw_bad_alloc.obj
 0001:0001e000       ??0exception@std@@QAE@ABV01@@Z 0041f000 f i MSVCRT:throw_bad_alloc.obj
 0001:0001e02c       ??1bad_alloc@std@@UAE@XZ   0041f02c f i MSVCRT:throw_bad_alloc.obj
 0001:0001e02c       ??1bad_array_new_length@std@@UAE@XZ 0041f02c f i MSVCRT:throw_bad_alloc.obj
 0001:0001e03d       ??_Gbad_array_new_length@std@@UAEPAXI@Z 0041f03d f i MSVCRT:throw_bad_alloc.obj
 0001:0001e03d       ??_Gbad_alloc@std@@UAEPAXI@Z 0041f03d f i MSVCRT:throw_bad_alloc.obj
 0001:0001e03d       ??_Ebad_alloc@std@@UAEPAXI@Z 0041f03d f i MSVCRT:throw_bad_alloc.obj
 0001:0001e03d       ??_Eexception@std@@UAEPAXI@Z 0041f03d f i MSVCRT:throw_bad_alloc.obj
 0001:0001e03d       ??_Gexception@std@@UAEPAXI@Z 0041f03d f i MSVCRT:throw_bad_alloc.obj
 0001:0001e03d       ??_Ebad_array_new_length@std@@UAEPAXI@Z 0041f03d f i MSVCRT:throw_bad_alloc.obj
 0001:0001e06a       ?__scrt_throw_std_bad_alloc@@YAXXZ 0041f06a f   MSVCRT:throw_bad_alloc.obj
 0001:0001e087       ?__scrt_throw_std_bad_array_new_length@@YAXXZ 0041f087 f   MSVCRT:throw_bad_alloc.obj
 0001:0001e0a4       ?what@exception@std@@UBEPBDXZ 0041f0a4 f i MSVCRT:throw_bad_alloc.obj
 0001:0001e0b1       ??3@YAXPAX@Z               0041f0b1 f   MSVCRT:delete_scalar.obj
 0001:0001e0b6       ___scrt_fastfail           0041f0b6 f   MSVCRT:utility_desktop.obj
[...]
 0002:0005456c       __unwindtable$??$qmlRegisterType@VStatusViewWatcher@@@@YAHPBDHH0@Z 0047856c     main.obj
 0002:0005456c       __unwindtable$??$qmlRegisterType@VOperationParamSelector@@@@YAHPBDHH0@Z 0047856c     main.obj
 0002:0005456c       __unwindtable$??$qmlRegisterType@VWorkLocationManager@@@@YAHPBDHH0@Z 0047856c     main.obj
 0002:0005456c       __unwindtable$??$qmlRegisterType@VTextFieldDoubleValidator@@@@YAHPBDHH0@Z 0047856c     main.obj
 0002:00054594       __unwindtable$?qt_metatype_id@?$QMetaTypeIdQObject@PAVTextFieldDoubleValidator@@$07@@SAHXZ 00478594     main.obj
 0002:00054594       __unwindtable$?qt_metatype_id@?$QMetaTypeIdQObject@PAVStatusViewWatcher@@$07@@SAHXZ 00478594     main.obj
 0002:00054594       __unwindtable$?qt_metatype_id@?$QMetaTypeIdQObject@PAVPlanSelector@@$07@@SAHXZ 00478594     main.obj
 0002:00054594       __unwindtable$?qt_metatype_id@?$QMetaTypeIdQObject@PAVWorkLocationManager@@$07@@SAHXZ 00478594     main.obj
 0002:00054594       __unwindtable$?qt_metatype_id@?$QMetaTypeIdQObject@PAVOperationParamSelector@@$07@@SAHXZ 00478594     main.obj
 0002:00054594       __unwindtable$?qt_metatype_id@?$QMetaTypeIdQObject@PAVOperationParamObject@@$07@@SAHXZ 00478594     main.obj
 0002:00054594       __unwindtable$?qt_metatype_id@?$QMetaTypeIdQObject@PAVPlanController@@$07@@SAHXZ 00478594     main.obj
 0002:0005459c       __ehfuncinfo$?qt_metatype_id@?$QMetaTypeIdQObject@PAVPlanController@@$07@@SAHXZ 0047859c     main.obj
 0002:0005459c       __ehfuncinfo$?qt_metatype_id@?$QMetaTypeIdQObject@PAVOperationParamSelector@@$07@@SAHXZ 0047859c     main.obj
 0002:0005459c       __ehfuncinfo$?qt_metatype_id@?$QMetaTypeIdQObject@PAVOperationParamObject@@$07@@SAHXZ 0047859c     main.obj
 0002:0005459c       __ehfuncinfo$?qt_metatype_id@?$QMetaTypeIdQObject@PAVStatusViewWatcher@@$07@@SAHXZ 0047859c     main.obj
 0002:0005459c       __ehfuncinfo$?qt_metatype_id@?$QMetaTypeIdQObject@PAVWorkLocationManager@@$07@@SAHXZ 0047859c     main.obj
 0002:0005459c       __ehfuncinfo$?qt_metatype_id@?$QMetaTypeIdQObject@PAVPlanSelector@@$07@@SAHXZ 0047859c     main.obj
 0002:0005459c       __ehfuncinfo$?qt_metatype_id@?$QMetaTypeIdQObject@PAVTextFieldDoubleValidator@@$07@@SAHXZ 0047859c     main.obj
 0002:000545c0       __unwindtable$??$createInto@VTextFieldDoubleValidator@@@QQmlPrivate@@YAXPAX@Z 004785c0     main.obj
 0002:000545c0       __unwindtable$??$createInto@VOperationParamObject@@@QQmlPrivate@@YAXPAX@Z 004785c0     main.obj
 0002:000545c0       __unwindtable$??$createInto@VOperationParamSelector@@@QQmlPrivate@@YAXPAX@Z 004785c0     main.obj
 0002:000545c0       __unwindtable$??$createInto@VStatusViewWatcher@@@QQmlPrivate@@YAXPAX@Z 004785c0     main.obj
 0002:000545c0       __unwindtable$??$createInto@VPlanController@@@QQmlPrivate@@YAXPAX@Z 004785c0     main.obj
 0002:000545c0       __unwindtable$??$createInto@VWorkLocationManager@@@QQmlPrivate@@YAXPAX@Z 004785c0     main.obj
 0002:000545c0       __unwindtable$??$createInto@VPlanSelector@@@QQmlPrivate@@YAXPAX@Z 004785c0     main.obj
 0002:000545c8       __ehfuncinfo$??$createInto@VWorkLocationManager@@@QQmlPrivate@@YAXPAX@Z 004785c8     main.obj
 0002:000545c8       __ehfuncinfo$??$createInto@VStatusViewWatcher@@@QQmlPrivate@@YAXPAX@Z 004785c8     main.obj
 0002:000545c8       __ehfuncinfo$??$createInto@VOperationParamSelector@@@QQmlPrivate@@YAXPAX@Z 004785c8     main.obj
 0002:000545c8       __ehfuncinfo$??$createInto@VOperationParamObject@@@QQmlPrivate@@YAXPAX@Z 004785c8     main.obj
 0002:000545c8       __ehfuncinfo$??$createInto@VPlanController@@@QQmlPrivate@@YAXPAX@Z 004785c8     main.obj
 0002:000545c8       __ehfuncinfo$??$createInto@VPlanSelector@@@QQmlPrivate@@YAXPAX@Z 004785c8     main.obj
 0002:000545c8       __ehfuncinfo$??$createInto@VTextFieldDoubleValidator@@@QQmlPrivate@@YAXPAX@Z 004785c8     main.obj
 0002:000545ec       __catchsym$?detach_helper_grow@?$QList@H@@AAEPAUNode@1@HH@Z$10 004785ec     configfilehandler.obj
 0002:000545ec       __catchsym$?detach_helper_grow@?$QList@PAVQObject@@@@AAEPAUNode@1@HH@Z$10 004785ec     workmodels.obj
 0002:000545fc       __catchsym$?detach_helper_grow@?$QList@PAVQObject@@@@AAEPAUNode@1@HH@Z$9 004785fc     workmodels.obj
 0002:000545fc       __catchsym$?detach_helper_grow@?$QList@H@@AAEPAUNode@1@HH@Z$9 004785fc     configfilehandler.obj
 0002:0005460c       __unwindtable$?detach_helper_grow@?$QList@H@@AAEPAUNode@1@HH@Z 0047860c     configfilehandler.obj
 0002:0005460c       __unwindtable$?detach_helper_grow@?$QList@PAVQObject@@@@AAEPAUNode@1@HH@Z 0047860c     workmodels.obj
 0002:0005462c       __ehfuncinfo$?detach_helper_grow@?$QList@PAVQObject@@@@AAEPAUNode@1@HH@Z 0047862c     workmodels.obj
 0002:0005462c       __ehfuncinfo$?detach_helper_grow@?$QList@H@@AAEPAUNode@1@HH@Z 0047862c     configfilehandler.obj
 0002:00054650       __tryblocktable$?detach_helper_grow@?$QList@PAVQObject@@@@AAEPAUNode@1@HH@Z 00478650     workmodels.obj
 0002:00054650       __tryblocktable$?detach_helper_grow@?$QList@H@@AAEPAUNode@1@HH@Z 00478650     configfilehandler.obj
 0002:00054678       __ehfuncinfo$?setSelectedOperation@OperationParamSelector@@QAEXH@Z 00478678     workmodels.obj
 0002:0005469c       __unwindtable$?setSelectedOperation@OperationParamSelector@@QAEXH@Z 0047869c     workmodels.obj
 0002:00054704       __unwindtable$?getSwitch@PlanSelector@@QAEPAVQObject@@ABVQString@@@Z 00478704     workmodels.obj
 0002:00054704       __unwindtable$?getSwitch@OperationParamSelector@@QAEPAVQObject@@ABVQString@@@Z 00478704     workmodels.obj
 0002:0005471c       __ehfuncinfo$?getSwitch@OperationParamSelector@@QAEPAVQObject@@ABVQString@@@Z 0047871c     workmodels.obj
 0002:0005471c       __ehfuncinfo$?getSwitch@PlanSelector@@QAEPAVQObject@@ABVQString@@@Z 0047871c     workmodels.obj
 0002:00054740       __ehfuncinfo$?onCompleteSingleOperation@OperationParamSelector@@QAEXXZ 00478740     workmodels.obj
 0002:00054764       __unwindtable$?onCompleteSingleOperation@OperationParamSelector@@QAEXXZ 00478764     workmodels.obj
 0002:000547a4       __unwindtable$??0PlanSelector@@QAE@PAVQObject@@@Z 004787a4     workmodels.obj
 0002:000547c4       __ehfuncinfo$??0PlanSelector@@QAE@PAVQObject@@@Z 004787c4     workmodels.obj
 0002:000547e8       __unwindtable$??1PlanSelector@@UAE@XZ 004787e8     workmodels.obj
 0002:000547f8       __ehfuncinfo$??1PlanSelector@@UAE@XZ 004787f8     workmodels.obj
 0002:0005481c       __ehfuncinfo$?setSelectedStep@PlanSelector@@QAEXHH@Z 0047881c     workmodels.obj
 0002:00054840       __unwindtable$?setSelectedStep@PlanSelector@@QAEXHH@Z 00478840     workmodels.obj
 0002:000548a8       __ehfuncinfo$?setSelectedOperation@PlanSelector@@QAEXHHH@Z 004788a8     workmodels.obj
 0002:000548cc       __unwindtable$?setSelectedOperation@PlanSelector@@QAEXHHH@Z 004788cc     workmodels.obj
 0002:00054954       __unwindtable$??0PlanController@@QAE@PAVQObject@@@Z 00478954     workmodels.obj
 0002:00054954       __unwindtable$??0configFileHandler@@QAE@PAVQObject@@@Z 00478954     configfilehandler.obj
 0002:00054954       __unwindtable$??0StatusViewWatcher@@QAE@PAVQObject@@@Z 00478954     workmodels.obj
 0002:0005495c       __ehfuncinfo$??0StatusViewWatcher@@QAE@PAVQObject@@@Z 0047895c     workmodels.obj
 0002:0005495c       __ehfuncinfo$??0configFileHandler@@QAE@PAVQObject@@@Z 0047895c     configfilehandler.obj
 0002:0005495c       __ehfuncinfo$??0PlanController@@QAE@PAVQObject@@@Z 0047895c     workmodels.obj
 0002:00054980       __unwindtable$??_GStatusViewWatcher@@UAEPAXI@Z 00478980     workmodels.obj
 0002:00054988       __ehfuncinfo$??_GStatusViewWatcher@@UAEPAXI@Z 00478988     workmodels.obj
 0002:000549ac       __unwindtable$?onMachineConfigChanged@TargetMachineObject@@QAE_NXZ 004789ac     workmodels.obj
 0002:000549b4       __ehfuncinfo$?onMachineConfigChanged@TargetMachineObject@@QAE_NXZ 004789b4     workmodels.obj
 0002:000549d8       __unwindtable$??1?$QForeachContainer@V?$QList@VOperationParamData@@@@@@QAE@XZ 004789d8     configfilehandler.obj
 0002:000549d8       __unwindtable$??1?$QForeachContainer@V?$QList@PAVQObject@@@@@@QAE@XZ 004789d8     workmodels.obj
 0002:000549d8       __unwindtable$??1?$QForeachContainer@$$CBV?$QList@VOperationParamData@@@@@@QAE@XZ 004789d8     environmentvariant.obj
 0002:000549e0       __ehfuncinfo$??1?$QForeachContainer@V?$QList@PAVQObject@@@@@@QAE@XZ 004789e0     workmodels.obj
 0002:000549e0       __ehfuncinfo$??1?$QForeachContainer@V?$QList@VOperationParamData@@@@@@QAE@XZ 004789e0     configfilehandler.obj
 0002:000549e0       __ehfuncinfo$??1?$QForeachContainer@$$CBV?$QList@VOperationParamData@@@@@@QAE@XZ 004789e0     environmentvariant.obj
 0002:00054a04       __ehfuncinfo$?doCheck@SubThreadCheckWorker@@QAEXABVQJsonObject@@@Z 00478a04     workflowChecker.obj
 0002:00054a28       __unwindtable$?doCheck@SubThreadCheckWorker@@QAEXABVQJsonObject@@@Z 00478a28     workflowChecker.obj
 0002:00054b20       __ehfuncinfo$?configChecker@SubThreadCheckWorker@@QAEXABVQJsonArray@@@Z 00478b20     workflowChecker.obj
 0002:00054b44       __unwindtable$?configChecker@SubThreadCheckWorker@@QAEXABVQJsonArray@@@Z 00478b44     workflowChecker.obj
 0002:00054bcc       __ehfuncinfo$?CheckBoardConstraint@SubThreadCheckWorker@@IAE_NABVQJsonObject@@@Z 00478bcc     workflowChecker.obj
 0002:00054bf0       __unwindtable$?CheckBoardConstraint@SubThreadCheckWorker@@IAE_NABVQJsonObject@@@Z 00478bf0     workflowChecker.obj
 0002:00054ca0       __ehfuncinfo$?CheckParamConstraint@SubThreadCheckWorker@@IAE_NABVQJsonObject@@@Z 00478ca0     workflowChecker.obj
 0002:00054cc4       __unwindtable$?CheckParamConstraint@SubThreadCheckWorker@@IAE_NABVQJsonObject@@@Z 00478cc4     workflowChecker.obj
 0002:00054e2c       __ehfuncinfo$?isFilteredCommand@SubThreadCheckWorker@@IAE_NABVQJsonObject@@@Z 00478e2c     workflowChecker.obj
 0002:00054e50       __unwindtable$?isFilteredCommand@SubThreadCheckWorker@@IAE_NABVQJsonObject@@@Z 00478e50     workflowChecker.obj
 0002:00054ed8       __ehfuncinfo$??0WorkflowCheckerController@@QAE@PAVQObject@@@Z 00478ed8     workflowChecker.obj
 0002:00054efc       __unwindtable$??0WorkflowCheckerController@@QAE@PAVQObject@@@Z 00478efc     workflowChecker.obj
 0002:00054f2c       __unwindtable$?statusChanged@WorkflowCheckerController@@QAEXABVQJsonObject@@@Z 00478f2c     workflowChecker.obj
 0002:00054f2c       __unwindtable$?statusChanged@WorkflowController@@QAEXABVQJsonObject@@@Z 00478f2c     workflowprotocol.obj
 0002:00054f3c       __ehfuncinfo$?statusChanged@WorkflowController@@QAEXABVQJsonObject@@@Z 00478f3c     workflowprotocol.obj
 0002:00054f3c       __ehfuncinfo$?statusChanged@WorkflowCheckerController@@QAEXABVQJsonObject@@@Z 00478f3c     workflowChecker.obj
 0002:00054f60       __unwindtable$?qt_metatype_id@?$QMetaTypeId@VQSequentialIterableImpl@QtMetaTypePrivate@@@@SAHXZ 00478f60     moc_workmodels.obj
 0002:00054f60       __unwindtable$?qt_metatype_id@?$QMetaTypeId@V?$QList@PAVQObject@@@@@@SAHXZ 00478f60     moc_workmodels.obj
 0002:00054f68       __ehfuncinfo$?qt_metatype_id@?$QMetaTypeId@VQSequentialIterableImpl@QtMetaTypePrivate@@@@SAHXZ 00478f68     moc_workmodels.obj
 0002:00054f68       __ehfuncinfo$?qt_metatype_id@?$QMetaTypeId@V?$QList@PAVQObject@@@@@@SAHXZ 00478f68     moc_workmodels.obj
 0002:00054f8c       __unwindtable$?qt_static_metacall@OperationParamSelector@@CAXPAVQObject@@W4Call@QMetaObject@@HPAPAX@Z 00478f8c     moc_workmodels.obj
 0002:00054f94       __ehfuncinfo$?qt_static_metacall@OperationParamSelector@@CAXPAVQObject@@W4Call@QMetaObject@@HPAPAX@Z 00478f94     moc_workmodels.obj
 0002:00054fb8       __unwindtable$?setIntListValue@OperationParamObject@@QAEXABV?$QList@H@@@Z 00478fb8     moc_workmodels.obj
 0002:00054fb8       __unwindtable$?setParamModel@OperationParamSelector@@QAEXABV?$QList@PAVQObject@@@@@Z 00478fb8     moc_workmodels.obj
 0002:00054fb8       __unwindtable$?clear@?$QList@UloopControl@SubThreadWorker@@@@QAEXXZ 00478fb8     workflowprotocol.obj
 0002:00054fb8       __unwindtable$?setParamListModel@PlanSelector@@QAEXABV?$QList@PAVQObject@@@@@Z 00478fb8     moc_workmodels.obj
 0002:00054fb8       __unwindtable$??4OperationParamData@@QAEAAV0@ABV0@@Z 00478fb8     configfilehandler.obj
 0002:00054fc0       __ehfuncinfo$?setParamModel@OperationParamSelector@@QAEXABV?$QList@PAVQObject@@@@@Z 00478fc0     moc_workmodels.obj
 0002:00054fc0       __ehfuncinfo$?setIntListValue@OperationParamObject@@QAEXABV?$QList@H@@@Z 00478fc0     moc_workmodels.obj
 0002:00054fc0       __ehfuncinfo$?setParamListModel@PlanSelector@@QAEXABV?$QList@PAVQObject@@@@@Z 00478fc0     moc_workmodels.obj
 0002:00054fc0       __ehfuncinfo$??4OperationParamData@@QAEAAV0@ABV0@@Z 00478fc0     configfilehandler.obj
 0002:00054fc0       __ehfuncinfo$?clear@?$QList@UloopControl@SubThreadWorker@@@@QAEXXZ 00478fc0     workflowprotocol.obj
 0002:00054fe4       __unwindtable$?qt_static_metacall@PlanSelector@@CAXPAVQObject@@W4Call@QMetaObject@@HPAPAX@Z 00478fe4     moc_workmodels.obj
 0002:00055004       __ehfuncinfo$?qt_static_metacall@PlanSelector@@CAXPAVQObject@@W4Call@QMetaObject@@HPAPAX@Z 00479004     moc_workmodels.obj
 0002:00055028       __unwindtable$?qt_static_metacall@WorkLocationManager@@CAXPAVQObject@@W4Call@QMetaObject@@HPAPAX@Z 00479028     moc_workmodels.obj
 0002:00055038       __ehfuncinfo$?qt_static_metacall@WorkLocationManager@@CAXPAVQObject@@W4Call@QMetaObject@@HPAPAX@Z 00479038     moc_workmodels.obj
 0002:0005505c       __unwindtable$?qt_metatype_id@?$QMetaTypeId@V?$QList@H@@@@SAHXZ 0047905c     moc_workmodels.obj
 0002:00055064       __ehfuncinfo$?qt_metatype_id@?$QMetaTypeId@V?$QList@H@@@@SAHXZ 00479064     moc_workmodels.obj
 0002:00055088       __unwindtable$?Construct@?$QMetaTypeFunctionHelper@V?$QList@H@@$00@QtMetaTypePrivate@@SAPAXPAXPBX@Z 00479088     moc_workmodels.obj
 0002:00055088       __unwindtable$?Construct@?$QMetaTypeFunctionHelper@V?$QList@PAVQObject@@@@$00@QtMetaTypePrivate@@SAPAXPAXPBX@Z 00479088     moc_workmodels.obj
 0002:00055090       __ehfuncinfo$?Construct@?$QMetaTypeFunctionHelper@V?$QList@H@@$00@QtMetaTypePrivate@@SAPAXPAXPBX@Z 00479090     moc_workmodels.obj
 0002:00055090       __ehfuncinfo$?Construct@?$QMetaTypeFunctionHelper@V?$QList@PAVQObject@@@@$00@QtMetaTypePrivate@@SAPAXPAXPBX@Z 00479090     moc_workmodels.obj
 0002:000550b4       __unwindtable$?Destruct@?$QMetaTypeFunctionHelper@V?$QList@PAVQObject@@@@$00@QtMetaTypePrivate@@SAXPAX@Z 004790b4     moc_workmodels.obj
 0002:000550b4       __unwindtable$??__Fdummy@?A0x60b45615@@YAXXZ 004790b4     qrc_qml.obj
 0002:000550b4       __unwindtable$??__Ff@?4??registerConverter@?$ValueTypeIsMetaType@V?$QList@H@@$00@QtPrivate@@SA_NH@Z@YAXXZ 004790b4     moc_workmodels.obj
 0002:000550b4       __unwindtable$?Destruct@?$QMetaTypeFunctionHelper@V?$QList@H@@$00@QtMetaTypePrivate@@SAXPAX@Z 004790b4     moc_workmodels.obj
 0002:000550b4       __unwindtable$??__Ff@?4??registerConverter@?$ValueTypeIsMetaType@V?$QList@PAVQObject@@@@$00@QtPrivate@@SA_NH@Z@YAXXZ 004790b4     moc_workmodels.obj
 0002:000550bc       __ehfuncinfo$??__Ff@?4??registerConverter@?$ValueTypeIsMetaType@V?$QList@PAVQObject@@@@$00@QtPrivate@@SA_NH@Z@YAXXZ 004790bc     moc_workmodels.obj
 0002:000550bc       __ehfuncinfo$??__Ff@?4??registerConverter@?$ValueTypeIsMetaType@V?$QList@H@@$00@QtPrivate@@SA_NH@Z@YAXXZ 004790bc     moc_workmodels.obj
 0002:000550bc       __ehfuncinfo$?Destruct@?$QMetaTypeFunctionHelper@V?$QList@PAVQObject@@@@$00@QtMetaTypePrivate@@SAXPAX@Z 004790bc     moc_workmodels.obj
 0002:000550bc       __ehfuncinfo$?Destruct@?$QMetaTypeFunctionHelper@V?$QList@H@@$00@QtMetaTypePrivate@@SAXPAX@Z 004790bc     moc_workmodels.obj
 0002:000550bc       __ehfuncinfo$??__Fdummy@?A0x60b45615@@YAXXZ 004790bc     qrc_qml.obj
 0002:000550e0       __sehtable$___scrt_is_nonwritable_in_current_image 004790e0     MSVCRT:utility.obj
 0002:00055100       __sehtable$?__scrt_common_main_seh@@YAHXZ 00479100     MSVCRT:exe_winmain.obj
 0002:00055868       .idata$6                   00479868     DbgHelp:dbghelp.dll
 0002:0005596c       .idata$6                   0047996c     Qt5Quick:Qt5Quick.dll
 0002:00055cc4       .idata$6                   00479cc4     Qt5Gui:Qt5Gui.dll
 0002:00055e20       .idata$6                   00479e20     Qt5Qml:Qt5Qml.dll
 0002:00055f32       .idata$6                   00479f32     Qt5Network:Qt5Network.dll
 0002:00058280       .idata$6                   0047c280     Qt5Core:Qt5Core.dll
 0002:00058472       .idata$6                   0047c472     kernel32:KERNEL32.dll
 0002:00058556       .idata$6                   0047c556     vcruntime:VCRUNTIME140.dll
 0002:00058736       .idata$6                   0047c736     ucrt:api-ms-win-crt-heap-l1-1-0.dll
 0002:00058756       .idata$6                   0047c756     ucrt:api-ms-win-crt-runtime-l1-1-0.dll
 0002:00058778       .idata$6                   0047c778     ucrt:api-ms-win-crt-math-l1-1-0.dll
 0002:00058798       .idata$6                   0047c798     ucrt:api-ms-win-crt-stdio-l1-1-0.dll
 0002:000587b8       .idata$6                   0047c7b8     ucrt:api-ms-win-crt-locale-l1-1-0.dll
 0002:000587f0       .idata$6                   0047c7f0     shell32:SHELL32.dll
 0003:000007bc       ?_Tss_mutex@@3U_RTL_CRITICAL_SECTION@@A 0047d7bc     MSVCRT:thread_safe_statics.obj
 0003:000007d4       ?_Tss_cv@@3U_RTL_CONDITION_VARIABLE@@A 0047d7d4     MSVCRT:thread_safe_statics.obj
 0003:000007d8       ?_Tss_event@@3PAXA         0047d7d8     MSVCRT:thread_safe_statics.obj
 0003:000007dc       ?encoded_sleep_condition_variable_cs@@3P6GHPAU_RTL_CONDITION_VARIABLE@@PAU_RTL_CRITICAL_SECTION@@K@ZA 0047d7dc     MSVCRT:thread_safe_statics.obj
 0003:000007e0       ?encoded_wake_all_condition_variable@@3P6GXPAU_RTL_CONDITION_VARIABLE@@@ZA 0047d7e0     MSVCRT:thread_safe_statics.obj
 0003:000007f0       ?module_local_atexit_table@@3U_onexit_table_t@@A 0047d7f0     MSVCRT:utility.obj
 0003:000007fc       ?module_local_at_quick_exit_table@@3U_onexit_table_t@@A 0047d7fc     MSVCRT:utility.obj
 0003:00000808       ?is_initialized_as_dll@@3_NA 0047d808     MSVCRT:utility.obj
 0003:00000810       _GS_ExceptionRecord        0047d810     MSVCRT:gs_report.obj
 0003:00000860       _GS_ContextRecord          0047d860     MSVCRT:gs_report.obj
 0005:00000000       __guard_fids__             0047f000     MSVCRT:thread_safe_statics.obj
 0005:00000004       __guard_fids_?__scrt_initialize_thread_safe_statics@@YAHXZ 0047f004     MSVCRT:thread_safe_statics.obj
 0005:00000008       __guard_fids__             0047f008     MSVCRT:std_type_info_static.obj
 0005:0000000c       __guard_fids__             0047f00c     MSVCRT:exe_winmain.obj
 0005:00000010       __guard_fids__             0047f010     MSVCRT:exe_winmain.obj
 0005:00000014       __guard_fids__             0047f014     MSVCRT:exe_winmain.obj
 0005:00000018       __guard_fids_?pre_c_initialization@@YAHXZ 0047f018     MSVCRT:exe_winmain.obj
 0005:00000020       __guard_fids__             0047f020     MSVCRT:throw_bad_alloc.obj
 0005:00000028       __guard_fids__             0047f028     MSVCRT:throw_bad_alloc.obj
 0005:00000030       __guard_fids__             0047f030     MSVCRT:throw_bad_alloc.obj
 0005:00000038       __guard_fids__             0047f038     MSVCRT:throw_bad_alloc.obj
 0005:0000003c       __guard_fids__             0047f03c     MSVCRT:throw_bad_alloc.obj
 0005:00000040       __guard_fids__             0047f040     MSVCRT:throw_bad_alloc.obj
 0005:00000044       __guard_fids__             0047f044     MSVCRT:throw_bad_alloc.obj
 0005:00000048       __guard_fids__             0047f048     MSVCRT:throw_bad_alloc.obj
 0005:0000004c       __guard_fids____scrt_set_unhandled_exception_filter 0047f04c     MSVCRT:utility_desktop.obj
 0005:00000050       __guard_fids___except_handler4 0047f050     MSVCRT:_chandler4gs_.obj
 0005:00000054       __guard_fids__             0047f054     MSVCRT:guard_support.obj
 0006:00000060       $R000000                   00480060     * linker generated manifest res *
