 MindGoTool_AllInOne

 Timestamp is 5969d743 (Sat Jul 15 16:50:11 2017)

 Preferred load address is 00400000

 Start         Length     Name                   Class
 0001:00000000 00000110H .text$di                CODE
 0001:00000110 0001ca40H .text$mn                CODE
 0001:0001cb50 00003a50H .text$x                 CODE
 0001:000205a0 000000fdH .text$yd                CODE
 0002:00000000 00000580H .idata$5                DATA
 0002:00000580 00000004H .00cfg                  DATA
 0002:00000584 00000004H .CRT$XCA                DATA
 0002:00000588 00000004H .CRT$XCAA               DATA
 0002:0000058c 0000003cH .CRT$XCU                DATA
 0002:000005c8 00000004H .CRT$XCZ                DATA
 0002:000005cc 00000004H .CRT$XIA                DATA
 0002:000005d0 00000004H .CRT$XIAA               DATA
 0002:000005d4 00000004H .CRT$XIAC               DATA
 0002:000005d8 00000004H .CRT$XIC                DATA
 0002:000005dc 00000004H .CRT$XIZ                DATA
 0002:000005e0 00000004H .CRT$XLA                DATA
 0002:000005e4 00000004H .CRT$XLZ                DATA
 0002:000005e8 00000004H .CRT$XPA                DATA
 0002:000005ec 00000004H .CRT$XPZ                DATA
 0002:000005f0 00000004H .CRT$XTA                DATA
 0002:000005f4 0000000cH .CRT$XTZ                DATA
 0002:00000600 0004e674H .rdata                  DATA
 0002:0004ec74 00000018H .rdata$T                DATA
 0002:0004ec8c 000009a4H .rdata$r                DATA
 0002:0004f630 0000024cH .rdata$sxdata           DATA
 0002:0004f87c 000003ccH .rdata$zzzdbg           DATA
 0002:0004fc48 00000004H .rtc$IAA                DATA
 0002:0004fc4c 00000004H .rtc$IZZ                DATA
 0002:0004fc50 00000004H .rtc$TAA                DATA
 0002:0004fc54 00000004H .rtc$TZZ                DATA
 0002:0004fc58 00004384H .xdata$x                DATA
 0002:00053fdc 00000000H .edata                  DATA
 0002:00053fdc 00000118H .idata$2                DATA
 0002:000540f4 00000014H .idata$3                DATA
 0002:00054108 00000580H .idata$4                DATA
 0002:00054688 00002ff8H .idata$6                DATA
 0003:00000000 00000178H .data                   DATA
 0003:00000178 00000508H .data$r                 DATA
 0003:00000680 00000420H .bss                    DATA
 0004:00000000 00000004H .tls                    DATA
 0004:00000004 00000004H .tls$                   DATA
 0004:00000008 00000001H .tls$ZZZ                DATA
 0005:00000000 00000058H .gfids$y                DATA
 0006:00000000 00000060H .rsrc$01                DATA
 0006:00000060 00000290H .rsrc$02                DATA

  Address         Publics by Value              Rva+Base       Lib:Object

 0000:00000000       ___guard_longjmp_count     00000000     <absolute>
 0000:00000000       ___guard_fids_count        00000000     <absolute>
 0000:00000000       ___guard_longjmp_table     00000000     <absolute>
 0000:00000000       ___guard_iat_count         00000000     <absolute>
 0000:00000000       ___guard_fids_table        00000000     <absolute>
 0000:00000000       ___dynamic_value_reloc_table 00000000     <absolute>
 0000:00000000       ___guard_iat_table         00000000     <absolute>
 0000:0000002c       __tls_array                0000002c     <absolute>
 0000:00000093       ___safe_se_handler_count   00000093     <absolute>
 0000:00000100       ___guard_flags             00000100     <absolute>
 0000:00000000       ___ImageBase               00400000     <linker-defined>
 0001:00000110       ??0Communication@@QAE@XZ   00401110 f   communication.obj
 0001:00000130       ?connectToServer@Communication@@QAE_NABVQString@@G@Z 00401130 f   communication.obj
 0001:00000250       ?disconnect@Communication@@QAEXXZ 00401250 f   communication.obj
 0001:00000270       ?readData@Communication@@QAE?AVQByteArray@@H@Z 00401270 f   communication.obj
 0001:000002f0       ?write@Communication@@QAE_JABVQByteArray@@@Z 004012f0 f   communication.obj
 0001:00000340       ??$connect@P8QThread@@AEXUQPrivateSignal@1@@ZP8QObject@@AEXXZ@QObject@@SA?AVConnection@QMetaObject@@PBVQThread@@P83@AEXUQPrivateSignal@3@@ZPBV0@P80@AEXXZW4ConnectionType@Qt@@@Z 00401340 f i workflowprotocol.obj
 0001:000003a0       ??$connect@P8SubThreadWorker@@AEXABVQJsonObject@@@ZP8WorkflowController@@AEX0@Z@QObject@@SA?AVConnection@QMetaObject@@PBVSubThreadWorker@@P83@AEXABVQJsonObject@@@ZPBVWorkflowController@@P85@AEX1@ZW4ConnectionType@Qt@@@Z 004013a0 f i workflowprotocol.obj
 0001:00000410       ??$connect@P8SubThreadWorker@@AEX_NH@ZP8WorkflowController@@AEX0H@Z@QObject@@SA?AVConnection@QMetaObject@@PBVSubThreadWorker@@P83@AEX_NH@ZPBVWorkflowController@@P84@AEX1H@ZW4ConnectionType@Qt@@@Z 00401410 f i workflowprotocol.obj
 0001:00000480       ??$connect@P8WorkflowController@@AEXABVQJsonObject@@@ZP8SubThreadWorker@@AEX0@Z@QObject@@SA?AVConnection@QMetaObject@@PBVWorkflowController@@P83@AEXABVQJsonObject@@@ZPBVSubThreadWorker@@P85@AEX1@ZW4ConnectionType@Qt@@@Z 00401480 f i workflowprotocol.obj
 0001:000004f0       ??$connect@P8WorkflowController@@AEXABVQString@@@ZP8SubThreadWorker@@AEX0@Z@QObject@@SA?AVConnection@QMetaObject@@PBVWorkflowController@@P83@AEXABVQString@@@ZPBVSubThreadWorker@@P85@AEX1@ZW4ConnectionType@Qt@@@Z 004014f0 f i workflowprotocol.obj
 0001:00000560       ??$connect@P8WorkflowController@@AEXABVQString@@G@ZP8SubThreadWorker@@AEX0G@Z@QObject@@SA?AVConnection@QMetaObject@@PBVWorkflowController@@P83@AEXABVQString@@G@ZPBVSubThreadWorker@@P85@AEX1G@ZW4ConnectionType@Qt@@@Z 00401560 f i workflowprotocol.obj
 0001:000005d0       ??$connect@P8WorkflowController@@AEXXZP8SubThreadWorker@@AEXXZ@QObject@@SA?AVConnection@QMetaObject@@PBVWorkflowController@@P83@AEXXZPBVSubThreadWorker@@P84@AEXXZW4ConnectionType@Qt@@@Z 004015d0 f i workflowprotocol.obj
 0001:00000630       ??$formatWord@E@WorkflowProtocol@@IAE?AVQByteArray@@E@Z 00401630 f i workflowprotocol.obj
 0001:00000660       ??$formatWord@G@WorkflowProtocol@@IAE?AVQByteArray@@G@Z 00401660 f i workflowprotocol.obj
 0001:00000690       ??$qMakeForeachContainer@AAV?$QList@VQString@@@@@QtPrivate@@YA?AV?$QForeachContainer@V?$QList@VQString@@@@@0@AAV?$QList@VQString@@@@@Z 00401690 f i workflowprotocol.obj
 0001:000006d0       ??$qMakeForeachContainer@ABVQStringList@@@QtPrivate@@YA?AV?$QForeachContainer@VQStringList@@@0@ABVQStringList@@@Z 004016d0 f i environmentvariant.obj
 0001:000006d0       ??$qMakeForeachContainer@AAVQStringList@@@QtPrivate@@YA?AV?$QForeachContainer@VQStringList@@@0@AAVQStringList@@@Z 004016d0 f i workflowprotocol.obj
 0001:00000710       ??0?$QList@VQString@@@@QAE@ABV0@@Z 00401710 f i workflowprotocol.obj
 0001:000007c0       ??0WorkflowController@@QAE@PAVQObject@@@Z 004017c0 f   workflowprotocol.obj
 0001:000009b0       ??1?$QList@VQString@@@@QAE@XZ 004019b0 f i workflowprotocol.obj
 0001:00000a40       ??1Communication@@QAE@XZ   00401a40 f i workflowprotocol.obj
 0001:00000a50       ??1QStringList@@QAE@XZ     00401a50 f i workflowprotocol.obj
 0001:00000a50       ??1?$QForeachContainer@VQStringList@@@QtPrivate@@QAE@XZ 00401a50 f i workflowprotocol.obj
 0001:00000a60       ??1SubThreadWorker@@UAE@XZ 00401a60 f   workflowprotocol.obj
 0001:00000b00       ??1WorkflowController@@UAE@XZ 00401b00 f   workflowprotocol.obj
 0001:00000b70       ??4?$QList@UloopControl@SubThreadWorker@@@@QAEAAV0@$$QAV0@@Z 00401b70 f i workflowprotocol.obj
 0001:00000c20       ??_GRunningStateChangeEvent@@UAEPAXI@Z 00401c20 f i workflowprotocol.obj
 0001:00000c20       ??_ERunningStateChangeEvent@@UAEPAXI@Z 00401c20 f i workflowprotocol.obj
 0001:00000c50       ??_GStatusChangeEvent@@UAEPAXI@Z 00401c50 f i workflowprotocol.obj
 0001:00000c50       ??_EStatusChangeEvent@@UAEPAXI@Z 00401c50 f i workflowprotocol.obj
 0001:00000c50       ??_GCheckStateChangeEvent@@UAEPAXI@Z 00401c50 f i workflowChecker.obj
 0001:00000c50       ??_ECheckStateChangeEvent@@UAEPAXI@Z 00401c50 f i workflowChecker.obj
 0001:00000c80       ??_ESubThreadWorker@@UAEPAXI@Z 00401c80 f i workflowprotocol.obj
 0001:00000c80       ??_GSubThreadWorker@@UAEPAXI@Z 00401c80 f i workflowprotocol.obj
 0001:00000ca0       ??_GWorkflowController@@UAEPAXI@Z 00401ca0 f i workflowprotocol.obj
 0001:00000ca0       ??_EWorkflowController@@UAEPAXI@Z 00401ca0 f i workflowprotocol.obj
 0001:00000d30       ?append@?$QList@UloopControl@SubThreadWorker@@@@QAEXABUloopControl@SubThreadWorker@@@Z 00401d30 f i workflowprotocol.obj
 0001:00000de0       ?append@?$QList@VQString@@@@QAEXABVQString@@@Z 00401de0 f i workflowprotocol.obj
 0001:00000e90       ?changeHost@SubThreadWorker@@QAEXABVQString@@G@Z 00401e90 f   workflowprotocol.obj
 0001:00000eb0       ?clear@?$QList@UloopControl@SubThreadWorker@@@@QAEXXZ 00401eb0 f i workflowprotocol.obj
 0001:00000f50       ?configProtocol@SubThreadWorker@@QAEXABVQString@@@Z 00401f50 f   workflowprotocol.obj
 0001:00000f60       ?dealloc@?$QList@UloopControl@SubThreadWorker@@@@AAEXPAUData@QListData@@@Z 00401f60 f i workflowprotocol.obj
 0001:00000fb0       ?detach_helper@?$QList@UloopControl@SubThreadWorker@@@@AAEXH@Z 00401fb0 f i workflowprotocol.obj
 0001:00001080       ?detach_helper_grow@?$QList@UloopControl@SubThreadWorker@@@@AAEPAUNode@1@HH@Z 00402080 f i workflowprotocol.obj
 0001:000011d0       ?detach_helper_grow@?$QList@VQString@@@@AAEPAUNode@1@HH@Z 004021d0 f i workflowprotocol.obj
 0001:00001350       ?doTunning@SubThreadWorker@@QAEXABVQJsonObject@@@Z 00402350 f   workflowprotocol.obj
 0001:00001480       ?doWork@SubThreadWorker@@QAEXABVQJsonObject@@@Z 00402480 f   workflowprotocol.obj
 0001:000017b0       ?erase@?$QList@UloopControl@SubThreadWorker@@@@QAE?AViterator@1@V21@@Z 004027b0 f i workflowprotocol.obj
 0001:00001830       ?formatRecvFrameToJsonObject@WorkflowProtocol@@QAE_NAAVQJsonObject@@@Z 00402830 f   workflowprotocol.obj
 0001:000018d0       ?handleControlCommand@SubThreadWorker@@IAE_NAAVCommunication@@AAVQJsonObject@@@Z 004028d0 f   workflowprotocol.obj
 0001:00002270       ?handleLogicalCommand@SubThreadWorker@@IAE_NAAVQJsonObject@@AAH@Z 00403270 f   workflowprotocol.obj
 0001:000029f0       ?handleLoopCommand@SubThreadWorker@@IAE_NAAVQJsonObject@@AAH@Z 004039f0 f   workflowprotocol.obj
 0001:00003180       ?impl@?$QSlotObject@P8SubThreadWorker@@AEXABVQString@@G@ZU?$List@ABVQString@@G@QtPrivate@@X@QtPrivate@@CAXHPAVQSlotObjectBase@2@PAVQObject@@PAPAXPA_N@Z 00404180 f i workflowprotocol.obj
 0001:000031e0       ?impl@?$QSlotObject@P8QObject@@AEXXZU?$List@$$V@QtPrivate@@X@QtPrivate@@CAXHPAVQSlotObjectBase@2@PAVQObject@@PAPAXPA_N@Z 004041e0 f i workflowprotocol.obj
 0001:000031e0       ?impl@?$QSlotObject@P8StatusViewWatcher@@AEXXZU?$List@$$V@QtPrivate@@X@QtPrivate@@CAXHPAVQSlotObjectBase@2@PAVQObject@@PAPAXPA_N@Z 004041e0 f i workmodels.obj
 0001:000031e0       ?impl@?$QSlotObject@P8SubThreadWorker@@AEXXZU?$List@$$V@QtPrivate@@X@QtPrivate@@CAXHPAVQSlotObjectBase@2@PAVQObject@@PAPAXPA_N@Z 004041e0 f i workflowprotocol.obj
 0001:000031e0       ?impl@?$QSlotObject@P8SubThreadCheckWorker@@AEXXZU?$List@$$V@QtPrivate@@X@QtPrivate@@CAXHPAVQSlotObjectBase@2@PAVQObject@@PAPAXPA_N@Z 004041e0 f i workflowChecker.obj
 0001:00003230       ?impl@?$QSlotObject@P8WorkflowController@@AEX_NH@ZU?$List@_NH@QtPrivate@@X@QtPrivate@@CAXHPAVQSlotObjectBase@2@PAVQObject@@PAPAXPA_N@Z 00404230 f i workflowprotocol.obj
 0001:00003290       ?init@WorkflowController@@QAEXABVQString@@@Z 00404290 f   workflowprotocol.obj
 0001:000032a0       ?initProtocol@WorkflowProtocol@@QAE_NABVQString@@@Z 004042a0 f   workflowprotocol.obj
 0001:000033f0       ?isLogicalCommand@SubThreadWorker@@IAE_NABVQString@@@Z 004043f0 f   workflowprotocol.obj
 0001:000035e0       ?isLoopCommand@SubThreadWorker@@IAE_NABVQString@@@Z 004045e0 f   workflowprotocol.obj
 0001:000037f0       ?node_copy@?$QList@UloopControl@SubThreadWorker@@@@AAEXPAUNode@1@00@Z 004047f0 f i workflowprotocol.obj
 0001:00003890       ?node_copy@?$QList@VQString@@@@AAEXPAUNode@1@00@Z 00404890 f i workflowprotocol.obj
 0001:000038d0       ?node_destruct@?$QList@UloopControl@SubThreadWorker@@@@AAEXPAUNode@1@0@Z 004048d0 f i workflowprotocol.obj
 0001:00003900       ?node_destruct@?$QList@VQString@@@@AAEXPAUNode@1@0@Z 00404900 f i workflowprotocol.obj
 0001:00003930       ?parseAckFrame@WorkflowProtocol@@QAE_NABVQByteArray@@AAVQJsonObject@@@Z 00404930 f   workflowprotocol.obj
 0001:00003a10       ?parseJsonObjectToSendFrame@WorkflowProtocol@@QAE_NABVQJsonObject@@AAV2@@Z 00404a10 f   workflowprotocol.obj
 0001:00004090       ?pop_back@?$QList@UloopControl@SubThreadWorker@@@@QAEXXZ 00405090 f i workflowprotocol.obj
 0001:000040d0       ?runTask@WorkflowController@@QAEXABVQJsonObject@@@Z 004050d0 f   workflowprotocol.obj
 0001:00004120       ?runTunning@WorkflowController@@QAEXABVQJsonObject@@@Z 00405120 f   workflowprotocol.obj
 0001:00004170       ?serializeSendFrame@WorkflowProtocol@@QAE?AVQByteArray@@XZ 00405170 f   workflowprotocol.obj
 0001:000042d0       ?sethost@WorkflowController@@QAEXABVQString@@G@Z 004052d0 f   workflowprotocol.obj
 0001:000042e0       ?statusChanged@WorkflowController@@QAEXABVQJsonObject@@@Z 004052e0 f   workflowprotocol.obj
 0001:00004380       ?stopCurrentTask@WorkflowController@@QAEXXZ 00405380 f   workflowprotocol.obj
 0001:000043a0       ?stopTask@SubThreadWorker@@QAEXXZ 004053a0 f   workflowprotocol.obj
 0001:000043b0       ?taskStateChanged@WorkflowController@@QAEX_NH@Z 004053b0 f   workflowprotocol.obj
 0001:00004440       ?types@?$ConnectionTypes@U?$List@ABVQJsonObject@@@QtPrivate@@$00@QtPrivate@@SAPBHXZ 00405440 f i workflowprotocol.obj
 0001:000044a0       ?types@?$ConnectionTypes@U?$List@ABVQString@@@QtPrivate@@$00@QtPrivate@@SAPBHXZ 004054a0 f i workflowprotocol.obj
 0001:00004500       ?types@?$ConnectionTypes@U?$List@ABVQString@@G@QtPrivate@@$00@QtPrivate@@SAPBHXZ 00405500 f i workflowprotocol.obj
 0001:00004570       ?types@?$ConnectionTypes@U?$List@_NH@QtPrivate@@$00@QtPrivate@@SAPBHXZ 00405570 f i workflowprotocol.obj
 0001:000045e0       ?unserializeRecvFrame@WorkflowProtocol@@QAEXABVQByteArray@@@Z 004055e0 f   workflowprotocol.obj
 0001:00004720       ??$qMakePair@VQString@@V?$QList@VSingleOperationData@@@@@@YA?AU?$QPair@VQString@@V?$QList@VSingleOperationData@@@@@@ABVQString@@ABV?$QList@VSingleOperationData@@@@@Z 00405720 f i configfilehandler.obj
 0001:00004780       ??0?$QList@VOperationParamData@@@@QAE@ABV0@@Z 00405780 f i configfilehandler.obj
 0001:00004830       ??0?$QList@VSingleOperationData@@@@QAE@ABV0@@Z 00405830 f i configfilehandler.obj
 0001:000048e0       ??0OperationParamData@@QAE@ABV0@@Z 004058e0 f i configfilehandler.obj
 0001:00004a50       ??0OperationParamData@@QAE@ABVQString@@00ABVQStringList@@_NHH0V?$QList@H@@00HH@Z 00405a50 f i configfilehandler.obj
 0001:00004bf0       ??0configFileHandler@@QAE@PAVQObject@@@Z 00405bf0 f   configfilehandler.obj
 0001:00004c50       ??1?$QForeachContainer@V?$QList@VOperationParamData@@@@@QtPrivate@@QAE@XZ 00405c50 f i configfilehandler.obj
 0001:00004cb0       ??1?$QList@H@@QAE@XZ       00405cb0 f i configfilehandler.obj
 0001:00004cb0       ??1?$QList@PAVQObject@@@@QAE@XZ 00405cb0 f i workmodels.obj
 0001:00004d10       ??1?$QList@VQByteArray@@@@QAE@XZ 00405d10 f i configfilehandler.obj
 0001:00004da0       ??1?$QList@VSingleOperationData@@@@QAE@XZ 00405da0 f i configfilehandler.obj
 0001:00004e20       ??1?$QMap@VQString@@V1@@@QAE@XZ 00405e20 f i configfilehandler.obj
 0001:00004ea0       ??1?$QMap@VQString@@VOperationParamData@@@@QAE@XZ 00405ea0 f i configfilehandler.obj
 0001:00004f40       ??1?$QMap@VQString@@VQStringList@@@@QAE@XZ 00405f40 f i configfilehandler.obj
 0001:00004fe0       ??1?$QPair@VQString@@V?$QList@VSingleOperationData@@@@@@QAE@XZ 00405fe0 f i configfilehandler.obj
 0001:00005070       ??1OperationParamData@@QAE@XZ 00406070 f i configfilehandler.obj
 0001:00005120       ??1QJsonValuePtr@@QAE@XZ   00406120 f i configfilehandler.obj
 0001:00005130       ??1SingleOperationData@@QAE@XZ 00406130 f i configfilehandler.obj
 0001:000051a0       ??4?$QList@U?$QPair@VQString@@V?$QList@VSingleOperationData@@@@@@@@QAEAAV0@$$QAV0@@Z 004061a0 f i configfilehandler.obj
 0001:00005240       ??4OperationParamData@@QAEAAV0@ABV0@@Z 00406240 f i configfilehandler.obj
 0001:00005350       ??A?$QMap@VQString@@V1@@@QAEAAVQString@@ABV1@@Z 00406350 f i configfilehandler.obj
 0001:00005410       ??A?$QMap@VQString@@VOperationParamData@@@@QBE?BVOperationParamData@@ABVQString@@@Z 00406410 f i configfilehandler.obj
 0001:000054d0       ??A?$QMap@VQString@@VQStringList@@@@QAEAAVQStringList@@ABVQString@@@Z 004064d0 f i configfilehandler.obj
 0001:00005590       ??Cconst_iterator@QJsonArray@@QBE?AVQJsonValuePtr@@XZ 00406590 f i configfilehandler.obj
 0001:00005600       ??H@YA?BVQString@@ABV0@D@Z 00406600 f i configfilehandler.obj
 0001:00005680       ??H@YA?BVQString@@ABV0@PBD@Z 00406680 f i configfilehandler.obj
 0001:00005710       ??H@YA?BVQString@@PBDABV0@@Z 00406710 f i configfilehandler.obj
 0001:00005780       ??_G?$QPair@VQString@@V?$QList@VSingleOperationData@@@@@@QAEPAXI@Z 00406780 f i configfilehandler.obj
 0001:00005820       ??_GSingleOperationData@@QAEPAXI@Z 00406820 f i configfilehandler.obj
 0001:000058a0       ??_EconfigFileHandler@@UAEPAXI@Z 004068a0 f i configfilehandler.obj
 0001:000058a0       ??_GconfigFileHandler@@UAEPAXI@Z 004068a0 f i configfilehandler.obj
 0001:000058d0       ?ConvertCSVtoJSON@configFileHandler@@QAE_NABVQString@@0@Z 004068d0 f   configfilehandler.obj
 0001:00005ac0       ?ConvertJSONtoCSV@configFileHandler@@QAE_NABVQString@@0@Z 00406ac0 f   configfilehandler.obj
 0001:00005db0       ?ImportConfig@configFileHandler@@QAE_NAAVQJsonObject@@ABVQByteArray@@@Z 00406db0 f   configfilehandler.obj
 0001:00005ef0       ?ImportPlan@configFileHandler@@QAE_NABV?$QList@VQByteArray@@@@AAVQJsonObject@@@Z 00406ef0 f   configfilehandler.obj
 0001:00006810       ?ImportWorkSpace@configFileHandler@@QAE_NABV?$QList@VQByteArray@@@@AAVQJsonObject@@@Z 00407810 f   configfilehandler.obj
 0001:00007170       ?ParseHostIP@configFileHandler@@QAE?AVQString@@XZ 00408170 f   configfilehandler.obj
 0001:00007240       ?ParseHostPort@configFileHandler@@QAEFXZ 00408240 f   configfilehandler.obj
 0001:00007320       ?ParseHostSingleOperationThreshold@configFileHandler@@QAEHXZ 00408320 f   configfilehandler.obj
 0001:00007400       ?ParseLicense@configFileHandler@@QAEXAAVQByteArray@@@Z 00408400 f   configfilehandler.obj
 0001:000074f0       ?ParseListMap@configFileHandler@@QAE?AV?$QMap@VQString@@VQStringList@@@@ABVQString@@@Z 004084f0 f   configfilehandler.obj
 0001:00007790       ?ParseMap@configFileHandler@@QAE?AV?$QMap@VQString@@V1@@@ABVQString@@@Z 00408790 f   configfilehandler.obj
 0001:000078e0       ?ParseMapRevertKeyValue@configFileHandler@@QAE?AV?$QMap@VQString@@V1@@@ABVQString@@@Z 004088e0 f   configfilehandler.obj
 0001:00007a40       ?ParseParamValue@configFileHandler@@QAE?AV?$QMap@VQString@@VOperationParamData@@@@ABVQString@@@Z 00408a40 f   configfilehandler.obj
 0001:00008b80       ?ParsePlan@configFileHandler@@QAE?AVQString@@ABVQJsonArray@@@Z 00409b80 f   configfilehandler.obj
 0001:00009240       ?ParsePlanList@configFileHandler@@QAEXAAV?$QList@U?$QPair@VQString@@V?$QList@VSingleOperationData@@@@@@@@ABV?$QMap@VQString@@VOperationParamData@@@@@Z 0040a240 f   configfilehandler.obj
 0001:00009ca0       ?ParseWorkPlaceConstraint@configFileHandler@@QAE?AVQJsonArray@@XZ 0040aca0 f   configfilehandler.obj
 0001:00009d30       ?ParseWorkSpace@configFileHandler@@QAE?AVQString@@ABVQJsonObject@@@Z 0040ad30 f   configfilehandler.obj
 0001:0000a310       ?ParseWorkSpaceTypeList@configFileHandler@@QAEXAAVQJsonObject@@@Z 0040b310 f   configfilehandler.obj
 0001:0000a3b0       ?SaveMachineConfig@configFileHandler@@QAE_NABVQString@@ABVMachineConfigData@@ABVQJsonObject@@@Z 0040b3b0 f   configfilehandler.obj
 0001:0000a700       ?SavePlanList@configFileHandler@@QAE_NABVQString@@ABV?$QList@U?$QPair@VQString@@V?$QList@VSingleOperationData@@@@@@@@ABV?$QMap@VQString@@VQStringList@@@@@Z 0040b700 f   configfilehandler.obj
 0001:0000af60       ?append@?$QList@PAVQObject@@@@QAEXABQAVQObject@@@Z 0040bf60 f i workmodels.obj
 0001:0000af60       ?append@?$QList@H@@QAEXABH@Z 0040bf60 f i configfilehandler.obj
 0001:0000aff0       ?append@?$QList@U?$QPair@VQString@@V?$QList@VSingleOperationData@@@@@@@@QAEXABU?$QPair@VQString@@V?$QList@VSingleOperationData@@@@@@@Z 0040bff0 f i configfilehandler.obj
 0001:0000b0d0       ?append@?$QList@VOperationParamData@@@@QAEXABVOperationParamData@@@Z 0040c0d0 f i configfilehandler.obj
 0001:0000b190       ?append@?$QList@VSingleOperationData@@@@QAEXABVSingleOperationData@@@Z 0040c190 f i configfilehandler.obj
 0001:0000b270       ?clear@?$QList@U?$QPair@VQString@@V?$QList@VSingleOperationData@@@@@@@@QAEXXZ 0040c270 f i configfilehandler.obj
 0001:0000b300       ?copy@?$QMapNode@VQString@@V1@@@QBEPAU1@PAU?$QMapData@VQString@@V1@@@@Z 0040c300 f i configfilehandler.obj
 0001:0000b380       ?copy@?$QMapNode@VQString@@VOperationParamData@@@@QBEPAU1@PAU?$QMapData@VQString@@VOperationParamData@@@@@Z 0040c380 f i configfilehandler.obj
 0001:0000b400       ?copy@?$QMapNode@VQString@@VQStringList@@@@QBEPAU1@PAU?$QMapData@VQString@@VQStringList@@@@@Z 0040c400 f i configfilehandler.obj
 0001:0000b480       ?createNode@?$QMapData@VQString@@V1@@@QAEPAU?$QMapNode@VQString@@V1@@@ABVQString@@0PAU2@_N@Z 0040c480 f i configfilehandler.obj
 0001:0000b4c0       ?createNode@?$QMapData@VQString@@VOperationParamData@@@@QAEPAU?$QMapNode@VQString@@VOperationParamData@@@@ABVQString@@ABVOperationParamData@@PAU2@_N@Z 0040c4c0 f i configfilehandler.obj
 0001:0000b580       ?createNode@?$QMapData@VQString@@VQStringList@@@@QAEPAU?$QMapNode@VQString@@VQStringList@@@@ABVQString@@ABVQStringList@@PAU2@_N@Z 0040c580 f i configfilehandler.obj
 0001:0000b640       ?dealloc@?$QList@VOperationParamData@@@@AAEXPAUData@QListData@@@Z 0040c640 f i configfilehandler.obj
 0001:0000b6a0       ?destroySubTree@?$QMapNode@VQString@@V1@@@QAEXXZ 0040c6a0 f i configfilehandler.obj
 0001:0000b6d0       ?destroySubTree@?$QMapNode@VQString@@VOperationParamData@@@@QAEXXZ 0040c6d0 f i configfilehandler.obj
 0001:0000b700       ?destroySubTree@?$QMapNode@VQString@@VQStringList@@@@QAEXXZ 0040c700 f i configfilehandler.obj
 0001:0000b730       ?detach_helper@?$QList@VQByteArray@@@@AAEXH@Z 0040c730 f i configfilehandler.obj
 0001:0000b820       ?detach_helper@?$QList@VQString@@@@AAEXH@Z 0040c820 f i configfilehandler.obj
 0001:0000b910       ?detach_helper@?$QMap@VQString@@V1@@@AAEXXZ 0040c910 f i configfilehandler.obj
 0001:0000b990       ?detach_helper@?$QMap@VQString@@VOperationParamData@@@@AAEXXZ 0040c990 f i configfilehandler.obj
 0001:0000ba30       ?detach_helper@?$QMap@VQString@@VQStringList@@@@AAEXXZ 0040ca30 f i configfilehandler.obj
 0001:0000bad0       ?detach_helper_grow@?$QList@PAVQObject@@@@AAEPAUNode@1@HH@Z 0040cad0 f i workmodels.obj
 0001:0000bad0       ?detach_helper_grow@?$QList@H@@AAEPAUNode@1@HH@Z 0040cad0 f i configfilehandler.obj
 0001:0000bc10       ?detach_helper_grow@?$QList@U?$QPair@VQString@@V?$QList@VSingleOperationData@@@@@@@@AAEPAUNode@1@HH@Z 0040cc10 f i configfilehandler.obj
 0001:0000bd80       ?detach_helper_grow@?$QList@VOperationParamData@@@@AAEPAUNode@1@HH@Z 0040cd80 f i configfilehandler.obj
 0001:0000bed0       ?detach_helper_grow@?$QList@VSingleOperationData@@@@AAEPAUNode@1@HH@Z 0040ced0 f i configfilehandler.obj
 0001:0000c040       ?insert@?$QMap@VQString@@V1@@@QAE?AViterator@1@ABVQString@@0@Z 0040d040 f i configfilehandler.obj
 0001:0000c110       ?insert@?$QMap@VQString@@VOperationParamData@@@@QAE?AViterator@1@ABVQString@@ABVOperationParamData@@@Z 0040d110 f i configfilehandler.obj
 0001:0000c1e0       ?insert@?$QMap@VQString@@VQStringList@@@@QAE?AViterator@1@ABVQString@@ABVQStringList@@@Z 0040d1e0 f i configfilehandler.obj
 0001:0000c2d0       ?key@iterator@QJsonObject@@QBE?AVQString@@XZ 0040d2d0 f i configfilehandler.obj
 0001:0000c2f0       ?loadConfigFile@configFileHandler@@QAE_NABVQString@@@Z 0040d2f0 f   configfilehandler.obj
 0001:0000c3f0       ?lowerBound@?$QMapNode@VQString@@H@@QAEPAU1@ABVQString@@@Z 0040d3f0 f i workflowChecker.obj
 0001:0000c3f0       ?lowerBound@?$QMapNode@VQString@@VQStringList@@@@QAEPAU1@ABVQString@@@Z 0040d3f0 f i configfilehandler.obj
 0001:0000c3f0       ?lowerBound@?$QMapNode@VQString@@VOperationParamData@@@@QAEPAU1@ABVQString@@@Z 0040d3f0 f i configfilehandler.obj
 0001:0000c3f0       ?lowerBound@?$QMapNode@VQString@@V1@@@QAEPAU1@ABVQString@@@Z 0040d3f0 f i configfilehandler.obj
 0001:0000c430       ?node_copy@?$QList@U?$QPair@VQString@@V?$QList@VSingleOperationData@@@@@@@@AAEXPAUNode@1@00@Z 0040d430 f i configfilehandler.obj
 0001:0000c4f0       ?node_copy@?$QList@VOperationParamData@@@@AAEXPAUNode@1@00@Z 0040d4f0 f i configfilehandler.obj
 0001:0000c5c0       ?node_copy@?$QList@VQByteArray@@@@AAEXPAUNode@1@00@Z 0040d5c0 f i configfilehandler.obj
 0001:0000c600       ?node_copy@?$QList@VSingleOperationData@@@@AAEXPAUNode@1@00@Z 0040d600 f i configfilehandler.obj
 0001:0000c6d0       ?node_destruct@?$QList@U?$QPair@VQString@@V?$QList@VSingleOperationData@@@@@@@@AAEXPAUNode@1@0@Z 0040d6d0 f i configfilehandler.obj
 0001:0000c790       ?node_destruct@?$QList@VOperationParamData@@@@AAEXPAUNode@1@0@Z 0040d790 f i configfilehandler.obj
 0001:0000c7d0       ?node_destruct@?$QList@VSingleOperationData@@@@AAEXPAUNode@1@0@Z 0040d7d0 f i configfilehandler.obj
 0001:0000c870       ?toList@configFileHandler@@QAE?AVQStringList@@ABVQString@@@Z 0040d870 f   configfilehandler.obj
 0001:0000c950       ?value@?$QMap@VQString@@VOperationParamData@@@@QBE?BVOperationParamData@@ABVQString@@ABV2@@Z 0040d950 f i configfilehandler.obj
 0001:0000c9c0       ??$qMakeForeachContainer@ABV?$QList@VSingleOperationData@@@@@QtPrivate@@YA?AV?$QForeachContainer@V?$QList@VSingleOperationData@@@@@0@ABV?$QList@VSingleOperationData@@@@@Z 0040d9c0 f i environmentvariant.obj
 0001:0000ca00       ??0EnvironmentVariant@@AAE@XZ 0040da00 f i environmentvariant.obj
 0001:0000cb30       ??0OperationParamData@@QAE@XZ 0040db30 f i environmentvariant.obj
 0001:0000cba0       ??0SingleOperationData@@QAE@$$QAV0@@Z 0040dba0 f i environmentvariant.obj
 0001:0000cbd0       ??0SingleOperationData@@QAE@ABV0@@Z 0040dbd0 f i environmentvariant.obj
 0001:0000cc40       ??1?$QForeachContainer@V?$QList@VSingleOperationData@@@@@QtPrivate@@QAE@XZ 0040dc40 f i environmentvariant.obj
 0001:0000ccc0       ??1?$QList@U?$QPair@VQString@@V?$QList@VSingleOperationData@@@@@@@@QAE@XZ 0040dcc0 f i environmentvariant.obj
 0001:0000cd40       ??1?$QList@VOperationParamData@@@@QAE@XZ 0040dd40 f i environmentvariant.obj
 0001:0000cda0       ??1ConfigFileConverter@@UAE@XZ 0040dda0 f i environmentvariant.obj
 0001:0000cdb0       ??1EnvironmentVariant@@EAE@XZ 0040ddb0 f i environmentvariant.obj
 0001:0000cf50       ??1TargetMachineObject@@UAE@XZ 0040df50 f i environmentvariant.obj
 0001:0000cf70       ??1configFileHandler@@UAE@XZ 0040df70 f i environmentvariant.obj
 0001:0000cf90       ??4?$QList@VSingleOperationData@@@@QAEAAV0@ABV0@@Z 0040df90 f i environmentvariant.obj
 0001:0000d030       ??4SingleOperationData@@QAEAAV0@$$QAV0@@Z 0040e030 f i environmentvariant.obj
 0001:0000d0c0       ??4SingleOperationData@@QAEAAV0@ABV0@@Z 0040e0c0 f i environmentvariant.obj
 0001:0000d160       ??A?$QList@VQString@@@@QAEAAVQString@@H@Z 0040e160 f i environmentvariant.obj
 0001:0000d190       ??A?$QList@VSingleOperationData@@@@QAEAAVSingleOperationData@@H@Z 0040e190 f i environmentvariant.obj
 0001:0000d1c0       ??A?$QMap@VQString@@VOperationParamData@@@@QAEAAVOperationParamData@@ABVQString@@@Z 0040e1c0 f i environmentvariant.obj
 0001:0000d280       ??H@YA?BVQString@@ABV0@0@Z 0040e280 f i environmentvariant.obj
 0001:0000d2f0       ??Y?$QList@VQString@@@@QAEAAV0@ABV0@@Z 0040e2f0 f i environmentvariant.obj
 0001:0000d3f0       ??_GConfigFileConverter@@UAEPAXI@Z 0040e3f0 f i environmentvariant.obj
 0001:0000d3f0       ??_EConfigFileConverter@@UAEPAXI@Z 0040e3f0 f i environmentvariant.obj
 0001:0000d420       ??_GEnvironmentVariant@@EAEPAXI@Z 0040e420 f i environmentvariant.obj
 0001:0000d420       ??_EEnvironmentVariant@@EAEPAXI@Z 0040e420 f i environmentvariant.obj
 0001:0000d450       ??_GTargetMachineObject@@UAEPAXI@Z 0040e450 f i environmentvariant.obj
 0001:0000d450       ??_ETargetMachineObject@@UAEPAXI@Z 0040e450 f i environmentvariant.obj
 0001:0000d480       ?AddPlan@EnvironmentVariant@@QAEXABVQString@@@Z 0040e480 f   environmentvariant.obj
 0001:0000d590       ?AddPlanStep@EnvironmentVariant@@QAEXHHH@Z 0040e590 f   environmentvariant.obj
 0001:0000d720       ?ExportConfig@EnvironmentVariant@@QAE_NABVQString@@@Z 0040e720 f   environmentvariant.obj
 0001:0000d7e0       ?ImportConfig@EnvironmentVariant@@QAE_NABVQString@@@Z 0040e7e0 f   environmentvariant.obj
 0001:0000d8b0       ?LogicalControlList@EnvironmentVariant@@QAE?AVQStringList@@XZ 0040e8b0 f   environmentvariant.obj
 0001:0000da40       ?MovePlanStep@EnvironmentVariant@@QAEXHHH@Z 0040ea40 f   environmentvariant.obj
 0001:0000db20       ?OperationNameList@EnvironmentVariant@@QAE?AVQStringList@@XZ 0040eb20 f   environmentvariant.obj
 0001:0000dcb0       ?PlanList@EnvironmentVariant@@QAE?AVQStringList@@XZ 0040ecb0 f   environmentvariant.obj
 0001:0000dd70       ?RemovePlan@EnvironmentVariant@@QAEXH@Z 0040ed70 f   environmentvariant.obj
 0001:0000dda0       ?RemovePlanStep@EnvironmentVariant@@QAEXHH@Z 0040eda0 f   environmentvariant.obj
 0001:0000de00       ?SaveMachineConfig@EnvironmentVariant@@QAE_NABVMachineConfigData@@@Z 0040ee00 f   environmentvariant.obj
 0001:0000ded0       ?SavePlan@EnvironmentVariant@@QAE_NXZ 0040eed0 f   environmentvariant.obj
 0001:0000df50       ?SetPlanName@EnvironmentVariant@@QAEXHABVQString@@@Z 0040ef50 f   environmentvariant.obj
 0001:0000dfa0       ?SetPlanStepSingleParam@EnvironmentVariant@@QAEXHHABVQString@@ABVQVariant@@@Z 0040efa0 f   environmentvariant.obj
 0001:0000e140       ?SetPlanStepToDefault@EnvironmentVariant@@QAEXHHH@Z 0040f140 f   environmentvariant.obj
 0001:0000e210       ?StartPlan@EnvironmentVariant@@QAEXHH@Z 0040f210 f   environmentvariant.obj
 0001:0000e9e0       ?StartTunning@EnvironmentVariant@@QAEXABVSingleOperationData@@@Z 0040f9e0 f   environmentvariant.obj
 0001:0000ead0       ?StepList@EnvironmentVariant@@QAE?AVQStringList@@H@Z 0040fad0 f   environmentvariant.obj
 0001:0000eed0       ?StopPlan@EnvironmentVariant@@QAEXXZ 0040fed0 f   environmentvariant.obj
 0001:0000eee0       ?begin@?$QList@VOperationParamData@@@@QAE?AViterator@1@XZ 0040fee0 f i environmentvariant.obj
 0001:0000ef10       ?contains@?$QMap@VQString@@VQStringList@@@@QBE_NABVQString@@@Z 0040ff10 f i environmentvariant.obj
 0001:0000ef50       ?defaultValue@EnvironmentVariant@@QAE?AVSingleOperationData@@ABVQString@@@Z 0040ff50 f   environmentvariant.obj
 0001:0000f170       ?detach_helper@?$QList@H@@AAEXH@Z 00410170 f i environmentvariant.obj
 0001:0000f240       ?detach_helper@?$QList@U?$QPair@VQString@@V?$QList@VSingleOperationData@@@@@@@@AAEXH@Z 00410240 f i environmentvariant.obj
 0001:0000f320       ?detach_helper@?$QList@VOperationParamData@@@@AAEXH@Z 00410320 f i environmentvariant.obj
 0001:0000f3f0       ?detach_helper@?$QList@VSingleOperationData@@@@AAEXH@Z 004103f0 f i environmentvariant.obj
 0001:0000f4d0       ?formatSingleOperationParam@EnvironmentVariant@@QAE?AVQJsonObject@@ABVSingleOperationData@@@Z 004104d0 f   environmentvariant.obj
 0001:0000fa60       ?getBoardTypeIndexByPosition@EnvironmentVariant@@QAEHH@Z 00410a60 f   environmentvariant.obj
 0001:0000fd10       ?getOperationIndex@EnvironmentVariant@@QAEHABVQString@@@Z 00410d10 f   environmentvariant.obj
 0001:0000fd80       ?getOperationParams@EnvironmentVariant@@QAE?AV?$QList@VOperationParamData@@@@H@Z 00410d80 f   environmentvariant.obj
 0001:0000ff50       ?getWorkLocationTypeList@EnvironmentVariant@@QAE?AVQJsonObject@@XZ 00410f50 f   environmentvariant.obj
 0001:0000ff70       ?initModels@EnvironmentVariant@@QAEXPAVQQmlContext@@@Z 00410f70 f   environmentvariant.obj
 0001:000100f0       ?initProtocol@EnvironmentVariant@@QAEXABVQString@@@Z 004110f0 f   environmentvariant.obj
 0001:00010160       ?initUserConfig@EnvironmentVariant@@QAEXABVQString@@@Z 00411160 f   environmentvariant.obj
 0001:000102c0       ?insert@?$QList@VSingleOperationData@@@@QAEXHABVSingleOperationData@@@Z 004112c0 f i environmentvariant.obj
 0001:000103a0       ?instance@EnvironmentVariant@@SAPAV1@XZ 004113a0 f   environmentvariant.obj
 0001:00010400       ?node_destruct@?$QList@VSingleOperationData@@@@AAEXPAUNode@1@@Z 00411400 f i environmentvariant.obj
 0001:00010480       ?parseConfigFile@EnvironmentVariant@@QAEXABVQString@@@Z 00411480 f   environmentvariant.obj
 0001:00010b60       ?planSelectStepListModel@EnvironmentVariant@@QAE?AVQStringList@@H@Z 00411b60 f   environmentvariant.obj
 0001:00010dc0       ?planStepParam@EnvironmentVariant@@QAE?AVSingleOperationData@@HH@Z 00411dc0 f   environmentvariant.obj
 0001:00011110       ?removeAt@?$QList@U?$QPair@VQString@@V?$QList@VSingleOperationData@@@@@@@@QAEXH@Z 00412110 f i environmentvariant.obj
 0001:00011170       ?removeAt@?$QList@VSingleOperationData@@@@QAEXH@Z 00412170 f i environmentvariant.obj
 0001:000111c0       ?setWorkLocationType@EnvironmentVariant@@QAE_NHHABVQString@@@Z 004121c0 f   environmentvariant.obj
 0001:00011610       ?startCheckPlan@EnvironmentVariant@@QAEXH@Z 00412610 f   environmentvariant.obj
 0001:00011e40       ?stopCheckPlan@EnvironmentVariant@@QAEXXZ 00412e40 f   environmentvariant.obj
 0001:00011e50       ?updateWorkPlace@EnvironmentVariant@@QAE_NABVQJsonObject@@@Z 00412e50 f   environmentvariant.obj
 0001:00011ea0       ??$connect@P8QQmlEngine@@AEXXZP6AXXZ@QObject@@SA?AVConnection@QMetaObject@@PBVQQmlEngine@@P83@AEXXZPBV0@P6AXXZW4ConnectionType@Qt@@@Z 00412ea0 f i main.obj
 0001:00011f00       ??$createInto@VOperationParamObject@@@QQmlPrivate@@YAXPAX@Z 00412f00 f i main.obj
 0001:00011f60       ??$createInto@VOperationParamSelector@@@QQmlPrivate@@YAXPAX@Z 00412f60 f i main.obj
 0001:00011fc0       ??$createInto@VPlanController@@@QQmlPrivate@@YAXPAX@Z 00412fc0 f i main.obj
 0001:00012020       ??$createInto@VPlanSelector@@@QQmlPrivate@@YAXPAX@Z 00413020 f i main.obj
 0001:00012080       ??$createInto@VStatusViewWatcher@@@QQmlPrivate@@YAXPAX@Z 00413080 f i main.obj
 0001:000120e0       ??$createInto@VTextFieldDoubleValidator@@@QQmlPrivate@@YAXPAX@Z 004130e0 f i main.obj
 0001:00012140       ??$qRegisterNormalizedMetaType@PAVOperationParamObject@@@@YAHABVQByteArray@@PAPAVOperationParamObject@@W4DefinedType@?$MetaTypeDefinedHelper@PAVOperationParamObject@@$00@QtPrivate@@@Z 00413140 f i main.obj
 0001:000121a0       ??$qRegisterNormalizedMetaType@PAVOperationParamSelector@@@@YAHABVQByteArray@@PAPAVOperationParamSelector@@W4DefinedType@?$MetaTypeDefinedHelper@PAVOperationParamSelector@@$00@QtPrivate@@@Z 004131a0 f i main.obj
 0001:00012200       ??$qRegisterNormalizedMetaType@PAVPlanController@@@@YAHABVQByteArray@@PAPAVPlanController@@W4DefinedType@?$MetaTypeDefinedHelper@PAVPlanController@@$00@QtPrivate@@@Z 00413200 f i main.obj
 0001:00012260       ??$qRegisterNormalizedMetaType@PAVPlanSelector@@@@YAHABVQByteArray@@PAPAVPlanSelector@@W4DefinedType@?$MetaTypeDefinedHelper@PAVPlanSelector@@$00@QtPrivate@@@Z 00413260 f i main.obj
 0001:000122c0       ??$qRegisterNormalizedMetaType@PAVStatusViewWatcher@@@@YAHABVQByteArray@@PAPAVStatusViewWatcher@@W4DefinedType@?$MetaTypeDefinedHelper@PAVStatusViewWatcher@@$00@QtPrivate@@@Z 004132c0 f i main.obj
 0001:00012320       ??$qRegisterNormalizedMetaType@PAVTextFieldDoubleValidator@@@@YAHABVQByteArray@@PAPAVTextFieldDoubleValidator@@W4DefinedType@?$MetaTypeDefinedHelper@PAVTextFieldDoubleValidator@@$00@QtPrivate@@@Z 00413320 f i main.obj
 0001:00012380       ??$qmlRegisterType@VOperationParamObject@@@@YAHPBDHH0@Z 00413380 f i main.obj
 0001:00012630       ??$qmlRegisterType@VOperationParamSelector@@@@YAHPBDHH0@Z 00413630 f i main.obj
 0001:000128e0       ??$qmlRegisterType@VPlanController@@@@YAHPBDHH0@Z 004138e0 f i main.obj
 0001:00012b90       ??$qmlRegisterType@VPlanSelector@@@@YAHPBDHH0@Z 00413b90 f i main.obj
 0001:00012e40       ??$qmlRegisterType@VStatusViewWatcher@@@@YAHPBDHH0@Z 00413e40 f i main.obj
 0001:000130f0       ??$qmlRegisterType@VTextFieldDoubleValidator@@@@YAHPBDHH0@Z 004140f0 f i main.obj
 0001:000133a0       ??1?$QVarLengthArray@D$0EA@@@QAE@XZ 004143a0 f i main.obj
 0001:000133a0       ??1?$QVarLengthArray@D$0DA@@@QAE@XZ 004143a0 f i main.obj
 0001:000133c0       ??1OperationParamSelector@@UAE@XZ 004143c0 f i main.obj
 0001:00013470       ??1RegisterType@QQmlPrivate@@QAE@XZ 00414470 f i main.obj
 0001:00013480       ??_E?$QQmlElement@VOperationParamObject@@@QQmlPrivate@@UAEPAXI@Z 00414480 f i main.obj
 0001:00013480       ??_G?$QQmlElement@VOperationParamObject@@@QQmlPrivate@@UAEPAXI@Z 00414480 f i main.obj
 0001:00013500       ??_G?$QQmlElement@VOperationParamSelector@@@QQmlPrivate@@UAEPAXI@Z 00414500 f i main.obj
 0001:00013500       ??_E?$QQmlElement@VOperationParamSelector@@@QQmlPrivate@@UAEPAXI@Z 00414500 f i main.obj
 0001:00013570       ??_E?$QQmlElement@VPlanController@@@QQmlPrivate@@UAEPAXI@Z 00414570 f i main.obj
 0001:00013570       ??_G?$QQmlElement@VPlanController@@@QQmlPrivate@@UAEPAXI@Z 00414570 f i main.obj
 0001:000135e0       ??_E?$QQmlElement@VPlanSelector@@@QQmlPrivate@@UAEPAXI@Z 004145e0 f i main.obj
 0001:000135e0       ??_G?$QQmlElement@VPlanSelector@@@QQmlPrivate@@UAEPAXI@Z 004145e0 f i main.obj
 0001:00013650       ??_E?$QQmlElement@VStatusViewWatcher@@@QQmlPrivate@@UAEPAXI@Z 00414650 f i main.obj
 0001:00013650       ??_G?$QQmlElement@VStatusViewWatcher@@@QQmlPrivate@@UAEPAXI@Z 00414650 f i main.obj
 0001:000136c0       ??_G?$QQmlElement@VTextFieldDoubleValidator@@@QQmlPrivate@@UAEPAXI@Z 004146c0 f i main.obj
 0001:000136c0       ??_E?$QQmlElement@VTextFieldDoubleValidator@@@QQmlPrivate@@UAEPAXI@Z 004146c0 f i main.obj
 0001:00013730       ??_EOperationParamObject@@UAEPAXI@Z 00414730 f i main.obj
 0001:00013730       ??_GOperationParamObject@@UAEPAXI@Z 00414730 f i main.obj
 0001:00013760       ?Construct@?$QMetaTypeFunctionHelper@PAVStatusViewWatcher@@$00@QtMetaTypePrivate@@SAPAXPAXPBX@Z 00414760 f i main.obj
 0001:00013760       ?Construct@?$QMetaTypeFunctionHelper@PAVOperationParamObject@@$00@QtMetaTypePrivate@@SAPAXPAXPBX@Z 00414760 f i main.obj
 0001:00013760       ?Construct@?$QMetaTypeFunctionHelper@PAVPlanSelector@@$00@QtMetaTypePrivate@@SAPAXPAXPBX@Z 00414760 f i main.obj
 0001:00013760       ?Construct@?$QMetaTypeFunctionHelper@PAVPlanController@@$00@QtMetaTypePrivate@@SAPAXPAXPBX@Z 00414760 f i main.obj
 0001:00013760       ?Construct@?$QMetaTypeFunctionHelper@PAVOperationParamSelector@@$00@QtMetaTypePrivate@@SAPAXPAXPBX@Z 00414760 f i main.obj
 0001:00013760       ?Construct@?$QMetaTypeFunctionHelper@PAVTextFieldDoubleValidator@@$00@QtMetaTypePrivate@@SAPAXPAXPBX@Z 00414760 f i main.obj
 0001:00013790       ?Construct@?$QMetaTypeFunctionHelper@V?$QQmlListProperty@VOperationParamSelector@@@@$00@QtMetaTypePrivate@@SAPAXPAXPBX@Z 00414790 f i main.obj
 0001:00013790       ?Construct@?$QMetaTypeFunctionHelper@V?$QQmlListProperty@VTextFieldDoubleValidator@@@@$00@QtMetaTypePrivate@@SAPAXPAXPBX@Z 00414790 f i main.obj
 0001:00013790       ?Construct@?$QMetaTypeFunctionHelper@V?$QQmlListProperty@VStatusViewWatcher@@@@$00@QtMetaTypePrivate@@SAPAXPAXPBX@Z 00414790 f i main.obj
 0001:00013790       ?Construct@?$QMetaTypeFunctionHelper@V?$QQmlListProperty@VPlanSelector@@@@$00@QtMetaTypePrivate@@SAPAXPAXPBX@Z 00414790 f i main.obj
 0001:00013790       ?Construct@?$QMetaTypeFunctionHelper@V?$QQmlListProperty@VPlanController@@@@$00@QtMetaTypePrivate@@SAPAXPAXPBX@Z 00414790 f i main.obj
 0001:00013790       ?Construct@?$QMetaTypeFunctionHelper@V?$QQmlListProperty@VOperationParamObject@@@@$00@QtMetaTypePrivate@@SAPAXPAXPBX@Z 00414790 f i main.obj
 0001:000137f0       ?Destruct@?$QMetaTypeFunctionHelper@PAVPlanController@@$00@QtMetaTypePrivate@@SAXPAX@Z 004147f0 f i main.obj
 0001:000137f0       ?onComplete@PlanSelector@@QAEXXZ 004147f0 f i workmodels.obj
 0001:000137f0       ?qt_static_metacall@configFileHandler@@CAXPAVQObject@@W4Call@QMetaObject@@HPAPAX@Z 004147f0 f i moc_configfilehandler.obj
 0001:000137f0       ?Destruct@?$QMetaTypeFunctionHelper@PAVOperationParamObject@@$00@QtMetaTypePrivate@@SAXPAX@Z 004147f0 f i main.obj
 0001:000137f0       __initialize_invalid_parameter_handler 004147f0 f i MSVCRT:invalid_parameter_handler.obj
 0001:000137f0       ?Destruct@?$QMetaTypeFunctionHelper@PAVOperationParamSelector@@$00@QtMetaTypePrivate@@SAXPAX@Z 004147f0 f i main.obj
 0001:000137f0       @_guard_check_icall_nop@4  004147f0 f i MSVCRT:guard_support.obj
 0001:000137f0       ?Destruct@?$QMetaTypeFunctionHelper@V?$QQmlListProperty@VStatusViewWatcher@@@@$00@QtMetaTypePrivate@@SAXPAX@Z 004147f0 f i main.obj
 0001:000137f0       ?Destruct@?$QMetaTypeFunctionHelper@V?$QQmlListProperty@VPlanSelector@@@@$00@QtMetaTypePrivate@@SAXPAX@Z 004147f0 f i main.obj
 0001:000137f0       __initialize_denormal_control 004147f0 f i MSVCRT:denormal_control.obj
 0001:000137f0       ?Destruct@?$QMetaTypeFunctionHelper@V?$QQmlListProperty@VOperationParamObject@@@@$00@QtMetaTypePrivate@@SAXPAX@Z 004147f0 f i main.obj
 0001:000137f0       ?Destruct@?$QMetaTypeFunctionHelper@PAVStatusViewWatcher@@$00@QtMetaTypePrivate@@SAXPAX@Z 004147f0 f i main.obj
 0001:000137f0       ?Destruct@?$QMetaTypeFunctionHelper@VQSequentialIterableImpl@QtMetaTypePrivate@@$00@QtMetaTypePrivate@@SAXPAX@Z 004147f0 f i moc_workmodels.obj
 0001:000137f0       ?Destruct@?$QMetaTypeFunctionHelper@PAVPlanSelector@@$00@QtMetaTypePrivate@@SAXPAX@Z 004147f0 f i main.obj
 0001:000137f0       ?Destruct@?$QMetaTypeFunctionHelper@V?$QQmlListProperty@VPlanController@@@@$00@QtMetaTypePrivate@@SAXPAX@Z 004147f0 f i main.obj
 0001:000137f0       ?Destruct@?$QMetaTypeFunctionHelper@PAVTextFieldDoubleValidator@@$00@QtMetaTypePrivate@@SAXPAX@Z 004147f0 f i main.obj
 0001:000137f0       ?Destruct@?$QMetaTypeFunctionHelper@V?$QQmlListProperty@VOperationParamSelector@@@@$00@QtMetaTypePrivate@@SAXPAX@Z 004147f0 f i main.obj
 0001:000137f0       ??3@YAXPAX0@Z              004147f0 f i configfilehandler.obj
 0001:000137f0       ?Destruct@?$QMetaTypeFunctionHelper@V?$QQmlListProperty@VTextFieldDoubleValidator@@@@$00@QtMetaTypePrivate@@SAXPAX@Z 004147f0 f i main.obj
 0001:00013800       ?TopLevelExceptionFilter@@YGJPAU_EXCEPTION_POINTERS@@@Z 00414800 f   main.obj
 0001:00013870       ?customMessageHandler@@YAXW4QtMsgType@@ABVQMessageLogContext@@ABVQString@@@Z 00414870 f   main.obj
 0001:00013be0       ?getConfigFullName@@YA?AVQString@@PBD@Z 00414be0 f   main.obj
 0001:00013c50       ?impl@?$QStaticSlotObject@P6AXXZU?$List@$$V@QtPrivate@@X@QtPrivate@@CAXHPAVQSlotObjectBase@2@PAVQObject@@PAPAXPA_N@Z 00414c50 f i main.obj
 0001:00013c80       ?qt_metatype_id@?$QMetaTypeIdQObject@PAVOperationParamObject@@$07@@SAHXZ 00414c80 f i main.obj
 0001:00013d30       ?qt_metatype_id@?$QMetaTypeIdQObject@PAVOperationParamSelector@@$07@@SAHXZ 00414d30 f i main.obj
 0001:00013de0       ?qt_metatype_id@?$QMetaTypeIdQObject@PAVPlanController@@$07@@SAHXZ 00414de0 f i main.obj
 0001:00013e90       ?qt_metatype_id@?$QMetaTypeIdQObject@PAVPlanSelector@@$07@@SAHXZ 00414e90 f i main.obj
 0001:00013f40       ?qt_metatype_id@?$QMetaTypeIdQObject@PAVStatusViewWatcher@@$07@@SAHXZ 00414f40 f i main.obj
 0001:00013ff0       ?qt_metatype_id@?$QMetaTypeIdQObject@PAVTextFieldDoubleValidator@@$07@@SAHXZ 00414ff0 f i main.obj
 0001:000140a0       ?validate@TextFieldDoubleValidator@@UBE?AW4State@QValidator@@AAVQString@@AAH@Z 004150a0 f i main.obj
 0001:00014220       _main                      00415220 f   main.obj
 0001:00014650       ??$connect@P8EnvironmentVariant@@AEXXZP8StatusViewWatcher@@AEXXZ@QObject@@SA?AVConnection@QMetaObject@@PBVEnvironmentVariant@@P83@AEXXZPBVStatusViewWatcher@@P84@AEXXZW4ConnectionType@Qt@@@Z 00415650 f i workmodels.obj
 0001:000146b0       ??$qMakeForeachContainer@AAV?$QList@PAVQObject@@@@@QtPrivate@@YA?AV?$QForeachContainer@V?$QList@PAVQObject@@@@@0@AAV?$QList@PAVQObject@@@@@Z 004156b0 f i workmodels.obj
 0001:000146f0       ??$qMakeForeachContainer@ABV?$QList@VOperationParamData@@@@@QtPrivate@@YA?AV?$QForeachContainer@V?$QList@VOperationParamData@@@@@0@ABV?$QList@VOperationParamData@@@@@Z 004156f0 f i configfilehandler.obj
 0001:000146f0       ??$qMakeForeachContainer@AAV?$QList@VOperationParamData@@@@@QtPrivate@@YA?AV?$QForeachContainer@V?$QList@VOperationParamData@@@@@0@AAV?$QList@VOperationParamData@@@@@Z 004156f0 f i workmodels.obj
 0001:00014730       ??0?$QList@H@@QAE@ABV0@@Z  00415730 f i configfilehandler.obj
 0001:00014730       ??0?$QList@PAVQObject@@@@QAE@ABV0@@Z 00415730 f i workmodels.obj
 0001:000147e0       ??0OperationParamSelector@@QAE@PAVQObject@@@Z 004157e0 f   workmodels.obj
 0001:00014830       ??0PlanController@@QAE@PAVQObject@@@Z 00415830 f   workmodels.obj
 0001:000148a0       ??0PlanSelector@@QAE@PAVQObject@@@Z 004158a0 f   workmodels.obj
 0001:00014960       ??0StatusViewWatcher@@QAE@PAVQObject@@@Z 00415960 f   workmodels.obj
 0001:000149f0       ??1?$QForeachContainer@V?$QList@PAVQObject@@@@@QtPrivate@@QAE@XZ 004159f0 f i workmodels.obj
 0001:00014a50       ??1MachineConfigData@@QAE@XZ 00415a50 f i workmodels.obj
 0001:00014a60       ??1PlanController@@UAE@XZ  00415a60 f   workmodels.obj
 0001:00014ac0       ??1PlanSelector@@UAE@XZ    00415ac0 f   workmodels.obj
 0001:00014b80       ??1StatusViewWatcher@@UAE@XZ 00415b80 f   workmodels.obj
 0001:00014c00       ??_EOperationParamSelector@@UAEPAXI@Z 00415c00 f i workmodels.obj
 0001:00014c00       ??_GOperationParamSelector@@UAEPAXI@Z 00415c00 f i workmodels.obj
 0001:00014c20       ??_EPlanController@@UAEPAXI@Z 00415c20 f i workmodels.obj
 0001:00014c20       ??_GPlanController@@UAEPAXI@Z 00415c20 f i workmodels.obj
 0001:00014c90       ??_EPlanSelector@@UAEPAXI@Z 00415c90 f i workmodels.obj
 0001:00014c90       ??_GPlanSelector@@UAEPAXI@Z 00415c90 f i workmodels.obj
 0001:00014cb0       ??_GStatusViewWatcher@@UAEPAXI@Z 00415cb0 f i workmodels.obj
 0001:00014cb0       ??_EStatusViewWatcher@@UAEPAXI@Z 00415cb0 f i workmodels.obj
 0001:00014d50       ?WorkPlaceConstraint@EnvironmentVariant@@QAE?AVQJsonArray@@XZ 00415d50 f i workmodels.obj
 0001:00014d70       ?addPlan@PlanSelector@@QAEXABVQString@@@Z 00415d70 f   workmodels.obj
 0001:00014d90       ?addStep@PlanSelector@@QAEXHHH@Z 00415d90 f   workmodels.obj
 0001:00014db0       ?commitParam@PlanSelector@@QAEXHHABVQString@@ABVQVariant@@@Z 00415db0 f   workmodels.obj
 0001:00014dd0       ?eventFilter@PlanController@@UAE_NPAVQObject@@PAVQEvent@@@Z 00415dd0 f   workmodels.obj
 0001:00014e20       ?eventFilter@PlanSelector@@MAE_NPAVQObject@@PAVQEvent@@@Z 00415e20 f   workmodels.obj
 0001:00014e70       ?eventFilter@StatusViewWatcher@@UAE_NPAVQObject@@PAVQEvent@@@Z 00415e70 f   workmodels.obj
 0001:00014eb0       ?exportConfigFile@ConfigFileConverter@@QAE_NABVQUrl@@@Z 00415eb0 f   workmodels.obj
 0001:00014f20       ?getBoardTypeIndexByPosition@PlanSelector@@QAEHH@Z 00415f20 f   workmodels.obj
 0001:00014f20       ?getBoardTypeIndexByPosition@OperationParamSelector@@QAEHH@Z 00415f20 f   workmodels.obj
 0001:00014f40       ?getSwitch@OperationParamSelector@@QAEPAVQObject@@ABVQString@@@Z 00415f40 f   workmodels.obj
 0001:000150a0       ?getSwitch@PlanSelector@@QAEPAVQObject@@ABVQString@@@Z 004160a0 f   workmodels.obj
 0001:00015200       ?getWorkLocationTypeList@StatusViewWatcher@@QAE?AVQJsonObject@@XZ 00416200 f   workmodels.obj
 0001:00015230       ?getWorkPlaceConstraint@StatusViewWatcher@@QAE?AVQJsonArray@@XZ 00416230 f   workmodels.obj
 0001:00015260       ?importConfigFile@ConfigFileConverter@@QAE_NABVQUrl@@@Z 00416260 f   workmodels.obj
 0001:000152d0       ?init@OperationParamSelector@@QAEXABVQString@@@Z 004162d0 f   workmodels.obj
 0001:00015350       ?moveStep@PlanSelector@@QAEXHHH@Z 00416350 f   workmodels.obj
 0001:00015370       ?name@OperationParamObject@@QBE?AVQString@@XZ 00416370 f i workmodels.obj
 0001:00015370       ?getIpAddress@TargetMachineObject@@QBE?AVQString@@XZ 00416370 f i environmentvariant.obj
 0001:00015370       ?getOperationName@SingleOperationObject@@QAE?AVQString@@XZ 00416370 f i moc_workmodels.obj
 0001:00015390       ?node_copy@?$QList@PAVQObject@@@@AAEXPAUNode@1@00@Z 00416390 f i workmodels.obj
 0001:00015390       ?node_copy@?$QList@H@@AAEXPAUNode@1@00@Z 00416390 f i configfilehandler.obj
 0001:000153c0       ?onCompleteSingleOperation@OperationParamSelector@@QAEXXZ 004163c0 f   workmodels.obj
 0001:00015640       ?onMachineConfigChanged@TargetMachineObject@@QAE_NXZ 00416640 f   workmodels.obj
 0001:000156c0       ?onSave@PlanSelector@@QAE_NXZ 004166c0 f   workmodels.obj
 0001:000156d0       ?operationCurrentIndex@PlanSelector@@QAEHXZ 004166d0 f   workmodels.obj
 0001:000156f0       ?planListModel@PlanSelector@@QAE?AVQStringList@@XZ 004166f0 f   workmodels.obj
 0001:00015720       ?planSelectStepListModel@PlanSelector@@QAE?AVQStringList@@H@Z 00416720 f   workmodels.obj
 0001:00015750       ?removePlan@PlanSelector@@QAEXH@Z 00416750 f   workmodels.obj
 0001:00015770       ?removeStep@PlanSelector@@QAEXHH@Z 00416770 f   workmodels.obj
 0001:00015790       ?resumePlan@PlanController@@QAEXXZ 00416790 f   workmodels.obj
 0001:000157c0       ?setPlanName@PlanSelector@@QAEXHABVQString@@@Z 004167c0 f   workmodels.obj
 0001:000157e0       ?setSelectedOperation@OperationParamSelector@@QAEXH@Z 004167e0 f   workmodels.obj
 0001:00015b80       ?setSelectedOperation@PlanSelector@@QAEXHHH@Z 00416b80 f   workmodels.obj
 0001:00016010       ?setSelectedStep@PlanSelector@@QAEXHH@Z 00417010 f   workmodels.obj
 0001:000163c0       ?setWorkLocationType@StatusViewWatcher@@QAE_NHHABVQString@@@Z 004173c0 f   workmodels.obj
 0001:000163e0       ?startCheckPlan@PlanSelector@@QAEXH@Z 004173e0 f   workmodels.obj
 0001:00016400       ?startPlan@PlanController@@QAEXHH@Z 00417400 f   workmodels.obj
 0001:00016430       ?stepListModel@PlanSelector@@QAE?AVQStringList@@H@Z 00417430 f   workmodels.obj
 0001:00016460       ?stopCheckPlan@PlanSelector@@QAEXXZ 00417460 f   workmodels.obj
 0001:00016470       ?stopPlan@PlanController@@QAEXXZ 00417470 f   workmodels.obj
 0001:00016480       ?updateWorkPlace@StatusViewWatcher@@QAE_NABVQJsonObject@@@Z 00417480 f   workmodels.obj
 0001:000164a0       ??$connect@P8SubThreadCheckWorker@@AEXABVQJsonObject@@@ZP8WorkflowCheckerController@@AEX0@Z@QObject@@SA?AVConnection@QMetaObject@@PBVSubThreadCheckWorker@@P83@AEXABVQJsonObject@@@ZPBVWorkflowCheckerController@@P85@AEX1@ZW4ConnectionType@Qt@@@Z 004174a0 f i workflowChecker.obj
 0001:00016510       ??$connect@P8WorkflowCheckerController@@AEXABVQJsonArray@@@ZP8SubThreadCheckWorker@@AEX0@Z@QObject@@SA?AVConnection@QMetaObject@@PBVWorkflowCheckerController@@P83@AEXABVQJsonArray@@@ZPBVSubThreadCheckWorker@@P85@AEX1@ZW4ConnectionType@Qt@@@Z 00417510 f i workflowChecker.obj
 0001:00016580       ??$connect@P8WorkflowCheckerController@@AEXABVQJsonObject@@@ZP8SubThreadCheckWorker@@AEX0@Z@QObject@@SA?AVConnection@QMetaObject@@PBVWorkflowCheckerController@@P83@AEXABVQJsonObject@@@ZPBVSubThreadCheckWorker@@P85@AEX1@ZW4ConnectionType@Qt@@@Z 00417580 f i workflowChecker.obj
 0001:000165f0       ??$connect@P8WorkflowCheckerController@@AEXXZP8SubThreadCheckWorker@@AEXXZ@QObject@@SA?AVConnection@QMetaObject@@PBVWorkflowCheckerController@@P83@AEXXZPBVSubThreadCheckWorker@@P84@AEXXZW4ConnectionType@Qt@@@Z 004175f0 f i workflowChecker.obj
 0001:00016650       ??0WorkflowCheckerController@@QAE@PAVQObject@@@Z 00417650 f   workflowChecker.obj
 0001:000167d0       ??1?$QMap@VQString@@H@@QAE@XZ 004177d0 f i workflowChecker.obj
 0001:00016870       ??1WorkflowCheckerController@@UAE@XZ 00417870 f   workflowChecker.obj
 0001:000168e0       ??A?$QMap@VQString@@H@@QAEAAHABVQString@@@Z 004178e0 f i workflowChecker.obj
 0001:00016960       ??_ESubThreadCheckWorker@@UAEPAXI@Z 00417960 f i workflowChecker.obj
 0001:00016960       ??_GSubThreadCheckWorker@@UAEPAXI@Z 00417960 f i workflowChecker.obj
 0001:000169b0       ??_EWorkflowCheckerController@@UAEPAXI@Z 004179b0 f i workflowChecker.obj
 0001:000169b0       ??_GWorkflowCheckerController@@UAEPAXI@Z 004179b0 f i workflowChecker.obj
 0001:00016a40       ?CheckBoardConstraint@SubThreadCheckWorker@@IAE_NABVQJsonObject@@@Z 00417a40 f   workflowChecker.obj
 0001:00016df0       ?CheckParamConstraint@SubThreadCheckWorker@@IAE_NABVQJsonObject@@@Z 00417df0 f   workflowChecker.obj
 0001:000176a0       ?checkTask@WorkflowCheckerController@@QAEXABVQJsonObject@@@Z 004186a0 f   workflowChecker.obj
 0001:000176b0       ?configChecker@SubThreadCheckWorker@@QAEXABVQJsonArray@@@Z 004186b0 f   workflowChecker.obj
 0001:00017a10       ?copy@?$QMapNode@VQString@@H@@QBEPAU1@PAU?$QMapData@VQString@@H@@@Z 00418a10 f i workflowChecker.obj
 0001:00017a90       ?createNode@?$QMapData@VQString@@H@@QAEPAU?$QMapNode@VQString@@H@@ABVQString@@ABHPAU2@_N@Z 00418a90 f i workflowChecker.obj
 0001:00017ad0       ?destroySubTree@?$QMapNode@VQString@@H@@QAEXXZ 00418ad0 f i workflowChecker.obj
 0001:00017b00       ?detach_helper@?$QMap@VQString@@H@@AAEXXZ 00418b00 f i workflowChecker.obj
 0001:00017ba0       ?doCheck@SubThreadCheckWorker@@QAEXABVQJsonObject@@@Z 00418ba0 f   workflowChecker.obj
 0001:00018100       ?forceStop@SubThreadCheckWorker@@QAEXXZ 00419100 f   workflowChecker.obj
 0001:00018110       ?impl@?$QSlotObject@P8WorkflowController@@AEXABVQJsonObject@@@ZU?$List@ABVQJsonObject@@@QtPrivate@@X@QtPrivate@@CAXHPAVQSlotObjectBase@2@PAVQObject@@PAPAXPA_N@Z 00419110 f i workflowprotocol.obj
 0001:00018110       ?impl@?$QSlotObject@P8SubThreadWorker@@AEXABVQString@@@ZU?$List@ABVQString@@@QtPrivate@@X@QtPrivate@@CAXHPAVQSlotObjectBase@2@PAVQObject@@PAPAXPA_N@Z 00419110 f i workflowprotocol.obj
 0001:00018110       ?impl@?$QSlotObject@P8SubThreadWorker@@AEXABVQJsonObject@@@ZU?$List@ABVQJsonObject@@@QtPrivate@@X@QtPrivate@@CAXHPAVQSlotObjectBase@2@PAVQObject@@PAPAXPA_N@Z 00419110 f i workflowprotocol.obj
 0001:00018110       ?impl@?$QSlotObject@P8WorkflowCheckerController@@AEXABVQJsonObject@@@ZU?$List@ABVQJsonObject@@@QtPrivate@@X@QtPrivate@@CAXHPAVQSlotObjectBase@2@PAVQObject@@PAPAXPA_N@Z 00419110 f i workflowChecker.obj
 0001:00018110       ?impl@?$QSlotObject@P8SubThreadCheckWorker@@AEXABVQJsonArray@@@ZU?$List@ABVQJsonArray@@@QtPrivate@@X@QtPrivate@@CAXHPAVQSlotObjectBase@2@PAVQObject@@PAPAXPA_N@Z 00419110 f i workflowChecker.obj
 0001:00018110       ?impl@?$QSlotObject@P8SubThreadCheckWorker@@AEXABVQJsonObject@@@ZU?$List@ABVQJsonObject@@@QtPrivate@@X@QtPrivate@@CAXHPAVQSlotObjectBase@2@PAVQObject@@PAPAXPA_N@Z 00419110 f i workflowChecker.obj
 0001:00018170       ?init@WorkflowCheckerController@@QAEXABVQJsonArray@@@Z 00419170 f   workflowChecker.obj
 0001:00018180       ?insert@?$QMap@VQString@@H@@QAE?AViterator@1@ABVQString@@ABH@Z 00419180 f i workflowChecker.obj
 0001:00018240       ?remove@?$QMap@VQString@@H@@QAEHABVQString@@@Z 00419240 f i workflowChecker.obj
 0001:000182f0       ?statusChanged@WorkflowCheckerController@@QAEXABVQJsonObject@@@Z 004192f0 f   workflowChecker.obj
 0001:00018390       ?stopCurrentCheck@WorkflowCheckerController@@QAEXXZ 00419390 f   workflowChecker.obj
 0001:000183b0       ?types@?$ConnectionTypes@U?$List@ABVQJsonArray@@@QtPrivate@@$00@QtPrivate@@SAPBHXZ 004193b0 f i workflowChecker.obj
 0001:00018410       ?changeHost@WorkflowController@@QAEXABVQString@@G@Z 00419410 f   moc_workflowprotocol.obj
 0001:00018460       ?configProtocol@WorkflowController@@QAEXABVQString@@@Z 00419460 f   moc_workflowprotocol.obj
 0001:00018490       ?metaObject@SubThreadWorker@@UBEPBUQMetaObject@@XZ 00419490 f   moc_workflowprotocol.obj
 0001:000184b0       ?metaObject@WorkflowController@@UBEPBUQMetaObject@@XZ 004194b0 f   moc_workflowprotocol.obj
 0001:000184d0       ?qt_metacall@SubThreadWorker@@UAEHW4Call@QMetaObject@@HPAPAX@Z 004194d0 f   moc_workflowprotocol.obj
 0001:00018530       ?qt_metacall@WorkflowController@@UAEHW4Call@QMetaObject@@HPAPAX@Z 00419530 f   moc_workflowprotocol.obj
 0001:00018590       ?qt_metacast@SubThreadWorker@@UAEPAXPBD@Z 00419590 f   moc_workflowprotocol.obj
 0001:000185f0       ?qt_metacast@WorkflowController@@UAEPAXPBD@Z 004195f0 f   moc_workflowprotocol.obj
 0001:00018650       ?qt_static_metacall@SubThreadWorker@@CAXPAVQObject@@W4Call@QMetaObject@@HPAPAX@Z 00419650 f   moc_workflowprotocol.obj
 0001:00018740       ?qt_static_metacall@WorkflowController@@CAXPAVQObject@@W4Call@QMetaObject@@HPAPAX@Z 00419740 f   moc_workflowprotocol.obj
 0001:00018860       ?runNewTask@WorkflowController@@QAEXABVQJsonObject@@@Z 00419860 f   moc_workflowprotocol.obj
 0001:00018890       ?runNewTunning@WorkflowController@@QAEXABVQJsonObject@@@Z 00419890 f   moc_workflowprotocol.obj
 0001:000188c0       ?statusChanged@SubThreadWorker@@QAEXABVQJsonObject@@@Z 004198c0 f   moc_workflowprotocol.obj
 0001:000188f0       ?stopTask@WorkflowController@@QAEXXZ 004198f0 f   moc_workflowprotocol.obj
 0001:00018910       ?taskStateChanged@SubThreadWorker@@QAEX_NH@Z 00419910 f   moc_workflowprotocol.obj
 0001:00018960       ?configChecker@WorkflowCheckerController@@QAEXABVQJsonArray@@@Z 00419960 f   moc_workflowChecker.obj
 0001:00018990       ?metaObject@SubThreadCheckWorker@@UBEPBUQMetaObject@@XZ 00419990 f   moc_workflowChecker.obj
 0001:000189b0       ?metaObject@WorkflowCheckerController@@UBEPBUQMetaObject@@XZ 004199b0 f   moc_workflowChecker.obj
 0001:000189d0       ?qt_metacall@SubThreadCheckWorker@@UAEHW4Call@QMetaObject@@HPAPAX@Z 004199d0 f   moc_workflowChecker.obj
 0001:00018a30       ?qt_metacall@WorkflowCheckerController@@UAEHW4Call@QMetaObject@@HPAPAX@Z 00419a30 f   moc_workflowChecker.obj
 0001:00018a90       ?qt_metacast@SubThreadCheckWorker@@UAEPAXPBD@Z 00419a90 f   moc_workflowChecker.obj
 0001:00018af0       ?qt_metacast@WorkflowCheckerController@@UAEPAXPBD@Z 00419af0 f   moc_workflowChecker.obj
 0001:00018b50       ?qt_static_metacall@SubThreadCheckWorker@@CAXPAVQObject@@W4Call@QMetaObject@@HPAPAX@Z 00419b50 f   moc_workflowChecker.obj
 0001:00018be0       ?qt_static_metacall@WorkflowCheckerController@@CAXPAVQObject@@W4Call@QMetaObject@@HPAPAX@Z 00419be0 f   moc_workflowChecker.obj
 0001:00018ca0       ?runNewCheck@WorkflowCheckerController@@QAEXABVQJsonObject@@@Z 00419ca0 f   moc_workflowChecker.obj
 0001:00018cd0       ?statusChanged@SubThreadCheckWorker@@QAEXABVQJsonObject@@@Z 00419cd0 f   moc_workflowChecker.obj
 0001:00018d00       ?stopCheck@WorkflowCheckerController@@QAEXXZ 00419d00 f   moc_workflowChecker.obj
 0001:00018d20       ?metaObject@configFileHandler@@UBEPBUQMetaObject@@XZ 00419d20 f   moc_configfilehandler.obj
 0001:00018d40       ?qt_metacall@configFileHandler@@UAEHW4Call@QMetaObject@@HPAPAX@Z 00419d40 f   moc_configfilehandler.obj
 0001:00018d50       ?qt_metacast@configFileHandler@@UAEPAXPBD@Z 00419d50 f   moc_configfilehandler.obj
 0001:00018db0       ?metaObject@EnvironmentVariant@@UBEPBUQMetaObject@@XZ 00419db0 f   moc_environmentvariant.obj
 0001:00018dd0       ?qt_metacall@EnvironmentVariant@@UAEHW4Call@QMetaObject@@HPAPAX@Z 00419dd0 f   moc_environmentvariant.obj
 0001:00018e30       ?qt_metacast@EnvironmentVariant@@UAEPAXPBD@Z 00419e30 f   moc_environmentvariant.obj
 0001:00018e90       ?qt_static_metacall@EnvironmentVariant@@CAXPAVQObject@@W4Call@QMetaObject@@HPAPAX@Z 00419e90 f   moc_environmentvariant.obj
 0001:00018ee0       ?workLocationTypeChanged@EnvironmentVariant@@QAEXXZ 00419ee0 f   moc_environmentvariant.obj
 0001:00018f00       ??$atImpl@V?$QList@H@@@QSequentialIterableImpl@QtMetaTypePrivate@@SAPBXPBXH@Z 00419f00 f i moc_workmodels.obj
 0001:00018f00       ??$atImpl@V?$QList@PAVQObject@@@@@QSequentialIterableImpl@QtMetaTypePrivate@@SAPBXPBXH@Z 00419f00 f i moc_workmodels.obj
 0001:00018f20       ??$equal@PBQAVQObject@@V?$checked_array_iterator@PBQAVQObject@@@stdext@@U?$equal_to@X@std@@@std@@YA_NPBQAVQObject@@0V?$checked_array_iterator@PBQAVQObject@@@stdext@@U?$equal_to@X@0@@Z 00419f20 f i moc_workmodels.obj
 0001:00018f20       ??$equal@PBHV?$checked_array_iterator@PBH@stdext@@U?$equal_to@X@std@@@std@@YA_NPBH0V?$checked_array_iterator@PBH@stdext@@U?$equal_to@X@0@@Z 00419f20 f i moc_workmodels.obj
 0001:00018fa0       ??$getImpl@V?$QList@H@@@QSequentialIterableImpl@QtMetaTypePrivate@@SA?AUVariantData@1@PBQAXHI@Z 00419fa0 f i moc_workmodels.obj
 0001:00018fa0       ??$getImpl@V?$QList@PAVQObject@@@@@QSequentialIterableImpl@QtMetaTypePrivate@@SA?AUVariantData@1@PBQAXHI@Z 00419fa0 f i moc_workmodels.obj
 0001:00018fc0       ??$moveToBeginImpl@V?$QList@H@@@QSequentialIterableImpl@QtMetaTypePrivate@@SAXPBXPAPAX@Z 00419fc0 f i moc_workmodels.obj
 0001:00018fc0       ??$moveToBeginImpl@V?$QList@PAVQObject@@@@@QSequentialIterableImpl@QtMetaTypePrivate@@SAXPBXPAPAX@Z 00419fc0 f i moc_workmodels.obj
 0001:00018ff0       ??$moveToEndImpl@V?$QList@H@@@QSequentialIterableImpl@QtMetaTypePrivate@@SAXPBXPAPAX@Z 00419ff0 f i moc_workmodels.obj
 0001:00018ff0       ??$moveToEndImpl@V?$QList@PAVQObject@@@@@QSequentialIterableImpl@QtMetaTypePrivate@@SAXPBXPAPAX@Z 00419ff0 f i moc_workmodels.obj
 0001:00019020       ??$sizeImpl@V?$QList@H@@@QSequentialIterableImpl@QtMetaTypePrivate@@SAHPBX@Z 0041a020 f i moc_workmodels.obj
 0001:00019020       ??$sizeImpl@V?$QList@PAVQObject@@@@@QSequentialIterableImpl@QtMetaTypePrivate@@SAHPBX@Z 0041a020 f i moc_workmodels.obj
 0001:00019030       ??0QSequentialIterableImpl@QtMetaTypePrivate@@QAE@XZ 0041a030 f i moc_workmodels.obj
 0001:000190a0       ??4?$QList@H@@QAEAAV0@$$QAV0@@Z 0041a0a0 f i moc_workmodels.obj
 0001:000190a0       ??4?$QList@PAVQObject@@@@QAEAAV0@$$QAV0@@Z 0041a0a0 f i moc_workmodels.obj
 0001:00019120       ??4QStringList@@QAEAAV0@$$QAV0@@Z 0041a120 f i moc_workmodels.obj
 0001:00019150       ?Construct@?$QMetaTypeFunctionHelper@V?$QList@H@@$00@QtMetaTypePrivate@@SAPAXPAXPBX@Z 0041a150 f i moc_workmodels.obj
 0001:00019150       ?Construct@?$QMetaTypeFunctionHelper@V?$QList@PAVQObject@@@@$00@QtMetaTypePrivate@@SAPAXPAXPBX@Z 0041a150 f i moc_workmodels.obj
 0001:000191d0       ?Construct@?$QMetaTypeFunctionHelper@VQSequentialIterableImpl@QtMetaTypePrivate@@$00@QtMetaTypePrivate@@SAPAXPAXPBX@Z 0041a1d0 f i moc_workmodels.obj
 0001:00019210       ?Destruct@?$QMetaTypeFunctionHelper@V?$QList@H@@$00@QtMetaTypePrivate@@SAXPAX@Z 0041a210 f i moc_workmodels.obj
 0001:00019210       ?Destruct@?$QMetaTypeFunctionHelper@V?$QList@PAVQObject@@@@$00@QtMetaTypePrivate@@SAXPAX@Z 0041a210 f i moc_workmodels.obj
 0001:00019280       ?MachineConfigChanged@TargetMachineObject@@QAEXXZ 0041a280 f   moc_workmodels.obj
 0001:000192a0       ?UnitChanged@OperationParamObject@@QAEXXZ 0041a2a0 f   moc_workmodels.obj
 0001:000192c0       ?advance@?$IteratorOwnerCommon@Vconst_iterator@?$QList@PAVQObject@@@@@QtMetaTypePrivate@@SAXPAPAXH@Z 0041a2c0 f i moc_workmodels.obj
 0001:000192c0       ?advance@?$IteratorOwnerCommon@Vconst_iterator@?$QList@H@@@QtMetaTypePrivate@@SAXPAPAXH@Z 0041a2c0 f i moc_workmodels.obj
 0001:000192d0       ?assign@?$IteratorOwnerCommon@Vconst_iterator@?$QList@H@@@QtMetaTypePrivate@@SAXPAPAXPBQAX@Z 0041a2d0 f i moc_workmodels.obj
 0001:000192d0       ?assign@?$IteratorOwnerCommon@Vconst_iterator@?$QList@PAVQObject@@@@@QtMetaTypePrivate@@SAXPAPAXPBQAX@Z 0041a2d0 f i moc_workmodels.obj
 0001:000192f0       ?boolValueChanged@OperationParamObject@@QAEXXZ 0041a2f0 f   moc_workmodels.obj
 0001:00019310       ?bottomValueChanged@OperationParamObject@@QAEXXZ 0041a310 f   moc_workmodels.obj
 0001:00019330       ?convert@?$ConverterFunctor@V?$QList@H@@VQSequentialIterableImpl@QtMetaTypePrivate@@U?$QSequentialIterableConvertFunctor@V?$QList@H@@@3@@QtPrivate@@SA_NPBUAbstractConverterFunction@2@PBXPAX@Z 0041a330 f i moc_workmodels.obj
 0001:000193d0       ?convert@?$ConverterFunctor@V?$QList@PAVQObject@@@@VQSequentialIterableImpl@QtMetaTypePrivate@@U?$QSequentialIterableConvertFunctor@V?$QList@PAVQObject@@@@@3@@QtPrivate@@SA_NPBUAbstractConverterFunction@2@PBXPAX@Z 0041a3d0 f i moc_workmodels.obj
 0001:00019470       ?currentIndexChanged@OperationParamSelector@@QAEXXZ 0041a470 f   moc_workmodels.obj
 0001:00019490       ?destroy@?$IteratorOwnerCommon@Vconst_iterator@?$QList@PAVQObject@@@@@QtMetaTypePrivate@@SAXPAPAX@Z 0041a490 f i moc_workmodels.obj
 0001:00019490       ?destroy@?$IteratorOwnerCommon@Vconst_iterator@?$QList@H@@@QtMetaTypePrivate@@SAXPAPAX@Z 0041a490 f i moc_workmodels.obj
 0001:000194b0       ?display@OperationParamObject@@QBE?AVQString@@XZ 0041a4b0 f i moc_workmodels.obj
 0001:000194d0       ?displayChanged@OperationParamObject@@QAEXXZ 0041a4d0 f   moc_workmodels.obj
 0001:000194f0       ?equal@?$IteratorOwnerCommon@Vconst_iterator@?$QList@H@@@QtMetaTypePrivate@@SA_NPBQAX0@Z 0041a4f0 f i moc_workmodels.obj
 0001:000194f0       ?equal@?$IteratorOwnerCommon@Vconst_iterator@?$QList@PAVQObject@@@@@QtMetaTypePrivate@@SA_NPBQAX0@Z 0041a4f0 f i moc_workmodels.obj
 0001:00019510       ?floatValueChanged@OperationParamObject@@QAEXXZ 0041a510 f   moc_workmodels.obj
 0001:00019530       ?getParamListModel@PlanSelector@@QAE?AV?$QList@PAVQObject@@@@XZ 0041a530 f i moc_workmodels.obj
 0001:00019550       ?getParamModel@OperationParamSelector@@QAE?AV?$QList@PAVQObject@@@@XZ 0041a550 f i moc_workmodels.obj
 0001:00019570       ?intListValue@OperationParamObject@@QAE?AV?$QList@H@@XZ 0041a570 f i moc_workmodels.obj
 0001:00019590       ?intListValueChanged@OperationParamObject@@QAEXXZ 0041a590 f   moc_workmodels.obj
 0001:000195b0       ?integerValueChanged@OperationParamObject@@QAEXXZ 0041a5b0 f   moc_workmodels.obj
 0001:000195d0       ?metaObject@ConfigFileConverter@@UBEPBUQMetaObject@@XZ 0041a5d0 f   moc_workmodels.obj
 0001:000195f0       ?metaObject@OperationParamObject@@UBEPBUQMetaObject@@XZ 0041a5f0 f   moc_workmodels.obj
 0001:00019610       ?metaObject@OperationParamSelector@@UBEPBUQMetaObject@@XZ 0041a610 f   moc_workmodels.obj
 0001:00019630       ?metaObject@PlanController@@UBEPBUQMetaObject@@XZ 0041a630 f   moc_workmodels.obj
 0001:00019650       ?metaObject@PlanSelector@@UBEPBUQMetaObject@@XZ 0041a650 f   moc_workmodels.obj
 0001:00019670       ?metaObject@StatusViewWatcher@@UBEPBUQMetaObject@@XZ 0041a670 f   moc_workmodels.obj
 0001:00019690       ?metaObject@TargetMachineObject@@UBEPBUQMetaObject@@XZ 0041a690 f   moc_workmodels.obj
 0001:000196b0       ?nameChanged@OperationParamObject@@QAEXXZ 0041a6b0 f   moc_workmodels.obj
 0001:000196d0       ?op_eq_impl@?$QList@PAVQObject@@@@ABE_NABV1@UArrayCompatibleLayout@QListData@@@Z 0041a6d0 f i moc_workmodels.obj
 0001:000196d0       ?op_eq_impl@?$QList@H@@ABE_NABV1@UArrayCompatibleLayout@QListData@@@Z 0041a6d0 f i moc_workmodels.obj
 0001:00019740       ?op_eq_impl@?$QList@VQString@@@@ABE_NABV1@UArrayCompatibleLayout@QListData@@@Z 0041a740 f i moc_workmodels.obj
 0001:000197b0       ?operationListModel@PlanSelector@@QAE?AVQStringList@@XZ 0041a7b0 f i moc_workmodels.obj
 0001:000197d0       ?operationModel@OperationParamSelector@@QAE?AVQStringList@@XZ 0041a7d0 f i moc_workmodels.obj
 0001:000197f0       ?operationNameChanged@SingleOperationObject@@QAEXXZ 0041a7f0 f   moc_workmodels.obj
 0001:00019810       ?pageNameChanged@OperationParamSelector@@QAEXXZ 0041a810 f   moc_workmodels.obj
 0001:00019830       ?paramListModelChanged@PlanSelector@@QAEXXZ 0041a830 f   moc_workmodels.obj
 0001:00019850       ?paramModelChanged@OperationParamSelector@@QAEXXZ 0041a850 f   moc_workmodels.obj
 0001:00019870       ?planCheckStatusChanged@PlanSelector@@QAEXABVQJsonObject@@@Z 0041a870 f   moc_workmodels.obj
 0001:000198a0       ?qt_metacall@ConfigFileConverter@@UAEHW4Call@QMetaObject@@HPAPAX@Z 0041a8a0 f   moc_workmodels.obj
 0001:00019900       ?qt_metacall@OperationParamObject@@UAEHW4Call@QMetaObject@@HPAPAX@Z 0041a900 f   moc_workmodels.obj
 0001:000199a0       ?qt_metacall@OperationParamSelector@@UAEHW4Call@QMetaObject@@HPAPAX@Z 0041a9a0 f   moc_workmodels.obj
 0001:00019a50       ?qt_metacall@PlanController@@UAEHW4Call@QMetaObject@@HPAPAX@Z 0041aa50 f   moc_workmodels.obj
 0001:00019ab0       ?qt_metacall@PlanSelector@@UAEHW4Call@QMetaObject@@HPAPAX@Z 0041aab0 f   moc_workmodels.obj
 0001:00019b60       ?qt_metacall@StatusViewWatcher@@UAEHW4Call@QMetaObject@@HPAPAX@Z 0041ab60 f   moc_workmodels.obj
 0001:00019bc0       ?qt_metacall@TargetMachineObject@@UAEHW4Call@QMetaObject@@HPAPAX@Z 0041abc0 f   moc_workmodels.obj
 0001:00019c80       ?qt_metacast@ConfigFileConverter@@UAEPAXPBD@Z 0041ac80 f   moc_workmodels.obj
 0001:00019ce0       ?qt_metacast@OperationParamObject@@UAEPAXPBD@Z 0041ace0 f   moc_workmodels.obj
 0001:00019d80       ?qt_metacast@OperationParamSelector@@UAEPAXPBD@Z 0041ad80 f   moc_workmodels.obj
 0001:00019de0       ?qt_metacast@PlanController@@UAEPAXPBD@Z 0041ade0 f   moc_workmodels.obj
 0001:00019e40       ?qt_metacast@PlanSelector@@UAEPAXPBD@Z 0041ae40 f   moc_workmodels.obj
 0001:00019ea0       ?qt_metacast@StatusViewWatcher@@UAEPAXPBD@Z 0041aea0 f   moc_workmodels.obj
 0001:00019f00       ?qt_metacast@TargetMachineObject@@UAEPAXPBD@Z 0041af00 f   moc_workmodels.obj
 0001:00019fa0       ?qt_metatype_id@?$QMetaTypeId@V?$QList@H@@@@SAHXZ 0041afa0 f i moc_workmodels.obj
 0001:0001a0c0       ?qt_metatype_id@?$QMetaTypeId@V?$QList@PAVQObject@@@@@@SAHXZ 0041b0c0 f i moc_workmodels.obj
 0001:0001a160       ?qt_metatype_id@?$QMetaTypeId@VQSequentialIterableImpl@QtMetaTypePrivate@@@@SAHXZ 0041b160 f i moc_workmodels.obj
 0001:0001a1f0       ?qt_static_metacall@ConfigFileConverter@@CAXPAVQObject@@W4Call@QMetaObject@@HPAPAX@Z 0041b1f0 f   moc_workmodels.obj
 0001:0001a240       ?qt_static_metacall@OperationParamObject@@CAXPAVQObject@@W4Call@QMetaObject@@HPAPAX@Z 0041b240 f   moc_workmodels.obj
 0001:0001a720       ?qt_static_metacall@OperationParamSelector@@CAXPAVQObject@@W4Call@QMetaObject@@HPAPAX@Z 0041b720 f   moc_workmodels.obj
 0001:0001a8e0       ?qt_static_metacall@PlanController@@CAXPAVQObject@@W4Call@QMetaObject@@HPAPAX@Z 0041b8e0 f   moc_workmodels.obj
 0001:0001a970       ?qt_static_metacall@PlanSelector@@CAXPAVQObject@@W4Call@QMetaObject@@HPAPAX@Z 0041b970 f   moc_workmodels.obj
 0001:0001acf0       ?qt_static_metacall@SingleOperationObject@@CAXPAVQObject@@W4Call@QMetaObject@@HPAPAX@Z 0041bcf0 f   moc_workmodels.obj
 0001:0001ada0       ?qt_static_metacall@StatusViewWatcher@@CAXPAVQObject@@W4Call@QMetaObject@@HPAPAX@Z 0041bda0 f   moc_workmodels.obj
 0001:0001af70       ?qt_static_metacall@TargetMachineObject@@CAXPAVQObject@@W4Call@QMetaObject@@HPAPAX@Z 0041bf70 f   moc_workmodels.obj
 0001:0001b090       ?registerConverter@?$ValueTypeIsMetaType@V?$QList@H@@$00@QtPrivate@@SA_NH@Z 0041c090 f i moc_workmodels.obj
 0001:0001b120       ?registerConverter@?$ValueTypeIsMetaType@V?$QList@PAVQObject@@@@$00@QtPrivate@@SA_NH@Z 0041c120 f i moc_workmodels.obj
 0001:0001b1b0       ?setBoolValue@OperationParamObject@@QAEX_N@Z 0041c1b0 f i moc_workmodels.obj
 0001:0001b1e0       ?setBottomValue@OperationParamObject@@QAEXH@Z 0041c1e0 f i moc_workmodels.obj
 0001:0001b210       ?setDisplay@OperationParamObject@@QAEXABVQString@@@Z 0041c210 f i moc_workmodels.obj
 0001:0001b250       ?setFloatValue@OperationParamObject@@QAEXN@Z 0041c250 f i moc_workmodels.obj
 0001:0001b290       ?setIntListValue@OperationParamObject@@QAEXABV?$QList@H@@@Z 0041c290 f i moc_workmodels.obj
 0001:0001b370       ?setIntegerValue@OperationParamObject@@QAEXH@Z 0041c370 f i moc_workmodels.obj
 0001:0001b3a0       ?setIpAddress@TargetMachineObject@@QAEXABVQString@@@Z 0041c3a0 f i moc_workmodels.obj
 0001:0001b3e0       ?setMaxReceiveTime@TargetMachineObject@@QAEXH@Z 0041c3e0 f i moc_workmodels.obj
 0001:0001b410       ?setName@OperationParamObject@@QAEXABVQString@@@Z 0041c410 f i moc_workmodels.obj
 0001:0001b450       ?setOperationName@SingleOperationObject@@QAEXABVQString@@@Z 0041c450 f i moc_workmodels.obj
 0001:0001b490       ?setParamListModel@PlanSelector@@QAEXABV?$QList@PAVQObject@@@@@Z 0041c490 f i moc_workmodels.obj
 0001:0001b570       ?setParamModel@OperationParamSelector@@QAEXABV?$QList@PAVQObject@@@@@Z 0041c570 f i moc_workmodels.obj
 0001:0001b650       ?setPort@TargetMachineObject@@QAEXF@Z 0041c650 f i moc_workmodels.obj
 0001:0001b680       ?setStringValue@OperationParamObject@@QAEXABVQString@@@Z 0041c680 f i moc_workmodels.obj
 0001:0001b6c0       ?setStringlistValue@OperationParamObject@@QAEXABVQStringList@@@Z 0041c6c0 f i moc_workmodels.obj
 0001:0001b740       ?setSwitchValue@OperationParamObject@@QAEXABVQString@@@Z 0041c740 f i moc_workmodels.obj
 0001:0001b780       ?setTopValue@OperationParamObject@@QAEXH@Z 0041c780 f i moc_workmodels.obj
 0001:0001b7b0       ?setUnit@OperationParamObject@@QAEXABVQString@@@Z 0041c7b0 f i moc_workmodels.obj
 0001:0001b7f0       ?settype@OperationParamObject@@QAEXABVQString@@@Z 0041c7f0 f i moc_workmodels.obj
 0001:0001b830       ?statusChanged@StatusViewWatcher@@QAEXABVQJsonObject@@@Z 0041c830 f   moc_workmodels.obj
 0001:0001b860       ?stringListValue@OperationParamObject@@QBE?AVQStringList@@XZ 0041c860 f i moc_workmodels.obj
 0001:0001b880       ?stringValue@OperationParamObject@@QBE?AVQString@@XZ 0041c880 f i moc_workmodels.obj
 0001:0001b8a0       ?stringValueChanged@OperationParamObject@@QAEXXZ 0041c8a0 f   moc_workmodels.obj
 0001:0001b8c0       ?stringlistValueChanged@OperationParamObject@@QAEXXZ 0041c8c0 f   moc_workmodels.obj
 0001:0001b8e0       ?switchValue@OperationParamObject@@QBE?AVQString@@XZ 0041c8e0 f i moc_workmodels.obj
 0001:0001b900       ?switchValueChanged@OperationParamObject@@QAEXXZ 0041c900 f   moc_workmodels.obj
 0001:0001b920       ?taskStateChanged@PlanController@@QAEX_N@Z 0041c920 f   moc_workmodels.obj
 0001:0001b950       ?topValueChanged@OperationParamObject@@QAEXXZ 0041c950 f   moc_workmodels.obj
 0001:0001b970       ?type@OperationParamObject@@QBE?AVQString@@XZ 0041c970 f i moc_workmodels.obj
 0001:0001b990       ?typeChanged@OperationParamObject@@QAEXXZ 0041c990 f   moc_workmodels.obj
 0001:0001b9b0       ?unit@OperationParamObject@@QBE?AVQString@@XZ 0041c9b0 f i moc_workmodels.obj
 0001:0001b9d0       ?workLocationTypeChanged@StatusViewWatcher@@QAEXXZ 0041c9d0 f   moc_workmodels.obj
 0001:0001b9e4       _MiniDumpWriteDump@28      0041c9e4 f   DbgHelp:dbghelp.dll
 0001:0001b9ea       ?fixup@QValidator@@UBEXAAVQString@@@Z 0041c9ea f   Qt5Gui:Qt5Gui.dll
 0001:0001b9f0       ?metaObject@QDoubleValidator@@UBEPBUQMetaObject@@XZ 0041c9f0 f   Qt5Gui:Qt5Gui.dll
 0001:0001b9f6       ?qt_metacall@QDoubleValidator@@UAEHW4Call@QMetaObject@@HPAPAX@Z 0041c9f6 f   Qt5Gui:Qt5Gui.dll
 0001:0001b9fc       ?qt_metacast@QDoubleValidator@@UAEPAXPBD@Z 0041c9fc f   Qt5Gui:Qt5Gui.dll
 0001:0001ba02       ?setRange@QDoubleValidator@@UAEXNNH@Z 0041ca02 f   Qt5Gui:Qt5Gui.dll
 0001:0001ba08       ?childEvent@QObject@@MAEXPAVQChildEvent@@@Z 0041ca08 f   Qt5Core:Qt5Core.dll
 0001:0001ba0e       ?connectNotify@QObject@@MAEXABVQMetaMethod@@@Z 0041ca0e f   Qt5Core:Qt5Core.dll
 0001:0001ba14       ?customEvent@QObject@@MAEXPAVQEvent@@@Z 0041ca14 f   Qt5Core:Qt5Core.dll
 0001:0001ba1a       ?disconnectNotify@QObject@@MAEXABVQMetaMethod@@@Z 0041ca1a f   Qt5Core:Qt5Core.dll
 0001:0001ba20       ?event@QObject@@UAE_NPAVQEvent@@@Z 0041ca20 f   Qt5Core:Qt5Core.dll
 0001:0001ba26       ?eventFilter@QObject@@UAE_NPAV1@PAVQEvent@@@Z 0041ca26 f   Qt5Core:Qt5Core.dll
 0001:0001ba2c       ?timerEvent@QObject@@MAEXPAVQTimerEvent@@@Z 0041ca2c f   Qt5Core:Qt5Core.dll
 0001:0001ba32       ?qRegisterResourceData@@YA_NHPBE00@Z 0041ca32 f   Qt5Core:Qt5Core.dll
 0001:0001ba38       ?qUnregisterResourceData@@YA_NHPBE00@Z 0041ca38 f   Qt5Core:Qt5Core.dll
 0001:0001ba3e       @__security_check_cookie@4 0041ca3e f   MSVCRT:_secchk_.obj
 0001:0001ba4f       ??2@YAPAXI@Z               0041ca4f f   MSVCRT:new_scalar.obj
 0001:0001ba82       ??3@YAXPAXI@Z              0041ca82 f   MSVCRT:delete_scalar_size.obj
 0001:0001bb50       ??$__crt_fast_encode_pointer@P6GXPAU_RTL_CONDITION_VARIABLE@@@Z@@YAP6GXPAU_RTL_CONDITION_VARIABLE@@@ZQ6GX0@Z@Z 0041cb50 f i MSVCRT:thread_safe_statics.obj
 0001:0001bb50       ??$__crt_fast_encode_pointer@P6GHPAU_RTL_CONDITION_VARIABLE@@PAU_RTL_CRITICAL_SECTION@@K@Z@@YAP6GHPAU_RTL_CONDITION_VARIABLE@@PAU_RTL_CRITICAL_SECTION@@K@ZQ6GH01K@Z@Z 0041cb50 f i MSVCRT:thread_safe_statics.obj
 0001:0001bb89       __Init_thread_footer       0041cb89 f   MSVCRT:thread_safe_statics.obj
 0001:0001bbc8       __Init_thread_header       0041cbc8 f   MSVCRT:thread_safe_statics.obj
 0001:0001bc0e       __Init_thread_lock         0041cc0e f   MSVCRT:thread_safe_statics.obj
 0001:0001bc1a       __Init_thread_notify       0041cc1a f   MSVCRT:thread_safe_statics.obj
 0001:0001bc5b       __Init_thread_unlock       0041cc5b f   MSVCRT:thread_safe_statics.obj
 0001:0001bc67       __Init_thread_wait         0041cc67 f   MSVCRT:thread_safe_statics.obj
 0001:0001bccc       ??_Gtype_info@@UAEPAXI@Z   0041cccc f i MSVCRT:std_type_info_static.obj
 0001:0001bccc       ??_Etype_info@@UAEPAXI@Z   0041cccc f i MSVCRT:std_type_info_static.obj
 0001:0001bd33       ___scrt_acquire_startup_lock 0041cd33 f   MSVCRT:utility.obj
 0001:0001bd68       ___scrt_initialize_crt     0041cd68 f   MSVCRT:utility.obj
 0001:0001bda1       ___scrt_initialize_onexit_tables 0041cda1 f   MSVCRT:utility.obj
 0001:0001be38       ___scrt_is_nonwritable_in_current_image 0041ce38 f   MSVCRT:utility.obj
 0001:0001bec2       ___scrt_release_startup_lock 0041cec2 f   MSVCRT:utility.obj
 0001:0001bedf       ___scrt_uninitialize_crt   0041cedf f   MSVCRT:utility.obj
 0001:0001bf07       __onexit                   0041cf07 f   MSVCRT:utility.obj
 0001:0001bf42       _atexit                    0041cf42 f   MSVCRT:utility.obj
 0001:0001c17d       _WinMainCRTStartup         0041d17d f   MSVCRT:exe_winmain.obj
 0001:0001c187       ___raise_securityfailure   0041d187 f   MSVCRT:gs_report.obj
 0001:0001c1af       ___report_gsfailure        0041d1af f   MSVCRT:gs_report.obj
 0001:0001c2aa       ??0bad_alloc@std@@QAE@ABV01@@Z 0041d2aa f i MSVCRT:throw_bad_alloc.obj
 0001:0001c2c5       ??0bad_alloc@std@@QAE@XZ   0041d2c5 f i MSVCRT:throw_bad_alloc.obj
 0001:0001c2dd       ??0bad_array_new_length@std@@QAE@ABV01@@Z 0041d2dd f i MSVCRT:throw_bad_alloc.obj
 0001:0001c2f8       ??0bad_array_new_length@std@@QAE@XZ 0041d2f8 f i MSVCRT:throw_bad_alloc.obj
 0001:0001c310       ??0exception@std@@QAE@ABV01@@Z 0041d310 f i MSVCRT:throw_bad_alloc.obj
 0001:0001c33c       ??1bad_alloc@std@@UAE@XZ   0041d33c f i MSVCRT:throw_bad_alloc.obj
 0001:0001c33c       ??1bad_array_new_length@std@@UAE@XZ 0041d33c f i MSVCRT:throw_bad_alloc.obj
 0001:0001c34d       ??_Eexception@std@@UAEPAXI@Z 0041d34d f i MSVCRT:throw_bad_alloc.obj
 0001:0001c34d       ??_Ebad_array_new_length@std@@UAEPAXI@Z 0041d34d f i MSVCRT:throw_bad_alloc.obj
 0001:0001c34d       ??_Gexception@std@@UAEPAXI@Z 0041d34d f i MSVCRT:throw_bad_alloc.obj
 0001:0001c34d       ??_Ebad_alloc@std@@UAEPAXI@Z 0041d34d f i MSVCRT:throw_bad_alloc.obj
 0001:0001c34d       ??_Gbad_array_new_length@std@@UAEPAXI@Z 0041d34d f i MSVCRT:throw_bad_alloc.obj
 0001:0001c34d       ??_Gbad_alloc@std@@UAEPAXI@Z 0041d34d f i MSVCRT:throw_bad_alloc.obj
 0001:0001c37a       ?__scrt_throw_std_bad_alloc@@YAXXZ 0041d37a f   MSVCRT:throw_bad_alloc.obj
 0001:0001c397       ?__scrt_throw_std_bad_array_new_length@@YAXXZ 0041d397 f   MSVCRT:throw_bad_alloc.obj
 0001:0001c3b4       ?what@exception@std@@UBEPBDXZ 0041d3b4 f i MSVCRT:throw_bad_alloc.obj
 0001:0001c3c1       ??3@YAXPAX@Z               0041d3c1 f   MSVCRT:delete_scalar.obj
 0001:0001c3c6       ___scrt_fastfail           0041d3c6 f   MSVCRT:utility_desktop.obj
 0001:0001c4e1       ___scrt_get_show_window_mode 0041d4e1 f   MSVCRT:utility_desktop.obj
 0001:0001c514       ___scrt_is_managed_app     0041d514 f   MSVCRT:utility_desktop.obj
 0001:0001c558       ___scrt_set_unhandled_exception_filter 0041d558 f   MSVCRT:utility_desktop.obj
 0001:0001c564       ___scrt_unhandled_exception_filter@4 0041d564 f   MSVCRT:utility_desktop.obj
 0001:0001c5a5       @_guard_check_icall@4      0041d5a5 f i MSVCRT:checkcfg.obj
[...]
 0002:000534f8       __ehfuncinfo$??$qmlRegisterType@VPlanSelector@@@@YAHPBDHH0@Z 004754f8     main.obj
 0002:000534f8       __ehfuncinfo$??$qmlRegisterType@VOperationParamObject@@@@YAHPBDHH0@Z 004754f8     main.obj
 0002:000534f8       __ehfuncinfo$??$qmlRegisterType@VTextFieldDoubleValidator@@@@YAHPBDHH0@Z 004754f8     main.obj
 0002:0005351c       __unwindtable$??$qmlRegisterType@VOperationParamSelector@@@@YAHPBDHH0@Z 0047551c     main.obj
 0002:0005351c       __unwindtable$??$qmlRegisterType@VPlanController@@@@YAHPBDHH0@Z 0047551c     main.obj
 0002:0005351c       __unwindtable$??$qmlRegisterType@VPlanSelector@@@@YAHPBDHH0@Z 0047551c     main.obj
 0002:0005351c       __unwindtable$??$qmlRegisterType@VStatusViewWatcher@@@@YAHPBDHH0@Z 0047551c     main.obj
 0002:0005351c       __unwindtable$??$qmlRegisterType@VOperationParamObject@@@@YAHPBDHH0@Z 0047551c     main.obj
 0002:0005351c       __unwindtable$??$qmlRegisterType@VTextFieldDoubleValidator@@@@YAHPBDHH0@Z 0047551c     main.obj
 0002:00053544       __unwindtable$?qt_metatype_id@?$QMetaTypeIdQObject@PAVTextFieldDoubleValidator@@$07@@SAHXZ 00475544     main.obj
 0002:00053544       __unwindtable$?qt_metatype_id@?$QMetaTypeIdQObject@PAVPlanController@@$07@@SAHXZ 00475544     main.obj
 0002:00053544       __unwindtable$?qt_metatype_id@?$QMetaTypeIdQObject@PAVPlanSelector@@$07@@SAHXZ 00475544     main.obj
 0002:00053544       __unwindtable$?qt_metatype_id@?$QMetaTypeIdQObject@PAVOperationParamObject@@$07@@SAHXZ 00475544     main.obj
 0002:00053544       __unwindtable$?qt_metatype_id@?$QMetaTypeIdQObject@PAVOperationParamSelector@@$07@@SAHXZ 00475544     main.obj
 0002:00053544       __unwindtable$?qt_metatype_id@?$QMetaTypeIdQObject@PAVStatusViewWatcher@@$07@@SAHXZ 00475544     main.obj
 0002:0005354c       __ehfuncinfo$?qt_metatype_id@?$QMetaTypeIdQObject@PAVOperationParamObject@@$07@@SAHXZ 0047554c     main.obj
 0002:0005354c       __ehfuncinfo$?qt_metatype_id@?$QMetaTypeIdQObject@PAVTextFieldDoubleValidator@@$07@@SAHXZ 0047554c     main.obj
 0002:0005354c       __ehfuncinfo$?qt_metatype_id@?$QMetaTypeIdQObject@PAVStatusViewWatcher@@$07@@SAHXZ 0047554c     main.obj
 0002:0005354c       __ehfuncinfo$?qt_metatype_id@?$QMetaTypeIdQObject@PAVPlanSelector@@$07@@SAHXZ 0047554c     main.obj
 0002:0005354c       __ehfuncinfo$?qt_metatype_id@?$QMetaTypeIdQObject@PAVOperationParamSelector@@$07@@SAHXZ 0047554c     main.obj
 0002:0005354c       __ehfuncinfo$?qt_metatype_id@?$QMetaTypeIdQObject@PAVPlanController@@$07@@SAHXZ 0047554c     main.obj
 0002:00053570       __unwindtable$??$createInto@VPlanSelector@@@QQmlPrivate@@YAXPAX@Z 00475570     main.obj
 0002:00053570       __unwindtable$??$createInto@VTextFieldDoubleValidator@@@QQmlPrivate@@YAXPAX@Z 00475570     main.obj
 0002:00053570       __unwindtable$??$createInto@VStatusViewWatcher@@@QQmlPrivate@@YAXPAX@Z 00475570     main.obj
 0002:00053570       __unwindtable$??$createInto@VOperationParamSelector@@@QQmlPrivate@@YAXPAX@Z 00475570     main.obj
 0002:00053570       __unwindtable$??$createInto@VOperationParamObject@@@QQmlPrivate@@YAXPAX@Z 00475570     main.obj
 0002:00053570       __unwindtable$??$createInto@VPlanController@@@QQmlPrivate@@YAXPAX@Z 00475570     main.obj
 0002:00053578       __ehfuncinfo$??$createInto@VStatusViewWatcher@@@QQmlPrivate@@YAXPAX@Z 00475578     main.obj
 0002:00053578       __ehfuncinfo$??$createInto@VOperationParamSelector@@@QQmlPrivate@@YAXPAX@Z 00475578     main.obj
 0002:00053578       __ehfuncinfo$??$createInto@VPlanController@@@QQmlPrivate@@YAXPAX@Z 00475578     main.obj
 0002:00053578       __ehfuncinfo$??$createInto@VPlanSelector@@@QQmlPrivate@@YAXPAX@Z 00475578     main.obj
 0002:00053578       __ehfuncinfo$??$createInto@VTextFieldDoubleValidator@@@QQmlPrivate@@YAXPAX@Z 00475578     main.obj
 0002:00053578       __ehfuncinfo$??$createInto@VOperationParamObject@@@QQmlPrivate@@YAXPAX@Z 00475578     main.obj
 0002:0005359c       __unwindtable$??_G?$QQmlElement@VOperationParamObject@@@QQmlPrivate@@UAEPAXI@Z 0047559c     main.obj
 0002:0005359c       __unwindtable$??_G?$QQmlElement@VTextFieldDoubleValidator@@@QQmlPrivate@@UAEPAXI@Z 0047559c     main.obj
 0002:0005359c       __unwindtable$??_G?$QQmlElement@VOperationParamSelector@@@QQmlPrivate@@UAEPAXI@Z 0047559c     main.obj
 0002:0005359c       __unwindtable$??_G?$QQmlElement@VPlanSelector@@@QQmlPrivate@@UAEPAXI@Z 0047559c     main.obj
 0002:0005359c       __unwindtable$??1SingleOperationData@@QAE@XZ 0047559c     configfilehandler.obj
 0002:0005359c       __unwindtable$??_G?$QQmlElement@VPlanController@@@QQmlPrivate@@UAEPAXI@Z 0047559c     main.obj
 0002:0005359c       __unwindtable$??_G?$QQmlElement@VStatusViewWatcher@@@QQmlPrivate@@UAEPAXI@Z 0047559c     main.obj
 0002:0005359c       __unwindtable$??_GPlanController@@UAEPAXI@Z 0047559c     workmodels.obj
 0002:0005359c       __unwindtable$??1?$QForeachContainer@V?$QList@VSingleOperationData@@@@@QtPrivate@@QAE@XZ 0047559c     environmentvariant.obj
 0002:0005359c       __unwindtable$??1OperationParamData@@QAE@XZ 0047559c     configfilehandler.obj
 0002:0005359c       __unwindtable$??_GSingleOperationData@@QAEPAXI@Z 0047559c     configfilehandler.obj
 0002:000535a4       __ehfuncinfo$??1OperationParamData@@QAE@XZ 004755a4     configfilehandler.obj
 0002:000535a4       __ehfuncinfo$??_GSingleOperationData@@QAEPAXI@Z 004755a4     configfilehandler.obj
 0002:000535a4       __ehfuncinfo$??_G?$QQmlElement@VPlanController@@@QQmlPrivate@@UAEPAXI@Z 004755a4     main.obj
 0002:000535a4       __ehfuncinfo$??_G?$QQmlElement@VStatusViewWatcher@@@QQmlPrivate@@UAEPAXI@Z 004755a4     main.obj
 0002:000535a4       __ehfuncinfo$??_G?$QQmlElement@VTextFieldDoubleValidator@@@QQmlPrivate@@UAEPAXI@Z 004755a4     main.obj
 0002:000535a4       __ehfuncinfo$??_G?$QQmlElement@VOperationParamObject@@@QQmlPrivate@@UAEPAXI@Z 004755a4     main.obj
 0002:000535a4       __ehfuncinfo$??1SingleOperationData@@QAE@XZ 004755a4     configfilehandler.obj
 0002:000535a4       __ehfuncinfo$??_G?$QQmlElement@VOperationParamSelector@@@QQmlPrivate@@UAEPAXI@Z 004755a4     main.obj
 0002:000535a4       __ehfuncinfo$??1?$QForeachContainer@V?$QList@VSingleOperationData@@@@@QtPrivate@@QAE@XZ 004755a4     environmentvariant.obj
 0002:000535a4       __ehfuncinfo$??_G?$QQmlElement@VPlanSelector@@@QQmlPrivate@@UAEPAXI@Z 004755a4     main.obj
 0002:000535a4       __ehfuncinfo$??_GPlanController@@UAEPAXI@Z 004755a4     workmodels.obj
 0002:000535c8       __catchsym$??0?$QList@H@@QAE@ABV0@@Z$7 004755c8     configfilehandler.obj
 0002:000535c8       __catchsym$??0?$QList@PAVQObject@@@@QAE@ABV0@@Z$7 004755c8     workmodels.obj
 0002:000535d8       __unwindtable$??0?$QList@PAVQObject@@@@QAE@ABV0@@Z 004755d8     workmodels.obj
 0002:000535d8       __unwindtable$??0?$QList@H@@QAE@ABV0@@Z 004755d8     configfilehandler.obj
 0002:000535e8       __tryblocktable$??0?$QList@H@@QAE@ABV0@@Z 004755e8     configfilehandler.obj
 0002:000535e8       __tryblocktable$??0?$QList@PAVQObject@@@@QAE@ABV0@@Z 004755e8     workmodels.obj
 0002:000535fc       __ehfuncinfo$??0?$QList@PAVQObject@@@@QAE@ABV0@@Z 004755fc     workmodels.obj
 0002:000535fc       __ehfuncinfo$??0?$QList@H@@QAE@ABV0@@Z 004755fc     configfilehandler.obj
 0002:00053620       __ehfuncinfo$?setSelectedOperation@OperationParamSelector@@QAEXH@Z 00475620     workmodels.obj
 0002:00053644       __unwindtable$?setSelectedOperation@OperationParamSelector@@QAEXH@Z 00475644     workmodels.obj
 0002:000536ac       __unwindtable$?getSwitch@PlanSelector@@QAEPAVQObject@@ABVQString@@@Z 004756ac     workmodels.obj
 0002:000536ac       __unwindtable$?getSwitch@OperationParamSelector@@QAEPAVQObject@@ABVQString@@@Z 004756ac     workmodels.obj
 0002:000536c4       __ehfuncinfo$?getSwitch@PlanSelector@@QAEPAVQObject@@ABVQString@@@Z 004756c4     workmodels.obj
 0002:000536c4       __ehfuncinfo$?getSwitch@OperationParamSelector@@QAEPAVQObject@@ABVQString@@@Z 004756c4     workmodels.obj
 0002:000536e8       __ehfuncinfo$?onCompleteSingleOperation@OperationParamSelector@@QAEXXZ 004756e8     workmodels.obj
 0002:0005370c       __unwindtable$?onCompleteSingleOperation@OperationParamSelector@@QAEXXZ 0047570c     workmodels.obj
 0002:0005374c       __unwindtable$??0PlanSelector@@QAE@PAVQObject@@@Z 0047574c     workmodels.obj
 0002:0005376c       __ehfuncinfo$??0PlanSelector@@QAE@PAVQObject@@@Z 0047576c     workmodels.obj
 0002:00053790       __unwindtable$??1PlanSelector@@UAE@XZ 00475790     workmodels.obj
 0002:000537a0       __ehfuncinfo$??1PlanSelector@@UAE@XZ 004757a0     workmodels.obj
 0002:000537c4       __ehfuncinfo$?setSelectedStep@PlanSelector@@QAEXHH@Z 004757c4     workmodels.obj
 0002:000537e8       __unwindtable$?setSelectedStep@PlanSelector@@QAEXHH@Z 004757e8     workmodels.obj
 0002:00053850       __ehfuncinfo$?setSelectedOperation@PlanSelector@@QAEXHHH@Z 00475850     workmodels.obj
 0002:00053874       __unwindtable$?setSelectedOperation@PlanSelector@@QAEXHHH@Z 00475874     workmodels.obj
 0002:000538fc       __unwindtable$??0StatusViewWatcher@@QAE@PAVQObject@@@Z 004758fc     workmodels.obj
 0002:000538fc       __unwindtable$??0PlanController@@QAE@PAVQObject@@@Z 004758fc     workmodels.obj
 0002:000538fc       __unwindtable$??0configFileHandler@@QAE@PAVQObject@@@Z 004758fc     configfilehandler.obj
 0002:00053904       __ehfuncinfo$??0configFileHandler@@QAE@PAVQObject@@@Z 00475904     configfilehandler.obj
 0002:00053904       __ehfuncinfo$??0StatusViewWatcher@@QAE@PAVQObject@@@Z 00475904     workmodels.obj
 0002:00053904       __ehfuncinfo$??0PlanController@@QAE@PAVQObject@@@Z 00475904     workmodels.obj
 0002:00053928       __unwindtable$??_GStatusViewWatcher@@UAEPAXI@Z 00475928     workmodels.obj
 0002:00053930       __ehfuncinfo$??_GStatusViewWatcher@@UAEPAXI@Z 00475930     workmodels.obj
 0002:00053954       __unwindtable$?onMachineConfigChanged@TargetMachineObject@@QAE_NXZ 00475954     workmodels.obj
 0002:0005395c       __ehfuncinfo$?onMachineConfigChanged@TargetMachineObject@@QAE_NXZ 0047595c     workmodels.obj
 0002:00053980       __ehfuncinfo$?doCheck@SubThreadCheckWorker@@QAEXABVQJsonObject@@@Z 00475980     workflowChecker.obj
 0002:000539a4       __unwindtable$?doCheck@SubThreadCheckWorker@@QAEXABVQJsonObject@@@Z 004759a4     workflowChecker.obj
 0002:00053a9c       __ehfuncinfo$?configChecker@SubThreadCheckWorker@@QAEXABVQJsonArray@@@Z 00475a9c     workflowChecker.obj
 0002:00053ac0       __unwindtable$?configChecker@SubThreadCheckWorker@@QAEXABVQJsonArray@@@Z 00475ac0     workflowChecker.obj
 0002:00053b48       __ehfuncinfo$?CheckBoardConstraint@SubThreadCheckWorker@@IAE_NABVQJsonObject@@@Z 00475b48     workflowChecker.obj
 0002:00053b6c       __unwindtable$?CheckBoardConstraint@SubThreadCheckWorker@@IAE_NABVQJsonObject@@@Z 00475b6c     workflowChecker.obj
 0002:00053c1c       __ehfuncinfo$?CheckParamConstraint@SubThreadCheckWorker@@IAE_NABVQJsonObject@@@Z 00475c1c     workflowChecker.obj
 0002:00053c40       __unwindtable$?CheckParamConstraint@SubThreadCheckWorker@@IAE_NABVQJsonObject@@@Z 00475c40     workflowChecker.obj
 0002:00053da8       __ehfuncinfo$??0WorkflowCheckerController@@QAE@PAVQObject@@@Z 00475da8     workflowChecker.obj
 0002:00053dcc       __unwindtable$??0WorkflowCheckerController@@QAE@PAVQObject@@@Z 00475dcc     workflowChecker.obj
 0002:00053dfc       __unwindtable$?qt_metatype_id@?$QMetaTypeId@V?$QList@PAVQObject@@@@@@SAHXZ 00475dfc     moc_workmodels.obj
 0002:00053dfc       __unwindtable$?qt_metatype_id@?$QMetaTypeId@VQSequentialIterableImpl@QtMetaTypePrivate@@@@SAHXZ 00475dfc     moc_workmodels.obj
 0002:00053e04       __ehfuncinfo$?qt_metatype_id@?$QMetaTypeId@VQSequentialIterableImpl@QtMetaTypePrivate@@@@SAHXZ 00475e04     moc_workmodels.obj
 0002:00053e04       __ehfuncinfo$?qt_metatype_id@?$QMetaTypeId@V?$QList@PAVQObject@@@@@@SAHXZ 00475e04     moc_workmodels.obj
 0002:00053e28       __unwindtable$?setIntListValue@OperationParamObject@@QAEXABV?$QList@H@@@Z 00475e28     moc_workmodels.obj
 0002:00053e28       __unwindtable$??4OperationParamData@@QAEAAV0@ABV0@@Z 00475e28     configfilehandler.obj
 0002:00053e28       __unwindtable$?setParamListModel@PlanSelector@@QAEXABV?$QList@PAVQObject@@@@@Z 00475e28     moc_workmodels.obj
 0002:00053e28       __unwindtable$?setParamModel@OperationParamSelector@@QAEXABV?$QList@PAVQObject@@@@@Z 00475e28     moc_workmodels.obj
 0002:00053e28       __unwindtable$?clear@?$QList@UloopControl@SubThreadWorker@@@@QAEXXZ 00475e28     workflowprotocol.obj
 0002:00053e30       __ehfuncinfo$?clear@?$QList@UloopControl@SubThreadWorker@@@@QAEXXZ 00475e30     workflowprotocol.obj
 0002:00053e30       __ehfuncinfo$??4OperationParamData@@QAEAAV0@ABV0@@Z 00475e30     configfilehandler.obj
 0002:00053e30       __ehfuncinfo$?setParamListModel@PlanSelector@@QAEXABV?$QList@PAVQObject@@@@@Z 00475e30     moc_workmodels.obj
 0002:00053e30       __ehfuncinfo$?setIntListValue@OperationParamObject@@QAEXABV?$QList@H@@@Z 00475e30     moc_workmodels.obj
 0002:00053e30       __ehfuncinfo$?setParamModel@OperationParamSelector@@QAEXABV?$QList@PAVQObject@@@@@Z 00475e30     moc_workmodels.obj
 0002:00053e54       __unwindtable$?qt_static_metacall@StatusViewWatcher@@CAXPAVQObject@@W4Call@QMetaObject@@HPAPAX@Z 00475e54     moc_workmodels.obj
 0002:00053e64       __ehfuncinfo$?qt_static_metacall@StatusViewWatcher@@CAXPAVQObject@@W4Call@QMetaObject@@HPAPAX@Z 00475e64     moc_workmodels.obj
 0002:00053e88       __unwindtable$?Destruct@?$QMetaTypeFunctionHelper@V?$QList@H@@$00@QtMetaTypePrivate@@SAXPAX@Z 00475e88     moc_workmodels.obj
 0002:00053e88       __unwindtable$??__Ff@?4??registerConverter@?$ValueTypeIsMetaType@V?$QList@H@@$00@QtPrivate@@SA_NH@Z@YAXXZ 00475e88     moc_workmodels.obj
 0002:00053e88       __unwindtable$?Destruct@?$QMetaTypeFunctionHelper@V?$QList@PAVQObject@@@@$00@QtMetaTypePrivate@@SAXPAX@Z 00475e88     moc_workmodels.obj
 0002:00053e88       __unwindtable$??__Ff@?4??registerConverter@?$ValueTypeIsMetaType@V?$QList@PAVQObject@@@@$00@QtPrivate@@SA_NH@Z@YAXXZ 00475e88     moc_workmodels.obj
 0002:00053e88       __unwindtable$??__Fdummy@?A0x60b45615@@YAXXZ 00475e88     qrc_qml.obj
 0002:00053e90       __ehfuncinfo$?Destruct@?$QMetaTypeFunctionHelper@V?$QList@PAVQObject@@@@$00@QtMetaTypePrivate@@SAXPAX@Z 00475e90     moc_workmodels.obj
 0002:00053e90       __ehfuncinfo$??__Fdummy@?A0x60b45615@@YAXXZ 00475e90     qrc_qml.obj
 0002:00053e90       __ehfuncinfo$??__Ff@?4??registerConverter@?$ValueTypeIsMetaType@V?$QList@H@@$00@QtPrivate@@SA_NH@Z@YAXXZ 00475e90     moc_workmodels.obj
 0002:00053e90       __ehfuncinfo$?Destruct@?$QMetaTypeFunctionHelper@V?$QList@H@@$00@QtMetaTypePrivate@@SAXPAX@Z 00475e90     moc_workmodels.obj
 0002:00053e90       __ehfuncinfo$??__Ff@?4??registerConverter@?$ValueTypeIsMetaType@V?$QList@PAVQObject@@@@$00@QtPrivate@@SA_NH@Z@YAXXZ 00475e90     moc_workmodels.obj
 0002:00053eb4       __unwindtable$?qt_metatype_id@?$QMetaTypeId@V?$QList@H@@@@SAHXZ 00475eb4     moc_workmodels.obj
 0002:00053ebc       __ehfuncinfo$?qt_metatype_id@?$QMetaTypeId@V?$QList@H@@@@SAHXZ 00475ebc     moc_workmodels.obj
 0002:00053ee0       __unwindtable$?Construct@?$QMetaTypeFunctionHelper@V?$QList@PAVQObject@@@@$00@QtMetaTypePrivate@@SAPAXPAXPBX@Z 00475ee0     moc_workmodels.obj
 0002:00053ee0       __unwindtable$?Construct@?$QMetaTypeFunctionHelper@V?$QList@H@@$00@QtMetaTypePrivate@@SAPAXPAXPBX@Z 00475ee0     moc_workmodels.obj
 0002:00053ee8       __ehfuncinfo$?Construct@?$QMetaTypeFunctionHelper@V?$QList@PAVQObject@@@@$00@QtMetaTypePrivate@@SAPAXPAXPBX@Z 00475ee8     moc_workmodels.obj
 0002:00053ee8       __ehfuncinfo$?Construct@?$QMetaTypeFunctionHelper@V?$QList@H@@$00@QtMetaTypePrivate@@SAPAXPAXPBX@Z 00475ee8     moc_workmodels.obj
 0002:00053f10       __sehtable$___scrt_is_nonwritable_in_current_image 00475f10     MSVCRT:utility.obj
 0002:00053f30       __sehtable$?__scrt_common_main_seh@@YAHXZ 00475f30     MSVCRT:exe_winmain.obj
 0002:0005469c       .idata$6                   0047669c     DbgHelp:dbghelp.dll
 0002:000547a0       .idata$6                   004767a0     Qt5Quick:Qt5Quick.dll
 0002:00054af8       .idata$6                   00476af8     Qt5Gui:Qt5Gui.dll
 0002:00054c54       .idata$6                   00476c54     Qt5Qml:Qt5Qml.dll
 0002:00054d66       .idata$6                   00476d66     Qt5Network:Qt5Network.dll
 0002:000570d0       .idata$6                   004790d0     Qt5Core:Qt5Core.dll
 0002:000572c2       .idata$6                   004792c2     kernel32:KERNEL32.dll
 0002:000573a6       .idata$6                   004793a6     vcruntime:VCRUNTIME140.dll
 0002:00057586       .idata$6                   00479586     ucrt:api-ms-win-crt-heap-l1-1-0.dll
 0002:000575a6       .idata$6                   004795a6     ucrt:api-ms-win-crt-runtime-l1-1-0.dll
 0002:000575c8       .idata$6                   004795c8     ucrt:api-ms-win-crt-math-l1-1-0.dll
 0002:000575e8       .idata$6                   004795e8     ucrt:api-ms-win-crt-stdio-l1-1-0.dll
 0002:00057608       .idata$6                   00479608     ucrt:api-ms-win-crt-locale-l1-1-0.dll
 0002:00057640       .idata$6                   00479640     shell32:SHELL32.dll
 0003:00000708       ?_Tss_mutex@@3U_RTL_CRITICAL_SECTION@@A 0047a708     MSVCRT:thread_safe_statics.obj
 0003:00000720       ?_Tss_cv@@3U_RTL_CONDITION_VARIABLE@@A 0047a720     MSVCRT:thread_safe_statics.obj
 0003:00000724       ?_Tss_event@@3PAXA         0047a724     MSVCRT:thread_safe_statics.obj
 0003:00000728       ?encoded_sleep_condition_variable_cs@@3P6GHPAU_RTL_CONDITION_VARIABLE@@PAU_RTL_CRITICAL_SECTION@@K@ZA 0047a728     MSVCRT:thread_safe_statics.obj
 0003:0000072c       ?encoded_wake_all_condition_variable@@3P6GXPAU_RTL_CONDITION_VARIABLE@@@ZA 0047a72c     MSVCRT:thread_safe_statics.obj
 0003:0000073c       ?module_local_atexit_table@@3U_onexit_table_t@@A 0047a73c     MSVCRT:utility.obj
 0003:00000748       ?module_local_at_quick_exit_table@@3U_onexit_table_t@@A 0047a748     MSVCRT:utility.obj
 0003:00000754       ?is_initialized_as_dll@@3_NA 0047a754     MSVCRT:utility.obj
 0003:00000758       _GS_ExceptionRecord        0047a758     MSVCRT:gs_report.obj
 0003:000007a8       _GS_ContextRecord          0047a7a8     MSVCRT:gs_report.obj
 0005:00000000       __guard_fids__             0047c000     MSVCRT:thread_safe_statics.obj
 0005:00000004       __guard_fids_?__scrt_initialize_thread_safe_statics@@YAHXZ 0047c004     MSVCRT:thread_safe_statics.obj
 0005:00000008       __guard_fids__             0047c008     MSVCRT:std_type_info_static.obj
 0005:0000000c       __guard_fids__             0047c00c     MSVCRT:exe_winmain.obj
 0005:00000010       __guard_fids__             0047c010     MSVCRT:exe_winmain.obj
 0005:00000014       __guard_fids__             0047c014     MSVCRT:exe_winmain.obj
 0005:00000018       __guard_fids_?pre_c_initialization@@YAHXZ 0047c018     MSVCRT:exe_winmain.obj
 0005:00000020       __guard_fids__             0047c020     MSVCRT:throw_bad_alloc.obj
 0005:00000028       __guard_fids__             0047c028     MSVCRT:throw_bad_alloc.obj
 0005:00000030       __guard_fids__             0047c030     MSVCRT:throw_bad_alloc.obj
 0005:00000038       __guard_fids__             0047c038     MSVCRT:throw_bad_alloc.obj
 0005:0000003c       __guard_fids__             0047c03c     MSVCRT:throw_bad_alloc.obj
 0005:00000040       __guard_fids__             0047c040     MSVCRT:throw_bad_alloc.obj
 0005:00000044       __guard_fids__             0047c044     MSVCRT:throw_bad_alloc.obj
 0005:00000048       __guard_fids__             0047c048     MSVCRT:throw_bad_alloc.obj
 0005:0000004c       __guard_fids____scrt_set_unhandled_exception_filter 0047c04c     MSVCRT:utility_desktop.obj
 0005:00000050       __guard_fids___except_handler4 0047c050     MSVCRT:_chandler4gs_.obj
 0005:00000054       __guard_fids__             0047c054     MSVCRT:guard_support.obj
 0006:00000060       $R000000                   0047d060     * linker generated manifest res *
