 MindGoTool_AllInOne

 Timestamp is 59bfd407 (Mon Sep 18 22:11:19 2017)

 Preferred load address is 00400000

 Start         Length     Name                   Class
 0001:00000000 00000160H .text$di                CODE
 0001:00000160 00022860H .text$mn                CODE
 0001:000229c0 00004600H .text$x                 CODE
 0001:00026fc0 00000107H .text$yd                CODE
 0002:00000000 000005f0H .idata$5                DATA
 0002:000005f0 00000004H .00cfg                  DATA
 0002:000005f4 00000004H .CRT$XCA                DATA
 0002:000005f8 00000004H .CRT$XCAA               DATA
 0002:000005fc 00000004H .CRT$XCL                DATA
 0002:00000600 00000048H .CRT$XCU                DATA
 0002:00000648 00000004H .CRT$XCZ                DATA
 0002:0000064c 00000004H .CRT$XIA                DATA
 0002:00000650 00000004H .CRT$XIAA               DATA
 0002:00000654 00000004H .CRT$XIAC               DATA
 0002:00000658 00000004H .CRT$XIC                DATA
 0002:0000065c 00000004H .CRT$XIZ                DATA
 0002:00000660 00000004H .CRT$XLA                DATA
 0002:00000664 00000004H .CRT$XLZ                DATA
 0002:00000668 00000004H .CRT$XPA                DATA
 0002:0000066c 00000004H .CRT$XPZ                DATA
 0002:00000670 00000004H .CRT$XTA                DATA
 0002:00000674 0000000cH .CRT$XTZ                DATA
 0002:00000680 00053254H .rdata                  DATA
 0002:000538d4 00000018H .rdata$T                DATA
 0002:000538ec 00000ad4H .rdata$r                DATA
 0002:000543c0 00000278H .rdata$sxdata           DATA
 0002:00054638 000003e0H .rdata$zzzdbg           DATA
 0002:00054a18 00000004H .rtc$IAA                DATA
 0002:00054a1c 00000004H .rtc$IZZ                DATA
 0002:00054a20 00000004H .rtc$TAA                DATA
 0002:00054a24 00000004H .rtc$TZZ                DATA
 0002:00054a28 00004d64H .xdata$x                DATA
 0002:0005978c 00000000H ATL$__a                 DATA
 0002:0005978c 00000000H ATL$__z                 DATA
 0002:0005978c 00000000H .edata                  DATA
 0002:0005978c 00000140H .idata$2                DATA
 0002:000598cc 00000014H .idata$3                DATA
 0002:000598e0 000005f0H .idata$4                DATA
 0002:00059ed0 000033a8H .idata$6                DATA
 0003:00000000 000001c8H .data                   DATA
 0003:000001c8 000005c8H .data$r                 DATA
 0003:00000790 000004acH .bss                    DATA
 0004:00000000 00000058H .gfids$y                DATA
 0005:00000000 00000004H .tls                    DATA
 0005:00000004 00000004H .tls$                   DATA
 0005:00000008 00000001H .tls$ZZZ                DATA
 0006:00000000 00000060H .rsrc$01                DATA
 0006:00000060 00000290H .rsrc$02                DATA

  Address         Publics by Value              Rva+Base       Lib:Object

 0000:00000000       ___guard_iat_table         00000000     <absolute>
 0000:00000000       ___guard_fids_table        00000000     <absolute>
 0000:00000000       ___guard_longjmp_count     00000000     <absolute>
 0000:00000000       ___guard_longjmp_table     00000000     <absolute>
 0000:00000000       ___guard_iat_count         00000000     <absolute>
 0000:00000000       ___dynamic_value_reloc_table 00000000     <absolute>
 0000:00000000       ___guard_fids_count        00000000     <absolute>
 0000:0000002c       __tls_array                0000002c     <absolute>
 0000:0000009e       ___safe_se_handler_count   0000009e     <absolute>
 0000:00000100       ___guard_flags             00000100     <absolute>
 0000:00000000       ___ImageBase               00400000     <linker-defined>
 0001:00000160       ??0Communication@@QAE@PAVQObject@@@Z 00401160 f   communication.obj
 0001:000001d0       ??_ECommunication@@UAEPAXI@Z 004011d0 f i communication.obj
 0001:000001d0       ??_GCommunication@@UAEPAXI@Z 004011d0 f i communication.obj
 0001:00000200       ?connectToServer@Communication@@QAE_NABVQString@@G@Z 00401200 f   communication.obj
 0001:000003f0       ?disconnect@Communication@@QAEXXZ 004013f0 f   communication.obj
 0001:000004a0       ?disconnectLater@Communication@@QAEXH@Z 004014a0 f   communication.obj
 0001:000004d0       ?readData@Communication@@QAE?AVQByteArray@@H@Z 004014d0 f   communication.obj
 0001:00000550       ?timerEvent@Communication@@MAEXPAVQTimerEvent@@@Z 00401550 f   communication.obj
 0001:00000580       ?write@Communication@@QAE_JABVQByteArray@@@Z 00401580 f   communication.obj
 0001:000005e0       ??$connect@P8QThread@@AEXUQPrivateSignal@1@@ZP8QObject@@AEXXZ@QObject@@SA?AVConnection@QMetaObject@@PBVQThread@@P83@AEXUQPrivateSignal@3@@ZPBV0@P80@AEXXZW4ConnectionType@Qt@@@Z 004015e0 f i workflowprotocol.obj
 0001:00000640       ??$connect@P8SubThreadWorker@@AEXABVQJsonObject@@@ZP8WorkflowController@@AEX0@Z@QObject@@SA?AVConnection@QMetaObject@@PBVSubThreadWorker@@P83@AEXABVQJsonObject@@@ZPBVWorkflowController@@P85@AEX1@ZW4ConnectionType@Qt@@@Z 00401640 f i workflowprotocol.obj
 0001:000006b0       ??$connect@P8SubThreadWorker@@AEXABVQString@@H@ZP8WorkflowController@@AEX0H@Z@QObject@@SA?AVConnection@QMetaObject@@PBVSubThreadWorker@@P83@AEXABVQString@@H@ZPBVWorkflowController@@P85@AEX1H@ZW4ConnectionType@Qt@@@Z 004016b0 f i workflowprotocol.obj
 0001:00000720       ??$connect@P8WorkflowController@@AEXABVQJsonObject@@@ZP8SubThreadWorker@@AEX0@Z@QObject@@SA?AVConnection@QMetaObject@@PBVWorkflowController@@P83@AEXABVQJsonObject@@@ZPBVSubThreadWorker@@P85@AEX1@ZW4ConnectionType@Qt@@@Z 00401720 f i workflowprotocol.obj
 0001:00000790       ??$connect@P8WorkflowController@@AEXABVQString@@@ZP8SubThreadWorker@@AEX0@Z@QObject@@SA?AVConnection@QMetaObject@@PBVWorkflowController@@P83@AEXABVQString@@@ZPBVSubThreadWorker@@P85@AEX1@ZW4ConnectionType@Qt@@@Z 00401790 f i workflowprotocol.obj
 0001:00000800       ??$connect@P8WorkflowController@@AEXABVQString@@G@ZP8SubThreadWorker@@AEX0G@Z@QObject@@SA?AVConnection@QMetaObject@@PBVWorkflowController@@P83@AEXABVQString@@G@ZPBVSubThreadWorker@@P85@AEX1G@ZW4ConnectionType@Qt@@@Z 00401800 f i workflowprotocol.obj
 0001:00000870       ??$connect@P8WorkflowController@@AEXXZP8SubThreadWorker@@AEXXZ@QObject@@SA?AVConnection@QMetaObject@@PBVWorkflowController@@P83@AEXXZPBVSubThreadWorker@@P84@AEXXZW4ConnectionType@Qt@@@Z 00401870 f i workflowprotocol.obj
 0001:000008d0       ??$formatWord@E@WorkflowProtocol@@IAE?AVQByteArray@@E@Z 004018d0 f i workflowprotocol.obj
 0001:00000900       ??$formatWord@G@WorkflowProtocol@@IAE?AVQByteArray@@G@Z 00401900 f i workflowprotocol.obj
 0001:00000930       ??0?$QList@VQString@@@@QAE@ABV0@@Z 00401930 f i workflowprotocol.obj
 0001:000009e0       ??0WorkflowController@@QAE@PAVQObject@@@Z 004019e0 f   workflowprotocol.obj
 0001:00000c30       ??1?$QList@UloopControl@SubThreadWorker@@@@QAE@XZ 00401c30 f i workflowprotocol.obj
 0001:00000c90       ??1?$QList@VQString@@@@QAE@XZ 00401c90 f i workflowprotocol.obj
 0001:00000d20       ??1SubThreadWorker@@UAE@XZ 00401d20 f   workflowprotocol.obj
 0001:00000de0       ??1WorkflowController@@UAE@XZ 00401de0 f   workflowprotocol.obj
 0001:00000e50       ??4?$QList@UloopControl@SubThreadWorker@@@@QAEAAV0@$$QAV0@@Z 00401e50 f i workflowprotocol.obj
 0001:00000f00       ??_ERunningStateChangeEvent@@UAEPAXI@Z 00401f00 f i workflowprotocol.obj
 0001:00000f00       ??_GRunningStateChangeEvent@@UAEPAXI@Z 00401f00 f i workflowprotocol.obj
 0001:00000f30       ??_ECheckStateChangeEvent@@UAEPAXI@Z 00401f30 f i workflowChecker.obj
 0001:00000f30       ??_GStatusChangeEvent@@UAEPAXI@Z 00401f30 f i workflowprotocol.obj
 0001:00000f30       ??_EStatusChangeEvent@@UAEPAXI@Z 00401f30 f i workflowprotocol.obj
 0001:00000f30       ??_GCheckStateChangeEvent@@UAEPAXI@Z 00401f30 f i workflowChecker.obj
 0001:00000f60       ??_ESubThreadWorker@@UAEPAXI@Z 00401f60 f i workflowprotocol.obj
 0001:00000f60       ??_GSubThreadWorker@@UAEPAXI@Z 00401f60 f i workflowprotocol.obj
 0001:00000f80       ??_GWorkflowController@@UAEPAXI@Z 00401f80 f i workflowprotocol.obj
 0001:00000f80       ??_EWorkflowController@@UAEPAXI@Z 00401f80 f i workflowprotocol.obj
 0001:00001010       ?append@?$QList@UloopControl@SubThreadWorker@@@@QAEXABUloopControl@SubThreadWorker@@@Z 00402010 f i workflowprotocol.obj
 0001:000010c0       ?append@?$QList@VQString@@@@QAEXABVQString@@@Z 004020c0 f i workflowprotocol.obj
 0001:00001170       ?changeHost@SubThreadWorker@@QAEXABVQString@@G@Z 00402170 f   workflowprotocol.obj
 0001:00001190       ?clear@?$QList@UloopControl@SubThreadWorker@@@@QAEXXZ 00402190 f i workflowprotocol.obj
 0001:00001230       ?configProtocol@SubThreadWorker@@QAEXABVQString@@@Z 00402230 f   workflowprotocol.obj
 0001:00001240       ?dealloc@?$QList@UloopControl@SubThreadWorker@@@@AAEXPAUData@QListData@@@Z 00402240 f i workflowprotocol.obj
 0001:00001290       ?detach_helper@?$QList@UloopControl@SubThreadWorker@@@@AAEXH@Z 00402290 f i workflowprotocol.obj
 0001:00001360       ?detach_helper_grow@?$QList@UloopControl@SubThreadWorker@@@@AAEPAUNode@1@HH@Z 00402360 f i workflowprotocol.obj
 0001:000014b0       ?detach_helper_grow@?$QList@VQString@@@@AAEPAUNode@1@HH@Z 004024b0 f i workflowprotocol.obj
 0001:00001630       ?doTunning@SubThreadWorker@@QAEXABVQJsonObject@@@Z 00402630 f   workflowprotocol.obj
 0001:000017b0       ?doWork@SubThreadWorker@@QAEXABVQJsonObject@@@Z 004027b0 f   workflowprotocol.obj
 0001:00001b30       ?erase@?$QList@UloopControl@SubThreadWorker@@@@QAE?AViterator@1@V21@@Z 00402b30 f i workflowprotocol.obj
 0001:00001bb0       ?formatRecvFrameToJsonObject@WorkflowProtocol@@QAE_NAAVQJsonObject@@@Z 00402bb0 f   workflowprotocol.obj
 0001:00001c60       ?handleControlCommand@SubThreadWorker@@IAE_NAAVCommunication@@AAVQJsonObject@@@Z 00402c60 f   workflowprotocol.obj
 0001:000027a0       ?handleLogicalCommand@SubThreadWorker@@IAE_NAAVQJsonObject@@AAH@Z 004037a0 f   workflowprotocol.obj
 0001:00003070       ?handleLoopCommand@SubThreadWorker@@IAE_NAAVQJsonObject@@AAH@Z 00404070 f   workflowprotocol.obj
 0001:00003860       ?impl@?$QSlotObject@P8SubThreadWorker@@AEXABVQString@@G@ZU?$List@ABVQString@@G@QtPrivate@@X@QtPrivate@@CAXHPAVQSlotObjectBase@2@PAVQObject@@PAPAXPA_N@Z 00404860 f i workflowprotocol.obj
 0001:000038c0       ?impl@?$QSlotObject@P8WorkflowController@@AEXABVQString@@H@ZU?$List@ABVQString@@H@QtPrivate@@X@QtPrivate@@CAXHPAVQSlotObjectBase@2@PAVQObject@@PAPAXPA_N@Z 004048c0 f i workflowprotocol.obj
 0001:00003920       ?init@WorkflowController@@QAEXABVQString@@@Z 00404920 f   workflowprotocol.obj
 0001:00003930       ?initProtocol@WorkflowProtocol@@QAE_NABVQString@@@Z 00404930 f   workflowprotocol.obj
 0001:00003a80       ?isDummyCommand@SubThreadWorker@@IAE_NABVQString@@@Z 00404a80 f   workflowprotocol.obj
 0001:00003cd0       ?isLogicalCommand@SubThreadWorker@@IAE_NABVQString@@@Z 00404cd0 f   workflowprotocol.obj
 0001:00003ef0       ?isLoopCommand@SubThreadWorker@@IAE_NABVQString@@@Z 00404ef0 f   workflowprotocol.obj
 0001:00004140       ?node_copy@?$QList@UloopControl@SubThreadWorker@@@@AAEXPAUNode@1@00@Z 00405140 f i workflowprotocol.obj
 0001:000041e0       ?node_copy@?$QList@VQString@@@@AAEXPAUNode@1@00@Z 004051e0 f i workflowprotocol.obj
 0001:00004220       ?node_destruct@?$QList@UloopControl@SubThreadWorker@@@@AAEXPAUNode@1@0@Z 00405220 f i workflowprotocol.obj
 0001:00004250       ?node_destruct@?$QList@VQString@@@@AAEXPAUNode@1@0@Z 00405250 f i workflowprotocol.obj
 0001:00004280       ?parseAckFrame@WorkflowProtocol@@QAE_NABVQByteArray@@AAVQJsonObject@@@Z 00405280 f   workflowprotocol.obj
 0001:00004360       ?parseJsonObjectToSendFrame@WorkflowProtocol@@QAE_NABVQJsonObject@@AAV2@@Z 00405360 f   workflowprotocol.obj
 0001:00004a30       ?pauseCurrentTask@WorkflowController@@QAEXXZ 00405a30 f   workflowprotocol.obj
 0001:00004a50       ?pauseTask@SubThreadWorker@@QAEXXZ 00405a50 f   workflowprotocol.obj
 0001:00004a60       ?pop_back@?$QList@UloopControl@SubThreadWorker@@@@QAEXXZ 00405a60 f i workflowprotocol.obj
 0001:00004aa0       ?runTask@WorkflowController@@QAEXABVQJsonObject@@@Z 00405aa0 f   workflowprotocol.obj
 0001:00004af0       ?runTunning@WorkflowController@@QAEXABVQJsonObject@@@Z 00405af0 f   workflowprotocol.obj
 0001:00004b40       ?serializeSendFrame@WorkflowProtocol@@QAE?AVQByteArray@@XZ 00405b40 f   workflowprotocol.obj
 0001:00004ca0       ?sethost@WorkflowController@@QAEXABVQString@@G@Z 00405ca0 f   workflowprotocol.obj
 0001:00004cb0       ?statusChanged@WorkflowController@@QAEXABVQJsonObject@@@Z 00405cb0 f   workflowprotocol.obj
 0001:00004d50       ?stopCurrentTask@WorkflowController@@QAEXXZ 00405d50 f   workflowprotocol.obj
 0001:00004d80       ?stopTask@SubThreadWorker@@QAEXXZ 00405d80 f   workflowprotocol.obj
 0001:00004d90       ?taskStateChanged@WorkflowController@@QAEXABVQString@@H@Z 00405d90 f   workflowprotocol.obj
 0001:00004e40       ?types@?$ConnectionTypes@U?$List@ABVQJsonObject@@@QtPrivate@@$00@QtPrivate@@SAPBHXZ 00405e40 f i workflowprotocol.obj
 0001:00004ea0       ?types@?$ConnectionTypes@U?$List@ABVQString@@@QtPrivate@@$00@QtPrivate@@SAPBHXZ 00405ea0 f i workflowprotocol.obj
 0001:00004f00       ?types@?$ConnectionTypes@U?$List@ABVQString@@G@QtPrivate@@$00@QtPrivate@@SAPBHXZ 00405f00 f i workflowprotocol.obj
 0001:00004f70       ?types@?$ConnectionTypes@U?$List@ABVQString@@H@QtPrivate@@$00@QtPrivate@@SAPBHXZ 00405f70 f i workflowprotocol.obj
 0001:00004fe0       ?unserializeRecvFrame@WorkflowProtocol@@QAEXABVQByteArray@@@Z 00405fe0 f   workflowprotocol.obj
 0001:00005120       ?updateStopState@SubThreadWorker@@QAEXXZ 00406120 f   workflowprotocol.obj
 0001:00005160       ??0?$QList@VOperationParamData@@@@QAE@ABV0@@Z 00406160 f i configfilehandler.obj
 0001:00005210       ??0?$QList@VSingleOperationData@@@@QAE@ABV0@@Z 00406210 f i configfilehandler.obj
 0001:000052c0       ??0OperationParamData@@QAE@ABV0@@Z 004062c0 f i configfilehandler.obj
 0001:00005440       ??0OperationParamData@@QAE@ABVQString@@00ABVQStringList@@_NHH0V?$QList@H@@00HH2H@Z 00406440 f i configfilehandler.obj
 0001:000055e0       ??0OperationParamData@@QAE@XZ 004065e0 f i configfilehandler.obj
 0001:00005650       ??0SingleOperationData@@QAE@ABV0@@Z 00406650 f i configfilehandler.obj
 0001:000056c0       ??0configFileHandler@@QAE@PAVQObject@@@Z 004066c0 f   configfilehandler.obj
 0001:00005720       ??1?$QForeachContainer@V?$QList@VOperationParamData@@@@@@QAE@XZ 00406720 f i configfilehandler.obj
 0001:00005720       ??1?$QForeachContainer@$$CBV?$QList@VOperationParamData@@@@@@QAE@XZ 00406720 f i environmentvariant.obj
 0001:00005780       ??1?$QList@VOperationParamData@@@@QAE@XZ 00406780 f i configfilehandler.obj
 0001:000057e0       ??1?$QList@VQByteArray@@@@QAE@XZ 004067e0 f i configfilehandler.obj
 0001:00005870       ??1?$QList@VSingleOperationData@@@@QAE@XZ 00406870 f i configfilehandler.obj
 0001:000058f0       ??1?$QList@VSinglePlanData@@@@QAE@XZ 004068f0 f i configfilehandler.obj
 0001:00005970       ??1?$QMap@VQString@@V1@@@QAE@XZ 00406970 f i configfilehandler.obj
 0001:000059f0       ??1?$QMap@VQString@@VOperationParamData@@@@QAE@XZ 004069f0 f i configfilehandler.obj
 0001:00005a90       ??1?$QMap@VQString@@VQStringList@@@@QAE@XZ 00406a90 f i configfilehandler.obj
 0001:00005b30       ??1OperationParamData@@QAE@XZ 00406b30 f i configfilehandler.obj
 0001:00005be0       ??1QJsonValuePtr@@QAE@XZ   00406be0 f i configfilehandler.obj
 0001:00005bf0       ??1SingleOperationData@@QAE@XZ 00406bf0 f i configfilehandler.obj
 0001:00005c60       ??1SinglePlanData@@QAE@XZ  00406c60 f i configfilehandler.obj
 0001:00005cf0       ??1configFileHandler@@UAE@XZ 00406cf0 f i configfilehandler.obj
 0001:00005d10       ??4?$QList@VSinglePlanData@@@@QAEAAV0@$$QAV0@@Z 00406d10 f i configfilehandler.obj
 0001:00005db0       ??4OperationParamData@@QAEAAV0@ABV0@@Z 00406db0 f i configfilehandler.obj
 0001:00005ed0       ??4QStringList@@QAEAAV0@ABV0@@Z 00406ed0 f i configfilehandler.obj
 0001:00005f10       ??9@YA_NABVQByteArray@@PBD@Z 00406f10 f i configfilehandler.obj
 0001:00005f80       ??A?$QList@VQString@@@@QAEAAVQString@@H@Z 00406f80 f i configfilehandler.obj
 0001:00005fb0       ??A?$QMap@VQString@@V1@@@QAEAAVQString@@ABV1@@Z 00406fb0 f i configfilehandler.obj
 0001:00006070       ??A?$QMap@VQString@@VOperationParamData@@@@QAEAAVOperationParamData@@ABVQString@@@Z 00407070 f i configfilehandler.obj
 0001:00006130       ??A?$QMap@VQString@@VOperationParamData@@@@QBE?BVOperationParamData@@ABVQString@@@Z 00407130 f i configfilehandler.obj
 0001:000061a0       ??A?$QMap@VQString@@VQStringList@@@@QAEAAVQStringList@@ABVQString@@@Z 004071a0 f i configfilehandler.obj
 0001:00006260       ??Cconst_iterator@QJsonArray@@QBE?AVQJsonValuePtr@@XZ 00407260 f i configfilehandler.obj
 0001:000062d0       ??H@YA?BVQString@@ABV0@D@Z 004072d0 f i configfilehandler.obj
 0001:00006350       ??H@YA?BVQString@@ABV0@PBD@Z 00407350 f i configfilehandler.obj
 0001:000063e0       ??H@YA?BVQString@@PBDABV0@@Z 004073e0 f i configfilehandler.obj
 0001:00006450       ??_GSingleOperationData@@QAEPAXI@Z 00407450 f i configfilehandler.obj
 0001:000064d0       ??_GSinglePlanData@@QAEPAXI@Z 004074d0 f i configfilehandler.obj
 0001:00006570       ??_EconfigFileHandler@@UAEPAXI@Z 00407570 f i configfilehandler.obj
 0001:00006570       ??_GconfigFileHandler@@UAEPAXI@Z 00407570 f i configfilehandler.obj
 0001:000065a0       ?ConvertCSVtoJSON@configFileHandler@@QAE_NABVQString@@0@Z 004075a0 f   configfilehandler.obj
 0001:00006790       ?ConvertJSONtoCSV@configFileHandler@@QAE_NABVQString@@0@Z 00407790 f   configfilehandler.obj
 0001:00006a80       ?GetLicense@configFileHandler@@QAE?AVQString@@XZ 00407a80 f   configfilehandler.obj
 0001:00006b10       ?ImportConfig@configFileHandler@@QAE_NAAVQJsonObject@@ABVQByteArray@@@Z 00407b10 f   configfilehandler.obj
 0001:00006c80       ?ImportPlan@configFileHandler@@QAE_NABV?$QList@VQByteArray@@@@AAVQJsonObject@@AAH2@Z 00407c80 f   configfilehandler.obj
 0001:000077b0       ?ImportWorkSpace@configFileHandler@@QAE_NABV?$QList@VQByteArray@@@@AAVQJsonObject@@AAH2@Z 004087b0 f   configfilehandler.obj
 0001:00008130       ?ParseHostIP@configFileHandler@@QAE?AVQString@@XZ 00409130 f   configfilehandler.obj
 0001:00008200       ?ParseHostPort@configFileHandler@@QAEFXZ 00409200 f   configfilehandler.obj
 0001:000082e0       ?ParseHostSingleOperationThreshold@configFileHandler@@QAEHXZ 004092e0 f   configfilehandler.obj
 0001:000083c0       ?ParseListMap@configFileHandler@@QAE?AV?$QMap@VQString@@VQStringList@@@@ABVQString@@@Z 004093c0 f   configfilehandler.obj
 0001:00008660       ?ParseMap@configFileHandler@@QAE?AV?$QMap@VQString@@V1@@@ABVQString@@@Z 00409660 f   configfilehandler.obj
 0001:000087b0       ?ParseMapRevertKeyValue@configFileHandler@@QAE?AV?$QMap@VQString@@V1@@@ABVQString@@@Z 004097b0 f   configfilehandler.obj
 0001:00008910       ?ParseParamValue@configFileHandler@@QAE?AV?$QMap@VQString@@VOperationParamData@@@@ABVQString@@@Z 00409910 f   configfilehandler.obj
 0001:00009ba0       ?ParsePlan@configFileHandler@@QAE?AVQString@@ABVQJsonArray@@@Z 0040aba0 f   configfilehandler.obj
 0001:0000a490       ?ParsePlanList@configFileHandler@@QAEXAAV?$QList@VSinglePlanData@@@@ABV?$QMap@VQString@@VOperationParamData@@@@@Z 0040b490 f   configfilehandler.obj
 0001:0000aff0       ?ParseWorkPlaceConstraint@configFileHandler@@QAE?AVQJsonArray@@XZ 0040bff0 f   configfilehandler.obj
 0001:0000b080       ?ParseWorkSpace@configFileHandler@@QAE?AVQString@@ABVQJsonObject@@@Z 0040c080 f   configfilehandler.obj
 0001:0000b660       ?ParseWorkSpaceTypeList@configFileHandler@@QAEXAAVQJsonObject@@@Z 0040c660 f   configfilehandler.obj
 0001:0000b700       ?SaveMachineConfig@configFileHandler@@QAE_NABVQString@@ABVMachineConfigData@@ABVQJsonObject@@@Z 0040c700 f   configfilehandler.obj
 0001:0000bad0       ?SavePlanList@configFileHandler@@QAE_NABVQString@@ABV?$QList@VSinglePlanData@@@@ABV?$QMap@VQString@@VQStringList@@@@@Z 0040cad0 f   configfilehandler.obj
 0001:0000c3a0       ?append@?$QList@VOperationParamData@@@@QAEXABVOperationParamData@@@Z 0040d3a0 f i configfilehandler.obj
 0001:0000c460       ?append@?$QList@VSingleOperationData@@@@QAEXABVSingleOperationData@@@Z 0040d460 f i configfilehandler.obj
 0001:0000c540       ?append@?$QList@VSinglePlanData@@@@QAEXABVSinglePlanData@@@Z 0040d540 f i configfilehandler.obj
 0001:0000c620       ?clear@?$QList@VSinglePlanData@@@@QAEXXZ 0040d620 f i configfilehandler.obj
 0001:0000c6b0       ?convertASCIIToString@configFileHandler@@QAE?AVQString@@ABV2@@Z 0040d6b0 f   configfilehandler.obj
 0001:0000c820       ?convertStringToASCII@configFileHandler@@QAE?AVQString@@ABV2@@Z 0040d820 f   configfilehandler.obj
 0001:0000c960       ?copy@?$QMapNode@VQString@@V1@@@QBEPAU1@PAU?$QMapData@VQString@@V1@@@@Z 0040d960 f i configfilehandler.obj
 0001:0000c9e0       ?copy@?$QMapNode@VQString@@VOperationParamData@@@@QBEPAU1@PAU?$QMapData@VQString@@VOperationParamData@@@@@Z 0040d9e0 f i configfilehandler.obj
 0001:0000ca60       ?copy@?$QMapNode@VQString@@VQStringList@@@@QBEPAU1@PAU?$QMapData@VQString@@VQStringList@@@@@Z 0040da60 f i configfilehandler.obj
 0001:0000cae0       ?createNode@?$QMapData@VQString@@V1@@@QAEPAU?$QMapNode@VQString@@V1@@@ABVQString@@0PAU2@_N@Z 0040dae0 f i configfilehandler.obj
 0001:0000cb20       ?createNode@?$QMapData@VQString@@VOperationParamData@@@@QAEPAU?$QMapNode@VQString@@VOperationParamData@@@@ABVQString@@ABVOperationParamData@@PAU2@_N@Z 0040db20 f i configfilehandler.obj
 0001:0000cbe0       ?createNode@?$QMapData@VQString@@VQStringList@@@@QAEPAU?$QMapNode@VQString@@VQStringList@@@@ABVQString@@ABVQStringList@@PAU2@_N@Z 0040dbe0 f i configfilehandler.obj
 0001:0000cca0       ?dealloc@?$QList@VOperationParamData@@@@AAEXPAUData@QListData@@@Z 0040dca0 f i configfilehandler.obj
 0001:0000cd00       ?destroySubTree@?$QMapNode@VQString@@V1@@@QAEXXZ 0040dd00 f i configfilehandler.obj
 0001:0000cd30       ?destroySubTree@?$QMapNode@VQString@@VOperationParamData@@@@QAEXXZ 0040dd30 f i configfilehandler.obj
 0001:0000cd60       ?destroySubTree@?$QMapNode@VQString@@VQStringList@@@@QAEXXZ 0040dd60 f i configfilehandler.obj
 0001:0000cd90       ?detach_helper@?$QList@VQByteArray@@@@AAEXH@Z 0040dd90 f i configfilehandler.obj
 0001:0000ce80       ?detach_helper@?$QList@VQString@@@@AAEXH@Z 0040de80 f i configfilehandler.obj
 0001:0000cf70       ?detach_helper@?$QMap@VQString@@V1@@@AAEXXZ 0040df70 f i configfilehandler.obj
 0001:0000cff0       ?detach_helper@?$QMap@VQString@@VOperationParamData@@@@AAEXXZ 0040dff0 f i configfilehandler.obj
 0001:0000d090       ?detach_helper@?$QMap@VQString@@VQStringList@@@@AAEXXZ 0040e090 f i configfilehandler.obj
 0001:0000d130       ?detach_helper_grow@?$QList@H@@AAEPAUNode@1@HH@Z 0040e130 f i configfilehandler.obj
 0001:0000d130       ?detach_helper_grow@?$QList@PAVQObject@@@@AAEPAUNode@1@HH@Z 0040e130 f i workmodels.obj
 0001:0000d270       ?detach_helper_grow@?$QList@VOperationParamData@@@@AAEPAUNode@1@HH@Z 0040e270 f i configfilehandler.obj
 0001:0000d3c0       ?detach_helper_grow@?$QList@VSingleOperationData@@@@AAEPAUNode@1@HH@Z 0040e3c0 f i configfilehandler.obj
 0001:0000d530       ?detach_helper_grow@?$QList@VSinglePlanData@@@@AAEPAUNode@1@HH@Z 0040e530 f i configfilehandler.obj
 0001:0000d6a0       ?fromChar@configFileHandler@@QAEEVQChar@@@Z 0040e6a0 f   configfilehandler.obj
 0001:0000d7e0       ?insert@?$QMap@VQString@@V1@@@QAE?AViterator@1@ABVQString@@0@Z 0040e7e0 f i configfilehandler.obj
 0001:0000d8b0       ?insert@?$QMap@VQString@@VOperationParamData@@@@QAE?AViterator@1@ABVQString@@ABVOperationParamData@@@Z 0040e8b0 f i configfilehandler.obj
 0001:0000d980       ?insert@?$QMap@VQString@@VQStringList@@@@QAE?AViterator@1@ABVQString@@ABVQStringList@@@Z 0040e980 f i configfilehandler.obj
 0001:0000da70       ?key@iterator@QJsonObject@@QBE?AVQString@@XZ 0040ea70 f i configfilehandler.obj
 0001:0000da90       ?loadConfigFile@configFileHandler@@QAE_NABVQString@@@Z 0040ea90 f   configfilehandler.obj
 0001:0000db90       ?lowerBound@?$QMapNode@VQString@@VOperationParamData@@@@QAEPAU1@ABVQString@@@Z 0040eb90 f i configfilehandler.obj
 0001:0000db90       ?lowerBound@?$QMapNode@VQString@@VQStringList@@@@QAEPAU1@ABVQString@@@Z 0040eb90 f i configfilehandler.obj
 0001:0000db90       ?lowerBound@?$QMapNode@VQString@@V1@@@QAEPAU1@ABVQString@@@Z 0040eb90 f i configfilehandler.obj
 0001:0000db90       ?lowerBound@?$QMapNode@VQString@@H@@QAEPAU1@ABVQString@@@Z 0040eb90 f i workflowChecker.obj
 0001:0000dbd0       ?node_copy@?$QList@H@@AAEXPAUNode@1@00@Z 0040ebd0 f i configfilehandler.obj
 0001:0000dbd0       ?node_copy@?$QList@PAVQObject@@@@AAEXPAUNode@1@00@Z 0040ebd0 f i workmodels.obj
 0001:0000dc00       ?node_copy@?$QList@VOperationParamData@@@@AAEXPAUNode@1@00@Z 0040ec00 f i configfilehandler.obj
 0001:0000dcd0       ?node_copy@?$QList@VQByteArray@@@@AAEXPAUNode@1@00@Z 0040ecd0 f i configfilehandler.obj
 0001:0000dd10       ?node_copy@?$QList@VSingleOperationData@@@@AAEXPAUNode@1@00@Z 0040ed10 f i configfilehandler.obj
 0001:0000dde0       ?node_copy@?$QList@VSinglePlanData@@@@AAEXPAUNode@1@00@Z 0040ede0 f i configfilehandler.obj
 0001:0000deb0       ?node_destruct@?$QList@VOperationParamData@@@@AAEXPAUNode@1@0@Z 0040eeb0 f i configfilehandler.obj
 0001:0000def0       ?node_destruct@?$QList@VSingleOperationData@@@@AAEXPAUNode@1@0@Z 0040eef0 f i configfilehandler.obj
 0001:0000df90       ?node_destruct@?$QList@VSingleOperationData@@@@AAEXPAUNode@1@@Z 0040ef90 f i configfilehandler.obj
 0001:0000e010       ?node_destruct@?$QList@VSinglePlanData@@@@AAEXPAUNode@1@0@Z 0040f010 f i configfilehandler.obj
 0001:0000e0d0       ?toChar@configFileHandler@@QAE?AVQChar@@E@Z 0040f0d0 f   configfilehandler.obj
 0001:0000e220       ?toList@configFileHandler@@QAE?AVQStringList@@ABVQString@@@Z 0040f220 f   configfilehandler.obj
 0001:0000e300       ?value@?$QMap@VQString@@VOperationParamData@@@@QBE?BVOperationParamData@@ABVQString@@ABV2@@Z 0040f300 f i configfilehandler.obj
 0001:0000e370       ??0EnvironmentVariant@@AAE@XZ 0040f370 f i environmentvariant.obj
 0001:0000e4e0       ??0SingleOperationData@@QAE@$$QAV0@@Z 0040f4e0 f i environmentvariant.obj
 0001:0000e510       ??1?$QForeachContainer@$$CBV?$QList@VSingleOperationData@@@@@@QAE@XZ 0040f510 f i environmentvariant.obj
 0001:0000e590       ??1?$QForeachContainer@VQStringList@@@@QAE@XZ 0040f590 f i workflowprotocol.obj
 0001:0000e590       ??1?$QForeachContainer@$$CBVQStringList@@@@QAE@XZ 0040f590 f i environmentvariant.obj
 0001:0000e590       ??1QStringList@@QAE@XZ     0040f590 f i workflowprotocol.obj
 0001:0000e5a0       ??1?$QForeachContainer@VQJsonArray@@@@QAE@XZ 0040f5a0 f i environmentvariant.obj
 0001:0000e5b0       ??1ConfigFileConverter@@UAE@XZ 0040f5b0 f i environmentvariant.obj
 0001:0000e5b0       ??1AdministratorChecker@@UAE@XZ 0040f5b0 f i environmentvariant.obj
 0001:0000e5c0       ??1EnvironmentVariant@@EAE@XZ 0040f5c0 f i environmentvariant.obj
 0001:0000e7b0       ??1MachineConfigData@@QAE@XZ 0040f7b0 f i environmentvariant.obj
 0001:0000e7d0       ??1TargetMachineObject@@UAE@XZ 0040f7d0 f i environmentvariant.obj
 0001:0000e7f0       ??4?$QList@VSingleOperationData@@@@QAEAAV0@ABV0@@Z 0040f7f0 f i environmentvariant.obj
 0001:0000e890       ??4QStringList@@QAEAAV0@$$QAV0@@Z 0040f890 f i environmentvariant.obj
 0001:0000e8c0       ??4SingleOperationData@@QAEAAV0@$$QAV0@@Z 0040f8c0 f i environmentvariant.obj
 0001:0000e950       ??4SingleOperationData@@QAEAAV0@ABV0@@Z 0040f950 f i environmentvariant.obj
 0001:0000e9f0       ??A?$QList@H@@QAEAAHH@Z    0040f9f0 f i environmentvariant.obj
 0001:0000ea20       ??A?$QList@VSingleOperationData@@@@QAEAAVSingleOperationData@@H@Z 0040fa20 f i environmentvariant.obj
 0001:0000ea50       ??Dconst_iterator@QJsonArray@@QBE?AVQJsonValue@@XZ 0040fa50 f i environmentvariant.obj
 0001:0000ea70       ??H@YA?BVQString@@ABV0@0@Z 0040fa70 f i environmentvariant.obj
 0001:0000eae0       ??Y?$QList@VQString@@@@QAEAAV0@ABV0@@Z 0040fae0 f i environmentvariant.obj
 0001:0000ebe0       ??_EAdministratorChecker@@UAEPAXI@Z 0040fbe0 f i environmentvariant.obj
 0001:0000ebe0       ??_GAdministratorChecker@@UAEPAXI@Z 0040fbe0 f i environmentvariant.obj
 0001:0000ec10       ??_GConfigFileConverter@@UAEPAXI@Z 0040fc10 f i environmentvariant.obj
 0001:0000ec10       ??_EConfigFileConverter@@UAEPAXI@Z 0040fc10 f i environmentvariant.obj
 0001:0000ec40       ??_GEnvironmentVariant@@EAEPAXI@Z 0040fc40 f i environmentvariant.obj
 0001:0000ec40       ??_EEnvironmentVariant@@EAEPAXI@Z 0040fc40 f i environmentvariant.obj
 0001:0000ec70       ??_GTargetMachineObject@@UAEPAXI@Z 0040fc70 f i environmentvariant.obj
 0001:0000ec70       ??_ETargetMachineObject@@UAEPAXI@Z 0040fc70 f i environmentvariant.obj
 0001:0000ecb0       ?AddPlan@EnvironmentVariant@@QAEXABVQString@@@Z 0040fcb0 f   environmentvariant.obj
 0001:0000edd0       ?AddPlanStep@EnvironmentVariant@@QAEXHHH@Z 0040fdd0 f   environmentvariant.obj
 0001:0000ef70       ?CopyPlanStep@EnvironmentVariant@@QAE?AVQString@@HHH@Z 0040ff70 f   environmentvariant.obj
 0001:0000f080       ?ExportConfig@EnvironmentVariant@@QAE_NABVQString@@@Z 00410080 f   environmentvariant.obj
 0001:0000f140       ?ImportConfig@EnvironmentVariant@@QAE_NABVQString@@@Z 00410140 f   environmentvariant.obj
 0001:0000f210       ?LogicalControlList@EnvironmentVariant@@QAE?AVQStringList@@XZ 00410210 f   environmentvariant.obj
 0001:0000f3b0       ?MovePlanStep@EnvironmentVariant@@QAEXHHH@Z 004103b0 f   environmentvariant.obj
 0001:0000f490       ?OperationNameList@EnvironmentVariant@@QAE?AVQStringList@@XZ 00410490 f   environmentvariant.obj
 0001:0000f630       ?PausePlan@EnvironmentVariant@@QAEXXZ 00410630 f   environmentvariant.obj
 0001:0000f640       ?PlanList@EnvironmentVariant@@QAE?AVQStringList@@XZ 00410640 f   environmentvariant.obj
 0001:0000f700       ?RemovePlan@EnvironmentVariant@@QAEXH@Z 00410700 f   environmentvariant.obj
 0001:0000f730       ?RemovePlanStep@EnvironmentVariant@@QAEXHH@Z 00410730 f   environmentvariant.obj
 0001:0000f790       ?SaveMachineConfig@EnvironmentVariant@@QAE_NABVMachineConfigData@@@Z 00410790 f   environmentvariant.obj
 0001:0000f890       ?SavePlan@EnvironmentVariant@@QAE_NXZ 00410890 f   environmentvariant.obj
 0001:0000f910       ?SetPlanName@EnvironmentVariant@@QAEXHABVQString@@@Z 00410910 f   environmentvariant.obj
 0001:0000f960       ?SetPlanStepSingleParam@EnvironmentVariant@@QAEXHHABVQString@@ABVQVariant@@@Z 00410960 f   environmentvariant.obj
 0001:0000fb00       ?SetPlanStepToDefault@EnvironmentVariant@@QAEXHHH@Z 00410b00 f   environmentvariant.obj
 0001:0000fbe0       ?StartPlan@EnvironmentVariant@@QAEXHH@Z 00410be0 f   environmentvariant.obj
 0001:000104f0       ?StartTunning@EnvironmentVariant@@QAEXABVSingleOperationData@@@Z 004114f0 f   environmentvariant.obj
 0001:00010730       ?StepList@EnvironmentVariant@@QAE?AVQStringList@@H@Z 00411730 f   environmentvariant.obj
 0001:00010b70       ?StopPlan@EnvironmentVariant@@QAEXXZ 00411b70 f   environmentvariant.obj
 0001:00010b80       ?begin@?$QList@VOperationParamData@@@@QAE?AViterator@1@XZ 00411b80 f i environmentvariant.obj
 0001:00010bb0       ?calculateLicense@EnvironmentVariant@@QAEXABVQString@@@Z 00411bb0 f   environmentvariant.obj
 0001:00010ce0       ?contains@?$QMap@VQString@@VQStringList@@@@QBE_NABVQString@@@Z 00411ce0 f i environmentvariant.obj
 0001:00010d20       ?copyStep@EnvironmentVariant@@QAEXHH@Z 00411d20 f   environmentvariant.obj
 0001:00010da0       ?defaultValue@EnvironmentVariant@@QAE?AVSingleOperationData@@ABVQString@@@Z 00411da0 f   environmentvariant.obj
 0001:00010fd0       ?detach_helper@?$QList@H@@AAEXH@Z 00411fd0 f i environmentvariant.obj
 0001:000110a0       ?detach_helper@?$QList@VOperationParamData@@@@AAEXH@Z 004120a0 f i environmentvariant.obj
 0001:00011170       ?detach_helper@?$QList@VSingleOperationData@@@@AAEXH@Z 00412170 f i environmentvariant.obj
 0001:00011250       ?detach_helper@?$QList@VSinglePlanData@@@@AAEXH@Z 00412250 f i environmentvariant.obj
 0001:00011330       ?formatSingleOperationParam@EnvironmentVariant@@QAE?AVQJsonArray@@ABVSingleOperationData@@@Z 00412330 f   environmentvariant.obj
 0001:000117e0       ?formatTipMotion@EnvironmentVariant@@QAEXABVSingleOperationData@@AAVQJsonArray@@@Z 004127e0 f   environmentvariant.obj
 0001:000134f0       ?getBoardTypeIndexByPosition@EnvironmentVariant@@QAEHH@Z 004144f0 f   environmentvariant.obj
 0001:000137a0       ?getOperationIndex@EnvironmentVariant@@QAEHABVQString@@@Z 004147a0 f   environmentvariant.obj
 0001:00013810       ?getOperationParams@EnvironmentVariant@@QAE?AV?$QList@VOperationParamData@@@@H@Z 00414810 f   environmentvariant.obj
 0001:000139f0       ?getPlanBoardTypeIndexByPosition@EnvironmentVariant@@QAEHHH@Z 004149f0 f   environmentvariant.obj
 0001:00013d30       ?getWorkLocationTypeList@EnvironmentVariant@@QAE?AVQJsonObject@@XZ 00414d30 f   environmentvariant.obj
 0001:00013d50       ?initModels@EnvironmentVariant@@QAEXPAVQQmlContext@@@Z 00414d50 f   environmentvariant.obj
 0001:00013eb0       ?initProtocol@EnvironmentVariant@@QAEXABVQString@@@Z 00414eb0 f   environmentvariant.obj
 0001:00013f20       ?initUserConfig@EnvironmentVariant@@QAEXABVQString@@@Z 00414f20 f   environmentvariant.obj
 0001:00014040       ?insert@?$QList@VSingleOperationData@@@@QAEXHABVSingleOperationData@@@Z 00415040 f i environmentvariant.obj
 0001:00014120       ?instance@EnvironmentVariant@@SAPAV1@XZ 00415120 f   environmentvariant.obj
 0001:00014180       ?parseConfigFile@EnvironmentVariant@@QAEXABVQString@@@Z 00415180 f   environmentvariant.obj
 0001:00014860       ?pasteStep@EnvironmentVariant@@QAEXHH@Z 00415860 f   environmentvariant.obj
 0001:000148d0       ?planBoardConfig@EnvironmentVariant@@QAEHH@Z 004158d0 f   environmentvariant.obj
 0001:000149f0       ?planSelectStepListModel@EnvironmentVariant@@QAE?AVQStringList@@H@Z 004159f0 f   environmentvariant.obj
 0001:00014df0       ?planStepParam@EnvironmentVariant@@QAE?AVSingleOperationData@@HH@Z 00415df0 f   environmentvariant.obj
 0001:00015150       ?removeAt@?$QList@VSingleOperationData@@@@QAEXH@Z 00416150 f i environmentvariant.obj
 0001:000151a0       ?removeAt@?$QList@VSinglePlanData@@@@QAEXH@Z 004161a0 f i environmentvariant.obj
 0001:00015200       ?removeBoardIndex@EnvironmentVariant@@QAE_NH@Z 00416200 f   environmentvariant.obj
 0001:00015290       ?setAdministrator@AdministratorChecker@@QAEX_N@Z 00416290 f i environmentvariant.obj
 0001:000152b0       ?setIpAddress@TargetMachineObject@@QAEXABVQString@@@Z 004162b0 f i environmentvariant.obj
 0001:000152f0       ?setLicenseNumber@TargetMachineObject@@QAEXABVQString@@@Z 004162f0 f i environmentvariant.obj
 0001:00015330       ?setMaxReceiveTime@TargetMachineObject@@QAEXH@Z 00416330 f i environmentvariant.obj
 0001:00015350       ?setPlanBoardConfig@EnvironmentVariant@@QAEXHH@Z 00416350 f   environmentvariant.obj
 0001:000153c0       ?setPort@TargetMachineObject@@QAEXF@Z 004163c0 f i environmentvariant.obj
 0001:000153e0       ?setWorkLocationType@EnvironmentVariant@@QAE_NHHABVQString@@@Z 004163e0 f   environmentvariant.obj
 0001:00015830       ?startCheckPlan@EnvironmentVariant@@QAEXH@Z 00416830 f   environmentvariant.obj
 0001:000161b0       ?stopCheckPlan@EnvironmentVariant@@QAEXXZ 004171b0 f   environmentvariant.obj
 0001:000161c0       ?updateWorkPlace@EnvironmentVariant@@QAE_NABVQJsonObject@@@Z 004171c0 f   environmentvariant.obj
 0001:00016210       ??$connect@P8QQmlEngine@@AEXXZP6AXXZ@QObject@@SA?AVConnection@QMetaObject@@PBVQQmlEngine@@P83@AEXXZPBV0@P6AXXZW4ConnectionType@Qt@@@Z 00417210 f i main.obj
 0001:00016270       ??$createInto@VOperationParamObject@@@QQmlPrivate@@YAXPAX@Z 00417270 f i main.obj
 0001:000162d0       ??$createInto@VOperationParamSelector@@@QQmlPrivate@@YAXPAX@Z 004172d0 f i main.obj
 0001:00016330       ??$createInto@VPlanController@@@QQmlPrivate@@YAXPAX@Z 00417330 f i main.obj
 0001:00016390       ??$createInto@VPlanSelector@@@QQmlPrivate@@YAXPAX@Z 00417390 f i main.obj
 0001:000163f0       ??$createInto@VStatusViewWatcher@@@QQmlPrivate@@YAXPAX@Z 004173f0 f i main.obj
 0001:00016450       ??$createInto@VTextFieldDoubleValidator@@@QQmlPrivate@@YAXPAX@Z 00417450 f i main.obj
 0001:000164b0       ??$createInto@VWorkLocationManager@@@QQmlPrivate@@YAXPAX@Z 004174b0 f i main.obj
 0001:00016510       ??$qRegisterNormalizedMetaType@PAVOperationParamObject@@@@YAHABVQByteArray@@PAPAVOperationParamObject@@W4DefinedType@?$MetaTypeDefinedHelper@PAVOperationParamObject@@$00@QtPrivate@@@Z 00417510 f i main.obj
 0001:00016570       ??$qRegisterNormalizedMetaType@PAVOperationParamSelector@@@@YAHABVQByteArray@@PAPAVOperationParamSelector@@W4DefinedType@?$MetaTypeDefinedHelper@PAVOperationParamSelector@@$00@QtPrivate@@@Z 00417570 f i main.obj
 0001:000165d0       ??$qRegisterNormalizedMetaType@PAVPlanController@@@@YAHABVQByteArray@@PAPAVPlanController@@W4DefinedType@?$MetaTypeDefinedHelper@PAVPlanController@@$00@QtPrivate@@@Z 004175d0 f i main.obj
 0001:00016630       ??$qRegisterNormalizedMetaType@PAVPlanSelector@@@@YAHABVQByteArray@@PAPAVPlanSelector@@W4DefinedType@?$MetaTypeDefinedHelper@PAVPlanSelector@@$00@QtPrivate@@@Z 00417630 f i main.obj
 0001:00016690       ??$qRegisterNormalizedMetaType@PAVStatusViewWatcher@@@@YAHABVQByteArray@@PAPAVStatusViewWatcher@@W4DefinedType@?$MetaTypeDefinedHelper@PAVStatusViewWatcher@@$00@QtPrivate@@@Z 00417690 f i main.obj
 0001:000166f0       ??$qRegisterNormalizedMetaType@PAVTextFieldDoubleValidator@@@@YAHABVQByteArray@@PAPAVTextFieldDoubleValidator@@W4DefinedType@?$MetaTypeDefinedHelper@PAVTextFieldDoubleValidator@@$00@QtPrivate@@@Z 004176f0 f i main.obj
 0001:00016750       ??$qRegisterNormalizedMetaType@PAVWorkLocationManager@@@@YAHABVQByteArray@@PAPAVWorkLocationManager@@W4DefinedType@?$MetaTypeDefinedHelper@PAVWorkLocationManager@@$00@QtPrivate@@@Z 00417750 f i main.obj
 0001:000167b0       ??$qmlRegisterType@VOperationParamObject@@@@YAHPBDHH0@Z 004177b0 f i main.obj
 0001:00016a60       ??$qmlRegisterType@VOperationParamSelector@@@@YAHPBDHH0@Z 00417a60 f i main.obj
 0001:00016d10       ??$qmlRegisterType@VPlanController@@@@YAHPBDHH0@Z 00417d10 f i main.obj
 0001:00016fc0       ??$qmlRegisterType@VPlanSelector@@@@YAHPBDHH0@Z 00417fc0 f i main.obj
 0001:00017270       ??$qmlRegisterType@VStatusViewWatcher@@@@YAHPBDHH0@Z 00418270 f i main.obj
 0001:00017520       ??$qmlRegisterType@VTextFieldDoubleValidator@@@@YAHPBDHH0@Z 00418520 f i main.obj
 0001:000177d0       ??$qmlRegisterType@VWorkLocationManager@@@@YAHPBDHH0@Z 004187d0 f i main.obj
 0001:00017a80       ??0CComBSTR@ATL@@QAE@PBD@Z 00418a80 f i main.obj
 0001:00017b10       ??1?$CAtlSafeAllocBufferManager@VCCRTAllocator@ATL@@@_ATL_SAFE_ALLOCA_IMPL@ATL@@QAE@XZ 00418b10 f i main.obj
 0001:00017b40       ??1?$CComPtr@UINetFwProfile@@@ATL@@QAE@XZ 00418b40 f i main.obj
 0001:00017b40       ??1?$CComPtr@UINetFwAuthorizedApplication@@@ATL@@QAE@XZ 00418b40 f i main.obj
 0001:00017b40       ??1?$CComPtr@UINetFwAuthorizedApplications@@@ATL@@QAE@XZ 00418b40 f i main.obj
 0001:00017b40       ??1?$CComPtr@UINetFwMgr@@@ATL@@QAE@XZ 00418b40 f i main.obj
 0001:00017b40       ??1?$CComPtr@UINetFwPolicy@@@ATL@@QAE@XZ 00418b40 f i main.obj
 0001:00017b80       ??1?$QList@PAVQObject@@@@QAE@XZ 00418b80 f i main.obj
 0001:00017b80       ??1?$QList@H@@QAE@XZ       00418b80 f i configfilehandler.obj
 0001:00017be0       ??1?$QVarLengthArray@D$0EA@@@QAE@XZ 00418be0 f i main.obj
 0001:00017be0       ??1?$QVarLengthArray@D$0DA@@@QAE@XZ 00418be0 f i main.obj
 0001:00017c00       ??1?$basic_string@DU?$char_traits@D@std@@V?$allocator@D@2@@std@@QAE@XZ 00418c00 f i main.obj
 0001:00017c40       ??1CComBSTR@ATL@@QAE@XZ    00418c40 f i main.obj
 0001:00017c50       ??1OperationParamSelector@@UAE@XZ 00418c50 f i main.obj
 0001:00017d00       ??1RegisterType@QQmlPrivate@@QAE@XZ 00418d00 f i main.obj
 0001:00017d10       ??_G?$QQmlElement@VOperationParamObject@@@QQmlPrivate@@UAEPAXI@Z 00418d10 f i main.obj
 0001:00017d10       ??_E?$QQmlElement@VOperationParamObject@@@QQmlPrivate@@UAEPAXI@Z 00418d10 f i main.obj
 0001:00017d90       ??_G?$QQmlElement@VOperationParamSelector@@@QQmlPrivate@@UAEPAXI@Z 00418d90 f i main.obj
 0001:00017d90       ??_E?$QQmlElement@VOperationParamSelector@@@QQmlPrivate@@UAEPAXI@Z 00418d90 f i main.obj
 0001:00017e00       ??_G?$QQmlElement@VPlanController@@@QQmlPrivate@@UAEPAXI@Z 00418e00 f i main.obj
 0001:00017e00       ??_E?$QQmlElement@VPlanController@@@QQmlPrivate@@UAEPAXI@Z 00418e00 f i main.obj
 0001:00017e70       ??_G?$QQmlElement@VPlanSelector@@@QQmlPrivate@@UAEPAXI@Z 00418e70 f i main.obj
 0001:00017e70       ??_E?$QQmlElement@VPlanSelector@@@QQmlPrivate@@UAEPAXI@Z 00418e70 f i main.obj
 0001:00017ee0       ??_G?$QQmlElement@VStatusViewWatcher@@@QQmlPrivate@@UAEPAXI@Z 00418ee0 f i main.obj
 0001:00017ee0       ??_E?$QQmlElement@VStatusViewWatcher@@@QQmlPrivate@@UAEPAXI@Z 00418ee0 f i main.obj
 0001:00017f50       ??_E?$QQmlElement@VTextFieldDoubleValidator@@@QQmlPrivate@@UAEPAXI@Z 00418f50 f i main.obj
 0001:00017f50       ??_G?$QQmlElement@VTextFieldDoubleValidator@@@QQmlPrivate@@UAEPAXI@Z 00418f50 f i main.obj
 0001:00017fc0       ??_E?$QQmlElement@VWorkLocationManager@@@QQmlPrivate@@UAEPAXI@Z 00418fc0 f i main.obj
 0001:00017fc0       ??_G?$QQmlElement@VWorkLocationManager@@@QQmlPrivate@@UAEPAXI@Z 00418fc0 f i main.obj
 0001:00018030       ??_GOperationParamObject@@UAEPAXI@Z 00419030 f i main.obj
 0001:00018030       ??_EOperationParamObject@@UAEPAXI@Z 00419030 f i main.obj
 0001:00018060       ?AtlThrowImpl@ATL@@YGXJ@Z  00419060 f i main.obj
 0001:00018080       ?Construct@?$QMetaTypeFunctionHelper@PAVOperationParamObject@@$00@QtMetaTypePrivate@@SAPAXPAXPBX@Z 00419080 f i main.obj
 0001:00018080       ?Construct@?$QMetaTypeFunctionHelper@PAVTextFieldDoubleValidator@@$00@QtMetaTypePrivate@@SAPAXPAXPBX@Z 00419080 f i main.obj
 0001:00018080       ?Construct@?$QMetaTypeFunctionHelper@PAVStatusViewWatcher@@$00@QtMetaTypePrivate@@SAPAXPAXPBX@Z 00419080 f i main.obj
 0001:00018080       ?Construct@?$QMetaTypeFunctionHelper@PAVWorkLocationManager@@$00@QtMetaTypePrivate@@SAPAXPAXPBX@Z 00419080 f i main.obj
 0001:00018080       ?Construct@?$QMetaTypeFunctionHelper@PAVPlanController@@$00@QtMetaTypePrivate@@SAPAXPAXPBX@Z 00419080 f i main.obj
 0001:00018080       ?Construct@?$QMetaTypeFunctionHelper@PAVPlanSelector@@$00@QtMetaTypePrivate@@SAPAXPAXPBX@Z 00419080 f i main.obj
 0001:00018080       ?Construct@?$QMetaTypeFunctionHelper@PAVOperationParamSelector@@$00@QtMetaTypePrivate@@SAPAXPAXPBX@Z 00419080 f i main.obj
 0001:000180b0       ?Construct@?$QMetaTypeFunctionHelper@V?$QQmlListProperty@VStatusViewWatcher@@@@$00@QtMetaTypePrivate@@SAPAXPAXPBX@Z 004190b0 f i main.obj
 0001:000180b0       ?Construct@?$QMetaTypeFunctionHelper@V?$QQmlListProperty@VOperationParamSelector@@@@$00@QtMetaTypePrivate@@SAPAXPAXPBX@Z 004190b0 f i main.obj
 0001:000180b0       ?Construct@?$QMetaTypeFunctionHelper@V?$QQmlListProperty@VPlanController@@@@$00@QtMetaTypePrivate@@SAPAXPAXPBX@Z 004190b0 f i main.obj
 0001:000180b0       ?Construct@?$QMetaTypeFunctionHelper@V?$QQmlListProperty@VWorkLocationManager@@@@$00@QtMetaTypePrivate@@SAPAXPAXPBX@Z 004190b0 f i main.obj
 0001:000180b0       ?Construct@?$QMetaTypeFunctionHelper@V?$QQmlListProperty@VOperationParamObject@@@@$00@QtMetaTypePrivate@@SAPAXPAXPBX@Z 004190b0 f i main.obj
 0001:000180b0       ?Construct@?$QMetaTypeFunctionHelper@V?$QQmlListProperty@VPlanSelector@@@@$00@QtMetaTypePrivate@@SAPAXPAXPBX@Z 004190b0 f i main.obj
 0001:000180b0       ?Construct@?$QMetaTypeFunctionHelper@V?$QQmlListProperty@VTextFieldDoubleValidator@@@@$00@QtMetaTypePrivate@@SAPAXPAXPBX@Z 004190b0 f i main.obj
 0001:00018110       ?Init@CComCriticalSection@ATL@@QAEJXZ 00419110 f i main.obj
 0001:00018140       ?TopLevelExceptionFilter@@YGJPAU_EXCEPTION_POINTERS@@@Z 00419140 f   main.obj
 0001:000181b0       ?_Deallocate@std@@YAXPAXII@Z 004191b0 f i main.obj
 0001:00018220       ?customMessageHandler@@YAXW4QtMsgType@@ABVQMessageLogContext@@ABVQString@@@Z 00419220 f   main.obj
 0001:00018590       ?getConfigFullName@@YA?AVQString@@PBD@Z 00419590 f   main.obj
 0001:00018600       ?impl@?$QStaticSlotObject@P6AXXZU?$List@$$V@QtPrivate@@X@QtPrivate@@CAXHPAVQSlotObjectBase@2@PAVQObject@@PAPAXPA_N@Z 00419600 f i main.obj
 0001:00018630       ?openFireWall@@YAXPBD0@Z   00419630 f   main.obj
 0001:00018870       ?qt_metatype_id@?$QMetaTypeIdQObject@PAVOperationParamObject@@$07@@SAHXZ 00419870 f i main.obj
 0001:00018920       ?qt_metatype_id@?$QMetaTypeIdQObject@PAVOperationParamSelector@@$07@@SAHXZ 00419920 f i main.obj
 0001:000189d0       ?qt_metatype_id@?$QMetaTypeIdQObject@PAVPlanController@@$07@@SAHXZ 004199d0 f i main.obj
 0001:00018a80       ?qt_metatype_id@?$QMetaTypeIdQObject@PAVPlanSelector@@$07@@SAHXZ 00419a80 f i main.obj
 0001:00018b30       ?qt_metatype_id@?$QMetaTypeIdQObject@PAVStatusViewWatcher@@$07@@SAHXZ 00419b30 f i main.obj
 0001:00018be0       ?qt_metatype_id@?$QMetaTypeIdQObject@PAVTextFieldDoubleValidator@@$07@@SAHXZ 00419be0 f i main.obj
 0001:00018c90       ?qt_metatype_id@?$QMetaTypeIdQObject@PAVWorkLocationManager@@$07@@SAHXZ 00419c90 f i main.obj
 0001:00018d40       ?validate@TextFieldDoubleValidator@@UBE?AW4State@QValidator@@AAVQString@@AAH@Z 00419d40 f i main.obj
 0001:00018ec0       _main                      00419ec0 f   main.obj
 0001:000193f0       ??$connect@P8EnvironmentVariant@@AEXXZP8StatusViewWatcher@@AEXXZ@QObject@@SA?AVConnection@QMetaObject@@PBVEnvironmentVariant@@P83@AEXXZPBVStatusViewWatcher@@P84@AEXXZW4ConnectionType@Qt@@@Z 0041a3f0 f i workmodels.obj
 0001:00019450       ??0?$QList@PAVQObject@@@@QAE@ABV0@@Z 0041a450 f i workmodels.obj
 0001:00019450       ??0?$QList@H@@QAE@ABV0@@Z  0041a450 f i configfilehandler.obj
 0001:00019500       ??0OperationParamSelector@@QAE@PAVQObject@@@Z 0041a500 f   workmodels.obj
 0001:00019550       ??0PlanController@@QAE@PAVQObject@@@Z 0041a550 f   workmodels.obj
 0001:000195c0       ??0PlanSelector@@QAE@PAVQObject@@@Z 0041a5c0 f   workmodels.obj
 0001:00019680       ??0StatusViewWatcher@@QAE@PAVQObject@@@Z 0041a680 f   workmodels.obj
 0001:00019710       ??0WorkLocationManager@@QAE@PAVQObject@@@Z 0041a710 f   workmodels.obj
 0001:00019730       ??1?$QForeachContainer@V?$QList@PAVQObject@@@@@@QAE@XZ 0041a730 f i workmodels.obj
 0001:00019790       ??1PlanController@@UAE@XZ  0041a790 f   workmodels.obj
 0001:000197f0       ??1PlanSelector@@UAE@XZ    0041a7f0 f   workmodels.obj
 0001:000198b0       ??1StatusViewWatcher@@UAE@XZ 0041a8b0 f   workmodels.obj
 0001:00019930       ??1WorkLocationManager@@UAE@XZ 0041a930 f   workmodels.obj
 0001:00019940       ??4?$QList@PAVQObject@@@@QAEAAV0@$$QAV0@@Z 0041a940 f i workmodels.obj
 0001:00019940       ??4?$QList@H@@QAEAAV0@$$QAV0@@Z 0041a940 f i configfilehandler.obj
 0001:000199c0       ??_GOperationParamSelector@@UAEPAXI@Z 0041a9c0 f i workmodels.obj
 0001:000199c0       ??_EOperationParamSelector@@UAEPAXI@Z 0041a9c0 f i workmodels.obj
 0001:000199e0       ??_EPlanController@@UAEPAXI@Z 0041a9e0 f i workmodels.obj
 0001:000199e0       ??_GPlanController@@UAEPAXI@Z 0041a9e0 f i workmodels.obj
 0001:00019a50       ??_GPlanSelector@@UAEPAXI@Z 0041aa50 f i workmodels.obj
 0001:00019a50       ??_EPlanSelector@@UAEPAXI@Z 0041aa50 f i workmodels.obj
 0001:00019a70       ??_GStatusViewWatcher@@UAEPAXI@Z 0041aa70 f i workmodels.obj
 0001:00019a70       ??_EStatusViewWatcher@@UAEPAXI@Z 0041aa70 f i workmodels.obj
 0001:00019b10       ??_EWorkLocationManager@@UAEPAXI@Z 0041ab10 f i workmodels.obj
 0001:00019b10       ??_GWorkLocationManager@@UAEPAXI@Z 0041ab10 f i workmodels.obj
 0001:00019b40       ?WorkPlaceConstraint@EnvironmentVariant@@QAE?AVQJsonArray@@XZ 0041ab40 f i workmodels.obj
 0001:00019b70       ?addPlan@PlanSelector@@QAEXABVQString@@@Z 0041ab70 f   workmodels.obj
 0001:00019b90       ?addStep@PlanSelector@@QAEXHHH@Z 0041ab90 f   workmodels.obj
 0001:00019bb0       ?append@?$QList@H@@QAEXABH@Z 0041abb0 f i configfilehandler.obj
 0001:00019bb0       ?append@?$QList@PAVQObject@@@@QAEXABQAVQObject@@@Z 0041abb0 f i workmodels.obj
 0001:00019c40       ?boardConfigIndex@PlanSelector@@QAEHH@Z 0041ac40 f   workmodels.obj
 0001:00019c60       ?commitParam@PlanSelector@@QAEXHHABVQString@@ABVQVariant@@@Z 0041ac60 f   workmodels.obj
 0001:00019c80       ?copyStep@PlanSelector@@QAE?AVQString@@HHH@Z 0041ac80 f   workmodels.obj
 0001:00019cb0       ?copyStep@PlanSelector@@QAEXHH@Z 0041acb0 f   workmodels.obj
 0001:00019cd0       ?eventFilter@PlanController@@UAE_NPAVQObject@@PAVQEvent@@@Z 0041acd0 f   workmodels.obj
 0001:00019d20       ?eventFilter@PlanSelector@@MAE_NPAVQObject@@PAVQEvent@@@Z 0041ad20 f   workmodels.obj
 0001:00019d60       ?eventFilter@StatusViewWatcher@@UAE_NPAVQObject@@PAVQEvent@@@Z 0041ad60 f   workmodels.obj
 0001:00019da0       ?exportConfigFile@ConfigFileConverter@@QAE_NABVQUrl@@@Z 0041ada0 f   workmodels.obj
 0001:00019e10       ?getBoardTypeIndexByPosition@PlanSelector@@QAEHH@Z 0041ae10 f   workmodels.obj
 0001:00019e10       ?getBoardTypeIndexByPosition@OperationParamSelector@@QAEHH@Z 0041ae10 f   workmodels.obj
 0001:00019e30       ?getPlanBoardTypeIndexByPosition@PlanSelector@@QAEHHH@Z 0041ae30 f   workmodels.obj
 0001:00019e50       ?getSwitch@OperationParamSelector@@QAEPAVQObject@@ABVQString@@@Z 0041ae50 f   workmodels.obj
 0001:00019fd0       ?getSwitch@PlanSelector@@QAEPAVQObject@@ABVQString@@@Z 0041afd0 f   workmodels.obj
 0001:0001a140       ?getWorkLocationTypeList@WorkLocationManager@@QAE?AVQJsonObject@@XZ 0041b140 f   workmodels.obj
 0001:0001a170       ?getWorkPlaceConstraint@WorkLocationManager@@QAE?AVQJsonArray@@XZ 0041b170 f   workmodels.obj
 0001:0001a1a0       ?impl@?$QSlotObject@P8StatusViewWatcher@@AEXXZU?$List@$$V@QtPrivate@@X@QtPrivate@@CAXHPAVQSlotObjectBase@2@PAVQObject@@PAPAXPA_N@Z 0041b1a0 f i workmodels.obj
 0001:0001a1a0       ?impl@?$QSlotObject@P8QObject@@AEXXZU?$List@$$V@QtPrivate@@X@QtPrivate@@CAXHPAVQSlotObjectBase@2@PAVQObject@@PAPAXPA_N@Z 0041b1a0 f i workflowprotocol.obj
 0001:0001a1a0       ?impl@?$QSlotObject@P8SubThreadWorker@@AEXXZU?$List@$$V@QtPrivate@@X@QtPrivate@@CAXHPAVQSlotObjectBase@2@PAVQObject@@PAPAXPA_N@Z 0041b1a0 f i workflowprotocol.obj
 0001:0001a1a0       ?impl@?$QSlotObject@P8SubThreadCheckWorker@@AEXXZU?$List@$$V@QtPrivate@@X@QtPrivate@@CAXHPAVQSlotObjectBase@2@PAVQObject@@PAPAXPA_N@Z 0041b1a0 f i workflowChecker.obj
 0001:0001a1f0       ?importConfigFile@ConfigFileConverter@@QAE_NABVQUrl@@@Z 0041b1f0 f   workmodels.obj
 0001:0001a260       ?init@OperationParamSelector@@QAEXABVQString@@@Z 0041b260 f   workmodels.obj
 0001:0001a2e0       ?moveStep@PlanSelector@@QAEXHHH@Z 0041b2e0 f   workmodels.obj
 0001:0001a300       ?name@OperationParamObject@@QBE?AVQString@@XZ 0041b300 f i workmodels.obj
 0001:0001a300       ?getOperationName@SingleOperationObject@@QAE?AVQString@@XZ 0041b300 f i moc_workmodels.obj
 0001:0001a300       ?getIpAddress@TargetMachineObject@@QBE?AVQString@@XZ 0041b300 f i environmentvariant.obj
 0001:0001a320       ?onCompleteSingleOperation@OperationParamSelector@@QAEXXZ 0041b320 f   workmodels.obj
 0001:0001a5b0       ?onMachineConfigChanged@TargetMachineObject@@QAE_NXZ 0041b5b0 f   workmodels.obj
 0001:0001a650       ?onRemoveIndex@WorkLocationManager@@QAE_NH@Z 0041b650 f   workmodels.obj
 0001:0001a670       ?onSave@PlanSelector@@QAE_NXZ 0041b670 f   workmodels.obj
 0001:0001a680       ?operationCurrentIndex@PlanSelector@@QAEHXZ 0041b680 f   workmodels.obj
 0001:0001a6a0       ?pasteStep@PlanSelector@@QAEXHH@Z 0041b6a0 f   workmodels.obj
 0001:0001a6c0       ?pausePlan@PlanController@@QAEXXZ 0041b6c0 f   workmodels.obj
 0001:0001a6d0       ?planListModel@PlanSelector@@QAE?AVQStringList@@XZ 0041b6d0 f   workmodels.obj
 0001:0001a700       ?planSelectStepListModel@PlanSelector@@QAE?AVQStringList@@H@Z 0041b700 f   workmodels.obj
 0001:0001a730       ?readConfigFIle@ConfigFileConverter@@QAE?AVQString@@ABVQUrl@@@Z 0041b730 f   workmodels.obj
 0001:0001a820       ?removePlan@PlanSelector@@QAEXH@Z 0041b820 f   workmodels.obj
 0001:0001a840       ?removeStep@PlanSelector@@QAEXHH@Z 0041b840 f   workmodels.obj
 0001:0001a860       ?resumePlan@PlanController@@QAEXXZ 0041b860 f   workmodels.obj
 0001:0001a890       ?setBoardConfigIndex@PlanSelector@@QAEXHH@Z 0041b890 f   workmodels.obj
 0001:0001a8b0       ?setPlanName@PlanSelector@@QAEXHABVQString@@@Z 0041b8b0 f   workmodels.obj
 0001:0001a8d0       ?setSelectedOperation@OperationParamSelector@@QAEXH@Z 0041b8d0 f   workmodels.obj
 0001:0001aca0       ?setSelectedOperation@PlanSelector@@QAEXHHH@Z 0041bca0 f   workmodels.obj
 0001:0001b160       ?setSelectedStep@PlanSelector@@QAEXHH@Z 0041c160 f   workmodels.obj
 0001:0001b540       ?setWorkLocationType@WorkLocationManager@@QAE_NHHABVQString@@@Z 0041c540 f   workmodels.obj
 0001:0001b560       ?startCheckPlan@PlanSelector@@QAEXH@Z 0041c560 f   workmodels.obj
 0001:0001b580       ?startPlan@PlanController@@QAEXHH@Z 0041c580 f   workmodels.obj
 0001:0001b5b0       ?stepListModel@PlanSelector@@QAE?AVQStringList@@H@Z 0041c5b0 f   workmodels.obj
 0001:0001b5e0       ?stopCheckPlan@PlanSelector@@QAEXXZ 0041c5e0 f   workmodels.obj
 0001:0001b5f0       ?stopPlan@PlanController@@QAEXXZ 0041c5f0 f   workmodels.obj
 0001:0001b600       ?updateWorkPlace@WorkLocationManager@@QAE_NABVQJsonObject@@@Z 0041c600 f   workmodels.obj
 0001:0001b620       ??$connect@P8SubThreadCheckWorker@@AEXABVQJsonObject@@@ZP8WorkflowCheckerController@@AEX0@Z@QObject@@SA?AVConnection@QMetaObject@@PBVSubThreadCheckWorker@@P83@AEXABVQJsonObject@@@ZPBVWorkflowCheckerController@@P85@AEX1@ZW4ConnectionType@Qt@@@Z 0041c620 f i workflowChecker.obj
 0001:0001b690       ??$connect@P8WorkflowCheckerController@@AEXABVQJsonArray@@@ZP8SubThreadCheckWorker@@AEX0@Z@QObject@@SA?AVConnection@QMetaObject@@PBVWorkflowCheckerController@@P83@AEXABVQJsonArray@@@ZPBVSubThreadCheckWorker@@P85@AEX1@ZW4ConnectionType@Qt@@@Z 0041c690 f i workflowChecker.obj
 0001:0001b700       ??$connect@P8WorkflowCheckerController@@AEXABVQJsonObject@@@ZP8SubThreadCheckWorker@@AEX0@Z@QObject@@SA?AVConnection@QMetaObject@@PBVWorkflowCheckerController@@P83@AEXABVQJsonObject@@@ZPBVSubThreadCheckWorker@@P85@AEX1@ZW4ConnectionType@Qt@@@Z 0041c700 f i workflowChecker.obj
 0001:0001b770       ??$connect@P8WorkflowCheckerController@@AEXXZP8SubThreadCheckWorker@@AEXXZ@QObject@@SA?AVConnection@QMetaObject@@PBVWorkflowCheckerController@@P83@AEXXZPBVSubThreadCheckWorker@@P84@AEXXZW4ConnectionType@Qt@@@Z 0041c770 f i workflowChecker.obj
 0001:0001b7d0       ??0WorkflowCheckerController@@QAE@PAVQObject@@@Z 0041c7d0 f   workflowChecker.obj
 0001:0001b950       ??1?$QMap@VQString@@H@@QAE@XZ 0041c950 f i workflowChecker.obj
 0001:0001b9f0       ??1WorkflowCheckerController@@UAE@XZ 0041c9f0 f   workflowChecker.obj
 0001:0001ba60       ??A?$QMap@VQString@@H@@QAEAAHABVQString@@@Z 0041ca60 f i workflowChecker.obj
 0001:0001bae0       ??_GSubThreadCheckWorker@@UAEPAXI@Z 0041cae0 f i workflowChecker.obj
 0001:0001bae0       ??_ESubThreadCheckWorker@@UAEPAXI@Z 0041cae0 f i workflowChecker.obj
 0001:0001bb30       ??_GWorkflowCheckerController@@UAEPAXI@Z 0041cb30 f i workflowChecker.obj
 0001:0001bb30       ??_EWorkflowCheckerController@@UAEPAXI@Z 0041cb30 f i workflowChecker.obj
 0001:0001bbc0       ?CheckBoardConstraint@SubThreadCheckWorker@@IAE_NABVQJsonObject@@@Z 0041cbc0 f   workflowChecker.obj
 0001:0001bf70       ?CheckParamConstraint@SubThreadCheckWorker@@IAE_NABVQJsonObject@@@Z 0041cf70 f   workflowChecker.obj
 0001:0001c820       ?checkTask@WorkflowCheckerController@@QAEXABVQJsonObject@@@Z 0041d820 f   workflowChecker.obj
 0001:0001c830       ?configChecker@SubThreadCheckWorker@@QAEXABVQJsonArray@@@Z 0041d830 f   workflowChecker.obj
 0001:0001cb90       ?copy@?$QMapNode@VQString@@H@@QBEPAU1@PAU?$QMapData@VQString@@H@@@Z 0041db90 f i workflowChecker.obj
 0001:0001cc10       ?createNode@?$QMapData@VQString@@H@@QAEPAU?$QMapNode@VQString@@H@@ABVQString@@ABHPAU2@_N@Z 0041dc10 f i workflowChecker.obj
 0001:0001cc50       ?destroySubTree@?$QMapNode@VQString@@H@@QAEXXZ 0041dc50 f i workflowChecker.obj
 0001:0001cc80       ?detach_helper@?$QMap@VQString@@H@@AAEXXZ 0041dc80 f i workflowChecker.obj
 0001:0001cd20       ?doCheck@SubThreadCheckWorker@@QAEXABVQJsonObject@@@Z 0041dd20 f   workflowChecker.obj
 0001:0001d300       ?forceStop@SubThreadCheckWorker@@QAEXXZ 0041e300 f   workflowChecker.obj
 0001:0001d310       ?impl@?$QSlotObject@P8SubThreadCheckWorker@@AEXABVQJsonObject@@@ZU?$List@ABVQJsonObject@@@QtPrivate@@X@QtPrivate@@CAXHPAVQSlotObjectBase@2@PAVQObject@@PAPAXPA_N@Z 0041e310 f i workflowChecker.obj
 0001:0001d310       ?impl@?$QSlotObject@P8SubThreadCheckWorker@@AEXABVQJsonArray@@@ZU?$List@ABVQJsonArray@@@QtPrivate@@X@QtPrivate@@CAXHPAVQSlotObjectBase@2@PAVQObject@@PAPAXPA_N@Z 0041e310 f i workflowChecker.obj
 0001:0001d310       ?impl@?$QSlotObject@P8SubThreadWorker@@AEXABVQString@@@ZU?$List@ABVQString@@@QtPrivate@@X@QtPrivate@@CAXHPAVQSlotObjectBase@2@PAVQObject@@PAPAXPA_N@Z 0041e310 f i workflowprotocol.obj
 0001:0001d310       ?impl@?$QSlotObject@P8SubThreadWorker@@AEXABVQJsonObject@@@ZU?$List@ABVQJsonObject@@@QtPrivate@@X@QtPrivate@@CAXHPAVQSlotObjectBase@2@PAVQObject@@PAPAXPA_N@Z 0041e310 f i workflowprotocol.obj
 0001:0001d310       ?impl@?$QSlotObject@P8WorkflowCheckerController@@AEXABVQJsonObject@@@ZU?$List@ABVQJsonObject@@@QtPrivate@@X@QtPrivate@@CAXHPAVQSlotObjectBase@2@PAVQObject@@PAPAXPA_N@Z 0041e310 f i workflowChecker.obj
 0001:0001d310       ?impl@?$QSlotObject@P8WorkflowController@@AEXABVQJsonObject@@@ZU?$List@ABVQJsonObject@@@QtPrivate@@X@QtPrivate@@CAXHPAVQSlotObjectBase@2@PAVQObject@@PAPAXPA_N@Z 0041e310 f i workflowprotocol.obj
 0001:0001d370       ?init@WorkflowCheckerController@@QAEXABVQJsonArray@@@Z 0041e370 f   workflowChecker.obj
 0001:0001d380       ?insert@?$QMap@VQString@@H@@QAE?AViterator@1@ABVQString@@ABH@Z 0041e380 f i workflowChecker.obj
 0001:0001d440       ?isFilteredCommand@SubThreadCheckWorker@@IAE_NABVQJsonObject@@@Z 0041e440 f   workflowChecker.obj
 0001:0001d860       ?remove@?$QMap@VQString@@H@@QAEHABVQString@@@Z 0041e860 f i workflowChecker.obj
 0001:0001d910       ?statusChanged@WorkflowCheckerController@@QAEXABVQJsonObject@@@Z 0041e910 f   workflowChecker.obj
 0001:0001d9b0       ?stopCurrentCheck@WorkflowCheckerController@@QAEXXZ 0041e9b0 f   workflowChecker.obj
 0001:0001d9d0       ?types@?$ConnectionTypes@U?$List@ABVQJsonArray@@@QtPrivate@@$00@QtPrivate@@SAPBHXZ 0041e9d0 f i workflowChecker.obj
 0001:0001da30       ?metaObject@Communication@@UBEPBUQMetaObject@@XZ 0041ea30 f   moc_communication.obj
 0001:0001da50       ?qt_metacall@Communication@@UAEHW4Call@QMetaObject@@HPAPAX@Z 0041ea50 f   moc_communication.obj
 0001:0001da50       ?qt_metacall@configFileHandler@@UAEHW4Call@QMetaObject@@HPAPAX@Z 0041ea50 f   moc_configfilehandler.obj
 0001:0001da60       ?qt_metacast@Communication@@UAEPAXPBD@Z 0041ea60 f   moc_communication.obj
 0001:0001dac0       ?changeHost@WorkflowController@@QAEXABVQString@@G@Z 0041eac0 f   moc_workflowprotocol.obj
 0001:0001db10       ?configProtocol@WorkflowController@@QAEXABVQString@@@Z 0041eb10 f   moc_workflowprotocol.obj
 0001:0001db40       ?metaObject@SubThreadWorker@@UBEPBUQMetaObject@@XZ 0041eb40 f   moc_workflowprotocol.obj
 0001:0001db60       ?metaObject@WorkflowController@@UBEPBUQMetaObject@@XZ 0041eb60 f   moc_workflowprotocol.obj
 0001:0001db80       ?pauseTask@WorkflowController@@QAEXXZ 0041eb80 f   moc_workflowprotocol.obj
 0001:0001dba0       ?qt_metacall@SubThreadWorker@@UAEHW4Call@QMetaObject@@HPAPAX@Z 0041eba0 f   moc_workflowprotocol.obj
 0001:0001dc00       ?qt_metacall@WorkflowController@@UAEHW4Call@QMetaObject@@HPAPAX@Z 0041ec00 f   moc_workflowprotocol.obj
 0001:0001dc60       ?qt_metacast@SubThreadWorker@@UAEPAXPBD@Z 0041ec60 f   moc_workflowprotocol.obj
 0001:0001dcc0       ?qt_metacast@WorkflowController@@UAEPAXPBD@Z 0041ecc0 f   moc_workflowprotocol.obj
 0001:0001dd20       ?qt_static_metacall@SubThreadWorker@@CAXPAVQObject@@W4Call@QMetaObject@@HPAPAX@Z 0041ed20 f   moc_workflowprotocol.obj
 0001:0001de20       ?qt_static_metacall@WorkflowController@@CAXPAVQObject@@W4Call@QMetaObject@@HPAPAX@Z 0041ee20 f   moc_workflowprotocol.obj
 0001:0001df70       ?runNewTask@WorkflowController@@QAEXABVQJsonObject@@@Z 0041ef70 f   moc_workflowprotocol.obj
 0001:0001dfa0       ?runNewTunning@WorkflowController@@QAEXABVQJsonObject@@@Z 0041efa0 f   moc_workflowprotocol.obj
 0001:0001dfd0       ?statusChanged@SubThreadWorker@@QAEXABVQJsonObject@@@Z 0041efd0 f   moc_workflowprotocol.obj
 0001:0001e000       ?stopTask@WorkflowController@@QAEXXZ 0041f000 f   moc_workflowprotocol.obj
 0001:0001e020       ?taskStateChanged@SubThreadWorker@@QAEXABVQString@@H@Z 0041f020 f   moc_workflowprotocol.obj
 0001:0001e070       ?updateStopState@WorkflowController@@QAEXXZ 0041f070 f   moc_workflowprotocol.obj
 0001:0001e090       ?configChecker@WorkflowCheckerController@@QAEXABVQJsonArray@@@Z 0041f090 f   moc_workflowChecker.obj
 0001:0001e0c0       ?metaObject@SubThreadCheckWorker@@UBEPBUQMetaObject@@XZ 0041f0c0 f   moc_workflowChecker.obj
 0001:0001e0e0       ?metaObject@WorkflowCheckerController@@UBEPBUQMetaObject@@XZ 0041f0e0 f   moc_workflowChecker.obj
 0001:0001e100       ?qt_metacall@SubThreadCheckWorker@@UAEHW4Call@QMetaObject@@HPAPAX@Z 0041f100 f   moc_workflowChecker.obj
 0001:0001e160       ?qt_metacall@WorkflowCheckerController@@UAEHW4Call@QMetaObject@@HPAPAX@Z 0041f160 f   moc_workflowChecker.obj
 0001:0001e1c0       ?qt_metacast@SubThreadCheckWorker@@UAEPAXPBD@Z 0041f1c0 f   moc_workflowChecker.obj
 0001:0001e220       ?qt_metacast@WorkflowCheckerController@@UAEPAXPBD@Z 0041f220 f   moc_workflowChecker.obj
 0001:0001e280       ?qt_static_metacall@SubThreadCheckWorker@@CAXPAVQObject@@W4Call@QMetaObject@@HPAPAX@Z 0041f280 f   moc_workflowChecker.obj
 0001:0001e310       ?qt_static_metacall@WorkflowCheckerController@@CAXPAVQObject@@W4Call@QMetaObject@@HPAPAX@Z 0041f310 f   moc_workflowChecker.obj
 0001:0001e3d0       ?runNewCheck@WorkflowCheckerController@@QAEXABVQJsonObject@@@Z 0041f3d0 f   moc_workflowChecker.obj
 0001:0001e400       ?statusChanged@SubThreadCheckWorker@@QAEXABVQJsonObject@@@Z 0041f400 f   moc_workflowChecker.obj
 0001:0001e430       ?stopCheck@WorkflowCheckerController@@QAEXXZ 0041f430 f   moc_workflowChecker.obj
 0001:0001e450       ?metaObject@configFileHandler@@UBEPBUQMetaObject@@XZ 0041f450 f   moc_configfilehandler.obj
 0001:0001e470       ?qt_metacast@configFileHandler@@UAEPAXPBD@Z 0041f470 f   moc_configfilehandler.obj
 0001:0001e4d0       ?Destruct@?$QMetaTypeFunctionHelper@PAVTextFieldDoubleValidator@@$00@QtMetaTypePrivate@@SAXPAX@Z 0041f4d0 f   main.obj
 0001:0001e4d0       ?Destruct@?$QMetaTypeFunctionHelper@V?$QQmlListProperty@VPlanController@@@@$00@QtMetaTypePrivate@@SAXPAX@Z 0041f4d0 f   main.obj
 0001:0001e4d0       ?Destruct@?$QMetaTypeFunctionHelper@V?$QQmlListProperty@VPlanSelector@@@@$00@QtMetaTypePrivate@@SAXPAX@Z 0041f4d0 f   main.obj
 0001:0001e4d0       __initialize_denormal_control 0041f4d0 f   MSVCRT:denormal_control.obj
 0001:0001e4d0       ?Destruct@?$QMetaTypeFunctionHelper@V?$QQmlListProperty@VOperationParamObject@@@@$00@QtMetaTypePrivate@@SAXPAX@Z 0041f4d0 f   main.obj
 0001:0001e4d0       ??3@YAXPAX0@Z              0041f4d0 f   configfilehandler.obj
 0001:0001e4d0       ?qt_static_metacall@configFileHandler@@CAXPAVQObject@@W4Call@QMetaObject@@HPAPAX@Z 0041f4d0 f   moc_configfilehandler.obj
 0001:0001e4d0       ?qt_static_metacall@Communication@@CAXPAVQObject@@W4Call@QMetaObject@@HPAPAX@Z 0041f4d0 f   moc_communication.obj
 0001:0001e4d0       ?onComplete@PlanSelector@@QAEXXZ 0041f4d0 f   workmodels.obj
 0001:0001e4d0       ?Destruct@?$QMetaTypeFunctionHelper@V?$QQmlListProperty@VWorkLocationManager@@@@$00@QtMetaTypePrivate@@SAXPAX@Z 0041f4d0 f   main.obj
 0001:0001e4d0       ?Destruct@?$QMetaTypeFunctionHelper@PAVOperationParamObject@@$00@QtMetaTypePrivate@@SAXPAX@Z 0041f4d0 f   main.obj
 0001:0001e4d0       ?Destruct@?$QMetaTypeFunctionHelper@VQSequentialIterableImpl@QtMetaTypePrivate@@$00@QtMetaTypePrivate@@SAXPAX@Z 0041f4d0 f   moc_workmodels.obj
 0001:0001e4d0       __initialize_invalid_parameter_handler 0041f4d0 f   MSVCRT:invalid_parameter_handler.obj
 0001:0001e4d0       ?Destruct@?$QMetaTypeFunctionHelper@PAVOperationParamSelector@@$00@QtMetaTypePrivate@@SAXPAX@Z 0041f4d0 f   main.obj
 0001:0001e4d0       ?Destruct@?$QMetaTypeFunctionHelper@PAVWorkLocationManager@@$00@QtMetaTypePrivate@@SAXPAX@Z 0041f4d0 f   main.obj
 0001:0001e4d0       ?Destruct@?$QMetaTypeFunctionHelper@V?$QQmlListProperty@VTextFieldDoubleValidator@@@@$00@QtMetaTypePrivate@@SAXPAX@Z 0041f4d0 f   main.obj
 0001:0001e4d0       ?Destruct@?$QMetaTypeFunctionHelper@PAVPlanSelector@@$00@QtMetaTypePrivate@@SAXPAX@Z 0041f4d0 f   main.obj
 0001:0001e4d0       ?Destruct@?$QMetaTypeFunctionHelper@V?$QQmlListProperty@VStatusViewWatcher@@@@$00@QtMetaTypePrivate@@SAXPAX@Z 0041f4d0 f   main.obj
 0001:0001e4d0       @_guard_check_icall_nop@4  0041f4d0 f   MSVCRT:guard_support.obj
 0001:0001e4d0       ?Destruct@?$QMetaTypeFunctionHelper@PAVStatusViewWatcher@@$00@QtMetaTypePrivate@@SAXPAX@Z 0041f4d0 f   main.obj
 0001:0001e4d0       ?Destruct@?$QMetaTypeFunctionHelper@V?$QQmlListProperty@VOperationParamSelector@@@@$00@QtMetaTypePrivate@@SAXPAX@Z 0041f4d0 f   main.obj
 0001:0001e4d0       ?Destruct@?$QMetaTypeFunctionHelper@PAVPlanController@@$00@QtMetaTypePrivate@@SAXPAX@Z 0041f4d0 f   main.obj
 0001:0001e4e0       ?metaObject@EnvironmentVariant@@UBEPBUQMetaObject@@XZ 0041f4e0 f   moc_environmentvariant.obj
 0001:0001e500       ?qt_metacall@EnvironmentVariant@@UAEHW4Call@QMetaObject@@HPAPAX@Z 0041f500 f   moc_environmentvariant.obj
 0001:0001e560       ?qt_metacast@EnvironmentVariant@@UAEPAXPBD@Z 0041f560 f   moc_environmentvariant.obj
 0001:0001e5c0       ?qt_static_metacall@EnvironmentVariant@@CAXPAVQObject@@W4Call@QMetaObject@@HPAPAX@Z 0041f5c0 f   moc_environmentvariant.obj
 0001:0001e610       ?workLocationTypeChanged@EnvironmentVariant@@QAEXXZ 0041f610 f   moc_environmentvariant.obj
 0001:0001e630       ??$atImpl@V?$QList@PAVQObject@@@@@QSequentialIterableImpl@QtMetaTypePrivate@@SAPBXPBXH@Z 0041f630 f i moc_workmodels.obj
 0001:0001e630       ??$atImpl@V?$QList@H@@@QSequentialIterableImpl@QtMetaTypePrivate@@SAPBXPBXH@Z 0041f630 f i moc_workmodels.obj
 0001:0001e650       ??$equal@PBQAVQObject@@V?$checked_array_iterator@PBQAVQObject@@@stdext@@U?$equal_to@X@std@@@std@@YA_NPBQAVQObject@@0V?$checked_array_iterator@PBQAVQObject@@@stdext@@U?$equal_to@X@0@@Z 0041f650 f i moc_workmodels.obj
 0001:0001e650       ??$equal@PBHV?$checked_array_iterator@PBH@stdext@@U?$equal_to@X@std@@@std@@YA_NPBH0V?$checked_array_iterator@PBH@stdext@@U?$equal_to@X@0@@Z 0041f650 f i moc_workmodels.obj
 0001:0001e6d0       ??$getImpl@V?$QList@PAVQObject@@@@@QSequentialIterableImpl@QtMetaTypePrivate@@SA?AUVariantData@1@PBQAXHI@Z 0041f6d0 f i moc_workmodels.obj
 0001:0001e6d0       ??$getImpl@V?$QList@H@@@QSequentialIterableImpl@QtMetaTypePrivate@@SA?AUVariantData@1@PBQAXHI@Z 0041f6d0 f i moc_workmodels.obj
 0001:0001e6f0       ??$moveToBeginImpl@V?$QList@H@@@QSequentialIterableImpl@QtMetaTypePrivate@@SAXPBXPAPAX@Z 0041f6f0 f i moc_workmodels.obj
 0001:0001e6f0       ??$moveToBeginImpl@V?$QList@PAVQObject@@@@@QSequentialIterableImpl@QtMetaTypePrivate@@SAXPBXPAPAX@Z 0041f6f0 f i moc_workmodels.obj
 0001:0001e720       ??$moveToEndImpl@V?$QList@H@@@QSequentialIterableImpl@QtMetaTypePrivate@@SAXPBXPAPAX@Z 0041f720 f i moc_workmodels.obj
 0001:0001e720       ??$moveToEndImpl@V?$QList@PAVQObject@@@@@QSequentialIterableImpl@QtMetaTypePrivate@@SAXPBXPAPAX@Z 0041f720 f i moc_workmodels.obj
 0001:0001e750       ??$sizeImpl@V?$QList@H@@@QSequentialIterableImpl@QtMetaTypePrivate@@SAHPBX@Z 0041f750 f i moc_workmodels.obj
 0001:0001e750       ??$sizeImpl@V?$QList@PAVQObject@@@@@QSequentialIterableImpl@QtMetaTypePrivate@@SAHPBX@Z 0041f750 f i moc_workmodels.obj
 0001:0001e760       ??0QSequentialIterableImpl@QtMetaTypePrivate@@QAE@XZ 0041f760 f i moc_workmodels.obj
 0001:0001e7d0       ?Construct@?$QMetaTypeFunctionHelper@V?$QList@PAVQObject@@@@$00@QtMetaTypePrivate@@SAPAXPAXPBX@Z 0041f7d0 f i moc_workmodels.obj
 0001:0001e7d0       ?Construct@?$QMetaTypeFunctionHelper@V?$QList@H@@$00@QtMetaTypePrivate@@SAPAXPAXPBX@Z 0041f7d0 f i moc_workmodels.obj
 0001:0001e850       ?Construct@?$QMetaTypeFunctionHelper@VQSequentialIterableImpl@QtMetaTypePrivate@@$00@QtMetaTypePrivate@@SAPAXPAXPBX@Z 0041f850 f i moc_workmodels.obj
 0001:0001e890       ?Destruct@?$QMetaTypeFunctionHelper@V?$QList@H@@$00@QtMetaTypePrivate@@SAXPAX@Z 0041f890 f i moc_workmodels.obj
 0001:0001e890       ?Destruct@?$QMetaTypeFunctionHelper@V?$QList@PAVQObject@@@@$00@QtMetaTypePrivate@@SAXPAX@Z 0041f890 f i moc_workmodels.obj
 0001:0001e900       ?MachineConfigChanged@TargetMachineObject@@QAEXXZ 0041f900 f   moc_workmodels.obj
 0001:0001e920       ?UnitChanged@OperationParamObject@@QAEXXZ 0041f920 f   moc_workmodels.obj
 0001:0001e940       ?administratorChanged@AdministratorChecker@@QAEXXZ 0041f940 f   moc_workmodels.obj
 0001:0001e960       ?advance@?$IteratorOwnerCommon@Vconst_iterator@?$QList@H@@@QtMetaTypePrivate@@SAXPAPAXH@Z 0041f960 f i moc_workmodels.obj
 0001:0001e960       ?advance@?$IteratorOwnerCommon@Vconst_iterator@?$QList@PAVQObject@@@@@QtMetaTypePrivate@@SAXPAPAXH@Z 0041f960 f i moc_workmodels.obj
 0001:0001e970       ?assign@?$IteratorOwnerCommon@Vconst_iterator@?$QList@PAVQObject@@@@@QtMetaTypePrivate@@SAXPAPAXPBQAX@Z 0041f970 f i moc_workmodels.obj
 0001:0001e970       ?assign@?$IteratorOwnerCommon@Vconst_iterator@?$QList@H@@@QtMetaTypePrivate@@SAXPAPAXPBQAX@Z 0041f970 f i moc_workmodels.obj
 0001:0001e990       ?boolValueChanged@OperationParamObject@@QAEXXZ 0041f990 f   moc_workmodels.obj
 0001:0001e9b0       ?bottomValueChanged@OperationParamObject@@QAEXXZ 0041f9b0 f   moc_workmodels.obj
 0001:0001e9d0       ?convert@?$ConverterFunctor@V?$QList@H@@VQSequentialIterableImpl@QtMetaTypePrivate@@U?$QSequentialIterableConvertFunctor@V?$QList@H@@@3@@QtPrivate@@SA_NPBUAbstractConverterFunction@2@PBXPAX@Z 0041f9d0 f i moc_workmodels.obj
 0001:0001ea70       ?convert@?$ConverterFunctor@V?$QList@PAVQObject@@@@VQSequentialIterableImpl@QtMetaTypePrivate@@U?$QSequentialIterableConvertFunctor@V?$QList@PAVQObject@@@@@3@@QtPrivate@@SA_NPBUAbstractConverterFunction@2@PBXPAX@Z 0041fa70 f i moc_workmodels.obj
 0001:0001eb10       ?currentIndexChanged@OperationParamSelector@@QAEXXZ 0041fb10 f   moc_workmodels.obj
 0001:0001eb30       ?destroy@?$IteratorOwnerCommon@Vconst_iterator@?$QList@PAVQObject@@@@@QtMetaTypePrivate@@SAXPAPAX@Z 0041fb30 f i moc_workmodels.obj
 0001:0001eb30       ?destroy@?$IteratorOwnerCommon@Vconst_iterator@?$QList@H@@@QtMetaTypePrivate@@SAXPAPAX@Z 0041fb30 f i moc_workmodels.obj
 0001:0001eb50       ?display@OperationParamObject@@QBE?AVQString@@XZ 0041fb50 f i moc_workmodels.obj
 0001:0001eb70       ?displayChanged@OperationParamObject@@QAEXXZ 0041fb70 f   moc_workmodels.obj
 0001:0001eb90       ?equal@?$IteratorOwnerCommon@Vconst_iterator@?$QList@PAVQObject@@@@@QtMetaTypePrivate@@SA_NPBQAX0@Z 0041fb90 f i moc_workmodels.obj
 0001:0001eb90       ?equal@?$IteratorOwnerCommon@Vconst_iterator@?$QList@H@@@QtMetaTypePrivate@@SA_NPBQAX0@Z 0041fb90 f i moc_workmodels.obj
 0001:0001ebb0       ?factorChanged@OperationParamObject@@QAEXXZ 0041fbb0 f   moc_workmodels.obj
 0001:0001ebd0       ?floatValueChanged@OperationParamObject@@QAEXXZ 0041fbd0 f   moc_workmodels.obj
 0001:0001ebf0       ?getLicenseNumber@TargetMachineObject@@QBE?AVQString@@XZ 0041fbf0 f i moc_workmodels.obj
 0001:0001ec10       ?getParamListModel@PlanSelector@@QAE?AV?$QList@PAVQObject@@@@XZ 0041fc10 f i moc_workmodels.obj
 0001:0001ec30       ?getParamModel@OperationParamSelector@@QAE?AV?$QList@PAVQObject@@@@XZ 0041fc30 f i moc_workmodels.obj
 0001:0001ec50       ?intListValue@OperationParamObject@@QAE?AV?$QList@H@@XZ 0041fc50 f i moc_workmodels.obj
 0001:0001ec70       ?intListValueChanged@OperationParamObject@@QAEXXZ 0041fc70 f   moc_workmodels.obj
 0001:0001ec90       ?integerValueChanged@OperationParamObject@@QAEXXZ 0041fc90 f   moc_workmodels.obj
 0001:0001ecb0       ?metaObject@AdministratorChecker@@UBEPBUQMetaObject@@XZ 0041fcb0 f   moc_workmodels.obj
 0001:0001ecd0       ?metaObject@ConfigFileConverter@@UBEPBUQMetaObject@@XZ 0041fcd0 f   moc_workmodels.obj
 0001:0001ecf0       ?metaObject@OperationParamObject@@UBEPBUQMetaObject@@XZ 0041fcf0 f   moc_workmodels.obj
 0001:0001ed10       ?metaObject@OperationParamSelector@@UBEPBUQMetaObject@@XZ 0041fd10 f   moc_workmodels.obj
 0001:0001ed30       ?metaObject@PlanController@@UBEPBUQMetaObject@@XZ 0041fd30 f   moc_workmodels.obj
 0001:0001ed50       ?metaObject@PlanSelector@@UBEPBUQMetaObject@@XZ 0041fd50 f   moc_workmodels.obj
 0001:0001ed70       ?metaObject@StatusViewWatcher@@UBEPBUQMetaObject@@XZ 0041fd70 f   moc_workmodels.obj
 0001:0001ed90       ?metaObject@TargetMachineObject@@UBEPBUQMetaObject@@XZ 0041fd90 f   moc_workmodels.obj
 0001:0001edb0       ?metaObject@WorkLocationManager@@UBEPBUQMetaObject@@XZ 0041fdb0 f   moc_workmodels.obj
 0001:0001edd0       ?nameChanged@OperationParamObject@@QAEXXZ 0041fdd0 f   moc_workmodels.obj
 0001:0001edf0       ?op_eq_impl@?$QList@PAVQObject@@@@ABE_NABV1@UArrayCompatibleLayout@QListData@@@Z 0041fdf0 f i moc_workmodels.obj
 0001:0001edf0       ?op_eq_impl@?$QList@H@@ABE_NABV1@UArrayCompatibleLayout@QListData@@@Z 0041fdf0 f i moc_workmodels.obj
 0001:0001ee60       ?op_eq_impl@?$QList@VQString@@@@ABE_NABV1@UArrayCompatibleLayout@QListData@@@Z 0041fe60 f i moc_workmodels.obj
 0001:0001eed0       ?operationListModel@PlanSelector@@QAE?AVQStringList@@XZ 0041fed0 f i moc_workmodels.obj
 0001:0001eef0       ?operationModel@OperationParamSelector@@QAE?AVQStringList@@XZ 0041fef0 f i moc_workmodels.obj
 0001:0001ef10       ?operationNameChanged@SingleOperationObject@@QAEXXZ 0041ff10 f   moc_workmodels.obj
 0001:0001ef30       ?pageNameChanged@OperationParamSelector@@QAEXXZ 0041ff30 f   moc_workmodels.obj
 0001:0001ef50       ?paramListModelChanged@PlanSelector@@QAEXXZ 0041ff50 f   moc_workmodels.obj
 0001:0001ef70       ?paramModelChanged@OperationParamSelector@@QAEXXZ 0041ff70 f   moc_workmodels.obj
 0001:0001ef90       ?planCheckStatusChanged@PlanSelector@@QAEXABVQJsonObject@@@Z 0041ff90 f   moc_workmodels.obj
 0001:0001efc0       ?qt_metacall@AdministratorChecker@@UAEHW4Call@QMetaObject@@HPAPAX@Z 0041ffc0 f   moc_workmodels.obj
 0001:0001f070       ?qt_metacall@ConfigFileConverter@@UAEHW4Call@QMetaObject@@HPAPAX@Z 00420070 f   moc_workmodels.obj
 0001:0001f0d0       ?qt_metacall@OperationParamObject@@UAEHW4Call@QMetaObject@@HPAPAX@Z 004200d0 f   moc_workmodels.obj
 0001:0001f170       ?qt_metacall@OperationParamSelector@@UAEHW4Call@QMetaObject@@HPAPAX@Z 00420170 f   moc_workmodels.obj
 0001:0001f220       ?qt_metacall@PlanController@@UAEHW4Call@QMetaObject@@HPAPAX@Z 00420220 f   moc_workmodels.obj
 0001:0001f280       ?qt_metacall@PlanSelector@@UAEHW4Call@QMetaObject@@HPAPAX@Z 00420280 f   moc_workmodels.obj
 0001:0001f330       ?qt_metacall@StatusViewWatcher@@UAEHW4Call@QMetaObject@@HPAPAX@Z 00420330 f   moc_workmodels.obj
 0001:0001f390       ?qt_metacall@TargetMachineObject@@UAEHW4Call@QMetaObject@@HPAPAX@Z 00420390 f   moc_workmodels.obj
 0001:0001f450       ?qt_metacall@WorkLocationManager@@UAEHW4Call@QMetaObject@@HPAPAX@Z 00420450 f   moc_workmodels.obj
 0001:0001f4b0       ?qt_metacast@AdministratorChecker@@UAEPAXPBD@Z 004204b0 f   moc_workmodels.obj
 0001:0001f510       ?qt_metacast@ConfigFileConverter@@UAEPAXPBD@Z 00420510 f   moc_workmodels.obj
 0001:0001f570       ?qt_metacast@OperationParamObject@@UAEPAXPBD@Z 00420570 f   moc_workmodels.obj
 0001:0001f610       ?qt_metacast@OperationParamSelector@@UAEPAXPBD@Z 00420610 f   moc_workmodels.obj
 0001:0001f670       ?qt_metacast@PlanController@@UAEPAXPBD@Z 00420670 f   moc_workmodels.obj
 0001:0001f6d0       ?qt_metacast@PlanSelector@@UAEPAXPBD@Z 004206d0 f   moc_workmodels.obj
 0001:0001f730       ?qt_metacast@StatusViewWatcher@@UAEPAXPBD@Z 00420730 f   moc_workmodels.obj
 0001:0001f790       ?qt_metacast@TargetMachineObject@@UAEPAXPBD@Z 00420790 f   moc_workmodels.obj
 0001:0001f830       ?qt_metacast@WorkLocationManager@@UAEPAXPBD@Z 00420830 f   moc_workmodels.obj
 0001:0001f890       ?qt_metatype_id@?$QMetaTypeId@V?$QList@H@@@@SAHXZ 00420890 f i moc_workmodels.obj
 0001:0001f9b0       ?qt_metatype_id@?$QMetaTypeId@V?$QList@PAVQObject@@@@@@SAHXZ 004209b0 f i moc_workmodels.obj
 0001:0001fa50       ?qt_metatype_id@?$QMetaTypeId@VQSequentialIterableImpl@QtMetaTypePrivate@@@@SAHXZ 00420a50 f i moc_workmodels.obj
 0001:0001fae0       ?qt_static_metacall@AdministratorChecker@@CAXPAVQObject@@W4Call@QMetaObject@@HPAPAX@Z 00420ae0 f   moc_workmodels.obj
 0001:0001fb60       ?qt_static_metacall@ConfigFileConverter@@CAXPAVQObject@@W4Call@QMetaObject@@HPAPAX@Z 00420b60 f   moc_workmodels.obj
 0001:0001fbe0       ?qt_static_metacall@OperationParamObject@@CAXPAVQObject@@W4Call@QMetaObject@@HPAPAX@Z 00420be0 f   moc_workmodels.obj
 0001:00020150       ?qt_static_metacall@OperationParamSelector@@CAXPAVQObject@@W4Call@QMetaObject@@HPAPAX@Z 00421150 f   moc_workmodels.obj
 0001:00020400       ?qt_static_metacall@PlanController@@CAXPAVQObject@@W4Call@QMetaObject@@HPAPAX@Z 00421400 f   moc_workmodels.obj
 0001:00020490       ?qt_static_metacall@PlanSelector@@CAXPAVQObject@@W4Call@QMetaObject@@HPAPAX@Z 00421490 f   moc_workmodels.obj
 0001:00020a60       ?qt_static_metacall@SingleOperationObject@@CAXPAVQObject@@W4Call@QMetaObject@@HPAPAX@Z 00421a60 f   moc_workmodels.obj
 0001:00020b10       ?qt_static_metacall@StatusViewWatcher@@CAXPAVQObject@@W4Call@QMetaObject@@HPAPAX@Z 00421b10 f   moc_workmodels.obj
 0001:00020bb0       ?qt_static_metacall@TargetMachineObject@@CAXPAVQObject@@W4Call@QMetaObject@@HPAPAX@Z 00421bb0 f   moc_workmodels.obj
 0001:00020d10       ?qt_static_metacall@WorkLocationManager@@CAXPAVQObject@@W4Call@QMetaObject@@HPAPAX@Z 00421d10 f   moc_workmodels.obj
 0001:00020e70       ?registerConverter@?$ValueTypeIsMetaType@V?$QList@H@@$00@QtPrivate@@SA_NH@Z 00421e70 f i moc_workmodels.obj
 0001:00020f00       ?registerConverter@?$ValueTypeIsMetaType@V?$QList@PAVQObject@@@@$00@QtPrivate@@SA_NH@Z 00421f00 f i moc_workmodels.obj
 0001:00020f90       ?revertSwitchChanged@OperationParamObject@@QAEXXZ 00421f90 f   moc_workmodels.obj
 0001:00020fb0       ?setBoolValue@OperationParamObject@@QAEX_N@Z 00421fb0 f i moc_workmodels.obj
 0001:00020fe0       ?setBottomValue@OperationParamObject@@QAEXH@Z 00421fe0 f i moc_workmodels.obj
 0001:00021010       ?setDisplay@OperationParamObject@@QAEXABVQString@@@Z 00422010 f i moc_workmodels.obj
 0001:00021050       ?setFactor@OperationParamObject@@QAEXH@Z 00422050 f i moc_workmodels.obj
 0001:00021080       ?setFloatValue@OperationParamObject@@QAEXN@Z 00422080 f i moc_workmodels.obj
 0001:000210c0       ?setIntListValue@OperationParamObject@@QAEXABV?$QList@H@@@Z 004220c0 f i moc_workmodels.obj
 0001:000211a0       ?setIntegerValue@OperationParamObject@@QAEXH@Z 004221a0 f i moc_workmodels.obj
 0001:000211d0       ?setName@OperationParamObject@@QAEXABVQString@@@Z 004221d0 f i moc_workmodels.obj
 0001:00021210       ?setOperationName@SingleOperationObject@@QAEXABVQString@@@Z 00422210 f i moc_workmodels.obj
 0001:00021250       ?setParamListModel@PlanSelector@@QAEXABV?$QList@PAVQObject@@@@@Z 00422250 f i moc_workmodels.obj
 0001:00021330       ?setParamModel@OperationParamSelector@@QAEXABV?$QList@PAVQObject@@@@@Z 00422330 f i moc_workmodels.obj
 0001:00021410       ?setRevertSwitch@OperationParamObject@@QAEX_N@Z 00422410 f i moc_workmodels.obj
 0001:00021440       ?setStringValue@OperationParamObject@@QAEXABVQString@@@Z 00422440 f i moc_workmodels.obj
 0001:00021480       ?setStringlistValue@OperationParamObject@@QAEXABVQStringList@@@Z 00422480 f i moc_workmodels.obj
 0001:00021500       ?setSwitchValue@OperationParamObject@@QAEXABVQString@@@Z 00422500 f i moc_workmodels.obj
[...]
 0002:00058ac0       __unwindtable$?qt_metatype_id@?$QMetaTypeIdQObject@PAVPlanController@@$07@@SAHXZ 00481ac0     main.obj
 0002:00058ac0       __unwindtable$?qt_metatype_id@?$QMetaTypeIdQObject@PAVPlanSelector@@$07@@SAHXZ 00481ac0     main.obj
 0002:00058ac0       __unwindtable$?qt_metatype_id@?$QMetaTypeIdQObject@PAVOperationParamSelector@@$07@@SAHXZ 00481ac0     main.obj
 0002:00058ac0       __unwindtable$?qt_metatype_id@?$QMetaTypeIdQObject@PAVWorkLocationManager@@$07@@SAHXZ 00481ac0     main.obj
 0002:00058ac8       __ehfuncinfo$?qt_metatype_id@?$QMetaTypeIdQObject@PAVOperationParamObject@@$07@@SAHXZ 00481ac8     main.obj
 0002:00058ac8       __ehfuncinfo$?qt_metatype_id@?$QMetaTypeIdQObject@PAVPlanController@@$07@@SAHXZ 00481ac8     main.obj
 0002:00058ac8       __ehfuncinfo$?qt_metatype_id@?$QMetaTypeIdQObject@PAVPlanSelector@@$07@@SAHXZ 00481ac8     main.obj
 0002:00058ac8       __ehfuncinfo$?qt_metatype_id@?$QMetaTypeIdQObject@PAVWorkLocationManager@@$07@@SAHXZ 00481ac8     main.obj
 0002:00058ac8       __ehfuncinfo$?qt_metatype_id@?$QMetaTypeIdQObject@PAVStatusViewWatcher@@$07@@SAHXZ 00481ac8     main.obj
 0002:00058ac8       __ehfuncinfo$?qt_metatype_id@?$QMetaTypeIdQObject@PAVTextFieldDoubleValidator@@$07@@SAHXZ 00481ac8     main.obj
 0002:00058ac8       __ehfuncinfo$?qt_metatype_id@?$QMetaTypeIdQObject@PAVOperationParamSelector@@$07@@SAHXZ 00481ac8     main.obj
 0002:00058b20       __catchsym$??0?$QList@H@@QAE@ABV0@@Z$7 00481b20     configfilehandler.obj
 0002:00058b20       __catchsym$??0?$QList@PAVQObject@@@@QAE@ABV0@@Z$7 00481b20     workmodels.obj
 0002:00058b30       __unwindtable$??0?$QList@H@@QAE@ABV0@@Z 00481b30     configfilehandler.obj
 0002:00058b30       __unwindtable$??0?$QList@PAVQObject@@@@QAE@ABV0@@Z 00481b30     workmodels.obj
 0002:00058b40       __tryblocktable$??0?$QList@PAVQObject@@@@QAE@ABV0@@Z 00481b40     workmodels.obj
 0002:00058b40       __tryblocktable$??0?$QList@H@@QAE@ABV0@@Z 00481b40     configfilehandler.obj
 0002:00058b54       __ehfuncinfo$??0?$QList@PAVQObject@@@@QAE@ABV0@@Z 00481b54     workmodels.obj
 0002:00058b54       __ehfuncinfo$??0?$QList@H@@QAE@ABV0@@Z 00481b54     configfilehandler.obj
 0002:00058b78       __catchsym$?append@?$QList@PAVQObject@@@@QAEXABQAVQObject@@@Z$9 00481b78     workmodels.obj
 0002:00058b78       __catchsym$?append@?$QList@H@@QAEXABH@Z$9 00481b78     configfilehandler.obj
 0002:00058b88       __tryblocktable$?append@?$QList@H@@QAEXABH@Z 00481b88     configfilehandler.obj
 0002:00058b88       __tryblocktable$?append@?$QList@PAVQObject@@@@QAEXABQAVQObject@@@Z 00481b88     workmodels.obj
 0002:00058b9c       __ehfuncinfo$?append@?$QList@H@@QAEXABH@Z 00481b9c     configfilehandler.obj
 0002:00058b9c       __ehfuncinfo$?append@?$QList@PAVQObject@@@@QAEXABQAVQObject@@@Z 00481b9c     workmodels.obj
 0002:00058bc0       __unwindtable$?append@?$QList@H@@QAEXABH@Z 00481bc0     configfilehandler.obj
 0002:00058bc0       __unwindtable$?append@?$QList@PAVQObject@@@@QAEXABQAVQObject@@@Z 00481bc0     workmodels.obj
 0002:00058bf0       __ehfuncinfo$?setSelectedOperation@OperationParamSelector@@QAEXH@Z 00481bf0     workmodels.obj
 0002:00058c14       __unwindtable$?setSelectedOperation@OperationParamSelector@@QAEXH@Z 00481c14     workmodels.obj
 0002:00058c7c       __unwindtable$?getSwitch@PlanSelector@@QAEPAVQObject@@ABVQString@@@Z 00481c7c     workmodels.obj
 0002:00058c7c       __unwindtable$?getSwitch@OperationParamSelector@@QAEPAVQObject@@ABVQString@@@Z 00481c7c     workmodels.obj
 0002:00058c94       __ehfuncinfo$?getSwitch@OperationParamSelector@@QAEPAVQObject@@ABVQString@@@Z 00481c94     workmodels.obj
 0002:00058c94       __ehfuncinfo$?getSwitch@PlanSelector@@QAEPAVQObject@@ABVQString@@@Z 00481c94     workmodels.obj
 0002:00058cb8       __ehfuncinfo$?onCompleteSingleOperation@OperationParamSelector@@QAEXXZ 00481cb8     workmodels.obj
 0002:00058cdc       __unwindtable$?onCompleteSingleOperation@OperationParamSelector@@QAEXXZ 00481cdc     workmodels.obj
 0002:00058d1c       __unwindtable$??0PlanSelector@@QAE@PAVQObject@@@Z 00481d1c     workmodels.obj
 0002:00058d3c       __ehfuncinfo$??0PlanSelector@@QAE@PAVQObject@@@Z 00481d3c     workmodels.obj
 0002:00058d60       __unwindtable$??1PlanSelector@@UAE@XZ 00481d60     workmodels.obj
 0002:00058d70       __ehfuncinfo$??1PlanSelector@@UAE@XZ 00481d70     workmodels.obj
 0002:00058d94       __ehfuncinfo$?setSelectedStep@PlanSelector@@QAEXHH@Z 00481d94     workmodels.obj
 0002:00058db8       __unwindtable$?setSelectedStep@PlanSelector@@QAEXHH@Z 00481db8     workmodels.obj
 0002:00058e20       __ehfuncinfo$?setSelectedOperation@PlanSelector@@QAEXHHH@Z 00481e20     workmodels.obj
 0002:00058e44       __unwindtable$?setSelectedOperation@PlanSelector@@QAEXHHH@Z 00481e44     workmodels.obj
 0002:00058ecc       __unwindtable$??0Communication@@QAE@PAVQObject@@@Z 00481ecc     communication.obj
 0002:00058ecc       __unwindtable$??0PlanController@@QAE@PAVQObject@@@Z 00481ecc     workmodels.obj
 0002:00058ecc       __unwindtable$??0configFileHandler@@QAE@PAVQObject@@@Z 00481ecc     configfilehandler.obj
 0002:00058ecc       __unwindtable$??0StatusViewWatcher@@QAE@PAVQObject@@@Z 00481ecc     workmodels.obj
 0002:00058ed4       __ehfuncinfo$??0StatusViewWatcher@@QAE@PAVQObject@@@Z 00481ed4     workmodels.obj
 0002:00058ed4       __ehfuncinfo$??0PlanController@@QAE@PAVQObject@@@Z 00481ed4     workmodels.obj
 0002:00058ed4       __ehfuncinfo$??0Communication@@QAE@PAVQObject@@@Z 00481ed4     communication.obj
 0002:00058ed4       __ehfuncinfo$??0configFileHandler@@QAE@PAVQObject@@@Z 00481ed4     configfilehandler.obj
 0002:00058ef8       __ehfuncinfo$??1?$QList@VSinglePlanData@@@@QAE@XZ 00481ef8     configfilehandler.obj
 0002:00058ef8       __ehfuncinfo$??1?$QMap@VQString@@VOperationParamData@@@@QAE@XZ 00481ef8     configfilehandler.obj
 0002:00058ef8       __ehfuncinfo$??1?$QMap@VQString@@H@@QAE@XZ 00481ef8     workflowChecker.obj
 0002:00058ef8       __ehfuncinfo$??1?$QList@VOperationParamData@@@@QAE@XZ 00481ef8     configfilehandler.obj
 0002:00058ef8       __ehfuncinfo$??1?$QList@VSingleOperationData@@@@QAE@XZ 00481ef8     configfilehandler.obj
 0002:00058ef8       __ehfuncinfo$??1?$QMap@VQString@@VQStringList@@@@QAE@XZ 00481ef8     configfilehandler.obj
 0002:00058ef8       __ehfuncinfo$??1PlanController@@UAE@XZ 00481ef8     workmodels.obj
 0002:00058ef8       __ehfuncinfo$??1?$QList@VQByteArray@@@@QAE@XZ 00481ef8     configfilehandler.obj
 0002:00058ef8       __ehfuncinfo$??1?$QMap@VQString@@V1@@@QAE@XZ 00481ef8     configfilehandler.obj
 0002:00058ef8       __ehfuncinfo$??1?$QList@H@@QAE@XZ 00481ef8     configfilehandler.obj
 0002:00058ef8       __ehfuncinfo$??9@YA_NABVQByteArray@@PBD@Z 00481ef8     configfilehandler.obj
 0002:00058ef8       __ehfuncinfo$??1StatusViewWatcher@@UAE@XZ 00481ef8     workmodels.obj
 0002:00058ef8       __ehfuncinfo$??1WorkflowController@@UAE@XZ 00481ef8     workflowprotocol.obj
 0002:00058ef8       __ehfuncinfo$??1?$QList@UloopControl@SubThreadWorker@@@@QAE@XZ 00481ef8     workflowprotocol.obj
 0002:00058ef8       __ehfuncinfo$??1?$QList@VQString@@@@QAE@XZ 00481ef8     workflowprotocol.obj
 0002:00058ef8       __ehfuncinfo$??1?$QList@PAVQObject@@@@QAE@XZ 00481ef8     main.obj
 0002:00058ef8       __ehfuncinfo$??1?$CComPtr@UINetFwMgr@@@ATL@@QAE@XZ 00481ef8     main.obj
 0002:00058ef8       __ehfuncinfo$??1WorkflowCheckerController@@UAE@XZ 00481ef8     workflowChecker.obj
 0002:00058ef8       __ehfuncinfo$??1?$CComPtr@UINetFwPolicy@@@ATL@@QAE@XZ 00481ef8     main.obj
 0002:00058ef8       __ehfuncinfo$??1?$CComPtr@UINetFwProfile@@@ATL@@QAE@XZ 00481ef8     main.obj
 0002:00058ef8       __ehfuncinfo$??1?$CComPtr@UINetFwAuthorizedApplications@@@ATL@@QAE@XZ 00481ef8     main.obj
 0002:00058ef8       __ehfuncinfo$??1?$CComPtr@UINetFwAuthorizedApplication@@@ATL@@QAE@XZ 00481ef8     main.obj
 0002:00058f1c       __unwindtable$??_GStatusViewWatcher@@UAEPAXI@Z 00481f1c     workmodels.obj
 0002:00058f24       __ehfuncinfo$??_GStatusViewWatcher@@UAEPAXI@Z 00481f24     workmodels.obj
 0002:00058f48       __unwindtable$?onMachineConfigChanged@TargetMachineObject@@QAE_NXZ 00481f48     workmodels.obj
 0002:00058f50       __ehfuncinfo$?onMachineConfigChanged@TargetMachineObject@@QAE_NXZ 00481f50     workmodels.obj
 0002:00058f74       __unwindtable$?importConfigFile@ConfigFileConverter@@QAE_NABVQUrl@@@Z 00481f74     workmodels.obj
 0002:00058f74       __unwindtable$?getConfigFullName@@YA?AVQString@@PBD@Z 00481f74     main.obj
 0002:00058f74       __unwindtable$?exportConfigFile@ConfigFileConverter@@QAE_NABVQUrl@@@Z 00481f74     workmodels.obj
 0002:00058f7c       __ehfuncinfo$?exportConfigFile@ConfigFileConverter@@QAE_NABVQUrl@@@Z 00481f7c     workmodels.obj
 0002:00058f7c       __ehfuncinfo$?getConfigFullName@@YA?AVQString@@PBD@Z 00481f7c     main.obj
 0002:00058f7c       __ehfuncinfo$?importConfigFile@ConfigFileConverter@@QAE_NABVQUrl@@@Z 00481f7c     workmodels.obj
 0002:00058fa0       __unwindtable$?readConfigFIle@ConfigFileConverter@@QAE?AVQString@@ABVQUrl@@@Z 00481fa0     workmodels.obj
 0002:00058fc0       __ehfuncinfo$?readConfigFIle@ConfigFileConverter@@QAE?AVQString@@ABVQUrl@@@Z 00481fc0     workmodels.obj
 0002:00058fe4       __ehfuncinfo$?doCheck@SubThreadCheckWorker@@QAEXABVQJsonObject@@@Z 00481fe4     workflowChecker.obj
 0002:00059008       __unwindtable$?doCheck@SubThreadCheckWorker@@QAEXABVQJsonObject@@@Z 00482008     workflowChecker.obj
 0002:00059110       __ehfuncinfo$?configChecker@SubThreadCheckWorker@@QAEXABVQJsonArray@@@Z 00482110     workflowChecker.obj
 0002:00059134       __unwindtable$?configChecker@SubThreadCheckWorker@@QAEXABVQJsonArray@@@Z 00482134     workflowChecker.obj
 0002:000591bc       __ehfuncinfo$?CheckBoardConstraint@SubThreadCheckWorker@@IAE_NABVQJsonObject@@@Z 004821bc     workflowChecker.obj
 0002:000591e0       __unwindtable$?CheckBoardConstraint@SubThreadCheckWorker@@IAE_NABVQJsonObject@@@Z 004821e0     workflowChecker.obj
 0002:00059290       __ehfuncinfo$?CheckParamConstraint@SubThreadCheckWorker@@IAE_NABVQJsonObject@@@Z 00482290     workflowChecker.obj
 0002:000592b4       __unwindtable$?CheckParamConstraint@SubThreadCheckWorker@@IAE_NABVQJsonObject@@@Z 004822b4     workflowChecker.obj
 0002:0005941c       __ehfuncinfo$?isFilteredCommand@SubThreadCheckWorker@@IAE_NABVQJsonObject@@@Z 0048241c     workflowChecker.obj
 0002:00059440       __unwindtable$?isFilteredCommand@SubThreadCheckWorker@@IAE_NABVQJsonObject@@@Z 00482440     workflowChecker.obj
 0002:000594e0       __ehfuncinfo$??0WorkflowCheckerController@@QAE@PAVQObject@@@Z 004824e0     workflowChecker.obj
 0002:00059504       __unwindtable$??0WorkflowCheckerController@@QAE@PAVQObject@@@Z 00482504     workflowChecker.obj
 0002:00059534       __unwindtable$?statusChanged@WorkflowController@@QAEXABVQJsonObject@@@Z 00482534     workflowprotocol.obj
 0002:00059534       __unwindtable$?statusChanged@WorkflowCheckerController@@QAEXABVQJsonObject@@@Z 00482534     workflowChecker.obj
 0002:00059544       __ehfuncinfo$?statusChanged@WorkflowCheckerController@@QAEXABVQJsonObject@@@Z 00482544     workflowChecker.obj
 0002:00059544       __ehfuncinfo$?statusChanged@WorkflowController@@QAEXABVQJsonObject@@@Z 00482544     workflowprotocol.obj
 0002:00059568       __unwindtable$?qt_metatype_id@?$QMetaTypeId@V?$QList@PAVQObject@@@@@@SAHXZ 00482568     moc_workmodels.obj
 0002:00059568       __unwindtable$?qt_metatype_id@?$QMetaTypeId@VQSequentialIterableImpl@QtMetaTypePrivate@@@@SAHXZ 00482568     moc_workmodels.obj
 0002:00059570       __ehfuncinfo$?qt_metatype_id@?$QMetaTypeId@V?$QList@PAVQObject@@@@@@SAHXZ 00482570     moc_workmodels.obj
 0002:00059570       __ehfuncinfo$?qt_metatype_id@?$QMetaTypeId@VQSequentialIterableImpl@QtMetaTypePrivate@@@@SAHXZ 00482570     moc_workmodels.obj
 0002:00059594       __unwindtable$?qt_static_metacall@OperationParamSelector@@CAXPAVQObject@@W4Call@QMetaObject@@HPAPAX@Z 00482594     moc_workmodels.obj
 0002:0005959c       __ehfuncinfo$?qt_static_metacall@OperationParamSelector@@CAXPAVQObject@@W4Call@QMetaObject@@HPAPAX@Z 0048259c     moc_workmodels.obj
 0002:000595c0       __unwindtable$?qt_static_metacall@PlanSelector@@CAXPAVQObject@@W4Call@QMetaObject@@HPAPAX@Z 004825c0     moc_workmodels.obj
 0002:000595e0       __ehfuncinfo$?qt_static_metacall@PlanSelector@@CAXPAVQObject@@W4Call@QMetaObject@@HPAPAX@Z 004825e0     moc_workmodels.obj
 0002:00059604       __unwindtable$?qt_static_metacall@WorkLocationManager@@CAXPAVQObject@@W4Call@QMetaObject@@HPAPAX@Z 00482604     moc_workmodels.obj
 0002:00059614       __ehfuncinfo$?qt_static_metacall@WorkLocationManager@@CAXPAVQObject@@W4Call@QMetaObject@@HPAPAX@Z 00482614     moc_workmodels.obj
 0002:00059638       __unwindtable$?Construct@?$QMetaTypeFunctionHelper@V?$QList@PAVQObject@@@@$00@QtMetaTypePrivate@@SAPAXPAXPBX@Z 00482638     moc_workmodels.obj
 0002:00059638       __unwindtable$?Construct@?$QMetaTypeFunctionHelper@V?$QList@H@@$00@QtMetaTypePrivate@@SAPAXPAXPBX@Z 00482638     moc_workmodels.obj
 0002:00059640       __ehfuncinfo$?Construct@?$QMetaTypeFunctionHelper@V?$QList@H@@$00@QtMetaTypePrivate@@SAPAXPAXPBX@Z 00482640     moc_workmodels.obj
 0002:00059640       __ehfuncinfo$?Construct@?$QMetaTypeFunctionHelper@V?$QList@PAVQObject@@@@$00@QtMetaTypePrivate@@SAPAXPAXPBX@Z 00482640     moc_workmodels.obj
 0002:00059664       __unwindtable$?qt_metatype_id@?$QMetaTypeId@V?$QList@H@@@@SAHXZ 00482664     moc_workmodels.obj
 0002:0005966c       __ehfuncinfo$?qt_metatype_id@?$QMetaTypeId@V?$QList@H@@@@SAHXZ 0048266c     moc_workmodels.obj
 0002:00059690       __unwindtable$?Destruct@?$QMetaTypeFunctionHelper@V?$QList@PAVQObject@@@@$00@QtMetaTypePrivate@@SAXPAX@Z 00482690     moc_workmodels.obj
 0002:00059690       __unwindtable$??__Fdummy@?A0x60b45615@@YAXXZ 00482690     qrc_qml.obj
 0002:00059690       __unwindtable$??__Ff@?4??registerConverter@?$ValueTypeIsMetaType@V?$QList@H@@$00@QtPrivate@@SA_NH@Z@YAXXZ 00482690     moc_workmodels.obj
 0002:00059690       __unwindtable$?Destruct@?$QMetaTypeFunctionHelper@V?$QList@H@@$00@QtMetaTypePrivate@@SAXPAX@Z 00482690     moc_workmodels.obj
 0002:00059690       __unwindtable$??__Ff@?4??registerConverter@?$ValueTypeIsMetaType@V?$QList@PAVQObject@@@@$00@QtPrivate@@SA_NH@Z@YAXXZ 00482690     moc_workmodels.obj
 0002:00059698       __ehfuncinfo$??__Ff@?4??registerConverter@?$ValueTypeIsMetaType@V?$QList@H@@$00@QtPrivate@@SA_NH@Z@YAXXZ 00482698     moc_workmodels.obj
 0002:00059698       __ehfuncinfo$?Destruct@?$QMetaTypeFunctionHelper@V?$QList@H@@$00@QtMetaTypePrivate@@SAXPAX@Z 00482698     moc_workmodels.obj
 0002:00059698       __ehfuncinfo$?Destruct@?$QMetaTypeFunctionHelper@V?$QList@PAVQObject@@@@$00@QtMetaTypePrivate@@SAXPAX@Z 00482698     moc_workmodels.obj
 0002:00059698       __ehfuncinfo$??__Fdummy@?A0x60b45615@@YAXXZ 00482698     qrc_qml.obj
 0002:00059698       __ehfuncinfo$??__Ff@?4??registerConverter@?$ValueTypeIsMetaType@V?$QList@PAVQObject@@@@$00@QtPrivate@@SA_NH@Z@YAXXZ 00482698     moc_workmodels.obj
 0002:000596c0       __sehtable$___scrt_is_nonwritable_in_current_image 004826c0     MSVCRT:utility.obj
 0002:000596e0       __sehtable$?__scrt_common_main_seh@@YAHXZ 004826e0     MSVCRT:exe_winmain.obj
 0002:00059ee4       .idata$6                   00482ee4     DbgHelp:dbghelp.dll
 0002:00059fe8       .idata$6                   00482fe8     Qt5Quick:Qt5Quick.dll
 0002:0005a340       .idata$6                   00483340     Qt5Gui:Qt5Gui.dll
 0002:0005a49c       .idata$6                   0048349c     Qt5Qml:Qt5Qml.dll
 0002:0005a65c       .idata$6                   0048365c     Qt5Network:Qt5Network.dll
 0002:0005cbfa       .idata$6                   00485bfa     Qt5Core:Qt5Core.dll
 0002:0005ce46       .idata$6                   00485e46     kernel32:KERNEL32.dll
 0002:0005ce8a       .idata$6                   00485e8a     ole32:ole32.dll
 0002:0005ce94       .idata$6                   00485e94     oleaut32:OLEAUT32.dll
 0002:0005cf78       .idata$6                   00485f78     vcruntime:VCRUNTIME140.dll
 0002:0005d17e       .idata$6                   0048617e     ucrt:api-ms-win-crt-runtime-l1-1-0.dll
 0002:0005d1a0       .idata$6                   004861a0     ucrt:api-ms-win-crt-heap-l1-1-0.dll
 0002:0005d1c0       .idata$6                   004861c0     ucrt:api-ms-win-crt-math-l1-1-0.dll
 0002:0005d1e0       .idata$6                   004861e0     ucrt:api-ms-win-crt-stdio-l1-1-0.dll
 0002:0005d200       .idata$6                   00486200     ucrt:api-ms-win-crt-locale-l1-1-0.dll
 0002:0005d238       .idata$6                   00486238     shell32:SHELL32.dll
 0003:000007c8       ?mapTable@?1??toChar@configFileHandler@@QAE?AVQChar@@E@Z@4QBV3@B 004877c8     configfilehandler.obj
 0003:000007e8       ?$TSS0@?1??toChar@configFileHandler@@QAE?AVQChar@@E@Z@4HA 004877e8     configfilehandler.obj
 0003:000007ec       ?mapTable@?1??fromChar@configFileHandler@@QAEEVQChar@@@Z@4QBV3@B 004877ec     configfilehandler.obj
 0003:0000080c       ?$TSS0@?1??fromChar@configFileHandler@@QAEEVQChar@@@Z@4HA 0048780c     configfilehandler.obj
 0003:00000868       ?_Tss_mutex@@3U_RTL_CRITICAL_SECTION@@A 00487868     MSVCRT:thread_safe_statics.obj
 0003:00000880       ?_Tss_cv@@3U_RTL_CONDITION_VARIABLE@@A 00487880     MSVCRT:thread_safe_statics.obj
 0003:00000884       ?_Tss_event@@3PAXA         00487884     MSVCRT:thread_safe_statics.obj
 0003:00000888       ?encoded_sleep_condition_variable_cs@@3P6GHPAU_RTL_CONDITION_VARIABLE@@PAU_RTL_CRITICAL_SECTION@@K@ZA 00487888     MSVCRT:thread_safe_statics.obj
 0003:0000088c       ?encoded_wake_all_condition_variable@@3P6GXPAU_RTL_CONDITION_VARIABLE@@@ZA 0048788c     MSVCRT:thread_safe_statics.obj
 0003:0000089c       ?module_local_atexit_table@@3U_onexit_table_t@@A 0048789c     MSVCRT:utility.obj
 0003:000008a8       ?module_local_at_quick_exit_table@@3U_onexit_table_t@@A 004878a8     MSVCRT:utility.obj
 0003:000008b4       ?is_initialized_as_dll@@3_NA 004878b4     MSVCRT:utility.obj
 0003:000008b8       _GS_ExceptionRecord        004878b8     MSVCRT:gs_report.obj
 0003:00000908       _GS_ContextRecord          00487908     MSVCRT:gs_report.obj
 0004:00000000       __guard_fids__             00488000     MSVCRT:std_type_info_static.obj
 0004:00000004       __guard_fids__             00488004     MSVCRT:thread_safe_statics.obj
 0004:00000008       __guard_fids_?__scrt_initialize_thread_safe_statics@@YAHXZ 00488008     MSVCRT:thread_safe_statics.obj
 0004:0000000c       __guard_fids__             0048800c     MSVCRT:exe_winmain.obj
 0004:00000010       __guard_fids__             00488010     MSVCRT:exe_winmain.obj
 0004:00000014       __guard_fids__             00488014     MSVCRT:exe_winmain.obj
 0004:00000018       __guard_fids_?pre_c_initialization@@YAHXZ 00488018     MSVCRT:exe_winmain.obj
 0004:00000020       __guard_fids__             00488020     MSVCRT:throw_bad_alloc.obj
 0004:00000028       __guard_fids__             00488028     MSVCRT:throw_bad_alloc.obj
 0004:00000030       __guard_fids__             00488030     MSVCRT:throw_bad_alloc.obj
 0004:00000038       __guard_fids__             00488038     MSVCRT:throw_bad_alloc.obj
 0004:0000003c       __guard_fids__             0048803c     MSVCRT:throw_bad_alloc.obj
 0004:00000040       __guard_fids__             00488040     MSVCRT:throw_bad_alloc.obj
 0004:00000044       __guard_fids__             00488044     MSVCRT:throw_bad_alloc.obj
 0004:00000048       __guard_fids__             00488048     MSVCRT:throw_bad_alloc.obj
 0004:0000004c       __guard_fids____scrt_set_unhandled_exception_filter 0048804c     MSVCRT:utility_desktop.obj
 0004:00000050       __guard_fids___except_handler4 00488050     MSVCRT:_chandler4gs_.obj
 0004:00000054       __guard_fids__             00488054     MSVCRT:guard_support.obj
 0006:00000060       $R000000                   0048a060     * linker generated manifest res *
