 MindGoTool_AllInOne

 Timestamp is 59970443 (Fri Aug 18 23:14:11 2017)

 Preferred load address is 00400000

 Start         Length     Name                   Class
 0001:00000000 00000130H .text$di                CODE
 0001:00000130 0001e690H .text$mn                CODE
 0001:0001e7c0 00003cc0H .text$x                 CODE
 0001:00022480 000000fdH .text$yd                CODE
 0002:00000000 0000057cH .idata$5                DATA
 0002:0000057c 00000004H .00cfg                  DATA
 0002:00000580 00000004H .CRT$XCA                DATA
 0002:00000584 00000004H .CRT$XCAA               DATA
 0002:00000588 00000044H .CRT$XCU                DATA
 0002:000005cc 00000004H .CRT$XCZ                DATA
 0002:000005d0 00000004H .CRT$XIA                DATA
 0002:000005d4 00000004H .CRT$XIAA               DATA
 0002:000005d8 00000004H .CRT$XIAC               DATA
 0002:000005dc 00000004H .CRT$XIC                DATA
 0002:000005e0 00000004H .CRT$XIZ                DATA
 0002:000005e4 00000004H .CRT$XLA                DATA
 0002:000005e8 00000004H .CRT$XLZ                DATA
 0002:000005ec 00000004H .CRT$XPA                DATA
 0002:000005f0 00000004H .CRT$XPZ                DATA
 0002:000005f4 00000004H .CRT$XTA                DATA
 0002:000005f8 00000008H .CRT$XTZ                DATA
 0002:00000600 0004f484H .rdata                  DATA
 0002:0004fa84 00000018H .rdata$T                DATA
 0002:0004fa9c 00000a84H .rdata$r                DATA
 0002:00050520 00000258H .rdata$sxdata           DATA
 0002:00050778 000003ccH .rdata$zzzdbg           DATA
 0002:00050b44 00000004H .rtc$IAA                DATA
 0002:00050b48 00000004H .rtc$IZZ                DATA
 0002:00050b4c 00000004H .rtc$TAA                DATA
 0002:00050b50 00000008H .rtc$TZZ                DATA
 0002:00050b58 000045d4H .xdata$x                DATA
 0002:0005512c 00000000H .edata                  DATA
 0002:0005512c 00000118H .idata$2                DATA
 0002:00055244 00000014H .idata$3                DATA
 0002:00055258 0000057cH .idata$4                DATA
 0002:000557d4 00002fdcH .idata$6                DATA
 0003:00000000 000001a8H .data                   DATA
 0003:000001a8 00000588H .data$r                 DATA
 0003:00000730 00000428H .bss                    DATA
 0004:00000000 00000004H .tls                    DATA
 0004:00000004 00000004H .tls$                   DATA
 0004:00000008 00000001H .tls$ZZZ                DATA
 0005:00000000 00000058H .gfids$y                DATA
 0006:00000000 00000060H .rsrc$01                DATA
 0006:00000060 00000290H .rsrc$02                DATA

  Address         Publics by Value              Rva+Base       Lib:Object

 0000:00000000       ___guard_iat_table         00000000     <absolute>
 0000:00000000       ___guard_longjmp_count     00000000     <absolute>
 0000:00000000       ___guard_longjmp_table     00000000     <absolute>
 0000:00000000       ___guard_fids_table        00000000     <absolute>
 0000:00000000       ___guard_iat_count         00000000     <absolute>
 0000:00000000       ___guard_fids_count        00000000     <absolute>
 0000:00000000       ___dynamic_value_reloc_table 00000000     <absolute>
 0000:0000002c       __tls_array                0000002c     <absolute>
 0000:00000096       ___safe_se_handler_count   00000096     <absolute>
 0000:00000100       ___guard_flags             00000100     <absolute>
 0000:00000000       ___ImageBase               00400000     <linker-defined>
 0001:00000130       ??0Communication@@QAE@XZ   00401130 f   communication.obj
 0001:00000150       ?connectToServer@Communication@@QAE_NABVQString@@G@Z 00401150 f   communication.obj
 0001:00000270       ?disconnect@Communication@@QAEXXZ 00401270 f   communication.obj
 0001:00000290       ?readData@Communication@@QAE?AVQByteArray@@H@Z 00401290 f   communication.obj
 0001:00000310       ?write@Communication@@QAE_JABVQByteArray@@@Z 00401310 f   communication.obj
 0001:00000360       ??$connect@P8QThread@@AEXUQPrivateSignal@1@@ZP8QObject@@AEXXZ@QObject@@SA?AVConnection@QMetaObject@@PBVQThread@@P83@AEXUQPrivateSignal@3@@ZPBV0@P80@AEXXZW4ConnectionType@Qt@@@Z 00401360 f i workflowprotocol.obj
 0001:000003c0       ??$connect@P8SubThreadWorker@@AEXABVQJsonObject@@@ZP8WorkflowController@@AEX0@Z@QObject@@SA?AVConnection@QMetaObject@@PBVSubThreadWorker@@P83@AEXABVQJsonObject@@@ZPBVWorkflowController@@P85@AEX1@ZW4ConnectionType@Qt@@@Z 004013c0 f i workflowprotocol.obj
 0001:00000430       ??$connect@P8SubThreadWorker@@AEXABVQString@@H@ZP8WorkflowController@@AEX0H@Z@QObject@@SA?AVConnection@QMetaObject@@PBVSubThreadWorker@@P83@AEXABVQString@@H@ZPBVWorkflowController@@P85@AEX1H@ZW4ConnectionType@Qt@@@Z 00401430 f i workflowprotocol.obj
 0001:000004a0       ??$connect@P8WorkflowController@@AEXABVQJsonObject@@@ZP8SubThreadWorker@@AEX0@Z@QObject@@SA?AVConnection@QMetaObject@@PBVWorkflowController@@P83@AEXABVQJsonObject@@@ZPBVSubThreadWorker@@P85@AEX1@ZW4ConnectionType@Qt@@@Z 004014a0 f i workflowprotocol.obj
 0001:00000510       ??$connect@P8WorkflowController@@AEXABVQString@@@ZP8SubThreadWorker@@AEX0@Z@QObject@@SA?AVConnection@QMetaObject@@PBVWorkflowController@@P83@AEXABVQString@@@ZPBVSubThreadWorker@@P85@AEX1@ZW4ConnectionType@Qt@@@Z 00401510 f i workflowprotocol.obj
 0001:00000580       ??$connect@P8WorkflowController@@AEXABVQString@@G@ZP8SubThreadWorker@@AEX0G@Z@QObject@@SA?AVConnection@QMetaObject@@PBVWorkflowController@@P83@AEXABVQString@@G@ZPBVSubThreadWorker@@P85@AEX1G@ZW4ConnectionType@Qt@@@Z 00401580 f i workflowprotocol.obj
 0001:000005f0       ??$connect@P8WorkflowController@@AEXXZP8SubThreadWorker@@AEXXZ@QObject@@SA?AVConnection@QMetaObject@@PBVWorkflowController@@P83@AEXXZPBVSubThreadWorker@@P84@AEXXZW4ConnectionType@Qt@@@Z 004015f0 f i workflowprotocol.obj
 0001:00000650       ??$formatWord@E@WorkflowProtocol@@IAE?AVQByteArray@@E@Z 00401650 f i workflowprotocol.obj
 0001:00000680       ??$formatWord@G@WorkflowProtocol@@IAE?AVQByteArray@@G@Z 00401680 f i workflowprotocol.obj
 0001:000006b0       ??0?$QList@VQString@@@@QAE@ABV0@@Z 004016b0 f i workflowprotocol.obj
 0001:00000760       ??0WorkflowController@@QAE@PAVQObject@@@Z 00401760 f   workflowprotocol.obj
 0001:000009a0       ??1?$QList@VQString@@@@QAE@XZ 004019a0 f i workflowprotocol.obj
 0001:00000a30       ??1Communication@@QAE@XZ   00401a30 f i workflowprotocol.obj
 0001:00000a40       ??1SubThreadWorker@@UAE@XZ 00401a40 f   workflowprotocol.obj
 0001:00000af0       ??1WorkflowController@@UAE@XZ 00401af0 f   workflowprotocol.obj
 0001:00000b60       ??4?$QList@UloopControl@SubThreadWorker@@@@QAEAAV0@$$QAV0@@Z 00401b60 f i workflowprotocol.obj
 0001:00000c10       ??_GRunningStateChangeEvent@@UAEPAXI@Z 00401c10 f i workflowprotocol.obj
 0001:00000c10       ??_ERunningStateChangeEvent@@UAEPAXI@Z 00401c10 f i workflowprotocol.obj
 0001:00000c40       ??_GSubThreadWorker@@UAEPAXI@Z 00401c40 f i workflowprotocol.obj
 0001:00000c40       ??_ESubThreadWorker@@UAEPAXI@Z 00401c40 f i workflowprotocol.obj
 0001:00000c60       ??_GWorkflowController@@UAEPAXI@Z 00401c60 f i workflowprotocol.obj
 0001:00000c60       ??_EWorkflowController@@UAEPAXI@Z 00401c60 f i workflowprotocol.obj
 0001:00000cf0       ?append@?$QList@UloopControl@SubThreadWorker@@@@QAEXABUloopControl@SubThreadWorker@@@Z 00401cf0 f i workflowprotocol.obj
 0001:00000da0       ?append@?$QList@VQString@@@@QAEXABVQString@@@Z 00401da0 f i workflowprotocol.obj
 0001:00000e50       ?changeHost@SubThreadWorker@@QAEXABVQString@@G@Z 00401e50 f   workflowprotocol.obj
 0001:00000e70       ?clear@?$QList@UloopControl@SubThreadWorker@@@@QAEXXZ 00401e70 f i workflowprotocol.obj
 0001:00000f10       ?configProtocol@SubThreadWorker@@QAEXABVQString@@@Z 00401f10 f   workflowprotocol.obj
 0001:00000f20       ?dealloc@?$QList@UloopControl@SubThreadWorker@@@@AAEXPAUData@QListData@@@Z 00401f20 f i workflowprotocol.obj
 0001:00000f70       ?detach_helper@?$QList@UloopControl@SubThreadWorker@@@@AAEXH@Z 00401f70 f i workflowprotocol.obj
 0001:00001040       ?detach_helper_grow@?$QList@UloopControl@SubThreadWorker@@@@AAEPAUNode@1@HH@Z 00402040 f i workflowprotocol.obj
 0001:00001190       ?detach_helper_grow@?$QList@VQString@@@@AAEPAUNode@1@HH@Z 00402190 f i workflowprotocol.obj
 0001:00001310       ?doTunning@SubThreadWorker@@QAEXABVQJsonObject@@@Z 00402310 f   workflowprotocol.obj
 0001:00001450       ?doWork@SubThreadWorker@@QAEXABVQJsonObject@@@Z 00402450 f   workflowprotocol.obj
 0001:000017d0       ?erase@?$QList@UloopControl@SubThreadWorker@@@@QAE?AViterator@1@V21@@Z 004027d0 f i workflowprotocol.obj
 0001:00001850       ?formatRecvFrameToJsonObject@WorkflowProtocol@@QAE_NAAVQJsonObject@@@Z 00402850 f   workflowprotocol.obj
 0001:000018f0       ?handleControlCommand@SubThreadWorker@@IAE_NAAVCommunication@@AAVQJsonObject@@@Z 004028f0 f   workflowprotocol.obj
 0001:000023a0       ?handleLogicalCommand@SubThreadWorker@@IAE_NAAVQJsonObject@@AAH@Z 004033a0 f   workflowprotocol.obj
 0001:00002c60       ?handleLoopCommand@SubThreadWorker@@IAE_NAAVQJsonObject@@AAH@Z 00403c60 f   workflowprotocol.obj
 0001:000033f0       ?impl@?$QSlotObject@P8SubThreadCheckWorker@@AEXXZU?$List@$$V@QtPrivate@@X@QtPrivate@@CAXHPAVQSlotObjectBase@2@PAVQObject@@PAPAXPA_N@Z 004043f0 f i workflowChecker.obj
 0001:000033f0       ?impl@?$QSlotObject@P8SubThreadWorker@@AEXXZU?$List@$$V@QtPrivate@@X@QtPrivate@@CAXHPAVQSlotObjectBase@2@PAVQObject@@PAPAXPA_N@Z 004043f0 f i workflowprotocol.obj
 0001:000033f0       ?impl@?$QSlotObject@P8QObject@@AEXXZU?$List@$$V@QtPrivate@@X@QtPrivate@@CAXHPAVQSlotObjectBase@2@PAVQObject@@PAPAXPA_N@Z 004043f0 f i workflowprotocol.obj
 0001:000033f0       ?impl@?$QSlotObject@P8StatusViewWatcher@@AEXXZU?$List@$$V@QtPrivate@@X@QtPrivate@@CAXHPAVQSlotObjectBase@2@PAVQObject@@PAPAXPA_N@Z 004043f0 f i workmodels.obj
 0001:00003440       ?impl@?$QSlotObject@P8SubThreadWorker@@AEXABVQString@@@ZU?$List@ABVQString@@@QtPrivate@@X@QtPrivate@@CAXHPAVQSlotObjectBase@2@PAVQObject@@PAPAXPA_N@Z 00404440 f i workflowprotocol.obj
 0001:00003440       ?impl@?$QSlotObject@P8WorkflowController@@AEXABVQJsonObject@@@ZU?$List@ABVQJsonObject@@@QtPrivate@@X@QtPrivate@@CAXHPAVQSlotObjectBase@2@PAVQObject@@PAPAXPA_N@Z 00404440 f i workflowprotocol.obj
 0001:00003440       ?impl@?$QSlotObject@P8SubThreadCheckWorker@@AEXABVQJsonObject@@@ZU?$List@ABVQJsonObject@@@QtPrivate@@X@QtPrivate@@CAXHPAVQSlotObjectBase@2@PAVQObject@@PAPAXPA_N@Z 00404440 f i workflowChecker.obj
 0001:00003440       ?impl@?$QSlotObject@P8SubThreadWorker@@AEXABVQJsonObject@@@ZU?$List@ABVQJsonObject@@@QtPrivate@@X@QtPrivate@@CAXHPAVQSlotObjectBase@2@PAVQObject@@PAPAXPA_N@Z 00404440 f i workflowprotocol.obj
 0001:00003440       ?impl@?$QSlotObject@P8SubThreadCheckWorker@@AEXABVQJsonArray@@@ZU?$List@ABVQJsonArray@@@QtPrivate@@X@QtPrivate@@CAXHPAVQSlotObjectBase@2@PAVQObject@@PAPAXPA_N@Z 00404440 f i workflowChecker.obj
 0001:00003440       ?impl@?$QSlotObject@P8WorkflowCheckerController@@AEXABVQJsonObject@@@ZU?$List@ABVQJsonObject@@@QtPrivate@@X@QtPrivate@@CAXHPAVQSlotObjectBase@2@PAVQObject@@PAPAXPA_N@Z 00404440 f i workflowChecker.obj
 0001:000034a0       ?impl@?$QSlotObject@P8SubThreadWorker@@AEXABVQString@@G@ZU?$List@ABVQString@@G@QtPrivate@@X@QtPrivate@@CAXHPAVQSlotObjectBase@2@PAVQObject@@PAPAXPA_N@Z 004044a0 f i workflowprotocol.obj
 0001:00003500       ?impl@?$QSlotObject@P8WorkflowController@@AEXABVQString@@H@ZU?$List@ABVQString@@H@QtPrivate@@X@QtPrivate@@CAXHPAVQSlotObjectBase@2@PAVQObject@@PAPAXPA_N@Z 00404500 f i workflowprotocol.obj
 0001:00003560       ?init@WorkflowController@@QAEXABVQString@@@Z 00404560 f   workflowprotocol.obj
 0001:00003570       ?initProtocol@WorkflowProtocol@@QAE_NABVQString@@@Z 00404570 f   workflowprotocol.obj
 0001:000036c0       ?isLogicalCommand@SubThreadWorker@@IAE_NABVQString@@@Z 004046c0 f   workflowprotocol.obj
 0001:000038e0       ?isLoopCommand@SubThreadWorker@@IAE_NABVQString@@@Z 004048e0 f   workflowprotocol.obj
 0001:00003b30       ?node_copy@?$QList@UloopControl@SubThreadWorker@@@@AAEXPAUNode@1@00@Z 00404b30 f i workflowprotocol.obj
 0001:00003bd0       ?node_copy@?$QList@VQString@@@@AAEXPAUNode@1@00@Z 00404bd0 f i workflowprotocol.obj
 0001:00003c10       ?node_destruct@?$QList@UloopControl@SubThreadWorker@@@@AAEXPAUNode@1@0@Z 00404c10 f i workflowprotocol.obj
 0001:00003c40       ?node_destruct@?$QList@VQString@@@@AAEXPAUNode@1@0@Z 00404c40 f i workflowprotocol.obj
 0001:00003c70       ?parseAckFrame@WorkflowProtocol@@QAE_NABVQByteArray@@AAVQJsonObject@@@Z 00404c70 f   workflowprotocol.obj
 0001:00003d50       ?parseJsonObjectToSendFrame@WorkflowProtocol@@QAE_NABVQJsonObject@@AAV2@@Z 00404d50 f   workflowprotocol.obj
 0001:00004420       ?pauseCurrentTask@WorkflowController@@QAEXXZ 00405420 f   workflowprotocol.obj
 0001:00004440       ?pauseTask@SubThreadWorker@@QAEXXZ 00405440 f   workflowprotocol.obj
 0001:00004450       ?pop_back@?$QList@UloopControl@SubThreadWorker@@@@QAEXXZ 00405450 f i workflowprotocol.obj
 0001:00004490       ?runTask@WorkflowController@@QAEXABVQJsonObject@@@Z 00405490 f   workflowprotocol.obj
 0001:000044e0       ?runTunning@WorkflowController@@QAEXABVQJsonObject@@@Z 004054e0 f   workflowprotocol.obj
 0001:00004530       ?serializeSendFrame@WorkflowProtocol@@QAE?AVQByteArray@@XZ 00405530 f   workflowprotocol.obj
 0001:00004690       ?sethost@WorkflowController@@QAEXABVQString@@G@Z 00405690 f   workflowprotocol.obj
 0001:000046a0       ?statusChanged@WorkflowController@@QAEXABVQJsonObject@@@Z 004056a0 f   workflowprotocol.obj
 0001:00004740       ?stopCurrentTask@WorkflowController@@QAEXXZ 00405740 f   workflowprotocol.obj
 0001:00004770       ?stopTask@SubThreadWorker@@QAEXXZ 00405770 f   workflowprotocol.obj
 0001:00004780       ?taskStateChanged@WorkflowController@@QAEXABVQString@@H@Z 00405780 f   workflowprotocol.obj
 0001:00004830       ?types@?$ConnectionTypes@U?$List@ABVQJsonObject@@@QtPrivate@@$00@QtPrivate@@SAPBHXZ 00405830 f i workflowprotocol.obj
 0001:00004890       ?types@?$ConnectionTypes@U?$List@ABVQString@@@QtPrivate@@$00@QtPrivate@@SAPBHXZ 00405890 f i workflowprotocol.obj
 0001:000048f0       ?types@?$ConnectionTypes@U?$List@ABVQString@@G@QtPrivate@@$00@QtPrivate@@SAPBHXZ 004058f0 f i workflowprotocol.obj
 0001:00004960       ?types@?$ConnectionTypes@U?$List@ABVQString@@H@QtPrivate@@$00@QtPrivate@@SAPBHXZ 00405960 f i workflowprotocol.obj
 0001:000049d0       ?unserializeRecvFrame@WorkflowProtocol@@QAEXABVQByteArray@@@Z 004059d0 f   workflowprotocol.obj
 0001:00004b10       ?updateStopState@SubThreadWorker@@QAEXXZ 00405b10 f   workflowprotocol.obj
 0001:00004b50       ??0?$QList@PAVQObject@@@@QAE@ABV0@@Z 00405b50 f i workmodels.obj
 0001:00004b50       ??0?$QList@H@@QAE@ABV0@@Z  00405b50 f i configfilehandler.obj
 0001:00004c00       ??0?$QList@VOperationParamData@@@@QAE@ABV0@@Z 00405c00 f i configfilehandler.obj
 0001:00004cb0       ??0?$QList@VSingleOperationData@@@@QAE@ABV0@@Z 00405cb0 f i configfilehandler.obj
 0001:00004d60       ??0OperationParamData@@QAE@ABV0@@Z 00405d60 f i configfilehandler.obj
 0001:00004ed0       ??0OperationParamData@@QAE@ABVQString@@00ABVQStringList@@_NHH0V?$QList@H@@00HH2@Z 00405ed0 f i configfilehandler.obj
 0001:00005070       ??0OperationParamData@@QAE@XZ 00406070 f i configfilehandler.obj
 0001:000050e0       ??0SingleOperationData@@QAE@ABV0@@Z 004060e0 f i configfilehandler.obj
 0001:00005150       ??0configFileHandler@@QAE@PAVQObject@@@Z 00406150 f   configfilehandler.obj
 0001:000051b0       ??1?$QForeachContainer@V?$QList@VOperationParamData@@@@@@QAE@XZ 004061b0 f i configfilehandler.obj
 0001:000051b0       ??1?$QForeachContainer@$$CBV?$QList@VOperationParamData@@@@@@QAE@XZ 004061b0 f i environmentvariant.obj
 0001:00005210       ??1?$QList@PAVQObject@@@@QAE@XZ 00406210 f i main.obj
 0001:00005210       ??1?$QList@H@@QAE@XZ       00406210 f i configfilehandler.obj
 0001:00005270       ??1?$QList@VOperationParamData@@@@QAE@XZ 00406270 f i configfilehandler.obj
 0001:000052d0       ??1?$QList@VQByteArray@@@@QAE@XZ 004062d0 f i configfilehandler.obj
 0001:00005360       ??1?$QList@VSingleOperationData@@@@QAE@XZ 00406360 f i configfilehandler.obj
 0001:000053e0       ??1?$QList@VSinglePlanData@@@@QAE@XZ 004063e0 f i configfilehandler.obj
 0001:00005460       ??1?$QMap@VQString@@V1@@@QAE@XZ 00406460 f i configfilehandler.obj
 0001:000054e0       ??1?$QMap@VQString@@VOperationParamData@@@@QAE@XZ 004064e0 f i configfilehandler.obj
 0001:00005580       ??1?$QMap@VQString@@VQStringList@@@@QAE@XZ 00406580 f i configfilehandler.obj
 0001:00005620       ??1OperationParamData@@QAE@XZ 00406620 f i configfilehandler.obj
 0001:000056d0       ??1QJsonValuePtr@@QAE@XZ   004066d0 f i configfilehandler.obj
 0001:000056e0       ??1SingleOperationData@@QAE@XZ 004066e0 f i configfilehandler.obj
 0001:00005750       ??1SinglePlanData@@QAE@XZ  00406750 f i configfilehandler.obj
 0001:000057e0       ??1configFileHandler@@UAE@XZ 004067e0 f i configfilehandler.obj
 0001:00005800       ??4?$QList@VSinglePlanData@@@@QAEAAV0@$$QAV0@@Z 00406800 f i configfilehandler.obj
 0001:000058a0       ??4OperationParamData@@QAEAAV0@ABV0@@Z 004068a0 f i configfilehandler.obj
 0001:000059c0       ??4QStringList@@QAEAAV0@ABV0@@Z 004069c0 f i configfilehandler.obj
 0001:00005a00       ??A?$QList@VQString@@@@QAEAAVQString@@H@Z 00406a00 f i configfilehandler.obj
 0001:00005a30       ??A?$QMap@VQString@@V1@@@QAEAAVQString@@ABV1@@Z 00406a30 f i configfilehandler.obj
 0001:00005af0       ??A?$QMap@VQString@@VOperationParamData@@@@QAEAAVOperationParamData@@ABVQString@@@Z 00406af0 f i configfilehandler.obj
 0001:00005bb0       ??A?$QMap@VQString@@VOperationParamData@@@@QBE?BVOperationParamData@@ABVQString@@@Z 00406bb0 f i configfilehandler.obj
 0001:00005c70       ??A?$QMap@VQString@@VQStringList@@@@QAEAAVQStringList@@ABVQString@@@Z 00406c70 f i configfilehandler.obj
 0001:00005d30       ??Cconst_iterator@QJsonArray@@QBE?AVQJsonValuePtr@@XZ 00406d30 f i configfilehandler.obj
 0001:00005da0       ??H@YA?BVQString@@ABV0@D@Z 00406da0 f i configfilehandler.obj
 0001:00005e20       ??H@YA?BVQString@@ABV0@PBD@Z 00406e20 f i configfilehandler.obj
 0001:00005eb0       ??H@YA?BVQString@@PBDABV0@@Z 00406eb0 f i configfilehandler.obj
 0001:00005f20       ??_GSingleOperationData@@QAEPAXI@Z 00406f20 f i configfilehandler.obj
 0001:00005fa0       ??_GSinglePlanData@@QAEPAXI@Z 00406fa0 f i configfilehandler.obj
 0001:00006040       ??_EconfigFileHandler@@UAEPAXI@Z 00407040 f i configfilehandler.obj
 0001:00006040       ??_GconfigFileHandler@@UAEPAXI@Z 00407040 f i configfilehandler.obj
 0001:00006070       ?ConvertCSVtoJSON@configFileHandler@@QAE_NABVQString@@0@Z 00407070 f   configfilehandler.obj
 0001:00006260       ?ConvertJSONtoCSV@configFileHandler@@QAE_NABVQString@@0@Z 00407260 f   configfilehandler.obj
 0001:00006550       ?GetLicense@configFileHandler@@QAE?AVQString@@XZ 00407550 f   configfilehandler.obj
 0001:000065e0       ?ImportConfig@configFileHandler@@QAE_NAAVQJsonObject@@ABVQByteArray@@@Z 004075e0 f   configfilehandler.obj
 0001:00006720       ?ImportPlan@configFileHandler@@QAE_NABV?$QList@VQByteArray@@@@AAVQJsonObject@@@Z 00407720 f   configfilehandler.obj
 0001:00007030       ?ImportWorkSpace@configFileHandler@@QAE_NABV?$QList@VQByteArray@@@@AAVQJsonObject@@@Z 00408030 f   configfilehandler.obj
 0001:00007990       ?ParseHostIP@configFileHandler@@QAE?AVQString@@XZ 00408990 f   configfilehandler.obj
 0001:00007a60       ?ParseHostPort@configFileHandler@@QAEFXZ 00408a60 f   configfilehandler.obj
 0001:00007b40       ?ParseHostSingleOperationThreshold@configFileHandler@@QAEHXZ 00408b40 f   configfilehandler.obj
 0001:00007c20       ?ParseListMap@configFileHandler@@QAE?AV?$QMap@VQString@@VQStringList@@@@ABVQString@@@Z 00408c20 f   configfilehandler.obj
 0001:00007ec0       ?ParseMap@configFileHandler@@QAE?AV?$QMap@VQString@@V1@@@ABVQString@@@Z 00408ec0 f   configfilehandler.obj
 0001:00008010       ?ParseMapRevertKeyValue@configFileHandler@@QAE?AV?$QMap@VQString@@V1@@@ABVQString@@@Z 00409010 f   configfilehandler.obj
 0001:00008170       ?ParseParamValue@configFileHandler@@QAE?AV?$QMap@VQString@@VOperationParamData@@@@ABVQString@@@Z 00409170 f   configfilehandler.obj
 0001:00009370       ?ParsePlan@configFileHandler@@QAE?AVQString@@ABVQJsonArray@@@Z 0040a370 f   configfilehandler.obj
 0001:00009a30       ?ParsePlanList@configFileHandler@@QAEXAAV?$QList@VSinglePlanData@@@@ABV?$QMap@VQString@@VOperationParamData@@@@@Z 0040aa30 f   configfilehandler.obj
 0001:0000a540       ?ParseWorkPlaceConstraint@configFileHandler@@QAE?AVQJsonArray@@XZ 0040b540 f   configfilehandler.obj
 0001:0000a5d0       ?ParseWorkSpace@configFileHandler@@QAE?AVQString@@ABVQJsonObject@@@Z 0040b5d0 f   configfilehandler.obj
 0001:0000abb0       ?ParseWorkSpaceTypeList@configFileHandler@@QAEXAAVQJsonObject@@@Z 0040bbb0 f   configfilehandler.obj
 0001:0000ac50       ?SaveMachineConfig@configFileHandler@@QAE_NABVQString@@ABVMachineConfigData@@ABVQJsonObject@@@Z 0040bc50 f   configfilehandler.obj
 0001:0000b020       ?SavePlanList@configFileHandler@@QAE_NABVQString@@ABV?$QList@VSinglePlanData@@@@ABV?$QMap@VQString@@VQStringList@@@@@Z 0040c020 f   configfilehandler.obj
 0001:0000b8f0       ?append@?$QList@VOperationParamData@@@@QAEXABVOperationParamData@@@Z 0040c8f0 f i configfilehandler.obj
 0001:0000b9b0       ?append@?$QList@VSingleOperationData@@@@QAEXABVSingleOperationData@@@Z 0040c9b0 f i configfilehandler.obj
 0001:0000ba90       ?append@?$QList@VSinglePlanData@@@@QAEXABVSinglePlanData@@@Z 0040ca90 f i configfilehandler.obj
 0001:0000bb70       ?clear@?$QList@VSinglePlanData@@@@QAEXXZ 0040cb70 f i configfilehandler.obj
 0001:0000bc00       ?copy@?$QMapNode@VQString@@V1@@@QBEPAU1@PAU?$QMapData@VQString@@V1@@@@Z 0040cc00 f i configfilehandler.obj
 0001:0000bc80       ?copy@?$QMapNode@VQString@@VOperationParamData@@@@QBEPAU1@PAU?$QMapData@VQString@@VOperationParamData@@@@@Z 0040cc80 f i configfilehandler.obj
 0001:0000bd00       ?copy@?$QMapNode@VQString@@VQStringList@@@@QBEPAU1@PAU?$QMapData@VQString@@VQStringList@@@@@Z 0040cd00 f i configfilehandler.obj
 0001:0000bd80       ?createNode@?$QMapData@VQString@@V1@@@QAEPAU?$QMapNode@VQString@@V1@@@ABVQString@@0PAU2@_N@Z 0040cd80 f i configfilehandler.obj
 0001:0000bdc0       ?createNode@?$QMapData@VQString@@VOperationParamData@@@@QAEPAU?$QMapNode@VQString@@VOperationParamData@@@@ABVQString@@ABVOperationParamData@@PAU2@_N@Z 0040cdc0 f i configfilehandler.obj
 0001:0000be80       ?createNode@?$QMapData@VQString@@VQStringList@@@@QAEPAU?$QMapNode@VQString@@VQStringList@@@@ABVQString@@ABVQStringList@@PAU2@_N@Z 0040ce80 f i configfilehandler.obj
 0001:0000bf40       ?dealloc@?$QList@VOperationParamData@@@@AAEXPAUData@QListData@@@Z 0040cf40 f i configfilehandler.obj
 0001:0000bfa0       ?destroySubTree@?$QMapNode@VQString@@V1@@@QAEXXZ 0040cfa0 f i configfilehandler.obj
 0001:0000bfd0       ?destroySubTree@?$QMapNode@VQString@@VOperationParamData@@@@QAEXXZ 0040cfd0 f i configfilehandler.obj
 0001:0000c000       ?destroySubTree@?$QMapNode@VQString@@VQStringList@@@@QAEXXZ 0040d000 f i configfilehandler.obj
 0001:0000c030       ?detach_helper@?$QList@VQByteArray@@@@AAEXH@Z 0040d030 f i configfilehandler.obj
 0001:0000c120       ?detach_helper@?$QList@VQString@@@@AAEXH@Z 0040d120 f i configfilehandler.obj
 0001:0000c210       ?detach_helper@?$QMap@VQString@@V1@@@AAEXXZ 0040d210 f i configfilehandler.obj
 0001:0000c290       ?detach_helper@?$QMap@VQString@@VOperationParamData@@@@AAEXXZ 0040d290 f i configfilehandler.obj
 0001:0000c330       ?detach_helper@?$QMap@VQString@@VQStringList@@@@AAEXXZ 0040d330 f i configfilehandler.obj
 0001:0000c3d0       ?detach_helper_grow@?$QList@VOperationParamData@@@@AAEPAUNode@1@HH@Z 0040d3d0 f i configfilehandler.obj
 0001:0000c520       ?detach_helper_grow@?$QList@VSingleOperationData@@@@AAEPAUNode@1@HH@Z 0040d520 f i configfilehandler.obj
 0001:0000c690       ?detach_helper_grow@?$QList@VSinglePlanData@@@@AAEPAUNode@1@HH@Z 0040d690 f i configfilehandler.obj
 0001:0000c800       ?insert@?$QMap@VQString@@V1@@@QAE?AViterator@1@ABVQString@@0@Z 0040d800 f i configfilehandler.obj
 0001:0000c8d0       ?insert@?$QMap@VQString@@VOperationParamData@@@@QAE?AViterator@1@ABVQString@@ABVOperationParamData@@@Z 0040d8d0 f i configfilehandler.obj
 0001:0000c9a0       ?insert@?$QMap@VQString@@VQStringList@@@@QAE?AViterator@1@ABVQString@@ABVQStringList@@@Z 0040d9a0 f i configfilehandler.obj
 0001:0000ca90       ?key@iterator@QJsonObject@@QBE?AVQString@@XZ 0040da90 f i configfilehandler.obj
 0001:0000cab0       ?loadConfigFile@configFileHandler@@QAE_NABVQString@@@Z 0040dab0 f   configfilehandler.obj
 0001:0000cbb0       ?lowerBound@?$QMapNode@VQString@@VOperationParamData@@@@QAEPAU1@ABVQString@@@Z 0040dbb0 f i configfilehandler.obj
 0001:0000cbb0       ?lowerBound@?$QMapNode@VQString@@VQStringList@@@@QAEPAU1@ABVQString@@@Z 0040dbb0 f i configfilehandler.obj
 0001:0000cbb0       ?lowerBound@?$QMapNode@VQString@@H@@QAEPAU1@ABVQString@@@Z 0040dbb0 f i workflowChecker.obj
 0001:0000cbb0       ?lowerBound@?$QMapNode@VQString@@V1@@@QAEPAU1@ABVQString@@@Z 0040dbb0 f i configfilehandler.obj
 0001:0000cbf0       ?node_copy@?$QList@H@@AAEXPAUNode@1@00@Z 0040dbf0 f i configfilehandler.obj
 0001:0000cbf0       ?node_copy@?$QList@PAVQObject@@@@AAEXPAUNode@1@00@Z 0040dbf0 f i workmodels.obj
 0001:0000cc20       ?node_copy@?$QList@VOperationParamData@@@@AAEXPAUNode@1@00@Z 0040dc20 f i configfilehandler.obj
 0001:0000ccf0       ?node_copy@?$QList@VQByteArray@@@@AAEXPAUNode@1@00@Z 0040dcf0 f i configfilehandler.obj
 0001:0000cd30       ?node_copy@?$QList@VSingleOperationData@@@@AAEXPAUNode@1@00@Z 0040dd30 f i configfilehandler.obj
 0001:0000ce00       ?node_copy@?$QList@VSinglePlanData@@@@AAEXPAUNode@1@00@Z 0040de00 f i configfilehandler.obj
 0001:0000ced0       ?node_destruct@?$QList@VOperationParamData@@@@AAEXPAUNode@1@0@Z 0040ded0 f i configfilehandler.obj
 0001:0000cf10       ?node_destruct@?$QList@VSingleOperationData@@@@AAEXPAUNode@1@0@Z 0040df10 f i configfilehandler.obj
 0001:0000cfb0       ?node_destruct@?$QList@VSingleOperationData@@@@AAEXPAUNode@1@@Z 0040dfb0 f i configfilehandler.obj
 0001:0000d030       ?node_destruct@?$QList@VSinglePlanData@@@@AAEXPAUNode@1@0@Z 0040e030 f i configfilehandler.obj
 0001:0000d0f0       ?toList@configFileHandler@@QAE?AVQStringList@@ABVQString@@@Z 0040e0f0 f   configfilehandler.obj
 0001:0000d1d0       ?value@?$QMap@VQString@@VOperationParamData@@@@QBE?BVOperationParamData@@ABVQString@@ABV2@@Z 0040e1d0 f i configfilehandler.obj
 0001:0000d240       ??0EnvironmentVariant@@AAE@XZ 0040e240 f i environmentvariant.obj
 0001:0000d390       ??0SingleOperationData@@QAE@$$QAV0@@Z 0040e390 f i environmentvariant.obj
 0001:0000d3c0       ??1?$QForeachContainer@$$CBV?$QList@VSingleOperationData@@@@@@QAE@XZ 0040e3c0 f i environmentvariant.obj
 0001:0000d440       ??1?$QForeachContainer@$$CBVQStringList@@@@QAE@XZ 0040e440 f i environmentvariant.obj
 0001:0000d440       ??1QStringList@@QAE@XZ     0040e440 f i workflowprotocol.obj
 0001:0000d440       ??1?$QForeachContainer@VQStringList@@@@QAE@XZ 0040e440 f i workflowprotocol.obj
 0001:0000d450       ??1ConfigFileConverter@@UAE@XZ 0040e450 f i environmentvariant.obj
 0001:0000d450       ??1AdministratorChecker@@UAE@XZ 0040e450 f i environmentvariant.obj
 0001:0000d460       ??1EnvironmentVariant@@EAE@XZ 0040e460 f i environmentvariant.obj
 0001:0000d610       ??1MachineConfigData@@QAE@XZ 0040e610 f i environmentvariant.obj
 0001:0000d630       ??1TargetMachineObject@@UAE@XZ 0040e630 f i environmentvariant.obj
 0001:0000d650       ??4?$QList@VSingleOperationData@@@@QAEAAV0@ABV0@@Z 0040e650 f i environmentvariant.obj
 0001:0000d6f0       ??4QStringList@@QAEAAV0@$$QAV0@@Z 0040e6f0 f i environmentvariant.obj
 0001:0000d720       ??4SingleOperationData@@QAEAAV0@$$QAV0@@Z 0040e720 f i environmentvariant.obj
 0001:0000d7b0       ??4SingleOperationData@@QAEAAV0@ABV0@@Z 0040e7b0 f i environmentvariant.obj
 0001:0000d850       ??A?$QList@VSingleOperationData@@@@QAEAAVSingleOperationData@@H@Z 0040e850 f i environmentvariant.obj
 0001:0000d880       ??H@YA?BVQString@@ABV0@0@Z 0040e880 f i environmentvariant.obj
 0001:0000d8f0       ??Y?$QList@VQString@@@@QAEAAV0@ABV0@@Z 0040e8f0 f i environmentvariant.obj
 0001:0000d9f0       ??_GAdministratorChecker@@UAEPAXI@Z 0040e9f0 f i environmentvariant.obj
 0001:0000d9f0       ??_EAdministratorChecker@@UAEPAXI@Z 0040e9f0 f i environmentvariant.obj
 0001:0000da20       ??_EConfigFileConverter@@UAEPAXI@Z 0040ea20 f i environmentvariant.obj
 0001:0000da20       ??_GConfigFileConverter@@UAEPAXI@Z 0040ea20 f i environmentvariant.obj
 0001:0000da50       ??_EEnvironmentVariant@@EAEPAXI@Z 0040ea50 f i environmentvariant.obj
 0001:0000da50       ??_GEnvironmentVariant@@EAEPAXI@Z 0040ea50 f i environmentvariant.obj
 0001:0000da80       ??_ETargetMachineObject@@UAEPAXI@Z 0040ea80 f i environmentvariant.obj
 0001:0000da80       ??_GTargetMachineObject@@UAEPAXI@Z 0040ea80 f i environmentvariant.obj
 0001:0000dac0       ?AddPlan@EnvironmentVariant@@QAEXABVQString@@@Z 0040eac0 f   environmentvariant.obj
 0001:0000dbe0       ?AddPlanStep@EnvironmentVariant@@QAEXHHH@Z 0040ebe0 f   environmentvariant.obj
 0001:0000dd80       ?ExportConfig@EnvironmentVariant@@QAE_NABVQString@@@Z 0040ed80 f   environmentvariant.obj
 0001:0000de40       ?ImportConfig@EnvironmentVariant@@QAE_NABVQString@@@Z 0040ee40 f   environmentvariant.obj
 0001:0000df10       ?LogicalControlList@EnvironmentVariant@@QAE?AVQStringList@@XZ 0040ef10 f   environmentvariant.obj
 0001:0000e0b0       ?MovePlanStep@EnvironmentVariant@@QAEXHHH@Z 0040f0b0 f   environmentvariant.obj
 0001:0000e190       ?OperationNameList@EnvironmentVariant@@QAE?AVQStringList@@XZ 0040f190 f   environmentvariant.obj
 0001:0000e330       ?PausePlan@EnvironmentVariant@@QAEXXZ 0040f330 f   environmentvariant.obj
 0001:0000e340       ?PlanList@EnvironmentVariant@@QAE?AVQStringList@@XZ 0040f340 f   environmentvariant.obj
 0001:0000e400       ?RemovePlan@EnvironmentVariant@@QAEXH@Z 0040f400 f   environmentvariant.obj
 0001:0000e430       ?RemovePlanStep@EnvironmentVariant@@QAEXHH@Z 0040f430 f   environmentvariant.obj
 0001:0000e490       ?SaveMachineConfig@EnvironmentVariant@@QAE_NABVMachineConfigData@@@Z 0040f490 f   environmentvariant.obj
 0001:0000e590       ?SavePlan@EnvironmentVariant@@QAE_NXZ 0040f590 f   environmentvariant.obj
 0001:0000e610       ?SetPlanName@EnvironmentVariant@@QAEXHABVQString@@@Z 0040f610 f   environmentvariant.obj
 0001:0000e660       ?SetPlanStepSingleParam@EnvironmentVariant@@QAEXHHABVQString@@ABVQVariant@@@Z 0040f660 f   environmentvariant.obj
 0001:0000e800       ?SetPlanStepToDefault@EnvironmentVariant@@QAEXHHH@Z 0040f800 f   environmentvariant.obj
 0001:0000e8f0       ?StartPlan@EnvironmentVariant@@QAEXHH@Z 0040f8f0 f   environmentvariant.obj
 0001:0000f0c0       ?StartTunning@EnvironmentVariant@@QAEXABVSingleOperationData@@@Z 004100c0 f   environmentvariant.obj
 0001:0000f1b0       ?StepList@EnvironmentVariant@@QAE?AVQStringList@@H@Z 004101b0 f   environmentvariant.obj
 0001:0000f5f0       ?StopPlan@EnvironmentVariant@@QAEXXZ 004105f0 f   environmentvariant.obj
 0001:0000f600       ?begin@?$QList@VOperationParamData@@@@QAE?AViterator@1@XZ 00410600 f i environmentvariant.obj
 0001:0000f630       ?calculateLicense@EnvironmentVariant@@QAEXABVQString@@@Z 00410630 f   environmentvariant.obj
 0001:0000f760       ?contains@?$QMap@VQString@@VQStringList@@@@QBE_NABVQString@@@Z 00410760 f i environmentvariant.obj
 0001:0000f7a0       ?defaultValue@EnvironmentVariant@@QAE?AVSingleOperationData@@ABVQString@@@Z 004107a0 f   environmentvariant.obj
 0001:0000f9d0       ?detach_helper@?$QList@H@@AAEXH@Z 004109d0 f i environmentvariant.obj
 0001:0000faa0       ?detach_helper@?$QList@VOperationParamData@@@@AAEXH@Z 00410aa0 f i environmentvariant.obj
 0001:0000fb70       ?detach_helper@?$QList@VSingleOperationData@@@@AAEXH@Z 00410b70 f i environmentvariant.obj
 0001:0000fc50       ?detach_helper@?$QList@VSinglePlanData@@@@AAEXH@Z 00410c50 f i environmentvariant.obj
 0001:0000fd30       ?formatSingleOperationParam@EnvironmentVariant@@QAE?AVQJsonObject@@ABVSingleOperationData@@@Z 00410d30 f   environmentvariant.obj
 0001:000102d0       ?getBoardTypeIndexByPosition@EnvironmentVariant@@QAEHH@Z 004112d0 f   environmentvariant.obj
 0001:00010580       ?getOperationIndex@EnvironmentVariant@@QAEHABVQString@@@Z 00411580 f   environmentvariant.obj
 0001:000105f0       ?getOperationParams@EnvironmentVariant@@QAE?AV?$QList@VOperationParamData@@@@H@Z 004115f0 f   environmentvariant.obj
 0001:000107d0       ?getPlanBoardTypeIndexByPosition@EnvironmentVariant@@QAEHHH@Z 004117d0 f   environmentvariant.obj
 0001:00010ad0       ?getWorkLocationTypeList@EnvironmentVariant@@QAE?AVQJsonObject@@XZ 00411ad0 f   environmentvariant.obj
 0001:00010af0       ?initModels@EnvironmentVariant@@QAEXPAVQQmlContext@@@Z 00411af0 f   environmentvariant.obj
 0001:00010c50       ?initProtocol@EnvironmentVariant@@QAEXABVQString@@@Z 00411c50 f   environmentvariant.obj
 0001:00010cc0       ?initUserConfig@EnvironmentVariant@@QAEXABVQString@@@Z 00411cc0 f   environmentvariant.obj
 0001:00010de0       ?insert@?$QList@VSingleOperationData@@@@QAEXHABVSingleOperationData@@@Z 00411de0 f i environmentvariant.obj
 0001:00010ec0       ?instance@EnvironmentVariant@@SAPAV1@XZ 00411ec0 f   environmentvariant.obj
 0001:00010f20       ?parseConfigFile@EnvironmentVariant@@QAEXABVQString@@@Z 00411f20 f   environmentvariant.obj
 0001:00011600       ?planBoardConfig@EnvironmentVariant@@QAEHH@Z 00412600 f   environmentvariant.obj
 0001:00011640       ?planSelectStepListModel@EnvironmentVariant@@QAE?AVQStringList@@H@Z 00412640 f   environmentvariant.obj
 0001:000118c0       ?planStepParam@EnvironmentVariant@@QAE?AVSingleOperationData@@HH@Z 004128c0 f   environmentvariant.obj
 0001:00011c20       ?removeAt@?$QList@VSingleOperationData@@@@QAEXH@Z 00412c20 f i environmentvariant.obj
 0001:00011c70       ?removeAt@?$QList@VSinglePlanData@@@@QAEXH@Z 00412c70 f i environmentvariant.obj
 0001:00011cd0       ?setAdministrator@AdministratorChecker@@QAEX_N@Z 00412cd0 f i environmentvariant.obj
 0001:00011cf0       ?setIpAddress@TargetMachineObject@@QAEXABVQString@@@Z 00412cf0 f i environmentvariant.obj
 0001:00011d30       ?setLicenseNumber@TargetMachineObject@@QAEXABVQString@@@Z 00412d30 f i environmentvariant.obj
 0001:00011d70       ?setMaxReceiveTime@TargetMachineObject@@QAEXH@Z 00412d70 f i environmentvariant.obj
 0001:00011d90       ?setPlanBoardConfig@EnvironmentVariant@@QAEXHH@Z 00412d90 f   environmentvariant.obj
 0001:00011e00       ?setPort@TargetMachineObject@@QAEXF@Z 00412e00 f i environmentvariant.obj
 0001:00011e20       ?setWorkLocationType@EnvironmentVariant@@QAE_NHHABVQString@@@Z 00412e20 f   environmentvariant.obj
 0001:00012270       ?startCheckPlan@EnvironmentVariant@@QAEXH@Z 00413270 f   environmentvariant.obj
 0001:00012a50       ?stopCheckPlan@EnvironmentVariant@@QAEXXZ 00413a50 f   environmentvariant.obj
 0001:00012a60       ?updateWorkPlace@EnvironmentVariant@@QAE_NABVQJsonObject@@@Z 00413a60 f   environmentvariant.obj
 0001:00012ab0       ??$connect@P8QQmlEngine@@AEXXZP6AXXZ@QObject@@SA?AVConnection@QMetaObject@@PBVQQmlEngine@@P83@AEXXZPBV0@P6AXXZW4ConnectionType@Qt@@@Z 00413ab0 f i main.obj
 0001:00012b10       ??$createInto@VOperationParamObject@@@QQmlPrivate@@YAXPAX@Z 00413b10 f i main.obj
 0001:00012b70       ??$createInto@VOperationParamSelector@@@QQmlPrivate@@YAXPAX@Z 00413b70 f i main.obj
 0001:00012bd0       ??$createInto@VPlanController@@@QQmlPrivate@@YAXPAX@Z 00413bd0 f i main.obj
 0001:00012c30       ??$createInto@VPlanSelector@@@QQmlPrivate@@YAXPAX@Z 00413c30 f i main.obj
 0001:00012c90       ??$createInto@VStatusViewWatcher@@@QQmlPrivate@@YAXPAX@Z 00413c90 f i main.obj
 0001:00012cf0       ??$createInto@VTextFieldDoubleValidator@@@QQmlPrivate@@YAXPAX@Z 00413cf0 f i main.obj
 0001:00012d50       ??$createInto@VWorkLocationManager@@@QQmlPrivate@@YAXPAX@Z 00413d50 f i main.obj
 0001:00012db0       ??$qRegisterNormalizedMetaType@PAVOperationParamObject@@@@YAHABVQByteArray@@PAPAVOperationParamObject@@W4DefinedType@?$MetaTypeDefinedHelper@PAVOperationParamObject@@$00@QtPrivate@@@Z 00413db0 f i main.obj
 0001:00012e10       ??$qRegisterNormalizedMetaType@PAVOperationParamSelector@@@@YAHABVQByteArray@@PAPAVOperationParamSelector@@W4DefinedType@?$MetaTypeDefinedHelper@PAVOperationParamSelector@@$00@QtPrivate@@@Z 00413e10 f i main.obj
 0001:00012e70       ??$qRegisterNormalizedMetaType@PAVPlanController@@@@YAHABVQByteArray@@PAPAVPlanController@@W4DefinedType@?$MetaTypeDefinedHelper@PAVPlanController@@$00@QtPrivate@@@Z 00413e70 f i main.obj
 0001:00012ed0       ??$qRegisterNormalizedMetaType@PAVPlanSelector@@@@YAHABVQByteArray@@PAPAVPlanSelector@@W4DefinedType@?$MetaTypeDefinedHelper@PAVPlanSelector@@$00@QtPrivate@@@Z 00413ed0 f i main.obj
 0001:00012f30       ??$qRegisterNormalizedMetaType@PAVStatusViewWatcher@@@@YAHABVQByteArray@@PAPAVStatusViewWatcher@@W4DefinedType@?$MetaTypeDefinedHelper@PAVStatusViewWatcher@@$00@QtPrivate@@@Z 00413f30 f i main.obj
 0001:00012f90       ??$qRegisterNormalizedMetaType@PAVTextFieldDoubleValidator@@@@YAHABVQByteArray@@PAPAVTextFieldDoubleValidator@@W4DefinedType@?$MetaTypeDefinedHelper@PAVTextFieldDoubleValidator@@$00@QtPrivate@@@Z 00413f90 f i main.obj
 0001:00012ff0       ??$qRegisterNormalizedMetaType@PAVWorkLocationManager@@@@YAHABVQByteArray@@PAPAVWorkLocationManager@@W4DefinedType@?$MetaTypeDefinedHelper@PAVWorkLocationManager@@$00@QtPrivate@@@Z 00413ff0 f i main.obj
 0001:00013050       ??$qmlRegisterType@VOperationParamObject@@@@YAHPBDHH0@Z 00414050 f i main.obj
 0001:00013300       ??$qmlRegisterType@VOperationParamSelector@@@@YAHPBDHH0@Z 00414300 f i main.obj
 0001:000135b0       ??$qmlRegisterType@VPlanController@@@@YAHPBDHH0@Z 004145b0 f i main.obj
 0001:00013860       ??$qmlRegisterType@VPlanSelector@@@@YAHPBDHH0@Z 00414860 f i main.obj
 0001:00013b10       ??$qmlRegisterType@VStatusViewWatcher@@@@YAHPBDHH0@Z 00414b10 f i main.obj
 0001:00013dc0       ??$qmlRegisterType@VTextFieldDoubleValidator@@@@YAHPBDHH0@Z 00414dc0 f i main.obj
 0001:00014070       ??$qmlRegisterType@VWorkLocationManager@@@@YAHPBDHH0@Z 00415070 f i main.obj
 0001:00014320       ??1?$QVarLengthArray@D$0EA@@@QAE@XZ 00415320 f i main.obj
 0001:00014320       ??1?$QVarLengthArray@D$0DA@@@QAE@XZ 00415320 f i main.obj
 0001:00014340       ??1OperationParamSelector@@UAE@XZ 00415340 f i main.obj
 0001:000143f0       ??1RegisterType@QQmlPrivate@@QAE@XZ 004153f0 f i main.obj
 0001:00014400       ??_E?$QQmlElement@VOperationParamObject@@@QQmlPrivate@@UAEPAXI@Z 00415400 f i main.obj
 0001:00014400       ??_G?$QQmlElement@VOperationParamObject@@@QQmlPrivate@@UAEPAXI@Z 00415400 f i main.obj
 0001:00014480       ??_E?$QQmlElement@VOperationParamSelector@@@QQmlPrivate@@UAEPAXI@Z 00415480 f i main.obj
 0001:00014480       ??_G?$QQmlElement@VOperationParamSelector@@@QQmlPrivate@@UAEPAXI@Z 00415480 f i main.obj
 0001:000144f0       ??_E?$QQmlElement@VPlanController@@@QQmlPrivate@@UAEPAXI@Z 004154f0 f i main.obj
 0001:000144f0       ??_G?$QQmlElement@VPlanController@@@QQmlPrivate@@UAEPAXI@Z 004154f0 f i main.obj
 0001:00014560       ??_G?$QQmlElement@VPlanSelector@@@QQmlPrivate@@UAEPAXI@Z 00415560 f i main.obj
 0001:00014560       ??_E?$QQmlElement@VPlanSelector@@@QQmlPrivate@@UAEPAXI@Z 00415560 f i main.obj
 0001:000145d0       ??_E?$QQmlElement@VStatusViewWatcher@@@QQmlPrivate@@UAEPAXI@Z 004155d0 f i main.obj
 0001:000145d0       ??_G?$QQmlElement@VStatusViewWatcher@@@QQmlPrivate@@UAEPAXI@Z 004155d0 f i main.obj
 0001:00014640       ??_G?$QQmlElement@VTextFieldDoubleValidator@@@QQmlPrivate@@UAEPAXI@Z 00415640 f i main.obj
 0001:00014640       ??_E?$QQmlElement@VTextFieldDoubleValidator@@@QQmlPrivate@@UAEPAXI@Z 00415640 f i main.obj
 0001:000146b0       ??_G?$QQmlElement@VWorkLocationManager@@@QQmlPrivate@@UAEPAXI@Z 004156b0 f i main.obj
 0001:000146b0       ??_E?$QQmlElement@VWorkLocationManager@@@QQmlPrivate@@UAEPAXI@Z 004156b0 f i main.obj
 0001:00014720       ??_EOperationParamObject@@UAEPAXI@Z 00415720 f i main.obj
 0001:00014720       ??_GOperationParamObject@@UAEPAXI@Z 00415720 f i main.obj
 0001:00014750       ?Construct@?$QMetaTypeFunctionHelper@PAVTextFieldDoubleValidator@@$00@QtMetaTypePrivate@@SAPAXPAXPBX@Z 00415750 f i main.obj
 0001:00014750       ?Construct@?$QMetaTypeFunctionHelper@PAVPlanSelector@@$00@QtMetaTypePrivate@@SAPAXPAXPBX@Z 00415750 f i main.obj
 0001:00014750       ?Construct@?$QMetaTypeFunctionHelper@PAVOperationParamObject@@$00@QtMetaTypePrivate@@SAPAXPAXPBX@Z 00415750 f i main.obj
 0001:00014750       ?Construct@?$QMetaTypeFunctionHelper@PAVWorkLocationManager@@$00@QtMetaTypePrivate@@SAPAXPAXPBX@Z 00415750 f i main.obj
 0001:00014750       ?Construct@?$QMetaTypeFunctionHelper@PAVPlanController@@$00@QtMetaTypePrivate@@SAPAXPAXPBX@Z 00415750 f i main.obj
 0001:00014750       ?Construct@?$QMetaTypeFunctionHelper@PAVStatusViewWatcher@@$00@QtMetaTypePrivate@@SAPAXPAXPBX@Z 00415750 f i main.obj
 0001:00014750       ?Construct@?$QMetaTypeFunctionHelper@PAVOperationParamSelector@@$00@QtMetaTypePrivate@@SAPAXPAXPBX@Z 00415750 f i main.obj
 0001:00014780       ?Construct@?$QMetaTypeFunctionHelper@V?$QQmlListProperty@VPlanSelector@@@@$00@QtMetaTypePrivate@@SAPAXPAXPBX@Z 00415780 f i main.obj
 0001:00014780       ?Construct@?$QMetaTypeFunctionHelper@V?$QQmlListProperty@VPlanController@@@@$00@QtMetaTypePrivate@@SAPAXPAXPBX@Z 00415780 f i main.obj
 0001:00014780       ?Construct@?$QMetaTypeFunctionHelper@V?$QQmlListProperty@VOperationParamObject@@@@$00@QtMetaTypePrivate@@SAPAXPAXPBX@Z 00415780 f i main.obj
 0001:00014780       ?Construct@?$QMetaTypeFunctionHelper@V?$QQmlListProperty@VWorkLocationManager@@@@$00@QtMetaTypePrivate@@SAPAXPAXPBX@Z 00415780 f i main.obj
 0001:00014780       ?Construct@?$QMetaTypeFunctionHelper@V?$QQmlListProperty@VTextFieldDoubleValidator@@@@$00@QtMetaTypePrivate@@SAPAXPAXPBX@Z 00415780 f i main.obj
 0001:00014780       ?Construct@?$QMetaTypeFunctionHelper@V?$QQmlListProperty@VOperationParamSelector@@@@$00@QtMetaTypePrivate@@SAPAXPAXPBX@Z 00415780 f i main.obj
 0001:00014780       ?Construct@?$QMetaTypeFunctionHelper@V?$QQmlListProperty@VStatusViewWatcher@@@@$00@QtMetaTypePrivate@@SAPAXPAXPBX@Z 00415780 f i main.obj
 0001:000147e0       ?Destruct@?$QMetaTypeFunctionHelper@PAVStatusViewWatcher@@$00@QtMetaTypePrivate@@SAXPAX@Z 004157e0 f i main.obj
 0001:000147e0       ?Destruct@?$QMetaTypeFunctionHelper@PAVWorkLocationManager@@$00@QtMetaTypePrivate@@SAXPAX@Z 004157e0 f i main.obj
 0001:000147e0       ?qt_static_metacall@configFileHandler@@CAXPAVQObject@@W4Call@QMetaObject@@HPAPAX@Z 004157e0 f i moc_configfilehandler.obj
 0001:000147e0       ?Destruct@?$QMetaTypeFunctionHelper@V?$QQmlListProperty@VStatusViewWatcher@@@@$00@QtMetaTypePrivate@@SAXPAX@Z 004157e0 f i main.obj
 0001:000147e0       __initialize_invalid_parameter_handler 004157e0 f i MSVCRT:invalid_parameter_handler.obj
 0001:000147e0       ?Destruct@?$QMetaTypeFunctionHelper@V?$QQmlListProperty@VPlanSelector@@@@$00@QtMetaTypePrivate@@SAXPAX@Z 004157e0 f i main.obj
 0001:000147e0       ?Destruct@?$QMetaTypeFunctionHelper@PAVTextFieldDoubleValidator@@$00@QtMetaTypePrivate@@SAXPAX@Z 004157e0 f i main.obj
 0001:000147e0       ?Destruct@?$QMetaTypeFunctionHelper@VQSequentialIterableImpl@QtMetaTypePrivate@@$00@QtMetaTypePrivate@@SAXPAX@Z 004157e0 f i moc_workmodels.obj
 0001:000147e0       @_guard_check_icall_nop@4  004157e0 f i MSVCRT:guard_support.obj
 0001:000147e0       ?Destruct@?$QMetaTypeFunctionHelper@PAVPlanController@@$00@QtMetaTypePrivate@@SAXPAX@Z 004157e0 f i main.obj
 0001:000147e0       ?Destruct@?$QMetaTypeFunctionHelper@V?$QQmlListProperty@VWorkLocationManager@@@@$00@QtMetaTypePrivate@@SAXPAX@Z 004157e0 f i main.obj
 0001:000147e0       ?Destruct@?$QMetaTypeFunctionHelper@V?$QQmlListProperty@VTextFieldDoubleValidator@@@@$00@QtMetaTypePrivate@@SAXPAX@Z 004157e0 f i main.obj
 0001:000147e0       ??3@YAXPAX0@Z              004157e0 f i configfilehandler.obj
 0001:000147e0       ?Destruct@?$QMetaTypeFunctionHelper@PAVPlanSelector@@$00@QtMetaTypePrivate@@SAXPAX@Z 004157e0 f i main.obj
 0001:000147e0       ?Destruct@?$QMetaTypeFunctionHelper@PAVOperationParamObject@@$00@QtMetaTypePrivate@@SAXPAX@Z 004157e0 f i main.obj
 0001:000147e0       ?Destruct@?$QMetaTypeFunctionHelper@V?$QQmlListProperty@VPlanController@@@@$00@QtMetaTypePrivate@@SAXPAX@Z 004157e0 f i main.obj
 0001:000147e0       __initialize_denormal_control 004157e0 f i MSVCRT:denormal_control.obj
 0001:000147e0       ?Destruct@?$QMetaTypeFunctionHelper@V?$QQmlListProperty@VOperationParamObject@@@@$00@QtMetaTypePrivate@@SAXPAX@Z 004157e0 f i main.obj
 0001:000147e0       ?Destruct@?$QMetaTypeFunctionHelper@PAVOperationParamSelector@@$00@QtMetaTypePrivate@@SAXPAX@Z 004157e0 f i main.obj
 0001:000147e0       ?onComplete@PlanSelector@@QAEXXZ 004157e0 f i workmodels.obj
 0001:000147e0       ?Destruct@?$QMetaTypeFunctionHelper@V?$QQmlListProperty@VOperationParamSelector@@@@$00@QtMetaTypePrivate@@SAXPAX@Z 004157e0 f i main.obj
 0001:000147f0       ?TopLevelExceptionFilter@@YGJPAU_EXCEPTION_POINTERS@@@Z 004157f0 f   main.obj
 0001:00014860       ?customMessageHandler@@YAXW4QtMsgType@@ABVQMessageLogContext@@ABVQString@@@Z 00415860 f   main.obj
 0001:00014bd0       ?getConfigFullName@@YA?AVQString@@PBD@Z 00415bd0 f   main.obj
 0001:00014c40       ?impl@?$QStaticSlotObject@P6AXXZU?$List@$$V@QtPrivate@@X@QtPrivate@@CAXHPAVQSlotObjectBase@2@PAVQObject@@PAPAXPA_N@Z 00415c40 f i main.obj
 0001:00014c70       ?qt_metatype_id@?$QMetaTypeIdQObject@PAVOperationParamObject@@$07@@SAHXZ 00415c70 f i main.obj
 0001:00014d20       ?qt_metatype_id@?$QMetaTypeIdQObject@PAVOperationParamSelector@@$07@@SAHXZ 00415d20 f i main.obj
 0001:00014dd0       ?qt_metatype_id@?$QMetaTypeIdQObject@PAVPlanController@@$07@@SAHXZ 00415dd0 f i main.obj
 0001:00014e80       ?qt_metatype_id@?$QMetaTypeIdQObject@PAVPlanSelector@@$07@@SAHXZ 00415e80 f i main.obj
 0001:00014f30       ?qt_metatype_id@?$QMetaTypeIdQObject@PAVStatusViewWatcher@@$07@@SAHXZ 00415f30 f i main.obj
 0001:00014fe0       ?qt_metatype_id@?$QMetaTypeIdQObject@PAVTextFieldDoubleValidator@@$07@@SAHXZ 00415fe0 f i main.obj
 0001:00015090       ?qt_metatype_id@?$QMetaTypeIdQObject@PAVWorkLocationManager@@$07@@SAHXZ 00416090 f i main.obj
 0001:00015140       ?validate@TextFieldDoubleValidator@@UBE?AW4State@QValidator@@AAVQString@@AAH@Z 00416140 f i main.obj
 0001:000152c0       _main                      004162c0 f   main.obj
 0001:00015700       ??$connect@P8EnvironmentVariant@@AEXXZP8StatusViewWatcher@@AEXXZ@QObject@@SA?AVConnection@QMetaObject@@PBVEnvironmentVariant@@P83@AEXXZPBVStatusViewWatcher@@P84@AEXXZW4ConnectionType@Qt@@@Z 00416700 f i workmodels.obj
 0001:00015760       ??0OperationParamSelector@@QAE@PAVQObject@@@Z 00416760 f   workmodels.obj
 0001:000157b0       ??0PlanController@@QAE@PAVQObject@@@Z 004167b0 f   workmodels.obj
 0001:00015820       ??0PlanSelector@@QAE@PAVQObject@@@Z 00416820 f   workmodels.obj
 0001:000158e0       ??0StatusViewWatcher@@QAE@PAVQObject@@@Z 004168e0 f   workmodels.obj
 0001:00015970       ??0WorkLocationManager@@QAE@PAVQObject@@@Z 00416970 f   workmodels.obj
 0001:00015990       ??1?$QForeachContainer@V?$QList@PAVQObject@@@@@@QAE@XZ 00416990 f i workmodels.obj
 0001:000159f0       ??1PlanController@@UAE@XZ  004169f0 f   workmodels.obj
 0001:00015a50       ??1PlanSelector@@UAE@XZ    00416a50 f   workmodels.obj
 0001:00015b10       ??1StatusViewWatcher@@UAE@XZ 00416b10 f   workmodels.obj
 0001:00015b90       ??1WorkLocationManager@@UAE@XZ 00416b90 f   workmodels.obj
 0001:00015ba0       ??4?$QList@PAVQObject@@@@QAEAAV0@$$QAV0@@Z 00416ba0 f i workmodels.obj
 0001:00015ba0       ??4?$QList@H@@QAEAAV0@$$QAV0@@Z 00416ba0 f i configfilehandler.obj
 0001:00015c20       ??_EOperationParamSelector@@UAEPAXI@Z 00416c20 f i workmodels.obj
 0001:00015c20       ??_GOperationParamSelector@@UAEPAXI@Z 00416c20 f i workmodels.obj
 0001:00015c40       ??_EPlanController@@UAEPAXI@Z 00416c40 f i workmodels.obj
 0001:00015c40       ??_GPlanController@@UAEPAXI@Z 00416c40 f i workmodels.obj
 0001:00015cb0       ??_EPlanSelector@@UAEPAXI@Z 00416cb0 f i workmodels.obj
 0001:00015cb0       ??_GPlanSelector@@UAEPAXI@Z 00416cb0 f i workmodels.obj
 0001:00015cd0       ??_GStatusViewWatcher@@UAEPAXI@Z 00416cd0 f i workmodels.obj
 0001:00015cd0       ??_EStatusViewWatcher@@UAEPAXI@Z 00416cd0 f i workmodels.obj
 0001:00015d70       ??_EWorkLocationManager@@UAEPAXI@Z 00416d70 f i workmodels.obj
 0001:00015d70       ??_GWorkLocationManager@@UAEPAXI@Z 00416d70 f i workmodels.obj
 0001:00015da0       ?WorkPlaceConstraint@EnvironmentVariant@@QAE?AVQJsonArray@@XZ 00416da0 f i workmodels.obj
 0001:00015dd0       ?addPlan@PlanSelector@@QAEXABVQString@@@Z 00416dd0 f   workmodels.obj
 0001:00015df0       ?addStep@PlanSelector@@QAEXHHH@Z 00416df0 f   workmodels.obj
 0001:00015e10       ?append@?$QList@PAVQObject@@@@QAEXABQAVQObject@@@Z 00416e10 f i workmodels.obj
 0001:00015e10       ?append@?$QList@H@@QAEXABH@Z 00416e10 f i configfilehandler.obj
 0001:00015ea0       ?boardConfigIndex@PlanSelector@@QAEHH@Z 00416ea0 f   workmodels.obj
 0001:00015ec0       ?commitParam@PlanSelector@@QAEXHHABVQString@@ABVQVariant@@@Z 00416ec0 f   workmodels.obj
 0001:00015ee0       ?detach_helper_grow@?$QList@H@@AAEPAUNode@1@HH@Z 00416ee0 f i configfilehandler.obj
 0001:00015ee0       ?detach_helper_grow@?$QList@PAVQObject@@@@AAEPAUNode@1@HH@Z 00416ee0 f i workmodels.obj
 0001:00016020       ?eventFilter@PlanController@@UAE_NPAVQObject@@PAVQEvent@@@Z 00417020 f   workmodels.obj
 0001:00016070       ?eventFilter@PlanSelector@@MAE_NPAVQObject@@PAVQEvent@@@Z 00417070 f   workmodels.obj
 0001:000160c0       ?eventFilter@StatusViewWatcher@@UAE_NPAVQObject@@PAVQEvent@@@Z 004170c0 f   workmodels.obj
 0001:00016100       ?exportConfigFile@ConfigFileConverter@@QAE_NABVQUrl@@@Z 00417100 f   workmodels.obj
 0001:00016170       ?getBoardTypeIndexByPosition@OperationParamSelector@@QAEHH@Z 00417170 f   workmodels.obj
 0001:00016170       ?getBoardTypeIndexByPosition@PlanSelector@@QAEHH@Z 00417170 f   workmodels.obj
 0001:00016190       ?getPlanBoardTypeIndexByPosition@PlanSelector@@QAEHHH@Z 00417190 f   workmodels.obj
 0001:000161b0       ?getSwitch@OperationParamSelector@@QAEPAVQObject@@ABVQString@@@Z 004171b0 f   workmodels.obj
 0001:00016320       ?getSwitch@PlanSelector@@QAEPAVQObject@@ABVQString@@@Z 00417320 f   workmodels.obj
 0001:00016490       ?getWorkLocationTypeList@WorkLocationManager@@QAE?AVQJsonObject@@XZ 00417490 f   workmodels.obj
 0001:000164c0       ?getWorkPlaceConstraint@WorkLocationManager@@QAE?AVQJsonArray@@XZ 004174c0 f   workmodels.obj
 0001:000164f0       ?importConfigFile@ConfigFileConverter@@QAE_NABVQUrl@@@Z 004174f0 f   workmodels.obj
 0001:00016560       ?init@OperationParamSelector@@QAEXABVQString@@@Z 00417560 f   workmodels.obj
 0001:000165e0       ?moveStep@PlanSelector@@QAEXHHH@Z 004175e0 f   workmodels.obj
 0001:00016600       ?getIpAddress@TargetMachineObject@@QBE?AVQString@@XZ 00417600 f i environmentvariant.obj
 0001:00016600       ?getOperationName@SingleOperationObject@@QAE?AVQString@@XZ 00417600 f i moc_workmodels.obj
 0001:00016600       ?name@OperationParamObject@@QBE?AVQString@@XZ 00417600 f i workmodels.obj
 0001:00016620       ?onCompleteSingleOperation@OperationParamSelector@@QAEXXZ 00417620 f   workmodels.obj
 0001:000168b0       ?onMachineConfigChanged@TargetMachineObject@@QAE_NXZ 004178b0 f   workmodels.obj
 0001:00016950       ?onSave@PlanSelector@@QAE_NXZ 00417950 f   workmodels.obj
 0001:00016960       ?operationCurrentIndex@PlanSelector@@QAEHXZ 00417960 f   workmodels.obj
 0001:00016980       ?pausePlan@PlanController@@QAEXXZ 00417980 f   workmodels.obj
 0001:00016990       ?planListModel@PlanSelector@@QAE?AVQStringList@@XZ 00417990 f   workmodels.obj
 0001:000169c0       ?planSelectStepListModel@PlanSelector@@QAE?AVQStringList@@H@Z 004179c0 f   workmodels.obj
 0001:000169f0       ?removePlan@PlanSelector@@QAEXH@Z 004179f0 f   workmodels.obj
 0001:00016a10       ?removeStep@PlanSelector@@QAEXHH@Z 00417a10 f   workmodels.obj
 0001:00016a30       ?resumePlan@PlanController@@QAEXXZ 00417a30 f   workmodels.obj
 0001:00016a60       ?setBoardConfigIndex@PlanSelector@@QAEXHH@Z 00417a60 f   workmodels.obj
 0001:00016a80       ?setPlanName@PlanSelector@@QAEXHABVQString@@@Z 00417a80 f   workmodels.obj
 0001:00016aa0       ?setSelectedOperation@OperationParamSelector@@QAEXH@Z 00417aa0 f   workmodels.obj
 0001:00016e70       ?setSelectedOperation@PlanSelector@@QAEXHHH@Z 00417e70 f   workmodels.obj
 0001:00017330       ?setSelectedStep@PlanSelector@@QAEXHH@Z 00418330 f   workmodels.obj
 0001:00017710       ?setWorkLocationType@WorkLocationManager@@QAE_NHHABVQString@@@Z 00418710 f   workmodels.obj
 0001:00017730       ?startCheckPlan@PlanSelector@@QAEXH@Z 00418730 f   workmodels.obj
 0001:00017750       ?startPlan@PlanController@@QAEXHH@Z 00418750 f   workmodels.obj
 0001:00017780       ?stepListModel@PlanSelector@@QAE?AVQStringList@@H@Z 00418780 f   workmodels.obj
 0001:000177b0       ?stopCheckPlan@PlanSelector@@QAEXXZ 004187b0 f   workmodels.obj
 0001:000177c0       ?stopPlan@PlanController@@QAEXXZ 004187c0 f   workmodels.obj
 0001:000177d0       ?updateWorkPlace@WorkLocationManager@@QAE_NABVQJsonObject@@@Z 004187d0 f   workmodels.obj
 0001:000177f0       ??$connect@P8SubThreadCheckWorker@@AEXABVQJsonObject@@@ZP8WorkflowCheckerController@@AEX0@Z@QObject@@SA?AVConnection@QMetaObject@@PBVSubThreadCheckWorker@@P83@AEXABVQJsonObject@@@ZPBVWorkflowCheckerController@@P85@AEX1@ZW4ConnectionType@Qt@@@Z 004187f0 f i workflowChecker.obj
 0001:00017860       ??$connect@P8WorkflowCheckerController@@AEXABVQJsonArray@@@ZP8SubThreadCheckWorker@@AEX0@Z@QObject@@SA?AVConnection@QMetaObject@@PBVWorkflowCheckerController@@P83@AEXABVQJsonArray@@@ZPBVSubThreadCheckWorker@@P85@AEX1@ZW4ConnectionType@Qt@@@Z 00418860 f i workflowChecker.obj
 0001:000178d0       ??$connect@P8WorkflowCheckerController@@AEXABVQJsonObject@@@ZP8SubThreadCheckWorker@@AEX0@Z@QObject@@SA?AVConnection@QMetaObject@@PBVWorkflowCheckerController@@P83@AEXABVQJsonObject@@@ZPBVSubThreadCheckWorker@@P85@AEX1@ZW4ConnectionType@Qt@@@Z 004188d0 f i workflowChecker.obj
 0001:00017940       ??$connect@P8WorkflowCheckerController@@AEXXZP8SubThreadCheckWorker@@AEXXZ@QObject@@SA?AVConnection@QMetaObject@@PBVWorkflowCheckerController@@P83@AEXXZPBVSubThreadCheckWorker@@P84@AEXXZW4ConnectionType@Qt@@@Z 00418940 f i workflowChecker.obj
 0001:000179a0       ??0WorkflowCheckerController@@QAE@PAVQObject@@@Z 004189a0 f   workflowChecker.obj
 0001:00017b20       ??1?$QMap@VQString@@H@@QAE@XZ 00418b20 f i workflowChecker.obj
 0001:00017bc0       ??1WorkflowCheckerController@@UAE@XZ 00418bc0 f   workflowChecker.obj
 0001:00017c30       ??A?$QMap@VQString@@H@@QAEAAHABVQString@@@Z 00418c30 f i workflowChecker.obj
 0001:00017cb0       ??_GStatusChangeEvent@@UAEPAXI@Z 00418cb0 f i workflowprotocol.obj
 0001:00017cb0       ??_EStatusChangeEvent@@UAEPAXI@Z 00418cb0 f i workflowprotocol.obj
 0001:00017cb0       ??_GCheckStateChangeEvent@@UAEPAXI@Z 00418cb0 f i workflowChecker.obj
 0001:00017cb0       ??_ECheckStateChangeEvent@@UAEPAXI@Z 00418cb0 f i workflowChecker.obj
 0001:00017ce0       ??_ESubThreadCheckWorker@@UAEPAXI@Z 00418ce0 f i workflowChecker.obj
 0001:00017ce0       ??_GSubThreadCheckWorker@@UAEPAXI@Z 00418ce0 f i workflowChecker.obj
 0001:00017d30       ??_EWorkflowCheckerController@@UAEPAXI@Z 00418d30 f i workflowChecker.obj
 0001:00017d30       ??_GWorkflowCheckerController@@UAEPAXI@Z 00418d30 f i workflowChecker.obj
 0001:00017dd0       ?CheckBoardConstraint@SubThreadCheckWorker@@IAE_NABVQJsonObject@@@Z 00418dd0 f   workflowChecker.obj
 0001:00018180       ?CheckParamConstraint@SubThreadCheckWorker@@IAE_NABVQJsonObject@@@Z 00419180 f   workflowChecker.obj
 0001:00018a30       ?checkTask@WorkflowCheckerController@@QAEXABVQJsonObject@@@Z 00419a30 f   workflowChecker.obj
 0001:00018a40       ?configChecker@SubThreadCheckWorker@@QAEXABVQJsonArray@@@Z 00419a40 f   workflowChecker.obj
 0001:00018da0       ?copy@?$QMapNode@VQString@@H@@QBEPAU1@PAU?$QMapData@VQString@@H@@@Z 00419da0 f i workflowChecker.obj
 0001:00018e20       ?createNode@?$QMapData@VQString@@H@@QAEPAU?$QMapNode@VQString@@H@@ABVQString@@ABHPAU2@_N@Z 00419e20 f i workflowChecker.obj
 0001:00018e60       ?destroySubTree@?$QMapNode@VQString@@H@@QAEXXZ 00419e60 f i workflowChecker.obj
 0001:00018e90       ?detach_helper@?$QMap@VQString@@H@@AAEXXZ 00419e90 f i workflowChecker.obj
 0001:00018f40       ?doCheck@SubThreadCheckWorker@@QAEXABVQJsonObject@@@Z 00419f40 f   workflowChecker.obj
 0001:000194b0       ?forceStop@SubThreadCheckWorker@@QAEXXZ 0041a4b0 f   workflowChecker.obj
 0001:000194c0       ?init@WorkflowCheckerController@@QAEXABVQJsonArray@@@Z 0041a4c0 f   workflowChecker.obj
 0001:000194d0       ?insert@?$QMap@VQString@@H@@QAE?AViterator@1@ABVQString@@ABH@Z 0041a4d0 f i workflowChecker.obj
 0001:00019590       ?isFilteredCommand@SubThreadCheckWorker@@IAE_NABVQJsonObject@@@Z 0041a590 f   workflowChecker.obj
 0001:00019930       ?remove@?$QMap@VQString@@H@@QAEHABVQString@@@Z 0041a930 f i workflowChecker.obj
 0001:000199e0       ?statusChanged@WorkflowCheckerController@@QAEXABVQJsonObject@@@Z 0041a9e0 f   workflowChecker.obj
 0001:00019a80       ?stopCurrentCheck@WorkflowCheckerController@@QAEXXZ 0041aa80 f   workflowChecker.obj
 0001:00019aa0       ?types@?$ConnectionTypes@U?$List@ABVQJsonArray@@@QtPrivate@@$00@QtPrivate@@SAPBHXZ 0041aaa0 f i workflowChecker.obj
 0001:00019b00       ?changeHost@WorkflowController@@QAEXABVQString@@G@Z 0041ab00 f   moc_workflowprotocol.obj
 0001:00019b50       ?configProtocol@WorkflowController@@QAEXABVQString@@@Z 0041ab50 f   moc_workflowprotocol.obj
 0001:00019b80       ?metaObject@SubThreadWorker@@UBEPBUQMetaObject@@XZ 0041ab80 f   moc_workflowprotocol.obj
 0001:00019ba0       ?metaObject@WorkflowController@@UBEPBUQMetaObject@@XZ 0041aba0 f   moc_workflowprotocol.obj
 0001:00019bc0       ?pauseTask@WorkflowController@@QAEXXZ 0041abc0 f   moc_workflowprotocol.obj
 0001:00019be0       ?qt_metacall@SubThreadWorker@@UAEHW4Call@QMetaObject@@HPAPAX@Z 0041abe0 f   moc_workflowprotocol.obj
 0001:00019c40       ?qt_metacall@WorkflowController@@UAEHW4Call@QMetaObject@@HPAPAX@Z 0041ac40 f   moc_workflowprotocol.obj
 0001:00019ca0       ?qt_metacast@SubThreadWorker@@UAEPAXPBD@Z 0041aca0 f   moc_workflowprotocol.obj
 0001:00019d00       ?qt_metacast@WorkflowController@@UAEPAXPBD@Z 0041ad00 f   moc_workflowprotocol.obj
 0001:00019d60       ?qt_static_metacall@SubThreadWorker@@CAXPAVQObject@@W4Call@QMetaObject@@HPAPAX@Z 0041ad60 f   moc_workflowprotocol.obj
 0001:00019e60       ?qt_static_metacall@WorkflowController@@CAXPAVQObject@@W4Call@QMetaObject@@HPAPAX@Z 0041ae60 f   moc_workflowprotocol.obj
 0001:00019fb0       ?runNewTask@WorkflowController@@QAEXABVQJsonObject@@@Z 0041afb0 f   moc_workflowprotocol.obj
 0001:00019fe0       ?runNewTunning@WorkflowController@@QAEXABVQJsonObject@@@Z 0041afe0 f   moc_workflowprotocol.obj
 0001:0001a010       ?statusChanged@SubThreadWorker@@QAEXABVQJsonObject@@@Z 0041b010 f   moc_workflowprotocol.obj
 0001:0001a040       ?stopTask@WorkflowController@@QAEXXZ 0041b040 f   moc_workflowprotocol.obj
 0001:0001a060       ?taskStateChanged@SubThreadWorker@@QAEXABVQString@@H@Z 0041b060 f   moc_workflowprotocol.obj
 0001:0001a0b0       ?updateStopState@WorkflowController@@QAEXXZ 0041b0b0 f   moc_workflowprotocol.obj
 0001:0001a0d0       ?configChecker@WorkflowCheckerController@@QAEXABVQJsonArray@@@Z 0041b0d0 f   moc_workflowChecker.obj
 0001:0001a100       ?metaObject@SubThreadCheckWorker@@UBEPBUQMetaObject@@XZ 0041b100 f   moc_workflowChecker.obj
 0001:0001a120       ?metaObject@WorkflowCheckerController@@UBEPBUQMetaObject@@XZ 0041b120 f   moc_workflowChecker.obj
 0001:0001a140       ?qt_metacall@SubThreadCheckWorker@@UAEHW4Call@QMetaObject@@HPAPAX@Z 0041b140 f   moc_workflowChecker.obj
 0001:0001a1a0       ?qt_metacall@WorkflowCheckerController@@UAEHW4Call@QMetaObject@@HPAPAX@Z 0041b1a0 f   moc_workflowChecker.obj
 0001:0001a200       ?qt_metacast@SubThreadCheckWorker@@UAEPAXPBD@Z 0041b200 f   moc_workflowChecker.obj
 0001:0001a260       ?qt_metacast@WorkflowCheckerController@@UAEPAXPBD@Z 0041b260 f   moc_workflowChecker.obj
 0001:0001a2c0       ?qt_static_metacall@SubThreadCheckWorker@@CAXPAVQObject@@W4Call@QMetaObject@@HPAPAX@Z 0041b2c0 f   moc_workflowChecker.obj
 0001:0001a350       ?qt_static_metacall@WorkflowCheckerController@@CAXPAVQObject@@W4Call@QMetaObject@@HPAPAX@Z 0041b350 f   moc_workflowChecker.obj
 0001:0001a410       ?runNewCheck@WorkflowCheckerController@@QAEXABVQJsonObject@@@Z 0041b410 f   moc_workflowChecker.obj
 0001:0001a440       ?statusChanged@SubThreadCheckWorker@@QAEXABVQJsonObject@@@Z 0041b440 f   moc_workflowChecker.obj
 0001:0001a470       ?stopCheck@WorkflowCheckerController@@QAEXXZ 0041b470 f   moc_workflowChecker.obj
 0001:0001a490       ?metaObject@configFileHandler@@UBEPBUQMetaObject@@XZ 0041b490 f   moc_configfilehandler.obj
 0001:0001a4b0       ?qt_metacall@configFileHandler@@UAEHW4Call@QMetaObject@@HPAPAX@Z 0041b4b0 f   moc_configfilehandler.obj
 0001:0001a4c0       ?qt_metacast@configFileHandler@@UAEPAXPBD@Z 0041b4c0 f   moc_configfilehandler.obj
 0001:0001a520       ?metaObject@EnvironmentVariant@@UBEPBUQMetaObject@@XZ 0041b520 f   moc_environmentvariant.obj
 0001:0001a540       ?qt_metacall@EnvironmentVariant@@UAEHW4Call@QMetaObject@@HPAPAX@Z 0041b540 f   moc_environmentvariant.obj
 0001:0001a5a0       ?qt_metacast@EnvironmentVariant@@UAEPAXPBD@Z 0041b5a0 f   moc_environmentvariant.obj
 0001:0001a600       ?qt_static_metacall@EnvironmentVariant@@CAXPAVQObject@@W4Call@QMetaObject@@HPAPAX@Z 0041b600 f   moc_environmentvariant.obj
 0001:0001a650       ?workLocationTypeChanged@EnvironmentVariant@@QAEXXZ 0041b650 f   moc_environmentvariant.obj
 0001:0001a670       ??$atImpl@V?$QList@PAVQObject@@@@@QSequentialIterableImpl@QtMetaTypePrivate@@SAPBXPBXH@Z 0041b670 f i moc_workmodels.obj
 0001:0001a670       ??$atImpl@V?$QList@H@@@QSequentialIterableImpl@QtMetaTypePrivate@@SAPBXPBXH@Z 0041b670 f i moc_workmodels.obj
 0001:0001a690       ??$equal@PBQAVQObject@@V?$checked_array_iterator@PBQAVQObject@@@stdext@@U?$equal_to@X@std@@@std@@YA_NPBQAVQObject@@0V?$checked_array_iterator@PBQAVQObject@@@stdext@@U?$equal_to@X@0@@Z 0041b690 f i moc_workmodels.obj
 0001:0001a690       ??$equal@PBHV?$checked_array_iterator@PBH@stdext@@U?$equal_to@X@std@@@std@@YA_NPBH0V?$checked_array_iterator@PBH@stdext@@U?$equal_to@X@0@@Z 0041b690 f i moc_workmodels.obj
 0001:0001a710       ??$getImpl@V?$QList@PAVQObject@@@@@QSequentialIterableImpl@QtMetaTypePrivate@@SA?AUVariantData@1@PBQAXHI@Z 0041b710 f i moc_workmodels.obj
 0001:0001a710       ??$getImpl@V?$QList@H@@@QSequentialIterableImpl@QtMetaTypePrivate@@SA?AUVariantData@1@PBQAXHI@Z 0041b710 f i moc_workmodels.obj
 0001:0001a730       ??$moveToBeginImpl@V?$QList@H@@@QSequentialIterableImpl@QtMetaTypePrivate@@SAXPBXPAPAX@Z 0041b730 f i moc_workmodels.obj
 0001:0001a730       ??$moveToBeginImpl@V?$QList@PAVQObject@@@@@QSequentialIterableImpl@QtMetaTypePrivate@@SAXPBXPAPAX@Z 0041b730 f i moc_workmodels.obj
 0001:0001a760       ??$moveToEndImpl@V?$QList@H@@@QSequentialIterableImpl@QtMetaTypePrivate@@SAXPBXPAPAX@Z 0041b760 f i moc_workmodels.obj
 0001:0001a760       ??$moveToEndImpl@V?$QList@PAVQObject@@@@@QSequentialIterableImpl@QtMetaTypePrivate@@SAXPBXPAPAX@Z 0041b760 f i moc_workmodels.obj
 0001:0001a790       ??$sizeImpl@V?$QList@PAVQObject@@@@@QSequentialIterableImpl@QtMetaTypePrivate@@SAHPBX@Z 0041b790 f i moc_workmodels.obj
 0001:0001a790       ??$sizeImpl@V?$QList@H@@@QSequentialIterableImpl@QtMetaTypePrivate@@SAHPBX@Z 0041b790 f i moc_workmodels.obj
 0001:0001a7a0       ??0QSequentialIterableImpl@QtMetaTypePrivate@@QAE@XZ 0041b7a0 f i moc_workmodels.obj
 0001:0001a810       ?Construct@?$QMetaTypeFunctionHelper@V?$QList@PAVQObject@@@@$00@QtMetaTypePrivate@@SAPAXPAXPBX@Z 0041b810 f i moc_workmodels.obj
 0001:0001a810       ?Construct@?$QMetaTypeFunctionHelper@V?$QList@H@@$00@QtMetaTypePrivate@@SAPAXPAXPBX@Z 0041b810 f i moc_workmodels.obj
 0001:0001a890       ?Construct@?$QMetaTypeFunctionHelper@VQSequentialIterableImpl@QtMetaTypePrivate@@$00@QtMetaTypePrivate@@SAPAXPAXPBX@Z 0041b890 f i moc_workmodels.obj
 0001:0001a8d0       ?Destruct@?$QMetaTypeFunctionHelper@V?$QList@H@@$00@QtMetaTypePrivate@@SAXPAX@Z 0041b8d0 f i moc_workmodels.obj
 0001:0001a8d0       ?Destruct@?$QMetaTypeFunctionHelper@V?$QList@PAVQObject@@@@$00@QtMetaTypePrivate@@SAXPAX@Z 0041b8d0 f i moc_workmodels.obj
 0001:0001a940       ?MachineConfigChanged@TargetMachineObject@@QAEXXZ 0041b940 f   moc_workmodels.obj
 0001:0001a960       ?UnitChanged@OperationParamObject@@QAEXXZ 0041b960 f   moc_workmodels.obj
 0001:0001a980       ?administratorChanged@AdministratorChecker@@QAEXXZ 0041b980 f   moc_workmodels.obj
 0001:0001a9a0       ?advance@?$IteratorOwnerCommon@Vconst_iterator@?$QList@PAVQObject@@@@@QtMetaTypePrivate@@SAXPAPAXH@Z 0041b9a0 f i moc_workmodels.obj
 0001:0001a9a0       ?advance@?$IteratorOwnerCommon@Vconst_iterator@?$QList@H@@@QtMetaTypePrivate@@SAXPAPAXH@Z 0041b9a0 f i moc_workmodels.obj
 0001:0001a9b0       ?assign@?$IteratorOwnerCommon@Vconst_iterator@?$QList@PAVQObject@@@@@QtMetaTypePrivate@@SAXPAPAXPBQAX@Z 0041b9b0 f i moc_workmodels.obj
 0001:0001a9b0       ?assign@?$IteratorOwnerCommon@Vconst_iterator@?$QList@H@@@QtMetaTypePrivate@@SAXPAPAXPBQAX@Z 0041b9b0 f i moc_workmodels.obj
 0001:0001a9d0       ?boolValueChanged@OperationParamObject@@QAEXXZ 0041b9d0 f   moc_workmodels.obj
 0001:0001a9f0       ?bottomValueChanged@OperationParamObject@@QAEXXZ 0041b9f0 f   moc_workmodels.obj
 0001:0001aa10       ?convert@?$ConverterFunctor@V?$QList@H@@VQSequentialIterableImpl@QtMetaTypePrivate@@U?$QSequentialIterableConvertFunctor@V?$QList@H@@@3@@QtPrivate@@SA_NPBUAbstractConverterFunction@2@PBXPAX@Z 0041ba10 f i moc_workmodels.obj
 0001:0001aab0       ?convert@?$ConverterFunctor@V?$QList@PAVQObject@@@@VQSequentialIterableImpl@QtMetaTypePrivate@@U?$QSequentialIterableConvertFunctor@V?$QList@PAVQObject@@@@@3@@QtPrivate@@SA_NPBUAbstractConverterFunction@2@PBXPAX@Z 0041bab0 f i moc_workmodels.obj
 0001:0001ab50       ?currentIndexChanged@OperationParamSelector@@QAEXXZ 0041bb50 f   moc_workmodels.obj
 0001:0001ab70       ?destroy@?$IteratorOwnerCommon@Vconst_iterator@?$QList@H@@@QtMetaTypePrivate@@SAXPAPAX@Z 0041bb70 f i moc_workmodels.obj
 0001:0001ab70       ?destroy@?$IteratorOwnerCommon@Vconst_iterator@?$QList@PAVQObject@@@@@QtMetaTypePrivate@@SAXPAPAX@Z 0041bb70 f i moc_workmodels.obj
 0001:0001ab90       ?display@OperationParamObject@@QBE?AVQString@@XZ 0041bb90 f i moc_workmodels.obj
 0001:0001abb0       ?displayChanged@OperationParamObject@@QAEXXZ 0041bbb0 f   moc_workmodels.obj
 0001:0001abd0       ?equal@?$IteratorOwnerCommon@Vconst_iterator@?$QList@PAVQObject@@@@@QtMetaTypePrivate@@SA_NPBQAX0@Z 0041bbd0 f i moc_workmodels.obj
 0001:0001abd0       ?equal@?$IteratorOwnerCommon@Vconst_iterator@?$QList@H@@@QtMetaTypePrivate@@SA_NPBQAX0@Z 0041bbd0 f i moc_workmodels.obj
 0001:0001abf0       ?floatValueChanged@OperationParamObject@@QAEXXZ 0041bbf0 f   moc_workmodels.obj
 0001:0001ac10       ?getLicenseNumber@TargetMachineObject@@QBE?AVQString@@XZ 0041bc10 f i moc_workmodels.obj
 0001:0001ac30       ?getParamListModel@PlanSelector@@QAE?AV?$QList@PAVQObject@@@@XZ 0041bc30 f i moc_workmodels.obj
 0001:0001ac50       ?getParamModel@OperationParamSelector@@QAE?AV?$QList@PAVQObject@@@@XZ 0041bc50 f i moc_workmodels.obj
 0001:0001ac70       ?intListValue@OperationParamObject@@QAE?AV?$QList@H@@XZ 0041bc70 f i moc_workmodels.obj
 0001:0001ac90       ?intListValueChanged@OperationParamObject@@QAEXXZ 0041bc90 f   moc_workmodels.obj
 0001:0001acb0       ?integerValueChanged@OperationParamObject@@QAEXXZ 0041bcb0 f   moc_workmodels.obj
 0001:0001acd0       ?metaObject@AdministratorChecker@@UBEPBUQMetaObject@@XZ 0041bcd0 f   moc_workmodels.obj
 0001:0001acf0       ?metaObject@ConfigFileConverter@@UBEPBUQMetaObject@@XZ 0041bcf0 f   moc_workmodels.obj
 0001:0001ad10       ?metaObject@OperationParamObject@@UBEPBUQMetaObject@@XZ 0041bd10 f   moc_workmodels.obj
 0001:0001ad30       ?metaObject@OperationParamSelector@@UBEPBUQMetaObject@@XZ 0041bd30 f   moc_workmodels.obj
 0001:0001ad50       ?metaObject@PlanController@@UBEPBUQMetaObject@@XZ 0041bd50 f   moc_workmodels.obj
 0001:0001ad70       ?metaObject@PlanSelector@@UBEPBUQMetaObject@@XZ 0041bd70 f   moc_workmodels.obj
 0001:0001ad90       ?metaObject@StatusViewWatcher@@UBEPBUQMetaObject@@XZ 0041bd90 f   moc_workmodels.obj
 0001:0001adb0       ?metaObject@TargetMachineObject@@UBEPBUQMetaObject@@XZ 0041bdb0 f   moc_workmodels.obj
 0001:0001add0       ?metaObject@WorkLocationManager@@UBEPBUQMetaObject@@XZ 0041bdd0 f   moc_workmodels.obj
 0001:0001adf0       ?nameChanged@OperationParamObject@@QAEXXZ 0041bdf0 f   moc_workmodels.obj
 0001:0001ae10       ?op_eq_impl@?$QList@PAVQObject@@@@ABE_NABV1@UArrayCompatibleLayout@QListData@@@Z 0041be10 f i moc_workmodels.obj
 0001:0001ae10       ?op_eq_impl@?$QList@H@@ABE_NABV1@UArrayCompatibleLayout@QListData@@@Z 0041be10 f i moc_workmodels.obj
 0001:0001ae80       ?op_eq_impl@?$QList@VQString@@@@ABE_NABV1@UArrayCompatibleLayout@QListData@@@Z 0041be80 f i moc_workmodels.obj
 0001:0001aef0       ?operationListModel@PlanSelector@@QAE?AVQStringList@@XZ 0041bef0 f i moc_workmodels.obj
 0001:0001af10       ?operationModel@OperationParamSelector@@QAE?AVQStringList@@XZ 0041bf10 f i moc_workmodels.obj
 0001:0001af30       ?operationNameChanged@SingleOperationObject@@QAEXXZ 0041bf30 f   moc_workmodels.obj
 0001:0001af50       ?pageNameChanged@OperationParamSelector@@QAEXXZ 0041bf50 f   moc_workmodels.obj
 0001:0001af70       ?paramListModelChanged@PlanSelector@@QAEXXZ 0041bf70 f   moc_workmodels.obj
 0001:0001af90       ?paramModelChanged@OperationParamSelector@@QAEXXZ 0041bf90 f   moc_workmodels.obj
 0001:0001afb0       ?planCheckStatusChanged@PlanSelector@@QAEXABVQJsonObject@@@Z 0041bfb0 f   moc_workmodels.obj
 0001:0001afe0       ?qt_metacall@AdministratorChecker@@UAEHW4Call@QMetaObject@@HPAPAX@Z 0041bfe0 f   moc_workmodels.obj
 0001:0001b090       ?qt_metacall@ConfigFileConverter@@UAEHW4Call@QMetaObject@@HPAPAX@Z 0041c090 f   moc_workmodels.obj
 0001:0001b0f0       ?qt_metacall@OperationParamObject@@UAEHW4Call@QMetaObject@@HPAPAX@Z 0041c0f0 f   moc_workmodels.obj
 0001:0001b190       ?qt_metacall@OperationParamSelector@@UAEHW4Call@QMetaObject@@HPAPAX@Z 0041c190 f   moc_workmodels.obj
 0001:0001b240       ?qt_metacall@PlanController@@UAEHW4Call@QMetaObject@@HPAPAX@Z 0041c240 f   moc_workmodels.obj
 0001:0001b2a0       ?qt_metacall@PlanSelector@@UAEHW4Call@QMetaObject@@HPAPAX@Z 0041c2a0 f   moc_workmodels.obj
 0001:0001b350       ?qt_metacall@StatusViewWatcher@@UAEHW4Call@QMetaObject@@HPAPAX@Z 0041c350 f   moc_workmodels.obj
 0001:0001b3b0       ?qt_metacall@TargetMachineObject@@UAEHW4Call@QMetaObject@@HPAPAX@Z 0041c3b0 f   moc_workmodels.obj
 0001:0001b470       ?qt_metacall@WorkLocationManager@@UAEHW4Call@QMetaObject@@HPAPAX@Z 0041c470 f   moc_workmodels.obj
 0001:0001b4d0       ?qt_metacast@AdministratorChecker@@UAEPAXPBD@Z 0041c4d0 f   moc_workmodels.obj
 0001:0001b530       ?qt_metacast@ConfigFileConverter@@UAEPAXPBD@Z 0041c530 f   moc_workmodels.obj
 0001:0001b590       ?qt_metacast@OperationParamObject@@UAEPAXPBD@Z 0041c590 f   moc_workmodels.obj
 0001:0001b630       ?qt_metacast@OperationParamSelector@@UAEPAXPBD@Z 0041c630 f   moc_workmodels.obj
 0001:0001b690       ?qt_metacast@PlanController@@UAEPAXPBD@Z 0041c690 f   moc_workmodels.obj
 0001:0001b6f0       ?qt_metacast@PlanSelector@@UAEPAXPBD@Z 0041c6f0 f   moc_workmodels.obj
 0001:0001b750       ?qt_metacast@StatusViewWatcher@@UAEPAXPBD@Z 0041c750 f   moc_workmodels.obj
 0001:0001b7b0       ?qt_metacast@TargetMachineObject@@UAEPAXPBD@Z 0041c7b0 f   moc_workmodels.obj
 0001:0001b850       ?qt_metacast@WorkLocationManager@@UAEPAXPBD@Z 0041c850 f   moc_workmodels.obj
 0001:0001b8b0       ?qt_metatype_id@?$QMetaTypeId@V?$QList@H@@@@SAHXZ 0041c8b0 f i moc_workmodels.obj
 0001:0001b9d0       ?qt_metatype_id@?$QMetaTypeId@V?$QList@PAVQObject@@@@@@SAHXZ 0041c9d0 f i moc_workmodels.obj
 0001:0001ba70       ?qt_metatype_id@?$QMetaTypeId@VQSequentialIterableImpl@QtMetaTypePrivate@@@@SAHXZ 0041ca70 f i moc_workmodels.obj
 0001:0001bb00       ?qt_static_metacall@AdministratorChecker@@CAXPAVQObject@@W4Call@QMetaObject@@HPAPAX@Z 0041cb00 f   moc_workmodels.obj
 0001:0001bb80       ?qt_static_metacall@ConfigFileConverter@@CAXPAVQObject@@W4Call@QMetaObject@@HPAPAX@Z 0041cb80 f   moc_workmodels.obj
 0001:0001bbd0       ?qt_static_metacall@OperationParamObject@@CAXPAVQObject@@W4Call@QMetaObject@@HPAPAX@Z 0041cbd0 f   moc_workmodels.obj
 0001:0001c0f0       ?qt_static_metacall@OperationParamSelector@@CAXPAVQObject@@W4Call@QMetaObject@@HPAPAX@Z 0041d0f0 f   moc_workmodels.obj
 0001:0001c3a0       ?qt_static_metacall@PlanController@@CAXPAVQObject@@W4Call@QMetaObject@@HPAPAX@Z 0041d3a0 f   moc_workmodels.obj
 0001:0001c430       ?qt_static_metacall@PlanSelector@@CAXPAVQObject@@W4Call@QMetaObject@@HPAPAX@Z 0041d430 f   moc_workmodels.obj
 0001:0001c960       ?qt_static_metacall@SingleOperationObject@@CAXPAVQObject@@W4Call@QMetaObject@@HPAPAX@Z 0041d960 f   moc_workmodels.obj
 0001:0001ca10       ?qt_static_metacall@StatusViewWatcher@@CAXPAVQObject@@W4Call@QMetaObject@@HPAPAX@Z 0041da10 f   moc_workmodels.obj
 0001:0001cab0       ?qt_static_metacall@TargetMachineObject@@CAXPAVQObject@@W4Call@QMetaObject@@HPAPAX@Z 0041dab0 f   moc_workmodels.obj
 0001:0001cc10       ?qt_static_metacall@WorkLocationManager@@CAXPAVQObject@@W4Call@QMetaObject@@HPAPAX@Z 0041dc10 f   moc_workmodels.obj
 0001:0001cd40       ?registerConverter@?$ValueTypeIsMetaType@V?$QList@H@@$00@QtPrivate@@SA_NH@Z 0041dd40 f i moc_workmodels.obj
 0001:0001cdd0       ?registerConverter@?$ValueTypeIsMetaType@V?$QList@PAVQObject@@@@$00@QtPrivate@@SA_NH@Z 0041ddd0 f i moc_workmodels.obj
 0001:0001ce60       ?revertSwitchChanged@OperationParamObject@@QAEXXZ 0041de60 f   moc_workmodels.obj
 0001:0001ce80       ?setBoolValue@OperationParamObject@@QAEX_N@Z 0041de80 f i moc_workmodels.obj
 0001:0001ceb0       ?setBottomValue@OperationParamObject@@QAEXH@Z 0041deb0 f i moc_workmodels.obj
 0001:0001cee0       ?setDisplay@OperationParamObject@@QAEXABVQString@@@Z 0041dee0 f i moc_workmodels.obj
 0001:0001cf20       ?setFloatValue@OperationParamObject@@QAEXN@Z 0041df20 f i moc_workmodels.obj
 0001:0001cf70       ?setIntListValue@OperationParamObject@@QAEXABV?$QList@H@@@Z 0041df70 f i moc_workmodels.obj
 0001:0001d050       ?setIntegerValue@OperationParamObject@@QAEXH@Z 0041e050 f i moc_workmodels.obj
 0001:0001d080       ?setName@OperationParamObject@@QAEXABVQString@@@Z 0041e080 f i moc_workmodels.obj
 0001:0001d0c0       ?setOperationName@SingleOperationObject@@QAEXABVQString@@@Z 0041e0c0 f i moc_workmodels.obj
 0001:0001d100       ?setParamListModel@PlanSelector@@QAEXABV?$QList@PAVQObject@@@@@Z 0041e100 f i moc_workmodels.obj
 0001:0001d1e0       ?setParamModel@OperationParamSelector@@QAEXABV?$QList@PAVQObject@@@@@Z 0041e1e0 f i moc_workmodels.obj
 0001:0001d2c0       ?setRevertSwitch@OperationParamObject@@QAEX_N@Z 0041e2c0 f i moc_workmodels.obj
 0001:0001d2f0       ?setStringValue@OperationParamObject@@QAEXABVQString@@@Z 0041e2f0 f i moc_workmodels.obj
 0001:0001d330       ?setStringlistValue@OperationParamObject@@QAEXABVQStringList@@@Z 0041e330 f i moc_workmodels.obj
 0001:0001d3b0       ?setSwitchValue@OperationParamObject@@QAEXABVQString@@@Z 0041e3b0 f i moc_workmodels.obj
 0001:0001d3f0       ?setTopValue@OperationParamObject@@QAEXH@Z 0041e3f0 f i moc_workmodels.obj
 0001:0001d420       ?setUnit@OperationParamObject@@QAEXABVQString@@@Z 0041e420 f i moc_workmodels.obj
 0001:0001d460       ?settype@OperationParamObject@@QAEXABVQString@@@Z 0041e460 f i moc_workmodels.obj
 0001:0001d4a0       ?statusChanged@StatusViewWatcher@@QAEXABVQJsonObject@@@Z 0041e4a0 f   moc_workmodels.obj
 0001:0001d4d0       ?stringListValue@OperationParamObject@@QBE?AVQStringList@@XZ 0041e4d0 f i moc_workmodels.obj
 0001:0001d4f0       ?stringValue@OperationParamObject@@QBE?AVQString@@XZ 0041e4f0 f i moc_workmodels.obj
 0001:0001d510       ?stringValueChanged@OperationParamObject@@QAEXXZ 0041e510 f   moc_workmodels.obj
 0001:0001d530       ?stringlistValueChanged@OperationParamObject@@QAEXXZ 0041e530 f   moc_workmodels.obj
 0001:0001d550       ?switchValue@OperationParamObject@@QBE?AVQString@@XZ 0041e550 f i moc_workmodels.obj
 0001:0001d570       ?switchValueChanged@OperationParamObject@@QAEXXZ 0041e570 f   moc_workmodels.obj
 0001:0001d590       ?taskStateChanged@PlanController@@QAEXABVQString@@@Z 0041e590 f   moc_workmodels.obj
 0001:0001d5c0       ?topValueChanged@OperationParamObject@@QAEXXZ 0041e5c0 f   moc_workmodels.obj
 0001:0001d5e0       ?type@OperationParamObject@@QBE?AVQString@@XZ 0041e5e0 f i moc_workmodels.obj
 0001:0001d600       ?typeChanged@OperationParamObject@@QAEXXZ 0041e600 f   moc_workmodels.obj
 0001:0001d620       ?unit@OperationParamObject@@QBE?AVQString@@XZ 0041e620 f i moc_workmodels.obj
 0001:0001d640       ?workLocationTypeChanged@StatusViewWatcher@@QAEXXZ 0041e640 f   moc_workmodels.obj
 0001:0001d654       _MiniDumpWriteDump@28      0041e654 f   DbgHelp:dbghelp.dll
 0001:0001d65a       ?fixup@QValidator@@UBEXAAVQString@@@Z 0041e65a f   Qt5Gui:Qt5Gui.dll
 0001:0001d660       ?metaObject@QDoubleValidator@@UBEPBUQMetaObject@@XZ 0041e660 f   Qt5Gui:Qt5Gui.dll
 0001:0001d666       ?qt_metacall@QDoubleValidator@@UAEHW4Call@QMetaObject@@HPAPAX@Z 0041e666 f   Qt5Gui:Qt5Gui.dll
 0001:0001d66c       ?qt_metacast@QDoubleValidator@@UAEPAXPBD@Z 0041e66c f   Qt5Gui:Qt5Gui.dll
 0001:0001d672       ?setRange@QDoubleValidator@@UAEXNNH@Z 0041e672 f   Qt5Gui:Qt5Gui.dll
 0001:0001d678       ?childEvent@QObject@@MAEXPAVQChildEvent@@@Z 0041e678 f   Qt5Core:Qt5Core.dll
 0001:0001d67e       ?connectNotify@QObject@@MAEXABVQMetaMethod@@@Z 0041e67e f   Qt5Core:Qt5Core.dll
 0001:0001d684       ?customEvent@QObject@@MAEXPAVQEvent@@@Z 0041e684 f   Qt5Core:Qt5Core.dll
 0001:0001d68a       ?disconnectNotify@QObject@@MAEXABVQMetaMethod@@@Z 0041e68a f   Qt5Core:Qt5Core.dll
 0001:0001d690       ?event@QObject@@UAE_NPAVQEvent@@@Z 0041e690 f   Qt5Core:Qt5Core.dll
 0001:0001d696       ?eventFilter@QObject@@UAE_NPAV1@PAVQEvent@@@Z 0041e696 f   Qt5Core:Qt5Core.dll
 0001:0001d69c       ?timerEvent@QObject@@MAEXPAVQTimerEvent@@@Z 0041e69c f   Qt5Core:Qt5Core.dll
 0001:0001d6a2       ?qRegisterResourceData@@YA_NHPBE00@Z 0041e6a2 f   Qt5Core:Qt5Core.dll
 0001:0001d6a8       ?qUnregisterResourceData@@YA_NHPBE00@Z 0041e6a8 f   Qt5Core:Qt5Core.dll
 0001:0001d6ae       @__security_check_cookie@4 0041e6ae f   MSVCRT:_secchk_.obj
 0001:0001d6bf       ??2@YAPAXI@Z               0041e6bf f   MSVCRT:new_scalar.obj
 0001:0001d6f2       ??3@YAXPAXI@Z              0041e6f2 f   MSVCRT:delete_scalar_size.obj
 0001:0001d7c0       ??$__crt_fast_encode_pointer@P6GHPAU_RTL_CONDITION_VARIABLE@@PAU_RTL_CRITICAL_SECTION@@K@Z@@YAP6GHPAU_RTL_CONDITION_VARIABLE@@PAU_RTL_CRITICAL_SECTION@@K@ZQ6GH01K@Z@Z 0041e7c0 f i MSVCRT:thread_safe_statics.obj
 0001:0001d7c0       ??$__crt_fast_encode_pointer@P6GXPAU_RTL_CONDITION_VARIABLE@@@Z@@YAP6GXPAU_RTL_CONDITION_VARIABLE@@@ZQ6GX0@Z@Z 0041e7c0 f i MSVCRT:thread_safe_statics.obj
 0001:0001d7f9       __Init_thread_footer       0041e7f9 f   MSVCRT:thread_safe_statics.obj
 0001:0001d838       __Init_thread_header       0041e838 f   MSVCRT:thread_safe_statics.obj
 0001:0001d87e       __Init_thread_lock         0041e87e f   MSVCRT:thread_safe_statics.obj
 0001:0001d88a       __Init_thread_notify       0041e88a f   MSVCRT:thread_safe_statics.obj
 0001:0001d8cb       __Init_thread_unlock       0041e8cb f   MSVCRT:thread_safe_statics.obj
 0001:0001d8d7       __Init_thread_wait         0041e8d7 f   MSVCRT:thread_safe_statics.obj
[...]
 0002:000544a0       __unwindtable$??$qmlRegisterType@VTextFieldDoubleValidator@@@@YAHPBDHH0@Z 004784a0     main.obj
 0002:000544a0       __unwindtable$??$qmlRegisterType@VPlanSelector@@@@YAHPBDHH0@Z 004784a0     main.obj
 0002:000544c8       __unwindtable$??$createInto@VPlanSelector@@@QQmlPrivate@@YAXPAX@Z 004784c8     main.obj
 0002:000544c8       __unwindtable$??$createInto@VWorkLocationManager@@@QQmlPrivate@@YAXPAX@Z 004784c8     main.obj
 0002:000544c8       __unwindtable$??$createInto@VOperationParamObject@@@QQmlPrivate@@YAXPAX@Z 004784c8     main.obj
 0002:000544c8       __unwindtable$??$createInto@VOperationParamSelector@@@QQmlPrivate@@YAXPAX@Z 004784c8     main.obj
 0002:000544c8       __unwindtable$??$createInto@VTextFieldDoubleValidator@@@QQmlPrivate@@YAXPAX@Z 004784c8     main.obj
 0002:000544c8       __unwindtable$??$createInto@VStatusViewWatcher@@@QQmlPrivate@@YAXPAX@Z 004784c8     main.obj
 0002:000544c8       __unwindtable$??$createInto@VPlanController@@@QQmlPrivate@@YAXPAX@Z 004784c8     main.obj
 0002:000544d0       __ehfuncinfo$??$createInto@VOperationParamObject@@@QQmlPrivate@@YAXPAX@Z 004784d0     main.obj
 0002:000544d0       __ehfuncinfo$??$createInto@VWorkLocationManager@@@QQmlPrivate@@YAXPAX@Z 004784d0     main.obj
 0002:000544d0       __ehfuncinfo$??$createInto@VPlanSelector@@@QQmlPrivate@@YAXPAX@Z 004784d0     main.obj
 0002:000544d0       __ehfuncinfo$??$createInto@VPlanController@@@QQmlPrivate@@YAXPAX@Z 004784d0     main.obj
 0002:000544d0       __ehfuncinfo$??$createInto@VOperationParamSelector@@@QQmlPrivate@@YAXPAX@Z 004784d0     main.obj
 0002:000544d0       __ehfuncinfo$??$createInto@VTextFieldDoubleValidator@@@QQmlPrivate@@YAXPAX@Z 004784d0     main.obj
 0002:000544d0       __ehfuncinfo$??$createInto@VStatusViewWatcher@@@QQmlPrivate@@YAXPAX@Z 004784d0     main.obj
 0002:000544f4       __unwindtable$?qt_metatype_id@?$QMetaTypeIdQObject@PAVWorkLocationManager@@$07@@SAHXZ 004784f4     main.obj
 0002:000544f4       __unwindtable$?qt_metatype_id@?$QMetaTypeIdQObject@PAVTextFieldDoubleValidator@@$07@@SAHXZ 004784f4     main.obj
 0002:000544f4       __unwindtable$?qt_metatype_id@?$QMetaTypeIdQObject@PAVPlanController@@$07@@SAHXZ 004784f4     main.obj
 0002:000544f4       __unwindtable$?qt_metatype_id@?$QMetaTypeIdQObject@PAVPlanSelector@@$07@@SAHXZ 004784f4     main.obj
 0002:000544f4       __unwindtable$?qt_metatype_id@?$QMetaTypeIdQObject@PAVStatusViewWatcher@@$07@@SAHXZ 004784f4     main.obj
 0002:000544f4       __unwindtable$?qt_metatype_id@?$QMetaTypeIdQObject@PAVOperationParamObject@@$07@@SAHXZ 004784f4     main.obj
 0002:000544f4       __unwindtable$?qt_metatype_id@?$QMetaTypeIdQObject@PAVOperationParamSelector@@$07@@SAHXZ 004784f4     main.obj
 0002:000544fc       __ehfuncinfo$?qt_metatype_id@?$QMetaTypeIdQObject@PAVWorkLocationManager@@$07@@SAHXZ 004784fc     main.obj
 0002:000544fc       __ehfuncinfo$?qt_metatype_id@?$QMetaTypeIdQObject@PAVOperationParamSelector@@$07@@SAHXZ 004784fc     main.obj
 0002:000544fc       __ehfuncinfo$?qt_metatype_id@?$QMetaTypeIdQObject@PAVOperationParamObject@@$07@@SAHXZ 004784fc     main.obj
 0002:000544fc       __ehfuncinfo$?qt_metatype_id@?$QMetaTypeIdQObject@PAVTextFieldDoubleValidator@@$07@@SAHXZ 004784fc     main.obj
 0002:000544fc       __ehfuncinfo$?qt_metatype_id@?$QMetaTypeIdQObject@PAVPlanController@@$07@@SAHXZ 004784fc     main.obj
 0002:000544fc       __ehfuncinfo$?qt_metatype_id@?$QMetaTypeIdQObject@PAVStatusViewWatcher@@$07@@SAHXZ 004784fc     main.obj
 0002:000544fc       __ehfuncinfo$?qt_metatype_id@?$QMetaTypeIdQObject@PAVPlanSelector@@$07@@SAHXZ 004784fc     main.obj
 0002:00054520       __catchsym$?append@?$QList@PAVQObject@@@@QAEXABQAVQObject@@@Z$9 00478520     workmodels.obj
 0002:00054520       __catchsym$?append@?$QList@H@@QAEXABH@Z$9 00478520     configfilehandler.obj
 0002:00054530       __tryblocktable$?append@?$QList@H@@QAEXABH@Z 00478530     configfilehandler.obj
 0002:00054530       __tryblocktable$?append@?$QList@PAVQObject@@@@QAEXABQAVQObject@@@Z 00478530     workmodels.obj
 0002:00054544       __ehfuncinfo$?append@?$QList@PAVQObject@@@@QAEXABQAVQObject@@@Z 00478544     workmodels.obj
 0002:00054544       __ehfuncinfo$?append@?$QList@H@@QAEXABH@Z 00478544     configfilehandler.obj
 0002:00054568       __unwindtable$?append@?$QList@H@@QAEXABH@Z 00478568     configfilehandler.obj
 0002:00054568       __unwindtable$?append@?$QList@PAVQObject@@@@QAEXABQAVQObject@@@Z 00478568     workmodels.obj
 0002:00054598       __catchsym$?detach_helper_grow@?$QList@PAVQObject@@@@AAEPAUNode@1@HH@Z$10 00478598     workmodels.obj
 0002:00054598       __catchsym$?detach_helper_grow@?$QList@H@@AAEPAUNode@1@HH@Z$10 00478598     configfilehandler.obj
 0002:000545a8       __catchsym$?detach_helper_grow@?$QList@PAVQObject@@@@AAEPAUNode@1@HH@Z$9 004785a8     workmodels.obj
 0002:000545a8       __catchsym$?detach_helper_grow@?$QList@H@@AAEPAUNode@1@HH@Z$9 004785a8     configfilehandler.obj
 0002:000545b8       __unwindtable$?detach_helper_grow@?$QList@H@@AAEPAUNode@1@HH@Z 004785b8     configfilehandler.obj
 0002:000545b8       __unwindtable$?detach_helper_grow@?$QList@PAVQObject@@@@AAEPAUNode@1@HH@Z 004785b8     workmodels.obj
 0002:000545d8       __ehfuncinfo$?detach_helper_grow@?$QList@PAVQObject@@@@AAEPAUNode@1@HH@Z 004785d8     workmodels.obj
 0002:000545d8       __ehfuncinfo$?detach_helper_grow@?$QList@H@@AAEPAUNode@1@HH@Z 004785d8     configfilehandler.obj
 0002:000545fc       __tryblocktable$?detach_helper_grow@?$QList@PAVQObject@@@@AAEPAUNode@1@HH@Z 004785fc     workmodels.obj
 0002:000545fc       __tryblocktable$?detach_helper_grow@?$QList@H@@AAEPAUNode@1@HH@Z 004785fc     configfilehandler.obj
 0002:00054624       __ehfuncinfo$?setSelectedOperation@OperationParamSelector@@QAEXH@Z 00478624     workmodels.obj
 0002:00054648       __unwindtable$?setSelectedOperation@OperationParamSelector@@QAEXH@Z 00478648     workmodels.obj
 0002:000546b0       __ehfuncinfo$?onCompleteSingleOperation@OperationParamSelector@@QAEXXZ 004786b0     workmodels.obj
 0002:000546d4       __unwindtable$?onCompleteSingleOperation@OperationParamSelector@@QAEXXZ 004786d4     workmodels.obj
 0002:00054714       __unwindtable$??0PlanSelector@@QAE@PAVQObject@@@Z 00478714     workmodels.obj
 0002:00054734       __ehfuncinfo$??0PlanSelector@@QAE@PAVQObject@@@Z 00478734     workmodels.obj
 0002:00054758       __unwindtable$??1PlanSelector@@UAE@XZ 00478758     workmodels.obj
 0002:00054768       __ehfuncinfo$??1PlanSelector@@UAE@XZ 00478768     workmodels.obj
 0002:0005478c       __ehfuncinfo$?setSelectedStep@PlanSelector@@QAEXHH@Z 0047878c     workmodels.obj
 0002:000547b0       __unwindtable$?setSelectedStep@PlanSelector@@QAEXHH@Z 004787b0     workmodels.obj
 0002:00054818       __ehfuncinfo$?setSelectedOperation@PlanSelector@@QAEXHHH@Z 00478818     workmodels.obj
 0002:0005483c       __unwindtable$?setSelectedOperation@PlanSelector@@QAEXHHH@Z 0047883c     workmodels.obj
 0002:000548c4       __unwindtable$?getSwitch@OperationParamSelector@@QAEPAVQObject@@ABVQString@@@Z 004788c4     workmodels.obj
 0002:000548c4       __unwindtable$?getSwitch@PlanSelector@@QAEPAVQObject@@ABVQString@@@Z 004788c4     workmodels.obj
 0002:000548dc       __ehfuncinfo$?getSwitch@OperationParamSelector@@QAEPAVQObject@@ABVQString@@@Z 004788dc     workmodels.obj
 0002:000548dc       __ehfuncinfo$?getSwitch@PlanSelector@@QAEPAVQObject@@ABVQString@@@Z 004788dc     workmodels.obj
 0002:00054900       __unwindtable$??_GStatusViewWatcher@@UAEPAXI@Z 00478900     workmodels.obj
 0002:00054908       __ehfuncinfo$??_GStatusViewWatcher@@UAEPAXI@Z 00478908     workmodels.obj
 0002:0005492c       __unwindtable$?onMachineConfigChanged@TargetMachineObject@@QAE_NXZ 0047892c     workmodels.obj
 0002:00054934       __ehfuncinfo$?onMachineConfigChanged@TargetMachineObject@@QAE_NXZ 00478934     workmodels.obj
 0002:00054958       __unwindtable$??1?$QForeachContainer@V?$QList@VOperationParamData@@@@@@QAE@XZ 00478958     configfilehandler.obj
 0002:00054958       __unwindtable$??1?$QForeachContainer@V?$QList@PAVQObject@@@@@@QAE@XZ 00478958     workmodels.obj
 0002:00054958       __unwindtable$??1?$QForeachContainer@$$CBV?$QList@VOperationParamData@@@@@@QAE@XZ 00478958     environmentvariant.obj
 0002:00054960       __ehfuncinfo$??1?$QForeachContainer@V?$QList@PAVQObject@@@@@@QAE@XZ 00478960     workmodels.obj
 0002:00054960       __ehfuncinfo$??1?$QForeachContainer@$$CBV?$QList@VOperationParamData@@@@@@QAE@XZ 00478960     environmentvariant.obj
 0002:00054960       __ehfuncinfo$??1?$QForeachContainer@V?$QList@VOperationParamData@@@@@@QAE@XZ 00478960     configfilehandler.obj
 0002:00054984       __ehfuncinfo$?doCheck@SubThreadCheckWorker@@QAEXABVQJsonObject@@@Z 00478984     workflowChecker.obj
 0002:000549a8       __unwindtable$?doCheck@SubThreadCheckWorker@@QAEXABVQJsonObject@@@Z 004789a8     workflowChecker.obj
 0002:00054aa0       __ehfuncinfo$?configChecker@SubThreadCheckWorker@@QAEXABVQJsonArray@@@Z 00478aa0     workflowChecker.obj
 0002:00054ac4       __unwindtable$?configChecker@SubThreadCheckWorker@@QAEXABVQJsonArray@@@Z 00478ac4     workflowChecker.obj
 0002:00054b4c       __ehfuncinfo$?CheckBoardConstraint@SubThreadCheckWorker@@IAE_NABVQJsonObject@@@Z 00478b4c     workflowChecker.obj
 0002:00054b70       __unwindtable$?CheckBoardConstraint@SubThreadCheckWorker@@IAE_NABVQJsonObject@@@Z 00478b70     workflowChecker.obj
 0002:00054c20       __ehfuncinfo$?CheckParamConstraint@SubThreadCheckWorker@@IAE_NABVQJsonObject@@@Z 00478c20     workflowChecker.obj
 0002:00054c44       __unwindtable$?CheckParamConstraint@SubThreadCheckWorker@@IAE_NABVQJsonObject@@@Z 00478c44     workflowChecker.obj
 0002:00054dac       __ehfuncinfo$?isFilteredCommand@SubThreadCheckWorker@@IAE_NABVQJsonObject@@@Z 00478dac     workflowChecker.obj
 0002:00054dd0       __unwindtable$?isFilteredCommand@SubThreadCheckWorker@@IAE_NABVQJsonObject@@@Z 00478dd0     workflowChecker.obj
 0002:00054e58       __ehfuncinfo$??0WorkflowCheckerController@@QAE@PAVQObject@@@Z 00478e58     workflowChecker.obj
 0002:00054e7c       __unwindtable$??0WorkflowCheckerController@@QAE@PAVQObject@@@Z 00478e7c     workflowChecker.obj
 0002:00054eac       __unwindtable$?statusChanged@WorkflowCheckerController@@QAEXABVQJsonObject@@@Z 00478eac     workflowChecker.obj
 0002:00054eac       __unwindtable$?statusChanged@WorkflowController@@QAEXABVQJsonObject@@@Z 00478eac     workflowprotocol.obj
 0002:00054ebc       __ehfuncinfo$?statusChanged@WorkflowCheckerController@@QAEXABVQJsonObject@@@Z 00478ebc     workflowChecker.obj
 0002:00054ebc       __ehfuncinfo$?statusChanged@WorkflowController@@QAEXABVQJsonObject@@@Z 00478ebc     workflowprotocol.obj
 0002:00054ee0       __unwindtable$?qt_metatype_id@?$QMetaTypeId@V?$QList@PAVQObject@@@@@@SAHXZ 00478ee0     moc_workmodels.obj
 0002:00054ee0       __unwindtable$?qt_metatype_id@?$QMetaTypeId@VQSequentialIterableImpl@QtMetaTypePrivate@@@@SAHXZ 00478ee0     moc_workmodels.obj
 0002:00054ee8       __ehfuncinfo$?qt_metatype_id@?$QMetaTypeId@VQSequentialIterableImpl@QtMetaTypePrivate@@@@SAHXZ 00478ee8     moc_workmodels.obj
 0002:00054ee8       __ehfuncinfo$?qt_metatype_id@?$QMetaTypeId@V?$QList@PAVQObject@@@@@@SAHXZ 00478ee8     moc_workmodels.obj
 0002:00054f0c       __unwindtable$?qt_static_metacall@OperationParamSelector@@CAXPAVQObject@@W4Call@QMetaObject@@HPAPAX@Z 00478f0c     moc_workmodels.obj
 0002:00054f14       __ehfuncinfo$?qt_static_metacall@OperationParamSelector@@CAXPAVQObject@@W4Call@QMetaObject@@HPAPAX@Z 00478f14     moc_workmodels.obj
 0002:00054f38       __unwindtable$?setIntListValue@OperationParamObject@@QAEXABV?$QList@H@@@Z 00478f38     moc_workmodels.obj
 0002:00054f38       __unwindtable$?setParamListModel@PlanSelector@@QAEXABV?$QList@PAVQObject@@@@@Z 00478f38     moc_workmodels.obj
 0002:00054f38       __unwindtable$?clear@?$QList@UloopControl@SubThreadWorker@@@@QAEXXZ 00478f38     workflowprotocol.obj
 0002:00054f38       __unwindtable$?setParamModel@OperationParamSelector@@QAEXABV?$QList@PAVQObject@@@@@Z 00478f38     moc_workmodels.obj
 0002:00054f38       __unwindtable$??4OperationParamData@@QAEAAV0@ABV0@@Z 00478f38     configfilehandler.obj
 0002:00054f40       __ehfuncinfo$?setParamListModel@PlanSelector@@QAEXABV?$QList@PAVQObject@@@@@Z 00478f40     moc_workmodels.obj
 0002:00054f40       __ehfuncinfo$??4OperationParamData@@QAEAAV0@ABV0@@Z 00478f40     configfilehandler.obj
 0002:00054f40       __ehfuncinfo$?clear@?$QList@UloopControl@SubThreadWorker@@@@QAEXXZ 00478f40     workflowprotocol.obj
 0002:00054f40       __ehfuncinfo$?setParamModel@OperationParamSelector@@QAEXABV?$QList@PAVQObject@@@@@Z 00478f40     moc_workmodels.obj
 0002:00054f40       __ehfuncinfo$?setIntListValue@OperationParamObject@@QAEXABV?$QList@H@@@Z 00478f40     moc_workmodels.obj
 0002:00054f64       __unwindtable$?qt_static_metacall@PlanSelector@@CAXPAVQObject@@W4Call@QMetaObject@@HPAPAX@Z 00478f64     moc_workmodels.obj
 0002:00054f84       __ehfuncinfo$?qt_static_metacall@PlanSelector@@CAXPAVQObject@@W4Call@QMetaObject@@HPAPAX@Z 00478f84     moc_workmodels.obj
 0002:00054fa8       __unwindtable$?qt_static_metacall@WorkLocationManager@@CAXPAVQObject@@W4Call@QMetaObject@@HPAPAX@Z 00478fa8     moc_workmodels.obj
 0002:00054fb8       __ehfuncinfo$?qt_static_metacall@WorkLocationManager@@CAXPAVQObject@@W4Call@QMetaObject@@HPAPAX@Z 00478fb8     moc_workmodels.obj
 0002:00054fdc       __unwindtable$?Construct@?$QMetaTypeFunctionHelper@V?$QList@H@@$00@QtMetaTypePrivate@@SAPAXPAXPBX@Z 00478fdc     moc_workmodels.obj
 0002:00054fdc       __unwindtable$?Construct@?$QMetaTypeFunctionHelper@V?$QList@PAVQObject@@@@$00@QtMetaTypePrivate@@SAPAXPAXPBX@Z 00478fdc     moc_workmodels.obj
 0002:00054fe4       __ehfuncinfo$?Construct@?$QMetaTypeFunctionHelper@V?$QList@H@@$00@QtMetaTypePrivate@@SAPAXPAXPBX@Z 00478fe4     moc_workmodels.obj
 0002:00054fe4       __ehfuncinfo$?Construct@?$QMetaTypeFunctionHelper@V?$QList@PAVQObject@@@@$00@QtMetaTypePrivate@@SAPAXPAXPBX@Z 00478fe4     moc_workmodels.obj
 0002:00055008       __unwindtable$?qt_metatype_id@?$QMetaTypeId@V?$QList@H@@@@SAHXZ 00479008     moc_workmodels.obj
 0002:00055010       __ehfuncinfo$?qt_metatype_id@?$QMetaTypeId@V?$QList@H@@@@SAHXZ 00479010     moc_workmodels.obj
 0002:00055034       __unwindtable$??__Fdummy@?A0x60b45615@@YAXXZ 00479034     qrc_qml.obj
 0002:00055034       __unwindtable$?Destruct@?$QMetaTypeFunctionHelper@V?$QList@PAVQObject@@@@$00@QtMetaTypePrivate@@SAXPAX@Z 00479034     moc_workmodels.obj
 0002:00055034       __unwindtable$??__Ff@?4??registerConverter@?$ValueTypeIsMetaType@V?$QList@H@@$00@QtPrivate@@SA_NH@Z@YAXXZ 00479034     moc_workmodels.obj
 0002:00055034       __unwindtable$??__Ff@?4??registerConverter@?$ValueTypeIsMetaType@V?$QList@PAVQObject@@@@$00@QtPrivate@@SA_NH@Z@YAXXZ 00479034     moc_workmodels.obj
 0002:00055034       __unwindtable$?Destruct@?$QMetaTypeFunctionHelper@V?$QList@H@@$00@QtMetaTypePrivate@@SAXPAX@Z 00479034     moc_workmodels.obj
 0002:0005503c       __ehfuncinfo$?Destruct@?$QMetaTypeFunctionHelper@V?$QList@H@@$00@QtMetaTypePrivate@@SAXPAX@Z 0047903c     moc_workmodels.obj
 0002:0005503c       __ehfuncinfo$??__Ff@?4??registerConverter@?$ValueTypeIsMetaType@V?$QList@H@@$00@QtPrivate@@SA_NH@Z@YAXXZ 0047903c     moc_workmodels.obj
 0002:0005503c       __ehfuncinfo$??__Ff@?4??registerConverter@?$ValueTypeIsMetaType@V?$QList@PAVQObject@@@@$00@QtPrivate@@SA_NH@Z@YAXXZ 0047903c     moc_workmodels.obj
 0002:0005503c       __ehfuncinfo$??__Fdummy@?A0x60b45615@@YAXXZ 0047903c     qrc_qml.obj
 0002:0005503c       __ehfuncinfo$?Destruct@?$QMetaTypeFunctionHelper@V?$QList@PAVQObject@@@@$00@QtMetaTypePrivate@@SAXPAX@Z 0047903c     moc_workmodels.obj
 0002:00055060       __sehtable$___scrt_is_nonwritable_in_current_image 00479060     MSVCRT:utility.obj
 0002:00055080       __sehtable$?__scrt_common_main_seh@@YAHXZ 00479080     MSVCRT:exe_winmain.obj
 0002:000557e8       .idata$6                   004797e8     DbgHelp:dbghelp.dll
 0002:000558ec       .idata$6                   004798ec     Qt5Quick:Qt5Quick.dll
 0002:00055c44       .idata$6                   00479c44     Qt5Gui:Qt5Gui.dll
 0002:00055da0       .idata$6                   00479da0     Qt5Qml:Qt5Qml.dll
 0002:00055eb2       .idata$6                   00479eb2     Qt5Network:Qt5Network.dll
 0002:00058200       .idata$6                   0047c200     Qt5Core:Qt5Core.dll
 0002:000583f2       .idata$6                   0047c3f2     kernel32:KERNEL32.dll
 0002:000584d6       .idata$6                   0047c4d6     vcruntime:VCRUNTIME140.dll
 0002:000586b6       .idata$6                   0047c6b6     ucrt:api-ms-win-crt-heap-l1-1-0.dll
 0002:000586d6       .idata$6                   0047c6d6     ucrt:api-ms-win-crt-runtime-l1-1-0.dll
 0002:000586f8       .idata$6                   0047c6f8     ucrt:api-ms-win-crt-math-l1-1-0.dll
 0002:00058718       .idata$6                   0047c718     ucrt:api-ms-win-crt-stdio-l1-1-0.dll
 0002:00058738       .idata$6                   0047c738     ucrt:api-ms-win-crt-locale-l1-1-0.dll
 0002:00058770       .idata$6                   0047c770     shell32:SHELL32.dll
 0003:000007bc       ?_Tss_mutex@@3U_RTL_CRITICAL_SECTION@@A 0047d7bc     MSVCRT:thread_safe_statics.obj
 0003:000007d4       ?_Tss_cv@@3U_RTL_CONDITION_VARIABLE@@A 0047d7d4     MSVCRT:thread_safe_statics.obj
 0003:000007d8       ?_Tss_event@@3PAXA         0047d7d8     MSVCRT:thread_safe_statics.obj
 0003:000007dc       ?encoded_sleep_condition_variable_cs@@3P6GHPAU_RTL_CONDITION_VARIABLE@@PAU_RTL_CRITICAL_SECTION@@K@ZA 0047d7dc     MSVCRT:thread_safe_statics.obj
 0003:000007e0       ?encoded_wake_all_condition_variable@@3P6GXPAU_RTL_CONDITION_VARIABLE@@@ZA 0047d7e0     MSVCRT:thread_safe_statics.obj
 0003:000007f0       ?module_local_atexit_table@@3U_onexit_table_t@@A 0047d7f0     MSVCRT:utility.obj
 0003:000007fc       ?module_local_at_quick_exit_table@@3U_onexit_table_t@@A 0047d7fc     MSVCRT:utility.obj
 0003:00000808       ?is_initialized_as_dll@@3_NA 0047d808     MSVCRT:utility.obj
 0003:00000810       _GS_ExceptionRecord        0047d810     MSVCRT:gs_report.obj
 0003:00000860       _GS_ContextRecord          0047d860     MSVCRT:gs_report.obj
 0005:00000000       __guard_fids__             0047f000     MSVCRT:thread_safe_statics.obj
 0005:00000004       __guard_fids_?__scrt_initialize_thread_safe_statics@@YAHXZ 0047f004     MSVCRT:thread_safe_statics.obj
 0005:00000008       __guard_fids__             0047f008     MSVCRT:std_type_info_static.obj
 0005:0000000c       __guard_fids__             0047f00c     MSVCRT:exe_winmain.obj
 0005:00000010       __guard_fids__             0047f010     MSVCRT:exe_winmain.obj
 0005:00000014       __guard_fids__             0047f014     MSVCRT:exe_winmain.obj
 0005:00000018       __guard_fids_?pre_c_initialization@@YAHXZ 0047f018     MSVCRT:exe_winmain.obj
 0005:00000020       __guard_fids__             0047f020     MSVCRT:throw_bad_alloc.obj
 0005:00000028       __guard_fids__             0047f028     MSVCRT:throw_bad_alloc.obj
 0005:00000030       __guard_fids__             0047f030     MSVCRT:throw_bad_alloc.obj
 0005:00000038       __guard_fids__             0047f038     MSVCRT:throw_bad_alloc.obj
 0005:0000003c       __guard_fids__             0047f03c     MSVCRT:throw_bad_alloc.obj
 0005:00000040       __guard_fids__             0047f040     MSVCRT:throw_bad_alloc.obj
 0005:00000044       __guard_fids__             0047f044     MSVCRT:throw_bad_alloc.obj
 0005:00000048       __guard_fids__             0047f048     MSVCRT:throw_bad_alloc.obj
 0005:0000004c       __guard_fids____scrt_set_unhandled_exception_filter 0047f04c     MSVCRT:utility_desktop.obj
 0005:00000050       __guard_fids___except_handler4 0047f050     MSVCRT:_chandler4gs_.obj
 0005:00000054       __guard_fids__             0047f054     MSVCRT:guard_support.obj
 0006:00000060       $R000000                   00480060     * linker generated manifest res *
