 MindGoTool_AllInOne

 Timestamp is 598c6baa (Thu Aug 10 22:20:26 2017)

 Preferred load address is 00400000

 Start         Length     Name                   Class
 0001:00000000 00000130H .text$di                CODE
 0001:00000130 0001de30H .text$mn                CODE
 0001:0001df60 00003bb0H .text$x                 CODE
 0001:00021b10 000000fdH .text$yd                CODE
 0002:00000000 00000658H .idata$5                DATA
 0002:00000658 00000004H .00cfg                  DATA
 0002:0000065c 00000004H .CRT$XCA                DATA
 0002:00000660 00000004H .CRT$XCAA               DATA
 0002:00000664 00000044H .CRT$XCU                DATA
 0002:000006a8 00000004H .CRT$XCZ                DATA
 0002:000006ac 00000004H .CRT$XIA                DATA
 0002:000006b0 00000004H .CRT$XIAA               DATA
 0002:000006b4 00000004H .CRT$XIAC               DATA
 0002:000006b8 00000004H .CRT$XIC                DATA
 0002:000006bc 00000004H .CRT$XIZ                DATA
 0002:000006c0 00000004H .CRT$XLA                DATA
 0002:000006c4 00000004H .CRT$XLZ                DATA
 0002:000006c8 00000004H .CRT$XPA                DATA
 0002:000006cc 00000004H .CRT$XPZ                DATA
 0002:000006d0 00000004H .CRT$XTA                DATA
 0002:000006d4 0000000cH .CRT$XTZ                DATA
 0002:000006e0 0004fa54H .rdata                  DATA
 0002:00050134 00000018H .rdata$T                DATA
 0002:0005014c 00000b14H .rdata$r                DATA
 0002:00050c60 00000260H .rdata$sxdata           DATA
 0002:00050ec0 000003ccH .rdata$zzzdbg           DATA
 0002:0005128c 00000004H .rtc$IAA                DATA
 0002:00051290 00000004H .rtc$IZZ                DATA
 0002:00051294 00000004H .rtc$TAA                DATA
 0002:00051298 00000008H .rtc$TZZ                DATA
 0002:000512a0 000044b4H .xdata$x                DATA
 0002:00055754 00000000H .edata                  DATA
 0002:00055754 0000012cH .idata$2                DATA
 0002:00055880 00000014H .idata$3                DATA
 0002:00055894 00000658H .idata$4                DATA
 0002:00055eec 00003c60H .idata$6                DATA
 0003:00000000 000001a8H .data                   DATA
 0003:000001a8 000005c8H .data$r                 DATA
 0003:00000770 00000428H .bss                    DATA
 0004:00000000 00000004H .tls                    DATA
 0004:00000004 00000004H .tls$                   DATA
 0004:00000008 00000001H .tls$ZZZ                DATA
 0005:00000000 00000058H .gfids$y                DATA
 0006:00000000 00000060H .rsrc$01                DATA
 0006:00000060 00000290H .rsrc$02                DATA

  Address         Publics by Value              Rva+Base       Lib:Object

 0000:00000000       ___guard_iat_table         00000000     <absolute>
 0000:00000000       ___guard_longjmp_count     00000000     <absolute>
 0000:00000000       ___guard_longjmp_table     00000000     <absolute>
 0000:00000000       ___guard_fids_table        00000000     <absolute>
 0000:00000000       ___guard_iat_count         00000000     <absolute>
 0000:00000000       ___guard_fids_count        00000000     <absolute>
 0000:00000000       ___dynamic_value_reloc_table 00000000     <absolute>
 0000:0000002c       __tls_array                0000002c     <absolute>
 0000:00000098       ___safe_se_handler_count   00000098     <absolute>
 0000:00000100       ___guard_flags             00000100     <absolute>
 0000:00000000       ___ImageBase               00400000     <linker-defined>
 0001:00000130       ??0Communication@@QAE@XZ   00401130 f   communication.obj
 0001:00000150       ?connectToServer@Communication@@QAE_NABVQString@@G@Z 00401150 f   communication.obj
 0001:00000270       ?disconnect@Communication@@QAEXXZ 00401270 f   communication.obj
 0001:00000290       ?readData@Communication@@QAE?AVQByteArray@@H@Z 00401290 f   communication.obj
 0001:00000310       ?write@Communication@@QAE_JABVQByteArray@@@Z 00401310 f   communication.obj
 0001:00000360       ??$connect@P8QThread@@AEXUQPrivateSignal@1@@ZP8QObject@@AEXXZ@QObject@@SA?AVConnection@QMetaObject@@PBVQThread@@P83@AEXUQPrivateSignal@3@@ZPBV0@P80@AEXXZW4ConnectionType@Qt@@@Z 00401360 f i workflowprotocol.obj
 0001:000003c0       ??$connect@P8SubThreadWorker@@AEXABVQJsonObject@@@ZP8WorkflowController@@AEX0@Z@QObject@@SA?AVConnection@QMetaObject@@PBVSubThreadWorker@@P83@AEXABVQJsonObject@@@ZPBVWorkflowController@@P85@AEX1@ZW4ConnectionType@Qt@@@Z 004013c0 f i workflowprotocol.obj
 0001:00000430       ??$connect@P8SubThreadWorker@@AEX_NH@ZP8WorkflowController@@AEX0H@Z@QObject@@SA?AVConnection@QMetaObject@@PBVSubThreadWorker@@P83@AEX_NH@ZPBVWorkflowController@@P84@AEX1H@ZW4ConnectionType@Qt@@@Z 00401430 f i workflowprotocol.obj
 0001:000004a0       ??$connect@P8WorkflowController@@AEXABVQJsonObject@@@ZP8SubThreadWorker@@AEX0@Z@QObject@@SA?AVConnection@QMetaObject@@PBVWorkflowController@@P83@AEXABVQJsonObject@@@ZPBVSubThreadWorker@@P85@AEX1@ZW4ConnectionType@Qt@@@Z 004014a0 f i workflowprotocol.obj
 0001:00000510       ??$connect@P8WorkflowController@@AEXABVQString@@@ZP8SubThreadWorker@@AEX0@Z@QObject@@SA?AVConnection@QMetaObject@@PBVWorkflowController@@P83@AEXABVQString@@@ZPBVSubThreadWorker@@P85@AEX1@ZW4ConnectionType@Qt@@@Z 00401510 f i workflowprotocol.obj
 0001:00000580       ??$connect@P8WorkflowController@@AEXABVQString@@G@ZP8SubThreadWorker@@AEX0G@Z@QObject@@SA?AVConnection@QMetaObject@@PBVWorkflowController@@P83@AEXABVQString@@G@ZPBVSubThreadWorker@@P85@AEX1G@ZW4ConnectionType@Qt@@@Z 00401580 f i workflowprotocol.obj
 0001:000005f0       ??$connect@P8WorkflowController@@AEXXZP8SubThreadWorker@@AEXXZ@QObject@@SA?AVConnection@QMetaObject@@PBVWorkflowController@@P83@AEXXZPBVSubThreadWorker@@P84@AEXXZW4ConnectionType@Qt@@@Z 004015f0 f i workflowprotocol.obj
 0001:00000650       ??$formatWord@E@WorkflowProtocol@@IAE?AVQByteArray@@E@Z 00401650 f i workflowprotocol.obj
 0001:00000680       ??$formatWord@G@WorkflowProtocol@@IAE?AVQByteArray@@G@Z 00401680 f i workflowprotocol.obj
 0001:000006b0       ??0?$QList@VQString@@@@QAE@ABV0@@Z 004016b0 f i workflowprotocol.obj
 0001:00000760       ??0WorkflowController@@QAE@PAVQObject@@@Z 00401760 f   workflowprotocol.obj
 0001:00000950       ??1?$QList@VQString@@@@QAE@XZ 00401950 f i workflowprotocol.obj
 0001:000009e0       ??1Communication@@QAE@XZ   004019e0 f i workflowprotocol.obj
 0001:000009f0       ??1SubThreadWorker@@UAE@XZ 004019f0 f   workflowprotocol.obj
 0001:00000a90       ??1WorkflowController@@UAE@XZ 00401a90 f   workflowprotocol.obj
 0001:00000b00       ??4?$QList@UloopControl@SubThreadWorker@@@@QAEAAV0@$$QAV0@@Z 00401b00 f i workflowprotocol.obj
 0001:00000bb0       ??_GRunningStateChangeEvent@@UAEPAXI@Z 00401bb0 f i workflowprotocol.obj
 0001:00000bb0       ??_ERunningStateChangeEvent@@UAEPAXI@Z 00401bb0 f i workflowprotocol.obj
 0001:00000be0       ??_ESubThreadWorker@@UAEPAXI@Z 00401be0 f i workflowprotocol.obj
 0001:00000be0       ??_GSubThreadWorker@@UAEPAXI@Z 00401be0 f i workflowprotocol.obj
 0001:00000c00       ??_EWorkflowController@@UAEPAXI@Z 00401c00 f i workflowprotocol.obj
 0001:00000c00       ??_GWorkflowController@@UAEPAXI@Z 00401c00 f i workflowprotocol.obj
 0001:00000c90       ?append@?$QList@UloopControl@SubThreadWorker@@@@QAEXABUloopControl@SubThreadWorker@@@Z 00401c90 f i workflowprotocol.obj
 0001:00000d40       ?append@?$QList@VQString@@@@QAEXABVQString@@@Z 00401d40 f i workflowprotocol.obj
 0001:00000df0       ?changeHost@SubThreadWorker@@QAEXABVQString@@G@Z 00401df0 f   workflowprotocol.obj
 0001:00000e10       ?clear@?$QList@UloopControl@SubThreadWorker@@@@QAEXXZ 00401e10 f i workflowprotocol.obj
 0001:00000eb0       ?configProtocol@SubThreadWorker@@QAEXABVQString@@@Z 00401eb0 f   workflowprotocol.obj
 0001:00000ec0       ?dealloc@?$QList@UloopControl@SubThreadWorker@@@@AAEXPAUData@QListData@@@Z 00401ec0 f i workflowprotocol.obj
 0001:00000f10       ?detach_helper@?$QList@UloopControl@SubThreadWorker@@@@AAEXH@Z 00401f10 f i workflowprotocol.obj
 0001:00000fe0       ?detach_helper_grow@?$QList@UloopControl@SubThreadWorker@@@@AAEPAUNode@1@HH@Z 00401fe0 f i workflowprotocol.obj
 0001:00001130       ?detach_helper_grow@?$QList@VQString@@@@AAEPAUNode@1@HH@Z 00402130 f i workflowprotocol.obj
 0001:000012b0       ?doTunning@SubThreadWorker@@QAEXABVQJsonObject@@@Z 004022b0 f   workflowprotocol.obj
 0001:000013e0       ?doWork@SubThreadWorker@@QAEXABVQJsonObject@@@Z 004023e0 f   workflowprotocol.obj
 0001:00001710       ?erase@?$QList@UloopControl@SubThreadWorker@@@@QAE?AViterator@1@V21@@Z 00402710 f i workflowprotocol.obj
 0001:00001790       ?formatRecvFrameToJsonObject@WorkflowProtocol@@QAE_NAAVQJsonObject@@@Z 00402790 f   workflowprotocol.obj
 0001:00001830       ?handleControlCommand@SubThreadWorker@@IAE_NAAVCommunication@@AAVQJsonObject@@@Z 00402830 f   workflowprotocol.obj
 0001:000021d0       ?handleLogicalCommand@SubThreadWorker@@IAE_NAAVQJsonObject@@AAH@Z 004031d0 f   workflowprotocol.obj
 0001:00002940       ?handleLoopCommand@SubThreadWorker@@IAE_NAAVQJsonObject@@AAH@Z 00403940 f   workflowprotocol.obj
 0001:000030d0       ?impl@?$QSlotObject@P8SubThreadWorker@@AEXABVQString@@G@ZU?$List@ABVQString@@G@QtPrivate@@X@QtPrivate@@CAXHPAVQSlotObjectBase@2@PAVQObject@@PAPAXPA_N@Z 004040d0 f i workflowprotocol.obj
 0001:00003130       ?impl@?$QSlotObject@P8StatusViewWatcher@@AEXXZU?$List@$$V@QtPrivate@@X@QtPrivate@@CAXHPAVQSlotObjectBase@2@PAVQObject@@PAPAXPA_N@Z 00404130 f i workmodels.obj
 0001:00003130       ?impl@?$QSlotObject@P8QObject@@AEXXZU?$List@$$V@QtPrivate@@X@QtPrivate@@CAXHPAVQSlotObjectBase@2@PAVQObject@@PAPAXPA_N@Z 00404130 f i workflowprotocol.obj
 0001:00003130       ?impl@?$QSlotObject@P8SubThreadCheckWorker@@AEXXZU?$List@$$V@QtPrivate@@X@QtPrivate@@CAXHPAVQSlotObjectBase@2@PAVQObject@@PAPAXPA_N@Z 00404130 f i workflowChecker.obj
 0001:00003130       ?impl@?$QSlotObject@P8SubThreadWorker@@AEXXZU?$List@$$V@QtPrivate@@X@QtPrivate@@CAXHPAVQSlotObjectBase@2@PAVQObject@@PAPAXPA_N@Z 00404130 f i workflowprotocol.obj
 0001:00003180       ?impl@?$QSlotObject@P8WorkflowController@@AEX_NH@ZU?$List@_NH@QtPrivate@@X@QtPrivate@@CAXHPAVQSlotObjectBase@2@PAVQObject@@PAPAXPA_N@Z 00404180 f i workflowprotocol.obj
 0001:000031e0       ?init@WorkflowController@@QAEXABVQString@@@Z 004041e0 f   workflowprotocol.obj
 0001:000031f0       ?initProtocol@WorkflowProtocol@@QAE_NABVQString@@@Z 004041f0 f   workflowprotocol.obj
 0001:00003340       ?isLogicalCommand@SubThreadWorker@@IAE_NABVQString@@@Z 00404340 f   workflowprotocol.obj
 0001:00003560       ?isLoopCommand@SubThreadWorker@@IAE_NABVQString@@@Z 00404560 f   workflowprotocol.obj
 0001:000037b0       ?node_copy@?$QList@UloopControl@SubThreadWorker@@@@AAEXPAUNode@1@00@Z 004047b0 f i workflowprotocol.obj
 0001:00003850       ?node_copy@?$QList@VQString@@@@AAEXPAUNode@1@00@Z 00404850 f i workflowprotocol.obj
 0001:00003890       ?node_destruct@?$QList@UloopControl@SubThreadWorker@@@@AAEXPAUNode@1@0@Z 00404890 f i workflowprotocol.obj
 0001:000038c0       ?node_destruct@?$QList@VQString@@@@AAEXPAUNode@1@0@Z 004048c0 f i workflowprotocol.obj
 0001:000038f0       ?parseAckFrame@WorkflowProtocol@@QAE_NABVQByteArray@@AAVQJsonObject@@@Z 004048f0 f   workflowprotocol.obj
 0001:000039d0       ?parseJsonObjectToSendFrame@WorkflowProtocol@@QAE_NABVQJsonObject@@AAV2@@Z 004049d0 f   workflowprotocol.obj
 0001:00004060       ?pop_back@?$QList@UloopControl@SubThreadWorker@@@@QAEXXZ 00405060 f i workflowprotocol.obj
 0001:000040a0       ?runTask@WorkflowController@@QAEXABVQJsonObject@@@Z 004050a0 f   workflowprotocol.obj
 0001:000040f0       ?runTunning@WorkflowController@@QAEXABVQJsonObject@@@Z 004050f0 f   workflowprotocol.obj
 0001:00004140       ?serializeSendFrame@WorkflowProtocol@@QAE?AVQByteArray@@XZ 00405140 f   workflowprotocol.obj
 0001:000042a0       ?sethost@WorkflowController@@QAEXABVQString@@G@Z 004052a0 f   workflowprotocol.obj
 0001:000042b0       ?statusChanged@WorkflowController@@QAEXABVQJsonObject@@@Z 004052b0 f   workflowprotocol.obj
 0001:00004350       ?stopCurrentTask@WorkflowController@@QAEXXZ 00405350 f   workflowprotocol.obj
 0001:00004370       ?stopTask@SubThreadWorker@@QAEXXZ 00405370 f   workflowprotocol.obj
 0001:00004380       ?taskStateChanged@WorkflowController@@QAEX_NH@Z 00405380 f   workflowprotocol.obj
 0001:00004410       ?types@?$ConnectionTypes@U?$List@ABVQJsonObject@@@QtPrivate@@$00@QtPrivate@@SAPBHXZ 00405410 f i workflowprotocol.obj
 0001:00004470       ?types@?$ConnectionTypes@U?$List@ABVQString@@@QtPrivate@@$00@QtPrivate@@SAPBHXZ 00405470 f i workflowprotocol.obj
 0001:000044d0       ?types@?$ConnectionTypes@U?$List@ABVQString@@G@QtPrivate@@$00@QtPrivate@@SAPBHXZ 004054d0 f i workflowprotocol.obj
 0001:00004540       ?types@?$ConnectionTypes@U?$List@_NH@QtPrivate@@$00@QtPrivate@@SAPBHXZ 00405540 f i workflowprotocol.obj
 0001:000045b0       ?unserializeRecvFrame@WorkflowProtocol@@QAEXABVQByteArray@@@Z 004055b0 f   workflowprotocol.obj
 0001:000046f0       ??$qMakePair@VQString@@V?$QList@VSingleOperationData@@@@@@YA?AU?$QPair@VQString@@V?$QList@VSingleOperationData@@@@@@ABVQString@@ABV?$QList@VSingleOperationData@@@@@Z 004056f0 f i configfilehandler.obj
 0001:00004750       ??0?$QList@PAVQObject@@@@QAE@ABV0@@Z 00405750 f i workmodels.obj
 0001:00004750       ??0?$QList@H@@QAE@ABV0@@Z  00405750 f i configfilehandler.obj
 0001:00004800       ??0?$QList@VOperationParamData@@@@QAE@ABV0@@Z 00405800 f i configfilehandler.obj
 0001:000048b0       ??0?$QList@VSingleOperationData@@@@QAE@ABV0@@Z 004058b0 f i configfilehandler.obj
 0001:00004960       ??0OperationParamData@@QAE@ABV0@@Z 00405960 f i configfilehandler.obj
 0001:00004ad0       ??0OperationParamData@@QAE@ABVQString@@00ABVQStringList@@_NHH0V?$QList@H@@00HH@Z 00405ad0 f i configfilehandler.obj
 0001:00004c70       ??0OperationParamData@@QAE@XZ 00405c70 f i configfilehandler.obj
 0001:00004ce0       ??0SingleOperationData@@QAE@ABV0@@Z 00405ce0 f i configfilehandler.obj
 0001:00004d50       ??0configFileHandler@@QAE@PAVQObject@@@Z 00405d50 f   configfilehandler.obj
 0001:00004db0       ??1?$QList@U?$QPair@VQString@@V?$QList@VSingleOperationData@@@@@@@@QAE@XZ 00405db0 f i configfilehandler.obj
 0001:00004e30       ??1?$QList@VOperationParamData@@@@QAE@XZ 00405e30 f i configfilehandler.obj
 0001:00004e90       ??1?$QList@VQByteArray@@@@QAE@XZ 00405e90 f i configfilehandler.obj
 0001:00004f20       ??1?$QList@VSingleOperationData@@@@QAE@XZ 00405f20 f i configfilehandler.obj
 0001:00004fa0       ??1?$QMap@VQString@@V1@@@QAE@XZ 00405fa0 f i configfilehandler.obj
 0001:00005020       ??1?$QMap@VQString@@VOperationParamData@@@@QAE@XZ 00406020 f i configfilehandler.obj
 0001:000050c0       ??1?$QMap@VQString@@VQStringList@@@@QAE@XZ 004060c0 f i configfilehandler.obj
 0001:00005160       ??1?$QPair@VQString@@V?$QList@VSingleOperationData@@@@@@QAE@XZ 00406160 f i configfilehandler.obj
 0001:000051f0       ??1OperationParamData@@QAE@XZ 004061f0 f i configfilehandler.obj
 0001:000052a0       ??1QJsonValuePtr@@QAE@XZ   004062a0 f i configfilehandler.obj
 0001:000052b0       ??1SingleOperationData@@QAE@XZ 004062b0 f i configfilehandler.obj
 0001:00005320       ??1configFileHandler@@UAE@XZ 00406320 f i configfilehandler.obj
 0001:00005340       ??4?$QList@U?$QPair@VQString@@V?$QList@VSingleOperationData@@@@@@@@QAEAAV0@$$QAV0@@Z 00406340 f i configfilehandler.obj
 0001:000053e0       ??4OperationParamData@@QAEAAV0@ABV0@@Z 004063e0 f i configfilehandler.obj
 0001:000054f0       ??4QStringList@@QAEAAV0@ABV0@@Z 004064f0 f i configfilehandler.obj
 0001:00005530       ??A?$QList@VQString@@@@QAEAAVQString@@H@Z 00406530 f i configfilehandler.obj
 0001:00005560       ??A?$QMap@VQString@@V1@@@QAEAAVQString@@ABV1@@Z 00406560 f i configfilehandler.obj
 0001:00005620       ??A?$QMap@VQString@@VOperationParamData@@@@QAEAAVOperationParamData@@ABVQString@@@Z 00406620 f i configfilehandler.obj
 0001:000056e0       ??A?$QMap@VQString@@VOperationParamData@@@@QBE?BVOperationParamData@@ABVQString@@@Z 004066e0 f i configfilehandler.obj
 0001:000057a0       ??A?$QMap@VQString@@VQStringList@@@@QAEAAVQStringList@@ABVQString@@@Z 004067a0 f i configfilehandler.obj
 0001:00005860       ??Cconst_iterator@QJsonArray@@QBE?AVQJsonValuePtr@@XZ 00406860 f i configfilehandler.obj
 0001:000058d0       ??H@YA?BVQString@@ABV0@D@Z 004068d0 f i configfilehandler.obj
 0001:00005950       ??H@YA?BVQString@@ABV0@PBD@Z 00406950 f i configfilehandler.obj
 0001:000059e0       ??H@YA?BVQString@@PBDABV0@@Z 004069e0 f i configfilehandler.obj
 0001:00005a50       ??_G?$QPair@VQString@@V?$QList@VSingleOperationData@@@@@@QAEPAXI@Z 00406a50 f i configfilehandler.obj
 0001:00005af0       ??_GSingleOperationData@@QAEPAXI@Z 00406af0 f i configfilehandler.obj
 0001:00005b70       ??_GconfigFileHandler@@UAEPAXI@Z 00406b70 f i configfilehandler.obj
 0001:00005b70       ??_EconfigFileHandler@@UAEPAXI@Z 00406b70 f i configfilehandler.obj
 0001:00005ba0       ?ConvertCSVtoJSON@configFileHandler@@QAE_NABVQString@@0@Z 00406ba0 f   configfilehandler.obj
 0001:00005d90       ?ConvertJSONtoCSV@configFileHandler@@QAE_NABVQString@@0@Z 00406d90 f   configfilehandler.obj
 0001:00006080       ?GetLicense@configFileHandler@@QAE?AVQString@@XZ 00407080 f   configfilehandler.obj
 0001:00006110       ?ImportConfig@configFileHandler@@QAE_NAAVQJsonObject@@ABVQByteArray@@@Z 00407110 f   configfilehandler.obj
 0001:00006250       ?ImportPlan@configFileHandler@@QAE_NABV?$QList@VQByteArray@@@@AAVQJsonObject@@@Z 00407250 f   configfilehandler.obj
 0001:00006b60       ?ImportWorkSpace@configFileHandler@@QAE_NABV?$QList@VQByteArray@@@@AAVQJsonObject@@@Z 00407b60 f   configfilehandler.obj
 0001:000074c0       ?ParseHostIP@configFileHandler@@QAE?AVQString@@XZ 004084c0 f   configfilehandler.obj
 0001:00007590       ?ParseHostPort@configFileHandler@@QAEFXZ 00408590 f   configfilehandler.obj
 0001:00007670       ?ParseHostSingleOperationThreshold@configFileHandler@@QAEHXZ 00408670 f   configfilehandler.obj
 0001:00007750       ?ParseListMap@configFileHandler@@QAE?AV?$QMap@VQString@@VQStringList@@@@ABVQString@@@Z 00408750 f   configfilehandler.obj
 0001:000079f0       ?ParseMap@configFileHandler@@QAE?AV?$QMap@VQString@@V1@@@ABVQString@@@Z 004089f0 f   configfilehandler.obj
 0001:00007b40       ?ParseMapRevertKeyValue@configFileHandler@@QAE?AV?$QMap@VQString@@V1@@@ABVQString@@@Z 00408b40 f   configfilehandler.obj
 0001:00007ca0       ?ParseParamValue@configFileHandler@@QAE?AV?$QMap@VQString@@VOperationParamData@@@@ABVQString@@@Z 00408ca0 f   configfilehandler.obj
 0001:00008de0       ?ParsePlan@configFileHandler@@QAE?AVQString@@ABVQJsonArray@@@Z 00409de0 f   configfilehandler.obj
 0001:000094a0       ?ParsePlanList@configFileHandler@@QAEXAAV?$QList@U?$QPair@VQString@@V?$QList@VSingleOperationData@@@@@@@@ABV?$QMap@VQString@@VOperationParamData@@@@@Z 0040a4a0 f   configfilehandler.obj
 0001:00009f00       ?ParseWorkPlaceConstraint@configFileHandler@@QAE?AVQJsonArray@@XZ 0040af00 f   configfilehandler.obj
 0001:00009f90       ?ParseWorkSpace@configFileHandler@@QAE?AVQString@@ABVQJsonObject@@@Z 0040af90 f   configfilehandler.obj
 0001:0000a570       ?ParseWorkSpaceTypeList@configFileHandler@@QAEXAAVQJsonObject@@@Z 0040b570 f   configfilehandler.obj
 0001:0000a610       ?SaveMachineConfig@configFileHandler@@QAE_NABVQString@@ABVMachineConfigData@@ABVQJsonObject@@@Z 0040b610 f   configfilehandler.obj
 0001:0000a9e0       ?SavePlanList@configFileHandler@@QAE_NABVQString@@ABV?$QList@U?$QPair@VQString@@V?$QList@VSingleOperationData@@@@@@@@ABV?$QMap@VQString@@VQStringList@@@@@Z 0040b9e0 f   configfilehandler.obj
 0001:0000b250       ?append@?$QList@PAVQObject@@@@QAEXABQAVQObject@@@Z 0040c250 f i workmodels.obj
 0001:0000b250       ?append@?$QList@H@@QAEXABH@Z 0040c250 f i configfilehandler.obj
 0001:0000b2e0       ?append@?$QList@U?$QPair@VQString@@V?$QList@VSingleOperationData@@@@@@@@QAEXABU?$QPair@VQString@@V?$QList@VSingleOperationData@@@@@@@Z 0040c2e0 f i configfilehandler.obj
 0001:0000b3c0       ?append@?$QList@VOperationParamData@@@@QAEXABVOperationParamData@@@Z 0040c3c0 f i configfilehandler.obj
 0001:0000b480       ?append@?$QList@VSingleOperationData@@@@QAEXABVSingleOperationData@@@Z 0040c480 f i configfilehandler.obj
 0001:0000b560       ?clear@?$QList@U?$QPair@VQString@@V?$QList@VSingleOperationData@@@@@@@@QAEXXZ 0040c560 f i configfilehandler.obj
 0001:0000b5f0       ?copy@?$QMapNode@VQString@@V1@@@QBEPAU1@PAU?$QMapData@VQString@@V1@@@@Z 0040c5f0 f i configfilehandler.obj
 0001:0000b670       ?copy@?$QMapNode@VQString@@VOperationParamData@@@@QBEPAU1@PAU?$QMapData@VQString@@VOperationParamData@@@@@Z 0040c670 f i configfilehandler.obj
 0001:0000b6f0       ?copy@?$QMapNode@VQString@@VQStringList@@@@QBEPAU1@PAU?$QMapData@VQString@@VQStringList@@@@@Z 0040c6f0 f i configfilehandler.obj
 0001:0000b770       ?createNode@?$QMapData@VQString@@V1@@@QAEPAU?$QMapNode@VQString@@V1@@@ABVQString@@0PAU2@_N@Z 0040c770 f i configfilehandler.obj
 0001:0000b7b0       ?createNode@?$QMapData@VQString@@VOperationParamData@@@@QAEPAU?$QMapNode@VQString@@VOperationParamData@@@@ABVQString@@ABVOperationParamData@@PAU2@_N@Z 0040c7b0 f i configfilehandler.obj
 0001:0000b870       ?createNode@?$QMapData@VQString@@VQStringList@@@@QAEPAU?$QMapNode@VQString@@VQStringList@@@@ABVQString@@ABVQStringList@@PAU2@_N@Z 0040c870 f i configfilehandler.obj
 0001:0000b930       ?dealloc@?$QList@VOperationParamData@@@@AAEXPAUData@QListData@@@Z 0040c930 f i configfilehandler.obj
 0001:0000b990       ?destroySubTree@?$QMapNode@VQString@@V1@@@QAEXXZ 0040c990 f i configfilehandler.obj
 0001:0000b9c0       ?destroySubTree@?$QMapNode@VQString@@VOperationParamData@@@@QAEXXZ 0040c9c0 f i configfilehandler.obj
 0001:0000b9f0       ?destroySubTree@?$QMapNode@VQString@@VQStringList@@@@QAEXXZ 0040c9f0 f i configfilehandler.obj
 0001:0000ba20       ?detach_helper@?$QList@VQByteArray@@@@AAEXH@Z 0040ca20 f i configfilehandler.obj
 0001:0000bb10       ?detach_helper@?$QList@VQString@@@@AAEXH@Z 0040cb10 f i configfilehandler.obj
 0001:0000bc00       ?detach_helper@?$QMap@VQString@@V1@@@AAEXXZ 0040cc00 f i configfilehandler.obj
 0001:0000bc80       ?detach_helper@?$QMap@VQString@@VOperationParamData@@@@AAEXXZ 0040cc80 f i configfilehandler.obj
 0001:0000bd20       ?detach_helper@?$QMap@VQString@@VQStringList@@@@AAEXXZ 0040cd20 f i configfilehandler.obj
 0001:0000bdc0       ?detach_helper_grow@?$QList@U?$QPair@VQString@@V?$QList@VSingleOperationData@@@@@@@@AAEPAUNode@1@HH@Z 0040cdc0 f i configfilehandler.obj
 0001:0000bf40       ?detach_helper_grow@?$QList@VOperationParamData@@@@AAEPAUNode@1@HH@Z 0040cf40 f i configfilehandler.obj
 0001:0000c090       ?detach_helper_grow@?$QList@VSingleOperationData@@@@AAEPAUNode@1@HH@Z 0040d090 f i configfilehandler.obj
 0001:0000c200       ?insert@?$QMap@VQString@@V1@@@QAE?AViterator@1@ABVQString@@0@Z 0040d200 f i configfilehandler.obj
 0001:0000c2d0       ?insert@?$QMap@VQString@@VOperationParamData@@@@QAE?AViterator@1@ABVQString@@ABVOperationParamData@@@Z 0040d2d0 f i configfilehandler.obj
 0001:0000c3a0       ?insert@?$QMap@VQString@@VQStringList@@@@QAE?AViterator@1@ABVQString@@ABVQStringList@@@Z 0040d3a0 f i configfilehandler.obj
 0001:0000c490       ?key@iterator@QJsonObject@@QBE?AVQString@@XZ 0040d490 f i configfilehandler.obj
 0001:0000c4b0       ?loadConfigFile@configFileHandler@@QAE_NABVQString@@@Z 0040d4b0 f   configfilehandler.obj
 0001:0000c5b0       ?node_copy@?$QList@U?$QPair@VQString@@V?$QList@VSingleOperationData@@@@@@@@AAEXPAUNode@1@00@Z 0040d5b0 f i configfilehandler.obj
 0001:0000c670       ?node_copy@?$QList@VOperationParamData@@@@AAEXPAUNode@1@00@Z 0040d670 f i configfilehandler.obj
 0001:0000c740       ?node_copy@?$QList@VQByteArray@@@@AAEXPAUNode@1@00@Z 0040d740 f i configfilehandler.obj
 0001:0000c780       ?node_copy@?$QList@VSingleOperationData@@@@AAEXPAUNode@1@00@Z 0040d780 f i configfilehandler.obj
 0001:0000c850       ?node_destruct@?$QList@U?$QPair@VQString@@V?$QList@VSingleOperationData@@@@@@@@AAEXPAUNode@1@0@Z 0040d850 f i configfilehandler.obj
 0001:0000c910       ?node_destruct@?$QList@VOperationParamData@@@@AAEXPAUNode@1@0@Z 0040d910 f i configfilehandler.obj
 0001:0000c950       ?node_destruct@?$QList@VSingleOperationData@@@@AAEXPAUNode@1@0@Z 0040d950 f i configfilehandler.obj
 0001:0000c9f0       ?node_destruct@?$QList@VSingleOperationData@@@@AAEXPAUNode@1@@Z 0040d9f0 f i configfilehandler.obj
 0001:0000ca70       ?toList@configFileHandler@@QAE?AVQStringList@@ABVQString@@@Z 0040da70 f   configfilehandler.obj
 0001:0000cb50       ?value@?$QMap@VQString@@VOperationParamData@@@@QBE?BVOperationParamData@@ABVQString@@ABV2@@Z 0040db50 f i configfilehandler.obj
 0001:0000cbc0       ??0EnvironmentVariant@@AAE@XZ 0040dbc0 f i environmentvariant.obj
 0001:0000cd20       ??0SingleOperationData@@QAE@$$QAV0@@Z 0040dd20 f i environmentvariant.obj
 0001:0000cd50       ??1?$QForeachContainer@V?$QList@VOperationParamData@@@@@@QAE@XZ 0040dd50 f i configfilehandler.obj
 0001:0000cd50       ??1?$QForeachContainer@$$CBV?$QList@VOperationParamData@@@@@@QAE@XZ 0040dd50 f i environmentvariant.obj
 0001:0000cdb0       ??1?$QForeachContainer@$$CBV?$QList@VSingleOperationData@@@@@@QAE@XZ 0040ddb0 f i environmentvariant.obj
 0001:0000ce30       ??1?$QForeachContainer@VQStringList@@@@QAE@XZ 0040de30 f i workflowprotocol.obj
 0001:0000ce30       ??1QStringList@@QAE@XZ     0040de30 f i workflowprotocol.obj
 0001:0000ce30       ??1?$QForeachContainer@$$CBVQStringList@@@@QAE@XZ 0040de30 f i environmentvariant.obj
 0001:0000ce40       ??1ConfigFileConverter@@UAE@XZ 0040de40 f i environmentvariant.obj
 0001:0000ce40       ??1AdministratorChecker@@UAE@XZ 0040de40 f i environmentvariant.obj
 0001:0000ce50       ??1EnvironmentVariant@@EAE@XZ 0040de50 f i environmentvariant.obj
 0001:0000d010       ??1MachineConfigData@@QAE@XZ 0040e010 f i environmentvariant.obj
 0001:0000d030       ??1TargetMachineObject@@UAE@XZ 0040e030 f i environmentvariant.obj
 0001:0000d060       ??4?$QList@VSingleOperationData@@@@QAEAAV0@ABV0@@Z 0040e060 f i environmentvariant.obj
 0001:0000d100       ??4QStringList@@QAEAAV0@$$QAV0@@Z 0040e100 f i environmentvariant.obj
 0001:0000d130       ??4SingleOperationData@@QAEAAV0@$$QAV0@@Z 0040e130 f i environmentvariant.obj
 0001:0000d1c0       ??4SingleOperationData@@QAEAAV0@ABV0@@Z 0040e1c0 f i environmentvariant.obj
 0001:0000d260       ??A?$QList@VSingleOperationData@@@@QAEAAVSingleOperationData@@H@Z 0040e260 f i environmentvariant.obj
 0001:0000d290       ??H@YA?BVQString@@ABV0@0@Z 0040e290 f i environmentvariant.obj
 0001:0000d300       ??Y?$QList@VQString@@@@QAEAAV0@ABV0@@Z 0040e300 f i environmentvariant.obj
 0001:0000d400       ??_GAdministratorChecker@@UAEPAXI@Z 0040e400 f i environmentvariant.obj
 0001:0000d400       ??_EAdministratorChecker@@UAEPAXI@Z 0040e400 f i environmentvariant.obj
 0001:0000d430       ??_GEnvironmentVariant@@EAEPAXI@Z 0040e430 f i environmentvariant.obj
 0001:0000d430       ??_EEnvironmentVariant@@EAEPAXI@Z 0040e430 f i environmentvariant.obj
 0001:0000d460       ??_GTargetMachineObject@@UAEPAXI@Z 0040e460 f i environmentvariant.obj
 0001:0000d460       ??_ETargetMachineObject@@UAEPAXI@Z 0040e460 f i environmentvariant.obj
 0001:0000d4a0       ?AddPlan@EnvironmentVariant@@QAEXABVQString@@@Z 0040e4a0 f   environmentvariant.obj
 0001:0000d5b0       ?AddPlanStep@EnvironmentVariant@@QAEXHHH@Z 0040e5b0 f   environmentvariant.obj
 0001:0000d740       ?ExportConfig@EnvironmentVariant@@QAE_NABVQString@@@Z 0040e740 f   environmentvariant.obj
 0001:0000d800       ?ImportConfig@EnvironmentVariant@@QAE_NABVQString@@@Z 0040e800 f   environmentvariant.obj
 0001:0000d8d0       ?LogicalControlList@EnvironmentVariant@@QAE?AVQStringList@@XZ 0040e8d0 f   environmentvariant.obj
 0001:0000da70       ?MovePlanStep@EnvironmentVariant@@QAEXHHH@Z 0040ea70 f   environmentvariant.obj
 0001:0000db50       ?OperationNameList@EnvironmentVariant@@QAE?AVQStringList@@XZ 0040eb50 f   environmentvariant.obj
 0001:0000dcf0       ?PlanList@EnvironmentVariant@@QAE?AVQStringList@@XZ 0040ecf0 f   environmentvariant.obj
 0001:0000ddb0       ?RemovePlan@EnvironmentVariant@@QAEXH@Z 0040edb0 f   environmentvariant.obj
 0001:0000dde0       ?RemovePlanStep@EnvironmentVariant@@QAEXHH@Z 0040ede0 f   environmentvariant.obj
 0001:0000de40       ?SaveMachineConfig@EnvironmentVariant@@QAE_NABVMachineConfigData@@@Z 0040ee40 f   environmentvariant.obj
 0001:0000df50       ?SavePlan@EnvironmentVariant@@QAE_NXZ 0040ef50 f   environmentvariant.obj
 0001:0000dfd0       ?SetPlanName@EnvironmentVariant@@QAEXHABVQString@@@Z 0040efd0 f   environmentvariant.obj
 0001:0000e020       ?SetPlanStepSingleParam@EnvironmentVariant@@QAEXHHABVQString@@ABVQVariant@@@Z 0040f020 f   environmentvariant.obj
 0001:0000e1c0       ?SetPlanStepToDefault@EnvironmentVariant@@QAEXHHH@Z 0040f1c0 f   environmentvariant.obj
 0001:0000e290       ?SetSystemTime@EnvironmentVariant@@QAEXABVQDateTime@@@Z 0040f290 f   environmentvariant.obj
 0001:0000e330       ?StartPlan@EnvironmentVariant@@QAEXHH@Z 0040f330 f   environmentvariant.obj
 0001:0000eb00       ?StartTunning@EnvironmentVariant@@QAEXABVSingleOperationData@@@Z 0040fb00 f   environmentvariant.obj
 0001:0000ebf0       ?StepList@EnvironmentVariant@@QAE?AVQStringList@@H@Z 0040fbf0 f   environmentvariant.obj
 0001:0000f030       ?StopPlan@EnvironmentVariant@@QAEXXZ 00410030 f   environmentvariant.obj
 0001:0000f040       ?begin@?$QList@VOperationParamData@@@@QAE?AViterator@1@XZ 00410040 f i environmentvariant.obj
 0001:0000f070       ?calculateLicense@EnvironmentVariant@@QAEXABVQString@@@Z 00410070 f   environmentvariant.obj
 0001:0000f1a0       ?contains@?$QMap@VQString@@VQStringList@@@@QBE_NABVQString@@@Z 004101a0 f i environmentvariant.obj
 0001:0000f1e0       ?defaultValue@EnvironmentVariant@@QAE?AVSingleOperationData@@ABVQString@@@Z 004101e0 f   environmentvariant.obj
 0001:0000f410       ?detach_helper@?$QList@H@@AAEXH@Z 00410410 f i environmentvariant.obj
 0001:0000f4e0       ?detach_helper@?$QList@U?$QPair@VQString@@V?$QList@VSingleOperationData@@@@@@@@AAEXH@Z 004104e0 f i environmentvariant.obj
 0001:0000f5c0       ?detach_helper@?$QList@VOperationParamData@@@@AAEXH@Z 004105c0 f i environmentvariant.obj
 0001:0000f690       ?detach_helper@?$QList@VSingleOperationData@@@@AAEXH@Z 00410690 f i environmentvariant.obj
 0001:0000f770       ?formatSingleOperationParam@EnvironmentVariant@@QAE?AVQJsonObject@@ABVSingleOperationData@@@Z 00410770 f   environmentvariant.obj
 0001:0000fd10       ?getBoardTypeIndexByPosition@EnvironmentVariant@@QAEHH@Z 00410d10 f   environmentvariant.obj
 0001:0000ffc0       ?getOperationIndex@EnvironmentVariant@@QAEHABVQString@@@Z 00410fc0 f   environmentvariant.obj
 0001:00010030       ?getOperationParams@EnvironmentVariant@@QAE?AV?$QList@VOperationParamData@@@@H@Z 00411030 f   environmentvariant.obj
 0001:00010210       ?getWorkLocationTypeList@EnvironmentVariant@@QAE?AVQJsonObject@@XZ 00411210 f   environmentvariant.obj
 0001:00010230       ?initModels@EnvironmentVariant@@QAEXPAVQQmlContext@@@Z 00411230 f   environmentvariant.obj
 0001:00010390       ?initProtocol@EnvironmentVariant@@QAEXABVQString@@@Z 00411390 f   environmentvariant.obj
 0001:00010400       ?initUserConfig@EnvironmentVariant@@QAEXABVQString@@@Z 00411400 f   environmentvariant.obj
 0001:00010520       ?insert@?$QList@VSingleOperationData@@@@QAEXHABVSingleOperationData@@@Z 00411520 f i environmentvariant.obj
 0001:00010600       ?instance@EnvironmentVariant@@SAPAV1@XZ 00411600 f   environmentvariant.obj
 0001:00010660       ?parseConfigFile@EnvironmentVariant@@QAEXABVQString@@@Z 00411660 f   environmentvariant.obj
 0001:00010d40       ?planSelectStepListModel@EnvironmentVariant@@QAE?AVQStringList@@H@Z 00411d40 f   environmentvariant.obj
 0001:00010fc0       ?planStepParam@EnvironmentVariant@@QAE?AVSingleOperationData@@HH@Z 00411fc0 f   environmentvariant.obj
 0001:00011320       ?removeAt@?$QList@U?$QPair@VQString@@V?$QList@VSingleOperationData@@@@@@@@QAEXH@Z 00412320 f i environmentvariant.obj
 0001:00011380       ?removeAt@?$QList@VSingleOperationData@@@@QAEXH@Z 00412380 f i environmentvariant.obj
 0001:000113d0       ?setAdministrator@AdministratorChecker@@QAEX_N@Z 004123d0 f i environmentvariant.obj
 0001:000113f0       ?setIpAddress@TargetMachineObject@@QAEXABVQString@@@Z 004123f0 f i environmentvariant.obj
 0001:00011430       ?setLicenseNumber@TargetMachineObject@@QAEXABVQString@@@Z 00412430 f i environmentvariant.obj
 0001:00011470       ?setMaxReceiveTime@TargetMachineObject@@QAEXH@Z 00412470 f i environmentvariant.obj
 0001:00011490       ?setPort@TargetMachineObject@@QAEXF@Z 00412490 f i environmentvariant.obj
 0001:000114b0       ?setWorkLocationType@EnvironmentVariant@@QAE_NHHABVQString@@@Z 004124b0 f   environmentvariant.obj
 0001:00011910       ?startCheckPlan@EnvironmentVariant@@QAEXH@Z 00412910 f   environmentvariant.obj
 0001:00012160       ?stopCheckPlan@EnvironmentVariant@@QAEXXZ 00413160 f   environmentvariant.obj
 0001:00012170       ?updateWorkPlace@EnvironmentVariant@@QAE_NABVQJsonObject@@@Z 00413170 f   environmentvariant.obj
 0001:000121c0       ??$connect@P8QQmlEngine@@AEXXZP6AXXZ@QObject@@SA?AVConnection@QMetaObject@@PBVQQmlEngine@@P83@AEXXZPBV0@P6AXXZW4ConnectionType@Qt@@@Z 004131c0 f i main.obj
 0001:00012220       ??$createInto@VFileViewModel@@@QQmlPrivate@@YAXPAX@Z 00413220 f i main.obj
 0001:00012280       ??$createInto@VOperationParamObject@@@QQmlPrivate@@YAXPAX@Z 00413280 f i main.obj
 0001:000122e0       ??$createInto@VOperationParamSelector@@@QQmlPrivate@@YAXPAX@Z 004132e0 f i main.obj
 0001:00012340       ??$createInto@VPlanController@@@QQmlPrivate@@YAXPAX@Z 00413340 f i main.obj
 0001:000123a0       ??$createInto@VPlanSelector@@@QQmlPrivate@@YAXPAX@Z 004133a0 f i main.obj
 0001:00012400       ??$createInto@VStatusViewWatcher@@@QQmlPrivate@@YAXPAX@Z 00413400 f i main.obj
 0001:00012460       ??$createInto@VTextFieldDoubleValidator@@@QQmlPrivate@@YAXPAX@Z 00413460 f i main.obj
 0001:000124c0       ??$qRegisterNormalizedMetaType@PAVFileViewModel@@@@YAHABVQByteArray@@PAPAVFileViewModel@@W4DefinedType@?$MetaTypeDefinedHelper@PAVFileViewModel@@$00@QtPrivate@@@Z 004134c0 f i main.obj
 0001:00012520       ??$qRegisterNormalizedMetaType@PAVOperationParamObject@@@@YAHABVQByteArray@@PAPAVOperationParamObject@@W4DefinedType@?$MetaTypeDefinedHelper@PAVOperationParamObject@@$00@QtPrivate@@@Z 00413520 f i main.obj
 0001:00012580       ??$qRegisterNormalizedMetaType@PAVOperationParamSelector@@@@YAHABVQByteArray@@PAPAVOperationParamSelector@@W4DefinedType@?$MetaTypeDefinedHelper@PAVOperationParamSelector@@$00@QtPrivate@@@Z 00413580 f i main.obj
 0001:000125e0       ??$qRegisterNormalizedMetaType@PAVPlanController@@@@YAHABVQByteArray@@PAPAVPlanController@@W4DefinedType@?$MetaTypeDefinedHelper@PAVPlanController@@$00@QtPrivate@@@Z 004135e0 f i main.obj
 0001:00012640       ??$qRegisterNormalizedMetaType@PAVPlanSelector@@@@YAHABVQByteArray@@PAPAVPlanSelector@@W4DefinedType@?$MetaTypeDefinedHelper@PAVPlanSelector@@$00@QtPrivate@@@Z 00413640 f i main.obj
 0001:000126a0       ??$qRegisterNormalizedMetaType@PAVStatusViewWatcher@@@@YAHABVQByteArray@@PAPAVStatusViewWatcher@@W4DefinedType@?$MetaTypeDefinedHelper@PAVStatusViewWatcher@@$00@QtPrivate@@@Z 004136a0 f i main.obj
 0001:00012700       ??$qRegisterNormalizedMetaType@PAVTextFieldDoubleValidator@@@@YAHABVQByteArray@@PAPAVTextFieldDoubleValidator@@W4DefinedType@?$MetaTypeDefinedHelper@PAVTextFieldDoubleValidator@@$00@QtPrivate@@@Z 00413700 f i main.obj
 0001:00012760       ??$qmlRegisterType@VFileViewModel@@@@YAHPBDHH0@Z 00413760 f i main.obj
 0001:00012a10       ??$qmlRegisterType@VOperationParamObject@@@@YAHPBDHH0@Z 00413a10 f i main.obj
 0001:00012cc0       ??$qmlRegisterType@VOperationParamSelector@@@@YAHPBDHH0@Z 00413cc0 f i main.obj
 0001:00012f70       ??$qmlRegisterType@VPlanController@@@@YAHPBDHH0@Z 00413f70 f i main.obj
 0001:00013220       ??$qmlRegisterType@VPlanSelector@@@@YAHPBDHH0@Z 00414220 f i main.obj
 0001:000134d0       ??$qmlRegisterType@VStatusViewWatcher@@@@YAHPBDHH0@Z 004144d0 f i main.obj
 0001:00013780       ??$qmlRegisterType@VTextFieldDoubleValidator@@@@YAHPBDHH0@Z 00414780 f i main.obj
 0001:00013a30       ??1?$QList@H@@QAE@XZ       00414a30 f i configfilehandler.obj
 0001:00013a30       ??1?$QList@PAVQObject@@@@QAE@XZ 00414a30 f i main.obj
 0001:00013a90       ??1?$QVarLengthArray@D$0DA@@@QAE@XZ 00414a90 f i main.obj
 0001:00013a90       ??1?$QVarLengthArray@D$0EA@@@QAE@XZ 00414a90 f i main.obj
 0001:00013ab0       ??1OperationParamSelector@@UAE@XZ 00414ab0 f i main.obj
 0001:00013b60       ??1RegisterType@QQmlPrivate@@QAE@XZ 00414b60 f i main.obj
 0001:00013b70       ??_G?$QQmlElement@VFileViewModel@@@QQmlPrivate@@UAEPAXI@Z 00414b70 f i main.obj
 0001:00013b70       ??_E?$QQmlElement@VFileViewModel@@@QQmlPrivate@@UAEPAXI@Z 00414b70 f i main.obj
 0001:00013be0       ??_E?$QQmlElement@VOperationParamObject@@@QQmlPrivate@@UAEPAXI@Z 00414be0 f i main.obj
 0001:00013be0       ??_G?$QQmlElement@VOperationParamObject@@@QQmlPrivate@@UAEPAXI@Z 00414be0 f i main.obj
 0001:00013c60       ??_G?$QQmlElement@VOperationParamSelector@@@QQmlPrivate@@UAEPAXI@Z 00414c60 f i main.obj
 0001:00013c60       ??_E?$QQmlElement@VOperationParamSelector@@@QQmlPrivate@@UAEPAXI@Z 00414c60 f i main.obj
 0001:00013cd0       ??_E?$QQmlElement@VPlanController@@@QQmlPrivate@@UAEPAXI@Z 00414cd0 f i main.obj
 0001:00013cd0       ??_G?$QQmlElement@VPlanController@@@QQmlPrivate@@UAEPAXI@Z 00414cd0 f i main.obj
 0001:00013d40       ??_G?$QQmlElement@VPlanSelector@@@QQmlPrivate@@UAEPAXI@Z 00414d40 f i main.obj
 0001:00013d40       ??_E?$QQmlElement@VPlanSelector@@@QQmlPrivate@@UAEPAXI@Z 00414d40 f i main.obj
 0001:00013db0       ??_G?$QQmlElement@VStatusViewWatcher@@@QQmlPrivate@@UAEPAXI@Z 00414db0 f i main.obj
 0001:00013db0       ??_E?$QQmlElement@VStatusViewWatcher@@@QQmlPrivate@@UAEPAXI@Z 00414db0 f i main.obj
 0001:00013e20       ??_G?$QQmlElement@VTextFieldDoubleValidator@@@QQmlPrivate@@UAEPAXI@Z 00414e20 f i main.obj
 0001:00013e20       ??_E?$QQmlElement@VTextFieldDoubleValidator@@@QQmlPrivate@@UAEPAXI@Z 00414e20 f i main.obj
 0001:00013e90       ??_EOperationParamObject@@UAEPAXI@Z 00414e90 f i main.obj
 0001:00013e90       ??_GOperationParamObject@@UAEPAXI@Z 00414e90 f i main.obj
 0001:00013ec0       ?Construct@?$QMetaTypeFunctionHelper@PAVStatusViewWatcher@@$00@QtMetaTypePrivate@@SAPAXPAXPBX@Z 00414ec0 f i main.obj
 0001:00013ec0       ?Construct@?$QMetaTypeFunctionHelper@PAVOperationParamSelector@@$00@QtMetaTypePrivate@@SAPAXPAXPBX@Z 00414ec0 f i main.obj
 0001:00013ec0       ?Construct@?$QMetaTypeFunctionHelper@PAVOperationParamObject@@$00@QtMetaTypePrivate@@SAPAXPAXPBX@Z 00414ec0 f i main.obj
 0001:00013ec0       ?Construct@?$QMetaTypeFunctionHelper@PAVTextFieldDoubleValidator@@$00@QtMetaTypePrivate@@SAPAXPAXPBX@Z 00414ec0 f i main.obj
 0001:00013ec0       ?Construct@?$QMetaTypeFunctionHelper@PAVFileViewModel@@$00@QtMetaTypePrivate@@SAPAXPAXPBX@Z 00414ec0 f i main.obj
 0001:00013ec0       ?Construct@?$QMetaTypeFunctionHelper@PAVPlanSelector@@$00@QtMetaTypePrivate@@SAPAXPAXPBX@Z 00414ec0 f i main.obj
 0001:00013ec0       ?Construct@?$QMetaTypeFunctionHelper@PAVPlanController@@$00@QtMetaTypePrivate@@SAPAXPAXPBX@Z 00414ec0 f i main.obj
 0001:00013ef0       ?Construct@?$QMetaTypeFunctionHelper@V?$QQmlListProperty@VPlanController@@@@$00@QtMetaTypePrivate@@SAPAXPAXPBX@Z 00414ef0 f i main.obj
 0001:00013ef0       ?Construct@?$QMetaTypeFunctionHelper@V?$QQmlListProperty@VTextFieldDoubleValidator@@@@$00@QtMetaTypePrivate@@SAPAXPAXPBX@Z 00414ef0 f i main.obj
 0001:00013ef0       ?Construct@?$QMetaTypeFunctionHelper@V?$QQmlListProperty@VFileViewModel@@@@$00@QtMetaTypePrivate@@SAPAXPAXPBX@Z 00414ef0 f i main.obj
 0001:00013ef0       ?Construct@?$QMetaTypeFunctionHelper@V?$QQmlListProperty@VOperationParamObject@@@@$00@QtMetaTypePrivate@@SAPAXPAXPBX@Z 00414ef0 f i main.obj
 0001:00013ef0       ?Construct@?$QMetaTypeFunctionHelper@V?$QQmlListProperty@VPlanSelector@@@@$00@QtMetaTypePrivate@@SAPAXPAXPBX@Z 00414ef0 f i main.obj
 0001:00013ef0       ?Construct@?$QMetaTypeFunctionHelper@V?$QQmlListProperty@VStatusViewWatcher@@@@$00@QtMetaTypePrivate@@SAPAXPAXPBX@Z 00414ef0 f i main.obj
 0001:00013ef0       ?Construct@?$QMetaTypeFunctionHelper@V?$QQmlListProperty@VOperationParamSelector@@@@$00@QtMetaTypePrivate@@SAPAXPAXPBX@Z 00414ef0 f i main.obj
 0001:00013f50       ?Destruct@?$QMetaTypeFunctionHelper@V?$QQmlListProperty@VFileViewModel@@@@$00@QtMetaTypePrivate@@SAXPAX@Z 00414f50 f i main.obj
 0001:00013f50       ?Destruct@?$QMetaTypeFunctionHelper@V?$QQmlListProperty@VPlanSelector@@@@$00@QtMetaTypePrivate@@SAXPAX@Z 00414f50 f i main.obj
 0001:00013f50       ?Destruct@?$QMetaTypeFunctionHelper@V?$QQmlListProperty@VPlanController@@@@$00@QtMetaTypePrivate@@SAXPAX@Z 00414f50 f i main.obj
 0001:00013f50       ?Destruct@?$QMetaTypeFunctionHelper@PAVPlanSelector@@$00@QtMetaTypePrivate@@SAXPAX@Z 00414f50 f i main.obj
 0001:00013f50       ?Destruct@?$QMetaTypeFunctionHelper@PAVOperationParamObject@@$00@QtMetaTypePrivate@@SAXPAX@Z 00414f50 f i main.obj
 0001:00013f50       ?Destruct@?$QMetaTypeFunctionHelper@PAVStatusViewWatcher@@$00@QtMetaTypePrivate@@SAXPAX@Z 00414f50 f i main.obj
 0001:00013f50       @_guard_check_icall_nop@4  00414f50 f i MSVCRT:guard_support.obj
 0001:00013f50       ?Destruct@?$QMetaTypeFunctionHelper@PAVOperationParamSelector@@$00@QtMetaTypePrivate@@SAXPAX@Z 00414f50 f i main.obj
 0001:00013f50       ?onComplete@PlanSelector@@QAEXXZ 00414f50 f i workmodels.obj
 0001:00013f50       ?Destruct@?$QMetaTypeFunctionHelper@V?$QQmlListProperty@VStatusViewWatcher@@@@$00@QtMetaTypePrivate@@SAXPAX@Z 00414f50 f i main.obj
 0001:00013f50       ?Destruct@?$QMetaTypeFunctionHelper@V?$QQmlListProperty@VOperationParamSelector@@@@$00@QtMetaTypePrivate@@SAXPAX@Z 00414f50 f i main.obj
 0001:00013f50       ?Destruct@?$QMetaTypeFunctionHelper@VQSequentialIterableImpl@QtMetaTypePrivate@@$00@QtMetaTypePrivate@@SAXPAX@Z 00414f50 f i moc_workmodels.obj
 0001:00013f50       ?Destruct@?$QMetaTypeFunctionHelper@PAVTextFieldDoubleValidator@@$00@QtMetaTypePrivate@@SAXPAX@Z 00414f50 f i main.obj
 0001:00013f50       __initialize_invalid_parameter_handler 00414f50 f i MSVCRT:invalid_parameter_handler.obj
 0001:00013f50       __initialize_denormal_control 00414f50 f i MSVCRT:denormal_control.obj
 0001:00013f50       ?qt_static_metacall@configFileHandler@@CAXPAVQObject@@W4Call@QMetaObject@@HPAPAX@Z 00414f50 f i moc_configfilehandler.obj
 0001:00013f50       ?Destruct@?$QMetaTypeFunctionHelper@PAVFileViewModel@@$00@QtMetaTypePrivate@@SAXPAX@Z 00414f50 f i main.obj
 0001:00013f50       ?Destruct@?$QMetaTypeFunctionHelper@V?$QQmlListProperty@VOperationParamObject@@@@$00@QtMetaTypePrivate@@SAXPAX@Z 00414f50 f i main.obj
 0001:00013f50       ?Destruct@?$QMetaTypeFunctionHelper@V?$QQmlListProperty@VTextFieldDoubleValidator@@@@$00@QtMetaTypePrivate@@SAXPAX@Z 00414f50 f i main.obj
 0001:00013f50       ?Destruct@?$QMetaTypeFunctionHelper@PAVPlanController@@$00@QtMetaTypePrivate@@SAXPAX@Z 00414f50 f i main.obj
 0001:00013f50       ??3@YAXPAX0@Z              00414f50 f i configfilehandler.obj
 0001:00013f60       ?TopLevelExceptionFilter@@YGJPAU_EXCEPTION_POINTERS@@@Z 00414f60 f   main.obj
 0001:00013fd0       ?customMessageHandler@@YAXW4QtMsgType@@ABVQMessageLogContext@@ABVQString@@@Z 00414fd0 f   main.obj
 0001:00014380       ?getConfigFullName@@YA?AVQString@@PBD@Z 00415380 f   main.obj
 0001:000143f0       ?impl@?$QStaticSlotObject@P6AXXZU?$List@$$V@QtPrivate@@X@QtPrivate@@CAXHPAVQSlotObjectBase@2@PAVQObject@@PAPAXPA_N@Z 004153f0 f i main.obj
 0001:00014420       ?qt_metatype_id@?$QMetaTypeIdQObject@PAVFileViewModel@@$07@@SAHXZ 00415420 f i main.obj
 0001:000144d0       ?qt_metatype_id@?$QMetaTypeIdQObject@PAVOperationParamObject@@$07@@SAHXZ 004154d0 f i main.obj
 0001:00014580       ?qt_metatype_id@?$QMetaTypeIdQObject@PAVOperationParamSelector@@$07@@SAHXZ 00415580 f i main.obj
 0001:00014630       ?qt_metatype_id@?$QMetaTypeIdQObject@PAVPlanController@@$07@@SAHXZ 00415630 f i main.obj
 0001:000146e0       ?qt_metatype_id@?$QMetaTypeIdQObject@PAVPlanSelector@@$07@@SAHXZ 004156e0 f i main.obj
 0001:00014790       ?qt_metatype_id@?$QMetaTypeIdQObject@PAVStatusViewWatcher@@$07@@SAHXZ 00415790 f i main.obj
 0001:00014840       ?qt_metatype_id@?$QMetaTypeIdQObject@PAVTextFieldDoubleValidator@@$07@@SAHXZ 00415840 f i main.obj
 0001:000148f0       ?validate@TextFieldDoubleValidator@@UBE?AW4State@QValidator@@AAVQString@@AAH@Z 004158f0 f i main.obj
 0001:00014a70       _main                      00415a70 f   main.obj
 0001:00014ef0       ??$connect@P8EnvironmentVariant@@AEXXZP8StatusViewWatcher@@AEXXZ@QObject@@SA?AVConnection@QMetaObject@@PBVEnvironmentVariant@@P83@AEXXZPBVStatusViewWatcher@@P84@AEXXZW4ConnectionType@Qt@@@Z 00415ef0 f i workmodels.obj
 0001:00014f50       ??0ConfigFileConverter@@QAE@PAVQObject@@@Z 00415f50 f   workmodels.obj
 0001:00014f80       ??0FileViewModel@@QAE@PAVQObject@@@Z 00415f80 f   workmodels.obj
 0001:00015040       ??0OperationParamSelector@@QAE@PAVQObject@@@Z 00416040 f   workmodels.obj
 0001:00015090       ??0PlanController@@QAE@PAVQObject@@@Z 00416090 f   workmodels.obj
 0001:00015100       ??0PlanSelector@@QAE@PAVQObject@@@Z 00416100 f   workmodels.obj
 0001:000151c0       ??0StatusViewWatcher@@QAE@PAVQObject@@@Z 004161c0 f   workmodels.obj
 0001:00015250       ??1?$QForeachContainer@V?$QList@PAVQObject@@@@@@QAE@XZ 00416250 f i workmodels.obj
 0001:000152b0       ??1PlanController@@UAE@XZ  004162b0 f   workmodels.obj
 0001:00015310       ??1PlanSelector@@UAE@XZ    00416310 f   workmodels.obj
 0001:000153d0       ??1StatusViewWatcher@@UAE@XZ 004163d0 f   workmodels.obj
 0001:00015450       ??4?$QList@PAVQObject@@@@QAEAAV0@$$QAV0@@Z 00416450 f i workmodels.obj
 0001:00015450       ??4?$QList@H@@QAEAAV0@$$QAV0@@Z 00416450 f i configfilehandler.obj
 0001:000154d0       ??_GConfigFileConverter@@UAEPAXI@Z 004164d0 f i workmodels.obj
 0001:000154d0       ??_EConfigFileConverter@@UAEPAXI@Z 004164d0 f i workmodels.obj
 0001:00015500       ??_EFileViewModel@@UAEPAXI@Z 00416500 f i workmodels.obj
 0001:00015500       ??_GFileViewModel@@UAEPAXI@Z 00416500 f i workmodels.obj
 0001:00015530       ??_EOperationParamSelector@@UAEPAXI@Z 00416530 f i workmodels.obj
 0001:00015530       ??_GOperationParamSelector@@UAEPAXI@Z 00416530 f i workmodels.obj
 0001:00015550       ??_GPlanController@@UAEPAXI@Z 00416550 f i workmodels.obj
 0001:00015550       ??_EPlanController@@UAEPAXI@Z 00416550 f i workmodels.obj
 0001:000155c0       ??_EPlanSelector@@UAEPAXI@Z 004165c0 f i workmodels.obj
 0001:000155c0       ??_GPlanSelector@@UAEPAXI@Z 004165c0 f i workmodels.obj
 0001:000155e0       ??_GQFileSystemModel@@UAEPAXI@Z 004165e0 f i workmodels.obj
 0001:000155e0       ??_EQFileSystemModel@@UAEPAXI@Z 004165e0 f i workmodels.obj
 0001:00015610       ??_GStatusViewWatcher@@UAEPAXI@Z 00416610 f i workmodels.obj
 0001:00015610       ??_EStatusViewWatcher@@UAEPAXI@Z 00416610 f i workmodels.obj
 0001:000156b0       ?WorkPlaceConstraint@EnvironmentVariant@@QAE?AVQJsonArray@@XZ 004166b0 f i workmodels.obj
 0001:000156e0       ?addPlan@PlanSelector@@QAEXABVQString@@@Z 004166e0 f   workmodels.obj
 0001:00015700       ?addStep@PlanSelector@@QAEXHHH@Z 00416700 f   workmodels.obj
 0001:00015720       ?commitParam@PlanSelector@@QAEXHHABVQString@@ABVQVariant@@@Z 00416720 f   workmodels.obj
 0001:00015740       ?detach_helper_grow@?$QList@PAVQObject@@@@AAEPAUNode@1@HH@Z 00416740 f i workmodels.obj
 0001:00015740       ?detach_helper_grow@?$QList@H@@AAEPAUNode@1@HH@Z 00416740 f i configfilehandler.obj
 0001:00015880       ?eventFilter@PlanController@@UAE_NPAVQObject@@PAVQEvent@@@Z 00416880 f   workmodels.obj
 0001:000158d0       ?eventFilter@PlanSelector@@MAE_NPAVQObject@@PAVQEvent@@@Z 004168d0 f   workmodels.obj
 0001:00015920       ?eventFilter@StatusViewWatcher@@UAE_NPAVQObject@@PAVQEvent@@@Z 00416920 f   workmodels.obj
 0001:00015960       ?exportConfigFile@ConfigFileConverter@@QAE_NABVQString@@@Z 00416960 f   workmodels.obj
 0001:00015980       ?fileSystemModel@FileViewModel@@QAEPAVQAbstractItemModel@@XZ 00416980 f   workmodels.obj
 0001:00015990       ?fullFileName@FileViewModel@@QAE?AVQString@@ABVQModelIndex@@@Z 00416990 f   workmodels.obj
 0001:000159c0       ?getBoardTypeIndexByPosition@PlanSelector@@QAEHH@Z 004169c0 f   workmodels.obj
 0001:000159c0       ?getBoardTypeIndexByPosition@OperationParamSelector@@QAEHH@Z 004169c0 f   workmodels.obj
 0001:000159e0       ?getDirOnly@FileViewModel@@QAE_NXZ 004169e0 f   workmodels.obj
 0001:000159f0       ?getSwitch@OperationParamSelector@@QAEPAVQObject@@ABVQString@@@Z 004169f0 f   workmodels.obj
 0001:00015b60       ?getSwitch@PlanSelector@@QAEPAVQObject@@ABVQString@@@Z 00416b60 f   workmodels.obj
 0001:00015cd0       ?getWorkLocationTypeList@StatusViewWatcher@@QAE?AVQJsonObject@@XZ 00416cd0 f   workmodels.obj
 0001:00015d00       ?getWorkPlaceConstraint@StatusViewWatcher@@QAE?AVQJsonArray@@XZ 00416d00 f   workmodels.obj
 0001:00015d30       ?importConfigFile@ConfigFileConverter@@QAE_NABVQString@@@Z 00416d30 f   workmodels.obj
 0001:00015d50       ?init@OperationParamSelector@@QAEXABVQString@@@Z 00416d50 f   workmodels.obj
 0001:00015dd0       ?moveStep@PlanSelector@@QAEXHHH@Z 00416dd0 f   workmodels.obj
 0001:00015df0       ?getOperationName@SingleOperationObject@@QAE?AVQString@@XZ 00416df0 f i moc_workmodels.obj
 0001:00015df0       ?name@OperationParamObject@@QBE?AVQString@@XZ 00416df0 f i workmodels.obj
 0001:00015df0       ?getIpAddress@TargetMachineObject@@QBE?AVQString@@XZ 00416df0 f i environmentvariant.obj
 0001:00015e10       ?node_copy@?$QList@PAVQObject@@@@AAEXPAUNode@1@00@Z 00416e10 f i workmodels.obj
 0001:00015e10       ?node_copy@?$QList@H@@AAEXPAUNode@1@00@Z 00416e10 f i configfilehandler.obj
 0001:00015e40       ?onCompleteSingleOperation@OperationParamSelector@@QAEXXZ 00416e40 f   workmodels.obj
 0001:000160d0       ?onMachineConfigChanged@TargetMachineObject@@QAE_NXZ 004170d0 f   workmodels.obj
 0001:00016180       ?onSave@PlanSelector@@QAE_NXZ 00417180 f   workmodels.obj
 0001:00016190       ?operationCurrentIndex@PlanSelector@@QAEHXZ 00417190 f   workmodels.obj
 0001:000161b0       ?planListModel@PlanSelector@@QAE?AVQStringList@@XZ 004171b0 f   workmodels.obj
 0001:000161e0       ?planSelectStepListModel@PlanSelector@@QAE?AVQStringList@@H@Z 004171e0 f   workmodels.obj
 0001:00016210       ?removePlan@PlanSelector@@QAEXH@Z 00417210 f   workmodels.obj
 0001:00016230       ?removeStep@PlanSelector@@QAEXHH@Z 00417230 f   workmodels.obj
 0001:00016250       ?resumePlan@PlanController@@QAEXXZ 00417250 f   workmodels.obj
 0001:00016280       ?rootIndex@FileViewModel@@QAE?AVQModelIndex@@XZ 00417280 f   workmodels.obj
 0001:000162f0       ?setDirOnly@FileViewModel@@QAEX_N@Z 004172f0 f   workmodels.obj
 0001:000163c0       ?setPlanName@PlanSelector@@QAEXHABVQString@@@Z 004173c0 f   workmodels.obj
 0001:000163e0       ?setSelectedOperation@OperationParamSelector@@QAEXH@Z 004173e0 f   workmodels.obj
 0001:000167b0       ?setSelectedOperation@PlanSelector@@QAEXHHH@Z 004177b0 f   workmodels.obj
 0001:00016c70       ?setSelectedStep@PlanSelector@@QAEXHH@Z 00417c70 f   workmodels.obj
 0001:00017050       ?setWorkLocationType@StatusViewWatcher@@QAE_NHHABVQString@@@Z 00418050 f   workmodels.obj
 0001:00017070       ?startCheckPlan@PlanSelector@@QAEXH@Z 00418070 f   workmodels.obj
 0001:00017090       ?startPlan@PlanController@@QAEXHH@Z 00418090 f   workmodels.obj
 0001:000170c0       ?stepListModel@PlanSelector@@QAE?AVQStringList@@H@Z 004180c0 f   workmodels.obj
 0001:000170f0       ?stopCheckPlan@PlanSelector@@QAEXXZ 004180f0 f   workmodels.obj
 0001:00017100       ?stopPlan@PlanController@@QAEXXZ 00418100 f   workmodels.obj
 0001:00017110       ?updateWorkPlace@StatusViewWatcher@@QAE_NABVQJsonObject@@@Z 00418110 f   workmodels.obj
 0001:00017130       ??$connect@P8SubThreadCheckWorker@@AEXABVQJsonObject@@@ZP8WorkflowCheckerController@@AEX0@Z@QObject@@SA?AVConnection@QMetaObject@@PBVSubThreadCheckWorker@@P83@AEXABVQJsonObject@@@ZPBVWorkflowCheckerController@@P85@AEX1@ZW4ConnectionType@Qt@@@Z 00418130 f i workflowChecker.obj
 0001:000171a0       ??$connect@P8WorkflowCheckerController@@AEXABVQJsonArray@@@ZP8SubThreadCheckWorker@@AEX0@Z@QObject@@SA?AVConnection@QMetaObject@@PBVWorkflowCheckerController@@P83@AEXABVQJsonArray@@@ZPBVSubThreadCheckWorker@@P85@AEX1@ZW4ConnectionType@Qt@@@Z 004181a0 f i workflowChecker.obj
 0001:00017210       ??$connect@P8WorkflowCheckerController@@AEXABVQJsonObject@@@ZP8SubThreadCheckWorker@@AEX0@Z@QObject@@SA?AVConnection@QMetaObject@@PBVWorkflowCheckerController@@P83@AEXABVQJsonObject@@@ZPBVSubThreadCheckWorker@@P85@AEX1@ZW4ConnectionType@Qt@@@Z 00418210 f i workflowChecker.obj
 0001:00017280       ??$connect@P8WorkflowCheckerController@@AEXXZP8SubThreadCheckWorker@@AEXXZ@QObject@@SA?AVConnection@QMetaObject@@PBVWorkflowCheckerController@@P83@AEXXZPBVSubThreadCheckWorker@@P84@AEXXZW4ConnectionType@Qt@@@Z 00418280 f i workflowChecker.obj
 0001:000172e0       ??0WorkflowCheckerController@@QAE@PAVQObject@@@Z 004182e0 f   workflowChecker.obj
 0001:00017460       ??1?$QMap@VQString@@H@@QAE@XZ 00418460 f i workflowChecker.obj
 0001:00017500       ??1WorkflowCheckerController@@UAE@XZ 00418500 f   workflowChecker.obj
 0001:00017570       ??A?$QMap@VQString@@H@@QAEAAHABVQString@@@Z 00418570 f i workflowChecker.obj
 0001:000175f0       ??_EStatusChangeEvent@@UAEPAXI@Z 004185f0 f i workflowprotocol.obj
 0001:000175f0       ??_GCheckStateChangeEvent@@UAEPAXI@Z 004185f0 f i workflowChecker.obj
 0001:000175f0       ??_ECheckStateChangeEvent@@UAEPAXI@Z 004185f0 f i workflowChecker.obj
 0001:000175f0       ??_GStatusChangeEvent@@UAEPAXI@Z 004185f0 f i workflowprotocol.obj
 0001:00017620       ??_GSubThreadCheckWorker@@UAEPAXI@Z 00418620 f i workflowChecker.obj
 0001:00017620       ??_ESubThreadCheckWorker@@UAEPAXI@Z 00418620 f i workflowChecker.obj
 0001:00017670       ??_EWorkflowCheckerController@@UAEPAXI@Z 00418670 f i workflowChecker.obj
 0001:00017670       ??_GWorkflowCheckerController@@UAEPAXI@Z 00418670 f i workflowChecker.obj
 0001:00017700       ?CheckBoardConstraint@SubThreadCheckWorker@@IAE_NABVQJsonObject@@@Z 00418700 f   workflowChecker.obj
 0001:00017ab0       ?CheckParamConstraint@SubThreadCheckWorker@@IAE_NABVQJsonObject@@@Z 00418ab0 f   workflowChecker.obj
 0001:00018360       ?checkTask@WorkflowCheckerController@@QAEXABVQJsonObject@@@Z 00419360 f   workflowChecker.obj
 0001:00018370       ?configChecker@SubThreadCheckWorker@@QAEXABVQJsonArray@@@Z 00419370 f   workflowChecker.obj
 0001:000186d0       ?copy@?$QMapNode@VQString@@H@@QBEPAU1@PAU?$QMapData@VQString@@H@@@Z 004196d0 f i workflowChecker.obj
 0001:00018750       ?createNode@?$QMapData@VQString@@H@@QAEPAU?$QMapNode@VQString@@H@@ABVQString@@ABHPAU2@_N@Z 00419750 f i workflowChecker.obj
 0001:00018790       ?destroySubTree@?$QMapNode@VQString@@H@@QAEXXZ 00419790 f i workflowChecker.obj
 0001:000187c0       ?detach_helper@?$QMap@VQString@@H@@AAEXXZ 004197c0 f i workflowChecker.obj
 0001:00018860       ?doCheck@SubThreadCheckWorker@@QAEXABVQJsonObject@@@Z 00419860 f   workflowChecker.obj
 0001:00018dc0       ?forceStop@SubThreadCheckWorker@@QAEXXZ 00419dc0 f   workflowChecker.obj
 0001:00018dd0       ?impl@?$QSlotObject@P8WorkflowController@@AEXABVQJsonObject@@@ZU?$List@ABVQJsonObject@@@QtPrivate@@X@QtPrivate@@CAXHPAVQSlotObjectBase@2@PAVQObject@@PAPAXPA_N@Z 00419dd0 f i workflowprotocol.obj
 0001:00018dd0       ?impl@?$QSlotObject@P8SubThreadWorker@@AEXABVQJsonObject@@@ZU?$List@ABVQJsonObject@@@QtPrivate@@X@QtPrivate@@CAXHPAVQSlotObjectBase@2@PAVQObject@@PAPAXPA_N@Z 00419dd0 f i workflowprotocol.obj
 0001:00018dd0       ?impl@?$QSlotObject@P8SubThreadCheckWorker@@AEXABVQJsonArray@@@ZU?$List@ABVQJsonArray@@@QtPrivate@@X@QtPrivate@@CAXHPAVQSlotObjectBase@2@PAVQObject@@PAPAXPA_N@Z 00419dd0 f i workflowChecker.obj
 0001:00018dd0       ?impl@?$QSlotObject@P8WorkflowCheckerController@@AEXABVQJsonObject@@@ZU?$List@ABVQJsonObject@@@QtPrivate@@X@QtPrivate@@CAXHPAVQSlotObjectBase@2@PAVQObject@@PAPAXPA_N@Z 00419dd0 f i workflowChecker.obj
 0001:00018dd0       ?impl@?$QSlotObject@P8SubThreadWorker@@AEXABVQString@@@ZU?$List@ABVQString@@@QtPrivate@@X@QtPrivate@@CAXHPAVQSlotObjectBase@2@PAVQObject@@PAPAXPA_N@Z 00419dd0 f i workflowprotocol.obj
 0001:00018dd0       ?impl@?$QSlotObject@P8SubThreadCheckWorker@@AEXABVQJsonObject@@@ZU?$List@ABVQJsonObject@@@QtPrivate@@X@QtPrivate@@CAXHPAVQSlotObjectBase@2@PAVQObject@@PAPAXPA_N@Z 00419dd0 f i workflowChecker.obj
 0001:00018e30       ?init@WorkflowCheckerController@@QAEXABVQJsonArray@@@Z 00419e30 f   workflowChecker.obj
 0001:00018e40       ?insert@?$QMap@VQString@@H@@QAE?AViterator@1@ABVQString@@ABH@Z 00419e40 f i workflowChecker.obj
 0001:00018f00       ?lowerBound@?$QMapNode@VQString@@V1@@@QAEPAU1@ABVQString@@@Z 00419f00 f i configfilehandler.obj
 0001:00018f00       ?lowerBound@?$QMapNode@VQString@@H@@QAEPAU1@ABVQString@@@Z 00419f00 f i workflowChecker.obj
 0001:00018f00       ?lowerBound@?$QMapNode@VQString@@VQStringList@@@@QAEPAU1@ABVQString@@@Z 00419f00 f i configfilehandler.obj
 0001:00018f00       ?lowerBound@?$QMapNode@VQString@@VOperationParamData@@@@QAEPAU1@ABVQString@@@Z 00419f00 f i configfilehandler.obj
 0001:00018f40       ?remove@?$QMap@VQString@@H@@QAEHABVQString@@@Z 00419f40 f i workflowChecker.obj
 0001:00018ff0       ?statusChanged@WorkflowCheckerController@@QAEXABVQJsonObject@@@Z 00419ff0 f   workflowChecker.obj
 0001:00019090       ?stopCurrentCheck@WorkflowCheckerController@@QAEXXZ 0041a090 f   workflowChecker.obj
 0001:000190b0       ?types@?$ConnectionTypes@U?$List@ABVQJsonArray@@@QtPrivate@@$00@QtPrivate@@SAPBHXZ 0041a0b0 f i workflowChecker.obj
 0001:00019110       ?changeHost@WorkflowController@@QAEXABVQString@@G@Z 0041a110 f   moc_workflowprotocol.obj
 0001:00019160       ?configProtocol@WorkflowController@@QAEXABVQString@@@Z 0041a160 f   moc_workflowprotocol.obj
 0001:00019190       ?metaObject@SubThreadWorker@@UBEPBUQMetaObject@@XZ 0041a190 f   moc_workflowprotocol.obj
 0001:000191b0       ?metaObject@WorkflowController@@UBEPBUQMetaObject@@XZ 0041a1b0 f   moc_workflowprotocol.obj
 0001:000191d0       ?qt_metacall@SubThreadWorker@@UAEHW4Call@QMetaObject@@HPAPAX@Z 0041a1d0 f   moc_workflowprotocol.obj
 0001:00019230       ?qt_metacall@WorkflowController@@UAEHW4Call@QMetaObject@@HPAPAX@Z 0041a230 f   moc_workflowprotocol.obj
 0001:00019290       ?qt_metacast@SubThreadWorker@@UAEPAXPBD@Z 0041a290 f   moc_workflowprotocol.obj
 0001:000192f0       ?qt_metacast@WorkflowController@@UAEPAXPBD@Z 0041a2f0 f   moc_workflowprotocol.obj
 0001:00019350       ?qt_static_metacall@SubThreadWorker@@CAXPAVQObject@@W4Call@QMetaObject@@HPAPAX@Z 0041a350 f   moc_workflowprotocol.obj
 0001:00019440       ?qt_static_metacall@WorkflowController@@CAXPAVQObject@@W4Call@QMetaObject@@HPAPAX@Z 0041a440 f   moc_workflowprotocol.obj
 0001:00019560       ?runNewTask@WorkflowController@@QAEXABVQJsonObject@@@Z 0041a560 f   moc_workflowprotocol.obj
 0001:00019590       ?runNewTunning@WorkflowController@@QAEXABVQJsonObject@@@Z 0041a590 f   moc_workflowprotocol.obj
 0001:000195c0       ?statusChanged@SubThreadWorker@@QAEXABVQJsonObject@@@Z 0041a5c0 f   moc_workflowprotocol.obj
 0001:000195f0       ?stopTask@WorkflowController@@QAEXXZ 0041a5f0 f   moc_workflowprotocol.obj
 0001:00019610       ?taskStateChanged@SubThreadWorker@@QAEX_NH@Z 0041a610 f   moc_workflowprotocol.obj
 0001:00019660       ?configChecker@WorkflowCheckerController@@QAEXABVQJsonArray@@@Z 0041a660 f   moc_workflowChecker.obj
 0001:00019690       ?metaObject@SubThreadCheckWorker@@UBEPBUQMetaObject@@XZ 0041a690 f   moc_workflowChecker.obj
 0001:000196b0       ?metaObject@WorkflowCheckerController@@UBEPBUQMetaObject@@XZ 0041a6b0 f   moc_workflowChecker.obj
 0001:000196d0       ?qt_metacall@SubThreadCheckWorker@@UAEHW4Call@QMetaObject@@HPAPAX@Z 0041a6d0 f   moc_workflowChecker.obj
 0001:00019730       ?qt_metacall@WorkflowCheckerController@@UAEHW4Call@QMetaObject@@HPAPAX@Z 0041a730 f   moc_workflowChecker.obj
 0001:00019790       ?qt_metacast@SubThreadCheckWorker@@UAEPAXPBD@Z 0041a790 f   moc_workflowChecker.obj
 0001:000197f0       ?qt_metacast@WorkflowCheckerController@@UAEPAXPBD@Z 0041a7f0 f   moc_workflowChecker.obj
 0001:00019850       ?qt_static_metacall@SubThreadCheckWorker@@CAXPAVQObject@@W4Call@QMetaObject@@HPAPAX@Z 0041a850 f   moc_workflowChecker.obj
 0001:000198e0       ?qt_static_metacall@WorkflowCheckerController@@CAXPAVQObject@@W4Call@QMetaObject@@HPAPAX@Z 0041a8e0 f   moc_workflowChecker.obj
 0001:000199a0       ?runNewCheck@WorkflowCheckerController@@QAEXABVQJsonObject@@@Z 0041a9a0 f   moc_workflowChecker.obj
 0001:000199d0       ?statusChanged@SubThreadCheckWorker@@QAEXABVQJsonObject@@@Z 0041a9d0 f   moc_workflowChecker.obj
 0001:00019a00       ?stopCheck@WorkflowCheckerController@@QAEXXZ 0041aa00 f   moc_workflowChecker.obj
 0001:00019a20       ?metaObject@configFileHandler@@UBEPBUQMetaObject@@XZ 0041aa20 f   moc_configfilehandler.obj
 0001:00019a40       ?qt_metacall@configFileHandler@@UAEHW4Call@QMetaObject@@HPAPAX@Z 0041aa40 f   moc_configfilehandler.obj
 0001:00019a50       ?qt_metacast@configFileHandler@@UAEPAXPBD@Z 0041aa50 f   moc_configfilehandler.obj
 0001:00019ab0       ?metaObject@EnvironmentVariant@@UBEPBUQMetaObject@@XZ 0041aab0 f   moc_environmentvariant.obj
 0001:00019ad0       ?qt_metacall@EnvironmentVariant@@UAEHW4Call@QMetaObject@@HPAPAX@Z 0041aad0 f   moc_environmentvariant.obj
 0001:00019b30       ?qt_metacast@EnvironmentVariant@@UAEPAXPBD@Z 0041ab30 f   moc_environmentvariant.obj
 0001:00019b90       ?qt_static_metacall@EnvironmentVariant@@CAXPAVQObject@@W4Call@QMetaObject@@HPAPAX@Z 0041ab90 f   moc_environmentvariant.obj
 0001:00019be0       ?workLocationTypeChanged@EnvironmentVariant@@QAEXXZ 0041abe0 f   moc_environmentvariant.obj
 0001:00019c00       ??$atImpl@V?$QList@H@@@QSequentialIterableImpl@QtMetaTypePrivate@@SAPBXPBXH@Z 0041ac00 f i moc_workmodels.obj
 0001:00019c00       ??$atImpl@V?$QList@PAVQObject@@@@@QSequentialIterableImpl@QtMetaTypePrivate@@SAPBXPBXH@Z 0041ac00 f i moc_workmodels.obj
 0001:00019c20       ??$equal@PBHV?$checked_array_iterator@PBH@stdext@@U?$equal_to@X@std@@@std@@YA_NPBH0V?$checked_array_iterator@PBH@stdext@@U?$equal_to@X@0@@Z 0041ac20 f i moc_workmodels.obj
 0001:00019c20       ??$equal@PBQAVQObject@@V?$checked_array_iterator@PBQAVQObject@@@stdext@@U?$equal_to@X@std@@@std@@YA_NPBQAVQObject@@0V?$checked_array_iterator@PBQAVQObject@@@stdext@@U?$equal_to@X@0@@Z 0041ac20 f i moc_workmodels.obj
 0001:00019ca0       ??$getImpl@V?$QList@H@@@QSequentialIterableImpl@QtMetaTypePrivate@@SA?AUVariantData@1@PBQAXHI@Z 0041aca0 f i moc_workmodels.obj
 0001:00019ca0       ??$getImpl@V?$QList@PAVQObject@@@@@QSequentialIterableImpl@QtMetaTypePrivate@@SA?AUVariantData@1@PBQAXHI@Z 0041aca0 f i moc_workmodels.obj
 0001:00019cc0       ??$moveToBeginImpl@V?$QList@H@@@QSequentialIterableImpl@QtMetaTypePrivate@@SAXPBXPAPAX@Z 0041acc0 f i moc_workmodels.obj
 0001:00019cc0       ??$moveToBeginImpl@V?$QList@PAVQObject@@@@@QSequentialIterableImpl@QtMetaTypePrivate@@SAXPBXPAPAX@Z 0041acc0 f i moc_workmodels.obj
 0001:00019cf0       ??$moveToEndImpl@V?$QList@H@@@QSequentialIterableImpl@QtMetaTypePrivate@@SAXPBXPAPAX@Z 0041acf0 f i moc_workmodels.obj
 0001:00019cf0       ??$moveToEndImpl@V?$QList@PAVQObject@@@@@QSequentialIterableImpl@QtMetaTypePrivate@@SAXPBXPAPAX@Z 0041acf0 f i moc_workmodels.obj
 0001:00019d20       ??$sizeImpl@V?$QList@PAVQObject@@@@@QSequentialIterableImpl@QtMetaTypePrivate@@SAHPBX@Z 0041ad20 f i moc_workmodels.obj
 0001:00019d20       ??$sizeImpl@V?$QList@H@@@QSequentialIterableImpl@QtMetaTypePrivate@@SAHPBX@Z 0041ad20 f i moc_workmodels.obj
 0001:00019d30       ??0QSequentialIterableImpl@QtMetaTypePrivate@@QAE@XZ 0041ad30 f i moc_workmodels.obj
 0001:00019da0       ?Construct@?$QMetaTypeFunctionHelper@V?$QList@PAVQObject@@@@$00@QtMetaTypePrivate@@SAPAXPAXPBX@Z 0041ada0 f i moc_workmodels.obj
 0001:00019da0       ?Construct@?$QMetaTypeFunctionHelper@V?$QList@H@@$00@QtMetaTypePrivate@@SAPAXPAXPBX@Z 0041ada0 f i moc_workmodels.obj
 0001:00019e20       ?Construct@?$QMetaTypeFunctionHelper@VQSequentialIterableImpl@QtMetaTypePrivate@@$00@QtMetaTypePrivate@@SAPAXPAXPBX@Z 0041ae20 f i moc_workmodels.obj
 0001:00019e60       ?Destruct@?$QMetaTypeFunctionHelper@V?$QList@PAVQObject@@@@$00@QtMetaTypePrivate@@SAXPAX@Z 0041ae60 f i moc_workmodels.obj
 0001:00019e60       ?Destruct@?$QMetaTypeFunctionHelper@V?$QList@H@@$00@QtMetaTypePrivate@@SAXPAX@Z 0041ae60 f i moc_workmodels.obj
 0001:00019ed0       ?MachineConfigChanged@TargetMachineObject@@QAEXXZ 0041aed0 f   moc_workmodels.obj
 0001:00019ef0       ?UnitChanged@OperationParamObject@@QAEXXZ 0041aef0 f   moc_workmodels.obj
 0001:00019f10       ?administratorChanged@AdministratorChecker@@QAEXXZ 0041af10 f   moc_workmodels.obj
 0001:00019f30       ?advance@?$IteratorOwnerCommon@Vconst_iterator@?$QList@H@@@QtMetaTypePrivate@@SAXPAPAXH@Z 0041af30 f i moc_workmodels.obj
 0001:00019f30       ?advance@?$IteratorOwnerCommon@Vconst_iterator@?$QList@PAVQObject@@@@@QtMetaTypePrivate@@SAXPAPAXH@Z 0041af30 f i moc_workmodels.obj
 0001:00019f40       ?assign@?$IteratorOwnerCommon@Vconst_iterator@?$QList@H@@@QtMetaTypePrivate@@SAXPAPAXPBQAX@Z 0041af40 f i moc_workmodels.obj
 0001:00019f40       ?assign@?$IteratorOwnerCommon@Vconst_iterator@?$QList@PAVQObject@@@@@QtMetaTypePrivate@@SAXPAPAXPBQAX@Z 0041af40 f i moc_workmodels.obj
 0001:00019f60       ?boolValueChanged@OperationParamObject@@QAEXXZ 0041af60 f   moc_workmodels.obj
 0001:00019f80       ?bottomValueChanged@OperationParamObject@@QAEXXZ 0041af80 f   moc_workmodels.obj
 0001:00019fb0       ?convert@?$ConverterFunctor@V?$QList@H@@VQSequentialIterableImpl@QtMetaTypePrivate@@U?$QSequentialIterableConvertFunctor@V?$QList@H@@@3@@QtPrivate@@SA_NPBUAbstractConverterFunction@2@PBXPAX@Z 0041afb0 f i moc_workmodels.obj
 0001:0001a050       ?convert@?$ConverterFunctor@V?$QList@PAVQObject@@@@VQSequentialIterableImpl@QtMetaTypePrivate@@U?$QSequentialIterableConvertFunctor@V?$QList@PAVQObject@@@@@3@@QtPrivate@@SA_NPBUAbstractConverterFunction@2@PBXPAX@Z 0041b050 f i moc_workmodels.obj
 0001:0001a0f0       ?currentIndexChanged@OperationParamSelector@@QAEXXZ 0041b0f0 f   moc_workmodels.obj
 0001:0001a110       ?destroy@?$IteratorOwnerCommon@Vconst_iterator@?$QList@H@@@QtMetaTypePrivate@@SAXPAPAX@Z 0041b110 f i moc_workmodels.obj
 0001:0001a110       ?destroy@?$IteratorOwnerCommon@Vconst_iterator@?$QList@PAVQObject@@@@@QtMetaTypePrivate@@SAXPAPAX@Z 0041b110 f i moc_workmodels.obj
 0001:0001a130       ?dirOnlyChanged@FileViewModel@@QAEXXZ 0041b130 f   moc_workmodels.obj
 0001:0001a150       ?display@OperationParamObject@@QBE?AVQString@@XZ 0041b150 f i moc_workmodels.obj
 0001:0001a170       ?displayChanged@OperationParamObject@@QAEXXZ 0041b170 f   moc_workmodels.obj
 0001:0001a190       ?equal@?$IteratorOwnerCommon@Vconst_iterator@?$QList@H@@@QtMetaTypePrivate@@SA_NPBQAX0@Z 0041b190 f i moc_workmodels.obj
 0001:0001a190       ?equal@?$IteratorOwnerCommon@Vconst_iterator@?$QList@PAVQObject@@@@@QtMetaTypePrivate@@SA_NPBQAX0@Z 0041b190 f i moc_workmodels.obj
 0001:0001a1b0       ?floatValueChanged@OperationParamObject@@QAEXXZ 0041b1b0 f   moc_workmodels.obj
 0001:0001a1d0       ?getDateTime@TargetMachineObject@@QBE?AVQDateTime@@XZ 0041b1d0 f i moc_workmodels.obj
 0001:0001a1f0       ?getLicenseNumber@TargetMachineObject@@QBE?AVQString@@XZ 0041b1f0 f i moc_workmodels.obj
 0001:0001a210       ?getParamListModel@PlanSelector@@QAE?AV?$QList@PAVQObject@@@@XZ 0041b210 f i moc_workmodels.obj
 0001:0001a230       ?getParamModel@OperationParamSelector@@QAE?AV?$QList@PAVQObject@@@@XZ 0041b230 f i moc_workmodels.obj
 0001:0001a250       ?intListValue@OperationParamObject@@QAE?AV?$QList@H@@XZ 0041b250 f i moc_workmodels.obj
 0001:0001a270       ?intListValueChanged@OperationParamObject@@QAEXXZ 0041b270 f   moc_workmodels.obj
 0001:0001a290       ?integerValueChanged@OperationParamObject@@QAEXXZ 0041b290 f   moc_workmodels.obj
 0001:0001a2b0       ?metaObject@AdministratorChecker@@UBEPBUQMetaObject@@XZ 0041b2b0 f   moc_workmodels.obj
 0001:0001a2d0       ?metaObject@ConfigFileConverter@@UBEPBUQMetaObject@@XZ 0041b2d0 f   moc_workmodels.obj
 0001:0001a2f0       ?metaObject@FileViewModel@@UBEPBUQMetaObject@@XZ 0041b2f0 f   moc_workmodels.obj
 0001:0001a310       ?metaObject@OperationParamObject@@UBEPBUQMetaObject@@XZ 0041b310 f   moc_workmodels.obj
 0001:0001a330       ?metaObject@OperationParamSelector@@UBEPBUQMetaObject@@XZ 0041b330 f   moc_workmodels.obj
 0001:0001a350       ?metaObject@PlanController@@UBEPBUQMetaObject@@XZ 0041b350 f   moc_workmodels.obj
 0001:0001a370       ?metaObject@PlanSelector@@UBEPBUQMetaObject@@XZ 0041b370 f   moc_workmodels.obj
 0001:0001a390       ?metaObject@StatusViewWatcher@@UBEPBUQMetaObject@@XZ 0041b390 f   moc_workmodels.obj
 0001:0001a3b0       ?metaObject@TargetMachineObject@@UBEPBUQMetaObject@@XZ 0041b3b0 f   moc_workmodels.obj
 0001:0001a3d0       ?nameChanged@OperationParamObject@@QAEXXZ 0041b3d0 f   moc_workmodels.obj
 0001:0001a3f0       ?op_eq_impl@?$QList@PAVQObject@@@@ABE_NABV1@UArrayCompatibleLayout@QListData@@@Z 0041b3f0 f i moc_workmodels.obj
 0001:0001a3f0       ?op_eq_impl@?$QList@H@@ABE_NABV1@UArrayCompatibleLayout@QListData@@@Z 0041b3f0 f i moc_workmodels.obj
 0001:0001a460       ?op_eq_impl@?$QList@VQString@@@@ABE_NABV1@UArrayCompatibleLayout@QListData@@@Z 0041b460 f i moc_workmodels.obj
 0001:0001a4d0       ?operationListModel@PlanSelector@@QAE?AVQStringList@@XZ 0041b4d0 f i moc_workmodels.obj
 0001:0001a4f0       ?operationModel@OperationParamSelector@@QAE?AVQStringList@@XZ 0041b4f0 f i moc_workmodels.obj
 0001:0001a510       ?operationNameChanged@SingleOperationObject@@QAEXXZ 0041b510 f   moc_workmodels.obj
 0001:0001a530       ?pageNameChanged@OperationParamSelector@@QAEXXZ 0041b530 f   moc_workmodels.obj
 0001:0001a550       ?paramListModelChanged@PlanSelector@@QAEXXZ 0041b550 f   moc_workmodels.obj
 0001:0001a570       ?paramModelChanged@OperationParamSelector@@QAEXXZ 0041b570 f   moc_workmodels.obj
 0001:0001a590       ?planCheckStatusChanged@PlanSelector@@QAEXABVQJsonObject@@@Z 0041b590 f   moc_workmodels.obj
 0001:0001a5c0       ?qt_metacall@AdministratorChecker@@UAEHW4Call@QMetaObject@@HPAPAX@Z 0041b5c0 f   moc_workmodels.obj
 0001:0001a670       ?qt_metacall@ConfigFileConverter@@UAEHW4Call@QMetaObject@@HPAPAX@Z 0041b670 f   moc_workmodels.obj
 0001:0001a6d0       ?qt_metacall@FileViewModel@@UAEHW4Call@QMetaObject@@HPAPAX@Z 0041b6d0 f   moc_workmodels.obj
 0001:0001a780       ?qt_metacall@OperationParamObject@@UAEHW4Call@QMetaObject@@HPAPAX@Z 0041b780 f   moc_workmodels.obj
 0001:0001a820       ?qt_metacall@OperationParamSelector@@UAEHW4Call@QMetaObject@@HPAPAX@Z 0041b820 f   moc_workmodels.obj
 0001:0001a8d0       ?qt_metacall@PlanController@@UAEHW4Call@QMetaObject@@HPAPAX@Z 0041b8d0 f   moc_workmodels.obj
 0001:0001a930       ?qt_metacall@PlanSelector@@UAEHW4Call@QMetaObject@@HPAPAX@Z 0041b930 f   moc_workmodels.obj
 0001:0001a9e0       ?qt_metacall@StatusViewWatcher@@UAEHW4Call@QMetaObject@@HPAPAX@Z 0041b9e0 f   moc_workmodels.obj
 0001:0001aa40       ?qt_metacall@TargetMachineObject@@UAEHW4Call@QMetaObject@@HPAPAX@Z 0041ba40 f   moc_workmodels.obj
 0001:0001ab00       ?qt_metacast@AdministratorChecker@@UAEPAXPBD@Z 0041bb00 f   moc_workmodels.obj
 0001:0001ab60       ?qt_metacast@ConfigFileConverter@@UAEPAXPBD@Z 0041bb60 f   moc_workmodels.obj
 0001:0001abc0       ?qt_metacast@FileViewModel@@UAEPAXPBD@Z 0041bbc0 f   moc_workmodels.obj
 0001:0001ac20       ?qt_metacast@OperationParamObject@@UAEPAXPBD@Z 0041bc20 f   moc_workmodels.obj
 0001:0001acc0       ?qt_metacast@OperationParamSelector@@UAEPAXPBD@Z 0041bcc0 f   moc_workmodels.obj
 0001:0001ad20       ?qt_metacast@PlanController@@UAEPAXPBD@Z 0041bd20 f   moc_workmodels.obj
 0001:0001ad80       ?qt_metacast@PlanSelector@@UAEPAXPBD@Z 0041bd80 f   moc_workmodels.obj
 0001:0001ade0       ?qt_metacast@StatusViewWatcher@@UAEPAXPBD@Z 0041bde0 f   moc_workmodels.obj
 0001:0001ae40       ?qt_metacast@TargetMachineObject@@UAEPAXPBD@Z 0041be40 f   moc_workmodels.obj
 0001:0001aee0       ?qt_metatype_id@?$QMetaTypeId@V?$QList@H@@@@SAHXZ 0041bee0 f i moc_workmodels.obj
 0001:0001b000       ?qt_metatype_id@?$QMetaTypeId@V?$QList@PAVQObject@@@@@@SAHXZ 0041c000 f i moc_workmodels.obj
 0001:0001b0a0       ?qt_metatype_id@?$QMetaTypeId@VQSequentialIterableImpl@QtMetaTypePrivate@@@@SAHXZ 0041c0a0 f i moc_workmodels.obj
 0001:0001b130       ?qt_static_metacall@AdministratorChecker@@CAXPAVQObject@@W4Call@QMetaObject@@HPAPAX@Z 0041c130 f   moc_workmodels.obj
 0001:0001b1b0       ?qt_static_metacall@ConfigFileConverter@@CAXPAVQObject@@W4Call@QMetaObject@@HPAPAX@Z 0041c1b0 f   moc_workmodels.obj
 0001:0001b200       ?qt_static_metacall@FileViewModel@@CAXPAVQObject@@W4Call@QMetaObject@@HPAPAX@Z 0041c200 f   moc_workmodels.obj
 0001:0001b340       ?qt_static_metacall@OperationParamObject@@CAXPAVQObject@@W4Call@QMetaObject@@HPAPAX@Z 0041c340 f   moc_workmodels.obj
 0001:0001b820       ?qt_static_metacall@OperationParamSelector@@CAXPAVQObject@@W4Call@QMetaObject@@HPAPAX@Z 0041c820 f   moc_workmodels.obj
 0001:0001bad0       ?qt_static_metacall@PlanController@@CAXPAVQObject@@W4Call@QMetaObject@@HPAPAX@Z 0041cad0 f   moc_workmodels.obj
 0001:0001bb60       ?qt_static_metacall@PlanSelector@@CAXPAVQObject@@W4Call@QMetaObject@@HPAPAX@Z 0041cb60 f   moc_workmodels.obj
 0001:0001c000       ?qt_static_metacall@SingleOperationObject@@CAXPAVQObject@@W4Call@QMetaObject@@HPAPAX@Z 0041d000 f   moc_workmodels.obj
 0001:0001c0b0       ?qt_static_metacall@StatusViewWatcher@@CAXPAVQObject@@W4Call@QMetaObject@@HPAPAX@Z 0041d0b0 f   moc_workmodels.obj
 0001:0001c280       ?qt_static_metacall@TargetMachineObject@@CAXPAVQObject@@W4Call@QMetaObject@@HPAPAX@Z 0041d280 f   moc_workmodels.obj
 0001:0001c420       ?registerConverter@?$ValueTypeIsMetaType@V?$QList@H@@$00@QtPrivate@@SA_NH@Z 0041d420 f i moc_workmodels.obj
 0001:0001c4b0       ?registerConverter@?$ValueTypeIsMetaType@V?$QList@PAVQObject@@@@$00@QtPrivate@@SA_NH@Z 0041d4b0 f i moc_workmodels.obj
 0001:0001c540       ?setBoolValue@OperationParamObject@@QAEX_N@Z 0041d540 f i moc_workmodels.obj
 0001:0001c570       ?setBottomValue@OperationParamObject@@QAEXH@Z 0041d570 f i moc_workmodels.obj
 0001:0001c5a0       ?setDateTime@TargetMachineObject@@QAEXABVQDateTime@@@Z 0041d5a0 f i moc_workmodels.obj
 0001:0001c5e0       ?setDisplay@OperationParamObject@@QAEXABVQString@@@Z 0041d5e0 f i moc_workmodels.obj
 0001:0001c620       ?setFloatValue@OperationParamObject@@QAEXN@Z 0041d620 f i moc_workmodels.obj
 0001:0001c660       ?setIntListValue@OperationParamObject@@QAEXABV?$QList@H@@@Z 0041d660 f i moc_workmodels.obj
 0001:0001c740       ?setIntegerValue@OperationParamObject@@QAEXH@Z 0041d740 f i moc_workmodels.obj
 0001:0001c770       ?setName@OperationParamObject@@QAEXABVQString@@@Z 0041d770 f i moc_workmodels.obj
 0001:0001c7b0       ?setOperationName@SingleOperationObject@@QAEXABVQString@@@Z 0041d7b0 f i moc_workmodels.obj
 0001:0001c7f0       ?setParamListModel@PlanSelector@@QAEXABV?$QList@PAVQObject@@@@@Z 0041d7f0 f i moc_workmodels.obj
 0001:0001c8d0       ?setParamModel@OperationParamSelector@@QAEXABV?$QList@PAVQObject@@@@@Z 0041d8d0 f i moc_workmodels.obj
 0001:0001c9b0       ?setStringValue@OperationParamObject@@QAEXABVQString@@@Z 0041d9b0 f i moc_workmodels.obj
 0001:0001c9f0       ?setStringlistValue@OperationParamObject@@QAEXABVQStringList@@@Z 0041d9f0 f i moc_workmodels.obj
 0001:0001ca70       ?setSwitchValue@OperationParamObject@@QAEXABVQString@@@Z 0041da70 f i moc_workmodels.obj
 0001:0001cab0       ?setTopValue@OperationParamObject@@QAEXH@Z 0041dab0 f i moc_workmodels.obj
 0001:0001cae0       ?setUnit@OperationParamObject@@QAEXABVQString@@@Z 0041dae0 f i moc_workmodels.obj
 0001:0001cb20       ?settype@OperationParamObject@@QAEXABVQString@@@Z 0041db20 f i moc_workmodels.obj
 0001:0001cb60       ?statusChanged@StatusViewWatcher@@QAEXABVQJsonObject@@@Z 0041db60 f   moc_workmodels.obj
 0001:0001cb90       ?stringListValue@OperationParamObject@@QBE?AVQStringList@@XZ 0041db90 f i moc_workmodels.obj
 0001:0001cbb0       ?stringValue@OperationParamObject@@QBE?AVQString@@XZ 0041dbb0 f i moc_workmodels.obj
 0001:0001cbd0       ?stringValueChanged@OperationParamObject@@QAEXXZ 0041dbd0 f   moc_workmodels.obj
 0001:0001cbf0       ?stringlistValueChanged@OperationParamObject@@QAEXXZ 0041dbf0 f   moc_workmodels.obj
 0001:0001cc10       ?switchValue@OperationParamObject@@QBE?AVQString@@XZ 0041dc10 f i moc_workmodels.obj
 0001:0001cc30       ?switchValueChanged@OperationParamObject@@QAEXXZ 0041dc30 f   moc_workmodels.obj
 0001:0001cc50       ?taskStateChanged@PlanController@@QAEX_N@Z 0041dc50 f   moc_workmodels.obj
 0001:0001cc80       ?topValueChanged@OperationParamObject@@QAEXXZ 0041dc80 f   moc_workmodels.obj
 0001:0001cca0       ?type@OperationParamObject@@QBE?AVQString@@XZ 0041dca0 f i moc_workmodels.obj
 0001:0001ccc0       ?typeChanged@OperationParamObject@@QAEXXZ 0041dcc0 f   moc_workmodels.obj
 0001:0001cce0       ?unit@OperationParamObject@@QBE?AVQString@@XZ 0041dce0 f i moc_workmodels.obj
 0001:0001cd00       ?workLocationTypeChanged@StatusViewWatcher@@QAEXXZ 0041dd00 f   moc_workmodels.obj
 0001:0001cd14       _MiniDumpWriteDump@28      0041dd14 f   DbgHelp:dbghelp.dll
 0001:0001cd1a       ?canFetchMore@QFileSystemModel@@UBE_NABVQModelIndex@@@Z 0041dd1a f   Qt5Widgets:Qt5Widgets.dll
 0001:0001cd20       ?columnCount@QFileSystemModel@@UBEHABVQModelIndex@@@Z 0041dd20 f   Qt5Widgets:Qt5Widgets.dll
 0001:0001cd26       ?data@QFileSystemModel@@UBE?AVQVariant@@ABVQModelIndex@@H@Z 0041dd26 f   Qt5Widgets:Qt5Widgets.dll
 0001:0001cd2c       ?dropMimeData@QFileSystemModel@@UAE_NPBVQMimeData@@W4DropAction@Qt@@HHABVQModelIndex@@@Z 0041dd2c f   Qt5Widgets:Qt5Widgets.dll
 0001:0001cd32       ?event@QFileSystemModel@@MAE_NPAVQEvent@@@Z 0041dd32 f   Qt5Widgets:Qt5Widgets.dll
 0001:0001cd38       ?fetchMore@QFileSystemModel@@UAEXABVQModelIndex@@@Z 0041dd38 f   Qt5Widgets:Qt5Widgets.dll
 0001:0001cd3e       ?flags@QFileSystemModel@@UBE?AV?$QFlags@W4ItemFlag@Qt@@@@ABVQModelIndex@@@Z 0041dd3e f   Qt5Widgets:Qt5Widgets.dll
 0001:0001cd44       ?hasChildren@QFileSystemModel@@UBE_NABVQModelIndex@@@Z 0041dd44 f   Qt5Widgets:Qt5Widgets.dll
 0001:0001cd4a       ?headerData@QFileSystemModel@@UBE?AVQVariant@@HW4Orientation@Qt@@H@Z 0041dd4a f   Qt5Widgets:Qt5Widgets.dll
 0001:0001cd50       ?index@QFileSystemModel@@UBE?AVQModelIndex@@HHABV2@@Z 0041dd50 f   Qt5Widgets:Qt5Widgets.dll
 0001:0001cd56       ?metaObject@QFileSystemModel@@UBEPBUQMetaObject@@XZ 0041dd56 f   Qt5Widgets:Qt5Widgets.dll
 0001:0001cd5c       ?mimeData@QFileSystemModel@@UBEPAVQMimeData@@ABV?$QList@VQModelIndex@@@@@Z 0041dd5c f   Qt5Widgets:Qt5Widgets.dll
 0001:0001cd62       ?mimeTypes@QFileSystemModel@@UBE?AVQStringList@@XZ 0041dd62 f   Qt5Widgets:Qt5Widgets.dll
 0001:0001cd68       ?parent@QFileSystemModel@@UBE?AVQModelIndex@@ABV2@@Z 0041dd68 f   Qt5Widgets:Qt5Widgets.dll
 0001:0001cd6e       ?qt_metacall@QFileSystemModel@@UAEHW4Call@QMetaObject@@HPAPAX@Z 0041dd6e f   Qt5Widgets:Qt5Widgets.dll
 0001:0001cd74       ?qt_metacast@QFileSystemModel@@UAEPAXPBD@Z 0041dd74 f   Qt5Widgets:Qt5Widgets.dll
 0001:0001cd7a       ?rowCount@QFileSystemModel@@UBEHABVQModelIndex@@@Z 0041dd7a f   Qt5Widgets:Qt5Widgets.dll
 0001:0001cd80       ?setData@QFileSystemModel@@UAE_NABVQModelIndex@@ABVQVariant@@H@Z 0041dd80 f   Qt5Widgets:Qt5Widgets.dll
 0001:0001cd86       ?sibling@QFileSystemModel@@UBE?AVQModelIndex@@HHABV2@@Z 0041dd86 f   Qt5Widgets:Qt5Widgets.dll
 0001:0001cd8c       ?sort@QFileSystemModel@@UAEXHW4SortOrder@Qt@@@Z 0041dd8c f   Qt5Widgets:Qt5Widgets.dll
 0001:0001cd92       ?supportedDropActions@QFileSystemModel@@UBE?AV?$QFlags@W4DropAction@Qt@@@@XZ 0041dd92 f   Qt5Widgets:Qt5Widgets.dll
[...]
 0002:00054bac       __unwindtable$??$createInto@VStatusViewWatcher@@@QQmlPrivate@@YAXPAX@Z 00477bac     main.obj
 0002:00054bac       __unwindtable$??$createInto@VOperationParamSelector@@@QQmlPrivate@@YAXPAX@Z 00477bac     main.obj
 0002:00054bac       __unwindtable$??$createInto@VOperationParamObject@@@QQmlPrivate@@YAXPAX@Z 00477bac     main.obj
 0002:00054bac       __unwindtable$??$createInto@VPlanSelector@@@QQmlPrivate@@YAXPAX@Z 00477bac     main.obj
 0002:00054bb4       __ehfuncinfo$??$createInto@VOperationParamSelector@@@QQmlPrivate@@YAXPAX@Z 00477bb4     main.obj
 0002:00054bb4       __ehfuncinfo$??$createInto@VOperationParamObject@@@QQmlPrivate@@YAXPAX@Z 00477bb4     main.obj
 0002:00054bb4       __ehfuncinfo$??$createInto@VFileViewModel@@@QQmlPrivate@@YAXPAX@Z 00477bb4     main.obj
 0002:00054bb4       __ehfuncinfo$??$createInto@VTextFieldDoubleValidator@@@QQmlPrivate@@YAXPAX@Z 00477bb4     main.obj
 0002:00054bb4       __ehfuncinfo$??$createInto@VStatusViewWatcher@@@QQmlPrivate@@YAXPAX@Z 00477bb4     main.obj
 0002:00054bb4       __ehfuncinfo$??$createInto@VPlanSelector@@@QQmlPrivate@@YAXPAX@Z 00477bb4     main.obj
 0002:00054bb4       __ehfuncinfo$??$createInto@VPlanController@@@QQmlPrivate@@YAXPAX@Z 00477bb4     main.obj
 0002:00054bd8       __unwindtable$?qt_metatype_id@?$QMetaTypeIdQObject@PAVStatusViewWatcher@@$07@@SAHXZ 00477bd8     main.obj
 0002:00054bd8       __unwindtable$?qt_metatype_id@?$QMetaTypeIdQObject@PAVOperationParamSelector@@$07@@SAHXZ 00477bd8     main.obj
 0002:00054bd8       __unwindtable$?qt_metatype_id@?$QMetaTypeIdQObject@PAVOperationParamObject@@$07@@SAHXZ 00477bd8     main.obj
 0002:00054bd8       __unwindtable$?qt_metatype_id@?$QMetaTypeIdQObject@PAVTextFieldDoubleValidator@@$07@@SAHXZ 00477bd8     main.obj
 0002:00054bd8       __unwindtable$?qt_metatype_id@?$QMetaTypeIdQObject@PAVFileViewModel@@$07@@SAHXZ 00477bd8     main.obj
 0002:00054bd8       __unwindtable$?qt_metatype_id@?$QMetaTypeIdQObject@PAVPlanSelector@@$07@@SAHXZ 00477bd8     main.obj
 0002:00054bd8       __unwindtable$?qt_metatype_id@?$QMetaTypeIdQObject@PAVPlanController@@$07@@SAHXZ 00477bd8     main.obj
 0002:00054be0       __ehfuncinfo$?qt_metatype_id@?$QMetaTypeIdQObject@PAVOperationParamObject@@$07@@SAHXZ 00477be0     main.obj
 0002:00054be0       __ehfuncinfo$?qt_metatype_id@?$QMetaTypeIdQObject@PAVOperationParamSelector@@$07@@SAHXZ 00477be0     main.obj
 0002:00054be0       __ehfuncinfo$?qt_metatype_id@?$QMetaTypeIdQObject@PAVPlanController@@$07@@SAHXZ 00477be0     main.obj
 0002:00054be0       __ehfuncinfo$?qt_metatype_id@?$QMetaTypeIdQObject@PAVFileViewModel@@$07@@SAHXZ 00477be0     main.obj
 0002:00054be0       __ehfuncinfo$?qt_metatype_id@?$QMetaTypeIdQObject@PAVStatusViewWatcher@@$07@@SAHXZ 00477be0     main.obj
 0002:00054be0       __ehfuncinfo$?qt_metatype_id@?$QMetaTypeIdQObject@PAVPlanSelector@@$07@@SAHXZ 00477be0     main.obj
 0002:00054be0       __ehfuncinfo$?qt_metatype_id@?$QMetaTypeIdQObject@PAVTextFieldDoubleValidator@@$07@@SAHXZ 00477be0     main.obj
 0002:00054c04       __unwindtable$??_G?$QQmlElement@VTextFieldDoubleValidator@@@QQmlPrivate@@UAEPAXI@Z 00477c04     main.obj
 0002:00054c04       __unwindtable$??_GPlanController@@UAEPAXI@Z 00477c04     workmodels.obj
 0002:00054c04       __unwindtable$??_G?$QQmlElement@VOperationParamObject@@@QQmlPrivate@@UAEPAXI@Z 00477c04     main.obj
 0002:00054c04       __unwindtable$??_GSingleOperationData@@QAEPAXI@Z 00477c04     configfilehandler.obj
 0002:00054c04       __unwindtable$??1SingleOperationData@@QAE@XZ 00477c04     configfilehandler.obj
 0002:00054c04       __unwindtable$??_G?$QQmlElement@VOperationParamSelector@@@QQmlPrivate@@UAEPAXI@Z 00477c04     main.obj
 0002:00054c04       __unwindtable$??1?$QForeachContainer@$$CBV?$QList@VSingleOperationData@@@@@@QAE@XZ 00477c04     environmentvariant.obj
 0002:00054c04       __unwindtable$??_G?$QQmlElement@VPlanSelector@@@QQmlPrivate@@UAEPAXI@Z 00477c04     main.obj
 0002:00054c04       __unwindtable$??1OperationParamData@@QAE@XZ 00477c04     configfilehandler.obj
 0002:00054c04       __unwindtable$??_G?$QQmlElement@VStatusViewWatcher@@@QQmlPrivate@@UAEPAXI@Z 00477c04     main.obj
 0002:00054c04       __unwindtable$??_G?$QQmlElement@VFileViewModel@@@QQmlPrivate@@UAEPAXI@Z 00477c04     main.obj
 0002:00054c04       __unwindtable$??_G?$QQmlElement@VPlanController@@@QQmlPrivate@@UAEPAXI@Z 00477c04     main.obj
 0002:00054c0c       __ehfuncinfo$??_G?$QQmlElement@VFileViewModel@@@QQmlPrivate@@UAEPAXI@Z 00477c0c     main.obj
 0002:00054c0c       __ehfuncinfo$??_G?$QQmlElement@VPlanController@@@QQmlPrivate@@UAEPAXI@Z 00477c0c     main.obj
 0002:00054c0c       __ehfuncinfo$??_G?$QQmlElement@VPlanSelector@@@QQmlPrivate@@UAEPAXI@Z 00477c0c     main.obj
 0002:00054c0c       __ehfuncinfo$??_G?$QQmlElement@VOperationParamSelector@@@QQmlPrivate@@UAEPAXI@Z 00477c0c     main.obj
 0002:00054c0c       __ehfuncinfo$??_G?$QQmlElement@VOperationParamObject@@@QQmlPrivate@@UAEPAXI@Z 00477c0c     main.obj
 0002:00054c0c       __ehfuncinfo$??_GPlanController@@UAEPAXI@Z 00477c0c     workmodels.obj
 0002:00054c0c       __ehfuncinfo$??_G?$QQmlElement@VTextFieldDoubleValidator@@@QQmlPrivate@@UAEPAXI@Z 00477c0c     main.obj
 0002:00054c0c       __ehfuncinfo$??_GSingleOperationData@@QAEPAXI@Z 00477c0c     configfilehandler.obj
 0002:00054c0c       __ehfuncinfo$??1?$QForeachContainer@$$CBV?$QList@VSingleOperationData@@@@@@QAE@XZ 00477c0c     environmentvariant.obj
 0002:00054c0c       __ehfuncinfo$??1SingleOperationData@@QAE@XZ 00477c0c     configfilehandler.obj
 0002:00054c0c       __ehfuncinfo$??_G?$QQmlElement@VStatusViewWatcher@@@QQmlPrivate@@UAEPAXI@Z 00477c0c     main.obj
 0002:00054c0c       __ehfuncinfo$??1OperationParamData@@QAE@XZ 00477c0c     configfilehandler.obj
 0002:00054c30       __catchsym$?detach_helper_grow@?$QList@PAVQObject@@@@AAEPAUNode@1@HH@Z$10 00477c30     workmodels.obj
 0002:00054c30       __catchsym$?detach_helper_grow@?$QList@H@@AAEPAUNode@1@HH@Z$10 00477c30     configfilehandler.obj
 0002:00054c40       __catchsym$?detach_helper_grow@?$QList@PAVQObject@@@@AAEPAUNode@1@HH@Z$9 00477c40     workmodels.obj
 0002:00054c40       __catchsym$?detach_helper_grow@?$QList@H@@AAEPAUNode@1@HH@Z$9 00477c40     configfilehandler.obj
 0002:00054c50       __unwindtable$?detach_helper_grow@?$QList@PAVQObject@@@@AAEPAUNode@1@HH@Z 00477c50     workmodels.obj
 0002:00054c50       __unwindtable$?detach_helper_grow@?$QList@H@@AAEPAUNode@1@HH@Z 00477c50     configfilehandler.obj
 0002:00054c70       __ehfuncinfo$?detach_helper_grow@?$QList@H@@AAEPAUNode@1@HH@Z 00477c70     configfilehandler.obj
 0002:00054c70       __ehfuncinfo$?detach_helper_grow@?$QList@PAVQObject@@@@AAEPAUNode@1@HH@Z 00477c70     workmodels.obj
 0002:00054c94       __tryblocktable$?detach_helper_grow@?$QList@PAVQObject@@@@AAEPAUNode@1@HH@Z 00477c94     workmodels.obj
 0002:00054c94       __tryblocktable$?detach_helper_grow@?$QList@H@@AAEPAUNode@1@HH@Z 00477c94     configfilehandler.obj
 0002:00054cbc       __ehfuncinfo$?setSelectedOperation@OperationParamSelector@@QAEXH@Z 00477cbc     workmodels.obj
 0002:00054ce0       __unwindtable$?setSelectedOperation@OperationParamSelector@@QAEXH@Z 00477ce0     workmodels.obj
 0002:00054d48       __unwindtable$?getSwitch@PlanSelector@@QAEPAVQObject@@ABVQString@@@Z 00477d48     workmodels.obj
 0002:00054d48       __unwindtable$?getSwitch@OperationParamSelector@@QAEPAVQObject@@ABVQString@@@Z 00477d48     workmodels.obj
 0002:00054d60       __ehfuncinfo$?getSwitch@PlanSelector@@QAEPAVQObject@@ABVQString@@@Z 00477d60     workmodels.obj
 0002:00054d60       __ehfuncinfo$?getSwitch@OperationParamSelector@@QAEPAVQObject@@ABVQString@@@Z 00477d60     workmodels.obj
 0002:00054d84       __ehfuncinfo$?onCompleteSingleOperation@OperationParamSelector@@QAEXXZ 00477d84     workmodels.obj
 0002:00054da8       __unwindtable$?onCompleteSingleOperation@OperationParamSelector@@QAEXXZ 00477da8     workmodels.obj
 0002:00054de8       __unwindtable$??0PlanSelector@@QAE@PAVQObject@@@Z 00477de8     workmodels.obj
 0002:00054e08       __ehfuncinfo$??0PlanSelector@@QAE@PAVQObject@@@Z 00477e08     workmodels.obj
 0002:00054e2c       __unwindtable$??1PlanSelector@@UAE@XZ 00477e2c     workmodels.obj
 0002:00054e3c       __ehfuncinfo$??1PlanSelector@@UAE@XZ 00477e3c     workmodels.obj
 0002:00054e60       __ehfuncinfo$?setSelectedStep@PlanSelector@@QAEXHH@Z 00477e60     workmodels.obj
 0002:00054e84       __unwindtable$?setSelectedStep@PlanSelector@@QAEXHH@Z 00477e84     workmodels.obj
 0002:00054eec       __ehfuncinfo$?setSelectedOperation@PlanSelector@@QAEXHHH@Z 00477eec     workmodels.obj
 0002:00054f10       __unwindtable$?setSelectedOperation@PlanSelector@@QAEXHHH@Z 00477f10     workmodels.obj
 0002:00054f98       __unwindtable$??0configFileHandler@@QAE@PAVQObject@@@Z 00477f98     configfilehandler.obj
 0002:00054f98       __unwindtable$??0StatusViewWatcher@@QAE@PAVQObject@@@Z 00477f98     workmodels.obj
 0002:00054f98       __unwindtable$??0PlanController@@QAE@PAVQObject@@@Z 00477f98     workmodels.obj
 0002:00054fa0       __ehfuncinfo$??0StatusViewWatcher@@QAE@PAVQObject@@@Z 00477fa0     workmodels.obj
 0002:00054fa0       __ehfuncinfo$??0configFileHandler@@QAE@PAVQObject@@@Z 00477fa0     configfilehandler.obj
 0002:00054fa0       __ehfuncinfo$??0PlanController@@QAE@PAVQObject@@@Z 00477fa0     workmodels.obj
 0002:00054fc4       __unwindtable$??_GStatusViewWatcher@@UAEPAXI@Z 00477fc4     workmodels.obj
 0002:00054fcc       __ehfuncinfo$??_GStatusViewWatcher@@UAEPAXI@Z 00477fcc     workmodels.obj
 0002:00054ff0       __unwindtable$?onMachineConfigChanged@TargetMachineObject@@QAE_NXZ 00477ff0     workmodels.obj
 0002:00054ff8       __ehfuncinfo$?onMachineConfigChanged@TargetMachineObject@@QAE_NXZ 00477ff8     workmodels.obj
 0002:0005501c       __unwindtable$??0FileViewModel@@QAE@PAVQObject@@@Z 0047801c     workmodels.obj
 0002:00055034       __ehfuncinfo$??0FileViewModel@@QAE@PAVQObject@@@Z 00478034     workmodels.obj
 0002:00055058       __unwindtable$?setDirOnly@FileViewModel@@QAEX_N@Z 00478058     workmodels.obj
 0002:00055068       __ehfuncinfo$?setDirOnly@FileViewModel@@QAEX_N@Z 00478068     workmodels.obj
 0002:0005508c       __unwindtable$?rootIndex@FileViewModel@@QAE?AVQModelIndex@@XZ 0047808c     workmodels.obj
 0002:0005508c       __unwindtable$?getConfigFullName@@YA?AVQString@@PBD@Z 0047808c     main.obj
 0002:00055094       __ehfuncinfo$?getConfigFullName@@YA?AVQString@@PBD@Z 00478094     main.obj
 0002:00055094       __ehfuncinfo$?rootIndex@FileViewModel@@QAE?AVQModelIndex@@XZ 00478094     workmodels.obj
 0002:000550b8       __ehfuncinfo$?doCheck@SubThreadCheckWorker@@QAEXABVQJsonObject@@@Z 004780b8     workflowChecker.obj
 0002:000550dc       __unwindtable$?doCheck@SubThreadCheckWorker@@QAEXABVQJsonObject@@@Z 004780dc     workflowChecker.obj
 0002:000551d4       __ehfuncinfo$?configChecker@SubThreadCheckWorker@@QAEXABVQJsonArray@@@Z 004781d4     workflowChecker.obj
 0002:000551f8       __unwindtable$?configChecker@SubThreadCheckWorker@@QAEXABVQJsonArray@@@Z 004781f8     workflowChecker.obj
 0002:00055280       __ehfuncinfo$?CheckBoardConstraint@SubThreadCheckWorker@@IAE_NABVQJsonObject@@@Z 00478280     workflowChecker.obj
 0002:000552a4       __unwindtable$?CheckBoardConstraint@SubThreadCheckWorker@@IAE_NABVQJsonObject@@@Z 004782a4     workflowChecker.obj
 0002:00055354       __ehfuncinfo$?CheckParamConstraint@SubThreadCheckWorker@@IAE_NABVQJsonObject@@@Z 00478354     workflowChecker.obj
 0002:00055378       __unwindtable$?CheckParamConstraint@SubThreadCheckWorker@@IAE_NABVQJsonObject@@@Z 00478378     workflowChecker.obj
 0002:000554e0       __ehfuncinfo$??0WorkflowCheckerController@@QAE@PAVQObject@@@Z 004784e0     workflowChecker.obj
 0002:00055504       __unwindtable$??0WorkflowCheckerController@@QAE@PAVQObject@@@Z 00478504     workflowChecker.obj
 0002:00055534       __unwindtable$?qt_metatype_id@?$QMetaTypeId@VQSequentialIterableImpl@QtMetaTypePrivate@@@@SAHXZ 00478534     moc_workmodels.obj
 0002:00055534       __unwindtable$?qt_metatype_id@?$QMetaTypeId@V?$QList@PAVQObject@@@@@@SAHXZ 00478534     moc_workmodels.obj
 0002:0005553c       __ehfuncinfo$?qt_metatype_id@?$QMetaTypeId@V?$QList@PAVQObject@@@@@@SAHXZ 0047853c     moc_workmodels.obj
 0002:0005553c       __ehfuncinfo$?qt_metatype_id@?$QMetaTypeId@VQSequentialIterableImpl@QtMetaTypePrivate@@@@SAHXZ 0047853c     moc_workmodels.obj
 0002:00055560       __unwindtable$?qt_static_metacall@OperationParamSelector@@CAXPAVQObject@@W4Call@QMetaObject@@HPAPAX@Z 00478560     moc_workmodels.obj
 0002:00055568       __ehfuncinfo$?qt_static_metacall@OperationParamSelector@@CAXPAVQObject@@W4Call@QMetaObject@@HPAPAX@Z 00478568     moc_workmodels.obj
 0002:0005558c       __unwindtable$?qt_static_metacall@PlanSelector@@CAXPAVQObject@@W4Call@QMetaObject@@HPAPAX@Z 0047858c     moc_workmodels.obj
 0002:000555ac       __ehfuncinfo$?qt_static_metacall@PlanSelector@@CAXPAVQObject@@W4Call@QMetaObject@@HPAPAX@Z 004785ac     moc_workmodels.obj
 0002:000555d0       __unwindtable$?qt_static_metacall@StatusViewWatcher@@CAXPAVQObject@@W4Call@QMetaObject@@HPAPAX@Z 004785d0     moc_workmodels.obj
 0002:000555e0       __ehfuncinfo$?qt_static_metacall@StatusViewWatcher@@CAXPAVQObject@@W4Call@QMetaObject@@HPAPAX@Z 004785e0     moc_workmodels.obj
 0002:00055604       __unwindtable$?Construct@?$QMetaTypeFunctionHelper@V?$QList@PAVQObject@@@@$00@QtMetaTypePrivate@@SAPAXPAXPBX@Z 00478604     moc_workmodels.obj
 0002:00055604       __unwindtable$?Construct@?$QMetaTypeFunctionHelper@V?$QList@H@@$00@QtMetaTypePrivate@@SAPAXPAXPBX@Z 00478604     moc_workmodels.obj
 0002:0005560c       __ehfuncinfo$?Construct@?$QMetaTypeFunctionHelper@V?$QList@PAVQObject@@@@$00@QtMetaTypePrivate@@SAPAXPAXPBX@Z 0047860c     moc_workmodels.obj
 0002:0005560c       __ehfuncinfo$?Construct@?$QMetaTypeFunctionHelper@V?$QList@H@@$00@QtMetaTypePrivate@@SAPAXPAXPBX@Z 0047860c     moc_workmodels.obj
 0002:00055630       __unwindtable$?qt_metatype_id@?$QMetaTypeId@V?$QList@H@@@@SAHXZ 00478630     moc_workmodels.obj
 0002:00055638       __ehfuncinfo$?qt_metatype_id@?$QMetaTypeId@V?$QList@H@@@@SAHXZ 00478638     moc_workmodels.obj
 0002:0005565c       __unwindtable$??__Ff@?4??registerConverter@?$ValueTypeIsMetaType@V?$QList@PAVQObject@@@@$00@QtPrivate@@SA_NH@Z@YAXXZ 0047865c     moc_workmodels.obj
 0002:0005565c       __unwindtable$??__Fdummy@?A0x60b45615@@YAXXZ 0047865c     qrc_qml.obj
 0002:0005565c       __unwindtable$??__Ff@?4??registerConverter@?$ValueTypeIsMetaType@V?$QList@H@@$00@QtPrivate@@SA_NH@Z@YAXXZ 0047865c     moc_workmodels.obj
 0002:0005565c       __unwindtable$?Destruct@?$QMetaTypeFunctionHelper@V?$QList@H@@$00@QtMetaTypePrivate@@SAXPAX@Z 0047865c     moc_workmodels.obj
 0002:0005565c       __unwindtable$?Destruct@?$QMetaTypeFunctionHelper@V?$QList@PAVQObject@@@@$00@QtMetaTypePrivate@@SAXPAX@Z 0047865c     moc_workmodels.obj
 0002:00055664       __ehfuncinfo$?Destruct@?$QMetaTypeFunctionHelper@V?$QList@PAVQObject@@@@$00@QtMetaTypePrivate@@SAXPAX@Z 00478664     moc_workmodels.obj
 0002:00055664       __ehfuncinfo$?Destruct@?$QMetaTypeFunctionHelper@V?$QList@H@@$00@QtMetaTypePrivate@@SAXPAX@Z 00478664     moc_workmodels.obj
 0002:00055664       __ehfuncinfo$??__Ff@?4??registerConverter@?$ValueTypeIsMetaType@V?$QList@PAVQObject@@@@$00@QtPrivate@@SA_NH@Z@YAXXZ 00478664     moc_workmodels.obj
 0002:00055664       __ehfuncinfo$??__Fdummy@?A0x60b45615@@YAXXZ 00478664     qrc_qml.obj
 0002:00055664       __ehfuncinfo$??__Ff@?4??registerConverter@?$ValueTypeIsMetaType@V?$QList@H@@$00@QtPrivate@@SA_NH@Z@YAXXZ 00478664     moc_workmodels.obj
 0002:00055688       __sehtable$___scrt_is_nonwritable_in_current_image 00478688     MSVCRT:utility.obj
 0002:000556a8       __sehtable$?__scrt_common_main_seh@@YAHXZ 004786a8     MSVCRT:exe_winmain.obj
 0002:00055f00       .idata$6                   00478f00     DbgHelp:dbghelp.dll
 0002:00056004       .idata$6                   00479004     Qt5Quick:Qt5Quick.dll
 0002:0005679c       .idata$6                   0047979c     Qt5Widgets:Qt5Widgets.dll
 0002:00056a66       .idata$6                   00479a66     Qt5Gui:Qt5Gui.dll
 0002:00056bc2       .idata$6                   00479bc2     Qt5Qml:Qt5Qml.dll
 0002:00056cd4       .idata$6                   00479cd4     Qt5Network:Qt5Network.dll
 0002:0005958a       .idata$6                   0047c58a     Qt5Core:Qt5Core.dll
 0002:0005977c       .idata$6                   0047c77c     kernel32:KERNEL32.dll
 0002:00059860       .idata$6                   0047c860     vcruntime:VCRUNTIME140.dll
 0002:00059a52       .idata$6                   0047ca52     ucrt:api-ms-win-crt-heap-l1-1-0.dll
 0002:00059a72       .idata$6                   0047ca72     ucrt:api-ms-win-crt-runtime-l1-1-0.dll
 0002:00059a94       .idata$6                   0047ca94     ucrt:api-ms-win-crt-stdio-l1-1-0.dll
 0002:00059ab4       .idata$6                   0047cab4     ucrt:api-ms-win-crt-math-l1-1-0.dll
 0002:00059ad4       .idata$6                   0047cad4     ucrt:api-ms-win-crt-locale-l1-1-0.dll
 0002:00059b0c       .idata$6                   0047cb0c     shell32:SHELL32.dll
 0003:000007fc       ?_Tss_mutex@@3U_RTL_CRITICAL_SECTION@@A 0047d7fc     MSVCRT:thread_safe_statics.obj
 0003:00000814       ?_Tss_cv@@3U_RTL_CONDITION_VARIABLE@@A 0047d814     MSVCRT:thread_safe_statics.obj
 0003:00000818       ?_Tss_event@@3PAXA         0047d818     MSVCRT:thread_safe_statics.obj
 0003:0000081c       ?encoded_sleep_condition_variable_cs@@3P6GHPAU_RTL_CONDITION_VARIABLE@@PAU_RTL_CRITICAL_SECTION@@K@ZA 0047d81c     MSVCRT:thread_safe_statics.obj
 0003:00000820       ?encoded_wake_all_condition_variable@@3P6GXPAU_RTL_CONDITION_VARIABLE@@@ZA 0047d820     MSVCRT:thread_safe_statics.obj
 0003:00000830       ?module_local_atexit_table@@3U_onexit_table_t@@A 0047d830     MSVCRT:utility.obj
 0003:0000083c       ?module_local_at_quick_exit_table@@3U_onexit_table_t@@A 0047d83c     MSVCRT:utility.obj
 0003:00000848       ?is_initialized_as_dll@@3_NA 0047d848     MSVCRT:utility.obj
 0003:00000850       _GS_ExceptionRecord        0047d850     MSVCRT:gs_report.obj
 0003:000008a0       _GS_ContextRecord          0047d8a0     MSVCRT:gs_report.obj
 0005:00000000       __guard_fids__             0047f000     MSVCRT:thread_safe_statics.obj
 0005:00000004       __guard_fids_?__scrt_initialize_thread_safe_statics@@YAHXZ 0047f004     MSVCRT:thread_safe_statics.obj
 0005:00000008       __guard_fids__             0047f008     MSVCRT:std_type_info_static.obj
 0005:0000000c       __guard_fids__             0047f00c     MSVCRT:exe_winmain.obj
 0005:00000010       __guard_fids__             0047f010     MSVCRT:exe_winmain.obj
 0005:00000014       __guard_fids__             0047f014     MSVCRT:exe_winmain.obj
 0005:00000018       __guard_fids_?pre_c_initialization@@YAHXZ 0047f018     MSVCRT:exe_winmain.obj
 0005:00000020       __guard_fids__             0047f020     MSVCRT:throw_bad_alloc.obj
 0005:00000028       __guard_fids__             0047f028     MSVCRT:throw_bad_alloc.obj
 0005:00000030       __guard_fids__             0047f030     MSVCRT:throw_bad_alloc.obj
 0005:00000038       __guard_fids__             0047f038     MSVCRT:throw_bad_alloc.obj
 0005:0000003c       __guard_fids__             0047f03c     MSVCRT:throw_bad_alloc.obj
 0005:00000040       __guard_fids__             0047f040     MSVCRT:throw_bad_alloc.obj
 0005:00000044       __guard_fids__             0047f044     MSVCRT:throw_bad_alloc.obj
 0005:00000048       __guard_fids__             0047f048     MSVCRT:throw_bad_alloc.obj
 0005:0000004c       __guard_fids____scrt_set_unhandled_exception_filter 0047f04c     MSVCRT:utility_desktop.obj
 0005:00000050       __guard_fids___except_handler4 0047f050     MSVCRT:_chandler4gs_.obj
 0005:00000054       __guard_fids__             0047f054     MSVCRT:guard_support.obj
 0006:00000060       $R000000                   00480060     * linker generated manifest res *
