 MindGoTool_AllInOne

 Timestamp is 59636770 (Mon Jul 10 19:39:28 2017)

 Preferred load address is 00400000

 Start         Length     Name                   Class
 0001:00000000 000000e0H .text$di                CODE
 0001:000000e0 000166a0H .text$mn                CODE
 0001:00016780 00002b40H .text$x                 CODE
 0001:000192c0 000000fdH .text$yd                CODE
 0002:00000000 00000528H .idata$5                DATA
 0002:00000528 00000004H .00cfg                  DATA
 0002:0000052c 00000004H .CRT$XCA                DATA
 0002:00000530 00000004H .CRT$XCAA               DATA
 0002:00000534 00000030H .CRT$XCU                DATA
 0002:00000564 00000004H .CRT$XCZ                DATA
 0002:00000568 00000004H .CRT$XIA                DATA
 0002:0000056c 00000004H .CRT$XIAA               DATA
 0002:00000570 00000004H .CRT$XIAC               DATA
 0002:00000574 00000004H .CRT$XIC                DATA
 0002:00000578 00000004H .CRT$XIZ                DATA
 0002:0000057c 00000004H .CRT$XLA                DATA
 0002:00000580 00000004H .CRT$XLZ                DATA
 0002:00000584 00000004H .CRT$XPA                DATA
 0002:00000588 00000004H .CRT$XPZ                DATA
 0002:0000058c 00000004H .CRT$XTA                DATA
 0002:00000590 00000010H .CRT$XTZ                DATA
 0002:000005a0 0004d014H .rdata                  DATA
 0002:0004d5b4 00000018H .rdata$T                DATA
 0002:0004d5cc 00000874H .rdata$r                DATA
 0002:0004de40 00000208H .rdata$sxdata           DATA
 0002:0004e048 000003ccH .rdata$zzzdbg           DATA
 0002:0004e414 00000004H .rtc$IAA                DATA
 0002:0004e418 00000004H .rtc$IZZ                DATA
 0002:0004e41c 00000004H .rtc$TAA                DATA
 0002:0004e420 00000008H .rtc$TZZ                DATA
 0002:0004e428 000034a4H .xdata$x                DATA
 0002:000518cc 00000000H .edata                  DATA
 0002:000518cc 00000118H .idata$2                DATA
 0002:000519e4 00000014H .idata$3                DATA
 0002:000519f8 00000528H .idata$4                DATA
 0002:00051f20 00002caaH .idata$6                DATA
 0003:00000000 00000138H .data                   DATA
 0003:00000138 00000470H .data$r                 DATA
 0003:000005a8 00000418H .bss                    DATA
 0004:00000000 00000004H .tls                    DATA
 0004:00000004 00000004H .tls$                   DATA
 0004:00000008 00000001H .tls$ZZZ                DATA
 0005:00000000 00000058H .gfids$y                DATA
 0006:00000000 00000060H .rsrc$01                DATA
 0006:00000060 00000290H .rsrc$02                DATA

  Address         Publics by Value              Rva+Base       Lib:Object

 0000:00000000       ___guard_longjmp_count     00000000     <absolute>
 0000:00000000       ___guard_fids_table        00000000     <absolute>
 0000:00000000       ___guard_iat_count         00000000     <absolute>
 0000:00000000       ___guard_iat_table         00000000     <absolute>
 0000:00000000       ___guard_longjmp_table     00000000     <absolute>
 0000:00000000       ___dynamic_value_reloc_table 00000000     <absolute>
 0000:00000000       ___guard_fids_count        00000000     <absolute>
 0000:0000002c       __tls_array                0000002c     <absolute>
 0000:00000082       ___safe_se_handler_count   00000082     <absolute>
 0000:00000100       ___guard_flags             00000100     <absolute>
 0000:00000000       ___ImageBase               00400000     <linker-defined>
 0001:000000e0       ??0Communication@@QAE@XZ   004010e0 f   communication.obj
 0001:00000100       ?connectToServer@Communication@@QAE_NABVQString@@G@Z 00401100 f   communication.obj
 0001:00000220       ?disconnect@Communication@@QAEXXZ 00401220 f   communication.obj
 0001:00000240       ?readData@Communication@@QAE?AVQByteArray@@H@Z 00401240 f   communication.obj
 0001:000002c0       ?write@Communication@@QAE_JABVQByteArray@@@Z 004012c0 f   communication.obj
 0001:00000310       ??$connect@P8QThread@@AEXUQPrivateSignal@1@@ZP8QObject@@AEXXZ@QObject@@SA?AVConnection@QMetaObject@@PBVQThread@@P83@AEXUQPrivateSignal@3@@ZPBV0@P80@AEXXZW4ConnectionType@Qt@@@Z 00401310 f i workflowprotocol.obj
 0001:00000370       ??$connect@P8SubThreadWorker@@AEXABVQJsonObject@@@ZP8WorkflowController@@AEX0@Z@QObject@@SA?AVConnection@QMetaObject@@PBVSubThreadWorker@@P83@AEXABVQJsonObject@@@ZPBVWorkflowController@@P85@AEX1@ZW4ConnectionType@Qt@@@Z 00401370 f i workflowprotocol.obj
 0001:000003e0       ??$connect@P8SubThreadWorker@@AEX_NH@ZP8WorkflowController@@AEX0H@Z@QObject@@SA?AVConnection@QMetaObject@@PBVSubThreadWorker@@P83@AEX_NH@ZPBVWorkflowController@@P84@AEX1H@ZW4ConnectionType@Qt@@@Z 004013e0 f i workflowprotocol.obj
 0001:00000450       ??$connect@P8WorkflowController@@AEXABVQJsonObject@@@ZP8SubThreadWorker@@AEX0@Z@QObject@@SA?AVConnection@QMetaObject@@PBVWorkflowController@@P83@AEXABVQJsonObject@@@ZPBVSubThreadWorker@@P85@AEX1@ZW4ConnectionType@Qt@@@Z 00401450 f i workflowprotocol.obj
 0001:000004c0       ??$connect@P8WorkflowController@@AEXABVQString@@@ZP8SubThreadWorker@@AEX0@Z@QObject@@SA?AVConnection@QMetaObject@@PBVWorkflowController@@P83@AEXABVQString@@@ZPBVSubThreadWorker@@P85@AEX1@ZW4ConnectionType@Qt@@@Z 004014c0 f i workflowprotocol.obj
 0001:00000530       ??$connect@P8WorkflowController@@AEXABVQString@@G@ZP8SubThreadWorker@@AEX0G@Z@QObject@@SA?AVConnection@QMetaObject@@PBVWorkflowController@@P83@AEXABVQString@@G@ZPBVSubThreadWorker@@P85@AEX1G@ZW4ConnectionType@Qt@@@Z 00401530 f i workflowprotocol.obj
 0001:000005a0       ??$connect@P8WorkflowController@@AEXXZP8SubThreadWorker@@AEXXZ@QObject@@SA?AVConnection@QMetaObject@@PBVWorkflowController@@P83@AEXXZPBVSubThreadWorker@@P84@AEXXZW4ConnectionType@Qt@@@Z 004015a0 f i workflowprotocol.obj
 0001:00000600       ??$formatWord@E@WorkflowProtocol@@IAE?AVQByteArray@@E@Z 00401600 f i workflowprotocol.obj
 0001:00000630       ??$formatWord@G@WorkflowProtocol@@IAE?AVQByteArray@@G@Z 00401630 f i workflowprotocol.obj
 0001:00000660       ??$qMakeForeachContainer@AAV?$QList@VQString@@@@@QtPrivate@@YA?AV?$QForeachContainer@V?$QList@VQString@@@@@0@AAV?$QList@VQString@@@@@Z 00401660 f i workflowprotocol.obj
 0001:000006a0       ??$qMakeForeachContainer@ABVQStringList@@@QtPrivate@@YA?AV?$QForeachContainer@VQStringList@@@0@ABVQStringList@@@Z 004016a0 f i environmentvariant.obj
 0001:000006a0       ??$qMakeForeachContainer@AAVQStringList@@@QtPrivate@@YA?AV?$QForeachContainer@VQStringList@@@0@AAVQStringList@@@Z 004016a0 f i workflowprotocol.obj
 0001:000006e0       ??0?$QList@VQString@@@@QAE@ABV0@@Z 004016e0 f i workflowprotocol.obj
 0001:00000790       ??0WorkflowController@@QAE@PAVQObject@@@Z 00401790 f   workflowprotocol.obj
 0001:00000980       ??1?$QList@VQString@@@@QAE@XZ 00401980 f i workflowprotocol.obj
 0001:00000a10       ??1Communication@@QAE@XZ   00401a10 f i workflowprotocol.obj
 0001:00000a20       ??1QStringList@@QAE@XZ     00401a20 f i workflowprotocol.obj
 0001:00000a20       ??1?$QForeachContainer@VQStringList@@@QtPrivate@@QAE@XZ 00401a20 f i workflowprotocol.obj
 0001:00000a30       ??1SubThreadWorker@@UAE@XZ 00401a30 f   workflowprotocol.obj
 0001:00000ad0       ??1WorkflowController@@UAE@XZ 00401ad0 f   workflowprotocol.obj
 0001:00000b40       ??4?$QList@UloopControl@SubThreadWorker@@@@QAEAAV0@$$QAV0@@Z 00401b40 f i workflowprotocol.obj
 0001:00000bf0       ??_GRunningStateChangeEvent@@UAEPAXI@Z 00401bf0 f i workflowprotocol.obj
 0001:00000bf0       ??_ERunningStateChangeEvent@@UAEPAXI@Z 00401bf0 f i workflowprotocol.obj
 0001:00000c20       ??_EStatusChangeEvent@@UAEPAXI@Z 00401c20 f i workflowprotocol.obj
 0001:00000c20       ??_GStatusChangeEvent@@UAEPAXI@Z 00401c20 f i workflowprotocol.obj
 0001:00000c50       ??_GSubThreadWorker@@UAEPAXI@Z 00401c50 f i workflowprotocol.obj
 0001:00000c50       ??_ESubThreadWorker@@UAEPAXI@Z 00401c50 f i workflowprotocol.obj
 0001:00000c70       ??_GWorkflowController@@UAEPAXI@Z 00401c70 f i workflowprotocol.obj
 0001:00000c70       ??_EWorkflowController@@UAEPAXI@Z 00401c70 f i workflowprotocol.obj
 0001:00000d00       ?append@?$QList@UloopControl@SubThreadWorker@@@@QAEXABUloopControl@SubThreadWorker@@@Z 00401d00 f i workflowprotocol.obj
 0001:00000db0       ?append@?$QList@VQString@@@@QAEXABVQString@@@Z 00401db0 f i workflowprotocol.obj
 0001:00000e60       ?changeHost@SubThreadWorker@@QAEXABVQString@@G@Z 00401e60 f   workflowprotocol.obj
 0001:00000e80       ?clear@?$QList@UloopControl@SubThreadWorker@@@@QAEXXZ 00401e80 f i workflowprotocol.obj
 0001:00000f20       ?configProtocol@SubThreadWorker@@QAEXABVQString@@@Z 00401f20 f   workflowprotocol.obj
 0001:00000f30       ?dealloc@?$QList@UloopControl@SubThreadWorker@@@@AAEXPAUData@QListData@@@Z 00401f30 f i workflowprotocol.obj
 0001:00000f80       ?detach_helper@?$QList@UloopControl@SubThreadWorker@@@@AAEXH@Z 00401f80 f i workflowprotocol.obj
 0001:00001050       ?detach_helper_grow@?$QList@UloopControl@SubThreadWorker@@@@AAEPAUNode@1@HH@Z 00402050 f i workflowprotocol.obj
 0001:000011a0       ?detach_helper_grow@?$QList@VQString@@@@AAEPAUNode@1@HH@Z 004021a0 f i workflowprotocol.obj
 0001:00001320       ?doTunning@SubThreadWorker@@QAEXABVQJsonObject@@@Z 00402320 f   workflowprotocol.obj
 0001:00001450       ?doWork@SubThreadWorker@@QAEXABVQJsonObject@@@Z 00402450 f   workflowprotocol.obj
 0001:00001780       ?erase@?$QList@UloopControl@SubThreadWorker@@@@QAE?AViterator@1@V21@@Z 00402780 f i workflowprotocol.obj
 0001:00001800       ?formatRecvFrameToJsonObject@WorkflowProtocol@@QAE_NAAVQJsonObject@@@Z 00402800 f   workflowprotocol.obj
 0001:000018a0       ?handleControlCommand@SubThreadWorker@@IAE_NAAVCommunication@@AAVQJsonObject@@@Z 004028a0 f   workflowprotocol.obj
 0001:00002240       ?handleLogicalCommand@SubThreadWorker@@IAE_NAAVQJsonObject@@AAH@Z 00403240 f   workflowprotocol.obj
 0001:000029b0       ?handleLoopCommand@SubThreadWorker@@IAE_NAAVQJsonObject@@AAH@Z 004039b0 f   workflowprotocol.obj
 0001:00003140       ?impl@?$QSlotObject@P8SubThreadWorker@@AEXABVQString@@@ZU?$List@ABVQString@@@QtPrivate@@X@QtPrivate@@CAXHPAVQSlotObjectBase@2@PAVQObject@@PAPAXPA_N@Z 00404140 f i workflowprotocol.obj
 0001:00003140       ?impl@?$QSlotObject@P8SubThreadWorker@@AEXABVQJsonObject@@@ZU?$List@ABVQJsonObject@@@QtPrivate@@X@QtPrivate@@CAXHPAVQSlotObjectBase@2@PAVQObject@@PAPAXPA_N@Z 00404140 f i workflowprotocol.obj
 0001:00003140       ?impl@?$QSlotObject@P8WorkflowController@@AEXABVQJsonObject@@@ZU?$List@ABVQJsonObject@@@QtPrivate@@X@QtPrivate@@CAXHPAVQSlotObjectBase@2@PAVQObject@@PAPAXPA_N@Z 00404140 f i workflowprotocol.obj
 0001:000031a0       ?impl@?$QSlotObject@P8SubThreadWorker@@AEXABVQString@@G@ZU?$List@ABVQString@@G@QtPrivate@@X@QtPrivate@@CAXHPAVQSlotObjectBase@2@PAVQObject@@PAPAXPA_N@Z 004041a0 f i workflowprotocol.obj
 0001:00003200       ?impl@?$QSlotObject@P8WorkflowController@@AEX_NH@ZU?$List@_NH@QtPrivate@@X@QtPrivate@@CAXHPAVQSlotObjectBase@2@PAVQObject@@PAPAXPA_N@Z 00404200 f i workflowprotocol.obj
 0001:00003260       ?init@WorkflowController@@QAEXABVQString@@@Z 00404260 f   workflowprotocol.obj
 0001:00003270       ?initProtocol@WorkflowProtocol@@QAE_NABVQString@@@Z 00404270 f   workflowprotocol.obj
 0001:000033c0       ?isLogicalCommand@SubThreadWorker@@IAE_NABVQString@@@Z 004043c0 f   workflowprotocol.obj
 0001:000035b0       ?isLoopCommand@SubThreadWorker@@IAE_NABVQString@@@Z 004045b0 f   workflowprotocol.obj
 0001:000037c0       ?node_copy@?$QList@UloopControl@SubThreadWorker@@@@AAEXPAUNode@1@00@Z 004047c0 f i workflowprotocol.obj
 0001:00003860       ?node_copy@?$QList@VQString@@@@AAEXPAUNode@1@00@Z 00404860 f i workflowprotocol.obj
 0001:000038a0       ?node_destruct@?$QList@UloopControl@SubThreadWorker@@@@AAEXPAUNode@1@0@Z 004048a0 f i workflowprotocol.obj
 0001:000038d0       ?node_destruct@?$QList@VQString@@@@AAEXPAUNode@1@0@Z 004048d0 f i workflowprotocol.obj
 0001:00003900       ?parseAckFrame@WorkflowProtocol@@QAE_NABVQByteArray@@AAVQJsonObject@@@Z 00404900 f   workflowprotocol.obj
 0001:000039e0       ?parseJsonObjectToSendFrame@WorkflowProtocol@@QAE_NABVQJsonObject@@AAV2@@Z 004049e0 f   workflowprotocol.obj
 0001:00004060       ?pop_back@?$QList@UloopControl@SubThreadWorker@@@@QAEXXZ 00405060 f i workflowprotocol.obj
 0001:000040a0       ?runTask@WorkflowController@@QAEXABVQJsonObject@@@Z 004050a0 f   workflowprotocol.obj
 0001:000040f0       ?runTunning@WorkflowController@@QAEXABVQJsonObject@@@Z 004050f0 f   workflowprotocol.obj
 0001:00004140       ?serializeSendFrame@WorkflowProtocol@@QAE?AVQByteArray@@XZ 00405140 f   workflowprotocol.obj
 0001:000042a0       ?sethost@WorkflowController@@QAEXABVQString@@G@Z 004052a0 f   workflowprotocol.obj
 0001:000042b0       ?statusChanged@WorkflowController@@QAEXABVQJsonObject@@@Z 004052b0 f   workflowprotocol.obj
 0001:00004350       ?stopCurrentTask@WorkflowController@@QAEXXZ 00405350 f   workflowprotocol.obj
 0001:00004370       ?stopTask@SubThreadWorker@@QAEXXZ 00405370 f   workflowprotocol.obj
 0001:00004380       ?taskStateChanged@WorkflowController@@QAEX_NH@Z 00405380 f   workflowprotocol.obj
 0001:00004410       ?types@?$ConnectionTypes@U?$List@ABVQJsonObject@@@QtPrivate@@$00@QtPrivate@@SAPBHXZ 00405410 f i workflowprotocol.obj
 0001:00004470       ?types@?$ConnectionTypes@U?$List@ABVQString@@@QtPrivate@@$00@QtPrivate@@SAPBHXZ 00405470 f i workflowprotocol.obj
 0001:000044d0       ?types@?$ConnectionTypes@U?$List@ABVQString@@G@QtPrivate@@$00@QtPrivate@@SAPBHXZ 004054d0 f i workflowprotocol.obj
 0001:00004540       ?types@?$ConnectionTypes@U?$List@_NH@QtPrivate@@$00@QtPrivate@@SAPBHXZ 00405540 f i workflowprotocol.obj
 0001:000045b0       ?unserializeRecvFrame@WorkflowProtocol@@QAEXABVQByteArray@@@Z 004055b0 f   workflowprotocol.obj
 0001:000046f0       ??$qMakeForeachContainer@AAV?$QList@VOperationParamData@@@@@QtPrivate@@YA?AV?$QForeachContainer@V?$QList@VOperationParamData@@@@@0@AAV?$QList@VOperationParamData@@@@@Z 004056f0 f i workmodels.obj
 0001:000046f0       ??$qMakeForeachContainer@ABV?$QList@VOperationParamData@@@@@QtPrivate@@YA?AV?$QForeachContainer@V?$QList@VOperationParamData@@@@@0@ABV?$QList@VOperationParamData@@@@@Z 004056f0 f i configfilehandler.obj
 0001:00004730       ??$qMakePair@VQString@@V?$QList@VSingleOperationData@@@@@@YA?AU?$QPair@VQString@@V?$QList@VSingleOperationData@@@@@@ABVQString@@ABV?$QList@VSingleOperationData@@@@@Z 00405730 f i configfilehandler.obj
 0001:00004790       ??0?$QList@PAVQObject@@@@QAE@ABV0@@Z 00405790 f i workmodels.obj
 0001:00004790       ??0?$QList@H@@QAE@ABV0@@Z  00405790 f i configfilehandler.obj
 0001:00004840       ??0?$QList@VOperationParamData@@@@QAE@ABV0@@Z 00405840 f i configfilehandler.obj
 0001:000048f0       ??0?$QList@VSingleOperationData@@@@QAE@ABV0@@Z 004058f0 f i configfilehandler.obj
 0001:000049a0       ??0OperationParamData@@QAE@ABV0@@Z 004059a0 f i configfilehandler.obj
 0001:00004b10       ??0OperationParamData@@QAE@ABVQString@@00ABVQStringList@@_NHH0V?$QList@H@@00HH@Z 00405b10 f i configfilehandler.obj
 0001:00004cb0       ??0configFileHandler@@QAE@PAVQObject@@@Z 00405cb0 f   configfilehandler.obj
 0001:00004d10       ??1?$QForeachContainer@V?$QList@VOperationParamData@@@@@QtPrivate@@QAE@XZ 00405d10 f i configfilehandler.obj
 0001:00004d70       ??1?$QList@VSingleOperationData@@@@QAE@XZ 00405d70 f i configfilehandler.obj
 0001:00004df0       ??1?$QMap@VQString@@V1@@@QAE@XZ 00405df0 f i configfilehandler.obj
 0001:00004e70       ??1?$QMap@VQString@@VOperationParamData@@@@QAE@XZ 00405e70 f i configfilehandler.obj
 0001:00004f10       ??1?$QMap@VQString@@VQStringList@@@@QAE@XZ 00405f10 f i configfilehandler.obj
 0001:00004fb0       ??1?$QPair@VQString@@V?$QList@VSingleOperationData@@@@@@QAE@XZ 00405fb0 f i configfilehandler.obj
 0001:00005040       ??1OperationParamData@@QAE@XZ 00406040 f i configfilehandler.obj
 0001:000050f0       ??1SingleOperationData@@QAE@XZ 004060f0 f i configfilehandler.obj
 0001:00005160       ??4?$QList@U?$QPair@VQString@@V?$QList@VSingleOperationData@@@@@@@@QAEAAV0@$$QAV0@@Z 00406160 f i configfilehandler.obj
 0001:00005200       ??4OperationParamData@@QAEAAV0@ABV0@@Z 00406200 f i configfilehandler.obj
 0001:00005310       ??A?$QMap@VQString@@V1@@@QAEAAVQString@@ABV1@@Z 00406310 f i configfilehandler.obj
 0001:000053d0       ??A?$QMap@VQString@@VOperationParamData@@@@QBE?BVOperationParamData@@ABVQString@@@Z 004063d0 f i configfilehandler.obj
 0001:00005490       ??A?$QMap@VQString@@VQStringList@@@@QAEAAVQStringList@@ABVQString@@@Z 00406490 f i configfilehandler.obj
 0001:00005550       ??_G?$QPair@VQString@@V?$QList@VSingleOperationData@@@@@@QAEPAXI@Z 00406550 f i configfilehandler.obj
 0001:000055f0       ??_GSingleOperationData@@QAEPAXI@Z 004065f0 f i configfilehandler.obj
 0001:00005670       ??_GconfigFileHandler@@UAEPAXI@Z 00406670 f i configfilehandler.obj
 0001:00005670       ??_EconfigFileHandler@@UAEPAXI@Z 00406670 f i configfilehandler.obj
 0001:000056a0       ?ParseHostIP@configFileHandler@@QAE?AVQString@@XZ 004066a0 f   configfilehandler.obj
 0001:00005770       ?ParseHostPort@configFileHandler@@QAEFXZ 00406770 f   configfilehandler.obj
 0001:00005850       ?ParseHostSingleOperationThreshold@configFileHandler@@QAEHXZ 00406850 f   configfilehandler.obj
 0001:00005930       ?ParseLicense@configFileHandler@@QAEXAAVQByteArray@@@Z 00406930 f   configfilehandler.obj
 0001:00005a20       ?ParseListMap@configFileHandler@@QAE?AV?$QMap@VQString@@VQStringList@@@@ABVQString@@@Z 00406a20 f   configfilehandler.obj
 0001:00005cc0       ?ParseMap@configFileHandler@@QAE?AV?$QMap@VQString@@V1@@@ABVQString@@@Z 00406cc0 f   configfilehandler.obj
 0001:00005e10       ?ParseMapRevertKeyValue@configFileHandler@@QAE?AV?$QMap@VQString@@V1@@@ABVQString@@@Z 00406e10 f   configfilehandler.obj
 0001:00005f80       ?ParseParamValue@configFileHandler@@QAE?AV?$QMap@VQString@@VOperationParamData@@@@ABVQString@@@Z 00406f80 f   configfilehandler.obj
 0001:00006c20       ?ParsePlanList@configFileHandler@@QAEXAAV?$QList@U?$QPair@VQString@@V?$QList@VSingleOperationData@@@@@@@@ABV?$QMap@VQString@@VOperationParamData@@@@@Z 00407c20 f   configfilehandler.obj
 0001:00007610       ?ParseWorkPlaceConstraint@configFileHandler@@QAE?AVQJsonArray@@XZ 00408610 f   configfilehandler.obj
 0001:000076a0       ?ParseWorkSpaceTypeList@configFileHandler@@QAEXAAVQJsonObject@@@Z 004086a0 f   configfilehandler.obj
 0001:00007740       ?SaveMachineConfig@configFileHandler@@QAEXABVQString@@ABVMachineConfigData@@ABVQJsonObject@@@Z 00408740 f   configfilehandler.obj
 0001:00007a90       ?SavePlanList@configFileHandler@@QAEXABVQString@@ABV?$QList@U?$QPair@VQString@@V?$QList@VSingleOperationData@@@@@@@@ABV?$QMap@VQString@@VQStringList@@@@@Z 00408a90 f   configfilehandler.obj
 0001:00008210       ?append@?$QList@U?$QPair@VQString@@V?$QList@VSingleOperationData@@@@@@@@QAEXABU?$QPair@VQString@@V?$QList@VSingleOperationData@@@@@@@Z 00409210 f i configfilehandler.obj
 0001:000082f0       ?append@?$QList@VOperationParamData@@@@QAEXABVOperationParamData@@@Z 004092f0 f i configfilehandler.obj
 0001:000083b0       ?append@?$QList@VSingleOperationData@@@@QAEXABVSingleOperationData@@@Z 004093b0 f i configfilehandler.obj
 0001:00008490       ?clear@?$QList@H@@QAEXXZ   00409490 f i configfilehandler.obj
 0001:00008530       ?clear@?$QList@U?$QPair@VQString@@V?$QList@VSingleOperationData@@@@@@@@QAEXXZ 00409530 f i configfilehandler.obj
 0001:000085c0       ?copy@?$QMapNode@VQString@@V1@@@QBEPAU1@PAU?$QMapData@VQString@@V1@@@@Z 004095c0 f i configfilehandler.obj
 0001:00008640       ?copy@?$QMapNode@VQString@@VOperationParamData@@@@QBEPAU1@PAU?$QMapData@VQString@@VOperationParamData@@@@@Z 00409640 f i configfilehandler.obj
 0001:000086c0       ?copy@?$QMapNode@VQString@@VQStringList@@@@QBEPAU1@PAU?$QMapData@VQString@@VQStringList@@@@@Z 004096c0 f i configfilehandler.obj
 0001:00008740       ?createNode@?$QMapData@VQString@@V1@@@QAEPAU?$QMapNode@VQString@@V1@@@ABVQString@@0PAU2@_N@Z 00409740 f i configfilehandler.obj
 0001:00008780       ?createNode@?$QMapData@VQString@@VOperationParamData@@@@QAEPAU?$QMapNode@VQString@@VOperationParamData@@@@ABVQString@@ABVOperationParamData@@PAU2@_N@Z 00409780 f i configfilehandler.obj
 0001:00008840       ?createNode@?$QMapData@VQString@@VQStringList@@@@QAEPAU?$QMapNode@VQString@@VQStringList@@@@ABVQString@@ABVQStringList@@PAU2@_N@Z 00409840 f i configfilehandler.obj
 0001:00008900       ?dealloc@?$QList@VOperationParamData@@@@AAEXPAUData@QListData@@@Z 00409900 f i configfilehandler.obj
 0001:00008960       ?destroySubTree@?$QMapNode@VQString@@V1@@@QAEXXZ 00409960 f i configfilehandler.obj
 0001:00008990       ?destroySubTree@?$QMapNode@VQString@@VOperationParamData@@@@QAEXXZ 00409990 f i configfilehandler.obj
 0001:000089c0       ?destroySubTree@?$QMapNode@VQString@@VQStringList@@@@QAEXXZ 004099c0 f i configfilehandler.obj
 0001:000089f0       ?detach_helper@?$QMap@VQString@@V1@@@AAEXXZ 004099f0 f i configfilehandler.obj
 0001:00008a70       ?detach_helper@?$QMap@VQString@@VOperationParamData@@@@AAEXXZ 00409a70 f i configfilehandler.obj
 0001:00008b10       ?detach_helper@?$QMap@VQString@@VQStringList@@@@AAEXXZ 00409b10 f i configfilehandler.obj
 0001:00008bb0       ?detach_helper_grow@?$QList@PAVQObject@@@@AAEPAUNode@1@HH@Z 00409bb0 f i workmodels.obj
 0001:00008bb0       ?detach_helper_grow@?$QList@H@@AAEPAUNode@1@HH@Z 00409bb0 f i configfilehandler.obj
 0001:00008cf0       ?detach_helper_grow@?$QList@U?$QPair@VQString@@V?$QList@VSingleOperationData@@@@@@@@AAEPAUNode@1@HH@Z 00409cf0 f i configfilehandler.obj
 0001:00008e60       ?detach_helper_grow@?$QList@VOperationParamData@@@@AAEPAUNode@1@HH@Z 00409e60 f i configfilehandler.obj
 0001:00008fb0       ?detach_helper_grow@?$QList@VSingleOperationData@@@@AAEPAUNode@1@HH@Z 00409fb0 f i configfilehandler.obj
 0001:00009120       ?insert@?$QMap@VQString@@V1@@@QAE?AViterator@1@ABVQString@@0@Z 0040a120 f i configfilehandler.obj
 0001:000091f0       ?insert@?$QMap@VQString@@VOperationParamData@@@@QAE?AViterator@1@ABVQString@@ABVOperationParamData@@@Z 0040a1f0 f i configfilehandler.obj
 0001:000092c0       ?insert@?$QMap@VQString@@VQStringList@@@@QAE?AViterator@1@ABVQString@@ABVQStringList@@@Z 0040a2c0 f i configfilehandler.obj
 0001:000093b0       ?key@iterator@QJsonObject@@QBE?AVQString@@XZ 0040a3b0 f i configfilehandler.obj
 0001:000093d0       ?loadConfigFile@configFileHandler@@QAE_NABVQString@@@Z 0040a3d0 f   configfilehandler.obj
 0001:000094d0       ?lowerBound@?$QMapNode@VQString@@VQStringList@@@@QAEPAU1@ABVQString@@@Z 0040a4d0 f i configfilehandler.obj
 0001:000094d0       ?lowerBound@?$QMapNode@VQString@@VOperationParamData@@@@QAEPAU1@ABVQString@@@Z 0040a4d0 f i configfilehandler.obj
 0001:000094d0       ?lowerBound@?$QMapNode@VQString@@V1@@@QAEPAU1@ABVQString@@@Z 0040a4d0 f i configfilehandler.obj
 0001:00009510       ?node_copy@?$QList@U?$QPair@VQString@@V?$QList@VSingleOperationData@@@@@@@@AAEXPAUNode@1@00@Z 0040a510 f i configfilehandler.obj
 0001:000095d0       ?node_copy@?$QList@VOperationParamData@@@@AAEXPAUNode@1@00@Z 0040a5d0 f i configfilehandler.obj
 0001:000096a0       ?node_copy@?$QList@VSingleOperationData@@@@AAEXPAUNode@1@00@Z 0040a6a0 f i configfilehandler.obj
 0001:00009770       ?node_destruct@?$QList@U?$QPair@VQString@@V?$QList@VSingleOperationData@@@@@@@@AAEXPAUNode@1@0@Z 0040a770 f i configfilehandler.obj
 0001:00009830       ?node_destruct@?$QList@VOperationParamData@@@@AAEXPAUNode@1@0@Z 0040a830 f i configfilehandler.obj
 0001:00009870       ?node_destruct@?$QList@VSingleOperationData@@@@AAEXPAUNode@1@0@Z 0040a870 f i configfilehandler.obj
 0001:00009910       ?toList@configFileHandler@@QAE?AVQStringList@@ABVQString@@@Z 0040a910 f   configfilehandler.obj
 0001:000099f0       ?value@?$QMap@VQString@@VOperationParamData@@@@QBE?BVOperationParamData@@ABVQString@@ABV2@@Z 0040a9f0 f i configfilehandler.obj
 0001:00009a60       ??$qMakeForeachContainer@ABV?$QList@VSingleOperationData@@@@@QtPrivate@@YA?AV?$QForeachContainer@V?$QList@VSingleOperationData@@@@@0@ABV?$QList@VSingleOperationData@@@@@Z 0040aa60 f i environmentvariant.obj
 0001:00009aa0       ??0EnvironmentVariant@@AAE@XZ 0040aaa0 f i environmentvariant.obj
 0001:00009ba0       ??0OperationParamData@@QAE@XZ 0040aba0 f i environmentvariant.obj
 0001:00009c10       ??0SingleOperationData@@QAE@$$QAV0@@Z 0040ac10 f i environmentvariant.obj
 0001:00009c40       ??0SingleOperationData@@QAE@ABV0@@Z 0040ac40 f i environmentvariant.obj
 0001:00009cb0       ??1?$QForeachContainer@V?$QList@VSingleOperationData@@@@@QtPrivate@@QAE@XZ 0040acb0 f i environmentvariant.obj
 0001:00009d30       ??1?$QList@U?$QPair@VQString@@V?$QList@VSingleOperationData@@@@@@@@QAE@XZ 0040ad30 f i environmentvariant.obj
 0001:00009db0       ??1?$QList@VOperationParamData@@@@QAE@XZ 0040adb0 f i environmentvariant.obj
 0001:00009e10       ??1EnvironmentVariant@@EAE@XZ 0040ae10 f i environmentvariant.obj
 0001:00009f90       ??1TargetMachineObject@@UAE@XZ 0040af90 f i environmentvariant.obj
 0001:00009fb0       ??1configFileHandler@@UAE@XZ 0040afb0 f i environmentvariant.obj
 0001:00009fd0       ??4?$QList@VSingleOperationData@@@@QAEAAV0@ABV0@@Z 0040afd0 f i environmentvariant.obj
 0001:0000a070       ??4SingleOperationData@@QAEAAV0@$$QAV0@@Z 0040b070 f i environmentvariant.obj
 0001:0000a100       ??4SingleOperationData@@QAEAAV0@ABV0@@Z 0040b100 f i environmentvariant.obj
 0001:0000a1a0       ??A?$QList@VQString@@@@QAEAAVQString@@H@Z 0040b1a0 f i environmentvariant.obj
 0001:0000a1d0       ??A?$QList@VSingleOperationData@@@@QAEAAVSingleOperationData@@H@Z 0040b1d0 f i environmentvariant.obj
 0001:0000a200       ??A?$QMap@VQString@@VOperationParamData@@@@QAEAAVOperationParamData@@ABVQString@@@Z 0040b200 f i environmentvariant.obj
 0001:0000a2c0       ??H@YA?BVQString@@ABV0@0@Z 0040b2c0 f i environmentvariant.obj
 0001:0000a330       ??H@YA?BVQString@@ABV0@PBD@Z 0040b330 f i environmentvariant.obj
 0001:0000a3c0       ??Y?$QList@VQString@@@@QAEAAV0@ABV0@@Z 0040b3c0 f i environmentvariant.obj
 0001:0000a4c0       ??_GEnvironmentVariant@@EAEPAXI@Z 0040b4c0 f i environmentvariant.obj
 0001:0000a4c0       ??_EEnvironmentVariant@@EAEPAXI@Z 0040b4c0 f i environmentvariant.obj
 0001:0000a4e0       ??_GTargetMachineObject@@UAEPAXI@Z 0040b4e0 f i environmentvariant.obj
 0001:0000a4e0       ??_ETargetMachineObject@@UAEPAXI@Z 0040b4e0 f i environmentvariant.obj
 0001:0000a510       ?AddPlan@EnvironmentVariant@@QAEXABVQString@@@Z 0040b510 f   environmentvariant.obj
 0001:0000a620       ?AddPlanStep@EnvironmentVariant@@QAEXHHH@Z 0040b620 f   environmentvariant.obj
 0001:0000a7b0       ?LogicalControlList@EnvironmentVariant@@QAE?AVQStringList@@XZ 0040b7b0 f   environmentvariant.obj
 0001:0000a940       ?MovePlanStep@EnvironmentVariant@@QAEXHHH@Z 0040b940 f   environmentvariant.obj
 0001:0000aa20       ?OperationNameList@EnvironmentVariant@@QAE?AVQStringList@@XZ 0040ba20 f   environmentvariant.obj
 0001:0000abb0       ?PlanList@EnvironmentVariant@@QAE?AVQStringList@@XZ 0040bbb0 f   environmentvariant.obj
 0001:0000ac70       ?RemovePlan@EnvironmentVariant@@QAEXH@Z 0040bc70 f   environmentvariant.obj
 0001:0000aca0       ?RemovePlanStep@EnvironmentVariant@@QAEXHH@Z 0040bca0 f   environmentvariant.obj
 0001:0000ad00       ?SaveMachineConfig@EnvironmentVariant@@QAEXABVMachineConfigData@@@Z 0040bd00 f   environmentvariant.obj
 0001:0000add0       ?SavePlan@EnvironmentVariant@@QAEXXZ 0040bdd0 f   environmentvariant.obj
 0001:0000ae40       ?SetPlanName@EnvironmentVariant@@QAEXHABVQString@@@Z 0040be40 f   environmentvariant.obj
 0001:0000ae90       ?SetPlanStepSingleParam@EnvironmentVariant@@QAEXHHABVQString@@ABVQVariant@@@Z 0040be90 f   environmentvariant.obj
 0001:0000b030       ?SetPlanStepToDefault@EnvironmentVariant@@QAEXHHH@Z 0040c030 f   environmentvariant.obj
 0001:0000b100       ?StartPlan@EnvironmentVariant@@QAEXHH@Z 0040c100 f   environmentvariant.obj
 0001:0000b8d0       ?StartTunning@EnvironmentVariant@@QAEXABVSingleOperationData@@@Z 0040c8d0 f   environmentvariant.obj
 0001:0000b9c0       ?StepList@EnvironmentVariant@@QAE?AVQStringList@@H@Z 0040c9c0 f   environmentvariant.obj
 0001:0000bdc0       ?StopPlan@EnvironmentVariant@@QAEXXZ 0040cdc0 f   environmentvariant.obj
 0001:0000bdd0       ?begin@?$QList@VOperationParamData@@@@QAE?AViterator@1@XZ 0040cdd0 f i environmentvariant.obj
 0001:0000be00       ?contains@?$QMap@VQString@@VQStringList@@@@QBE_NABVQString@@@Z 0040ce00 f i environmentvariant.obj
 0001:0000be40       ?defaultValue@EnvironmentVariant@@QAE?AVSingleOperationData@@ABVQString@@@Z 0040ce40 f   environmentvariant.obj
 0001:0000c060       ?detach_helper@?$QList@H@@AAEXH@Z 0040d060 f i environmentvariant.obj
 0001:0000c130       ?detach_helper@?$QList@U?$QPair@VQString@@V?$QList@VSingleOperationData@@@@@@@@AAEXH@Z 0040d130 f i environmentvariant.obj
 0001:0000c210       ?detach_helper@?$QList@VOperationParamData@@@@AAEXH@Z 0040d210 f i environmentvariant.obj
 0001:0000c2e0       ?detach_helper@?$QList@VQString@@@@AAEXH@Z 0040d2e0 f i environmentvariant.obj
 0001:0000c3d0       ?detach_helper@?$QList@VSingleOperationData@@@@AAEXH@Z 0040d3d0 f i environmentvariant.obj
 0001:0000c4b0       ?formatSingleOperationParam@EnvironmentVariant@@QAE?AVQJsonObject@@ABVSingleOperationData@@@Z 0040d4b0 f   environmentvariant.obj
 0001:0000ca40       ?getOperationIndex@EnvironmentVariant@@QAEHABVQString@@@Z 0040da40 f   environmentvariant.obj
 0001:0000cab0       ?getOperationParams@EnvironmentVariant@@QAE?AV?$QList@VOperationParamData@@@@H@Z 0040dab0 f   environmentvariant.obj
 0001:0000cc80       ?getWorkLocationTypeList@EnvironmentVariant@@QAE?AVQJsonObject@@XZ 0040dc80 f   environmentvariant.obj
 0001:0000cca0       ?initModels@EnvironmentVariant@@QAEXPAVQQmlContext@@@Z 0040dca0 f   environmentvariant.obj
 0001:0000cd70       ?initProtocol@EnvironmentVariant@@QAEXABVQString@@@Z 0040dd70 f   environmentvariant.obj
 0001:0000cde0       ?initUserConfig@EnvironmentVariant@@QAEXABVQString@@@Z 0040dde0 f   environmentvariant.obj
 0001:0000cf40       ?insert@?$QList@VSingleOperationData@@@@QAEXHABVSingleOperationData@@@Z 0040df40 f i environmentvariant.obj
 0001:0000d020       ?instance@EnvironmentVariant@@SAPAV1@XZ 0040e020 f   environmentvariant.obj
 0001:0000d080       ?node_destruct@?$QList@VSingleOperationData@@@@AAEXPAUNode@1@@Z 0040e080 f i environmentvariant.obj
 0001:0000d100       ?parseConfigFile@EnvironmentVariant@@QAEXABVQString@@@Z 0040e100 f   environmentvariant.obj
 0001:0000d7c0       ?planSelectStepListModel@EnvironmentVariant@@QAE?AVQStringList@@H@Z 0040e7c0 f   environmentvariant.obj
 0001:0000da20       ?planStepParam@EnvironmentVariant@@QAE?AVSingleOperationData@@HH@Z 0040ea20 f   environmentvariant.obj
 0001:0000dd70       ?removeAt@?$QList@U?$QPair@VQString@@V?$QList@VSingleOperationData@@@@@@@@QAEXH@Z 0040ed70 f i environmentvariant.obj
 0001:0000ddd0       ?removeAt@?$QList@VSingleOperationData@@@@QAEXH@Z 0040edd0 f i environmentvariant.obj
 0001:0000de20       ?setWorkLocationType@EnvironmentVariant@@QAE_NHHABVQString@@@Z 0040ee20 f   environmentvariant.obj
 0001:0000e1a0       ??$connect@P8QQmlEngine@@AEXXZP6AXXZ@QObject@@SA?AVConnection@QMetaObject@@PBVQQmlEngine@@P83@AEXXZPBV0@P6AXXZW4ConnectionType@Qt@@@Z 0040f1a0 f i main.obj
 0001:0000e200       ??$createInto@VOperationParamObject@@@QQmlPrivate@@YAXPAX@Z 0040f200 f i main.obj
 0001:0000e260       ??$createInto@VOperationParamSelector@@@QQmlPrivate@@YAXPAX@Z 0040f260 f i main.obj
 0001:0000e2c0       ??$createInto@VPlanController@@@QQmlPrivate@@YAXPAX@Z 0040f2c0 f i main.obj
 0001:0000e320       ??$createInto@VPlanSelector@@@QQmlPrivate@@YAXPAX@Z 0040f320 f i main.obj
 0001:0000e380       ??$createInto@VStatusViewWatcher@@@QQmlPrivate@@YAXPAX@Z 0040f380 f i main.obj
 0001:0000e3e0       ??$createInto@VTextFieldDoubleValidator@@@QQmlPrivate@@YAXPAX@Z 0040f3e0 f i main.obj
 0001:0000e440       ??$qRegisterNormalizedMetaType@PAVOperationParamObject@@@@YAHABVQByteArray@@PAPAVOperationParamObject@@W4DefinedType@?$MetaTypeDefinedHelper@PAVOperationParamObject@@$00@QtPrivate@@@Z 0040f440 f i main.obj
 0001:0000e4a0       ??$qRegisterNormalizedMetaType@PAVOperationParamSelector@@@@YAHABVQByteArray@@PAPAVOperationParamSelector@@W4DefinedType@?$MetaTypeDefinedHelper@PAVOperationParamSelector@@$00@QtPrivate@@@Z 0040f4a0 f i main.obj
 0001:0000e500       ??$qRegisterNormalizedMetaType@PAVPlanController@@@@YAHABVQByteArray@@PAPAVPlanController@@W4DefinedType@?$MetaTypeDefinedHelper@PAVPlanController@@$00@QtPrivate@@@Z 0040f500 f i main.obj
 0001:0000e560       ??$qRegisterNormalizedMetaType@PAVPlanSelector@@@@YAHABVQByteArray@@PAPAVPlanSelector@@W4DefinedType@?$MetaTypeDefinedHelper@PAVPlanSelector@@$00@QtPrivate@@@Z 0040f560 f i main.obj
 0001:0000e5c0       ??$qRegisterNormalizedMetaType@PAVStatusViewWatcher@@@@YAHABVQByteArray@@PAPAVStatusViewWatcher@@W4DefinedType@?$MetaTypeDefinedHelper@PAVStatusViewWatcher@@$00@QtPrivate@@@Z 0040f5c0 f i main.obj
 0001:0000e620       ??$qRegisterNormalizedMetaType@PAVTextFieldDoubleValidator@@@@YAHABVQByteArray@@PAPAVTextFieldDoubleValidator@@W4DefinedType@?$MetaTypeDefinedHelper@PAVTextFieldDoubleValidator@@$00@QtPrivate@@@Z 0040f620 f i main.obj
 0001:0000e680       ??$qmlRegisterType@VOperationParamObject@@@@YAHPBDHH0@Z 0040f680 f i main.obj
 0001:0000e930       ??$qmlRegisterType@VOperationParamSelector@@@@YAHPBDHH0@Z 0040f930 f i main.obj
 0001:0000ebe0       ??$qmlRegisterType@VPlanController@@@@YAHPBDHH0@Z 0040fbe0 f i main.obj
 0001:0000ee90       ??$qmlRegisterType@VPlanSelector@@@@YAHPBDHH0@Z 0040fe90 f i main.obj
 0001:0000f140       ??$qmlRegisterType@VStatusViewWatcher@@@@YAHPBDHH0@Z 00410140 f i main.obj
 0001:0000f3f0       ??$qmlRegisterType@VTextFieldDoubleValidator@@@@YAHPBDHH0@Z 004103f0 f i main.obj
 0001:0000f6a0       ??1?$QVarLengthArray@D$0DA@@@QAE@XZ 004106a0 f i main.obj
 0001:0000f6a0       ??1?$QVarLengthArray@D$0EA@@@QAE@XZ 004106a0 f i main.obj
 0001:0000f6c0       ??1OperationParamSelector@@UAE@XZ 004106c0 f i main.obj
 0001:0000f770       ??1PlanSelector@@UAE@XZ    00410770 f i main.obj
 0001:0000f820       ??1RegisterType@QQmlPrivate@@QAE@XZ 00410820 f i main.obj
 0001:0000f830       ??_G?$QQmlElement@VOperationParamObject@@@QQmlPrivate@@UAEPAXI@Z 00410830 f i main.obj
 0001:0000f830       ??_E?$QQmlElement@VOperationParamObject@@@QQmlPrivate@@UAEPAXI@Z 00410830 f i main.obj
 0001:0000f8b0       ??_E?$QQmlElement@VOperationParamSelector@@@QQmlPrivate@@UAEPAXI@Z 004108b0 f i main.obj
 0001:0000f8b0       ??_G?$QQmlElement@VOperationParamSelector@@@QQmlPrivate@@UAEPAXI@Z 004108b0 f i main.obj
 0001:0000f920       ??_G?$QQmlElement@VPlanController@@@QQmlPrivate@@UAEPAXI@Z 00410920 f i main.obj
 0001:0000f920       ??_E?$QQmlElement@VPlanController@@@QQmlPrivate@@UAEPAXI@Z 00410920 f i main.obj
 0001:0000f990       ??_E?$QQmlElement@VPlanSelector@@@QQmlPrivate@@UAEPAXI@Z 00410990 f i main.obj
 0001:0000f990       ??_G?$QQmlElement@VPlanSelector@@@QQmlPrivate@@UAEPAXI@Z 00410990 f i main.obj
 0001:0000fa00       ??_E?$QQmlElement@VStatusViewWatcher@@@QQmlPrivate@@UAEPAXI@Z 00410a00 f i main.obj
 0001:0000fa00       ??_G?$QQmlElement@VStatusViewWatcher@@@QQmlPrivate@@UAEPAXI@Z 00410a00 f i main.obj
 0001:0000fa70       ??_G?$QQmlElement@VTextFieldDoubleValidator@@@QQmlPrivate@@UAEPAXI@Z 00410a70 f i main.obj
 0001:0000fa70       ??_E?$QQmlElement@VTextFieldDoubleValidator@@@QQmlPrivate@@UAEPAXI@Z 00410a70 f i main.obj
 0001:0000fae0       ??_GOperationParamObject@@UAEPAXI@Z 00410ae0 f i main.obj
 0001:0000fae0       ??_EOperationParamObject@@UAEPAXI@Z 00410ae0 f i main.obj
 0001:0000fb10       ?Construct@?$QMetaTypeFunctionHelper@PAVTextFieldDoubleValidator@@$00@QtMetaTypePrivate@@SAPAXPAXPBX@Z 00410b10 f i main.obj
 0001:0000fb10       ?Construct@?$QMetaTypeFunctionHelper@PAVOperationParamSelector@@$00@QtMetaTypePrivate@@SAPAXPAXPBX@Z 00410b10 f i main.obj
 0001:0000fb10       ?Construct@?$QMetaTypeFunctionHelper@PAVPlanSelector@@$00@QtMetaTypePrivate@@SAPAXPAXPBX@Z 00410b10 f i main.obj
 0001:0000fb10       ?Construct@?$QMetaTypeFunctionHelper@PAVPlanController@@$00@QtMetaTypePrivate@@SAPAXPAXPBX@Z 00410b10 f i main.obj
 0001:0000fb10       ?Construct@?$QMetaTypeFunctionHelper@PAVStatusViewWatcher@@$00@QtMetaTypePrivate@@SAPAXPAXPBX@Z 00410b10 f i main.obj
 0001:0000fb10       ?Construct@?$QMetaTypeFunctionHelper@PAVOperationParamObject@@$00@QtMetaTypePrivate@@SAPAXPAXPBX@Z 00410b10 f i main.obj
 0001:0000fb40       ?Construct@?$QMetaTypeFunctionHelper@V?$QQmlListProperty@VOperationParamSelector@@@@$00@QtMetaTypePrivate@@SAPAXPAXPBX@Z 00410b40 f i main.obj
 0001:0000fb40       ?Construct@?$QMetaTypeFunctionHelper@V?$QQmlListProperty@VTextFieldDoubleValidator@@@@$00@QtMetaTypePrivate@@SAPAXPAXPBX@Z 00410b40 f i main.obj
 0001:0000fb40       ?Construct@?$QMetaTypeFunctionHelper@V?$QQmlListProperty@VOperationParamObject@@@@$00@QtMetaTypePrivate@@SAPAXPAXPBX@Z 00410b40 f i main.obj
 0001:0000fb40       ?Construct@?$QMetaTypeFunctionHelper@V?$QQmlListProperty@VStatusViewWatcher@@@@$00@QtMetaTypePrivate@@SAPAXPAXPBX@Z 00410b40 f i main.obj
 0001:0000fb40       ?Construct@?$QMetaTypeFunctionHelper@V?$QQmlListProperty@VPlanSelector@@@@$00@QtMetaTypePrivate@@SAPAXPAXPBX@Z 00410b40 f i main.obj
 0001:0000fb40       ?Construct@?$QMetaTypeFunctionHelper@V?$QQmlListProperty@VPlanController@@@@$00@QtMetaTypePrivate@@SAPAXPAXPBX@Z 00410b40 f i main.obj
 0001:0000fba0       ?Destruct@?$QMetaTypeFunctionHelper@PAVOperationParamSelector@@$00@QtMetaTypePrivate@@SAXPAX@Z 00410ba0 f i main.obj
 0001:0000fba0       ?Destruct@?$QMetaTypeFunctionHelper@PAVPlanController@@$00@QtMetaTypePrivate@@SAXPAX@Z 00410ba0 f i main.obj
 0001:0000fba0       ?Destruct@?$QMetaTypeFunctionHelper@V?$QQmlListProperty@VTextFieldDoubleValidator@@@@$00@QtMetaTypePrivate@@SAXPAX@Z 00410ba0 f i main.obj
 0001:0000fba0       ?Destruct@?$QMetaTypeFunctionHelper@V?$QQmlListProperty@VPlanSelector@@@@$00@QtMetaTypePrivate@@SAXPAX@Z 00410ba0 f i main.obj
 0001:0000fba0       ?qt_static_metacall@configFileHandler@@CAXPAVQObject@@W4Call@QMetaObject@@HPAPAX@Z 00410ba0 f i moc_configfilehandler.obj
 0001:0000fba0       @_guard_check_icall_nop@4  00410ba0 f i MSVCRT:guard_support.obj
 0001:0000fba0       ?Destruct@?$QMetaTypeFunctionHelper@PAVOperationParamObject@@$00@QtMetaTypePrivate@@SAXPAX@Z 00410ba0 f i main.obj
 0001:0000fba0       ?Destruct@?$QMetaTypeFunctionHelper@V?$QQmlListProperty@VPlanController@@@@$00@QtMetaTypePrivate@@SAXPAX@Z 00410ba0 f i main.obj
 0001:0000fba0       ?Destruct@?$QMetaTypeFunctionHelper@V?$QQmlListProperty@VOperationParamObject@@@@$00@QtMetaTypePrivate@@SAXPAX@Z 00410ba0 f i main.obj
 0001:0000fba0       ?Destruct@?$QMetaTypeFunctionHelper@PAVPlanSelector@@$00@QtMetaTypePrivate@@SAXPAX@Z 00410ba0 f i main.obj
 0001:0000fba0       ?Destruct@?$QMetaTypeFunctionHelper@PAVStatusViewWatcher@@$00@QtMetaTypePrivate@@SAXPAX@Z 00410ba0 f i main.obj
 0001:0000fba0       ?Destruct@?$QMetaTypeFunctionHelper@V?$QQmlListProperty@VOperationParamSelector@@@@$00@QtMetaTypePrivate@@SAXPAX@Z 00410ba0 f i main.obj
 0001:0000fba0       __initialize_denormal_control 00410ba0 f i MSVCRT:denormal_control.obj
 0001:0000fba0       ?Destruct@?$QMetaTypeFunctionHelper@VQSequentialIterableImpl@QtMetaTypePrivate@@$00@QtMetaTypePrivate@@SAXPAX@Z 00410ba0 f i moc_workmodels.obj
 0001:0000fba0       ??3@YAXPAX0@Z              00410ba0 f i configfilehandler.obj
 0001:0000fba0       ?onComplete@PlanSelector@@QAEXXZ 00410ba0 f i workmodels.obj
 0001:0000fba0       __initialize_invalid_parameter_handler 00410ba0 f i MSVCRT:invalid_parameter_handler.obj
 0001:0000fba0       ?Destruct@?$QMetaTypeFunctionHelper@V?$QQmlListProperty@VStatusViewWatcher@@@@$00@QtMetaTypePrivate@@SAXPAX@Z 00410ba0 f i main.obj
 0001:0000fba0       ?Destruct@?$QMetaTypeFunctionHelper@PAVTextFieldDoubleValidator@@$00@QtMetaTypePrivate@@SAXPAX@Z 00410ba0 f i main.obj
 0001:0000fbb0       ?TopLevelExceptionFilter@@YGJPAU_EXCEPTION_POINTERS@@@Z 00410bb0 f   main.obj
 0001:0000fc20       ?customMessageHandler@@YAXW4QtMsgType@@ABVQMessageLogContext@@ABVQString@@@Z 00410c20 f   main.obj
 0001:0000ff90       ?getConfigFullName@@YA?AVQString@@PBD@Z 00410f90 f   main.obj
 0001:00010000       ?impl@?$QStaticSlotObject@P6AXXZU?$List@$$V@QtPrivate@@X@QtPrivate@@CAXHPAVQSlotObjectBase@2@PAVQObject@@PAPAXPA_N@Z 00411000 f i main.obj
 0001:00010030       ?qt_metatype_id@?$QMetaTypeIdQObject@PAVOperationParamObject@@$07@@SAHXZ 00411030 f i main.obj
 0001:000100e0       ?qt_metatype_id@?$QMetaTypeIdQObject@PAVOperationParamSelector@@$07@@SAHXZ 004110e0 f i main.obj
 0001:00010190       ?qt_metatype_id@?$QMetaTypeIdQObject@PAVPlanController@@$07@@SAHXZ 00411190 f i main.obj
 0001:00010240       ?qt_metatype_id@?$QMetaTypeIdQObject@PAVPlanSelector@@$07@@SAHXZ 00411240 f i main.obj
 0001:000102f0       ?qt_metatype_id@?$QMetaTypeIdQObject@PAVStatusViewWatcher@@$07@@SAHXZ 004112f0 f i main.obj
 0001:000103a0       ?qt_metatype_id@?$QMetaTypeIdQObject@PAVTextFieldDoubleValidator@@$07@@SAHXZ 004113a0 f i main.obj
 0001:00010450       ?validate@TextFieldDoubleValidator@@UBE?AW4State@QValidator@@AAVQString@@AAH@Z 00411450 f i main.obj
 0001:000105d0       _main                      004115d0 f   main.obj
 0001:00010a00       ??$connect@P8EnvironmentVariant@@AEXXZP8StatusViewWatcher@@AEXXZ@QObject@@SA?AVConnection@QMetaObject@@PBVEnvironmentVariant@@P83@AEXXZPBVStatusViewWatcher@@P84@AEXXZW4ConnectionType@Qt@@@Z 00411a00 f i workmodels.obj
 0001:00010a60       ??$qMakeForeachContainer@AAV?$QList@PAVQObject@@@@@QtPrivate@@YA?AV?$QForeachContainer@V?$QList@PAVQObject@@@@@0@AAV?$QList@PAVQObject@@@@@Z 00411a60 f i workmodels.obj
 0001:00010aa0       ??0OperationParamSelector@@QAE@PAVQObject@@@Z 00411aa0 f   workmodels.obj
 0001:00010af0       ??0PlanController@@QAE@PAVQObject@@@Z 00411af0 f   workmodels.obj
 0001:00010b60       ??0PlanSelector@@QAE@PAVQObject@@@Z 00411b60 f   workmodels.obj
 0001:00010c10       ??0StatusViewWatcher@@QAE@PAVQObject@@@Z 00411c10 f   workmodels.obj
 0001:00010ca0       ??1?$QForeachContainer@V?$QList@PAVQObject@@@@@QtPrivate@@QAE@XZ 00411ca0 f i workmodels.obj
 0001:00010d00       ??1?$QList@PAVQObject@@@@QAE@XZ 00411d00 f i workmodels.obj
 0001:00010d00       ??1?$QList@H@@QAE@XZ       00411d00 f i configfilehandler.obj
 0001:00010d60       ??1MachineConfigData@@QAE@XZ 00411d60 f i workmodels.obj
 0001:00010d70       ??1PlanController@@UAE@XZ  00411d70 f   workmodels.obj
 0001:00010dd0       ??1StatusViewWatcher@@UAE@XZ 00411dd0 f   workmodels.obj
 0001:00010e50       ??_EOperationParamSelector@@UAEPAXI@Z 00411e50 f i workmodels.obj
 0001:00010e50       ??_GOperationParamSelector@@UAEPAXI@Z 00411e50 f i workmodels.obj
 0001:00010e70       ??_GPlanController@@UAEPAXI@Z 00411e70 f i workmodels.obj
 0001:00010e70       ??_EPlanController@@UAEPAXI@Z 00411e70 f i workmodels.obj
 0001:00010ee0       ??_EPlanSelector@@UAEPAXI@Z 00411ee0 f i workmodels.obj
 0001:00010ee0       ??_GPlanSelector@@UAEPAXI@Z 00411ee0 f i workmodels.obj
 0001:00010f00       ??_EStatusViewWatcher@@UAEPAXI@Z 00411f00 f i workmodels.obj
 0001:00010f00       ??_GStatusViewWatcher@@UAEPAXI@Z 00411f00 f i workmodels.obj
 0001:00010fa0       ?WorkPlaceConstraint@EnvironmentVariant@@QAE?AVQJsonArray@@XZ 00411fa0 f i workmodels.obj
 0001:00010fc0       ?addPlan@PlanSelector@@QAEXABVQString@@@Z 00411fc0 f   workmodels.obj
 0001:00010fe0       ?addStep@PlanSelector@@QAEXHHH@Z 00411fe0 f   workmodels.obj
 0001:00011000       ?append@?$QList@H@@QAEXABH@Z 00412000 f i configfilehandler.obj
 0001:00011000       ?append@?$QList@PAVQObject@@@@QAEXABQAVQObject@@@Z 00412000 f i workmodels.obj
 0001:00011090       ?commitParam@PlanSelector@@QAEXHHABVQString@@ABVQVariant@@@Z 00412090 f   workmodels.obj
 0001:000110b0       ?eventFilter@PlanController@@UAE_NPAVQObject@@PAVQEvent@@@Z 004120b0 f   workmodels.obj
 0001:00011100       ?eventFilter@StatusViewWatcher@@UAE_NPAVQObject@@PAVQEvent@@@Z 00412100 f   workmodels.obj
 0001:00011140       ?getSwitch@OperationParamSelector@@QAEPAVQObject@@ABVQString@@@Z 00412140 f   workmodels.obj
 0001:000112a0       ?getSwitch@PlanSelector@@QAEPAVQObject@@ABVQString@@@Z 004122a0 f   workmodels.obj
 0001:00011400       ?getWorkLocationTypeList@StatusViewWatcher@@QAE?AVQJsonObject@@XZ 00412400 f   workmodels.obj
 0001:00011430       ?getWorkPlaceConstraint@StatusViewWatcher@@QAE?AVQJsonArray@@XZ 00412430 f   workmodels.obj
 0001:00011460       ?impl@?$QSlotObject@P8QObject@@AEXXZU?$List@$$V@QtPrivate@@X@QtPrivate@@CAXHPAVQSlotObjectBase@2@PAVQObject@@PAPAXPA_N@Z 00412460 f i workflowprotocol.obj
 0001:00011460       ?impl@?$QSlotObject@P8SubThreadWorker@@AEXXZU?$List@$$V@QtPrivate@@X@QtPrivate@@CAXHPAVQSlotObjectBase@2@PAVQObject@@PAPAXPA_N@Z 00412460 f i workflowprotocol.obj
 0001:00011460       ?impl@?$QSlotObject@P8StatusViewWatcher@@AEXXZU?$List@$$V@QtPrivate@@X@QtPrivate@@CAXHPAVQSlotObjectBase@2@PAVQObject@@PAPAXPA_N@Z 00412460 f i workmodels.obj
 0001:000114b0       ?init@OperationParamSelector@@QAEXABVQString@@@Z 004124b0 f   workmodels.obj
 0001:00011530       ?moveStep@PlanSelector@@QAEXHHH@Z 00412530 f   workmodels.obj
 0001:00011550       ?getIpAddress@TargetMachineObject@@QBE?AVQString@@XZ 00412550 f i environmentvariant.obj
 0001:00011550       ?name@OperationParamObject@@QBE?AVQString@@XZ 00412550 f i workmodels.obj
 0001:00011550       ?getOperationName@SingleOperationObject@@QAE?AVQString@@XZ 00412550 f i moc_workmodels.obj
 0001:00011570       ?node_copy@?$QList@PAVQObject@@@@AAEXPAUNode@1@00@Z 00412570 f i workmodels.obj
 0001:00011570       ?node_copy@?$QList@H@@AAEXPAUNode@1@00@Z 00412570 f i configfilehandler.obj
 0001:000115a0       ?onCompleteSingleOperation@OperationParamSelector@@QAEXXZ 004125a0 f   workmodels.obj
 0001:00011820       ?onMachineConfigChanged@TargetMachineObject@@QAEXXZ 00412820 f   workmodels.obj
 0001:000118a0       ?onSave@PlanSelector@@QAEXXZ 004128a0 f   workmodels.obj
 0001:000118b0       ?operationCurrentIndex@PlanSelector@@QAEHXZ 004128b0 f   workmodels.obj
 0001:000118d0       ?planListModel@PlanSelector@@QAE?AVQStringList@@XZ 004128d0 f   workmodels.obj
 0001:00011900       ?planSelectStepListModel@PlanSelector@@QAE?AVQStringList@@H@Z 00412900 f   workmodels.obj
 0001:00011930       ?removePlan@PlanSelector@@QAEXH@Z 00412930 f   workmodels.obj
 0001:00011950       ?removeStep@PlanSelector@@QAEXHH@Z 00412950 f   workmodels.obj
 0001:00011970       ?resumePlan@PlanController@@QAEXXZ 00412970 f   workmodels.obj
 0001:000119a0       ?setPlanName@PlanSelector@@QAEXHABVQString@@@Z 004129a0 f   workmodels.obj
 0001:000119c0       ?setSelectedOperation@OperationParamSelector@@QAEXH@Z 004129c0 f   workmodels.obj
 0001:00011d60       ?setSelectedOperation@PlanSelector@@QAEXHHH@Z 00412d60 f   workmodels.obj
 0001:000121f0       ?setSelectedStep@PlanSelector@@QAEXHH@Z 004131f0 f   workmodels.obj
 0001:000125a0       ?setWorkLocationType@StatusViewWatcher@@QAE_NHHABVQString@@@Z 004135a0 f   workmodels.obj
 0001:000125c0       ?startPlan@PlanController@@QAEXHH@Z 004135c0 f   workmodels.obj
 0001:000125f0       ?stepListModel@PlanSelector@@QAE?AVQStringList@@H@Z 004135f0 f   workmodels.obj
 0001:00012620       ?stopPlan@PlanController@@QAEXXZ 00413620 f   workmodels.obj
 0001:00012630       ?changeHost@WorkflowController@@QAEXABVQString@@G@Z 00413630 f   moc_workflowprotocol.obj
 0001:00012680       ?configProtocol@WorkflowController@@QAEXABVQString@@@Z 00413680 f   moc_workflowprotocol.obj
 0001:000126b0       ?metaObject@SubThreadWorker@@UBEPBUQMetaObject@@XZ 004136b0 f   moc_workflowprotocol.obj
 0001:000126d0       ?metaObject@WorkflowController@@UBEPBUQMetaObject@@XZ 004136d0 f   moc_workflowprotocol.obj
 0001:000126f0       ?qt_metacall@SubThreadWorker@@UAEHW4Call@QMetaObject@@HPAPAX@Z 004136f0 f   moc_workflowprotocol.obj
 0001:00012750       ?qt_metacall@WorkflowController@@UAEHW4Call@QMetaObject@@HPAPAX@Z 00413750 f   moc_workflowprotocol.obj
 0001:000127b0       ?qt_metacast@SubThreadWorker@@UAEPAXPBD@Z 004137b0 f   moc_workflowprotocol.obj
 0001:00012810       ?qt_metacast@WorkflowController@@UAEPAXPBD@Z 00413810 f   moc_workflowprotocol.obj
 0001:00012870       ?qt_static_metacall@SubThreadWorker@@CAXPAVQObject@@W4Call@QMetaObject@@HPAPAX@Z 00413870 f   moc_workflowprotocol.obj
 0001:00012960       ?qt_static_metacall@WorkflowController@@CAXPAVQObject@@W4Call@QMetaObject@@HPAPAX@Z 00413960 f   moc_workflowprotocol.obj
 0001:00012a80       ?runNewTask@WorkflowController@@QAEXABVQJsonObject@@@Z 00413a80 f   moc_workflowprotocol.obj
 0001:00012ab0       ?runNewTunning@WorkflowController@@QAEXABVQJsonObject@@@Z 00413ab0 f   moc_workflowprotocol.obj
 0001:00012ae0       ?statusChanged@SubThreadWorker@@QAEXABVQJsonObject@@@Z 00413ae0 f   moc_workflowprotocol.obj
 0001:00012b10       ?stopTask@WorkflowController@@QAEXXZ 00413b10 f   moc_workflowprotocol.obj
 0001:00012b30       ?taskStateChanged@SubThreadWorker@@QAEX_NH@Z 00413b30 f   moc_workflowprotocol.obj
 0001:00012b80       ?metaObject@configFileHandler@@UBEPBUQMetaObject@@XZ 00413b80 f   moc_configfilehandler.obj
 0001:00012ba0       ?qt_metacall@configFileHandler@@UAEHW4Call@QMetaObject@@HPAPAX@Z 00413ba0 f   moc_configfilehandler.obj
 0001:00012bb0       ?qt_metacast@configFileHandler@@UAEPAXPBD@Z 00413bb0 f   moc_configfilehandler.obj
 0001:00012c10       ?metaObject@EnvironmentVariant@@UBEPBUQMetaObject@@XZ 00413c10 f   moc_environmentvariant.obj
 0001:00012c30       ?qt_metacall@EnvironmentVariant@@UAEHW4Call@QMetaObject@@HPAPAX@Z 00413c30 f   moc_environmentvariant.obj
 0001:00012c90       ?qt_metacast@EnvironmentVariant@@UAEPAXPBD@Z 00413c90 f   moc_environmentvariant.obj
 0001:00012cf0       ?qt_static_metacall@EnvironmentVariant@@CAXPAVQObject@@W4Call@QMetaObject@@HPAPAX@Z 00413cf0 f   moc_environmentvariant.obj
 0001:00012d40       ?workLocationTypeChanged@EnvironmentVariant@@QAEXXZ 00413d40 f   moc_environmentvariant.obj
 0001:00012d60       ??$atImpl@V?$QList@H@@@QSequentialIterableImpl@QtMetaTypePrivate@@SAPBXPBXH@Z 00413d60 f i moc_workmodels.obj
 0001:00012d60       ??$atImpl@V?$QList@PAVQObject@@@@@QSequentialIterableImpl@QtMetaTypePrivate@@SAPBXPBXH@Z 00413d60 f i moc_workmodels.obj
 0001:00012d80       ??$equal@PBQAVQObject@@V?$checked_array_iterator@PBQAVQObject@@@stdext@@U?$equal_to@X@std@@@std@@YA_NPBQAVQObject@@0V?$checked_array_iterator@PBQAVQObject@@@stdext@@U?$equal_to@X@0@@Z 00413d80 f i moc_workmodels.obj
 0001:00012d80       ??$equal@PBHV?$checked_array_iterator@PBH@stdext@@U?$equal_to@X@std@@@std@@YA_NPBH0V?$checked_array_iterator@PBH@stdext@@U?$equal_to@X@0@@Z 00413d80 f i moc_workmodels.obj
 0001:00012e00       ??$getImpl@V?$QList@H@@@QSequentialIterableImpl@QtMetaTypePrivate@@SA?AUVariantData@1@PBQAXHI@Z 00413e00 f i moc_workmodels.obj
 0001:00012e00       ??$getImpl@V?$QList@PAVQObject@@@@@QSequentialIterableImpl@QtMetaTypePrivate@@SA?AUVariantData@1@PBQAXHI@Z 00413e00 f i moc_workmodels.obj
 0001:00012e20       ??$moveToBeginImpl@V?$QList@H@@@QSequentialIterableImpl@QtMetaTypePrivate@@SAXPBXPAPAX@Z 00413e20 f i moc_workmodels.obj
 0001:00012e20       ??$moveToBeginImpl@V?$QList@PAVQObject@@@@@QSequentialIterableImpl@QtMetaTypePrivate@@SAXPBXPAPAX@Z 00413e20 f i moc_workmodels.obj
 0001:00012e50       ??$moveToEndImpl@V?$QList@H@@@QSequentialIterableImpl@QtMetaTypePrivate@@SAXPBXPAPAX@Z 00413e50 f i moc_workmodels.obj
 0001:00012e50       ??$moveToEndImpl@V?$QList@PAVQObject@@@@@QSequentialIterableImpl@QtMetaTypePrivate@@SAXPBXPAPAX@Z 00413e50 f i moc_workmodels.obj
 0001:00012e80       ??$sizeImpl@V?$QList@H@@@QSequentialIterableImpl@QtMetaTypePrivate@@SAHPBX@Z 00413e80 f i moc_workmodels.obj
 0001:00012e80       ??$sizeImpl@V?$QList@PAVQObject@@@@@QSequentialIterableImpl@QtMetaTypePrivate@@SAHPBX@Z 00413e80 f i moc_workmodels.obj
 0001:00012e90       ??0QSequentialIterableImpl@QtMetaTypePrivate@@QAE@XZ 00413e90 f i moc_workmodels.obj
 0001:00012f00       ??4?$QList@H@@QAEAAV0@$$QAV0@@Z 00413f00 f i moc_workmodels.obj
 0001:00012f00       ??4?$QList@PAVQObject@@@@QAEAAV0@$$QAV0@@Z 00413f00 f i moc_workmodels.obj
 0001:00012f80       ??4QStringList@@QAEAAV0@$$QAV0@@Z 00413f80 f i moc_workmodels.obj
 0001:00012fb0       ?Construct@?$QMetaTypeFunctionHelper@V?$QList@PAVQObject@@@@$00@QtMetaTypePrivate@@SAPAXPAXPBX@Z 00413fb0 f i moc_workmodels.obj
 0001:00012fb0       ?Construct@?$QMetaTypeFunctionHelper@V?$QList@H@@$00@QtMetaTypePrivate@@SAPAXPAXPBX@Z 00413fb0 f i moc_workmodels.obj
 0001:00013030       ?Construct@?$QMetaTypeFunctionHelper@VQSequentialIterableImpl@QtMetaTypePrivate@@$00@QtMetaTypePrivate@@SAPAXPAXPBX@Z 00414030 f i moc_workmodels.obj
 0001:00013070       ?Destruct@?$QMetaTypeFunctionHelper@V?$QList@PAVQObject@@@@$00@QtMetaTypePrivate@@SAXPAX@Z 00414070 f i moc_workmodels.obj
 0001:00013070       ?Destruct@?$QMetaTypeFunctionHelper@V?$QList@H@@$00@QtMetaTypePrivate@@SAXPAX@Z 00414070 f i moc_workmodels.obj
 0001:000130e0       ?MachineConfigChanged@TargetMachineObject@@QAEXXZ 004140e0 f   moc_workmodels.obj
 0001:00013100       ?UnitChanged@OperationParamObject@@QAEXXZ 00414100 f   moc_workmodels.obj
 0001:00013120       ?advance@?$IteratorOwnerCommon@Vconst_iterator@?$QList@PAVQObject@@@@@QtMetaTypePrivate@@SAXPAPAXH@Z 00414120 f i moc_workmodels.obj
 0001:00013120       ?advance@?$IteratorOwnerCommon@Vconst_iterator@?$QList@H@@@QtMetaTypePrivate@@SAXPAPAXH@Z 00414120 f i moc_workmodels.obj
 0001:00013130       ?assign@?$IteratorOwnerCommon@Vconst_iterator@?$QList@PAVQObject@@@@@QtMetaTypePrivate@@SAXPAPAXPBQAX@Z 00414130 f i moc_workmodels.obj
 0001:00013130       ?assign@?$IteratorOwnerCommon@Vconst_iterator@?$QList@H@@@QtMetaTypePrivate@@SAXPAPAXPBQAX@Z 00414130 f i moc_workmodels.obj
 0001:00013150       ?boolValueChanged@OperationParamObject@@QAEXXZ 00414150 f   moc_workmodels.obj
 0001:00013170       ?bottomValueChanged@OperationParamObject@@QAEXXZ 00414170 f   moc_workmodels.obj
 0001:00013190       ?convert@?$ConverterFunctor@V?$QList@H@@VQSequentialIterableImpl@QtMetaTypePrivate@@U?$QSequentialIterableConvertFunctor@V?$QList@H@@@3@@QtPrivate@@SA_NPBUAbstractConverterFunction@2@PBXPAX@Z 00414190 f i moc_workmodels.obj
 0001:00013230       ?convert@?$ConverterFunctor@V?$QList@PAVQObject@@@@VQSequentialIterableImpl@QtMetaTypePrivate@@U?$QSequentialIterableConvertFunctor@V?$QList@PAVQObject@@@@@3@@QtPrivate@@SA_NPBUAbstractConverterFunction@2@PBXPAX@Z 00414230 f i moc_workmodels.obj
 0001:000132d0       ?currentIndexChanged@OperationParamSelector@@QAEXXZ 004142d0 f   moc_workmodels.obj
 0001:000132f0       ?destroy@?$IteratorOwnerCommon@Vconst_iterator@?$QList@H@@@QtMetaTypePrivate@@SAXPAPAX@Z 004142f0 f i moc_workmodels.obj
 0001:000132f0       ?destroy@?$IteratorOwnerCommon@Vconst_iterator@?$QList@PAVQObject@@@@@QtMetaTypePrivate@@SAXPAPAX@Z 004142f0 f i moc_workmodels.obj
 0001:00013310       ?display@OperationParamObject@@QBE?AVQString@@XZ 00414310 f i moc_workmodels.obj
 0001:00013330       ?displayChanged@OperationParamObject@@QAEXXZ 00414330 f   moc_workmodels.obj
 0001:00013350       ?equal@?$IteratorOwnerCommon@Vconst_iterator@?$QList@PAVQObject@@@@@QtMetaTypePrivate@@SA_NPBQAX0@Z 00414350 f i moc_workmodels.obj
 0001:00013350       ?equal@?$IteratorOwnerCommon@Vconst_iterator@?$QList@H@@@QtMetaTypePrivate@@SA_NPBQAX0@Z 00414350 f i moc_workmodels.obj
 0001:00013370       ?floatValueChanged@OperationParamObject@@QAEXXZ 00414370 f   moc_workmodels.obj
 0001:00013390       ?getParamListModel@PlanSelector@@QAE?AV?$QList@PAVQObject@@@@XZ 00414390 f i moc_workmodels.obj
 0001:000133b0       ?getParamModel@OperationParamSelector@@QAE?AV?$QList@PAVQObject@@@@XZ 004143b0 f i moc_workmodels.obj
 0001:000133d0       ?intListValue@OperationParamObject@@QAE?AV?$QList@H@@XZ 004143d0 f i moc_workmodels.obj
 0001:000133f0       ?intListValueChanged@OperationParamObject@@QAEXXZ 004143f0 f   moc_workmodels.obj
 0001:00013410       ?integerValueChanged@OperationParamObject@@QAEXXZ 00414410 f   moc_workmodels.obj
 0001:00013430       ?metaObject@OperationParamObject@@UBEPBUQMetaObject@@XZ 00414430 f   moc_workmodels.obj
 0001:00013450       ?metaObject@OperationParamSelector@@UBEPBUQMetaObject@@XZ 00414450 f   moc_workmodels.obj
 0001:00013470       ?metaObject@PlanController@@UBEPBUQMetaObject@@XZ 00414470 f   moc_workmodels.obj
 0001:00013490       ?metaObject@PlanSelector@@UBEPBUQMetaObject@@XZ 00414490 f   moc_workmodels.obj
 0001:000134b0       ?metaObject@StatusViewWatcher@@UBEPBUQMetaObject@@XZ 004144b0 f   moc_workmodels.obj
 0001:000134d0       ?metaObject@TargetMachineObject@@UBEPBUQMetaObject@@XZ 004144d0 f   moc_workmodels.obj
 0001:000134f0       ?nameChanged@OperationParamObject@@QAEXXZ 004144f0 f   moc_workmodels.obj
 0001:00013510       ?op_eq_impl@?$QList@PAVQObject@@@@ABE_NABV1@UArrayCompatibleLayout@QListData@@@Z 00414510 f i moc_workmodels.obj
 0001:00013510       ?op_eq_impl@?$QList@H@@ABE_NABV1@UArrayCompatibleLayout@QListData@@@Z 00414510 f i moc_workmodels.obj
 0001:00013580       ?op_eq_impl@?$QList@VQString@@@@ABE_NABV1@UArrayCompatibleLayout@QListData@@@Z 00414580 f i moc_workmodels.obj
 0001:000135f0       ?operationListModel@PlanSelector@@QAE?AVQStringList@@XZ 004145f0 f i moc_workmodels.obj
 0001:00013610       ?operationModel@OperationParamSelector@@QAE?AVQStringList@@XZ 00414610 f i moc_workmodels.obj
 0001:00013630       ?operationNameChanged@SingleOperationObject@@QAEXXZ 00414630 f   moc_workmodels.obj
 0001:00013650       ?pageNameChanged@OperationParamSelector@@QAEXXZ 00414650 f   moc_workmodels.obj
 0001:00013670       ?paramListModelChanged@PlanSelector@@QAEXXZ 00414670 f   moc_workmodels.obj
 0001:00013690       ?paramModelChanged@OperationParamSelector@@QAEXXZ 00414690 f   moc_workmodels.obj
 0001:000136b0       ?qt_metacall@OperationParamObject@@UAEHW4Call@QMetaObject@@HPAPAX@Z 004146b0 f   moc_workmodels.obj
 0001:00013750       ?qt_metacall@OperationParamSelector@@UAEHW4Call@QMetaObject@@HPAPAX@Z 00414750 f   moc_workmodels.obj
 0001:00013800       ?qt_metacall@PlanController@@UAEHW4Call@QMetaObject@@HPAPAX@Z 00414800 f   moc_workmodels.obj
 0001:00013860       ?qt_metacall@PlanSelector@@UAEHW4Call@QMetaObject@@HPAPAX@Z 00414860 f   moc_workmodels.obj
 0001:00013910       ?qt_metacall@StatusViewWatcher@@UAEHW4Call@QMetaObject@@HPAPAX@Z 00414910 f   moc_workmodels.obj
 0001:00013970       ?qt_metacall@TargetMachineObject@@UAEHW4Call@QMetaObject@@HPAPAX@Z 00414970 f   moc_workmodels.obj
 0001:00013a30       ?qt_metacast@OperationParamObject@@UAEPAXPBD@Z 00414a30 f   moc_workmodels.obj
 0001:00013ad0       ?qt_metacast@OperationParamSelector@@UAEPAXPBD@Z 00414ad0 f   moc_workmodels.obj
 0001:00013b30       ?qt_metacast@PlanController@@UAEPAXPBD@Z 00414b30 f   moc_workmodels.obj
 0001:00013b90       ?qt_metacast@PlanSelector@@UAEPAXPBD@Z 00414b90 f   moc_workmodels.obj
 0001:00013bf0       ?qt_metacast@StatusViewWatcher@@UAEPAXPBD@Z 00414bf0 f   moc_workmodels.obj
 0001:00013c50       ?qt_metacast@TargetMachineObject@@UAEPAXPBD@Z 00414c50 f   moc_workmodels.obj
 0001:00013cf0       ?qt_metatype_id@?$QMetaTypeId@V?$QList@H@@@@SAHXZ 00414cf0 f i moc_workmodels.obj
 0001:00013e10       ?qt_metatype_id@?$QMetaTypeId@V?$QList@PAVQObject@@@@@@SAHXZ 00414e10 f i moc_workmodels.obj
 0001:00013eb0       ?qt_metatype_id@?$QMetaTypeId@VQSequentialIterableImpl@QtMetaTypePrivate@@@@SAHXZ 00414eb0 f i moc_workmodels.obj
 0001:00013f40       ?qt_static_metacall@OperationParamObject@@CAXPAVQObject@@W4Call@QMetaObject@@HPAPAX@Z 00414f40 f   moc_workmodels.obj
 0001:00014420       ?qt_static_metacall@OperationParamSelector@@CAXPAVQObject@@W4Call@QMetaObject@@HPAPAX@Z 00415420 f   moc_workmodels.obj
 0001:000145b0       ?qt_static_metacall@PlanController@@CAXPAVQObject@@W4Call@QMetaObject@@HPAPAX@Z 004155b0 f   moc_workmodels.obj
 0001:00014640       ?qt_static_metacall@PlanSelector@@CAXPAVQObject@@W4Call@QMetaObject@@HPAPAX@Z 00415640 f   moc_workmodels.obj
 0001:00014940       ?qt_static_metacall@SingleOperationObject@@CAXPAVQObject@@W4Call@QMetaObject@@HPAPAX@Z 00415940 f   moc_workmodels.obj
 0001:000149f0       ?qt_static_metacall@StatusViewWatcher@@CAXPAVQObject@@W4Call@QMetaObject@@HPAPAX@Z 004159f0 f   moc_workmodels.obj
 0001:00014b90       ?qt_static_metacall@TargetMachineObject@@CAXPAVQObject@@W4Call@QMetaObject@@HPAPAX@Z 00415b90 f   moc_workmodels.obj
 0001:00014ca0       ?registerConverter@?$ValueTypeIsMetaType@V?$QList@H@@$00@QtPrivate@@SA_NH@Z 00415ca0 f i moc_workmodels.obj
 0001:00014d30       ?registerConverter@?$ValueTypeIsMetaType@V?$QList@PAVQObject@@@@$00@QtPrivate@@SA_NH@Z 00415d30 f i moc_workmodels.obj
 0001:00014dc0       ?setBoolValue@OperationParamObject@@QAEX_N@Z 00415dc0 f i moc_workmodels.obj
 0001:00014df0       ?setBottomValue@OperationParamObject@@QAEXH@Z 00415df0 f i moc_workmodels.obj
 0001:00014e20       ?setDisplay@OperationParamObject@@QAEXABVQString@@@Z 00415e20 f i moc_workmodels.obj
 0001:00014e60       ?setFloatValue@OperationParamObject@@QAEXN@Z 00415e60 f i moc_workmodels.obj
 0001:00014ea0       ?setIntListValue@OperationParamObject@@QAEXABV?$QList@H@@@Z 00415ea0 f i moc_workmodels.obj
 0001:00014f80       ?setIntegerValue@OperationParamObject@@QAEXH@Z 00415f80 f i moc_workmodels.obj
 0001:00014fb0       ?setIpAddress@TargetMachineObject@@QAEXABVQString@@@Z 00415fb0 f i moc_workmodels.obj
 0001:00015000       ?setMaxReceiveTime@TargetMachineObject@@QAEXH@Z 00416000 f i moc_workmodels.obj
 0001:00015030       ?setName@OperationParamObject@@QAEXABVQString@@@Z 00416030 f i moc_workmodels.obj
 0001:00015070       ?setOperationName@SingleOperationObject@@QAEXABVQString@@@Z 00416070 f i moc_workmodels.obj
 0001:000150b0       ?setParamListModel@PlanSelector@@QAEXABV?$QList@PAVQObject@@@@@Z 004160b0 f i moc_workmodels.obj
 0001:00015190       ?setParamModel@OperationParamSelector@@QAEXABV?$QList@PAVQObject@@@@@Z 00416190 f i moc_workmodels.obj
 0001:00015270       ?setPort@TargetMachineObject@@QAEXF@Z 00416270 f i moc_workmodels.obj
 0001:000152a0       ?setStringValue@OperationParamObject@@QAEXABVQString@@@Z 004162a0 f i moc_workmodels.obj
 0001:000152e0       ?setStringlistValue@OperationParamObject@@QAEXABVQStringList@@@Z 004162e0 f i moc_workmodels.obj
 0001:00015360       ?setSwitchValue@OperationParamObject@@QAEXABVQString@@@Z 00416360 f i moc_workmodels.obj
 0001:000153a0       ?setTopValue@OperationParamObject@@QAEXH@Z 004163a0 f i moc_workmodels.obj
 0001:000153d0       ?setUnit@OperationParamObject@@QAEXABVQString@@@Z 004163d0 f i moc_workmodels.obj
 0001:00015410       ?settype@OperationParamObject@@QAEXABVQString@@@Z 00416410 f i moc_workmodels.obj
 0001:00015450       ?statusChanged@StatusViewWatcher@@QAEXABVQJsonObject@@@Z 00416450 f   moc_workmodels.obj
 0001:00015480       ?stringListValue@OperationParamObject@@QBE?AVQStringList@@XZ 00416480 f i moc_workmodels.obj
 0001:000154a0       ?stringValue@OperationParamObject@@QBE?AVQString@@XZ 004164a0 f i moc_workmodels.obj
 0001:000154c0       ?stringValueChanged@OperationParamObject@@QAEXXZ 004164c0 f   moc_workmodels.obj
 0001:000154e0       ?stringlistValueChanged@OperationParamObject@@QAEXXZ 004164e0 f   moc_workmodels.obj
 0001:00015500       ?switchValue@OperationParamObject@@QBE?AVQString@@XZ 00416500 f i moc_workmodels.obj
 0001:00015520       ?switchValueChanged@OperationParamObject@@QAEXXZ 00416520 f   moc_workmodels.obj
 0001:00015540       ?taskStateChanged@PlanController@@QAEX_N@Z 00416540 f   moc_workmodels.obj
 0001:00015570       ?topValueChanged@OperationParamObject@@QAEXXZ 00416570 f   moc_workmodels.obj
 0001:00015590       ?type@OperationParamObject@@QBE?AVQString@@XZ 00416590 f i moc_workmodels.obj
 0001:000155b0       ?typeChanged@OperationParamObject@@QAEXXZ 004165b0 f   moc_workmodels.obj
 0001:000155d0       ?unit@OperationParamObject@@QBE?AVQString@@XZ 004165d0 f i moc_workmodels.obj
 0001:000155f0       ?workLocationTypeChanged@StatusViewWatcher@@QAEXXZ 004165f0 f   moc_workmodels.obj
 0001:00015604       _MiniDumpWriteDump@28      00416604 f   DbgHelp:dbghelp.dll
 0001:0001560a       ?fixup@QValidator@@UBEXAAVQString@@@Z 0041660a f   Qt5Gui:Qt5Gui.dll
 0001:00015610       ?metaObject@QDoubleValidator@@UBEPBUQMetaObject@@XZ 00416610 f   Qt5Gui:Qt5Gui.dll
 0001:00015616       ?qt_metacall@QDoubleValidator@@UAEHW4Call@QMetaObject@@HPAPAX@Z 00416616 f   Qt5Gui:Qt5Gui.dll
 0001:0001561c       ?qt_metacast@QDoubleValidator@@UAEPAXPBD@Z 0041661c f   Qt5Gui:Qt5Gui.dll
 0001:00015622       ?setRange@QDoubleValidator@@UAEXNNH@Z 00416622 f   Qt5Gui:Qt5Gui.dll
 0001:00015628       ?childEvent@QObject@@MAEXPAVQChildEvent@@@Z 00416628 f   Qt5Core:Qt5Core.dll
 0001:0001562e       ?connectNotify@QObject@@MAEXABVQMetaMethod@@@Z 0041662e f   Qt5Core:Qt5Core.dll
 0001:00015634       ?customEvent@QObject@@MAEXPAVQEvent@@@Z 00416634 f   Qt5Core:Qt5Core.dll
 0001:0001563a       ?disconnectNotify@QObject@@MAEXABVQMetaMethod@@@Z 0041663a f   Qt5Core:Qt5Core.dll
 0001:00015640       ?event@QObject@@UAE_NPAVQEvent@@@Z 00416640 f   Qt5Core:Qt5Core.dll
 0001:00015646       ?eventFilter@QObject@@UAE_NPAV1@PAVQEvent@@@Z 00416646 f   Qt5Core:Qt5Core.dll
 0001:0001564c       ?timerEvent@QObject@@MAEXPAVQTimerEvent@@@Z 0041664c f   Qt5Core:Qt5Core.dll
 0001:00015652       ?qRegisterResourceData@@YA_NHPBE00@Z 00416652 f   Qt5Core:Qt5Core.dll
 0001:00015658       ?qUnregisterResourceData@@YA_NHPBE00@Z 00416658 f   Qt5Core:Qt5Core.dll
 0001:0001565e       @__security_check_cookie@4 0041665e f   MSVCRT:_secchk_.obj
 0001:0001566f       ??2@YAPAXI@Z               0041666f f   MSVCRT:new_scalar.obj
 0001:000156a2       ??3@YAXPAXI@Z              004166a2 f   MSVCRT:delete_scalar_size.obj
 0001:00015770       ??$__crt_fast_encode_pointer@P6GHPAU_RTL_CONDITION_VARIABLE@@PAU_RTL_CRITICAL_SECTION@@K@Z@@YAP6GHPAU_RTL_CONDITION_VARIABLE@@PAU_RTL_CRITICAL_SECTION@@K@ZQ6GH01K@Z@Z 00416770 f i MSVCRT:thread_safe_statics.obj
 0001:00015770       ??$__crt_fast_encode_pointer@P6GXPAU_RTL_CONDITION_VARIABLE@@@Z@@YAP6GXPAU_RTL_CONDITION_VARIABLE@@@ZQ6GX0@Z@Z 00416770 f i MSVCRT:thread_safe_statics.obj
 0001:000157a9       __Init_thread_footer       004167a9 f   MSVCRT:thread_safe_statics.obj
 0001:000157e8       __Init_thread_header       004167e8 f   MSVCRT:thread_safe_statics.obj
 0001:0001582e       __Init_thread_lock         0041682e f   MSVCRT:thread_safe_statics.obj
 0001:0001583a       __Init_thread_notify       0041683a f   MSVCRT:thread_safe_statics.obj
 0001:0001587b       __Init_thread_unlock       0041687b f   MSVCRT:thread_safe_statics.obj
 0001:00015887       __Init_thread_wait         00416887 f   MSVCRT:thread_safe_statics.obj
 0001:000158ec       ??_Gtype_info@@UAEPAXI@Z   004168ec f i MSVCRT:std_type_info_static.obj
 0001:000158ec       ??_Etype_info@@UAEPAXI@Z   004168ec f i MSVCRT:std_type_info_static.obj
 0001:00015953       ___scrt_acquire_startup_lock 00416953 f   MSVCRT:utility.obj
 0001:00015988       ___scrt_initialize_crt     00416988 f   MSVCRT:utility.obj
 0001:000159c1       ___scrt_initialize_onexit_tables 004169c1 f   MSVCRT:utility.obj
 0001:00015a58       ___scrt_is_nonwritable_in_current_image 00416a58 f   MSVCRT:utility.obj
 0001:00015ae2       ___scrt_release_startup_lock 00416ae2 f   MSVCRT:utility.obj
 0001:00015aff       ___scrt_uninitialize_crt   00416aff f   MSVCRT:utility.obj
 0001:00015b27       __onexit                   00416b27 f   MSVCRT:utility.obj
 0001:00015b62       _atexit                    00416b62 f   MSVCRT:utility.obj
 0001:00015d9d       _WinMainCRTStartup         00416d9d f   MSVCRT:exe_winmain.obj
 0001:00015da7       ___raise_securityfailure   00416da7 f   MSVCRT:gs_report.obj
 0001:00015dcf       ___report_gsfailure        00416dcf f   MSVCRT:gs_report.obj
 0001:00015eca       ??0bad_alloc@std@@QAE@ABV01@@Z 00416eca f i MSVCRT:throw_bad_alloc.obj
 0001:00015ee5       ??0bad_alloc@std@@QAE@XZ   00416ee5 f i MSVCRT:throw_bad_alloc.obj
 0001:00015efd       ??0bad_array_new_length@std@@QAE@ABV01@@Z 00416efd f i MSVCRT:throw_bad_alloc.obj
 0001:00015f18       ??0bad_array_new_length@std@@QAE@XZ 00416f18 f i MSVCRT:throw_bad_alloc.obj
 0001:00015f30       ??0exception@std@@QAE@ABV01@@Z 00416f30 f i MSVCRT:throw_bad_alloc.obj
 0001:00015f5c       ??1bad_array_new_length@std@@UAE@XZ 00416f5c f i MSVCRT:throw_bad_alloc.obj
 0001:00015f5c       ??1bad_alloc@std@@UAE@XZ   00416f5c f i MSVCRT:throw_bad_alloc.obj
 0001:00015f6d       ??_Ebad_alloc@std@@UAEPAXI@Z 00416f6d f i MSVCRT:throw_bad_alloc.obj
 0001:00015f6d       ??_Ebad_array_new_length@std@@UAEPAXI@Z 00416f6d f i MSVCRT:throw_bad_alloc.obj
 0001:00015f6d       ??_Gbad_alloc@std@@UAEPAXI@Z 00416f6d f i MSVCRT:throw_bad_alloc.obj
 0001:00015f6d       ??_Gexception@std@@UAEPAXI@Z 00416f6d f i MSVCRT:throw_bad_alloc.obj
 0001:00015f6d       ??_Gbad_array_new_length@std@@UAEPAXI@Z 00416f6d f i MSVCRT:throw_bad_alloc.obj
 0001:00015f6d       ??_Eexception@std@@UAEPAXI@Z 00416f6d f i MSVCRT:throw_bad_alloc.obj
 0001:00015f9a       ?__scrt_throw_std_bad_alloc@@YAXXZ 00416f9a f   MSVCRT:throw_bad_alloc.obj
 0001:00015fb7       ?__scrt_throw_std_bad_array_new_length@@YAXXZ 00416fb7 f   MSVCRT:throw_bad_alloc.obj
 0001:00015fd4       ?what@exception@std@@UBEPBDXZ 00416fd4 f i MSVCRT:throw_bad_alloc.obj
 0001:00015fe1       ??3@YAXPAX@Z               00416fe1 f   MSVCRT:delete_scalar.obj
 0001:00015fe6       ___scrt_fastfail           00416fe6 f   MSVCRT:utility_desktop.obj
 0001:00016101       ___scrt_get_show_window_mode 00417101 f   MSVCRT:utility_desktop.obj
 0001:00016134       ___scrt_is_managed_app     00417134 f   MSVCRT:utility_desktop.obj
 0001:00016178       ___scrt_set_unhandled_exception_filter 00417178 f   MSVCRT:utility_desktop.obj
 0001:00016184       ___scrt_unhandled_exception_filter@4 00417184 f   MSVCRT:utility_desktop.obj
 0001:000161c5       @_guard_check_icall@4      004171c5 f i MSVCRT:checkcfg.obj
 0001:000161cb       ___isa_available_init      004171cb f   MSVCRT:_cpu_disp_.obj
 0001:00016365       __get_startup_argv_mode    00417365 f   MSVCRT:argv_mode.obj
 0001:00016369       ___scrt_is_ucrt_dll_in_use 00417369 f   MSVCRT:ucrt_detection.obj
 0001:00016380       __SEH_prolog4              00417380 f   MSVCRT:_sehprolg4_.obj
 0001:000163c6       __SEH_epilog4              004173c6 f   MSVCRT:_sehprolg4_.obj
 0001:000163db       __except_handler4          004173db f   MSVCRT:_chandler4gs_.obj
 0001:000163fe       ___security_init_cookie    004173fe f   MSVCRT:gs_support.obj
 0001:0001649a       __get_startup_file_mode    0041749a f   MSVCRT:file_mode.obj
 0001:000164a0       __get_startup_new_mode     004174a0 f   MSVCRT:new_mode.obj
 0001:000164a0       __matherr                  004174a0 f   MSVCRT:matherr.obj
 0001:000164a0       ___scrt_initialize_winrt   004174a0 f   MSVCRT:utility_desktop.obj
 0001:000164a0       __get_startup_thread_locale_mode 004174a0 f   MSVCRT:thread_locale.obj
 0001:000164a0       __get_startup_commit_mode  004174a0 f   MSVCRT:commit_mode.obj
 0001:000164a3       ?__scrt_initialize_type_info@@YAXXZ 004174a3 f   MSVCRT:tncleanup.obj
 0001:000164af       ___acrt_uninitialize       004174af f   MSVCRT:ucrt_stubs.obj
 0001:000164af       __should_initialize_environment 004174af f   MSVCRT:env_mode.obj
 0001:000164af       ___acrt_initialize         004174af f   MSVCRT:ucrt_stubs.obj
 0001:000164af       ___vcrt_initialize         004174af f   MSVCRT:ucrt_stubs.obj
 0001:000164af       ___vcrt_uninitialize       004174af f   MSVCRT:ucrt_stubs.obj
 0001:000164af       ___scrt_stub_for_acrt_uninitialize 004174af f   MSVCRT:ucrt_stubs.obj
 0001:000164af       ___scrt_stub_for_acrt_initialize 004174af f   MSVCRT:ucrt_stubs.obj
 0001:000164b2       __initialize_default_precision 004174b2 f   MSVCRT:default_precision.obj
 0001:000164d3       ___local_stdio_printf_options 004174d3 f i MSVCRT:default_local_stdio_options.obj
 0001:000164d9       ___local_stdio_scanf_options 004174d9 f i MSVCRT:default_local_stdio_options.obj
 0001:000164df       ___scrt_initialize_default_local_stdio_options 004174df f   MSVCRT:default_local_stdio_options.obj
 0001:000164fc       ___scrt_is_user_matherr_present 004174fc f   MSVCRT:matherr_detection.obj
 0001:00016508       ___scrt_get_dyn_tls_init_callback 00417508 f   MSVCRT:dyn_tls_init.obj
 0001:0001650e       ___scrt_get_dyn_tls_dtor_callback 0041750e f   MSVCRT:dyn_tls_dtor.obj
 0001:00016514       __RTC_Initialize           00417514 f   MSVCRT:_initsect_.obj
 0001:0001653f       __RTC_Terminate            0041753f f   MSVCRT:_initsect_.obj
 0001:0001656a       _IsProcessorFeaturePresent@4 0041756a f   kernel32:KERNEL32.dll
 0001:00016570       ___CxxFrameHandler3        00417570 f   vcruntime:VCRUNTIME140.dll
 0001:00016576       ___std_terminate           00417576 f   vcruntime:VCRUNTIME140.dll
 0001:0001657c       __CxxThrowException@8      0041757c f   vcruntime:VCRUNTIME140.dll
 0001:00016582       _memcpy                    00417582 f   vcruntime:VCRUNTIME140.dll
 0001:00016588       ___RTDynamicCast           00417588 f   vcruntime:VCRUNTIME140.dll
 0001:0001658e       ___vcrt_InitializeCriticalSectionEx 0041758e f   vcruntime:VCRUNTIME140.dll
 0001:00016594       ___std_exception_copy      00417594 f   vcruntime:VCRUNTIME140.dll
 0001:0001659a       ___std_exception_destroy   0041759a f   vcruntime:VCRUNTIME140.dll
 0001:000165a0       _memset                    004175a0 f   vcruntime:VCRUNTIME140.dll
 0001:000165a6       __except_handler4_common   004175a6 f   vcruntime:VCRUNTIME140.dll
 0001:000165ac       _free                      004175ac f   ucrt:api-ms-win-crt-heap-l1-1-0.dll
 0001:000165b2       _malloc                    004175b2 f   ucrt:api-ms-win-crt-heap-l1-1-0.dll
 0001:000165b8       __callnewh                 004175b8 f   ucrt:api-ms-win-crt-heap-l1-1-0.dll
 0001:000165be       __configure_narrow_argv    004175be f   ucrt:api-ms-win-crt-runtime-l1-1-0.dll
 0001:000165c4       __initialize_narrow_environment 004175c4 f   ucrt:api-ms-win-crt-runtime-l1-1-0.dll
 0001:000165ca       __initialize_onexit_table  004175ca f   ucrt:api-ms-win-crt-runtime-l1-1-0.dll
 0001:000165d0       __register_onexit_function 004175d0 f   ucrt:api-ms-win-crt-runtime-l1-1-0.dll
 0001:000165d6       __crt_atexit               004175d6 f   ucrt:api-ms-win-crt-runtime-l1-1-0.dll
 0001:000165dc       __cexit                    004175dc f   ucrt:api-ms-win-crt-runtime-l1-1-0.dll
 0001:000165e2       __seh_filter_exe           004175e2 f   ucrt:api-ms-win-crt-runtime-l1-1-0.dll
 0001:000165e8       __set_app_type             004175e8 f   ucrt:api-ms-win-crt-runtime-l1-1-0.dll
 0001:000165ee       ___setusermatherr          004175ee f   ucrt:api-ms-win-crt-math-l1-1-0.dll
 0001:000165f4       __get_narrow_winmain_command_line 004175f4 f   ucrt:api-ms-win-crt-runtime-l1-1-0.dll
 0001:000165fa       __initterm                 004175fa f   ucrt:api-ms-win-crt-runtime-l1-1-0.dll
 0001:00016600       __initterm_e               00417600 f   ucrt:api-ms-win-crt-runtime-l1-1-0.dll
 0001:00016606       _exit                      00417606 f   ucrt:api-ms-win-crt-runtime-l1-1-0.dll
 0001:0001660c       __exit                     0041760c f   ucrt:api-ms-win-crt-runtime-l1-1-0.dll
 0001:00016612       __set_fmode                00417612 f   ucrt:api-ms-win-crt-stdio-l1-1-0.dll
 0001:00016618       __c_exit                   00417618 f   ucrt:api-ms-win-crt-runtime-l1-1-0.dll
 0001:0001661e       __register_thread_local_exe_atexit_callback 0041761e f   ucrt:api-ms-win-crt-runtime-l1-1-0.dll
 0001:00016624       __configthreadlocale       00417624 f   ucrt:api-ms-win-crt-locale-l1-1-0.dll
 0001:0001662a       __set_new_mode             0041762a f   ucrt:api-ms-win-crt-heap-l1-1-0.dll
 0001:00016630       ___p__commode              00417630 f   ucrt:api-ms-win-crt-stdio-l1-1-0.dll
 0001:00016636       _terminate                 00417636 f   ucrt:api-ms-win-crt-runtime-l1-1-0.dll
 0001:0001663c       __controlfp_s              0041763c f   ucrt:api-ms-win-crt-runtime-l1-1-0.dll
 0001:00016650       _WinMain@16                00417650 f   qtmain:qtmain_win.obj
 0001:0001676e       ??_U@YAPAXI@Z              0041776e f   MSVCRT:new_array.obj
 0001:00016777       ??_V@YAXPAX@Z              00417777 f   MSVCRT:delete_array.obj
 0001:00019320       ??__Ff@?4??registerConverter@?$ValueTypeIsMetaType@V?$QList@H@@$00@QtPrivate@@SA_NH@Z@YAXXZ 0041a320 f i moc_workmodels.obj
 0001:00019370       ??__Ff@?4??registerConverter@?$ValueTypeIsMetaType@V?$QList@PAVQObject@@@@$00@QtPrivate@@SA_NH@Z@YAXXZ 0041a370 f i moc_workmodels.obj
 0002:00000000       __imp__WideCharToMultiByte@32 0041b000     kernel32:KERNEL32.dll
 0002:00000004       __imp__LocalFree@4         0041b004     kernel32:KERNEL32.dll
 0002:00000008       __imp__GetCommandLineW@0   0041b008     kernel32:KERNEL32.dll
 0002:0000000c       __imp__InitializeSListHead@4 0041b00c     kernel32:KERNEL32.dll
 0002:00000010       __imp__GetSystemTimeAsFileTime@4 0041b010     kernel32:KERNEL32.dll
 0002:00000014       __imp__QueryPerformanceCounter@4 0041b014     kernel32:KERNEL32.dll
 0002:00000018       __imp__GetStartupInfoW@4   0041b018     kernel32:KERNEL32.dll
 0002:0000001c       __imp__IsDebuggerPresent@0 0041b01c     kernel32:KERNEL32.dll
 0002:00000020       __imp__IsProcessorFeaturePresent@4 0041b020     kernel32:KERNEL32.dll
 0002:00000024       __imp__TerminateProcess@8  0041b024     kernel32:KERNEL32.dll
 0002:00000028       __imp__UnhandledExceptionFilter@4 0041b028     kernel32:KERNEL32.dll
 0002:0000002c       __imp__GetProcAddress@8    0041b02c     kernel32:KERNEL32.dll
 0002:00000030       __imp__GetModuleHandleW@4  0041b030     kernel32:KERNEL32.dll
 0002:00000034       __imp__CreateEventW@16     0041b034     kernel32:KERNEL32.dll
 0002:00000038       __imp__WaitForSingleObjectEx@12 0041b038     kernel32:KERNEL32.dll
 0002:0000003c       __imp__ResetEvent@4        0041b03c     kernel32:KERNEL32.dll
 0002:00000040       __imp__SetEvent@4          0041b040     kernel32:KERNEL32.dll
 0002:00000044       __imp__DeleteCriticalSection@4 0041b044     kernel32:KERNEL32.dll
 0002:00000048       __imp__LeaveCriticalSection@4 0041b048     kernel32:KERNEL32.dll
 0002:0000004c       __imp__EnterCriticalSection@4 0041b04c     kernel32:KERNEL32.dll
 0002:00000050       __imp__GetCurrentThreadId@0 0041b050     kernel32:KERNEL32.dll
 0002:00000054       __imp__GetCurrentProcessId@0 0041b054     kernel32:KERNEL32.dll
 0002:00000058       __imp__GetCurrentProcess@0 0041b058     kernel32:KERNEL32.dll
 0002:0000005c       __imp__SetUnhandledExceptionFilter@4 0041b05c     kernel32:KERNEL32.dll
 0002:00000060       __imp__CloseHandle@4       0041b060     kernel32:KERNEL32.dll
 0002:00000064       __imp__CreateFileW@28      0041b064     kernel32:KERNEL32.dll
 0002:00000068       \177KERNEL32_NULL_THUNK_DATA 0041b068     kernel32:KERNEL32.dll
 0002:0000006c       __imp_?unregisterConverterFunction@QMetaType@@SAXHH@Z 0041b06c     Qt5Core:Qt5Core.dll
 0002:00000070       __imp_?registerConverterFunction@QMetaType@@SA_NPBUAbstractConverterFunction@QtPrivate@@HH@Z 0041b070     Qt5Core:Qt5Core.dll
 0002:00000074       __imp_?hasRegisteredConverterFunction@QMetaType@@SA_NHH@Z 0041b074     Qt5Core:Qt5Core.dll
 0002:00000078       __imp_?typeName@QMetaType@@SAPBDH@Z 0041b078     Qt5Core:Qt5Core.dll
 0002:0000007c       __imp_?append@QByteArray@@QAEAAV1@PBDH@Z 0041b07c     Qt5Core:Qt5Core.dll
 0002:00000080       __imp_?endsWith@QByteArray@@QBE_ND@Z 0041b080     Qt5Core:Qt5Core.dll
 0002:00000084       __imp_?normalizedType@QMetaObject@@SA?AVQByteArray@@PBD@Z 0041b084     Qt5Core:Qt5Core.dll
 0002:00000088       __imp_?qt_metacall@QObject@@UAEHW4Call@QMetaObject@@HPAPAX@Z 0041b088     Qt5Core:Qt5Core.dll
 0002:0000008c       __imp_?qt_metacast@QObject@@UAEPAXPBD@Z 0041b08c     Qt5Core:Qt5Core.dll
 0002:00000090       __imp_?dynamicMetaObject@QObjectData@@QBEPAUQMetaObject@@XZ 0041b090     Qt5Core:Qt5Core.dll
 0002:00000094       __imp_?activate@QMetaObject@@SAXPAVQObject@@PBU1@HPAPAX@Z 0041b094     Qt5Core:Qt5Core.dll
[...]
 0002:00051014       __ehfuncinfo$??_GSingleOperationData@@QAEPAXI@Z 0046c014     configfilehandler.obj
 0002:00051014       __ehfuncinfo$??_G?$QQmlElement@VPlanSelector@@@QQmlPrivate@@UAEPAXI@Z 0046c014     main.obj
 0002:00051014       __ehfuncinfo$??1SingleOperationData@@QAE@XZ 0046c014     configfilehandler.obj
 0002:00051014       __ehfuncinfo$??1OperationParamData@@QAE@XZ 0046c014     configfilehandler.obj
 0002:00051014       __ehfuncinfo$??_G?$QQmlElement@VOperationParamSelector@@@QQmlPrivate@@UAEPAXI@Z 0046c014     main.obj
 0002:00051014       __ehfuncinfo$??_GPlanController@@UAEPAXI@Z 0046c014     workmodels.obj
 0002:00051014       __ehfuncinfo$??1?$QForeachContainer@V?$QList@VSingleOperationData@@@@@QtPrivate@@QAE@XZ 0046c014     environmentvariant.obj
 0002:00051014       __ehfuncinfo$??_G?$QQmlElement@VOperationParamObject@@@QQmlPrivate@@UAEPAXI@Z 0046c014     main.obj
 0002:00051014       __ehfuncinfo$??_G?$QQmlElement@VPlanController@@@QQmlPrivate@@UAEPAXI@Z 0046c014     main.obj
 0002:00051014       __ehfuncinfo$??_G?$QQmlElement@VTextFieldDoubleValidator@@@QQmlPrivate@@UAEPAXI@Z 0046c014     main.obj
 0002:00051038       __unwindtable$??1OperationParamSelector@@UAE@XZ 0046c038     main.obj
 0002:00051048       __ehfuncinfo$??1OperationParamSelector@@UAE@XZ 0046c048     main.obj
 0002:0005106c       __unwindtable$??1PlanSelector@@UAE@XZ 0046c06c     main.obj
 0002:0005107c       __ehfuncinfo$??1PlanSelector@@UAE@XZ 0046c07c     main.obj
 0002:000510a0       __unwindtable$?validate@TextFieldDoubleValidator@@UBE?AW4State@QValidator@@AAVQString@@AAH@Z 0046c0a0     main.obj
 0002:000510b8       __ehfuncinfo$?validate@TextFieldDoubleValidator@@UBE?AW4State@QValidator@@AAVQString@@AAH@Z 0046c0b8     main.obj
 0002:000510dc       __ehfuncinfo$?customMessageHandler@@YAXW4QtMsgType@@ABVQMessageLogContext@@ABVQString@@@Z 0046c0dc     main.obj
 0002:00051100       __unwindtable$?customMessageHandler@@YAXW4QtMsgType@@ABVQMessageLogContext@@ABVQString@@@Z 0046c100     main.obj
 0002:000511a0       __unwindtable$?getConfigFullName@@YA?AVQString@@PBD@Z 0046c1a0     main.obj
 0002:000511a8       __ehfuncinfo$?getConfigFullName@@YA?AVQString@@PBD@Z 0046c1a8     main.obj
 0002:000511cc       __ehfuncinfo$_main         0046c1cc     main.obj
 0002:000511f0       __unwindtable$_main        0046c1f0     main.obj
 0002:00051280       __ehfuncinfo$??$qmlRegisterType@VOperationParamSelector@@@@YAHPBDHH0@Z 0046c280     main.obj
 0002:00051280       __ehfuncinfo$??$qmlRegisterType@VTextFieldDoubleValidator@@@@YAHPBDHH0@Z 0046c280     main.obj
 0002:00051280       __ehfuncinfo$??$qmlRegisterType@VStatusViewWatcher@@@@YAHPBDHH0@Z 0046c280     main.obj
 0002:00051280       __ehfuncinfo$??$qmlRegisterType@VOperationParamObject@@@@YAHPBDHH0@Z 0046c280     main.obj
 0002:00051280       __ehfuncinfo$??$qmlRegisterType@VPlanSelector@@@@YAHPBDHH0@Z 0046c280     main.obj
 0002:00051280       __ehfuncinfo$??$qmlRegisterType@VPlanController@@@@YAHPBDHH0@Z 0046c280     main.obj
 0002:000512a4       __unwindtable$??$qmlRegisterType@VOperationParamObject@@@@YAHPBDHH0@Z 0046c2a4     main.obj
 0002:000512a4       __unwindtable$??$qmlRegisterType@VPlanSelector@@@@YAHPBDHH0@Z 0046c2a4     main.obj
 0002:000512a4       __unwindtable$??$qmlRegisterType@VTextFieldDoubleValidator@@@@YAHPBDHH0@Z 0046c2a4     main.obj
 0002:000512a4       __unwindtable$??$qmlRegisterType@VStatusViewWatcher@@@@YAHPBDHH0@Z 0046c2a4     main.obj
 0002:000512a4       __unwindtable$??$qmlRegisterType@VOperationParamSelector@@@@YAHPBDHH0@Z 0046c2a4     main.obj
 0002:000512a4       __unwindtable$??$qmlRegisterType@VPlanController@@@@YAHPBDHH0@Z 0046c2a4     main.obj
 0002:000512cc       __unwindtable$??$createInto@VTextFieldDoubleValidator@@@QQmlPrivate@@YAXPAX@Z 0046c2cc     main.obj
 0002:000512cc       __unwindtable$??$createInto@VPlanSelector@@@QQmlPrivate@@YAXPAX@Z 0046c2cc     main.obj
 0002:000512cc       __unwindtable$??$createInto@VStatusViewWatcher@@@QQmlPrivate@@YAXPAX@Z 0046c2cc     main.obj
 0002:000512cc       __unwindtable$??$createInto@VPlanController@@@QQmlPrivate@@YAXPAX@Z 0046c2cc     main.obj
 0002:000512cc       __unwindtable$??$createInto@VOperationParamObject@@@QQmlPrivate@@YAXPAX@Z 0046c2cc     main.obj
 0002:000512cc       __unwindtable$??$createInto@VOperationParamSelector@@@QQmlPrivate@@YAXPAX@Z 0046c2cc     main.obj
 0002:000512d4       __ehfuncinfo$??$createInto@VTextFieldDoubleValidator@@@QQmlPrivate@@YAXPAX@Z 0046c2d4     main.obj
 0002:000512d4       __ehfuncinfo$??$createInto@VStatusViewWatcher@@@QQmlPrivate@@YAXPAX@Z 0046c2d4     main.obj
 0002:000512d4       __ehfuncinfo$??$createInto@VOperationParamObject@@@QQmlPrivate@@YAXPAX@Z 0046c2d4     main.obj
 0002:000512d4       __ehfuncinfo$??$createInto@VOperationParamSelector@@@QQmlPrivate@@YAXPAX@Z 0046c2d4     main.obj
 0002:000512d4       __ehfuncinfo$??$createInto@VPlanController@@@QQmlPrivate@@YAXPAX@Z 0046c2d4     main.obj
 0002:000512d4       __ehfuncinfo$??$createInto@VPlanSelector@@@QQmlPrivate@@YAXPAX@Z 0046c2d4     main.obj
 0002:000512f8       __unwindtable$?qt_metatype_id@?$QMetaTypeIdQObject@PAVPlanController@@$07@@SAHXZ 0046c2f8     main.obj
 0002:000512f8       __unwindtable$?qt_metatype_id@?$QMetaTypeIdQObject@PAVPlanSelector@@$07@@SAHXZ 0046c2f8     main.obj
 0002:000512f8       __unwindtable$?qt_metatype_id@?$QMetaTypeIdQObject@PAVTextFieldDoubleValidator@@$07@@SAHXZ 0046c2f8     main.obj
 0002:000512f8       __unwindtable$?qt_metatype_id@?$QMetaTypeIdQObject@PAVStatusViewWatcher@@$07@@SAHXZ 0046c2f8     main.obj
 0002:000512f8       __unwindtable$?qt_metatype_id@?$QMetaTypeIdQObject@PAVOperationParamObject@@$07@@SAHXZ 0046c2f8     main.obj
 0002:000512f8       __unwindtable$?qt_metatype_id@?$QMetaTypeIdQObject@PAVOperationParamSelector@@$07@@SAHXZ 0046c2f8     main.obj
 0002:00051300       __ehfuncinfo$?qt_metatype_id@?$QMetaTypeIdQObject@PAVOperationParamObject@@$07@@SAHXZ 0046c300     main.obj
 0002:00051300       __ehfuncinfo$?qt_metatype_id@?$QMetaTypeIdQObject@PAVPlanController@@$07@@SAHXZ 0046c300     main.obj
 0002:00051300       __ehfuncinfo$?qt_metatype_id@?$QMetaTypeIdQObject@PAVPlanSelector@@$07@@SAHXZ 0046c300     main.obj
 0002:00051300       __ehfuncinfo$?qt_metatype_id@?$QMetaTypeIdQObject@PAVStatusViewWatcher@@$07@@SAHXZ 0046c300     main.obj
 0002:00051300       __ehfuncinfo$?qt_metatype_id@?$QMetaTypeIdQObject@PAVOperationParamSelector@@$07@@SAHXZ 0046c300     main.obj
 0002:00051300       __ehfuncinfo$?qt_metatype_id@?$QMetaTypeIdQObject@PAVTextFieldDoubleValidator@@$07@@SAHXZ 0046c300     main.obj
 0002:00051324       __ehfuncinfo$??1?$QMap@VQString@@V1@@@QAE@XZ 0046c324     configfilehandler.obj
 0002:00051324       __ehfuncinfo$??1?$QMap@VQString@@VOperationParamData@@@@QAE@XZ 0046c324     configfilehandler.obj
 0002:00051324       __ehfuncinfo$??1?$QList@VSingleOperationData@@@@QAE@XZ 0046c324     configfilehandler.obj
 0002:00051324       __ehfuncinfo$??1?$QList@VQString@@@@QAE@XZ 0046c324     workflowprotocol.obj
 0002:00051324       __ehfuncinfo$??1?$QList@U?$QPair@VQString@@V?$QList@VSingleOperationData@@@@@@@@QAE@XZ 0046c324     environmentvariant.obj
 0002:00051324       __ehfuncinfo$??1?$QList@H@@QAE@XZ 0046c324     configfilehandler.obj
 0002:00051324       __ehfuncinfo$??1WorkflowController@@UAE@XZ 0046c324     workflowprotocol.obj
 0002:00051324       __ehfuncinfo$??1?$QList@VOperationParamData@@@@QAE@XZ 0046c324     environmentvariant.obj
 0002:00051324       __ehfuncinfo$??1StatusViewWatcher@@UAE@XZ 0046c324     workmodels.obj
 0002:00051324       __ehfuncinfo$??1PlanController@@UAE@XZ 0046c324     workmodels.obj
 0002:00051324       __ehfuncinfo$??1?$QList@PAVQObject@@@@QAE@XZ 0046c324     workmodels.obj
 0002:00051324       __ehfuncinfo$??1?$QMap@VQString@@VQStringList@@@@QAE@XZ 0046c324     configfilehandler.obj
 0002:00051348       __catchsym$?append@?$QList@H@@QAEXABH@Z$9 0046c348     configfilehandler.obj
 0002:00051348       __catchsym$?append@?$QList@PAVQObject@@@@QAEXABQAVQObject@@@Z$9 0046c348     workmodels.obj
 0002:00051358       __tryblocktable$?append@?$QList@PAVQObject@@@@QAEXABQAVQObject@@@Z 0046c358     workmodels.obj
 0002:00051358       __tryblocktable$?append@?$QList@H@@QAEXABH@Z 0046c358     configfilehandler.obj
 0002:0005136c       __ehfuncinfo$?append@?$QList@PAVQObject@@@@QAEXABQAVQObject@@@Z 0046c36c     workmodels.obj
 0002:0005136c       __ehfuncinfo$?append@?$QList@H@@QAEXABH@Z 0046c36c     configfilehandler.obj
 0002:00051390       __unwindtable$?append@?$QList@H@@QAEXABH@Z 0046c390     configfilehandler.obj
 0002:00051390       __unwindtable$?append@?$QList@PAVQObject@@@@QAEXABQAVQObject@@@Z 0046c390     workmodels.obj
 0002:000513c0       __ehfuncinfo$?setSelectedOperation@OperationParamSelector@@QAEXH@Z 0046c3c0     workmodels.obj
 0002:000513e4       __unwindtable$?setSelectedOperation@OperationParamSelector@@QAEXH@Z 0046c3e4     workmodels.obj
 0002:0005144c       __unwindtable$?getSwitch@PlanSelector@@QAEPAVQObject@@ABVQString@@@Z 0046c44c     workmodels.obj
 0002:0005144c       __unwindtable$?getSwitch@OperationParamSelector@@QAEPAVQObject@@ABVQString@@@Z 0046c44c     workmodels.obj
 0002:00051464       __ehfuncinfo$?getSwitch@PlanSelector@@QAEPAVQObject@@ABVQString@@@Z 0046c464     workmodels.obj
 0002:00051464       __ehfuncinfo$?getSwitch@OperationParamSelector@@QAEPAVQObject@@ABVQString@@@Z 0046c464     workmodels.obj
 0002:00051488       __ehfuncinfo$?onCompleteSingleOperation@OperationParamSelector@@QAEXXZ 0046c488     workmodels.obj
 0002:000514ac       __unwindtable$?onCompleteSingleOperation@OperationParamSelector@@QAEXXZ 0046c4ac     workmodels.obj
 0002:000514ec       __unwindtable$??0PlanSelector@@QAE@PAVQObject@@@Z 0046c4ec     workmodels.obj
 0002:0005150c       __ehfuncinfo$??0PlanSelector@@QAE@PAVQObject@@@Z 0046c50c     workmodels.obj
 0002:00051530       __ehfuncinfo$?setSelectedStep@PlanSelector@@QAEXHH@Z 0046c530     workmodels.obj
 0002:00051554       __unwindtable$?setSelectedStep@PlanSelector@@QAEXHH@Z 0046c554     workmodels.obj
 0002:000515bc       __ehfuncinfo$?setSelectedOperation@PlanSelector@@QAEXHHH@Z 0046c5bc     workmodels.obj
 0002:000515e0       __unwindtable$?setSelectedOperation@PlanSelector@@QAEXHHH@Z 0046c5e0     workmodels.obj
 0002:00051668       __unwindtable$??0StatusViewWatcher@@QAE@PAVQObject@@@Z 0046c668     workmodels.obj
 0002:00051668       __unwindtable$??0configFileHandler@@QAE@PAVQObject@@@Z 0046c668     configfilehandler.obj
 0002:00051668       __unwindtable$??0PlanController@@QAE@PAVQObject@@@Z 0046c668     workmodels.obj
 0002:00051670       __ehfuncinfo$??0StatusViewWatcher@@QAE@PAVQObject@@@Z 0046c670     workmodels.obj
 0002:00051670       __ehfuncinfo$??0PlanController@@QAE@PAVQObject@@@Z 0046c670     workmodels.obj
 0002:00051670       __ehfuncinfo$??0configFileHandler@@QAE@PAVQObject@@@Z 0046c670     configfilehandler.obj
 0002:00051694       __unwindtable$??_GStatusViewWatcher@@UAEPAXI@Z 0046c694     workmodels.obj
 0002:0005169c       __ehfuncinfo$??_GStatusViewWatcher@@UAEPAXI@Z 0046c69c     workmodels.obj
 0002:000516c0       __unwindtable$?onMachineConfigChanged@TargetMachineObject@@QAEXXZ 0046c6c0     workmodels.obj
 0002:000516c8       __ehfuncinfo$?onMachineConfigChanged@TargetMachineObject@@QAEXXZ 0046c6c8     workmodels.obj
 0002:000516ec       __unwindtable$?qt_metatype_id@?$QMetaTypeId@V?$QList@PAVQObject@@@@@@SAHXZ 0046c6ec     moc_workmodels.obj
 0002:000516ec       __unwindtable$?qt_metatype_id@?$QMetaTypeId@VQSequentialIterableImpl@QtMetaTypePrivate@@@@SAHXZ 0046c6ec     moc_workmodels.obj
 0002:000516f4       __ehfuncinfo$?qt_metatype_id@?$QMetaTypeId@V?$QList@PAVQObject@@@@@@SAHXZ 0046c6f4     moc_workmodels.obj
 0002:000516f4       __ehfuncinfo$?qt_metatype_id@?$QMetaTypeId@VQSequentialIterableImpl@QtMetaTypePrivate@@@@SAHXZ 0046c6f4     moc_workmodels.obj
 0002:00051718       __unwindtable$?setParamListModel@PlanSelector@@QAEXABV?$QList@PAVQObject@@@@@Z 0046c718     moc_workmodels.obj
 0002:00051718       __unwindtable$??4OperationParamData@@QAEAAV0@ABV0@@Z 0046c718     configfilehandler.obj
 0002:00051718       __unwindtable$?setParamModel@OperationParamSelector@@QAEXABV?$QList@PAVQObject@@@@@Z 0046c718     moc_workmodels.obj
 0002:00051718       __unwindtable$?clear@?$QList@UloopControl@SubThreadWorker@@@@QAEXXZ 0046c718     workflowprotocol.obj
 0002:00051718       __unwindtable$?setIntListValue@OperationParamObject@@QAEXABV?$QList@H@@@Z 0046c718     moc_workmodels.obj
 0002:00051720       __ehfuncinfo$?setParamListModel@PlanSelector@@QAEXABV?$QList@PAVQObject@@@@@Z 0046c720     moc_workmodels.obj
 0002:00051720       __ehfuncinfo$?setParamModel@OperationParamSelector@@QAEXABV?$QList@PAVQObject@@@@@Z 0046c720     moc_workmodels.obj
 0002:00051720       __ehfuncinfo$?setIntListValue@OperationParamObject@@QAEXABV?$QList@H@@@Z 0046c720     moc_workmodels.obj
 0002:00051720       __ehfuncinfo$??4OperationParamData@@QAEAAV0@ABV0@@Z 0046c720     configfilehandler.obj
 0002:00051720       __ehfuncinfo$?clear@?$QList@UloopControl@SubThreadWorker@@@@QAEXXZ 0046c720     workflowprotocol.obj
 0002:00051744       __unwindtable$?qt_static_metacall@StatusViewWatcher@@CAXPAVQObject@@W4Call@QMetaObject@@HPAPAX@Z 0046c744     moc_workmodels.obj
 0002:00051754       __ehfuncinfo$?qt_static_metacall@StatusViewWatcher@@CAXPAVQObject@@W4Call@QMetaObject@@HPAPAX@Z 0046c754     moc_workmodels.obj
 0002:00051778       __unwindtable$?Construct@?$QMetaTypeFunctionHelper@V?$QList@PAVQObject@@@@$00@QtMetaTypePrivate@@SAPAXPAXPBX@Z 0046c778     moc_workmodels.obj
 0002:00051778       __unwindtable$?Construct@?$QMetaTypeFunctionHelper@V?$QList@H@@$00@QtMetaTypePrivate@@SAPAXPAXPBX@Z 0046c778     moc_workmodels.obj
 0002:00051780       __ehfuncinfo$?Construct@?$QMetaTypeFunctionHelper@V?$QList@PAVQObject@@@@$00@QtMetaTypePrivate@@SAPAXPAXPBX@Z 0046c780     moc_workmodels.obj
 0002:00051780       __ehfuncinfo$?Construct@?$QMetaTypeFunctionHelper@V?$QList@H@@$00@QtMetaTypePrivate@@SAPAXPAXPBX@Z 0046c780     moc_workmodels.obj
 0002:000517a4       __unwindtable$?qt_metatype_id@?$QMetaTypeId@V?$QList@H@@@@SAHXZ 0046c7a4     moc_workmodels.obj
 0002:000517ac       __ehfuncinfo$?qt_metatype_id@?$QMetaTypeId@V?$QList@H@@@@SAHXZ 0046c7ac     moc_workmodels.obj
 0002:000517d0       __unwindtable$?Destruct@?$QMetaTypeFunctionHelper@V?$QList@PAVQObject@@@@$00@QtMetaTypePrivate@@SAXPAX@Z 0046c7d0     moc_workmodels.obj
 0002:000517d0       __unwindtable$??__Fdummy@?A0x60b45615@@YAXXZ 0046c7d0     qrc_qml.obj
 0002:000517d0       __unwindtable$??__Ff@?4??registerConverter@?$ValueTypeIsMetaType@V?$QList@PAVQObject@@@@$00@QtPrivate@@SA_NH@Z@YAXXZ 0046c7d0     moc_workmodels.obj
 0002:000517d0       __unwindtable$?Destruct@?$QMetaTypeFunctionHelper@V?$QList@H@@$00@QtMetaTypePrivate@@SAXPAX@Z 0046c7d0     moc_workmodels.obj
 0002:000517d0       __unwindtable$??__Ff@?4??registerConverter@?$ValueTypeIsMetaType@V?$QList@H@@$00@QtPrivate@@SA_NH@Z@YAXXZ 0046c7d0     moc_workmodels.obj
 0002:000517d8       __ehfuncinfo$?Destruct@?$QMetaTypeFunctionHelper@V?$QList@PAVQObject@@@@$00@QtMetaTypePrivate@@SAXPAX@Z 0046c7d8     moc_workmodels.obj
 0002:000517d8       __ehfuncinfo$??__Ff@?4??registerConverter@?$ValueTypeIsMetaType@V?$QList@H@@$00@QtPrivate@@SA_NH@Z@YAXXZ 0046c7d8     moc_workmodels.obj
 0002:000517d8       __ehfuncinfo$??__Fdummy@?A0x60b45615@@YAXXZ 0046c7d8     qrc_qml.obj
 0002:000517d8       __ehfuncinfo$??__Ff@?4??registerConverter@?$ValueTypeIsMetaType@V?$QList@PAVQObject@@@@$00@QtPrivate@@SA_NH@Z@YAXXZ 0046c7d8     moc_workmodels.obj
 0002:000517d8       __ehfuncinfo$?Destruct@?$QMetaTypeFunctionHelper@V?$QList@H@@$00@QtMetaTypePrivate@@SAXPAX@Z 0046c7d8     moc_workmodels.obj
 0002:00051800       __sehtable$___scrt_is_nonwritable_in_current_image 0046c800     MSVCRT:utility.obj
 0002:00051820       __sehtable$?__scrt_common_main_seh@@YAHXZ 0046c820     MSVCRT:exe_winmain.obj
 0002:00051f34       .idata$6                   0046cf34     DbgHelp:dbghelp.dll
 0002:00052038       .idata$6                   0046d038     Qt5Quick:Qt5Quick.dll
 0002:00052390       .idata$6                   0046d390     Qt5Gui:Qt5Gui.dll
 0002:000524ec       .idata$6                   0046d4ec     Qt5Qml:Qt5Qml.dll
 0002:000525fe       .idata$6                   0046d5fe     Qt5Network:Qt5Network.dll
 0002:0005461a       .idata$6                   0046f61a     Qt5Core:Qt5Core.dll
 0002:0005480c       .idata$6                   0046f80c     kernel32:KERNEL32.dll
 0002:000548f0       .idata$6                   0046f8f0     vcruntime:VCRUNTIME140.dll
 0002:00054ad0       .idata$6                   0046fad0     ucrt:api-ms-win-crt-heap-l1-1-0.dll
 0002:00054af0       .idata$6                   0046faf0     ucrt:api-ms-win-crt-runtime-l1-1-0.dll
 0002:00054b12       .idata$6                   0046fb12     ucrt:api-ms-win-crt-math-l1-1-0.dll
 0002:00054b32       .idata$6                   0046fb32     ucrt:api-ms-win-crt-stdio-l1-1-0.dll
 0002:00054b52       .idata$6                   0046fb52     ucrt:api-ms-win-crt-locale-l1-1-0.dll
 0002:00054b8a       .idata$6                   0046fb8a     shell32:SHELL32.dll
 0003:00000624       ?_Tss_mutex@@3U_RTL_CRITICAL_SECTION@@A 00470624     MSVCRT:thread_safe_statics.obj
 0003:0000063c       ?_Tss_cv@@3U_RTL_CONDITION_VARIABLE@@A 0047063c     MSVCRT:thread_safe_statics.obj
 0003:00000640       ?_Tss_event@@3PAXA         00470640     MSVCRT:thread_safe_statics.obj
 0003:00000644       ?encoded_sleep_condition_variable_cs@@3P6GHPAU_RTL_CONDITION_VARIABLE@@PAU_RTL_CRITICAL_SECTION@@K@ZA 00470644     MSVCRT:thread_safe_statics.obj
 0003:00000648       ?encoded_wake_all_condition_variable@@3P6GXPAU_RTL_CONDITION_VARIABLE@@@ZA 00470648     MSVCRT:thread_safe_statics.obj
 0003:00000658       ?module_local_atexit_table@@3U_onexit_table_t@@A 00470658     MSVCRT:utility.obj
 0003:00000664       ?module_local_at_quick_exit_table@@3U_onexit_table_t@@A 00470664     MSVCRT:utility.obj
 0003:00000670       ?is_initialized_as_dll@@3_NA 00470670     MSVCRT:utility.obj
 0003:00000678       _GS_ExceptionRecord        00470678     MSVCRT:gs_report.obj
 0003:000006c8       _GS_ContextRecord          004706c8     MSVCRT:gs_report.obj
 0005:00000000       __guard_fids__             00472000     MSVCRT:thread_safe_statics.obj
 0005:00000004       __guard_fids_?__scrt_initialize_thread_safe_statics@@YAHXZ 00472004     MSVCRT:thread_safe_statics.obj
 0005:00000008       __guard_fids__             00472008     MSVCRT:std_type_info_static.obj
 0005:0000000c       __guard_fids__             0047200c     MSVCRT:exe_winmain.obj
 0005:00000010       __guard_fids__             00472010     MSVCRT:exe_winmain.obj
 0005:00000014       __guard_fids__             00472014     MSVCRT:exe_winmain.obj
 0005:00000018       __guard_fids_?pre_c_initialization@@YAHXZ 00472018     MSVCRT:exe_winmain.obj
 0005:00000020       __guard_fids__             00472020     MSVCRT:throw_bad_alloc.obj
 0005:00000028       __guard_fids__             00472028     MSVCRT:throw_bad_alloc.obj
 0005:00000030       __guard_fids__             00472030     MSVCRT:throw_bad_alloc.obj
 0005:00000038       __guard_fids__             00472038     MSVCRT:throw_bad_alloc.obj
 0005:0000003c       __guard_fids__             0047203c     MSVCRT:throw_bad_alloc.obj
 0005:00000040       __guard_fids__             00472040     MSVCRT:throw_bad_alloc.obj
 0005:00000044       __guard_fids__             00472044     MSVCRT:throw_bad_alloc.obj
 0005:00000048       __guard_fids__             00472048     MSVCRT:throw_bad_alloc.obj
 0005:0000004c       __guard_fids____scrt_set_unhandled_exception_filter 0047204c     MSVCRT:utility_desktop.obj
 0005:00000050       __guard_fids___except_handler4 00472050     MSVCRT:_chandler4gs_.obj
 0005:00000054       __guard_fids__             00472054     MSVCRT:guard_support.obj
 0006:00000060       $R000000                   00473060     * linker generated manifest res *
