 MindGoTool_AllInOne

 Timestamp is 59c67545 (Sat Sep 23 22:52:53 2017)

 Preferred load address is 00400000

 Start         Length     Name                   Class
 0001:00000000 00000160H .text$di                CODE
 0001:00000160 00022810H .text$mn                CODE
 0001:00022970 000045c0H .text$x                 CODE
 0001:00026f30 00000107H .text$yd                CODE
 0002:00000000 000005f0H .idata$5                DATA
 0002:000005f0 00000004H .00cfg                  DATA
 0002:000005f4 00000004H .CRT$XCA                DATA
 0002:000005f8 00000004H .CRT$XCAA               DATA
 0002:000005fc 00000004H .CRT$XCL                DATA
 0002:00000600 00000048H .CRT$XCU                DATA
 0002:00000648 00000004H .CRT$XCZ                DATA
 0002:0000064c 00000004H .CRT$XIA                DATA
 0002:00000650 00000004H .CRT$XIAA               DATA
 0002:00000654 00000004H .CRT$XIAC               DATA
 0002:00000658 00000004H .CRT$XIC                DATA
 0002:0000065c 00000004H .CRT$XIZ                DATA
 0002:00000660 00000004H .CRT$XLA                DATA
 0002:00000664 00000004H .CRT$XLZ                DATA
 0002:00000668 00000004H .CRT$XPA                DATA
 0002:0000066c 00000004H .CRT$XPZ                DATA
 0002:00000670 00000004H .CRT$XTA                DATA
 0002:00000674 0000000cH .CRT$XTZ                DATA
 0002:00000680 00053254H .rdata                  DATA
 0002:000538d4 00000018H .rdata$T                DATA
 0002:000538ec 00000ad4H .rdata$r                DATA
 0002:000543c0 00000274H .rdata$sxdata           DATA
 0002:00054634 000003e0H .rdata$zzzdbg           DATA
 0002:00054a14 00000004H .rtc$IAA                DATA
 0002:00054a18 00000004H .rtc$IZZ                DATA
 0002:00054a1c 00000004H .rtc$TAA                DATA
 0002:00054a20 00000008H .rtc$TZZ                DATA
 0002:00054a28 00004d44H .xdata$x                DATA
 0002:0005976c 00000000H ATL$__a                 DATA
 0002:0005976c 00000000H ATL$__z                 DATA
 0002:0005976c 00000000H .edata                  DATA
 0002:0005976c 00000140H .idata$2                DATA
 0002:000598ac 00000014H .idata$3                DATA
 0002:000598c0 000005f0H .idata$4                DATA
 0002:00059eb0 000033a8H .idata$6                DATA
 0003:00000000 000001c8H .data                   DATA
 0003:000001c8 000005c8H .data$r                 DATA
 0003:00000790 000004acH .bss                    DATA
 0004:00000000 00000058H .gfids$y                DATA
 0005:00000000 00000004H .tls                    DATA
 0005:00000004 00000004H .tls$                   DATA
 0005:00000008 00000001H .tls$ZZZ                DATA
 0006:00000000 00000060H .rsrc$01                DATA
 0006:00000060 00000290H .rsrc$02                DATA

  Address         Publics by Value              Rva+Base       Lib:Object

 0000:00000000       ___guard_longjmp_table     00000000     <absolute>
 0000:00000000       ___guard_iat_count         00000000     <absolute>
 0000:00000000       ___guard_fids_table        00000000     <absolute>
 0000:00000000       ___guard_fids_count        00000000     <absolute>
 0000:00000000       ___guard_iat_table         00000000     <absolute>
 0000:00000000       ___dynamic_value_reloc_table 00000000     <absolute>
 0000:00000000       ___guard_longjmp_count     00000000     <absolute>
 0000:0000002c       __tls_array                0000002c     <absolute>
 0000:0000009d       ___safe_se_handler_count   0000009d     <absolute>
 0000:00000100       ___guard_flags             00000100     <absolute>
 0000:00000000       ___ImageBase               00400000     <linker-defined>
 0001:00000160       ??0Communication@@QAE@PAVQObject@@@Z 00401160 f   communication.obj
 0001:000001d0       ??_ECommunication@@UAEPAXI@Z 004011d0 f i communication.obj
 0001:000001d0       ??_GCommunication@@UAEPAXI@Z 004011d0 f i communication.obj
 0001:00000200       ?connectToServer@Communication@@QAE_NABVQString@@G@Z 00401200 f   communication.obj
 0001:000003f0       ?disconnect@Communication@@QAEXXZ 004013f0 f   communication.obj
 0001:000004a0       ?disconnectLater@Communication@@QAEXH@Z 004014a0 f   communication.obj
 0001:000004d0       ?readData@Communication@@QAE?AVQByteArray@@H@Z 004014d0 f   communication.obj
 0001:00000550       ?timerEvent@Communication@@MAEXPAVQTimerEvent@@@Z 00401550 f   communication.obj
 0001:00000580       ?write@Communication@@QAE_JABVQByteArray@@@Z 00401580 f   communication.obj
 0001:000005e0       ??$connect@P8QThread@@AEXUQPrivateSignal@1@@ZP8QObject@@AEXXZ@QObject@@SA?AVConnection@QMetaObject@@PBVQThread@@P83@AEXUQPrivateSignal@3@@ZPBV0@P80@AEXXZW4ConnectionType@Qt@@@Z 004015e0 f i workflowprotocol.obj
 0001:00000640       ??$connect@P8SubThreadWorker@@AEXABVQJsonObject@@@ZP8WorkflowController@@AEX0@Z@QObject@@SA?AVConnection@QMetaObject@@PBVSubThreadWorker@@P83@AEXABVQJsonObject@@@ZPBVWorkflowController@@P85@AEX1@ZW4ConnectionType@Qt@@@Z 00401640 f i workflowprotocol.obj
 0001:000006b0       ??$connect@P8SubThreadWorker@@AEXABVQString@@H@ZP8WorkflowController@@AEX0H@Z@QObject@@SA?AVConnection@QMetaObject@@PBVSubThreadWorker@@P83@AEXABVQString@@H@ZPBVWorkflowController@@P85@AEX1H@ZW4ConnectionType@Qt@@@Z 004016b0 f i workflowprotocol.obj
 0001:00000720       ??$connect@P8WorkflowController@@AEXABVQJsonObject@@@ZP8SubThreadWorker@@AEX0@Z@QObject@@SA?AVConnection@QMetaObject@@PBVWorkflowController@@P83@AEXABVQJsonObject@@@ZPBVSubThreadWorker@@P85@AEX1@ZW4ConnectionType@Qt@@@Z 00401720 f i workflowprotocol.obj
 0001:00000790       ??$connect@P8WorkflowController@@AEXABVQString@@@ZP8SubThreadWorker@@AEX0@Z@QObject@@SA?AVConnection@QMetaObject@@PBVWorkflowController@@P83@AEXABVQString@@@ZPBVSubThreadWorker@@P85@AEX1@ZW4ConnectionType@Qt@@@Z 00401790 f i workflowprotocol.obj
 0001:00000800       ??$connect@P8WorkflowController@@AEXABVQString@@G@ZP8SubThreadWorker@@AEX0G@Z@QObject@@SA?AVConnection@QMetaObject@@PBVWorkflowController@@P83@AEXABVQString@@G@ZPBVSubThreadWorker@@P85@AEX1G@ZW4ConnectionType@Qt@@@Z 00401800 f i workflowprotocol.obj
 0001:00000870       ??$connect@P8WorkflowController@@AEXXZP8SubThreadWorker@@AEXXZ@QObject@@SA?AVConnection@QMetaObject@@PBVWorkflowController@@P83@AEXXZPBVSubThreadWorker@@P84@AEXXZW4ConnectionType@Qt@@@Z 00401870 f i workflowprotocol.obj
 0001:000008d0       ??$formatWord@E@WorkflowProtocol@@IAE?AVQByteArray@@E@Z 004018d0 f i workflowprotocol.obj
 0001:00000900       ??$formatWord@G@WorkflowProtocol@@IAE?AVQByteArray@@G@Z 00401900 f i workflowprotocol.obj
 0001:00000930       ??0?$QList@VQString@@@@QAE@ABV0@@Z 00401930 f i workflowprotocol.obj
 0001:000009e0       ??0WorkflowController@@QAE@PAVQObject@@@Z 004019e0 f   workflowprotocol.obj
 0001:00000c30       ??1?$QForeachContainer@$$CBVQStringList@@@@QAE@XZ 00401c30 f i environmentvariant.obj
 0001:00000c30       ??1?$QForeachContainer@VQStringList@@@@QAE@XZ 00401c30 f i workflowprotocol.obj
 0001:00000c30       ??1QStringList@@QAE@XZ     00401c30 f i workflowprotocol.obj
 0001:00000c40       ??1?$QList@UloopControl@SubThreadWorker@@@@QAE@XZ 00401c40 f i workflowprotocol.obj
 0001:00000ca0       ??1?$QList@VQString@@@@QAE@XZ 00401ca0 f i workflowprotocol.obj
 0001:00000d30       ??1SubThreadWorker@@UAE@XZ 00401d30 f   workflowprotocol.obj
 0001:00000df0       ??1WorkflowController@@UAE@XZ 00401df0 f   workflowprotocol.obj
 0001:00000e60       ??4?$QList@UloopControl@SubThreadWorker@@@@QAEAAV0@$$QAV0@@Z 00401e60 f i workflowprotocol.obj
 0001:00000f10       ??_ERunningStateChangeEvent@@UAEPAXI@Z 00401f10 f i workflowprotocol.obj
 0001:00000f10       ??_GRunningStateChangeEvent@@UAEPAXI@Z 00401f10 f i workflowprotocol.obj
 0001:00000f40       ??_GCheckStateChangeEvent@@UAEPAXI@Z 00401f40 f i workflowChecker.obj
 0001:00000f40       ??_ECheckStateChangeEvent@@UAEPAXI@Z 00401f40 f i workflowChecker.obj
 0001:00000f40       ??_GStatusChangeEvent@@UAEPAXI@Z 00401f40 f i workflowprotocol.obj
 0001:00000f40       ??_EStatusChangeEvent@@UAEPAXI@Z 00401f40 f i workflowprotocol.obj
 0001:00000f70       ??_GSubThreadWorker@@UAEPAXI@Z 00401f70 f i workflowprotocol.obj
 0001:00000f70       ??_ESubThreadWorker@@UAEPAXI@Z 00401f70 f i workflowprotocol.obj
 0001:00000f90       ??_EWorkflowController@@UAEPAXI@Z 00401f90 f i workflowprotocol.obj
 0001:00000f90       ??_GWorkflowController@@UAEPAXI@Z 00401f90 f i workflowprotocol.obj
 0001:00001020       ?append@?$QList@UloopControl@SubThreadWorker@@@@QAEXABUloopControl@SubThreadWorker@@@Z 00402020 f i workflowprotocol.obj
 0001:000010d0       ?append@?$QList@VQString@@@@QAEXABVQString@@@Z 004020d0 f i workflowprotocol.obj
 0001:00001180       ?changeHost@SubThreadWorker@@QAEXABVQString@@G@Z 00402180 f   workflowprotocol.obj
 0001:000011a0       ?clear@?$QList@UloopControl@SubThreadWorker@@@@QAEXXZ 004021a0 f i workflowprotocol.obj
 0001:00001240       ?configProtocol@SubThreadWorker@@QAEXABVQString@@@Z 00402240 f   workflowprotocol.obj
 0001:00001250       ?dealloc@?$QList@UloopControl@SubThreadWorker@@@@AAEXPAUData@QListData@@@Z 00402250 f i workflowprotocol.obj
 0001:000012a0       ?detach_helper@?$QList@UloopControl@SubThreadWorker@@@@AAEXH@Z 004022a0 f i workflowprotocol.obj
 0001:00001370       ?detach_helper_grow@?$QList@UloopControl@SubThreadWorker@@@@AAEPAUNode@1@HH@Z 00402370 f i workflowprotocol.obj
 0001:000014c0       ?detach_helper_grow@?$QList@VQString@@@@AAEPAUNode@1@HH@Z 004024c0 f i workflowprotocol.obj
 0001:00001640       ?doTunning@SubThreadWorker@@QAEXABVQJsonObject@@@Z 00402640 f   workflowprotocol.obj
 0001:000017c0       ?doWork@SubThreadWorker@@QAEXABVQJsonObject@@@Z 004027c0 f   workflowprotocol.obj
 0001:00001b40       ?erase@?$QList@UloopControl@SubThreadWorker@@@@QAE?AViterator@1@V21@@Z 00402b40 f i workflowprotocol.obj
 0001:00001bc0       ?formatRecvFrameToJsonObject@WorkflowProtocol@@QAE_NAAVQJsonObject@@@Z 00402bc0 f   workflowprotocol.obj
 0001:00001c60       ?handleControlCommand@SubThreadWorker@@IAE_NAAVCommunication@@AAVQJsonObject@@@Z 00402c60 f   workflowprotocol.obj
 0001:000027a0       ?handleLogicalCommand@SubThreadWorker@@IAE_NAAVQJsonObject@@AAH@Z 004037a0 f   workflowprotocol.obj
 0001:00003070       ?handleLoopCommand@SubThreadWorker@@IAE_NAAVQJsonObject@@AAH@Z 00404070 f   workflowprotocol.obj
 0001:00003860       ?impl@?$QSlotObject@P8SubThreadWorker@@AEXABVQString@@G@ZU?$List@ABVQString@@G@QtPrivate@@X@QtPrivate@@CAXHPAVQSlotObjectBase@2@PAVQObject@@PAPAXPA_N@Z 00404860 f i workflowprotocol.obj
 0001:000038c0       ?impl@?$QSlotObject@P8WorkflowController@@AEXABVQString@@H@ZU?$List@ABVQString@@H@QtPrivate@@X@QtPrivate@@CAXHPAVQSlotObjectBase@2@PAVQObject@@PAPAXPA_N@Z 004048c0 f i workflowprotocol.obj
 0001:00003920       ?init@WorkflowController@@QAEXABVQString@@@Z 00404920 f   workflowprotocol.obj
 0001:00003930       ?initProtocol@WorkflowProtocol@@QAE_NABVQString@@@Z 00404930 f   workflowprotocol.obj
 0001:00003a80       ?isDummyCommand@SubThreadWorker@@IAE_NABVQString@@@Z 00404a80 f   workflowprotocol.obj
 0001:00003cd0       ?isLogicalCommand@SubThreadWorker@@IAE_NABVQString@@@Z 00404cd0 f   workflowprotocol.obj
 0001:00003ef0       ?isLoopCommand@SubThreadWorker@@IAE_NABVQString@@@Z 00404ef0 f   workflowprotocol.obj
 0001:00004140       ?node_copy@?$QList@UloopControl@SubThreadWorker@@@@AAEXPAUNode@1@00@Z 00405140 f i workflowprotocol.obj
 0001:000041e0       ?node_copy@?$QList@VQString@@@@AAEXPAUNode@1@00@Z 004051e0 f i workflowprotocol.obj
 0001:00004220       ?node_destruct@?$QList@UloopControl@SubThreadWorker@@@@AAEXPAUNode@1@0@Z 00405220 f i workflowprotocol.obj
 0001:00004250       ?node_destruct@?$QList@VQString@@@@AAEXPAUNode@1@0@Z 00405250 f i workflowprotocol.obj
 0001:00004280       ?parseAckFrame@WorkflowProtocol@@QAE_NABVQByteArray@@AAVQJsonObject@@@Z 00405280 f   workflowprotocol.obj
 0001:00004360       ?parseJsonObjectToSendFrame@WorkflowProtocol@@QAE_NABVQJsonObject@@AAV2@@Z 00405360 f   workflowprotocol.obj
 0001:00004a30       ?pauseCurrentTask@WorkflowController@@QAEXXZ 00405a30 f   workflowprotocol.obj
 0001:00004a50       ?pauseTask@SubThreadWorker@@QAEXXZ 00405a50 f   workflowprotocol.obj
 0001:00004a60       ?pop_back@?$QList@UloopControl@SubThreadWorker@@@@QAEXXZ 00405a60 f i workflowprotocol.obj
 0001:00004aa0       ?runTask@WorkflowController@@QAEXABVQJsonObject@@@Z 00405aa0 f   workflowprotocol.obj
 0001:00004af0       ?runTunning@WorkflowController@@QAEXABVQJsonObject@@@Z 00405af0 f   workflowprotocol.obj
 0001:00004b40       ?serializeSendFrame@WorkflowProtocol@@QAE?AVQByteArray@@XZ 00405b40 f   workflowprotocol.obj
 0001:00004ca0       ?sethost@WorkflowController@@QAEXABVQString@@G@Z 00405ca0 f   workflowprotocol.obj
 0001:00004cb0       ?statusChanged@WorkflowController@@QAEXABVQJsonObject@@@Z 00405cb0 f   workflowprotocol.obj
 0001:00004d50       ?stopCurrentTask@WorkflowController@@QAEXXZ 00405d50 f   workflowprotocol.obj
 0001:00004d80       ?stopTask@SubThreadWorker@@QAEXXZ 00405d80 f   workflowprotocol.obj
 0001:00004d90       ?taskStateChanged@WorkflowController@@QAEXABVQString@@H@Z 00405d90 f   workflowprotocol.obj
 0001:00004e40       ?types@?$ConnectionTypes@U?$List@ABVQJsonObject@@@QtPrivate@@$00@QtPrivate@@SAPBHXZ 00405e40 f i workflowprotocol.obj
 0001:00004ea0       ?types@?$ConnectionTypes@U?$List@ABVQString@@@QtPrivate@@$00@QtPrivate@@SAPBHXZ 00405ea0 f i workflowprotocol.obj
 0001:00004f00       ?types@?$ConnectionTypes@U?$List@ABVQString@@G@QtPrivate@@$00@QtPrivate@@SAPBHXZ 00405f00 f i workflowprotocol.obj
 0001:00004f70       ?types@?$ConnectionTypes@U?$List@ABVQString@@H@QtPrivate@@$00@QtPrivate@@SAPBHXZ 00405f70 f i workflowprotocol.obj
 0001:00004fe0       ?unserializeRecvFrame@WorkflowProtocol@@QAEXABVQByteArray@@@Z 00405fe0 f   workflowprotocol.obj
 0001:00005120       ?updateStopState@SubThreadWorker@@QAEXXZ 00406120 f   workflowprotocol.obj
 0001:00005160       ??0?$QList@PAVQObject@@@@QAE@ABV0@@Z 00406160 f i workmodels.obj
 0001:00005160       ??0?$QList@H@@QAE@ABV0@@Z  00406160 f i configfilehandler.obj
 0001:00005210       ??0?$QList@VOperationParamData@@@@QAE@ABV0@@Z 00406210 f i configfilehandler.obj
 0001:000052c0       ??0?$QList@VSingleOperationData@@@@QAE@ABV0@@Z 004062c0 f i configfilehandler.obj
 0001:00005370       ??0OperationParamData@@QAE@ABV0@@Z 00406370 f i configfilehandler.obj
 0001:000054f0       ??0OperationParamData@@QAE@ABVQString@@00ABVQStringList@@_NHH0V?$QList@H@@00HH2H@Z 004064f0 f i configfilehandler.obj
 0001:00005690       ??0OperationParamData@@QAE@XZ 00406690 f i configfilehandler.obj
 0001:00005700       ??0SingleOperationData@@QAE@ABV0@@Z 00406700 f i configfilehandler.obj
 0001:00005770       ??0configFileHandler@@QAE@PAVQObject@@@Z 00406770 f   configfilehandler.obj
 0001:000057d0       ??1?$QList@VOperationParamData@@@@QAE@XZ 004067d0 f i configfilehandler.obj
 0001:00005830       ??1?$QList@VQByteArray@@@@QAE@XZ 00406830 f i configfilehandler.obj
 0001:000058c0       ??1?$QList@VSingleOperationData@@@@QAE@XZ 004068c0 f i configfilehandler.obj
 0001:00005940       ??1?$QList@VSinglePlanData@@@@QAE@XZ 00406940 f i configfilehandler.obj
 0001:000059c0       ??1?$QMap@VQString@@V1@@@QAE@XZ 004069c0 f i configfilehandler.obj
 0001:00005a40       ??1?$QMap@VQString@@VOperationParamData@@@@QAE@XZ 00406a40 f i configfilehandler.obj
 0001:00005ae0       ??1?$QMap@VQString@@VQStringList@@@@QAE@XZ 00406ae0 f i configfilehandler.obj
 0001:00005b80       ??1OperationParamData@@QAE@XZ 00406b80 f i configfilehandler.obj
 0001:00005c30       ??1QJsonValuePtr@@QAE@XZ   00406c30 f i configfilehandler.obj
 0001:00005c40       ??1SingleOperationData@@QAE@XZ 00406c40 f i configfilehandler.obj
 0001:00005cb0       ??1SinglePlanData@@QAE@XZ  00406cb0 f i configfilehandler.obj
 0001:00005d40       ??1configFileHandler@@UAE@XZ 00406d40 f i configfilehandler.obj
 0001:00005d60       ??4?$QList@PAVQObject@@@@QAEAAV0@$$QAV0@@Z 00406d60 f i workmodels.obj
 0001:00005d60       ??4?$QList@H@@QAEAAV0@$$QAV0@@Z 00406d60 f i configfilehandler.obj
 0001:00005de0       ??4?$QList@VSinglePlanData@@@@QAEAAV0@$$QAV0@@Z 00406de0 f i configfilehandler.obj
 0001:00005e80       ??4OperationParamData@@QAEAAV0@ABV0@@Z 00406e80 f i configfilehandler.obj
 0001:00005fa0       ??4QStringList@@QAEAAV0@ABV0@@Z 00406fa0 f i configfilehandler.obj
 0001:00005fe0       ??9@YA_NABVQByteArray@@PBD@Z 00406fe0 f i configfilehandler.obj
 0001:00006050       ??A?$QList@VQString@@@@QAEAAVQString@@H@Z 00407050 f i configfilehandler.obj
 0001:00006080       ??A?$QMap@VQString@@V1@@@QAEAAVQString@@ABV1@@Z 00407080 f i configfilehandler.obj
 0001:00006140       ??A?$QMap@VQString@@VOperationParamData@@@@QAEAAVOperationParamData@@ABVQString@@@Z 00407140 f i configfilehandler.obj
 0001:00006200       ??A?$QMap@VQString@@VOperationParamData@@@@QBE?BVOperationParamData@@ABVQString@@@Z 00407200 f i configfilehandler.obj
 0001:00006270       ??A?$QMap@VQString@@VQStringList@@@@QAEAAVQStringList@@ABVQString@@@Z 00407270 f i configfilehandler.obj
 0001:00006330       ??Cconst_iterator@QJsonArray@@QBE?AVQJsonValuePtr@@XZ 00407330 f i configfilehandler.obj
 0001:000063a0       ??H@YA?BVQString@@ABV0@D@Z 004073a0 f i configfilehandler.obj
 0001:00006420       ??H@YA?BVQString@@ABV0@PBD@Z 00407420 f i configfilehandler.obj
 0001:000064b0       ??H@YA?BVQString@@PBDABV0@@Z 004074b0 f i configfilehandler.obj
 0001:00006520       ??_GSingleOperationData@@QAEPAXI@Z 00407520 f i configfilehandler.obj
 0001:000065a0       ??_GSinglePlanData@@QAEPAXI@Z 004075a0 f i configfilehandler.obj
 0001:00006640       ??_GconfigFileHandler@@UAEPAXI@Z 00407640 f i configfilehandler.obj
 0001:00006640       ??_EconfigFileHandler@@UAEPAXI@Z 00407640 f i configfilehandler.obj
 0001:00006670       ?ConvertCSVtoJSON@configFileHandler@@QAE_NABVQString@@0@Z 00407670 f   configfilehandler.obj
 0001:00006860       ?ConvertJSONtoCSV@configFileHandler@@QAE_NABVQString@@0@Z 00407860 f   configfilehandler.obj
 0001:00006b50       ?GetLicense@configFileHandler@@QAE?AVQString@@XZ 00407b50 f   configfilehandler.obj
 0001:00006be0       ?ImportConfig@configFileHandler@@QAE_NAAVQJsonObject@@ABVQByteArray@@@Z 00407be0 f   configfilehandler.obj
 0001:00006d50       ?ImportPlan@configFileHandler@@QAE_NABV?$QList@VQByteArray@@@@AAVQJsonObject@@AAH2@Z 00407d50 f   configfilehandler.obj
 0001:00007880       ?ImportWorkSpace@configFileHandler@@QAE_NABV?$QList@VQByteArray@@@@AAVQJsonObject@@AAH2@Z 00408880 f   configfilehandler.obj
 0001:00008200       ?ParseHostIP@configFileHandler@@QAE?AVQString@@XZ 00409200 f   configfilehandler.obj
 0001:000082d0       ?ParseHostPort@configFileHandler@@QAEFXZ 004092d0 f   configfilehandler.obj
 0001:000083b0       ?ParseHostSingleOperationThreshold@configFileHandler@@QAEHXZ 004093b0 f   configfilehandler.obj
 0001:00008490       ?ParseListMap@configFileHandler@@QAE?AV?$QMap@VQString@@VQStringList@@@@ABVQString@@@Z 00409490 f   configfilehandler.obj
 0001:00008730       ?ParseMap@configFileHandler@@QAE?AV?$QMap@VQString@@V1@@@ABVQString@@@Z 00409730 f   configfilehandler.obj
 0001:00008880       ?ParseMapRevertKeyValue@configFileHandler@@QAE?AV?$QMap@VQString@@V1@@@ABVQString@@@Z 00409880 f   configfilehandler.obj
 0001:000089e0       ?ParseParamValue@configFileHandler@@QAE?AV?$QMap@VQString@@VOperationParamData@@@@ABVQString@@@Z 004099e0 f   configfilehandler.obj
 0001:00009c80       ?ParsePlan@configFileHandler@@QAE?AVQString@@ABVQJsonArray@@@Z 0040ac80 f   configfilehandler.obj
 0001:0000a570       ?ParsePlanList@configFileHandler@@QAEXAAV?$QList@VSinglePlanData@@@@ABV?$QMap@VQString@@VOperationParamData@@@@@Z 0040b570 f   configfilehandler.obj
 0001:0000b0d0       ?ParseWorkPlaceConstraint@configFileHandler@@QAE?AVQJsonArray@@XZ 0040c0d0 f   configfilehandler.obj
 0001:0000b160       ?ParseWorkSpace@configFileHandler@@QAE?AVQString@@ABVQJsonObject@@@Z 0040c160 f   configfilehandler.obj
 0001:0000b740       ?ParseWorkSpaceTypeList@configFileHandler@@QAEXAAVQJsonObject@@@Z 0040c740 f   configfilehandler.obj
 0001:0000b7e0       ?SaveMachineConfig@configFileHandler@@QAE_NABVQString@@ABVMachineConfigData@@ABVQJsonObject@@@Z 0040c7e0 f   configfilehandler.obj
 0001:0000bbb0       ?SavePlanList@configFileHandler@@QAE_NABVQString@@ABV?$QList@VSinglePlanData@@@@ABV?$QMap@VQString@@VQStringList@@@@@Z 0040cbb0 f   configfilehandler.obj
 0001:0000c480       ?append@?$QList@H@@QAEXABH@Z 0040d480 f i configfilehandler.obj
 0001:0000c480       ?append@?$QList@PAVQObject@@@@QAEXABQAVQObject@@@Z 0040d480 f i workmodels.obj
 0001:0000c510       ?append@?$QList@VOperationParamData@@@@QAEXABVOperationParamData@@@Z 0040d510 f i configfilehandler.obj
 0001:0000c5d0       ?append@?$QList@VSingleOperationData@@@@QAEXABVSingleOperationData@@@Z 0040d5d0 f i configfilehandler.obj
 0001:0000c6b0       ?append@?$QList@VSinglePlanData@@@@QAEXABVSinglePlanData@@@Z 0040d6b0 f i configfilehandler.obj
 0001:0000c790       ?clear@?$QList@VSinglePlanData@@@@QAEXXZ 0040d790 f i configfilehandler.obj
 0001:0000c820       ?convertASCIIToString@configFileHandler@@QAE?AVQString@@ABV2@@Z 0040d820 f   configfilehandler.obj
 0001:0000c990       ?convertStringToASCII@configFileHandler@@QAE?AVQString@@ABV2@@Z 0040d990 f   configfilehandler.obj
 0001:0000cad0       ?copy@?$QMapNode@VQString@@V1@@@QBEPAU1@PAU?$QMapData@VQString@@V1@@@@Z 0040dad0 f i configfilehandler.obj
 0001:0000cb50       ?copy@?$QMapNode@VQString@@VOperationParamData@@@@QBEPAU1@PAU?$QMapData@VQString@@VOperationParamData@@@@@Z 0040db50 f i configfilehandler.obj
 0001:0000cbd0       ?copy@?$QMapNode@VQString@@VQStringList@@@@QBEPAU1@PAU?$QMapData@VQString@@VQStringList@@@@@Z 0040dbd0 f i configfilehandler.obj
 0001:0000cc50       ?createNode@?$QMapData@VQString@@V1@@@QAEPAU?$QMapNode@VQString@@V1@@@ABVQString@@0PAU2@_N@Z 0040dc50 f i configfilehandler.obj
 0001:0000cc90       ?createNode@?$QMapData@VQString@@VOperationParamData@@@@QAEPAU?$QMapNode@VQString@@VOperationParamData@@@@ABVQString@@ABVOperationParamData@@PAU2@_N@Z 0040dc90 f i configfilehandler.obj
 0001:0000cd50       ?createNode@?$QMapData@VQString@@VQStringList@@@@QAEPAU?$QMapNode@VQString@@VQStringList@@@@ABVQString@@ABVQStringList@@PAU2@_N@Z 0040dd50 f i configfilehandler.obj
 0001:0000ce10       ?dealloc@?$QList@VOperationParamData@@@@AAEXPAUData@QListData@@@Z 0040de10 f i configfilehandler.obj
 0001:0000ce70       ?destroySubTree@?$QMapNode@VQString@@V1@@@QAEXXZ 0040de70 f i configfilehandler.obj
 0001:0000cea0       ?destroySubTree@?$QMapNode@VQString@@VOperationParamData@@@@QAEXXZ 0040dea0 f i configfilehandler.obj
 0001:0000ced0       ?destroySubTree@?$QMapNode@VQString@@VQStringList@@@@QAEXXZ 0040ded0 f i configfilehandler.obj
 0001:0000cf00       ?detach_helper@?$QList@VQByteArray@@@@AAEXH@Z 0040df00 f i configfilehandler.obj
 0001:0000cff0       ?detach_helper@?$QList@VQString@@@@AAEXH@Z 0040dff0 f i configfilehandler.obj
 0001:0000d0e0       ?detach_helper@?$QMap@VQString@@V1@@@AAEXXZ 0040e0e0 f i configfilehandler.obj
 0001:0000d160       ?detach_helper@?$QMap@VQString@@VOperationParamData@@@@AAEXXZ 0040e160 f i configfilehandler.obj
 0001:0000d200       ?detach_helper@?$QMap@VQString@@VQStringList@@@@AAEXXZ 0040e200 f i configfilehandler.obj
 0001:0000d2a0       ?detach_helper_grow@?$QList@H@@AAEPAUNode@1@HH@Z 0040e2a0 f i configfilehandler.obj
 0001:0000d2a0       ?detach_helper_grow@?$QList@PAVQObject@@@@AAEPAUNode@1@HH@Z 0040e2a0 f i workmodels.obj
 0001:0000d3e0       ?detach_helper_grow@?$QList@VOperationParamData@@@@AAEPAUNode@1@HH@Z 0040e3e0 f i configfilehandler.obj
 0001:0000d530       ?detach_helper_grow@?$QList@VSingleOperationData@@@@AAEPAUNode@1@HH@Z 0040e530 f i configfilehandler.obj
 0001:0000d6a0       ?detach_helper_grow@?$QList@VSinglePlanData@@@@AAEPAUNode@1@HH@Z 0040e6a0 f i configfilehandler.obj
 0001:0000d810       ?fromChar@configFileHandler@@QAEEVQChar@@@Z 0040e810 f   configfilehandler.obj
 0001:0000d950       ?insert@?$QMap@VQString@@V1@@@QAE?AViterator@1@ABVQString@@0@Z 0040e950 f i configfilehandler.obj
 0001:0000da20       ?insert@?$QMap@VQString@@VOperationParamData@@@@QAE?AViterator@1@ABVQString@@ABVOperationParamData@@@Z 0040ea20 f i configfilehandler.obj
 0001:0000daf0       ?insert@?$QMap@VQString@@VQStringList@@@@QAE?AViterator@1@ABVQString@@ABVQStringList@@@Z 0040eaf0 f i configfilehandler.obj
 0001:0000dbe0       ?key@iterator@QJsonObject@@QBE?AVQString@@XZ 0040ebe0 f i configfilehandler.obj
 0001:0000dc00       ?loadConfigFile@configFileHandler@@QAE_NABVQString@@@Z 0040ec00 f   configfilehandler.obj
 0001:0000dd00       ?node_copy@?$QList@VOperationParamData@@@@AAEXPAUNode@1@00@Z 0040ed00 f i configfilehandler.obj
 0001:0000ddd0       ?node_copy@?$QList@VQByteArray@@@@AAEXPAUNode@1@00@Z 0040edd0 f i configfilehandler.obj
 0001:0000de10       ?node_copy@?$QList@VSingleOperationData@@@@AAEXPAUNode@1@00@Z 0040ee10 f i configfilehandler.obj
 0001:0000dee0       ?node_copy@?$QList@VSinglePlanData@@@@AAEXPAUNode@1@00@Z 0040eee0 f i configfilehandler.obj
 0001:0000dfb0       ?node_destruct@?$QList@VOperationParamData@@@@AAEXPAUNode@1@0@Z 0040efb0 f i configfilehandler.obj
 0001:0000dff0       ?node_destruct@?$QList@VSingleOperationData@@@@AAEXPAUNode@1@0@Z 0040eff0 f i configfilehandler.obj
 0001:0000e090       ?node_destruct@?$QList@VSingleOperationData@@@@AAEXPAUNode@1@@Z 0040f090 f i configfilehandler.obj
 0001:0000e110       ?node_destruct@?$QList@VSinglePlanData@@@@AAEXPAUNode@1@0@Z 0040f110 f i configfilehandler.obj
 0001:0000e1d0       ?toChar@configFileHandler@@QAE?AVQChar@@E@Z 0040f1d0 f   configfilehandler.obj
 0001:0000e320       ?toList@configFileHandler@@QAE?AVQStringList@@ABVQString@@@Z 0040f320 f   configfilehandler.obj
 0001:0000e400       ?value@?$QMap@VQString@@VOperationParamData@@@@QBE?BVOperationParamData@@ABVQString@@ABV2@@Z 0040f400 f i configfilehandler.obj
 0001:0000e470       ??0EnvironmentVariant@@AAE@XZ 0040f470 f i environmentvariant.obj
 0001:0000e5e0       ??0SingleOperationData@@QAE@$$QAV0@@Z 0040f5e0 f i environmentvariant.obj
 0001:0000e610       ??1?$QForeachContainer@$$CBV?$QList@VOperationParamData@@@@@@QAE@XZ 0040f610 f i environmentvariant.obj
 0001:0000e610       ??1?$QForeachContainer@V?$QList@VOperationParamData@@@@@@QAE@XZ 0040f610 f i configfilehandler.obj
 0001:0000e670       ??1?$QForeachContainer@$$CBV?$QList@VSingleOperationData@@@@@@QAE@XZ 0040f670 f i environmentvariant.obj
 0001:0000e6f0       ??1AdministratorChecker@@UAE@XZ 0040f6f0 f i environmentvariant.obj
 0001:0000e6f0       ??1ConfigFileConverter@@UAE@XZ 0040f6f0 f i environmentvariant.obj
 0001:0000e700       ??1EnvironmentVariant@@EAE@XZ 0040f700 f i environmentvariant.obj
 0001:0000e8f0       ??1MachineConfigData@@QAE@XZ 0040f8f0 f i environmentvariant.obj
 0001:0000e910       ??1TargetMachineObject@@UAE@XZ 0040f910 f i environmentvariant.obj
 0001:0000e930       ??4?$QList@VSingleOperationData@@@@QAEAAV0@ABV0@@Z 0040f930 f i environmentvariant.obj
 0001:0000e9d0       ??4QStringList@@QAEAAV0@$$QAV0@@Z 0040f9d0 f i environmentvariant.obj
 0001:0000ea00       ??4SingleOperationData@@QAEAAV0@$$QAV0@@Z 0040fa00 f i environmentvariant.obj
 0001:0000ea90       ??4SingleOperationData@@QAEAAV0@ABV0@@Z 0040fa90 f i environmentvariant.obj
 0001:0000eb30       ??A?$QList@H@@QAEAAHH@Z    0040fb30 f i environmentvariant.obj
 0001:0000eb60       ??A?$QList@VSingleOperationData@@@@QAEAAVSingleOperationData@@H@Z 0040fb60 f i environmentvariant.obj
 0001:0000eb90       ??H@YA?BVQString@@ABV0@0@Z 0040fb90 f i environmentvariant.obj
 0001:0000ec00       ??Y?$QList@VQString@@@@QAEAAV0@ABV0@@Z 0040fc00 f i environmentvariant.obj
 0001:0000ed00       ??_EAdministratorChecker@@UAEPAXI@Z 0040fd00 f i environmentvariant.obj
 0001:0000ed00       ??_GAdministratorChecker@@UAEPAXI@Z 0040fd00 f i environmentvariant.obj
 0001:0000ed30       ??_GConfigFileConverter@@UAEPAXI@Z 0040fd30 f i environmentvariant.obj
 0001:0000ed30       ??_EConfigFileConverter@@UAEPAXI@Z 0040fd30 f i environmentvariant.obj
 0001:0000ed60       ??_EEnvironmentVariant@@EAEPAXI@Z 0040fd60 f i environmentvariant.obj
 0001:0000ed60       ??_GEnvironmentVariant@@EAEPAXI@Z 0040fd60 f i environmentvariant.obj
 0001:0000ed90       ??_ETargetMachineObject@@UAEPAXI@Z 0040fd90 f i environmentvariant.obj
 0001:0000ed90       ??_GTargetMachineObject@@UAEPAXI@Z 0040fd90 f i environmentvariant.obj
 0001:0000edd0       ?AddPlan@EnvironmentVariant@@QAEXABVQString@@@Z 0040fdd0 f   environmentvariant.obj
 0001:0000eef0       ?AddPlanStep@EnvironmentVariant@@QAEXHHH@Z 0040fef0 f   environmentvariant.obj
 0001:0000f090       ?CopyPlanStep@EnvironmentVariant@@QAE?AVQString@@HHH@Z 00410090 f   environmentvariant.obj
 0001:0000f1a0       ?ExportConfig@EnvironmentVariant@@QAE_NABVQString@@@Z 004101a0 f   environmentvariant.obj
 0001:0000f260       ?ImportConfig@EnvironmentVariant@@QAE_NABVQString@@@Z 00410260 f   environmentvariant.obj
 0001:0000f330       ?LogicalControlList@EnvironmentVariant@@QAE?AVQStringList@@XZ 00410330 f   environmentvariant.obj
 0001:0000f4d0       ?MovePlanStep@EnvironmentVariant@@QAEXHHH@Z 004104d0 f   environmentvariant.obj
 0001:0000f5b0       ?OperationNameList@EnvironmentVariant@@QAE?AVQStringList@@XZ 004105b0 f   environmentvariant.obj
 0001:0000f750       ?PausePlan@EnvironmentVariant@@QAEXXZ 00410750 f   environmentvariant.obj
 0001:0000f760       ?PlanList@EnvironmentVariant@@QAE?AVQStringList@@XZ 00410760 f   environmentvariant.obj
 0001:0000f820       ?RemovePlan@EnvironmentVariant@@QAEXH@Z 00410820 f   environmentvariant.obj
 0001:0000f850       ?RemovePlanStep@EnvironmentVariant@@QAEXHH@Z 00410850 f   environmentvariant.obj
 0001:0000f8b0       ?SaveMachineConfig@EnvironmentVariant@@QAE_NABVMachineConfigData@@@Z 004108b0 f   environmentvariant.obj
 0001:0000f9b0       ?SavePlan@EnvironmentVariant@@QAE_NXZ 004109b0 f   environmentvariant.obj
 0001:0000fa30       ?SetPlanName@EnvironmentVariant@@QAEXHABVQString@@@Z 00410a30 f   environmentvariant.obj
 0001:0000fa80       ?SetPlanStepSingleParam@EnvironmentVariant@@QAEXHHABVQString@@ABVQVariant@@@Z 00410a80 f   environmentvariant.obj
 0001:0000fc20       ?SetPlanStepToDefault@EnvironmentVariant@@QAEXHHH@Z 00410c20 f   environmentvariant.obj
 0001:0000fcf0       ?StartPlan@EnvironmentVariant@@QAEXHH@Z 00410cf0 f   environmentvariant.obj
 0001:00010600       ?StartTunning@EnvironmentVariant@@QAEXABVSingleOperationData@@@Z 00411600 f   environmentvariant.obj
 0001:00010ca0       ?StepList@EnvironmentVariant@@QAE?AVQStringList@@H@Z 00411ca0 f   environmentvariant.obj
 0001:000110e0       ?StopPlan@EnvironmentVariant@@QAEXXZ 004120e0 f   environmentvariant.obj
 0001:000110f0       ?begin@?$QList@VOperationParamData@@@@QAE?AViterator@1@XZ 004120f0 f i environmentvariant.obj
 0001:00011120       ?calculateLicense@EnvironmentVariant@@QAEXABVQString@@@Z 00412120 f   environmentvariant.obj
 0001:00011250       ?contains@?$QMap@VQString@@VQStringList@@@@QBE_NABVQString@@@Z 00412250 f i environmentvariant.obj
 0001:00011290       ?copyStep@EnvironmentVariant@@QAEXHH@Z 00412290 f   environmentvariant.obj
 0001:00011310       ?defaultValue@EnvironmentVariant@@QAE?AVSingleOperationData@@ABVQString@@@Z 00412310 f   environmentvariant.obj
 0001:00011540       ?detach_helper@?$QList@H@@AAEXH@Z 00412540 f i environmentvariant.obj
 0001:00011610       ?detach_helper@?$QList@VOperationParamData@@@@AAEXH@Z 00412610 f i environmentvariant.obj
 0001:000116e0       ?detach_helper@?$QList@VSingleOperationData@@@@AAEXH@Z 004126e0 f i environmentvariant.obj
 0001:000117c0       ?detach_helper@?$QList@VSinglePlanData@@@@AAEXH@Z 004127c0 f i environmentvariant.obj
 0001:000118d0       ?formatTipMotion@EnvironmentVariant@@QAEXABVSingleOperationData@@AAVQJsonArray@@@Z 004128d0 f   environmentvariant.obj
 0001:000135e0       ?getBoardTypeIndexByPosition@EnvironmentVariant@@QAEHH@Z 004145e0 f   environmentvariant.obj
 0001:00013890       ?getOperationIndex@EnvironmentVariant@@QAEHABVQString@@@Z 00414890 f   environmentvariant.obj
 0001:00013900       ?getOperationParams@EnvironmentVariant@@QAE?AV?$QList@VOperationParamData@@@@H@Z 00414900 f   environmentvariant.obj
 0001:00013ae0       ?getPlanBoardTypeIndexByPosition@EnvironmentVariant@@QAEHHH@Z 00414ae0 f   environmentvariant.obj
 0001:00013e20       ?getWorkLocationTypeList@EnvironmentVariant@@QAE?AVQJsonObject@@XZ 00414e20 f   environmentvariant.obj
 0001:00013e40       ?initModels@EnvironmentVariant@@QAEXPAVQQmlContext@@@Z 00414e40 f   environmentvariant.obj
 0001:00013fa0       ?initProtocol@EnvironmentVariant@@QAEXABVQString@@@Z 00414fa0 f   environmentvariant.obj
 0001:00014010       ?initUserConfig@EnvironmentVariant@@QAEXABVQString@@@Z 00415010 f   environmentvariant.obj
 0001:00014130       ?insert@?$QList@VSingleOperationData@@@@QAEXHABVSingleOperationData@@@Z 00415130 f i environmentvariant.obj
 0001:00014210       ?instance@EnvironmentVariant@@SAPAV1@XZ 00415210 f   environmentvariant.obj
 0001:00014270       ?parseConfigFile@EnvironmentVariant@@QAEXABVQString@@@Z 00415270 f   environmentvariant.obj
 0001:00014950       ?pasteStep@EnvironmentVariant@@QAEXHH@Z 00415950 f   environmentvariant.obj
 0001:000149c0       ?planBoardConfig@EnvironmentVariant@@QAEHH@Z 004159c0 f   environmentvariant.obj
 0001:00014ae0       ?planSelectStepListModel@EnvironmentVariant@@QAE?AVQStringList@@H@Z 00415ae0 f   environmentvariant.obj
 0001:00014ee0       ?planStepParam@EnvironmentVariant@@QAE?AVSingleOperationData@@HH@Z 00415ee0 f   environmentvariant.obj
 0001:00015240       ?removeAt@?$QList@VSingleOperationData@@@@QAEXH@Z 00416240 f i environmentvariant.obj
 0001:00015290       ?removeAt@?$QList@VSinglePlanData@@@@QAEXH@Z 00416290 f i environmentvariant.obj
 0001:000152f0       ?removeBoardIndex@EnvironmentVariant@@QAE_NH@Z 004162f0 f   environmentvariant.obj
 0001:00015380       ?setAdministrator@AdministratorChecker@@QAEX_N@Z 00416380 f i environmentvariant.obj
 0001:000153a0       ?setIpAddress@TargetMachineObject@@QAEXABVQString@@@Z 004163a0 f i environmentvariant.obj
 0001:000153e0       ?setLicenseNumber@TargetMachineObject@@QAEXABVQString@@@Z 004163e0 f i environmentvariant.obj
 0001:00015420       ?setMaxReceiveTime@TargetMachineObject@@QAEXH@Z 00416420 f i environmentvariant.obj
 0001:00015440       ?setPlanBoardConfig@EnvironmentVariant@@QAEXHH@Z 00416440 f   environmentvariant.obj
 0001:000154b0       ?setPort@TargetMachineObject@@QAEXF@Z 004164b0 f i environmentvariant.obj
 0001:000154d0       ?setWorkLocationType@EnvironmentVariant@@QAE_NHHABVQString@@@Z 004164d0 f   environmentvariant.obj
 0001:00015920       ?startCheckPlan@EnvironmentVariant@@QAEXH@Z 00416920 f   environmentvariant.obj
 0001:000162a0       ?stopCheckPlan@EnvironmentVariant@@QAEXXZ 004172a0 f   environmentvariant.obj
 0001:000162b0       ?updateWorkPlace@EnvironmentVariant@@QAE_NABVQJsonObject@@@Z 004172b0 f   environmentvariant.obj
 0001:00016300       ??$connect@P8QQmlEngine@@AEXXZP6AXXZ@QObject@@SA?AVConnection@QMetaObject@@PBVQQmlEngine@@P83@AEXXZPBV0@P6AXXZW4ConnectionType@Qt@@@Z 00417300 f i main.obj
 0001:00016360       ??$createInto@VOperationParamObject@@@QQmlPrivate@@YAXPAX@Z 00417360 f i main.obj
 0001:000163c0       ??$createInto@VOperationParamSelector@@@QQmlPrivate@@YAXPAX@Z 004173c0 f i main.obj
 0001:00016420       ??$createInto@VPlanController@@@QQmlPrivate@@YAXPAX@Z 00417420 f i main.obj
 0001:00016480       ??$createInto@VPlanSelector@@@QQmlPrivate@@YAXPAX@Z 00417480 f i main.obj
 0001:000164e0       ??$createInto@VStatusViewWatcher@@@QQmlPrivate@@YAXPAX@Z 004174e0 f i main.obj
 0001:00016540       ??$createInto@VTextFieldDoubleValidator@@@QQmlPrivate@@YAXPAX@Z 00417540 f i main.obj
 0001:000165a0       ??$createInto@VWorkLocationManager@@@QQmlPrivate@@YAXPAX@Z 004175a0 f i main.obj
 0001:00016600       ??$qRegisterNormalizedMetaType@PAVOperationParamObject@@@@YAHABVQByteArray@@PAPAVOperationParamObject@@W4DefinedType@?$MetaTypeDefinedHelper@PAVOperationParamObject@@$00@QtPrivate@@@Z 00417600 f i main.obj
 0001:00016660       ??$qRegisterNormalizedMetaType@PAVOperationParamSelector@@@@YAHABVQByteArray@@PAPAVOperationParamSelector@@W4DefinedType@?$MetaTypeDefinedHelper@PAVOperationParamSelector@@$00@QtPrivate@@@Z 00417660 f i main.obj
 0001:000166c0       ??$qRegisterNormalizedMetaType@PAVPlanController@@@@YAHABVQByteArray@@PAPAVPlanController@@W4DefinedType@?$MetaTypeDefinedHelper@PAVPlanController@@$00@QtPrivate@@@Z 004176c0 f i main.obj
 0001:00016720       ??$qRegisterNormalizedMetaType@PAVPlanSelector@@@@YAHABVQByteArray@@PAPAVPlanSelector@@W4DefinedType@?$MetaTypeDefinedHelper@PAVPlanSelector@@$00@QtPrivate@@@Z 00417720 f i main.obj
 0001:00016780       ??$qRegisterNormalizedMetaType@PAVStatusViewWatcher@@@@YAHABVQByteArray@@PAPAVStatusViewWatcher@@W4DefinedType@?$MetaTypeDefinedHelper@PAVStatusViewWatcher@@$00@QtPrivate@@@Z 00417780 f i main.obj
 0001:000167e0       ??$qRegisterNormalizedMetaType@PAVTextFieldDoubleValidator@@@@YAHABVQByteArray@@PAPAVTextFieldDoubleValidator@@W4DefinedType@?$MetaTypeDefinedHelper@PAVTextFieldDoubleValidator@@$00@QtPrivate@@@Z 004177e0 f i main.obj
 0001:00016840       ??$qRegisterNormalizedMetaType@PAVWorkLocationManager@@@@YAHABVQByteArray@@PAPAVWorkLocationManager@@W4DefinedType@?$MetaTypeDefinedHelper@PAVWorkLocationManager@@$00@QtPrivate@@@Z 00417840 f i main.obj
 0001:000168a0       ??$qmlRegisterType@VOperationParamObject@@@@YAHPBDHH0@Z 004178a0 f i main.obj
 0001:00016b50       ??$qmlRegisterType@VOperationParamSelector@@@@YAHPBDHH0@Z 00417b50 f i main.obj
 0001:00016e30       ??$qmlRegisterType@VPlanController@@@@YAHPBDHH0@Z 00417e30 f i main.obj
 0001:000170e0       ??$qmlRegisterType@VPlanSelector@@@@YAHPBDHH0@Z 004180e0 f i main.obj
 0001:00017390       ??$qmlRegisterType@VStatusViewWatcher@@@@YAHPBDHH0@Z 00418390 f i main.obj
 0001:00017640       ??$qmlRegisterType@VTextFieldDoubleValidator@@@@YAHPBDHH0@Z 00418640 f i main.obj
 0001:000178f0       ??$qmlRegisterType@VWorkLocationManager@@@@YAHPBDHH0@Z 004188f0 f i main.obj
 0001:00017ba0       ??0CComBSTR@ATL@@QAE@PBD@Z 00418ba0 f i main.obj
 0001:00017c30       ??1?$CAtlSafeAllocBufferManager@VCCRTAllocator@ATL@@@_ATL_SAFE_ALLOCA_IMPL@ATL@@QAE@XZ 00418c30 f i main.obj
 0001:00017c60       ??1?$CComPtr@UINetFwMgr@@@ATL@@QAE@XZ 00418c60 f i main.obj
 0001:00017c60       ??1?$CComPtr@UINetFwAuthorizedApplication@@@ATL@@QAE@XZ 00418c60 f i main.obj
 0001:00017c60       ??1?$CComPtr@UINetFwPolicy@@@ATL@@QAE@XZ 00418c60 f i main.obj
 0001:00017c60       ??1?$CComPtr@UINetFwAuthorizedApplications@@@ATL@@QAE@XZ 00418c60 f i main.obj
 0001:00017c60       ??1?$CComPtr@UINetFwProfile@@@ATL@@QAE@XZ 00418c60 f i main.obj
 0001:00017ca0       ??1?$QList@H@@QAE@XZ       00418ca0 f i configfilehandler.obj
 0001:00017ca0       ??1?$QList@PAVQObject@@@@QAE@XZ 00418ca0 f i main.obj
 0001:00017d00       ??1?$QVarLengthArray@D$0EA@@@QAE@XZ 00418d00 f i main.obj
 0001:00017d00       ??1?$QVarLengthArray@D$0DA@@@QAE@XZ 00418d00 f i main.obj
 0001:00017d20       ??1?$basic_string@DU?$char_traits@D@std@@V?$allocator@D@2@@std@@QAE@XZ 00418d20 f i main.obj
 0001:00017d60       ??1CComBSTR@ATL@@QAE@XZ    00418d60 f i main.obj
 0001:00017d70       ??1OperationParamSelector@@UAE@XZ 00418d70 f i main.obj
 0001:00017e20       ??1RegisterType@QQmlPrivate@@QAE@XZ 00418e20 f i main.obj
 0001:00017e30       ??_G?$QQmlElement@VOperationParamObject@@@QQmlPrivate@@UAEPAXI@Z 00418e30 f i main.obj
 0001:00017e30       ??_E?$QQmlElement@VOperationParamObject@@@QQmlPrivate@@UAEPAXI@Z 00418e30 f i main.obj
 0001:00017eb0       ??_G?$QQmlElement@VOperationParamSelector@@@QQmlPrivate@@UAEPAXI@Z 00418eb0 f i main.obj
 0001:00017eb0       ??_E?$QQmlElement@VOperationParamSelector@@@QQmlPrivate@@UAEPAXI@Z 00418eb0 f i main.obj
 0001:00017f20       ??_G?$QQmlElement@VPlanController@@@QQmlPrivate@@UAEPAXI@Z 00418f20 f i main.obj
 0001:00017f20       ??_E?$QQmlElement@VPlanController@@@QQmlPrivate@@UAEPAXI@Z 00418f20 f i main.obj
 0001:00017f90       ??_E?$QQmlElement@VPlanSelector@@@QQmlPrivate@@UAEPAXI@Z 00418f90 f i main.obj
 0001:00017f90       ??_G?$QQmlElement@VPlanSelector@@@QQmlPrivate@@UAEPAXI@Z 00418f90 f i main.obj
 0001:00018000       ??_G?$QQmlElement@VStatusViewWatcher@@@QQmlPrivate@@UAEPAXI@Z 00419000 f i main.obj
 0001:00018000       ??_E?$QQmlElement@VStatusViewWatcher@@@QQmlPrivate@@UAEPAXI@Z 00419000 f i main.obj
 0001:00018070       ??_E?$QQmlElement@VTextFieldDoubleValidator@@@QQmlPrivate@@UAEPAXI@Z 00419070 f i main.obj
 0001:00018070       ??_G?$QQmlElement@VTextFieldDoubleValidator@@@QQmlPrivate@@UAEPAXI@Z 00419070 f i main.obj
 0001:000180e0       ??_G?$QQmlElement@VWorkLocationManager@@@QQmlPrivate@@UAEPAXI@Z 004190e0 f i main.obj
 0001:000180e0       ??_E?$QQmlElement@VWorkLocationManager@@@QQmlPrivate@@UAEPAXI@Z 004190e0 f i main.obj
 0001:00018150       ??_EOperationParamObject@@UAEPAXI@Z 00419150 f i main.obj
 0001:00018150       ??_GOperationParamObject@@UAEPAXI@Z 00419150 f i main.obj
 0001:00018180       ?AtlThrowImpl@ATL@@YGXJ@Z  00419180 f i main.obj
 0001:000181a0       ?Construct@?$QMetaTypeFunctionHelper@PAVPlanSelector@@$00@QtMetaTypePrivate@@SAPAXPAXPBX@Z 004191a0 f i main.obj
 0001:000181a0       ?Construct@?$QMetaTypeFunctionHelper@PAVOperationParamSelector@@$00@QtMetaTypePrivate@@SAPAXPAXPBX@Z 004191a0 f i main.obj
 0001:000181a0       ?Construct@?$QMetaTypeFunctionHelper@PAVPlanController@@$00@QtMetaTypePrivate@@SAPAXPAXPBX@Z 004191a0 f i main.obj
 0001:000181a0       ?Construct@?$QMetaTypeFunctionHelper@PAVTextFieldDoubleValidator@@$00@QtMetaTypePrivate@@SAPAXPAXPBX@Z 004191a0 f i main.obj
 0001:000181a0       ?Construct@?$QMetaTypeFunctionHelper@PAVStatusViewWatcher@@$00@QtMetaTypePrivate@@SAPAXPAXPBX@Z 004191a0 f i main.obj
 0001:000181a0       ?Construct@?$QMetaTypeFunctionHelper@PAVOperationParamObject@@$00@QtMetaTypePrivate@@SAPAXPAXPBX@Z 004191a0 f i main.obj
 0001:000181a0       ?Construct@?$QMetaTypeFunctionHelper@PAVWorkLocationManager@@$00@QtMetaTypePrivate@@SAPAXPAXPBX@Z 004191a0 f i main.obj
 0001:000181d0       ?Construct@?$QMetaTypeFunctionHelper@V?$QQmlListProperty@VStatusViewWatcher@@@@$00@QtMetaTypePrivate@@SAPAXPAXPBX@Z 004191d0 f i main.obj
 0001:000181d0       ?Construct@?$QMetaTypeFunctionHelper@V?$QQmlListProperty@VPlanController@@@@$00@QtMetaTypePrivate@@SAPAXPAXPBX@Z 004191d0 f i main.obj
 0001:000181d0       ?Construct@?$QMetaTypeFunctionHelper@V?$QQmlListProperty@VTextFieldDoubleValidator@@@@$00@QtMetaTypePrivate@@SAPAXPAXPBX@Z 004191d0 f i main.obj
 0001:000181d0       ?Construct@?$QMetaTypeFunctionHelper@V?$QQmlListProperty@VOperationParamSelector@@@@$00@QtMetaTypePrivate@@SAPAXPAXPBX@Z 004191d0 f i main.obj
 0001:000181d0       ?Construct@?$QMetaTypeFunctionHelper@V?$QQmlListProperty@VWorkLocationManager@@@@$00@QtMetaTypePrivate@@SAPAXPAXPBX@Z 004191d0 f i main.obj
 0001:000181d0       ?Construct@?$QMetaTypeFunctionHelper@V?$QQmlListProperty@VOperationParamObject@@@@$00@QtMetaTypePrivate@@SAPAXPAXPBX@Z 004191d0 f i main.obj
 0001:000181d0       ?Construct@?$QMetaTypeFunctionHelper@V?$QQmlListProperty@VPlanSelector@@@@$00@QtMetaTypePrivate@@SAPAXPAXPBX@Z 004191d0 f i main.obj
 0001:00018230       ?Init@CComCriticalSection@ATL@@QAEJXZ 00419230 f i main.obj
 0001:00018260       ?TopLevelExceptionFilter@@YGJPAU_EXCEPTION_POINTERS@@@Z 00419260 f   main.obj
 0001:000182d0       ?_Deallocate@std@@YAXPAXII@Z 004192d0 f i main.obj
 0001:00018340       ?customMessageHandler@@YAXW4QtMsgType@@ABVQMessageLogContext@@ABVQString@@@Z 00419340 f   main.obj
 0001:000186b0       ?getConfigFullName@@YA?AVQString@@PBD@Z 004196b0 f   main.obj
 0001:00018720       ?impl@?$QStaticSlotObject@P6AXXZU?$List@$$V@QtPrivate@@X@QtPrivate@@CAXHPAVQSlotObjectBase@2@PAVQObject@@PAPAXPA_N@Z 00419720 f i main.obj
 0001:00018750       ?openFireWall@@YAXPBD0@Z   00419750 f   main.obj
 0001:00018990       ?qt_metatype_id@?$QMetaTypeIdQObject@PAVOperationParamObject@@$07@@SAHXZ 00419990 f i main.obj
 0001:00018a40       ?qt_metatype_id@?$QMetaTypeIdQObject@PAVOperationParamSelector@@$07@@SAHXZ 00419a40 f i main.obj
 0001:00018af0       ?qt_metatype_id@?$QMetaTypeIdQObject@PAVPlanController@@$07@@SAHXZ 00419af0 f i main.obj
 0001:00018ba0       ?qt_metatype_id@?$QMetaTypeIdQObject@PAVPlanSelector@@$07@@SAHXZ 00419ba0 f i main.obj
 0001:00018c50       ?qt_metatype_id@?$QMetaTypeIdQObject@PAVStatusViewWatcher@@$07@@SAHXZ 00419c50 f i main.obj
 0001:00018d00       ?qt_metatype_id@?$QMetaTypeIdQObject@PAVTextFieldDoubleValidator@@$07@@SAHXZ 00419d00 f i main.obj
 0001:00018db0       ?qt_metatype_id@?$QMetaTypeIdQObject@PAVWorkLocationManager@@$07@@SAHXZ 00419db0 f i main.obj
 0001:00018e60       ?validate@TextFieldDoubleValidator@@UBE?AW4State@QValidator@@AAVQString@@AAH@Z 00419e60 f i main.obj
 0001:00018fe0       _main                      00419fe0 f   main.obj
 0001:00019510       ??$connect@P8EnvironmentVariant@@AEXXZP8StatusViewWatcher@@AEXXZ@QObject@@SA?AVConnection@QMetaObject@@PBVEnvironmentVariant@@P83@AEXXZPBVStatusViewWatcher@@P84@AEXXZW4ConnectionType@Qt@@@Z 0041a510 f i workmodels.obj
 0001:00019570       ??0OperationParamSelector@@QAE@PAVQObject@@@Z 0041a570 f   workmodels.obj
 0001:000195c0       ??0PlanController@@QAE@PAVQObject@@@Z 0041a5c0 f   workmodels.obj
 0001:00019630       ??0PlanSelector@@QAE@PAVQObject@@@Z 0041a630 f   workmodels.obj
 0001:000196f0       ??0StatusViewWatcher@@QAE@PAVQObject@@@Z 0041a6f0 f   workmodels.obj
 0001:00019780       ??0WorkLocationManager@@QAE@PAVQObject@@@Z 0041a780 f   workmodels.obj
 0001:000197a0       ??1?$QForeachContainer@V?$QList@PAVQObject@@@@@@QAE@XZ 0041a7a0 f i workmodels.obj
 0001:00019800       ??1PlanController@@UAE@XZ  0041a800 f   workmodels.obj
 0001:00019860       ??1PlanSelector@@UAE@XZ    0041a860 f   workmodels.obj
 0001:00019920       ??1StatusViewWatcher@@UAE@XZ 0041a920 f   workmodels.obj
 0001:000199a0       ??1WorkLocationManager@@UAE@XZ 0041a9a0 f   workmodels.obj
 0001:000199b0       ??_EOperationParamSelector@@UAEPAXI@Z 0041a9b0 f i workmodels.obj
 0001:000199b0       ??_GOperationParamSelector@@UAEPAXI@Z 0041a9b0 f i workmodels.obj
 0001:000199d0       ??_EPlanController@@UAEPAXI@Z 0041a9d0 f i workmodels.obj
 0001:000199d0       ??_GPlanController@@UAEPAXI@Z 0041a9d0 f i workmodels.obj
 0001:00019a40       ??_GPlanSelector@@UAEPAXI@Z 0041aa40 f i workmodels.obj
 0001:00019a40       ??_EPlanSelector@@UAEPAXI@Z 0041aa40 f i workmodels.obj
 0001:00019a60       ??_EStatusViewWatcher@@UAEPAXI@Z 0041aa60 f i workmodels.obj
 0001:00019a60       ??_GStatusViewWatcher@@UAEPAXI@Z 0041aa60 f i workmodels.obj
 0001:00019b00       ??_GWorkLocationManager@@UAEPAXI@Z 0041ab00 f i workmodels.obj
 0001:00019b00       ??_EWorkLocationManager@@UAEPAXI@Z 0041ab00 f i workmodels.obj
 0001:00019b30       ?WorkPlaceConstraint@EnvironmentVariant@@QAE?AVQJsonArray@@XZ 0041ab30 f i workmodels.obj
 0001:00019b60       ?addPlan@PlanSelector@@QAEXABVQString@@@Z 0041ab60 f   workmodels.obj
 0001:00019b80       ?addStep@PlanSelector@@QAEXHHH@Z 0041ab80 f   workmodels.obj
 0001:00019ba0       ?boardConfigIndex@PlanSelector@@QAEHH@Z 0041aba0 f   workmodels.obj
 0001:00019bc0       ?commitParam@PlanSelector@@QAEXHHABVQString@@ABVQVariant@@@Z 0041abc0 f   workmodels.obj
 0001:00019be0       ?copyStep@PlanSelector@@QAE?AVQString@@HHH@Z 0041abe0 f   workmodels.obj
 0001:00019c10       ?copyStep@PlanSelector@@QAEXHH@Z 0041ac10 f   workmodels.obj
 0001:00019c30       ?eventFilter@PlanController@@UAE_NPAVQObject@@PAVQEvent@@@Z 0041ac30 f   workmodels.obj
 0001:00019c80       ?eventFilter@PlanSelector@@MAE_NPAVQObject@@PAVQEvent@@@Z 0041ac80 f   workmodels.obj
 0001:00019cc0       ?eventFilter@StatusViewWatcher@@UAE_NPAVQObject@@PAVQEvent@@@Z 0041acc0 f   workmodels.obj
 0001:00019d00       ?exportConfigFile@ConfigFileConverter@@QAE_NABVQUrl@@@Z 0041ad00 f   workmodels.obj
 0001:00019d70       ?getBoardTypeIndexByPosition@PlanSelector@@QAEHH@Z 0041ad70 f   workmodels.obj
 0001:00019d70       ?getBoardTypeIndexByPosition@OperationParamSelector@@QAEHH@Z 0041ad70 f   workmodels.obj
 0001:00019d90       ?getPlanBoardTypeIndexByPosition@PlanSelector@@QAEHHH@Z 0041ad90 f   workmodels.obj
 0001:00019db0       ?getSwitch@OperationParamSelector@@QAEPAVQObject@@ABVQString@@@Z 0041adb0 f   workmodels.obj
 0001:00019f20       ?getSwitch@PlanSelector@@QAEPAVQObject@@ABVQString@@@Z 0041af20 f   workmodels.obj
 0001:0001a090       ?getWorkLocationTypeList@WorkLocationManager@@QAE?AVQJsonObject@@XZ 0041b090 f   workmodels.obj
 0001:0001a0c0       ?getWorkPlaceConstraint@WorkLocationManager@@QAE?AVQJsonArray@@XZ 0041b0c0 f   workmodels.obj
 0001:0001a0f0       ?importConfigFile@ConfigFileConverter@@QAE_NABVQUrl@@@Z 0041b0f0 f   workmodels.obj
 0001:0001a160       ?init@OperationParamSelector@@QAEXABVQString@@@Z 0041b160 f   workmodels.obj
 0001:0001a1e0       ?moveStep@PlanSelector@@QAEXHHH@Z 0041b1e0 f   workmodels.obj
 0001:0001a200       ?node_copy@?$QList@PAVQObject@@@@AAEXPAUNode@1@00@Z 0041b200 f i workmodels.obj
 0001:0001a200       ?node_copy@?$QList@H@@AAEXPAUNode@1@00@Z 0041b200 f i configfilehandler.obj
 0001:0001a230       ?onCompleteSingleOperation@OperationParamSelector@@QAEXXZ 0041b230 f   workmodels.obj
 0001:0001a4c0       ?onMachineConfigChanged@TargetMachineObject@@QAE_NXZ 0041b4c0 f   workmodels.obj
 0001:0001a560       ?onRemoveIndex@WorkLocationManager@@QAE_NH@Z 0041b560 f   workmodels.obj
 0001:0001a580       ?onSave@PlanSelector@@QAE_NXZ 0041b580 f   workmodels.obj
 0001:0001a590       ?operationCurrentIndex@PlanSelector@@QAEHXZ 0041b590 f   workmodels.obj
 0001:0001a5b0       ?pasteStep@PlanSelector@@QAEXHH@Z 0041b5b0 f   workmodels.obj
 0001:0001a5d0       ?pausePlan@PlanController@@QAEXXZ 0041b5d0 f   workmodels.obj
 0001:0001a5e0       ?planListModel@PlanSelector@@QAE?AVQStringList@@XZ 0041b5e0 f   workmodels.obj
 0001:0001a610       ?planSelectStepListModel@PlanSelector@@QAE?AVQStringList@@H@Z 0041b610 f   workmodels.obj
 0001:0001a640       ?readConfigFIle@ConfigFileConverter@@QAE?AVQString@@ABVQUrl@@@Z 0041b640 f   workmodels.obj
 0001:0001a730       ?removePlan@PlanSelector@@QAEXH@Z 0041b730 f   workmodels.obj
 0001:0001a750       ?removeStep@PlanSelector@@QAEXHH@Z 0041b750 f   workmodels.obj
 0001:0001a770       ?resumePlan@PlanController@@QAEXXZ 0041b770 f   workmodels.obj
 0001:0001a7a0       ?setBoardConfigIndex@PlanSelector@@QAEXHH@Z 0041b7a0 f   workmodels.obj
 0001:0001a7c0       ?setPlanName@PlanSelector@@QAEXHABVQString@@@Z 0041b7c0 f   workmodels.obj
 0001:0001a7e0       ?setSelectedOperation@OperationParamSelector@@QAEXH@Z 0041b7e0 f   workmodels.obj
 0001:0001abb0       ?setSelectedOperation@PlanSelector@@QAEXHHH@Z 0041bbb0 f   workmodels.obj
 0001:0001b070       ?setSelectedStep@PlanSelector@@QAEXHH@Z 0041c070 f   workmodels.obj
 0001:0001b450       ?setWorkLocationType@WorkLocationManager@@QAE_NHHABVQString@@@Z 0041c450 f   workmodels.obj
 0001:0001b470       ?startCheckPlan@PlanSelector@@QAEXH@Z 0041c470 f   workmodels.obj
 0001:0001b490       ?startPlan@PlanController@@QAEXHH@Z 0041c490 f   workmodels.obj
 0001:0001b4c0       ?stepListModel@PlanSelector@@QAE?AVQStringList@@H@Z 0041c4c0 f   workmodels.obj
 0001:0001b4f0       ?stopCheckPlan@PlanSelector@@QAEXXZ 0041c4f0 f   workmodels.obj
 0001:0001b500       ?stopPlan@PlanController@@QAEXXZ 0041c500 f   workmodels.obj
 0001:0001b510       ?updateWorkPlace@WorkLocationManager@@QAE_NABVQJsonObject@@@Z 0041c510 f   workmodels.obj
 0001:0001b530       ??$connect@P8SubThreadCheckWorker@@AEXABVQJsonObject@@@ZP8WorkflowCheckerController@@AEX0@Z@QObject@@SA?AVConnection@QMetaObject@@PBVSubThreadCheckWorker@@P83@AEXABVQJsonObject@@@ZPBVWorkflowCheckerController@@P85@AEX1@ZW4ConnectionType@Qt@@@Z 0041c530 f i workflowChecker.obj
 0001:0001b5a0       ??$connect@P8WorkflowCheckerController@@AEXABVQJsonArray@@@ZP8SubThreadCheckWorker@@AEX0@Z@QObject@@SA?AVConnection@QMetaObject@@PBVWorkflowCheckerController@@P83@AEXABVQJsonArray@@@ZPBVSubThreadCheckWorker@@P85@AEX1@ZW4ConnectionType@Qt@@@Z 0041c5a0 f i workflowChecker.obj
 0001:0001b610       ??$connect@P8WorkflowCheckerController@@AEXABVQJsonObject@@@ZP8SubThreadCheckWorker@@AEX0@Z@QObject@@SA?AVConnection@QMetaObject@@PBVWorkflowCheckerController@@P83@AEXABVQJsonObject@@@ZPBVSubThreadCheckWorker@@P85@AEX1@ZW4ConnectionType@Qt@@@Z 0041c610 f i workflowChecker.obj
 0001:0001b680       ??$connect@P8WorkflowCheckerController@@AEXXZP8SubThreadCheckWorker@@AEXXZ@QObject@@SA?AVConnection@QMetaObject@@PBVWorkflowCheckerController@@P83@AEXXZPBVSubThreadCheckWorker@@P84@AEXXZW4ConnectionType@Qt@@@Z 0041c680 f i workflowChecker.obj
 0001:0001b6e0       ??0WorkflowCheckerController@@QAE@PAVQObject@@@Z 0041c6e0 f   workflowChecker.obj
 0001:0001b860       ??1?$QMap@VQString@@H@@QAE@XZ 0041c860 f i workflowChecker.obj
 0001:0001b900       ??1WorkflowCheckerController@@UAE@XZ 0041c900 f   workflowChecker.obj
 0001:0001b970       ??A?$QMap@VQString@@H@@QAEAAHABVQString@@@Z 0041c970 f i workflowChecker.obj
 0001:0001b9f0       ??_ESubThreadCheckWorker@@UAEPAXI@Z 0041c9f0 f i workflowChecker.obj
 0001:0001b9f0       ??_GSubThreadCheckWorker@@UAEPAXI@Z 0041c9f0 f i workflowChecker.obj
 0001:0001ba40       ??_EWorkflowCheckerController@@UAEPAXI@Z 0041ca40 f i workflowChecker.obj
 0001:0001ba40       ??_GWorkflowCheckerController@@UAEPAXI@Z 0041ca40 f i workflowChecker.obj
 0001:0001bad0       ?CheckBoardConstraint@SubThreadCheckWorker@@IAE_NABVQJsonObject@@@Z 0041cad0 f   workflowChecker.obj
 0001:0001be80       ?CheckParamConstraint@SubThreadCheckWorker@@IAE_NABVQJsonObject@@@Z 0041ce80 f   workflowChecker.obj
 0001:0001c730       ?checkTask@WorkflowCheckerController@@QAEXABVQJsonObject@@@Z 0041d730 f   workflowChecker.obj
 0001:0001c740       ?configChecker@SubThreadCheckWorker@@QAEXABVQJsonArray@@@Z 0041d740 f   workflowChecker.obj
 0001:0001caa0       ?copy@?$QMapNode@VQString@@H@@QBEPAU1@PAU?$QMapData@VQString@@H@@@Z 0041daa0 f i workflowChecker.obj
 0001:0001cb20       ?createNode@?$QMapData@VQString@@H@@QAEPAU?$QMapNode@VQString@@H@@ABVQString@@ABHPAU2@_N@Z 0041db20 f i workflowChecker.obj
 0001:0001cb60       ?destroySubTree@?$QMapNode@VQString@@H@@QAEXXZ 0041db60 f i workflowChecker.obj
 0001:0001cb90       ?detach_helper@?$QMap@VQString@@H@@AAEXXZ 0041db90 f i workflowChecker.obj
 0001:0001cc30       ?doCheck@SubThreadCheckWorker@@QAEXABVQJsonObject@@@Z 0041dc30 f   workflowChecker.obj
 0001:0001d210       ?forceStop@SubThreadCheckWorker@@QAEXXZ 0041e210 f   workflowChecker.obj
 0001:0001d220       ?impl@?$QSlotObject@P8SubThreadCheckWorker@@AEXXZU?$List@$$V@QtPrivate@@X@QtPrivate@@CAXHPAVQSlotObjectBase@2@PAVQObject@@PAPAXPA_N@Z 0041e220 f i workflowChecker.obj
 0001:0001d220       ?impl@?$QSlotObject@P8SubThreadWorker@@AEXXZU?$List@$$V@QtPrivate@@X@QtPrivate@@CAXHPAVQSlotObjectBase@2@PAVQObject@@PAPAXPA_N@Z 0041e220 f i workflowprotocol.obj
 0001:0001d220       ?impl@?$QSlotObject@P8QObject@@AEXXZU?$List@$$V@QtPrivate@@X@QtPrivate@@CAXHPAVQSlotObjectBase@2@PAVQObject@@PAPAXPA_N@Z 0041e220 f i workflowprotocol.obj
 0001:0001d220       ?impl@?$QSlotObject@P8StatusViewWatcher@@AEXXZU?$List@$$V@QtPrivate@@X@QtPrivate@@CAXHPAVQSlotObjectBase@2@PAVQObject@@PAPAXPA_N@Z 0041e220 f i workmodels.obj
 0001:0001d270       ?impl@?$QSlotObject@P8SubThreadWorker@@AEXABVQJsonObject@@@ZU?$List@ABVQJsonObject@@@QtPrivate@@X@QtPrivate@@CAXHPAVQSlotObjectBase@2@PAVQObject@@PAPAXPA_N@Z 0041e270 f i workflowprotocol.obj
 0001:0001d270       ?impl@?$QSlotObject@P8SubThreadCheckWorker@@AEXABVQJsonObject@@@ZU?$List@ABVQJsonObject@@@QtPrivate@@X@QtPrivate@@CAXHPAVQSlotObjectBase@2@PAVQObject@@PAPAXPA_N@Z 0041e270 f i workflowChecker.obj
 0001:0001d270       ?impl@?$QSlotObject@P8SubThreadCheckWorker@@AEXABVQJsonArray@@@ZU?$List@ABVQJsonArray@@@QtPrivate@@X@QtPrivate@@CAXHPAVQSlotObjectBase@2@PAVQObject@@PAPAXPA_N@Z 0041e270 f i workflowChecker.obj
 0001:0001d270       ?impl@?$QSlotObject@P8WorkflowCheckerController@@AEXABVQJsonObject@@@ZU?$List@ABVQJsonObject@@@QtPrivate@@X@QtPrivate@@CAXHPAVQSlotObjectBase@2@PAVQObject@@PAPAXPA_N@Z 0041e270 f i workflowChecker.obj
 0001:0001d270       ?impl@?$QSlotObject@P8WorkflowController@@AEXABVQJsonObject@@@ZU?$List@ABVQJsonObject@@@QtPrivate@@X@QtPrivate@@CAXHPAVQSlotObjectBase@2@PAVQObject@@PAPAXPA_N@Z 0041e270 f i workflowprotocol.obj
 0001:0001d270       ?impl@?$QSlotObject@P8SubThreadWorker@@AEXABVQString@@@ZU?$List@ABVQString@@@QtPrivate@@X@QtPrivate@@CAXHPAVQSlotObjectBase@2@PAVQObject@@PAPAXPA_N@Z 0041e270 f i workflowprotocol.obj
 0001:0001d2d0       ?init@WorkflowCheckerController@@QAEXABVQJsonArray@@@Z 0041e2d0 f   workflowChecker.obj
 0001:0001d2e0       ?insert@?$QMap@VQString@@H@@QAE?AViterator@1@ABVQString@@ABH@Z 0041e2e0 f i workflowChecker.obj
 0001:0001d3a0       ?isFilteredCommand@SubThreadCheckWorker@@IAE_NABVQJsonObject@@@Z 0041e3a0 f   workflowChecker.obj
 0001:0001d7c0       ?lowerBound@?$QMapNode@VQString@@H@@QAEPAU1@ABVQString@@@Z 0041e7c0 f i workflowChecker.obj
 0001:0001d7c0       ?lowerBound@?$QMapNode@VQString@@V1@@@QAEPAU1@ABVQString@@@Z 0041e7c0 f i configfilehandler.obj
 0001:0001d7c0       ?lowerBound@?$QMapNode@VQString@@VOperationParamData@@@@QAEPAU1@ABVQString@@@Z 0041e7c0 f i configfilehandler.obj
 0001:0001d7c0       ?lowerBound@?$QMapNode@VQString@@VQStringList@@@@QAEPAU1@ABVQString@@@Z 0041e7c0 f i configfilehandler.obj
 0001:0001d800       ?remove@?$QMap@VQString@@H@@QAEHABVQString@@@Z 0041e800 f i workflowChecker.obj
 0001:0001d8b0       ?statusChanged@WorkflowCheckerController@@QAEXABVQJsonObject@@@Z 0041e8b0 f   workflowChecker.obj
 0001:0001d950       ?stopCurrentCheck@WorkflowCheckerController@@QAEXXZ 0041e950 f   workflowChecker.obj
 0001:0001d970       ?types@?$ConnectionTypes@U?$List@ABVQJsonArray@@@QtPrivate@@$00@QtPrivate@@SAPBHXZ 0041e970 f i workflowChecker.obj
 0001:0001d9d0       ?metaObject@Communication@@UBEPBUQMetaObject@@XZ 0041e9d0 f   moc_communication.obj
 0001:0001d9f0       ?qt_metacall@configFileHandler@@UAEHW4Call@QMetaObject@@HPAPAX@Z 0041e9f0 f   moc_configfilehandler.obj
 0001:0001d9f0       ?qt_metacall@Communication@@UAEHW4Call@QMetaObject@@HPAPAX@Z 0041e9f0 f   moc_communication.obj
 0001:0001da00       ?qt_metacast@Communication@@UAEPAXPBD@Z 0041ea00 f   moc_communication.obj
 0001:0001da60       ?changeHost@WorkflowController@@QAEXABVQString@@G@Z 0041ea60 f   moc_workflowprotocol.obj
 0001:0001dab0       ?configProtocol@WorkflowController@@QAEXABVQString@@@Z 0041eab0 f   moc_workflowprotocol.obj
 0001:0001dae0       ?metaObject@SubThreadWorker@@UBEPBUQMetaObject@@XZ 0041eae0 f   moc_workflowprotocol.obj
 0001:0001db00       ?metaObject@WorkflowController@@UBEPBUQMetaObject@@XZ 0041eb00 f   moc_workflowprotocol.obj
 0001:0001db20       ?pauseTask@WorkflowController@@QAEXXZ 0041eb20 f   moc_workflowprotocol.obj
 0001:0001db40       ?qt_metacall@SubThreadWorker@@UAEHW4Call@QMetaObject@@HPAPAX@Z 0041eb40 f   moc_workflowprotocol.obj
 0001:0001dba0       ?qt_metacall@WorkflowController@@UAEHW4Call@QMetaObject@@HPAPAX@Z 0041eba0 f   moc_workflowprotocol.obj
 0001:0001dc00       ?qt_metacast@SubThreadWorker@@UAEPAXPBD@Z 0041ec00 f   moc_workflowprotocol.obj
 0001:0001dc60       ?qt_metacast@WorkflowController@@UAEPAXPBD@Z 0041ec60 f   moc_workflowprotocol.obj
 0001:0001dcc0       ?qt_static_metacall@SubThreadWorker@@CAXPAVQObject@@W4Call@QMetaObject@@HPAPAX@Z 0041ecc0 f   moc_workflowprotocol.obj
 0001:0001ddc0       ?qt_static_metacall@WorkflowController@@CAXPAVQObject@@W4Call@QMetaObject@@HPAPAX@Z 0041edc0 f   moc_workflowprotocol.obj
 0001:0001df10       ?runNewTask@WorkflowController@@QAEXABVQJsonObject@@@Z 0041ef10 f   moc_workflowprotocol.obj
 0001:0001df40       ?runNewTunning@WorkflowController@@QAEXABVQJsonObject@@@Z 0041ef40 f   moc_workflowprotocol.obj
 0001:0001df70       ?statusChanged@SubThreadWorker@@QAEXABVQJsonObject@@@Z 0041ef70 f   moc_workflowprotocol.obj
 0001:0001dfa0       ?stopTask@WorkflowController@@QAEXXZ 0041efa0 f   moc_workflowprotocol.obj
 0001:0001dfc0       ?taskStateChanged@SubThreadWorker@@QAEXABVQString@@H@Z 0041efc0 f   moc_workflowprotocol.obj
 0001:0001e010       ?updateStopState@WorkflowController@@QAEXXZ 0041f010 f   moc_workflowprotocol.obj
 0001:0001e030       ?configChecker@WorkflowCheckerController@@QAEXABVQJsonArray@@@Z 0041f030 f   moc_workflowChecker.obj
 0001:0001e060       ?metaObject@SubThreadCheckWorker@@UBEPBUQMetaObject@@XZ 0041f060 f   moc_workflowChecker.obj
 0001:0001e080       ?metaObject@WorkflowCheckerController@@UBEPBUQMetaObject@@XZ 0041f080 f   moc_workflowChecker.obj
 0001:0001e0a0       ?qt_metacall@SubThreadCheckWorker@@UAEHW4Call@QMetaObject@@HPAPAX@Z 0041f0a0 f   moc_workflowChecker.obj
 0001:0001e100       ?qt_metacall@WorkflowCheckerController@@UAEHW4Call@QMetaObject@@HPAPAX@Z 0041f100 f   moc_workflowChecker.obj
 0001:0001e160       ?qt_metacast@SubThreadCheckWorker@@UAEPAXPBD@Z 0041f160 f   moc_workflowChecker.obj
 0001:0001e1c0       ?qt_metacast@WorkflowCheckerController@@UAEPAXPBD@Z 0041f1c0 f   moc_workflowChecker.obj
 0001:0001e220       ?qt_static_metacall@SubThreadCheckWorker@@CAXPAVQObject@@W4Call@QMetaObject@@HPAPAX@Z 0041f220 f   moc_workflowChecker.obj
 0001:0001e2b0       ?qt_static_metacall@WorkflowCheckerController@@CAXPAVQObject@@W4Call@QMetaObject@@HPAPAX@Z 0041f2b0 f   moc_workflowChecker.obj
 0001:0001e370       ?runNewCheck@WorkflowCheckerController@@QAEXABVQJsonObject@@@Z 0041f370 f   moc_workflowChecker.obj
 0001:0001e3a0       ?statusChanged@SubThreadCheckWorker@@QAEXABVQJsonObject@@@Z 0041f3a0 f   moc_workflowChecker.obj
 0001:0001e3d0       ?stopCheck@WorkflowCheckerController@@QAEXXZ 0041f3d0 f   moc_workflowChecker.obj
 0001:0001e3f0       ?metaObject@configFileHandler@@UBEPBUQMetaObject@@XZ 0041f3f0 f   moc_configfilehandler.obj
 0001:0001e410       ?qt_metacast@configFileHandler@@UAEPAXPBD@Z 0041f410 f   moc_configfilehandler.obj
 0001:0001e470       ?metaObject@EnvironmentVariant@@UBEPBUQMetaObject@@XZ 0041f470 f   moc_environmentvariant.obj
 0001:0001e490       ?qt_metacall@EnvironmentVariant@@UAEHW4Call@QMetaObject@@HPAPAX@Z 0041f490 f   moc_environmentvariant.obj
 0001:0001e4f0       ?qt_metacast@EnvironmentVariant@@UAEPAXPBD@Z 0041f4f0 f   moc_environmentvariant.obj
 0001:0001e550       ?qt_static_metacall@EnvironmentVariant@@CAXPAVQObject@@W4Call@QMetaObject@@HPAPAX@Z 0041f550 f   moc_environmentvariant.obj
 0001:0001e5a0       ?workLocationTypeChanged@EnvironmentVariant@@QAEXXZ 0041f5a0 f   moc_environmentvariant.obj
 0001:0001e5c0       ??$atImpl@V?$QList@PAVQObject@@@@@QSequentialIterableImpl@QtMetaTypePrivate@@SAPBXPBXH@Z 0041f5c0 f i moc_workmodels.obj
 0001:0001e5c0       ??$atImpl@V?$QList@H@@@QSequentialIterableImpl@QtMetaTypePrivate@@SAPBXPBXH@Z 0041f5c0 f i moc_workmodels.obj
 0001:0001e5e0       ??$equal@PBHV?$checked_array_iterator@PBH@stdext@@U?$equal_to@X@std@@@std@@YA_NPBH0V?$checked_array_iterator@PBH@stdext@@U?$equal_to@X@0@@Z 0041f5e0 f i moc_workmodels.obj
 0001:0001e5e0       ??$equal@PBQAVQObject@@V?$checked_array_iterator@PBQAVQObject@@@stdext@@U?$equal_to@X@std@@@std@@YA_NPBQAVQObject@@0V?$checked_array_iterator@PBQAVQObject@@@stdext@@U?$equal_to@X@0@@Z 0041f5e0 f i moc_workmodels.obj
 0001:0001e660       ??$getImpl@V?$QList@H@@@QSequentialIterableImpl@QtMetaTypePrivate@@SA?AUVariantData@1@PBQAXHI@Z 0041f660 f i moc_workmodels.obj
 0001:0001e660       ??$getImpl@V?$QList@PAVQObject@@@@@QSequentialIterableImpl@QtMetaTypePrivate@@SA?AUVariantData@1@PBQAXHI@Z 0041f660 f i moc_workmodels.obj
 0001:0001e680       ??$moveToBeginImpl@V?$QList@H@@@QSequentialIterableImpl@QtMetaTypePrivate@@SAXPBXPAPAX@Z 0041f680 f i moc_workmodels.obj
 0001:0001e680       ??$moveToBeginImpl@V?$QList@PAVQObject@@@@@QSequentialIterableImpl@QtMetaTypePrivate@@SAXPBXPAPAX@Z 0041f680 f i moc_workmodels.obj
 0001:0001e6b0       ??$moveToEndImpl@V?$QList@PAVQObject@@@@@QSequentialIterableImpl@QtMetaTypePrivate@@SAXPBXPAPAX@Z 0041f6b0 f i moc_workmodels.obj
 0001:0001e6b0       ??$moveToEndImpl@V?$QList@H@@@QSequentialIterableImpl@QtMetaTypePrivate@@SAXPBXPAPAX@Z 0041f6b0 f i moc_workmodels.obj
 0001:0001e6e0       ??$sizeImpl@V?$QList@PAVQObject@@@@@QSequentialIterableImpl@QtMetaTypePrivate@@SAHPBX@Z 0041f6e0 f i moc_workmodels.obj
 0001:0001e6e0       ??$sizeImpl@V?$QList@H@@@QSequentialIterableImpl@QtMetaTypePrivate@@SAHPBX@Z 0041f6e0 f i moc_workmodels.obj
 0001:0001e6f0       ??0QSequentialIterableImpl@QtMetaTypePrivate@@QAE@XZ 0041f6f0 f i moc_workmodels.obj
 0001:0001e760       ?Construct@?$QMetaTypeFunctionHelper@V?$QList@H@@$00@QtMetaTypePrivate@@SAPAXPAXPBX@Z 0041f760 f i moc_workmodels.obj
 0001:0001e760       ?Construct@?$QMetaTypeFunctionHelper@V?$QList@PAVQObject@@@@$00@QtMetaTypePrivate@@SAPAXPAXPBX@Z 0041f760 f i moc_workmodels.obj
 0001:0001e7e0       ?Construct@?$QMetaTypeFunctionHelper@VQSequentialIterableImpl@QtMetaTypePrivate@@$00@QtMetaTypePrivate@@SAPAXPAXPBX@Z 0041f7e0 f i moc_workmodels.obj
 0001:0001e820       ?Destruct@?$QMetaTypeFunctionHelper@V?$QList@H@@$00@QtMetaTypePrivate@@SAXPAX@Z 0041f820 f i moc_workmodels.obj
 0001:0001e820       ?Destruct@?$QMetaTypeFunctionHelper@V?$QList@PAVQObject@@@@$00@QtMetaTypePrivate@@SAXPAX@Z 0041f820 f i moc_workmodels.obj
 0001:0001e890       ?MachineConfigChanged@TargetMachineObject@@QAEXXZ 0041f890 f   moc_workmodels.obj
 0001:0001e8b0       ?UnitChanged@OperationParamObject@@QAEXXZ 0041f8b0 f   moc_workmodels.obj
 0001:0001e8d0       ?administratorChanged@AdministratorChecker@@QAEXXZ 0041f8d0 f   moc_workmodels.obj
 0001:0001e8f0       ?advance@?$IteratorOwnerCommon@Vconst_iterator@?$QList@PAVQObject@@@@@QtMetaTypePrivate@@SAXPAPAXH@Z 0041f8f0 f i moc_workmodels.obj
 0001:0001e8f0       ?advance@?$IteratorOwnerCommon@Vconst_iterator@?$QList@H@@@QtMetaTypePrivate@@SAXPAPAXH@Z 0041f8f0 f i moc_workmodels.obj
 0001:0001e900       ?assign@?$IteratorOwnerCommon@Vconst_iterator@?$QList@PAVQObject@@@@@QtMetaTypePrivate@@SAXPAPAXPBQAX@Z 0041f900 f i moc_workmodels.obj
 0001:0001e900       ?assign@?$IteratorOwnerCommon@Vconst_iterator@?$QList@H@@@QtMetaTypePrivate@@SAXPAPAXPBQAX@Z 0041f900 f i moc_workmodels.obj
 0001:0001e920       ?boolValueChanged@OperationParamObject@@QAEXXZ 0041f920 f   moc_workmodels.obj
 0001:0001e940       ?bottomValueChanged@OperationParamObject@@QAEXXZ 0041f940 f   moc_workmodels.obj
 0001:0001e960       ?convert@?$ConverterFunctor@V?$QList@H@@VQSequentialIterableImpl@QtMetaTypePrivate@@U?$QSequentialIterableConvertFunctor@V?$QList@H@@@3@@QtPrivate@@SA_NPBUAbstractConverterFunction@2@PBXPAX@Z 0041f960 f i moc_workmodels.obj
 0001:0001ea00       ?convert@?$ConverterFunctor@V?$QList@PAVQObject@@@@VQSequentialIterableImpl@QtMetaTypePrivate@@U?$QSequentialIterableConvertFunctor@V?$QList@PAVQObject@@@@@3@@QtPrivate@@SA_NPBUAbstractConverterFunction@2@PBXPAX@Z 0041fa00 f i moc_workmodels.obj
 0001:0001eaa0       ?currentIndexChanged@OperationParamSelector@@QAEXXZ 0041faa0 f   moc_workmodels.obj
 0001:0001eac0       ?destroy@?$IteratorOwnerCommon@Vconst_iterator@?$QList@PAVQObject@@@@@QtMetaTypePrivate@@SAXPAPAX@Z 0041fac0 f i moc_workmodels.obj
 0001:0001eac0       ?destroy@?$IteratorOwnerCommon@Vconst_iterator@?$QList@H@@@QtMetaTypePrivate@@SAXPAPAX@Z 0041fac0 f i moc_workmodels.obj
 0001:0001eae0       ?display@OperationParamObject@@QBE?AVQString@@XZ 0041fae0 f i moc_workmodels.obj
 0001:0001eb00       ?displayChanged@OperationParamObject@@QAEXXZ 0041fb00 f   moc_workmodels.obj
 0001:0001eb20       ?equal@?$IteratorOwnerCommon@Vconst_iterator@?$QList@PAVQObject@@@@@QtMetaTypePrivate@@SA_NPBQAX0@Z 0041fb20 f i moc_workmodels.obj
 0001:0001eb20       ?equal@?$IteratorOwnerCommon@Vconst_iterator@?$QList@H@@@QtMetaTypePrivate@@SA_NPBQAX0@Z 0041fb20 f i moc_workmodels.obj
 0001:0001eb40       ?factorChanged@OperationParamObject@@QAEXXZ 0041fb40 f   moc_workmodels.obj
 0001:0001eb60       ?floatValueChanged@OperationParamObject@@QAEXXZ 0041fb60 f   moc_workmodels.obj
 0001:0001eb80       ?getLicenseNumber@TargetMachineObject@@QBE?AVQString@@XZ 0041fb80 f i moc_workmodels.obj
 0001:0001eba0       ?getOperationName@SingleOperationObject@@QAE?AVQString@@XZ 0041fba0 f i moc_workmodels.obj
 0001:0001eba0       ?getIpAddress@TargetMachineObject@@QBE?AVQString@@XZ 0041fba0 f i environmentvariant.obj
 0001:0001eba0       ?name@OperationParamObject@@QBE?AVQString@@XZ 0041fba0 f i workmodels.obj
 0001:0001ebc0       ?getParamListModel@PlanSelector@@QAE?AV?$QList@PAVQObject@@@@XZ 0041fbc0 f i moc_workmodels.obj
 0001:0001ebe0       ?getParamModel@OperationParamSelector@@QAE?AV?$QList@PAVQObject@@@@XZ 0041fbe0 f i moc_workmodels.obj
 0001:0001ec00       ?intListValue@OperationParamObject@@QAE?AV?$QList@H@@XZ 0041fc00 f i moc_workmodels.obj
 0001:0001ec20       ?intListValueChanged@OperationParamObject@@QAEXXZ 0041fc20 f   moc_workmodels.obj
 0001:0001ec40       ?integerValueChanged@OperationParamObject@@QAEXXZ 0041fc40 f   moc_workmodels.obj
 0001:0001ec60       ?metaObject@AdministratorChecker@@UBEPBUQMetaObject@@XZ 0041fc60 f   moc_workmodels.obj
 0001:0001ec80       ?metaObject@ConfigFileConverter@@UBEPBUQMetaObject@@XZ 0041fc80 f   moc_workmodels.obj
 0001:0001eca0       ?metaObject@OperationParamObject@@UBEPBUQMetaObject@@XZ 0041fca0 f   moc_workmodels.obj
 0001:0001ecc0       ?metaObject@OperationParamSelector@@UBEPBUQMetaObject@@XZ 0041fcc0 f   moc_workmodels.obj
 0001:0001ece0       ?metaObject@PlanController@@UBEPBUQMetaObject@@XZ 0041fce0 f   moc_workmodels.obj
 0001:0001ed00       ?metaObject@PlanSelector@@UBEPBUQMetaObject@@XZ 0041fd00 f   moc_workmodels.obj
 0001:0001ed20       ?metaObject@StatusViewWatcher@@UBEPBUQMetaObject@@XZ 0041fd20 f   moc_workmodels.obj
 0001:0001ed40       ?metaObject@TargetMachineObject@@UBEPBUQMetaObject@@XZ 0041fd40 f   moc_workmodels.obj
 0001:0001ed60       ?metaObject@WorkLocationManager@@UBEPBUQMetaObject@@XZ 0041fd60 f   moc_workmodels.obj
 0001:0001ed80       ?nameChanged@OperationParamObject@@QAEXXZ 0041fd80 f   moc_workmodels.obj
 0001:0001eda0       ?op_eq_impl@?$QList@H@@ABE_NABV1@UArrayCompatibleLayout@QListData@@@Z 0041fda0 f i moc_workmodels.obj
 0001:0001eda0       ?op_eq_impl@?$QList@PAVQObject@@@@ABE_NABV1@UArrayCompatibleLayout@QListData@@@Z 0041fda0 f i moc_workmodels.obj
 0001:0001ee10       ?op_eq_impl@?$QList@VQString@@@@ABE_NABV1@UArrayCompatibleLayout@QListData@@@Z 0041fe10 f i moc_workmodels.obj
 0001:0001ee80       ?operationListModel@PlanSelector@@QAE?AVQStringList@@XZ 0041fe80 f i moc_workmodels.obj
 0001:0001eea0       ?operationModel@OperationParamSelector@@QAE?AVQStringList@@XZ 0041fea0 f i moc_workmodels.obj
 0001:0001eec0       ?operationNameChanged@SingleOperationObject@@QAEXXZ 0041fec0 f   moc_workmodels.obj
 0001:0001eee0       ?pageNameChanged@OperationParamSelector@@QAEXXZ 0041fee0 f   moc_workmodels.obj
 0001:0001ef00       ?paramListModelChanged@PlanSelector@@QAEXXZ 0041ff00 f   moc_workmodels.obj
 0001:0001ef20       ?paramModelChanged@OperationParamSelector@@QAEXXZ 0041ff20 f   moc_workmodels.obj
 0001:0001ef40       ?planCheckStatusChanged@PlanSelector@@QAEXABVQJsonObject@@@Z 0041ff40 f   moc_workmodels.obj
 0001:0001ef70       ?qt_metacall@AdministratorChecker@@UAEHW4Call@QMetaObject@@HPAPAX@Z 0041ff70 f   moc_workmodels.obj
 0001:0001f020       ?qt_metacall@ConfigFileConverter@@UAEHW4Call@QMetaObject@@HPAPAX@Z 00420020 f   moc_workmodels.obj
 0001:0001f080       ?qt_metacall@OperationParamObject@@UAEHW4Call@QMetaObject@@HPAPAX@Z 00420080 f   moc_workmodels.obj
 0001:0001f120       ?qt_metacall@OperationParamSelector@@UAEHW4Call@QMetaObject@@HPAPAX@Z 00420120 f   moc_workmodels.obj
 0001:0001f1d0       ?qt_metacall@PlanController@@UAEHW4Call@QMetaObject@@HPAPAX@Z 004201d0 f   moc_workmodels.obj
 0001:0001f230       ?qt_metacall@PlanSelector@@UAEHW4Call@QMetaObject@@HPAPAX@Z 00420230 f   moc_workmodels.obj
 0001:0001f2e0       ?qt_metacall@StatusViewWatcher@@UAEHW4Call@QMetaObject@@HPAPAX@Z 004202e0 f   moc_workmodels.obj
 0001:0001f340       ?qt_metacall@TargetMachineObject@@UAEHW4Call@QMetaObject@@HPAPAX@Z 00420340 f   moc_workmodels.obj
 0001:0001f400       ?qt_metacall@WorkLocationManager@@UAEHW4Call@QMetaObject@@HPAPAX@Z 00420400 f   moc_workmodels.obj
 0001:0001f460       ?qt_metacast@AdministratorChecker@@UAEPAXPBD@Z 00420460 f   moc_workmodels.obj
 0001:0001f4c0       ?qt_metacast@ConfigFileConverter@@UAEPAXPBD@Z 004204c0 f   moc_workmodels.obj
 0001:0001f520       ?qt_metacast@OperationParamObject@@UAEPAXPBD@Z 00420520 f   moc_workmodels.obj
 0001:0001f5c0       ?qt_metacast@OperationParamSelector@@UAEPAXPBD@Z 004205c0 f   moc_workmodels.obj
 0001:0001f620       ?qt_metacast@PlanController@@UAEPAXPBD@Z 00420620 f   moc_workmodels.obj
 0001:0001f680       ?qt_metacast@PlanSelector@@UAEPAXPBD@Z 00420680 f   moc_workmodels.obj
 0001:0001f6e0       ?qt_metacast@StatusViewWatcher@@UAEPAXPBD@Z 004206e0 f   moc_workmodels.obj
 0001:0001f740       ?qt_metacast@TargetMachineObject@@UAEPAXPBD@Z 00420740 f   moc_workmodels.obj
 0001:0001f7e0       ?qt_metacast@WorkLocationManager@@UAEPAXPBD@Z 004207e0 f   moc_workmodels.obj
 0001:0001f840       ?qt_metatype_id@?$QMetaTypeId@V?$QList@H@@@@SAHXZ 00420840 f i moc_workmodels.obj
 0001:0001f960       ?qt_metatype_id@?$QMetaTypeId@V?$QList@PAVQObject@@@@@@SAHXZ 00420960 f i moc_workmodels.obj
 0001:0001fa00       ?qt_metatype_id@?$QMetaTypeId@VQSequentialIterableImpl@QtMetaTypePrivate@@@@SAHXZ 00420a00 f i moc_workmodels.obj
 0001:0001fa90       ?qt_static_metacall@AdministratorChecker@@CAXPAVQObject@@W4Call@QMetaObject@@HPAPAX@Z 00420a90 f   moc_workmodels.obj
 0001:0001fb10       ?qt_static_metacall@ConfigFileConverter@@CAXPAVQObject@@W4Call@QMetaObject@@HPAPAX@Z 00420b10 f   moc_workmodels.obj
 0001:0001fb90       ?qt_static_metacall@OperationParamObject@@CAXPAVQObject@@W4Call@QMetaObject@@HPAPAX@Z 00420b90 f   moc_workmodels.obj
 0001:00020100       ?qt_static_metacall@OperationParamSelector@@CAXPAVQObject@@W4Call@QMetaObject@@HPAPAX@Z 00421100 f   moc_workmodels.obj
 0001:000203b0       ?qt_static_metacall@PlanController@@CAXPAVQObject@@W4Call@QMetaObject@@HPAPAX@Z 004213b0 f   moc_workmodels.obj
 0001:00020440       ?qt_static_metacall@PlanSelector@@CAXPAVQObject@@W4Call@QMetaObject@@HPAPAX@Z 00421440 f   moc_workmodels.obj
 0001:00020a10       ?qt_static_metacall@SingleOperationObject@@CAXPAVQObject@@W4Call@QMetaObject@@HPAPAX@Z 00421a10 f   moc_workmodels.obj
 0001:00020ac0       ?qt_static_metacall@StatusViewWatcher@@CAXPAVQObject@@W4Call@QMetaObject@@HPAPAX@Z 00421ac0 f   moc_workmodels.obj
 0001:00020b60       ?qt_static_metacall@TargetMachineObject@@CAXPAVQObject@@W4Call@QMetaObject@@HPAPAX@Z 00421b60 f   moc_workmodels.obj
 0001:00020cc0       ?qt_static_metacall@WorkLocationManager@@CAXPAVQObject@@W4Call@QMetaObject@@HPAPAX@Z 00421cc0 f   moc_workmodels.obj
 0001:00020e20       ?registerConverter@?$ValueTypeIsMetaType@V?$QList@H@@$00@QtPrivate@@SA_NH@Z 00421e20 f i moc_workmodels.obj
 0001:00020eb0       ?registerConverter@?$ValueTypeIsMetaType@V?$QList@PAVQObject@@@@$00@QtPrivate@@SA_NH@Z 00421eb0 f i moc_workmodels.obj
 0001:00020f40       ?revertSwitchChanged@OperationParamObject@@QAEXXZ 00421f40 f   moc_workmodels.obj
 0001:00020f60       ?setBoolValue@OperationParamObject@@QAEX_N@Z 00421f60 f i moc_workmodels.obj
 0001:00020f90       ?setBottomValue@OperationParamObject@@QAEXH@Z 00421f90 f i moc_workmodels.obj
 0001:00020fc0       ?setDisplay@OperationParamObject@@QAEXABVQString@@@Z 00421fc0 f i moc_workmodels.obj
 0001:00021000       ?setFactor@OperationParamObject@@QAEXH@Z 00422000 f i moc_workmodels.obj
 0001:00021030       ?setFloatValue@OperationParamObject@@QAEXN@Z 00422030 f i moc_workmodels.obj
 0001:00021070       ?setIntListValue@OperationParamObject@@QAEXABV?$QList@H@@@Z 00422070 f i moc_workmodels.obj
 0001:00021150       ?setIntegerValue@OperationParamObject@@QAEXH@Z 00422150 f i moc_workmodels.obj
 0001:00021180       ?setName@OperationParamObject@@QAEXABVQString@@@Z 00422180 f i moc_workmodels.obj
 0001:000211c0       ?setOperationName@SingleOperationObject@@QAEXABVQString@@@Z 004221c0 f i moc_workmodels.obj
 0001:00021200       ?setParamListModel@PlanSelector@@QAEXABV?$QList@PAVQObject@@@@@Z 00422200 f i moc_workmodels.obj
 0001:000212e0       ?setParamModel@OperationParamSelector@@QAEXABV?$QList@PAVQObject@@@@@Z 004222e0 f i moc_workmodels.obj
 0001:000213c0       ?setRevertSwitch@OperationParamObject@@QAEX_N@Z 004223c0 f i moc_workmodels.obj
 0001:000213f0       ?setStringValue@OperationParamObject@@QAEXABVQString@@@Z 004223f0 f i moc_workmodels.obj
 0001:00021430       ?setStringlistValue@OperationParamObject@@QAEXABVQStringList@@@Z 00422430 f i moc_workmodels.obj
 0001:000214b0       ?setSwitchValue@OperationParamObject@@QAEXABVQString@@@Z 004224b0 f i moc_workmodels.obj
 0001:000214f0       ?setTopValue@OperationParamObject@@QAEXH@Z 004224f0 f i moc_workmodels.obj
 0001:00021520       ?setUnit@OperationParamObject@@QAEXABVQString@@@Z 00422520 f i moc_workmodels.obj
 0001:00021560       ?settype@OperationParamObject@@QAEXABVQString@@@Z 00422560 f i moc_workmodels.obj
 0001:000215a0       ?statusChanged@StatusViewWatcher@@QAEXABVQJsonObject@@@Z 004225a0 f   moc_workmodels.obj
 0001:000215d0       ?stringListValue@OperationParamObject@@QBE?AVQStringList@@XZ 004225d0 f i moc_workmodels.obj
 0001:000215f0       ?stringValue@OperationParamObject@@QBE?AVQString@@XZ 004225f0 f i moc_workmodels.obj
 0001:00021610       ?stringValueChanged@OperationParamObject@@QAEXXZ 00422610 f   moc_workmodels.obj
 0001:00021630       ?stringlistValueChanged@OperationParamObject@@QAEXXZ 00422630 f   moc_workmodels.obj
 0001:00021650       ?switchValue@OperationParamObject@@QBE?AVQString@@XZ 00422650 f i moc_workmodels.obj
 0001:00021670       ?switchValueChanged@OperationParamObject@@QAEXXZ 00422670 f   moc_workmodels.obj
 0001:00021690       ?taskStateChanged@PlanController@@QAEXABVQString@@@Z 00422690 f   moc_workmodels.obj
 0001:000216c0       ?topValueChanged@OperationParamObject@@QAEXXZ 004226c0 f   moc_workmodels.obj
 0001:000216e0       ?type@OperationParamObject@@QBE?AVQString@@XZ 004226e0 f i moc_workmodels.obj
 0001:00021700       ?typeChanged@OperationParamObject@@QAEXXZ 00422700 f   moc_workmodels.obj
 0001:00021720       ?unit@OperationParamObject@@QBE?AVQString@@XZ 00422720 f i moc_workmodels.obj
 0001:00021740       ?workLocationTypeChanged@StatusViewWatcher@@QAEXXZ 00422740 f   moc_workmodels.obj
 0001:00021754       _MiniDumpWriteDump@28      00422754 f   DbgHelp:dbghelp.dll
 0001:0002175a       ?fixup@QValidator@@UBEXAAVQString@@@Z 0042275a f   Qt5Gui:Qt5Gui.dll
 0001:00021760       ?metaObject@QDoubleValidator@@UBEPBUQMetaObject@@XZ 00422760 f   Qt5Gui:Qt5Gui.dll
 0001:00021766       ?qt_metacall@QDoubleValidator@@UAEHW4Call@QMetaObject@@HPAPAX@Z 00422766 f   Qt5Gui:Qt5Gui.dll
 0001:0002176c       ?qt_metacast@QDoubleValidator@@UAEPAXPBD@Z 0042276c f   Qt5Gui:Qt5Gui.dll
 0001:00021772       ?setRange@QDoubleValidator@@UAEXNNH@Z 00422772 f   Qt5Gui:Qt5Gui.dll
 0001:00021778       ?childEvent@QObject@@MAEXPAVQChildEvent@@@Z 00422778 f   Qt5Core:Qt5Core.dll
 0001:0002177e       ?connectNotify@QObject@@MAEXABVQMetaMethod@@@Z 0042277e f   Qt5Core:Qt5Core.dll
 0001:00021784       ?customEvent@QObject@@MAEXPAVQEvent@@@Z 00422784 f   Qt5Core:Qt5Core.dll
 0001:0002178a       ?disconnectNotify@QObject@@MAEXABVQMetaMethod@@@Z 0042278a f   Qt5Core:Qt5Core.dll
 0001:00021790       ?event@QObject@@UAE_NPAVQEvent@@@Z 00422790 f   Qt5Core:Qt5Core.dll
 0001:00021796       ?eventFilter@QObject@@UAE_NPAV1@PAVQEvent@@@Z 00422796 f   Qt5Core:Qt5Core.dll
 0001:0002179c       ?timerEvent@QObject@@MAEXPAVQTimerEvent@@@Z 0042279c f   Qt5Core:Qt5Core.dll
 0001:000217a2       ?qRegisterResourceData@@YA_NHPBE00@Z 004227a2 f   Qt5Core:Qt5Core.dll
 0001:000217a8       ?qUnregisterResourceData@@YA_NHPBE00@Z 004227a8 f   Qt5Core:Qt5Core.dll
 0001:000217ae       ??3@YAXPAXI@Z              004227ae f   MSVCRT:delete_scalar_size.obj
 0001:000217bc       @__security_check_cookie@4 004227bc f   MSVCRT:_secchk_.obj
[...]
 0002:00058a18       __ehfuncinfo$??1?$QMap@VQString@@V1@@@QAE@XZ 00481a18     configfilehandler.obj
 0002:00058a18       __ehfuncinfo$??1?$QMap@VQString@@VQStringList@@@@QAE@XZ 00481a18     configfilehandler.obj
 0002:00058a3c       __ehfuncinfo$_main         00481a3c     main.obj
 0002:00058a60       __unwindtable$_main        00481a60     main.obj
 0002:00058b20       __ehfuncinfo$??$qmlRegisterType@VWorkLocationManager@@@@YAHPBDHH0@Z 00481b20     main.obj
 0002:00058b20       __ehfuncinfo$??$qmlRegisterType@VStatusViewWatcher@@@@YAHPBDHH0@Z 00481b20     main.obj
 0002:00058b20       __ehfuncinfo$??$qmlRegisterType@VTextFieldDoubleValidator@@@@YAHPBDHH0@Z 00481b20     main.obj
 0002:00058b20       __ehfuncinfo$??$qmlRegisterType@VPlanController@@@@YAHPBDHH0@Z 00481b20     main.obj
 0002:00058b20       __ehfuncinfo$??$qmlRegisterType@VOperationParamObject@@@@YAHPBDHH0@Z 00481b20     main.obj
 0002:00058b20       __ehfuncinfo$??$qmlRegisterType@VPlanSelector@@@@YAHPBDHH0@Z 00481b20     main.obj
 0002:00058b20       __ehfuncinfo$??$qmlRegisterType@VOperationParamSelector@@@@YAHPBDHH0@Z 00481b20     main.obj
 0002:00058b44       __unwindtable$??$qmlRegisterType@VOperationParamObject@@@@YAHPBDHH0@Z 00481b44     main.obj
 0002:00058b44       __unwindtable$??$qmlRegisterType@VPlanSelector@@@@YAHPBDHH0@Z 00481b44     main.obj
 0002:00058b44       __unwindtable$??$qmlRegisterType@VTextFieldDoubleValidator@@@@YAHPBDHH0@Z 00481b44     main.obj
 0002:00058b44       __unwindtable$??$qmlRegisterType@VStatusViewWatcher@@@@YAHPBDHH0@Z 00481b44     main.obj
 0002:00058b44       __unwindtable$??$qmlRegisterType@VWorkLocationManager@@@@YAHPBDHH0@Z 00481b44     main.obj
 0002:00058b44       __unwindtable$??$qmlRegisterType@VPlanController@@@@YAHPBDHH0@Z 00481b44     main.obj
 0002:00058b44       __unwindtable$??$qmlRegisterType@VOperationParamSelector@@@@YAHPBDHH0@Z 00481b44     main.obj
 0002:00058b6c       __unwindtable$?qt_metatype_id@?$QMetaTypeIdQObject@PAVPlanController@@$07@@SAHXZ 00481b6c     main.obj
 0002:00058b6c       __unwindtable$?qt_metatype_id@?$QMetaTypeIdQObject@PAVWorkLocationManager@@$07@@SAHXZ 00481b6c     main.obj
 0002:00058b6c       __unwindtable$?qt_metatype_id@?$QMetaTypeIdQObject@PAVTextFieldDoubleValidator@@$07@@SAHXZ 00481b6c     main.obj
 0002:00058b6c       __unwindtable$?qt_metatype_id@?$QMetaTypeIdQObject@PAVPlanSelector@@$07@@SAHXZ 00481b6c     main.obj
 0002:00058b6c       __unwindtable$?qt_metatype_id@?$QMetaTypeIdQObject@PAVOperationParamSelector@@$07@@SAHXZ 00481b6c     main.obj
 0002:00058b6c       __unwindtable$?qt_metatype_id@?$QMetaTypeIdQObject@PAVOperationParamObject@@$07@@SAHXZ 00481b6c     main.obj
 0002:00058b6c       __unwindtable$?qt_metatype_id@?$QMetaTypeIdQObject@PAVStatusViewWatcher@@$07@@SAHXZ 00481b6c     main.obj
 0002:00058b74       __ehfuncinfo$?qt_metatype_id@?$QMetaTypeIdQObject@PAVPlanController@@$07@@SAHXZ 00481b74     main.obj
 0002:00058b74       __ehfuncinfo$?qt_metatype_id@?$QMetaTypeIdQObject@PAVTextFieldDoubleValidator@@$07@@SAHXZ 00481b74     main.obj
 0002:00058b74       __ehfuncinfo$?qt_metatype_id@?$QMetaTypeIdQObject@PAVPlanSelector@@$07@@SAHXZ 00481b74     main.obj
 0002:00058b74       __ehfuncinfo$?qt_metatype_id@?$QMetaTypeIdQObject@PAVWorkLocationManager@@$07@@SAHXZ 00481b74     main.obj
 0002:00058b74       __ehfuncinfo$?qt_metatype_id@?$QMetaTypeIdQObject@PAVOperationParamSelector@@$07@@SAHXZ 00481b74     main.obj
 0002:00058b74       __ehfuncinfo$?qt_metatype_id@?$QMetaTypeIdQObject@PAVOperationParamObject@@$07@@SAHXZ 00481b74     main.obj
 0002:00058b74       __ehfuncinfo$?qt_metatype_id@?$QMetaTypeIdQObject@PAVStatusViewWatcher@@$07@@SAHXZ 00481b74     main.obj
 0002:00058b98       __unwindtable$??$createInto@VTextFieldDoubleValidator@@@QQmlPrivate@@YAXPAX@Z 00481b98     main.obj
 0002:00058b98       __unwindtable$??$createInto@VPlanSelector@@@QQmlPrivate@@YAXPAX@Z 00481b98     main.obj
 0002:00058b98       __unwindtable$??$createInto@VWorkLocationManager@@@QQmlPrivate@@YAXPAX@Z 00481b98     main.obj
 0002:00058b98       __unwindtable$??$createInto@VOperationParamSelector@@@QQmlPrivate@@YAXPAX@Z 00481b98     main.obj
 0002:00058b98       __unwindtable$??$createInto@VPlanController@@@QQmlPrivate@@YAXPAX@Z 00481b98     main.obj
 0002:00058b98       __unwindtable$??$createInto@VOperationParamObject@@@QQmlPrivate@@YAXPAX@Z 00481b98     main.obj
 0002:00058b98       __unwindtable$??$createInto@VStatusViewWatcher@@@QQmlPrivate@@YAXPAX@Z 00481b98     main.obj
 0002:00058ba0       __ehfuncinfo$??$createInto@VOperationParamObject@@@QQmlPrivate@@YAXPAX@Z 00481ba0     main.obj
 0002:00058ba0       __ehfuncinfo$??$createInto@VOperationParamSelector@@@QQmlPrivate@@YAXPAX@Z 00481ba0     main.obj
 0002:00058ba0       __ehfuncinfo$??$createInto@VPlanSelector@@@QQmlPrivate@@YAXPAX@Z 00481ba0     main.obj
 0002:00058ba0       __ehfuncinfo$??$createInto@VStatusViewWatcher@@@QQmlPrivate@@YAXPAX@Z 00481ba0     main.obj
 0002:00058ba0       __ehfuncinfo$??$createInto@VPlanController@@@QQmlPrivate@@YAXPAX@Z 00481ba0     main.obj
 0002:00058ba0       __ehfuncinfo$??$createInto@VWorkLocationManager@@@QQmlPrivate@@YAXPAX@Z 00481ba0     main.obj
 0002:00058ba0       __ehfuncinfo$??$createInto@VTextFieldDoubleValidator@@@QQmlPrivate@@YAXPAX@Z 00481ba0     main.obj
 0002:00058bf8       __ehfuncinfo$?setSelectedOperation@OperationParamSelector@@QAEXH@Z 00481bf8     workmodels.obj
 0002:00058c1c       __unwindtable$?setSelectedOperation@OperationParamSelector@@QAEXH@Z 00481c1c     workmodels.obj
 0002:00058c84       __ehfuncinfo$?onCompleteSingleOperation@OperationParamSelector@@QAEXXZ 00481c84     workmodels.obj
 0002:00058ca8       __unwindtable$?onCompleteSingleOperation@OperationParamSelector@@QAEXXZ 00481ca8     workmodels.obj
 0002:00058ce8       __unwindtable$??0PlanSelector@@QAE@PAVQObject@@@Z 00481ce8     workmodels.obj
 0002:00058d08       __ehfuncinfo$??0PlanSelector@@QAE@PAVQObject@@@Z 00481d08     workmodels.obj
 0002:00058d2c       __unwindtable$??1PlanSelector@@UAE@XZ 00481d2c     workmodels.obj
 0002:00058d3c       __ehfuncinfo$??1PlanSelector@@UAE@XZ 00481d3c     workmodels.obj
 0002:00058d60       __ehfuncinfo$?setSelectedStep@PlanSelector@@QAEXHH@Z 00481d60     workmodels.obj
 0002:00058d84       __unwindtable$?setSelectedStep@PlanSelector@@QAEXHH@Z 00481d84     workmodels.obj
 0002:00058dec       __ehfuncinfo$?setSelectedOperation@PlanSelector@@QAEXHHH@Z 00481dec     workmodels.obj
 0002:00058e10       __unwindtable$?setSelectedOperation@PlanSelector@@QAEXHHH@Z 00481e10     workmodels.obj
 0002:00058e98       __unwindtable$?getSwitch@OperationParamSelector@@QAEPAVQObject@@ABVQString@@@Z 00481e98     workmodels.obj
 0002:00058e98       __unwindtable$?getSwitch@PlanSelector@@QAEPAVQObject@@ABVQString@@@Z 00481e98     workmodels.obj
 0002:00058eb0       __ehfuncinfo$?getSwitch@PlanSelector@@QAEPAVQObject@@ABVQString@@@Z 00481eb0     workmodels.obj
 0002:00058eb0       __ehfuncinfo$?getSwitch@OperationParamSelector@@QAEPAVQObject@@ABVQString@@@Z 00481eb0     workmodels.obj
 0002:00058ed4       __unwindtable$??0Communication@@QAE@PAVQObject@@@Z 00481ed4     communication.obj
 0002:00058ed4       __unwindtable$??0PlanController@@QAE@PAVQObject@@@Z 00481ed4     workmodels.obj
 0002:00058ed4       __unwindtable$??0StatusViewWatcher@@QAE@PAVQObject@@@Z 00481ed4     workmodels.obj
 0002:00058ed4       __unwindtable$??0configFileHandler@@QAE@PAVQObject@@@Z 00481ed4     configfilehandler.obj
 0002:00058edc       __ehfuncinfo$??0StatusViewWatcher@@QAE@PAVQObject@@@Z 00481edc     workmodels.obj
 0002:00058edc       __ehfuncinfo$??0configFileHandler@@QAE@PAVQObject@@@Z 00481edc     configfilehandler.obj
 0002:00058edc       __ehfuncinfo$??0PlanController@@QAE@PAVQObject@@@Z 00481edc     workmodels.obj
 0002:00058edc       __ehfuncinfo$??0Communication@@QAE@PAVQObject@@@Z 00481edc     communication.obj
 0002:00058f00       __unwindtable$??_GStatusViewWatcher@@UAEPAXI@Z 00481f00     workmodels.obj
 0002:00058f08       __ehfuncinfo$??_GStatusViewWatcher@@UAEPAXI@Z 00481f08     workmodels.obj
 0002:00058f2c       __unwindtable$?onMachineConfigChanged@TargetMachineObject@@QAE_NXZ 00481f2c     workmodels.obj
 0002:00058f34       __ehfuncinfo$?onMachineConfigChanged@TargetMachineObject@@QAE_NXZ 00481f34     workmodels.obj
 0002:00058f58       __unwindtable$?exportConfigFile@ConfigFileConverter@@QAE_NABVQUrl@@@Z 00481f58     workmodels.obj
 0002:00058f58       __unwindtable$?importConfigFile@ConfigFileConverter@@QAE_NABVQUrl@@@Z 00481f58     workmodels.obj
 0002:00058f58       __unwindtable$?getConfigFullName@@YA?AVQString@@PBD@Z 00481f58     main.obj
 0002:00058f60       __ehfuncinfo$?getConfigFullName@@YA?AVQString@@PBD@Z 00481f60     main.obj
 0002:00058f60       __ehfuncinfo$?exportConfigFile@ConfigFileConverter@@QAE_NABVQUrl@@@Z 00481f60     workmodels.obj
 0002:00058f60       __ehfuncinfo$?importConfigFile@ConfigFileConverter@@QAE_NABVQUrl@@@Z 00481f60     workmodels.obj
 0002:00058f84       __unwindtable$?readConfigFIle@ConfigFileConverter@@QAE?AVQString@@ABVQUrl@@@Z 00481f84     workmodels.obj
 0002:00058fa4       __ehfuncinfo$?readConfigFIle@ConfigFileConverter@@QAE?AVQString@@ABVQUrl@@@Z 00481fa4     workmodels.obj
 0002:00058fc8       __ehfuncinfo$?doCheck@SubThreadCheckWorker@@QAEXABVQJsonObject@@@Z 00481fc8     workflowChecker.obj
 0002:00058fec       __unwindtable$?doCheck@SubThreadCheckWorker@@QAEXABVQJsonObject@@@Z 00481fec     workflowChecker.obj
 0002:000590f4       __ehfuncinfo$?configChecker@SubThreadCheckWorker@@QAEXABVQJsonArray@@@Z 004820f4     workflowChecker.obj
 0002:00059118       __unwindtable$?configChecker@SubThreadCheckWorker@@QAEXABVQJsonArray@@@Z 00482118     workflowChecker.obj
 0002:000591a0       __ehfuncinfo$?CheckBoardConstraint@SubThreadCheckWorker@@IAE_NABVQJsonObject@@@Z 004821a0     workflowChecker.obj
 0002:000591c4       __unwindtable$?CheckBoardConstraint@SubThreadCheckWorker@@IAE_NABVQJsonObject@@@Z 004821c4     workflowChecker.obj
 0002:00059274       __ehfuncinfo$?CheckParamConstraint@SubThreadCheckWorker@@IAE_NABVQJsonObject@@@Z 00482274     workflowChecker.obj
 0002:00059298       __unwindtable$?CheckParamConstraint@SubThreadCheckWorker@@IAE_NABVQJsonObject@@@Z 00482298     workflowChecker.obj
 0002:00059400       __ehfuncinfo$?isFilteredCommand@SubThreadCheckWorker@@IAE_NABVQJsonObject@@@Z 00482400     workflowChecker.obj
 0002:00059424       __unwindtable$?isFilteredCommand@SubThreadCheckWorker@@IAE_NABVQJsonObject@@@Z 00482424     workflowChecker.obj
 0002:000594c4       __ehfuncinfo$??0WorkflowCheckerController@@QAE@PAVQObject@@@Z 004824c4     workflowChecker.obj
 0002:000594e8       __unwindtable$??0WorkflowCheckerController@@QAE@PAVQObject@@@Z 004824e8     workflowChecker.obj
 0002:00059518       __unwindtable$?statusChanged@WorkflowCheckerController@@QAEXABVQJsonObject@@@Z 00482518     workflowChecker.obj
 0002:00059518       __unwindtable$?statusChanged@WorkflowController@@QAEXABVQJsonObject@@@Z 00482518     workflowprotocol.obj
 0002:00059528       __ehfuncinfo$?statusChanged@WorkflowCheckerController@@QAEXABVQJsonObject@@@Z 00482528     workflowChecker.obj
 0002:00059528       __ehfuncinfo$?statusChanged@WorkflowController@@QAEXABVQJsonObject@@@Z 00482528     workflowprotocol.obj
 0002:0005954c       __unwindtable$??__Fdummy@?A0x60b45615@@YAXXZ 0048254c     qrc_qml.obj
 0002:0005954c       __unwindtable$??__Ff@?4??registerConverter@?$ValueTypeIsMetaType@V?$QList@H@@$00@QtPrivate@@SA_NH@Z@YAXXZ 0048254c     moc_workmodels.obj
 0002:0005954c       __unwindtable$??__Ff@?4??registerConverter@?$ValueTypeIsMetaType@V?$QList@PAVQObject@@@@$00@QtPrivate@@SA_NH@Z@YAXXZ 0048254c     moc_workmodels.obj
 0002:0005954c       __unwindtable$?Destruct@?$QMetaTypeFunctionHelper@V?$QList@H@@$00@QtMetaTypePrivate@@SAXPAX@Z 0048254c     moc_workmodels.obj
 0002:0005954c       __unwindtable$?Destruct@?$QMetaTypeFunctionHelper@V?$QList@PAVQObject@@@@$00@QtMetaTypePrivate@@SAXPAX@Z 0048254c     moc_workmodels.obj
 0002:00059554       __ehfuncinfo$??__Ff@?4??registerConverter@?$ValueTypeIsMetaType@V?$QList@H@@$00@QtPrivate@@SA_NH@Z@YAXXZ 00482554     moc_workmodels.obj
 0002:00059554       __ehfuncinfo$?Destruct@?$QMetaTypeFunctionHelper@V?$QList@PAVQObject@@@@$00@QtMetaTypePrivate@@SAXPAX@Z 00482554     moc_workmodels.obj
 0002:00059554       __ehfuncinfo$?Destruct@?$QMetaTypeFunctionHelper@V?$QList@H@@$00@QtMetaTypePrivate@@SAXPAX@Z 00482554     moc_workmodels.obj
 0002:00059554       __ehfuncinfo$??__Fdummy@?A0x60b45615@@YAXXZ 00482554     qrc_qml.obj
 0002:00059554       __ehfuncinfo$??__Ff@?4??registerConverter@?$ValueTypeIsMetaType@V?$QList@PAVQObject@@@@$00@QtPrivate@@SA_NH@Z@YAXXZ 00482554     moc_workmodels.obj
 0002:00059578       __unwindtable$?qt_metatype_id@?$QMetaTypeId@V?$QList@PAVQObject@@@@@@SAHXZ 00482578     moc_workmodels.obj
 0002:00059578       __unwindtable$?qt_metatype_id@?$QMetaTypeId@VQSequentialIterableImpl@QtMetaTypePrivate@@@@SAHXZ 00482578     moc_workmodels.obj
 0002:00059580       __ehfuncinfo$?qt_metatype_id@?$QMetaTypeId@V?$QList@PAVQObject@@@@@@SAHXZ 00482580     moc_workmodels.obj
 0002:00059580       __ehfuncinfo$?qt_metatype_id@?$QMetaTypeId@VQSequentialIterableImpl@QtMetaTypePrivate@@@@SAHXZ 00482580     moc_workmodels.obj
 0002:000595a4       __unwindtable$?qt_static_metacall@OperationParamSelector@@CAXPAVQObject@@W4Call@QMetaObject@@HPAPAX@Z 004825a4     moc_workmodels.obj
 0002:000595ac       __ehfuncinfo$?qt_static_metacall@OperationParamSelector@@CAXPAVQObject@@W4Call@QMetaObject@@HPAPAX@Z 004825ac     moc_workmodels.obj
 0002:000595d0       __unwindtable$?qt_static_metacall@PlanSelector@@CAXPAVQObject@@W4Call@QMetaObject@@HPAPAX@Z 004825d0     moc_workmodels.obj
 0002:000595f0       __ehfuncinfo$?qt_static_metacall@PlanSelector@@CAXPAVQObject@@W4Call@QMetaObject@@HPAPAX@Z 004825f0     moc_workmodels.obj
 0002:00059614       __unwindtable$?qt_static_metacall@WorkLocationManager@@CAXPAVQObject@@W4Call@QMetaObject@@HPAPAX@Z 00482614     moc_workmodels.obj
 0002:00059624       __ehfuncinfo$?qt_static_metacall@WorkLocationManager@@CAXPAVQObject@@W4Call@QMetaObject@@HPAPAX@Z 00482624     moc_workmodels.obj
 0002:00059648       __unwindtable$?Construct@?$QMetaTypeFunctionHelper@V?$QList@PAVQObject@@@@$00@QtMetaTypePrivate@@SAPAXPAXPBX@Z 00482648     moc_workmodels.obj
 0002:00059648       __unwindtable$?Construct@?$QMetaTypeFunctionHelper@V?$QList@H@@$00@QtMetaTypePrivate@@SAPAXPAXPBX@Z 00482648     moc_workmodels.obj
 0002:00059650       __ehfuncinfo$?Construct@?$QMetaTypeFunctionHelper@V?$QList@H@@$00@QtMetaTypePrivate@@SAPAXPAXPBX@Z 00482650     moc_workmodels.obj
 0002:00059650       __ehfuncinfo$?Construct@?$QMetaTypeFunctionHelper@V?$QList@PAVQObject@@@@$00@QtMetaTypePrivate@@SAPAXPAXPBX@Z 00482650     moc_workmodels.obj
 0002:00059674       __unwindtable$?qt_metatype_id@?$QMetaTypeId@V?$QList@H@@@@SAHXZ 00482674     moc_workmodels.obj
 0002:0005967c       __ehfuncinfo$?qt_metatype_id@?$QMetaTypeId@V?$QList@H@@@@SAHXZ 0048267c     moc_workmodels.obj
 0002:000596a0       __sehtable$___scrt_is_nonwritable_in_current_image 004826a0     MSVCRT:utility.obj
 0002:000596c0       __sehtable$?__scrt_common_main_seh@@YAHXZ 004826c0     MSVCRT:exe_winmain.obj
 0002:00059ec4       .idata$6                   00482ec4     DbgHelp:dbghelp.dll
 0002:00059fc8       .idata$6                   00482fc8     Qt5Quick:Qt5Quick.dll
 0002:0005a320       .idata$6                   00483320     Qt5Gui:Qt5Gui.dll
 0002:0005a47c       .idata$6                   0048347c     Qt5Qml:Qt5Qml.dll
 0002:0005a63c       .idata$6                   0048363c     Qt5Network:Qt5Network.dll
 0002:0005cbda       .idata$6                   00485bda     Qt5Core:Qt5Core.dll
 0002:0005ce26       .idata$6                   00485e26     kernel32:KERNEL32.dll
 0002:0005ce6a       .idata$6                   00485e6a     ole32:ole32.dll
 0002:0005ce74       .idata$6                   00485e74     oleaut32:OLEAUT32.dll
 0002:0005cf58       .idata$6                   00485f58     vcruntime:VCRUNTIME140.dll
 0002:0005d15e       .idata$6                   0048615e     ucrt:api-ms-win-crt-runtime-l1-1-0.dll
 0002:0005d180       .idata$6                   00486180     ucrt:api-ms-win-crt-heap-l1-1-0.dll
 0002:0005d1a0       .idata$6                   004861a0     ucrt:api-ms-win-crt-math-l1-1-0.dll
 0002:0005d1c0       .idata$6                   004861c0     ucrt:api-ms-win-crt-stdio-l1-1-0.dll
 0002:0005d1e0       .idata$6                   004861e0     ucrt:api-ms-win-crt-locale-l1-1-0.dll
 0002:0005d218       .idata$6                   00486218     shell32:SHELL32.dll
 0003:000007c8       ?mapTable@?1??toChar@configFileHandler@@QAE?AVQChar@@E@Z@4QBV3@B 004877c8     configfilehandler.obj
 0003:000007e8       ?$TSS0@?1??toChar@configFileHandler@@QAE?AVQChar@@E@Z@4HA 004877e8     configfilehandler.obj
 0003:000007ec       ?mapTable@?1??fromChar@configFileHandler@@QAEEVQChar@@@Z@4QBV3@B 004877ec     configfilehandler.obj
 0003:0000080c       ?$TSS0@?1??fromChar@configFileHandler@@QAEEVQChar@@@Z@4HA 0048780c     configfilehandler.obj
 0003:00000868       ?_Tss_mutex@@3U_RTL_CRITICAL_SECTION@@A 00487868     MSVCRT:thread_safe_statics.obj
 0003:00000880       ?_Tss_cv@@3U_RTL_CONDITION_VARIABLE@@A 00487880     MSVCRT:thread_safe_statics.obj
 0003:00000884       ?_Tss_event@@3PAXA         00487884     MSVCRT:thread_safe_statics.obj
 0003:00000888       ?encoded_sleep_condition_variable_cs@@3P6GHPAU_RTL_CONDITION_VARIABLE@@PAU_RTL_CRITICAL_SECTION@@K@ZA 00487888     MSVCRT:thread_safe_statics.obj
 0003:0000088c       ?encoded_wake_all_condition_variable@@3P6GXPAU_RTL_CONDITION_VARIABLE@@@ZA 0048788c     MSVCRT:thread_safe_statics.obj
 0003:0000089c       ?module_local_atexit_table@@3U_onexit_table_t@@A 0048789c     MSVCRT:utility.obj
 0003:000008a8       ?module_local_at_quick_exit_table@@3U_onexit_table_t@@A 004878a8     MSVCRT:utility.obj
 0003:000008b4       ?is_initialized_as_dll@@3_NA 004878b4     MSVCRT:utility.obj
 0003:000008b8       _GS_ExceptionRecord        004878b8     MSVCRT:gs_report.obj
 0003:00000908       _GS_ContextRecord          00487908     MSVCRT:gs_report.obj
 0004:00000000       __guard_fids__             00488000     MSVCRT:std_type_info_static.obj
 0004:00000004       __guard_fids__             00488004     MSVCRT:thread_safe_statics.obj
 0004:00000008       __guard_fids_?__scrt_initialize_thread_safe_statics@@YAHXZ 00488008     MSVCRT:thread_safe_statics.obj
 0004:0000000c       __guard_fids__             0048800c     MSVCRT:exe_winmain.obj
 0004:00000010       __guard_fids__             00488010     MSVCRT:exe_winmain.obj
 0004:00000014       __guard_fids__             00488014     MSVCRT:exe_winmain.obj
 0004:00000018       __guard_fids_?pre_c_initialization@@YAHXZ 00488018     MSVCRT:exe_winmain.obj
 0004:00000020       __guard_fids__             00488020     MSVCRT:throw_bad_alloc.obj
 0004:00000028       __guard_fids__             00488028     MSVCRT:throw_bad_alloc.obj
 0004:00000030       __guard_fids__             00488030     MSVCRT:throw_bad_alloc.obj
 0004:00000038       __guard_fids__             00488038     MSVCRT:throw_bad_alloc.obj
 0004:0000003c       __guard_fids__             0048803c     MSVCRT:throw_bad_alloc.obj
 0004:00000040       __guard_fids__             00488040     MSVCRT:throw_bad_alloc.obj
 0004:00000044       __guard_fids__             00488044     MSVCRT:throw_bad_alloc.obj
 0004:00000048       __guard_fids__             00488048     MSVCRT:throw_bad_alloc.obj
 0004:0000004c       __guard_fids____scrt_set_unhandled_exception_filter 0048804c     MSVCRT:utility_desktop.obj
 0004:00000050       __guard_fids___except_handler4 00488050     MSVCRT:_chandler4gs_.obj
 0004:00000054       __guard_fids__             00488054     MSVCRT:guard_support.obj
 0006:00000060       $R000000                   0048a060     * linker generated manifest res *
