 MindGoTool_AllInOne

 Timestamp is 593d44f7 (Sun Jun 11 21:26:15 2017)

 Preferred load address is 00400000

 Start         Length     Name                   Class
 0001:00000000 000000e0H .text$di                CODE
 0001:000000e0 00016080H .text$mn                CODE
 0001:00016160 000029d0H .text$x                 CODE
 0001:00018b30 000000fdH .text$yd                CODE
 0002:00000000 00000504H .idata$5                DATA
 0002:00000504 00000004H .00cfg                  DATA
 0002:00000508 00000004H .CRT$XCA                DATA
 0002:0000050c 00000004H .CRT$XCAA               DATA
 0002:00000510 00000030H .CRT$XCU                DATA
 0002:00000540 00000004H .CRT$XCZ                DATA
 0002:00000544 00000004H .CRT$XIA                DATA
 0002:00000548 00000004H .CRT$XIAA               DATA
 0002:0000054c 00000004H .CRT$XIAC               DATA
 0002:00000550 00000004H .CRT$XIC                DATA
 0002:00000554 00000004H .CRT$XIZ                DATA
 0002:00000558 00000004H .CRT$XLA                DATA
 0002:0000055c 00000004H .CRT$XLZ                DATA
 0002:00000560 00000004H .CRT$XPA                DATA
 0002:00000564 00000004H .CRT$XPZ                DATA
 0002:00000568 00000004H .CRT$XTA                DATA
 0002:0000056c 00000004H .CRT$XTZ                DATA
 0002:00000570 003414c4H .rdata                  DATA
 0002:00341a34 00000018H .rdata$T                DATA
 0002:00341a4c 00000874H .rdata$r                DATA
 0002:003422c0 000001f8H .rdata$sxdata           DATA
 0002:003424b8 000003e0H .rdata$zzzdbg           DATA
 0002:00342898 00000004H .rtc$IAA                DATA
 0002:0034289c 00000004H .rtc$IZZ                DATA
 0002:003428a0 00000004H .rtc$TAA                DATA
 0002:003428a4 00000004H .rtc$TZZ                DATA
 0002:003428a8 0000336cH .xdata$x                DATA
 0002:00345c14 00000000H .edata                  DATA
 0002:00345c14 00000118H .idata$2                DATA
 0002:00345d2c 00000014H .idata$3                DATA
 0002:00345d40 00000504H .idata$4                DATA
 0002:00346244 00002b78H .idata$6                DATA
 0003:00000000 00000138H .data                   DATA
 0003:00000138 00000470H .data$r                 DATA
 0003:000005a8 00000418H .bss                    DATA
 0004:00000000 00000004H .tls                    DATA
 0004:00000004 00000004H .tls$                   DATA
 0004:00000008 00000001H .tls$ZZZ                DATA
 0005:00000000 00000058H .gfids$y                DATA
 0006:00000000 00000060H .rsrc$01                DATA
 0006:00000060 00000290H .rsrc$02                DATA

  Address         Publics by Value              Rva+Base       Lib:Object

 0000:00000000       ___guard_iat_table         00000000     <absolute>
 0000:00000000       ___guard_iat_count         00000000     <absolute>
 0000:00000000       ___guard_fids_count        00000000     <absolute>
 0000:00000000       ___guard_fids_table        00000000     <absolute>
 0000:00000000       ___guard_longjmp_table     00000000     <absolute>
 0000:00000000       ___dynamic_value_reloc_table 00000000     <absolute>
 0000:00000000       ___guard_longjmp_count     00000000     <absolute>
 0000:0000002c       __tls_array                0000002c     <absolute>
 0000:0000007e       ___safe_se_handler_count   0000007e     <absolute>
 0000:00000100       ___guard_flags             00000100     <absolute>
 0000:00000000       ___ImageBase               00400000     <linker-defined>
 0001:000000e0       ??0Communication@@QAE@XZ   004010e0 f   communication.obj
 0001:00000100       ?connectToServer@Communication@@QAE_NABVQString@@G@Z 00401100 f   communication.obj
 0001:00000220       ?disconnect@Communication@@QAEXXZ 00401220 f   communication.obj
 0001:00000240       ?readData@Communication@@QAE?AVQByteArray@@H@Z 00401240 f   communication.obj
 0001:000002c0       ?write@Communication@@QAE_JABVQByteArray@@@Z 004012c0 f   communication.obj
 0001:00000310       ??$connect@P8QThread@@AEXUQPrivateSignal@1@@ZP8QObject@@AEXXZ@QObject@@SA?AVConnection@QMetaObject@@PBVQThread@@P83@AEXUQPrivateSignal@3@@ZPBV0@P80@AEXXZW4ConnectionType@Qt@@@Z 00401310 f i workflowprotocol.obj
 0001:00000370       ??$connect@P8SubThreadWorker@@AEXABVQJsonObject@@@ZP8WorkflowController@@AEX0@Z@QObject@@SA?AVConnection@QMetaObject@@PBVSubThreadWorker@@P83@AEXABVQJsonObject@@@ZPBVWorkflowController@@P85@AEX1@ZW4ConnectionType@Qt@@@Z 00401370 f i workflowprotocol.obj
 0001:000003e0       ??$connect@P8SubThreadWorker@@AEX_NH@ZP8WorkflowController@@AEX0H@Z@QObject@@SA?AVConnection@QMetaObject@@PBVSubThreadWorker@@P83@AEX_NH@ZPBVWorkflowController@@P84@AEX1H@ZW4ConnectionType@Qt@@@Z 004013e0 f i workflowprotocol.obj
 0001:00000450       ??$connect@P8WorkflowController@@AEXABVQJsonObject@@@ZP8SubThreadWorker@@AEX0@Z@QObject@@SA?AVConnection@QMetaObject@@PBVWorkflowController@@P83@AEXABVQJsonObject@@@ZPBVSubThreadWorker@@P85@AEX1@ZW4ConnectionType@Qt@@@Z 00401450 f i workflowprotocol.obj
 0001:000004c0       ??$connect@P8WorkflowController@@AEXABVQString@@@ZP8SubThreadWorker@@AEX0@Z@QObject@@SA?AVConnection@QMetaObject@@PBVWorkflowController@@P83@AEXABVQString@@@ZPBVSubThreadWorker@@P85@AEX1@ZW4ConnectionType@Qt@@@Z 004014c0 f i workflowprotocol.obj
 0001:00000530       ??$connect@P8WorkflowController@@AEXABVQString@@G@ZP8SubThreadWorker@@AEX0G@Z@QObject@@SA?AVConnection@QMetaObject@@PBVWorkflowController@@P83@AEXABVQString@@G@ZPBVSubThreadWorker@@P85@AEX1G@ZW4ConnectionType@Qt@@@Z 00401530 f i workflowprotocol.obj
 0001:000005a0       ??$connect@P8WorkflowController@@AEXXZP8SubThreadWorker@@AEXXZ@QObject@@SA?AVConnection@QMetaObject@@PBVWorkflowController@@P83@AEXXZPBVSubThreadWorker@@P84@AEXXZW4ConnectionType@Qt@@@Z 004015a0 f i workflowprotocol.obj
 0001:00000600       ??$formatWord@E@WorkflowProtocol@@IAE?AVQByteArray@@E@Z 00401600 f i workflowprotocol.obj
 0001:00000630       ??$formatWord@G@WorkflowProtocol@@IAE?AVQByteArray@@G@Z 00401630 f i workflowprotocol.obj
 0001:00000660       ??$qMakeForeachContainer@AAV?$QList@VQString@@@@@QtPrivate@@YA?AV?$QForeachContainer@V?$QList@VQString@@@@@0@AAV?$QList@VQString@@@@@Z 00401660 f i workflowprotocol.obj
 0001:000006a0       ??0?$QList@VQString@@@@QAE@ABV0@@Z 004016a0 f i workflowprotocol.obj
 0001:00000750       ??0WorkflowController@@QAE@PAVQObject@@@Z 00401750 f   workflowprotocol.obj
 0001:00000940       ??1?$QForeachContainer@VQStringList@@@QtPrivate@@QAE@XZ 00401940 f i workflowprotocol.obj
 0001:00000940       ??1QStringList@@QAE@XZ     00401940 f i workflowprotocol.obj
 0001:00000950       ??1?$QList@VQString@@@@QAE@XZ 00401950 f i workflowprotocol.obj
 0001:000009e0       ??1Communication@@QAE@XZ   004019e0 f i workflowprotocol.obj
 0001:000009f0       ??1SubThreadWorker@@UAE@XZ 004019f0 f   workflowprotocol.obj
 0001:00000a90       ??1WorkflowController@@UAE@XZ 00401a90 f   workflowprotocol.obj
 0001:00000b00       ??4?$QList@UloopControl@SubThreadWorker@@@@QAEAAV0@$$QAV0@@Z 00401b00 f i workflowprotocol.obj
 0001:00000bb0       ??_ERunningStateChangeEvent@@UAEPAXI@Z 00401bb0 f i workflowprotocol.obj
 0001:00000bb0       ??_GRunningStateChangeEvent@@UAEPAXI@Z 00401bb0 f i workflowprotocol.obj
 0001:00000be0       ??_GStatusChangeEvent@@UAEPAXI@Z 00401be0 f i workflowprotocol.obj
 0001:00000be0       ??_EStatusChangeEvent@@UAEPAXI@Z 00401be0 f i workflowprotocol.obj
 0001:00000c10       ??_ESubThreadWorker@@UAEPAXI@Z 00401c10 f i workflowprotocol.obj
 0001:00000c10       ??_GSubThreadWorker@@UAEPAXI@Z 00401c10 f i workflowprotocol.obj
 0001:00000c30       ??_EWorkflowController@@UAEPAXI@Z 00401c30 f i workflowprotocol.obj
 0001:00000c30       ??_GWorkflowController@@UAEPAXI@Z 00401c30 f i workflowprotocol.obj
 0001:00000cc0       ?append@?$QList@UloopControl@SubThreadWorker@@@@QAEXABUloopControl@SubThreadWorker@@@Z 00401cc0 f i workflowprotocol.obj
 0001:00000d70       ?append@?$QList@VQString@@@@QAEXABVQString@@@Z 00401d70 f i workflowprotocol.obj
 0001:00000e20       ?changeHost@SubThreadWorker@@QAEXABVQString@@G@Z 00401e20 f   workflowprotocol.obj
 0001:00000e40       ?clear@?$QList@UloopControl@SubThreadWorker@@@@QAEXXZ 00401e40 f i workflowprotocol.obj
 0001:00000ee0       ?configProtocol@SubThreadWorker@@QAEXABVQString@@@Z 00401ee0 f   workflowprotocol.obj
 0001:00000ef0       ?dealloc@?$QList@UloopControl@SubThreadWorker@@@@AAEXPAUData@QListData@@@Z 00401ef0 f i workflowprotocol.obj
 0001:00000f40       ?detach_helper@?$QList@UloopControl@SubThreadWorker@@@@AAEXH@Z 00401f40 f i workflowprotocol.obj
 0001:00001010       ?detach_helper_grow@?$QList@UloopControl@SubThreadWorker@@@@AAEPAUNode@1@HH@Z 00402010 f i workflowprotocol.obj
 0001:00001160       ?detach_helper_grow@?$QList@VQString@@@@AAEPAUNode@1@HH@Z 00402160 f i workflowprotocol.obj
 0001:000012e0       ?doTunning@SubThreadWorker@@QAEXABVQJsonObject@@@Z 004022e0 f   workflowprotocol.obj
 0001:00001410       ?doWork@SubThreadWorker@@QAEXABVQJsonObject@@@Z 00402410 f   workflowprotocol.obj
 0001:00001740       ?erase@?$QList@UloopControl@SubThreadWorker@@@@QAE?AViterator@1@V21@@Z 00402740 f i workflowprotocol.obj
 0001:000017c0       ?formatRecvFrameToJsonObject@WorkflowProtocol@@QAE_NAAVQJsonObject@@@Z 004027c0 f   workflowprotocol.obj
 0001:00001860       ?handleControlCommand@SubThreadWorker@@IAE_NAAVCommunication@@AAVQJsonObject@@@Z 00402860 f   workflowprotocol.obj
 0001:00002180       ?handleLogicalCommand@SubThreadWorker@@IAE_NAAVQJsonObject@@AAH@Z 00403180 f   workflowprotocol.obj
 0001:000028f0       ?handleLoopCommand@SubThreadWorker@@IAE_NAAVQJsonObject@@AAH@Z 004038f0 f   workflowprotocol.obj
 0001:00003080       ?impl@?$QSlotObject@P8SubThreadWorker@@AEXABVQJsonObject@@@ZU?$List@ABVQJsonObject@@@QtPrivate@@X@QtPrivate@@CAXHPAVQSlotObjectBase@2@PAVQObject@@PAPAXPA_N@Z 00404080 f i workflowprotocol.obj
 0001:00003080       ?impl@?$QSlotObject@P8SubThreadWorker@@AEXABVQString@@@ZU?$List@ABVQString@@@QtPrivate@@X@QtPrivate@@CAXHPAVQSlotObjectBase@2@PAVQObject@@PAPAXPA_N@Z 00404080 f i workflowprotocol.obj
 0001:00003080       ?impl@?$QSlotObject@P8WorkflowController@@AEXABVQJsonObject@@@ZU?$List@ABVQJsonObject@@@QtPrivate@@X@QtPrivate@@CAXHPAVQSlotObjectBase@2@PAVQObject@@PAPAXPA_N@Z 00404080 f i workflowprotocol.obj
 0001:000030e0       ?impl@?$QSlotObject@P8SubThreadWorker@@AEXABVQString@@G@ZU?$List@ABVQString@@G@QtPrivate@@X@QtPrivate@@CAXHPAVQSlotObjectBase@2@PAVQObject@@PAPAXPA_N@Z 004040e0 f i workflowprotocol.obj
 0001:00003140       ?impl@?$QSlotObject@P8QObject@@AEXXZU?$List@$$V@QtPrivate@@X@QtPrivate@@CAXHPAVQSlotObjectBase@2@PAVQObject@@PAPAXPA_N@Z 00404140 f i workflowprotocol.obj
 0001:00003140       ?impl@?$QSlotObject@P8StatusViewWatcher@@AEXXZU?$List@$$V@QtPrivate@@X@QtPrivate@@CAXHPAVQSlotObjectBase@2@PAVQObject@@PAPAXPA_N@Z 00404140 f i workmodels.obj
 0001:00003140       ?impl@?$QSlotObject@P8SubThreadWorker@@AEXXZU?$List@$$V@QtPrivate@@X@QtPrivate@@CAXHPAVQSlotObjectBase@2@PAVQObject@@PAPAXPA_N@Z 00404140 f i workflowprotocol.obj
 0001:00003190       ?impl@?$QSlotObject@P8WorkflowController@@AEX_NH@ZU?$List@_NH@QtPrivate@@X@QtPrivate@@CAXHPAVQSlotObjectBase@2@PAVQObject@@PAPAXPA_N@Z 00404190 f i workflowprotocol.obj
 0001:000031f0       ?init@WorkflowController@@QAEXABVQString@@@Z 004041f0 f   workflowprotocol.obj
 0001:00003200       ?initProtocol@WorkflowProtocol@@QAE_NABVQString@@@Z 00404200 f   workflowprotocol.obj
 0001:00003350       ?isLogicalCommand@SubThreadWorker@@IAE_NABVQString@@@Z 00404350 f   workflowprotocol.obj
 0001:00003540       ?isLoopCommand@SubThreadWorker@@IAE_NABVQString@@@Z 00404540 f   workflowprotocol.obj
 0001:00003750       ?node_copy@?$QList@UloopControl@SubThreadWorker@@@@AAEXPAUNode@1@00@Z 00404750 f i workflowprotocol.obj
 0001:000037f0       ?node_copy@?$QList@VQString@@@@AAEXPAUNode@1@00@Z 004047f0 f i workflowprotocol.obj
 0001:00003830       ?node_destruct@?$QList@UloopControl@SubThreadWorker@@@@AAEXPAUNode@1@0@Z 00404830 f i workflowprotocol.obj
 0001:00003860       ?node_destruct@?$QList@VQString@@@@AAEXPAUNode@1@0@Z 00404860 f i workflowprotocol.obj
 0001:00003890       ?parseAckFrame@WorkflowProtocol@@QAE_NABVQByteArray@@AAVQJsonObject@@@Z 00404890 f   workflowprotocol.obj
 0001:000039b0       ?parseJsonObjectToSendFrame@WorkflowProtocol@@QAE_NABVQJsonObject@@AAV2@@Z 004049b0 f   workflowprotocol.obj
 0001:00004030       ?pop_back@?$QList@UloopControl@SubThreadWorker@@@@QAEXXZ 00405030 f i workflowprotocol.obj
 0001:00004070       ?runTask@WorkflowController@@QAEXABVQJsonObject@@@Z 00405070 f   workflowprotocol.obj
 0001:000040c0       ?runTunning@WorkflowController@@QAEXABVQJsonObject@@@Z 004050c0 f   workflowprotocol.obj
 0001:00004110       ?serializeSendFrame@WorkflowProtocol@@QAE?AVQByteArray@@XZ 00405110 f   workflowprotocol.obj
 0001:00004270       ?sethost@WorkflowController@@QAEXABVQString@@G@Z 00405270 f   workflowprotocol.obj
 0001:00004280       ?statusChanged@WorkflowController@@QAEXABVQJsonObject@@@Z 00405280 f   workflowprotocol.obj
 0001:00004320       ?stopCurrentTask@WorkflowController@@QAEXXZ 00405320 f   workflowprotocol.obj
 0001:00004340       ?stopTask@SubThreadWorker@@QAEXXZ 00405340 f   workflowprotocol.obj
 0001:00004350       ?taskStateChanged@WorkflowController@@QAEX_NH@Z 00405350 f   workflowprotocol.obj
 0001:000043e0       ?types@?$ConnectionTypes@U?$List@ABVQJsonObject@@@QtPrivate@@$00@QtPrivate@@SAPBHXZ 004053e0 f i workflowprotocol.obj
 0001:00004440       ?types@?$ConnectionTypes@U?$List@ABVQString@@@QtPrivate@@$00@QtPrivate@@SAPBHXZ 00405440 f i workflowprotocol.obj
 0001:000044a0       ?types@?$ConnectionTypes@U?$List@ABVQString@@G@QtPrivate@@$00@QtPrivate@@SAPBHXZ 004054a0 f i workflowprotocol.obj
 0001:00004510       ?types@?$ConnectionTypes@U?$List@_NH@QtPrivate@@$00@QtPrivate@@SAPBHXZ 00405510 f i workflowprotocol.obj
 0001:00004580       ?unserializeRecvFrame@WorkflowProtocol@@QAEXABVQByteArray@@@Z 00405580 f   workflowprotocol.obj
 0001:000046c0       ??$qMakeForeachContainer@AAV?$QList@VOperationParamData@@@@@QtPrivate@@YA?AV?$QForeachContainer@V?$QList@VOperationParamData@@@@@0@AAV?$QList@VOperationParamData@@@@@Z 004056c0 f i workmodels.obj
 0001:000046c0       ??$qMakeForeachContainer@ABV?$QList@VOperationParamData@@@@@QtPrivate@@YA?AV?$QForeachContainer@V?$QList@VOperationParamData@@@@@0@ABV?$QList@VOperationParamData@@@@@Z 004056c0 f i configfilehandler.obj
 0001:00004700       ??$qMakeForeachContainer@ABVQStringList@@@QtPrivate@@YA?AV?$QForeachContainer@VQStringList@@@0@ABVQStringList@@@Z 00405700 f i configfilehandler.obj
 0001:00004700       ??$qMakeForeachContainer@AAVQStringList@@@QtPrivate@@YA?AV?$QForeachContainer@VQStringList@@@0@AAVQStringList@@@Z 00405700 f i workflowprotocol.obj
 0001:00004740       ??$qMakePair@VQString@@V?$QList@VSingleOperationData@@@@@@YA?AU?$QPair@VQString@@V?$QList@VSingleOperationData@@@@@@ABVQString@@ABV?$QList@VSingleOperationData@@@@@Z 00405740 f i configfilehandler.obj
 0001:000047a0       ??0?$QList@PAVQObject@@@@QAE@ABV0@@Z 004057a0 f i workmodels.obj
 0001:000047a0       ??0?$QList@H@@QAE@ABV0@@Z  004057a0 f i configfilehandler.obj
 0001:00004850       ??0?$QList@VOperationParamData@@@@QAE@ABV0@@Z 00405850 f i configfilehandler.obj
 0001:00004900       ??0?$QList@VSingleOperationData@@@@QAE@ABV0@@Z 00405900 f i configfilehandler.obj
 0001:000049b0       ??0OperationParamData@@QAE@ABV0@@Z 004059b0 f i configfilehandler.obj
 0001:00004b20       ??0OperationParamData@@QAE@ABVQString@@00ABVQStringList@@_NHH0V?$QList@H@@00HH@Z 00405b20 f i configfilehandler.obj
 0001:00004cc0       ??0configFileHandler@@QAE@PAVQObject@@@Z 00405cc0 f   configfilehandler.obj
 0001:00004d20       ??1?$QForeachContainer@V?$QList@VOperationParamData@@@@@QtPrivate@@QAE@XZ 00405d20 f i configfilehandler.obj
 0001:00004d80       ??1?$QList@H@@QAE@XZ       00405d80 f i configfilehandler.obj
 0001:00004d80       ??1?$QList@PAVQObject@@@@QAE@XZ 00405d80 f i workmodels.obj
 0001:00004de0       ??1?$QList@VSingleOperationData@@@@QAE@XZ 00405de0 f i configfilehandler.obj
 0001:00004e60       ??1?$QMap@VQString@@V1@@@QAE@XZ 00405e60 f i configfilehandler.obj
 0001:00004ee0       ??1?$QMap@VQString@@VOperationParamData@@@@QAE@XZ 00405ee0 f i configfilehandler.obj
 0001:00004f80       ??1?$QMap@VQString@@VQStringList@@@@QAE@XZ 00405f80 f i configfilehandler.obj
 0001:00005020       ??1?$QPair@VQString@@V?$QList@VSingleOperationData@@@@@@QAE@XZ 00406020 f i configfilehandler.obj
 0001:000050b0       ??1OperationParamData@@QAE@XZ 004060b0 f i configfilehandler.obj
 0001:00005160       ??1SingleOperationData@@QAE@XZ 00406160 f i configfilehandler.obj
 0001:000051d0       ??4?$QList@U?$QPair@VQString@@V?$QList@VSingleOperationData@@@@@@@@QAEAAV0@$$QAV0@@Z 004061d0 f i configfilehandler.obj
 0001:00005270       ??4OperationParamData@@QAEAAV0@ABV0@@Z 00406270 f i configfilehandler.obj
 0001:00005380       ??A?$QMap@VQString@@V1@@@QAEAAVQString@@ABV1@@Z 00406380 f i configfilehandler.obj
 0001:00005440       ??A?$QMap@VQString@@VOperationParamData@@@@QBE?BVOperationParamData@@ABVQString@@@Z 00406440 f i configfilehandler.obj
 0001:00005500       ??A?$QMap@VQString@@VQStringList@@@@QAEAAVQStringList@@ABVQString@@@Z 00406500 f i configfilehandler.obj
 0001:000055c0       ??_G?$QPair@VQString@@V?$QList@VSingleOperationData@@@@@@QAEPAXI@Z 004065c0 f i configfilehandler.obj
 0001:00005660       ??_GSingleOperationData@@QAEPAXI@Z 00406660 f i configfilehandler.obj
 0001:000056e0       ??_GconfigFileHandler@@UAEPAXI@Z 004066e0 f i configfilehandler.obj
 0001:000056e0       ??_EconfigFileHandler@@UAEPAXI@Z 004066e0 f i configfilehandler.obj
 0001:00005710       ?ParseHostIP@configFileHandler@@QAE?AVQString@@XZ 00406710 f   configfilehandler.obj
 0001:000057e0       ?ParseHostPort@configFileHandler@@QAEFXZ 004067e0 f   configfilehandler.obj
 0001:000058c0       ?ParseHostSingleOperationThreshold@configFileHandler@@QAEHXZ 004068c0 f   configfilehandler.obj
 0001:000059a0       ?ParseLicense@configFileHandler@@QAEXAAVQByteArray@@@Z 004069a0 f   configfilehandler.obj
 0001:00005a90       ?ParseListMap@configFileHandler@@QAE?AV?$QMap@VQString@@VQStringList@@@@ABVQString@@@Z 00406a90 f   configfilehandler.obj
 0001:00005d30       ?ParseMap@configFileHandler@@QAE?AV?$QMap@VQString@@V1@@@ABVQString@@@Z 00406d30 f   configfilehandler.obj
 0001:00005e80       ?ParseMapRevertKeyValue@configFileHandler@@QAE?AV?$QMap@VQString@@V1@@@ABVQString@@@Z 00406e80 f   configfilehandler.obj
 0001:00005fe0       ?ParseParamValue@configFileHandler@@QAE?AV?$QMap@VQString@@VOperationParamData@@@@ABVQString@@@Z 00406fe0 f   configfilehandler.obj
 0001:00006c80       ?ParsePlanList@configFileHandler@@QAEXAAV?$QList@U?$QPair@VQString@@V?$QList@VSingleOperationData@@@@@@@@ABV?$QMap@VQString@@VOperationParamData@@@@@Z 00407c80 f   configfilehandler.obj
 0001:00007670       ?ParseWorkLocationTypeList@configFileHandler@@QAEXAAVQStringList@@@Z 00408670 f   configfilehandler.obj
 0001:00007850       ?SaveMachineConfig@configFileHandler@@QAEXABVQString@@ABVMachineConfigData@@ABVQStringList@@@Z 00408850 f   configfilehandler.obj
 0001:00007d80       ?SavePlanList@configFileHandler@@QAEXABVQString@@ABV?$QList@U?$QPair@VQString@@V?$QList@VSingleOperationData@@@@@@@@ABV?$QMap@VQString@@VQStringList@@@@@Z 00408d80 f   configfilehandler.obj
 0001:00008510       ?append@?$QList@PAVQObject@@@@QAEXABQAVQObject@@@Z 00409510 f i workmodels.obj
 0001:00008510       ?append@?$QList@H@@QAEXABH@Z 00409510 f i configfilehandler.obj
 0001:000085a0       ?append@?$QList@U?$QPair@VQString@@V?$QList@VSingleOperationData@@@@@@@@QAEXABU?$QPair@VQString@@V?$QList@VSingleOperationData@@@@@@@Z 004095a0 f i configfilehandler.obj
 0001:00008680       ?append@?$QList@VOperationParamData@@@@QAEXABVOperationParamData@@@Z 00409680 f i configfilehandler.obj
 0001:00008740       ?append@?$QList@VSingleOperationData@@@@QAEXABVSingleOperationData@@@Z 00409740 f i configfilehandler.obj
 0001:00008820       ?clear@?$QList@H@@QAEXXZ   00409820 f i configfilehandler.obj
 0001:000088c0       ?clear@?$QList@U?$QPair@VQString@@V?$QList@VSingleOperationData@@@@@@@@QAEXXZ 004098c0 f i configfilehandler.obj
 0001:00008950       ?copy@?$QMapNode@VQString@@V1@@@QBEPAU1@PAU?$QMapData@VQString@@V1@@@@Z 00409950 f i configfilehandler.obj
 0001:000089d0       ?copy@?$QMapNode@VQString@@VOperationParamData@@@@QBEPAU1@PAU?$QMapData@VQString@@VOperationParamData@@@@@Z 004099d0 f i configfilehandler.obj
 0001:00008a50       ?copy@?$QMapNode@VQString@@VQStringList@@@@QBEPAU1@PAU?$QMapData@VQString@@VQStringList@@@@@Z 00409a50 f i configfilehandler.obj
 0001:00008ad0       ?createNode@?$QMapData@VQString@@V1@@@QAEPAU?$QMapNode@VQString@@V1@@@ABVQString@@0PAU2@_N@Z 00409ad0 f i configfilehandler.obj
 0001:00008b10       ?createNode@?$QMapData@VQString@@VOperationParamData@@@@QAEPAU?$QMapNode@VQString@@VOperationParamData@@@@ABVQString@@ABVOperationParamData@@PAU2@_N@Z 00409b10 f i configfilehandler.obj
 0001:00008bd0       ?createNode@?$QMapData@VQString@@VQStringList@@@@QAEPAU?$QMapNode@VQString@@VQStringList@@@@ABVQString@@ABVQStringList@@PAU2@_N@Z 00409bd0 f i configfilehandler.obj
 0001:00008c90       ?dealloc@?$QList@VOperationParamData@@@@AAEXPAUData@QListData@@@Z 00409c90 f i configfilehandler.obj
 0001:00008cf0       ?destroySubTree@?$QMapNode@VQString@@V1@@@QAEXXZ 00409cf0 f i configfilehandler.obj
 0001:00008d20       ?destroySubTree@?$QMapNode@VQString@@VOperationParamData@@@@QAEXXZ 00409d20 f i configfilehandler.obj
 0001:00008d50       ?destroySubTree@?$QMapNode@VQString@@VQStringList@@@@QAEXXZ 00409d50 f i configfilehandler.obj
 0001:00008d80       ?detach_helper@?$QMap@VQString@@V1@@@AAEXXZ 00409d80 f i configfilehandler.obj
 0001:00008e00       ?detach_helper@?$QMap@VQString@@VOperationParamData@@@@AAEXXZ 00409e00 f i configfilehandler.obj
 0001:00008ea0       ?detach_helper@?$QMap@VQString@@VQStringList@@@@AAEXXZ 00409ea0 f i configfilehandler.obj
 0001:00008f40       ?detach_helper_grow@?$QList@PAVQObject@@@@AAEPAUNode@1@HH@Z 00409f40 f i workmodels.obj
 0001:00008f40       ?detach_helper_grow@?$QList@H@@AAEPAUNode@1@HH@Z 00409f40 f i configfilehandler.obj
 0001:00009080       ?detach_helper_grow@?$QList@U?$QPair@VQString@@V?$QList@VSingleOperationData@@@@@@@@AAEPAUNode@1@HH@Z 0040a080 f i configfilehandler.obj
 0001:000091f0       ?detach_helper_grow@?$QList@VOperationParamData@@@@AAEPAUNode@1@HH@Z 0040a1f0 f i configfilehandler.obj
 0001:00009340       ?detach_helper_grow@?$QList@VSingleOperationData@@@@AAEPAUNode@1@HH@Z 0040a340 f i configfilehandler.obj
 0001:000094b0       ?insert@?$QMap@VQString@@V1@@@QAE?AViterator@1@ABVQString@@0@Z 0040a4b0 f i configfilehandler.obj
 0001:00009580       ?insert@?$QMap@VQString@@VOperationParamData@@@@QAE?AViterator@1@ABVQString@@ABVOperationParamData@@@Z 0040a580 f i configfilehandler.obj
 0001:00009650       ?insert@?$QMap@VQString@@VQStringList@@@@QAE?AViterator@1@ABVQString@@ABVQStringList@@@Z 0040a650 f i configfilehandler.obj
 0001:00009740       ?key@iterator@QJsonObject@@QBE?AVQString@@XZ 0040a740 f i configfilehandler.obj
 0001:00009760       ?loadConfigFile@configFileHandler@@QAE_NABVQString@@@Z 0040a760 f   configfilehandler.obj
 0001:00009860       ?lowerBound@?$QMapNode@VQString@@VQStringList@@@@QAEPAU1@ABVQString@@@Z 0040a860 f i configfilehandler.obj
 0001:00009860       ?lowerBound@?$QMapNode@VQString@@VOperationParamData@@@@QAEPAU1@ABVQString@@@Z 0040a860 f i configfilehandler.obj
 0001:00009860       ?lowerBound@?$QMapNode@VQString@@V1@@@QAEPAU1@ABVQString@@@Z 0040a860 f i configfilehandler.obj
 0001:000098a0       ?node_copy@?$QList@PAVQObject@@@@AAEXPAUNode@1@00@Z 0040a8a0 f i workmodels.obj
 0001:000098a0       ?node_copy@?$QList@H@@AAEXPAUNode@1@00@Z 0040a8a0 f i configfilehandler.obj
 0001:000098d0       ?node_copy@?$QList@U?$QPair@VQString@@V?$QList@VSingleOperationData@@@@@@@@AAEXPAUNode@1@00@Z 0040a8d0 f i configfilehandler.obj
 0001:00009990       ?node_copy@?$QList@VOperationParamData@@@@AAEXPAUNode@1@00@Z 0040a990 f i configfilehandler.obj
 0001:00009a60       ?node_copy@?$QList@VSingleOperationData@@@@AAEXPAUNode@1@00@Z 0040aa60 f i configfilehandler.obj
 0001:00009b30       ?node_destruct@?$QList@U?$QPair@VQString@@V?$QList@VSingleOperationData@@@@@@@@AAEXPAUNode@1@0@Z 0040ab30 f i configfilehandler.obj
 0001:00009bf0       ?node_destruct@?$QList@VOperationParamData@@@@AAEXPAUNode@1@0@Z 0040abf0 f i configfilehandler.obj
 0001:00009c30       ?node_destruct@?$QList@VSingleOperationData@@@@AAEXPAUNode@1@0@Z 0040ac30 f i configfilehandler.obj
 0001:00009cd0       ?toList@configFileHandler@@QAE?AVQStringList@@ABVQString@@@Z 0040acd0 f   configfilehandler.obj
 0001:00009db0       ?value@?$QMap@VQString@@VOperationParamData@@@@QBE?BVOperationParamData@@ABVQString@@ABV2@@Z 0040adb0 f i configfilehandler.obj
 0001:00009e20       ??$qMakeForeachContainer@ABV?$QList@VSingleOperationData@@@@@QtPrivate@@YA?AV?$QForeachContainer@V?$QList@VSingleOperationData@@@@@0@ABV?$QList@VSingleOperationData@@@@@Z 0040ae20 f i environmentvariant.obj
 0001:00009e60       ??0EnvironmentVariant@@AAE@XZ 0040ae60 f i environmentvariant.obj
 0001:00009f50       ??0OperationParamData@@QAE@XZ 0040af50 f i environmentvariant.obj
 0001:00009fc0       ??0SingleOperationData@@QAE@$$QAV0@@Z 0040afc0 f i environmentvariant.obj
 0001:00009ff0       ??0SingleOperationData@@QAE@ABV0@@Z 0040aff0 f i environmentvariant.obj
 0001:0000a060       ??1?$QForeachContainer@V?$QList@VSingleOperationData@@@@@QtPrivate@@QAE@XZ 0040b060 f i environmentvariant.obj
 0001:0000a0e0       ??1?$QList@U?$QPair@VQString@@V?$QList@VSingleOperationData@@@@@@@@QAE@XZ 0040b0e0 f i environmentvariant.obj
 0001:0000a160       ??1?$QList@VOperationParamData@@@@QAE@XZ 0040b160 f i environmentvariant.obj
 0001:0000a1c0       ??1EnvironmentVariant@@EAE@XZ 0040b1c0 f i environmentvariant.obj
 0001:0000a340       ??1configFileHandler@@UAE@XZ 0040b340 f i environmentvariant.obj
 0001:0000a360       ??4?$QList@VSingleOperationData@@@@QAEAAV0@ABV0@@Z 0040b360 f i environmentvariant.obj
 0001:0000a400       ??4SingleOperationData@@QAEAAV0@$$QAV0@@Z 0040b400 f i environmentvariant.obj
 0001:0000a490       ??4SingleOperationData@@QAEAAV0@ABV0@@Z 0040b490 f i environmentvariant.obj
 0001:0000a530       ??A?$QList@VQString@@@@QAEAAVQString@@H@Z 0040b530 f i environmentvariant.obj
 0001:0000a560       ??A?$QList@VSingleOperationData@@@@QAEAAVSingleOperationData@@H@Z 0040b560 f i environmentvariant.obj
 0001:0000a590       ??A?$QMap@VQString@@VOperationParamData@@@@QAEAAVOperationParamData@@ABVQString@@@Z 0040b590 f i environmentvariant.obj
 0001:0000a650       ??Y?$QList@VQString@@@@QAEAAV0@ABV0@@Z 0040b650 f i environmentvariant.obj
 0001:0000a750       ??_EEnvironmentVariant@@EAEPAXI@Z 0040b750 f i environmentvariant.obj
 0001:0000a750       ??_GEnvironmentVariant@@EAEPAXI@Z 0040b750 f i environmentvariant.obj
 0001:0000a770       ??_ETargetMachineObject@@UAEPAXI@Z 0040b770 f i environmentvariant.obj
 0001:0000a770       ??_GTargetMachineObject@@UAEPAXI@Z 0040b770 f i environmentvariant.obj
 0001:0000a7a0       ?AddPlan@EnvironmentVariant@@QAEXABVQString@@@Z 0040b7a0 f   environmentvariant.obj
 0001:0000a8b0       ?AddPlanStep@EnvironmentVariant@@QAEXHHH@Z 0040b8b0 f   environmentvariant.obj
 0001:0000aa40       ?LogicalControlList@EnvironmentVariant@@QAE?AVQStringList@@XZ 0040ba40 f   environmentvariant.obj
 0001:0000abd0       ?MovePlanStep@EnvironmentVariant@@QAEXHHH@Z 0040bbd0 f   environmentvariant.obj
 0001:0000acb0       ?OperationNameList@EnvironmentVariant@@QAE?AVQStringList@@XZ 0040bcb0 f   environmentvariant.obj
 0001:0000ae40       ?PlanList@EnvironmentVariant@@QAE?AVQStringList@@XZ 0040be40 f   environmentvariant.obj
 0001:0000af00       ?RemovePlan@EnvironmentVariant@@QAEXH@Z 0040bf00 f   environmentvariant.obj
 0001:0000af30       ?RemovePlanStep@EnvironmentVariant@@QAEXHH@Z 0040bf30 f   environmentvariant.obj
 0001:0000af90       ?SaveMachineConfig@EnvironmentVariant@@QAEXABVMachineConfigData@@@Z 0040bf90 f   environmentvariant.obj
 0001:0000b060       ?SavePlan@EnvironmentVariant@@QAEXXZ 0040c060 f   environmentvariant.obj
 0001:0000b0d0       ?SetPlanName@EnvironmentVariant@@QAEXHABVQString@@@Z 0040c0d0 f   environmentvariant.obj
 0001:0000b120       ?SetPlanStepSingleParam@EnvironmentVariant@@QAEXHHABVQString@@ABVQVariant@@@Z 0040c120 f   environmentvariant.obj
 0001:0000b280       ?SetPlanStepToDefault@EnvironmentVariant@@QAEXHHH@Z 0040c280 f   environmentvariant.obj
 0001:0000b350       ?StartPlan@EnvironmentVariant@@QAEXHH@Z 0040c350 f   environmentvariant.obj
 0001:0000bc80       ?StartTunning@EnvironmentVariant@@QAEXABVSingleOperationData@@@Z 0040cc80 f   environmentvariant.obj
 0001:0000bd70       ?StepList@EnvironmentVariant@@QAE?AVQStringList@@H@Z 0040cd70 f   environmentvariant.obj
 0001:0000bf10       ?StopPlan@EnvironmentVariant@@QAEXXZ 0040cf10 f   environmentvariant.obj
 0001:0000bf20       ?begin@?$QList@VOperationParamData@@@@QAE?AViterator@1@XZ 0040cf20 f i environmentvariant.obj
 0001:0000bf50       ?contains@?$QMap@VQString@@VQStringList@@@@QBE_NABVQString@@@Z 0040cf50 f i environmentvariant.obj
 0001:0000bfa0       ?defaultValue@EnvironmentVariant@@QAE?AVSingleOperationData@@ABVQString@@@Z 0040cfa0 f   environmentvariant.obj
 0001:0000c1c0       ?detach_helper@?$QList@H@@AAEXH@Z 0040d1c0 f i environmentvariant.obj
 0001:0000c290       ?detach_helper@?$QList@U?$QPair@VQString@@V?$QList@VSingleOperationData@@@@@@@@AAEXH@Z 0040d290 f i environmentvariant.obj
 0001:0000c370       ?detach_helper@?$QList@VOperationParamData@@@@AAEXH@Z 0040d370 f i environmentvariant.obj
 0001:0000c440       ?detach_helper@?$QList@VQString@@@@AAEXH@Z 0040d440 f i environmentvariant.obj
 0001:0000c530       ?detach_helper@?$QList@VSingleOperationData@@@@AAEXH@Z 0040d530 f i environmentvariant.obj
 0001:0000c610       ?formatSingleOperationParam@EnvironmentVariant@@QAE?AVQJsonObject@@ABVSingleOperationData@@@Z 0040d610 f   environmentvariant.obj
 0001:0000cba0       ?getOperationIndex@EnvironmentVariant@@QAEHABVQString@@@Z 0040dba0 f   environmentvariant.obj
 0001:0000cc10       ?getOperationParams@EnvironmentVariant@@QAE?AV?$QList@VOperationParamData@@@@H@Z 0040dc10 f   environmentvariant.obj
 0001:0000cde0       ?getWorkLocationTypeList@EnvironmentVariant@@QAE?AVQStringList@@XZ 0040dde0 f   environmentvariant.obj
 0001:0000ce00       ?initModels@EnvironmentVariant@@QAEXPAVQQmlContext@@@Z 0040de00 f   environmentvariant.obj
 0001:0000ced0       ?initProtocol@EnvironmentVariant@@QAEXABVQString@@@Z 0040ded0 f   environmentvariant.obj
 0001:0000cf40       ?initUserConfig@EnvironmentVariant@@QAEXABVQString@@@Z 0040df40 f   environmentvariant.obj
 0001:0000d0a0       ?insert@?$QList@VSingleOperationData@@@@QAEXHABVSingleOperationData@@@Z 0040e0a0 f i environmentvariant.obj
 0001:0000d180       ?instance@EnvironmentVariant@@SAPAV1@XZ 0040e180 f   environmentvariant.obj
 0001:0000d1e0       ?node_destruct@?$QList@VSingleOperationData@@@@AAEXPAUNode@1@@Z 0040e1e0 f i environmentvariant.obj
 0001:0000d260       ?parseConfigFile@EnvironmentVariant@@QAEXABVQString@@@Z 0040e260 f   environmentvariant.obj
 0001:0000d900       ?planStepParam@EnvironmentVariant@@QAE?AVSingleOperationData@@HH@Z 0040e900 f   environmentvariant.obj
 0001:0000dc50       ?removeAt@?$QList@U?$QPair@VQString@@V?$QList@VSingleOperationData@@@@@@@@QAEXH@Z 0040ec50 f i environmentvariant.obj
 0001:0000dcb0       ?removeAt@?$QList@VSingleOperationData@@@@QAEXH@Z 0040ecb0 f i environmentvariant.obj
 0001:0000dd00       ?setWorkLocationType@EnvironmentVariant@@QAE_NHABVQString@@@Z 0040ed00 f   environmentvariant.obj
 0001:0000dda0       ??$connect@P8QQmlEngine@@AEXXZP6AXXZ@QObject@@SA?AVConnection@QMetaObject@@PBVQQmlEngine@@P83@AEXXZPBV0@P6AXXZW4ConnectionType@Qt@@@Z 0040eda0 f i main.obj
 0001:0000de00       ??$createInto@VOperationParamObject@@@QQmlPrivate@@YAXPAX@Z 0040ee00 f i main.obj
 0001:0000de60       ??$createInto@VOperationParamSelector@@@QQmlPrivate@@YAXPAX@Z 0040ee60 f i main.obj
 0001:0000dec0       ??$createInto@VPlanController@@@QQmlPrivate@@YAXPAX@Z 0040eec0 f i main.obj
 0001:0000df20       ??$createInto@VPlanSelector@@@QQmlPrivate@@YAXPAX@Z 0040ef20 f i main.obj
 0001:0000df80       ??$createInto@VStatusViewWatcher@@@QQmlPrivate@@YAXPAX@Z 0040ef80 f i main.obj
 0001:0000dfe0       ??$createInto@VTextFieldDoubleValidator@@@QQmlPrivate@@YAXPAX@Z 0040efe0 f i main.obj
 0001:0000e040       ??$qRegisterNormalizedMetaType@PAVOperationParamObject@@@@YAHABVQByteArray@@PAPAVOperationParamObject@@W4DefinedType@?$MetaTypeDefinedHelper@PAVOperationParamObject@@$00@QtPrivate@@@Z 0040f040 f i main.obj
 0001:0000e0a0       ??$qRegisterNormalizedMetaType@PAVOperationParamSelector@@@@YAHABVQByteArray@@PAPAVOperationParamSelector@@W4DefinedType@?$MetaTypeDefinedHelper@PAVOperationParamSelector@@$00@QtPrivate@@@Z 0040f0a0 f i main.obj
 0001:0000e100       ??$qRegisterNormalizedMetaType@PAVPlanController@@@@YAHABVQByteArray@@PAPAVPlanController@@W4DefinedType@?$MetaTypeDefinedHelper@PAVPlanController@@$00@QtPrivate@@@Z 0040f100 f i main.obj
 0001:0000e160       ??$qRegisterNormalizedMetaType@PAVPlanSelector@@@@YAHABVQByteArray@@PAPAVPlanSelector@@W4DefinedType@?$MetaTypeDefinedHelper@PAVPlanSelector@@$00@QtPrivate@@@Z 0040f160 f i main.obj
 0001:0000e1c0       ??$qRegisterNormalizedMetaType@PAVStatusViewWatcher@@@@YAHABVQByteArray@@PAPAVStatusViewWatcher@@W4DefinedType@?$MetaTypeDefinedHelper@PAVStatusViewWatcher@@$00@QtPrivate@@@Z 0040f1c0 f i main.obj
 0001:0000e220       ??$qRegisterNormalizedMetaType@PAVTextFieldDoubleValidator@@@@YAHABVQByteArray@@PAPAVTextFieldDoubleValidator@@W4DefinedType@?$MetaTypeDefinedHelper@PAVTextFieldDoubleValidator@@$00@QtPrivate@@@Z 0040f220 f i main.obj
 0001:0000e280       ??$qmlRegisterType@VOperationParamObject@@@@YAHPBDHH0@Z 0040f280 f i main.obj
 0001:0000e530       ??$qmlRegisterType@VOperationParamSelector@@@@YAHPBDHH0@Z 0040f530 f i main.obj
 0001:0000e7e0       ??$qmlRegisterType@VPlanController@@@@YAHPBDHH0@Z 0040f7e0 f i main.obj
 0001:0000ea90       ??$qmlRegisterType@VPlanSelector@@@@YAHPBDHH0@Z 0040fa90 f i main.obj
 0001:0000ed40       ??$qmlRegisterType@VStatusViewWatcher@@@@YAHPBDHH0@Z 0040fd40 f i main.obj
 0001:0000eff0       ??$qmlRegisterType@VTextFieldDoubleValidator@@@@YAHPBDHH0@Z 0040fff0 f i main.obj
 0001:0000f2a0       ??1?$QVarLengthArray@D$0EA@@@QAE@XZ 004102a0 f i main.obj
 0001:0000f2a0       ??1?$QVarLengthArray@D$0DA@@@QAE@XZ 004102a0 f i main.obj
 0001:0000f2c0       ??1OperationParamSelector@@UAE@XZ 004102c0 f i main.obj
 0001:0000f370       ??1PlanSelector@@UAE@XZ    00410370 f i main.obj
 0001:0000f420       ??1RegisterType@QQmlPrivate@@QAE@XZ 00410420 f i main.obj
 0001:0000f430       ??H@YA?BVQString@@ABV0@0@Z 00410430 f i main.obj
 0001:0000f4a0       ??H@YA?BVQString@@ABV0@PBD@Z 004104a0 f i main.obj
 0001:0000f530       ??_G?$QQmlElement@VOperationParamObject@@@QQmlPrivate@@UAEPAXI@Z 00410530 f i main.obj
 0001:0000f530       ??_E?$QQmlElement@VOperationParamObject@@@QQmlPrivate@@UAEPAXI@Z 00410530 f i main.obj
 0001:0000f5b0       ??_G?$QQmlElement@VOperationParamSelector@@@QQmlPrivate@@UAEPAXI@Z 004105b0 f i main.obj
 0001:0000f5b0       ??_E?$QQmlElement@VOperationParamSelector@@@QQmlPrivate@@UAEPAXI@Z 004105b0 f i main.obj
 0001:0000f620       ??_E?$QQmlElement@VPlanController@@@QQmlPrivate@@UAEPAXI@Z 00410620 f i main.obj
 0001:0000f620       ??_G?$QQmlElement@VPlanController@@@QQmlPrivate@@UAEPAXI@Z 00410620 f i main.obj
 0001:0000f690       ??_E?$QQmlElement@VPlanSelector@@@QQmlPrivate@@UAEPAXI@Z 00410690 f i main.obj
 0001:0000f690       ??_G?$QQmlElement@VPlanSelector@@@QQmlPrivate@@UAEPAXI@Z 00410690 f i main.obj
 0001:0000f700       ??_G?$QQmlElement@VStatusViewWatcher@@@QQmlPrivate@@UAEPAXI@Z 00410700 f i main.obj
 0001:0000f700       ??_E?$QQmlElement@VStatusViewWatcher@@@QQmlPrivate@@UAEPAXI@Z 00410700 f i main.obj
 0001:0000f770       ??_G?$QQmlElement@VTextFieldDoubleValidator@@@QQmlPrivate@@UAEPAXI@Z 00410770 f i main.obj
 0001:0000f770       ??_E?$QQmlElement@VTextFieldDoubleValidator@@@QQmlPrivate@@UAEPAXI@Z 00410770 f i main.obj
 0001:0000f7e0       ??_GOperationParamObject@@UAEPAXI@Z 004107e0 f i main.obj
 0001:0000f7e0       ??_EOperationParamObject@@UAEPAXI@Z 004107e0 f i main.obj
 0001:0000f810       ?Construct@?$QMetaTypeFunctionHelper@PAVPlanSelector@@$00@QtMetaTypePrivate@@SAPAXPAXPBX@Z 00410810 f i main.obj
 0001:0000f810       ?Construct@?$QMetaTypeFunctionHelper@PAVStatusViewWatcher@@$00@QtMetaTypePrivate@@SAPAXPAXPBX@Z 00410810 f i main.obj
 0001:0000f810       ?Construct@?$QMetaTypeFunctionHelper@PAVOperationParamSelector@@$00@QtMetaTypePrivate@@SAPAXPAXPBX@Z 00410810 f i main.obj
 0001:0000f810       ?Construct@?$QMetaTypeFunctionHelper@PAVPlanController@@$00@QtMetaTypePrivate@@SAPAXPAXPBX@Z 00410810 f i main.obj
 0001:0000f810       ?Construct@?$QMetaTypeFunctionHelper@PAVTextFieldDoubleValidator@@$00@QtMetaTypePrivate@@SAPAXPAXPBX@Z 00410810 f i main.obj
 0001:0000f810       ?Construct@?$QMetaTypeFunctionHelper@PAVOperationParamObject@@$00@QtMetaTypePrivate@@SAPAXPAXPBX@Z 00410810 f i main.obj
 0001:0000f840       ?Construct@?$QMetaTypeFunctionHelper@V?$QQmlListProperty@VOperationParamObject@@@@$00@QtMetaTypePrivate@@SAPAXPAXPBX@Z 00410840 f i main.obj
 0001:0000f840       ?Construct@?$QMetaTypeFunctionHelper@V?$QQmlListProperty@VOperationParamSelector@@@@$00@QtMetaTypePrivate@@SAPAXPAXPBX@Z 00410840 f i main.obj
 0001:0000f840       ?Construct@?$QMetaTypeFunctionHelper@V?$QQmlListProperty@VPlanSelector@@@@$00@QtMetaTypePrivate@@SAPAXPAXPBX@Z 00410840 f i main.obj
 0001:0000f840       ?Construct@?$QMetaTypeFunctionHelper@V?$QQmlListProperty@VTextFieldDoubleValidator@@@@$00@QtMetaTypePrivate@@SAPAXPAXPBX@Z 00410840 f i main.obj
 0001:0000f840       ?Construct@?$QMetaTypeFunctionHelper@V?$QQmlListProperty@VPlanController@@@@$00@QtMetaTypePrivate@@SAPAXPAXPBX@Z 00410840 f i main.obj
 0001:0000f840       ?Construct@?$QMetaTypeFunctionHelper@V?$QQmlListProperty@VStatusViewWatcher@@@@$00@QtMetaTypePrivate@@SAPAXPAXPBX@Z 00410840 f i main.obj
 0001:0000f8a0       ?TopLevelExceptionFilter@@YGJPAU_EXCEPTION_POINTERS@@@Z 004108a0 f   main.obj
 0001:0000f910       ?customMessageHandler@@YAXW4QtMsgType@@ABVQMessageLogContext@@ABVQString@@@Z 00410910 f   main.obj
 0001:0000fc80       ?getConfigFullName@@YA?AVQString@@PBD@Z 00410c80 f   main.obj
 0001:0000fcf0       ?impl@?$QStaticSlotObject@P6AXXZU?$List@$$V@QtPrivate@@X@QtPrivate@@CAXHPAVQSlotObjectBase@2@PAVQObject@@PAPAXPA_N@Z 00410cf0 f i main.obj
 0001:0000fd20       ?qt_metatype_id@?$QMetaTypeIdQObject@PAVOperationParamObject@@$07@@SAHXZ 00410d20 f i main.obj
 0001:0000fdd0       ?qt_metatype_id@?$QMetaTypeIdQObject@PAVOperationParamSelector@@$07@@SAHXZ 00410dd0 f i main.obj
 0001:0000fe80       ?qt_metatype_id@?$QMetaTypeIdQObject@PAVPlanController@@$07@@SAHXZ 00410e80 f i main.obj
 0001:0000ff30       ?qt_metatype_id@?$QMetaTypeIdQObject@PAVPlanSelector@@$07@@SAHXZ 00410f30 f i main.obj
 0001:0000ffe0       ?qt_metatype_id@?$QMetaTypeIdQObject@PAVStatusViewWatcher@@$07@@SAHXZ 00410fe0 f i main.obj
 0001:00010090       ?qt_metatype_id@?$QMetaTypeIdQObject@PAVTextFieldDoubleValidator@@$07@@SAHXZ 00411090 f i main.obj
 0001:00010140       ?validate@TextFieldDoubleValidator@@UBE?AW4State@QValidator@@AAVQString@@AAH@Z 00411140 f i main.obj
 0001:000102c0       _main                      004112c0 f   main.obj
 0001:000106b0       ??$connect@P8EnvironmentVariant@@AEXXZP8StatusViewWatcher@@AEXXZ@QObject@@SA?AVConnection@QMetaObject@@PBVEnvironmentVariant@@P83@AEXXZPBVStatusViewWatcher@@P84@AEXXZW4ConnectionType@Qt@@@Z 004116b0 f i workmodels.obj
 0001:00010710       ??$qMakeForeachContainer@AAV?$QList@PAVQObject@@@@@QtPrivate@@YA?AV?$QForeachContainer@V?$QList@PAVQObject@@@@@0@AAV?$QList@PAVQObject@@@@@Z 00411710 f i workmodels.obj
 0001:00010750       ??0OperationParamSelector@@QAE@PAVQObject@@@Z 00411750 f   workmodels.obj
 0001:000107a0       ??0PlanController@@QAE@PAVQObject@@@Z 004117a0 f   workmodels.obj
 0001:00010810       ??0PlanSelector@@QAE@PAVQObject@@@Z 00411810 f   workmodels.obj
 0001:000108c0       ??0StatusViewWatcher@@QAE@PAVQObject@@@Z 004118c0 f   workmodels.obj
 0001:00010950       ??1?$QForeachContainer@V?$QList@PAVQObject@@@@@QtPrivate@@QAE@XZ 00411950 f i workmodels.obj
 0001:000109b0       ??1MachineConfigData@@QAE@XZ 004119b0 f i workmodels.obj
 0001:000109c0       ??1PlanController@@UAE@XZ  004119c0 f   workmodels.obj
 0001:00010a20       ??1StatusViewWatcher@@UAE@XZ 00411a20 f   workmodels.obj
 0001:00010aa0       ??_GOperationParamSelector@@UAEPAXI@Z 00411aa0 f i workmodels.obj
 0001:00010aa0       ??_EOperationParamSelector@@UAEPAXI@Z 00411aa0 f i workmodels.obj
 0001:00010ac0       ??_GPlanController@@UAEPAXI@Z 00411ac0 f i workmodels.obj
 0001:00010ac0       ??_EPlanController@@UAEPAXI@Z 00411ac0 f i workmodels.obj
 0001:00010b30       ??_EPlanSelector@@UAEPAXI@Z 00411b30 f i workmodels.obj
 0001:00010b30       ??_GPlanSelector@@UAEPAXI@Z 00411b30 f i workmodels.obj
 0001:00010b50       ??_EStatusViewWatcher@@UAEPAXI@Z 00411b50 f i workmodels.obj
 0001:00010b50       ??_GStatusViewWatcher@@UAEPAXI@Z 00411b50 f i workmodels.obj
 0001:00010bf0       ?addPlan@PlanSelector@@QAEXABVQString@@@Z 00411bf0 f   workmodels.obj
 0001:00010c10       ?addStep@PlanSelector@@QAEXHHH@Z 00411c10 f   workmodels.obj
 0001:00010c30       ?commitParam@PlanSelector@@QAEXHHABVQString@@ABVQVariant@@@Z 00411c30 f   workmodels.obj
 0001:00010c50       ?eventFilter@PlanController@@UAE_NPAVQObject@@PAVQEvent@@@Z 00411c50 f   workmodels.obj
 0001:00010ca0       ?eventFilter@StatusViewWatcher@@UAE_NPAVQObject@@PAVQEvent@@@Z 00411ca0 f   workmodels.obj
 0001:00010ce0       ?getSwitch@OperationParamSelector@@QAEPAVQObject@@ABVQString@@@Z 00411ce0 f   workmodels.obj
 0001:00010e40       ?getSwitch@PlanSelector@@QAEPAVQObject@@ABVQString@@@Z 00411e40 f   workmodels.obj
 0001:00010fa0       ?getWorkLocationTypeList@StatusViewWatcher@@QAE?AVQStringList@@XZ 00411fa0 f   workmodels.obj
 0001:00010fe0       ?init@OperationParamSelector@@QAEXABVQString@@@Z 00411fe0 f   workmodels.obj
 0001:00011060       ?moveStep@PlanSelector@@QAEXHHH@Z 00412060 f   workmodels.obj
 0001:00011080       ?Destruct@?$QMetaTypeFunctionHelper@V?$QQmlListProperty@VOperationParamSelector@@@@$00@QtMetaTypePrivate@@SAXPAX@Z 00412080 f   main.obj
 0001:00011080       ?Destruct@?$QMetaTypeFunctionHelper@V?$QQmlListProperty@VPlanSelector@@@@$00@QtMetaTypePrivate@@SAXPAX@Z 00412080 f   main.obj
 0001:00011080       ?Destruct@?$QMetaTypeFunctionHelper@PAVPlanSelector@@$00@QtMetaTypePrivate@@SAXPAX@Z 00412080 f   main.obj
 0001:00011080       ?Destruct@?$QMetaTypeFunctionHelper@V?$QQmlListProperty@VStatusViewWatcher@@@@$00@QtMetaTypePrivate@@SAXPAX@Z 00412080 f   main.obj
 0001:00011080       ?Destruct@?$QMetaTypeFunctionHelper@PAVOperationParamObject@@$00@QtMetaTypePrivate@@SAXPAX@Z 00412080 f   main.obj
 0001:00011080       ?onComplete@PlanSelector@@QAEXXZ 00412080 f   workmodels.obj
 0001:00011080       ?Destruct@?$QMetaTypeFunctionHelper@PAVOperationParamSelector@@$00@QtMetaTypePrivate@@SAXPAX@Z 00412080 f   main.obj
 0001:00011080       @_guard_check_icall_nop@4  00412080 f   MSVCRT:guard_support.obj
 0001:00011080       ?Destruct@?$QMetaTypeFunctionHelper@V?$QQmlListProperty@VTextFieldDoubleValidator@@@@$00@QtMetaTypePrivate@@SAXPAX@Z 00412080 f   main.obj
 0001:00011080       __initialize_invalid_parameter_handler 00412080 f   MSVCRT:invalid_parameter_handler.obj
 0001:00011080       ?Destruct@?$QMetaTypeFunctionHelper@PAVTextFieldDoubleValidator@@$00@QtMetaTypePrivate@@SAXPAX@Z 00412080 f   main.obj
 0001:00011080       ??3@YAXPAX0@Z              00412080 f   configfilehandler.obj
 0001:00011080       __initialize_denormal_control 00412080 f   MSVCRT:denormal_control.obj
 0001:00011080       ?Destruct@?$QMetaTypeFunctionHelper@V?$QQmlListProperty@VPlanController@@@@$00@QtMetaTypePrivate@@SAXPAX@Z 00412080 f   main.obj
 0001:00011080       ?Destruct@?$QMetaTypeFunctionHelper@VQSequentialIterableImpl@QtMetaTypePrivate@@$00@QtMetaTypePrivate@@SAXPAX@Z 00412080 f   moc_workmodels.obj
 0001:00011080       ?qt_static_metacall@configFileHandler@@CAXPAVQObject@@W4Call@QMetaObject@@HPAPAX@Z 00412080 f   moc_configfilehandler.obj
 0001:00011080       ?Destruct@?$QMetaTypeFunctionHelper@PAVPlanController@@$00@QtMetaTypePrivate@@SAXPAX@Z 00412080 f   main.obj
 0001:00011080       ?Destruct@?$QMetaTypeFunctionHelper@PAVStatusViewWatcher@@$00@QtMetaTypePrivate@@SAXPAX@Z 00412080 f   main.obj
 0001:00011080       ?Destruct@?$QMetaTypeFunctionHelper@V?$QQmlListProperty@VOperationParamObject@@@@$00@QtMetaTypePrivate@@SAXPAX@Z 00412080 f   main.obj
 0001:00011090       ?onCompleteSingleOperation@OperationParamSelector@@QAEXXZ 00412090 f   workmodels.obj
 0001:00011310       ?onMachineConfigChanged@TargetMachineObject@@QAEXXZ 00412310 f   workmodels.obj
 0001:00011390       ?onSave@PlanSelector@@QAEXXZ 00412390 f   workmodels.obj
 0001:000113a0       ?operationCurrentIndex@PlanSelector@@QAEHXZ 004123a0 f   workmodels.obj
 0001:000113c0       ?planListModel@PlanSelector@@QAE?AVQStringList@@XZ 004123c0 f   workmodels.obj
 0001:000113f0       ?removePlan@PlanSelector@@QAEXH@Z 004123f0 f   workmodels.obj
 0001:00011410       ?removeStep@PlanSelector@@QAEXHH@Z 00412410 f   workmodels.obj
 0001:00011430       ?resumePlan@PlanController@@QAEXXZ 00412430 f   workmodels.obj
 0001:00011460       ?setPlanName@PlanSelector@@QAEXHABVQString@@@Z 00412460 f   workmodels.obj
 0001:00011480       ?setSelectedOperation@OperationParamSelector@@QAEXH@Z 00412480 f   workmodels.obj
 0001:00011820       ?setSelectedOperation@PlanSelector@@QAEXHHH@Z 00412820 f   workmodels.obj
 0001:00011cc0       ?setSelectedStep@PlanSelector@@QAEXHH@Z 00412cc0 f   workmodels.obj
 0001:00012070       ?setWorkLocationType@StatusViewWatcher@@QAE_NHABVQString@@@Z 00413070 f   workmodels.obj
 0001:00012090       ?startPlan@PlanController@@QAEXHH@Z 00413090 f   workmodels.obj
 0001:000120c0       ?stepListModel@PlanSelector@@QAE?AVQStringList@@H@Z 004130c0 f   workmodels.obj
 0001:000120f0       ?stopPlan@PlanController@@QAEXXZ 004130f0 f   workmodels.obj
 0001:00012100       ?changeHost@WorkflowController@@QAEXABVQString@@G@Z 00413100 f   moc_workflowprotocol.obj
 0001:00012150       ?configProtocol@WorkflowController@@QAEXABVQString@@@Z 00413150 f   moc_workflowprotocol.obj
 0001:00012180       ?metaObject@SubThreadWorker@@UBEPBUQMetaObject@@XZ 00413180 f   moc_workflowprotocol.obj
 0001:000121a0       ?metaObject@WorkflowController@@UBEPBUQMetaObject@@XZ 004131a0 f   moc_workflowprotocol.obj
 0001:000121c0       ?qt_metacall@SubThreadWorker@@UAEHW4Call@QMetaObject@@HPAPAX@Z 004131c0 f   moc_workflowprotocol.obj
 0001:00012220       ?qt_metacall@WorkflowController@@UAEHW4Call@QMetaObject@@HPAPAX@Z 00413220 f   moc_workflowprotocol.obj
 0001:00012280       ?qt_metacast@SubThreadWorker@@UAEPAXPBD@Z 00413280 f   moc_workflowprotocol.obj
 0001:000122e0       ?qt_metacast@WorkflowController@@UAEPAXPBD@Z 004132e0 f   moc_workflowprotocol.obj
 0001:00012340       ?qt_static_metacall@SubThreadWorker@@CAXPAVQObject@@W4Call@QMetaObject@@HPAPAX@Z 00413340 f   moc_workflowprotocol.obj
 0001:00012430       ?qt_static_metacall@WorkflowController@@CAXPAVQObject@@W4Call@QMetaObject@@HPAPAX@Z 00413430 f   moc_workflowprotocol.obj
 0001:00012550       ?runNewTask@WorkflowController@@QAEXABVQJsonObject@@@Z 00413550 f   moc_workflowprotocol.obj
 0001:00012580       ?runNewTunning@WorkflowController@@QAEXABVQJsonObject@@@Z 00413580 f   moc_workflowprotocol.obj
 0001:000125b0       ?statusChanged@SubThreadWorker@@QAEXABVQJsonObject@@@Z 004135b0 f   moc_workflowprotocol.obj
 0001:000125e0       ?stopTask@WorkflowController@@QAEXXZ 004135e0 f   moc_workflowprotocol.obj
 0001:00012600       ?taskStateChanged@SubThreadWorker@@QAEX_NH@Z 00413600 f   moc_workflowprotocol.obj
 0001:00012650       ?metaObject@configFileHandler@@UBEPBUQMetaObject@@XZ 00413650 f   moc_configfilehandler.obj
 0001:00012670       ?qt_metacall@configFileHandler@@UAEHW4Call@QMetaObject@@HPAPAX@Z 00413670 f   moc_configfilehandler.obj
 0001:00012680       ?qt_metacast@configFileHandler@@UAEPAXPBD@Z 00413680 f   moc_configfilehandler.obj
 0001:000126e0       ?metaObject@EnvironmentVariant@@UBEPBUQMetaObject@@XZ 004136e0 f   moc_environmentvariant.obj
 0001:00012700       ?qt_metacall@EnvironmentVariant@@UAEHW4Call@QMetaObject@@HPAPAX@Z 00413700 f   moc_environmentvariant.obj
 0001:00012760       ?qt_metacast@EnvironmentVariant@@UAEPAXPBD@Z 00413760 f   moc_environmentvariant.obj
 0001:000127c0       ?qt_static_metacall@EnvironmentVariant@@CAXPAVQObject@@W4Call@QMetaObject@@HPAPAX@Z 004137c0 f   moc_environmentvariant.obj
 0001:00012810       ?workLocationTypeChanged@EnvironmentVariant@@QAEXXZ 00413810 f   moc_environmentvariant.obj
 0001:00012830       ??$atImpl@V?$QList@H@@@QSequentialIterableImpl@QtMetaTypePrivate@@SAPBXPBXH@Z 00413830 f i moc_workmodels.obj
 0001:00012830       ??$atImpl@V?$QList@PAVQObject@@@@@QSequentialIterableImpl@QtMetaTypePrivate@@SAPBXPBXH@Z 00413830 f i moc_workmodels.obj
 0001:00012850       ??$equal@PBQAVQObject@@V?$checked_array_iterator@PBQAVQObject@@@stdext@@U?$equal_to@X@std@@@std@@YA_NPBQAVQObject@@0V?$checked_array_iterator@PBQAVQObject@@@stdext@@U?$equal_to@X@0@@Z 00413850 f i moc_workmodels.obj
 0001:00012850       ??$equal@PBHV?$checked_array_iterator@PBH@stdext@@U?$equal_to@X@std@@@std@@YA_NPBH0V?$checked_array_iterator@PBH@stdext@@U?$equal_to@X@0@@Z 00413850 f i moc_workmodels.obj
 0001:000128d0       ??$getImpl@V?$QList@PAVQObject@@@@@QSequentialIterableImpl@QtMetaTypePrivate@@SA?AUVariantData@1@PBQAXHI@Z 004138d0 f i moc_workmodels.obj
 0001:000128d0       ??$getImpl@V?$QList@H@@@QSequentialIterableImpl@QtMetaTypePrivate@@SA?AUVariantData@1@PBQAXHI@Z 004138d0 f i moc_workmodels.obj
 0001:000128f0       ??$moveToBeginImpl@V?$QList@H@@@QSequentialIterableImpl@QtMetaTypePrivate@@SAXPBXPAPAX@Z 004138f0 f i moc_workmodels.obj
 0001:000128f0       ??$moveToBeginImpl@V?$QList@PAVQObject@@@@@QSequentialIterableImpl@QtMetaTypePrivate@@SAXPBXPAPAX@Z 004138f0 f i moc_workmodels.obj
 0001:00012920       ??$moveToEndImpl@V?$QList@H@@@QSequentialIterableImpl@QtMetaTypePrivate@@SAXPBXPAPAX@Z 00413920 f i moc_workmodels.obj
 0001:00012920       ??$moveToEndImpl@V?$QList@PAVQObject@@@@@QSequentialIterableImpl@QtMetaTypePrivate@@SAXPBXPAPAX@Z 00413920 f i moc_workmodels.obj
 0001:00012950       ??$sizeImpl@V?$QList@PAVQObject@@@@@QSequentialIterableImpl@QtMetaTypePrivate@@SAHPBX@Z 00413950 f i moc_workmodels.obj
 0001:00012950       ??$sizeImpl@V?$QList@H@@@QSequentialIterableImpl@QtMetaTypePrivate@@SAHPBX@Z 00413950 f i moc_workmodels.obj
 0001:00012960       ??0QSequentialIterableImpl@QtMetaTypePrivate@@QAE@XZ 00413960 f i moc_workmodels.obj
 0001:000129d0       ??4?$QList@PAVQObject@@@@QAEAAV0@$$QAV0@@Z 004139d0 f i moc_workmodels.obj
 0001:000129d0       ??4?$QList@H@@QAEAAV0@$$QAV0@@Z 004139d0 f i moc_workmodels.obj
 0001:00012a50       ??4QStringList@@QAEAAV0@$$QAV0@@Z 00413a50 f i moc_workmodels.obj
 0001:00012a80       ?Construct@?$QMetaTypeFunctionHelper@V?$QList@H@@$00@QtMetaTypePrivate@@SAPAXPAXPBX@Z 00413a80 f i moc_workmodels.obj
 0001:00012a80       ?Construct@?$QMetaTypeFunctionHelper@V?$QList@PAVQObject@@@@$00@QtMetaTypePrivate@@SAPAXPAXPBX@Z 00413a80 f i moc_workmodels.obj
 0001:00012b00       ?Construct@?$QMetaTypeFunctionHelper@VQSequentialIterableImpl@QtMetaTypePrivate@@$00@QtMetaTypePrivate@@SAPAXPAXPBX@Z 00413b00 f i moc_workmodels.obj
 0001:00012b40       ?Destruct@?$QMetaTypeFunctionHelper@V?$QList@H@@$00@QtMetaTypePrivate@@SAXPAX@Z 00413b40 f i moc_workmodels.obj
 0001:00012b40       ?Destruct@?$QMetaTypeFunctionHelper@V?$QList@PAVQObject@@@@$00@QtMetaTypePrivate@@SAXPAX@Z 00413b40 f i moc_workmodels.obj
 0001:00012bb0       ?MachineConfigChanged@TargetMachineObject@@QAEXXZ 00413bb0 f   moc_workmodels.obj
 0001:00012bd0       ?UnitChanged@OperationParamObject@@QAEXXZ 00413bd0 f   moc_workmodels.obj
 0001:00012bf0       ?advance@?$IteratorOwnerCommon@Vconst_iterator@?$QList@PAVQObject@@@@@QtMetaTypePrivate@@SAXPAPAXH@Z 00413bf0 f i moc_workmodels.obj
 0001:00012bf0       ?advance@?$IteratorOwnerCommon@Vconst_iterator@?$QList@H@@@QtMetaTypePrivate@@SAXPAPAXH@Z 00413bf0 f i moc_workmodels.obj
 0001:00012c00       ?assign@?$IteratorOwnerCommon@Vconst_iterator@?$QList@PAVQObject@@@@@QtMetaTypePrivate@@SAXPAPAXPBQAX@Z 00413c00 f i moc_workmodels.obj
 0001:00012c00       ?assign@?$IteratorOwnerCommon@Vconst_iterator@?$QList@H@@@QtMetaTypePrivate@@SAXPAPAXPBQAX@Z 00413c00 f i moc_workmodels.obj
 0001:00012c20       ?boolValueChanged@OperationParamObject@@QAEXXZ 00413c20 f   moc_workmodels.obj
 0001:00012c40       ?bottomValueChanged@OperationParamObject@@QAEXXZ 00413c40 f   moc_workmodels.obj
 0001:00012c60       ?convert@?$ConverterFunctor@V?$QList@H@@VQSequentialIterableImpl@QtMetaTypePrivate@@U?$QSequentialIterableConvertFunctor@V?$QList@H@@@3@@QtPrivate@@SA_NPBUAbstractConverterFunction@2@PBXPAX@Z 00413c60 f i moc_workmodels.obj
 0001:00012d00       ?convert@?$ConverterFunctor@V?$QList@PAVQObject@@@@VQSequentialIterableImpl@QtMetaTypePrivate@@U?$QSequentialIterableConvertFunctor@V?$QList@PAVQObject@@@@@3@@QtPrivate@@SA_NPBUAbstractConverterFunction@2@PBXPAX@Z 00413d00 f i moc_workmodels.obj
 0001:00012da0       ?currentIndexChanged@OperationParamSelector@@QAEXXZ 00413da0 f   moc_workmodels.obj
 0001:00012dc0       ?destroy@?$IteratorOwnerCommon@Vconst_iterator@?$QList@H@@@QtMetaTypePrivate@@SAXPAPAX@Z 00413dc0 f i moc_workmodels.obj
 0001:00012dc0       ?destroy@?$IteratorOwnerCommon@Vconst_iterator@?$QList@PAVQObject@@@@@QtMetaTypePrivate@@SAXPAPAX@Z 00413dc0 f i moc_workmodels.obj
 0001:00012de0       ?display@OperationParamObject@@QBE?AVQString@@XZ 00413de0 f i moc_workmodels.obj
 0001:00012e00       ?displayChanged@OperationParamObject@@QAEXXZ 00413e00 f   moc_workmodels.obj
 0001:00012e20       ?equal@?$IteratorOwnerCommon@Vconst_iterator@?$QList@PAVQObject@@@@@QtMetaTypePrivate@@SA_NPBQAX0@Z 00413e20 f i moc_workmodels.obj
 0001:00012e20       ?equal@?$IteratorOwnerCommon@Vconst_iterator@?$QList@H@@@QtMetaTypePrivate@@SA_NPBQAX0@Z 00413e20 f i moc_workmodels.obj
 0001:00012e40       ?floatValueChanged@OperationParamObject@@QAEXXZ 00413e40 f   moc_workmodels.obj
 0001:00012e60       ?name@OperationParamObject@@QBE?AVQString@@XZ 00413e60 f i workmodels.obj
 0001:00012e60       ?getIpAddress@TargetMachineObject@@QBE?AVQString@@XZ 00413e60 f i environmentvariant.obj
 0001:00012e60       ?getOperationName@SingleOperationObject@@QAE?AVQString@@XZ 00413e60 f i moc_workmodels.obj
 0001:00012e80       ?getParamListModel@PlanSelector@@QAE?AV?$QList@PAVQObject@@@@XZ 00413e80 f i moc_workmodels.obj
 0001:00012ea0       ?getParamModel@OperationParamSelector@@QAE?AV?$QList@PAVQObject@@@@XZ 00413ea0 f i moc_workmodels.obj
 0001:00012ec0       ?intListValue@OperationParamObject@@QAE?AV?$QList@H@@XZ 00413ec0 f i moc_workmodels.obj
 0001:00012ee0       ?intListValueChanged@OperationParamObject@@QAEXXZ 00413ee0 f   moc_workmodels.obj
 0001:00012f00       ?integerValueChanged@OperationParamObject@@QAEXXZ 00413f00 f   moc_workmodels.obj
 0001:00012f20       ?metaObject@OperationParamObject@@UBEPBUQMetaObject@@XZ 00413f20 f   moc_workmodels.obj
 0001:00012f40       ?metaObject@OperationParamSelector@@UBEPBUQMetaObject@@XZ 00413f40 f   moc_workmodels.obj
 0001:00012f60       ?metaObject@PlanController@@UBEPBUQMetaObject@@XZ 00413f60 f   moc_workmodels.obj
 0001:00012f80       ?metaObject@PlanSelector@@UBEPBUQMetaObject@@XZ 00413f80 f   moc_workmodels.obj
 0001:00012fa0       ?metaObject@StatusViewWatcher@@UBEPBUQMetaObject@@XZ 00413fa0 f   moc_workmodels.obj
 0001:00012fc0       ?metaObject@TargetMachineObject@@UBEPBUQMetaObject@@XZ 00413fc0 f   moc_workmodels.obj
 0001:00012fe0       ?nameChanged@OperationParamObject@@QAEXXZ 00413fe0 f   moc_workmodels.obj
 0001:00013000       ?op_eq_impl@?$QList@PAVQObject@@@@ABE_NABV1@UArrayCompatibleLayout@QListData@@@Z 00414000 f i moc_workmodels.obj
 0001:00013000       ?op_eq_impl@?$QList@H@@ABE_NABV1@UArrayCompatibleLayout@QListData@@@Z 00414000 f i moc_workmodels.obj
 0001:00013070       ?op_eq_impl@?$QList@VQString@@@@ABE_NABV1@UArrayCompatibleLayout@QListData@@@Z 00414070 f i moc_workmodels.obj
 0001:000130e0       ?operationListModel@PlanSelector@@QAE?AVQStringList@@XZ 004140e0 f i moc_workmodels.obj
 0001:00013100       ?operationModel@OperationParamSelector@@QAE?AVQStringList@@XZ 00414100 f i moc_workmodels.obj
 0001:00013120       ?operationNameChanged@SingleOperationObject@@QAEXXZ 00414120 f   moc_workmodels.obj
 0001:00013140       ?pageNameChanged@OperationParamSelector@@QAEXXZ 00414140 f   moc_workmodels.obj
 0001:00013160       ?paramListModelChanged@PlanSelector@@QAEXXZ 00414160 f   moc_workmodels.obj
 0001:00013180       ?paramModelChanged@OperationParamSelector@@QAEXXZ 00414180 f   moc_workmodels.obj
 0001:000131a0       ?qt_metacall@OperationParamObject@@UAEHW4Call@QMetaObject@@HPAPAX@Z 004141a0 f   moc_workmodels.obj
 0001:00013240       ?qt_metacall@OperationParamSelector@@UAEHW4Call@QMetaObject@@HPAPAX@Z 00414240 f   moc_workmodels.obj
 0001:000132f0       ?qt_metacall@PlanController@@UAEHW4Call@QMetaObject@@HPAPAX@Z 004142f0 f   moc_workmodels.obj
 0001:00013350       ?qt_metacall@PlanSelector@@UAEHW4Call@QMetaObject@@HPAPAX@Z 00414350 f   moc_workmodels.obj
 0001:00013400       ?qt_metacall@StatusViewWatcher@@UAEHW4Call@QMetaObject@@HPAPAX@Z 00414400 f   moc_workmodels.obj
 0001:00013460       ?qt_metacall@TargetMachineObject@@UAEHW4Call@QMetaObject@@HPAPAX@Z 00414460 f   moc_workmodels.obj
 0001:00013520       ?qt_metacast@OperationParamObject@@UAEPAXPBD@Z 00414520 f   moc_workmodels.obj
 0001:000135c0       ?qt_metacast@OperationParamSelector@@UAEPAXPBD@Z 004145c0 f   moc_workmodels.obj
 0001:00013620       ?qt_metacast@PlanController@@UAEPAXPBD@Z 00414620 f   moc_workmodels.obj
 0001:00013680       ?qt_metacast@PlanSelector@@UAEPAXPBD@Z 00414680 f   moc_workmodels.obj
 0001:000136e0       ?qt_metacast@StatusViewWatcher@@UAEPAXPBD@Z 004146e0 f   moc_workmodels.obj
 0001:00013740       ?qt_metacast@TargetMachineObject@@UAEPAXPBD@Z 00414740 f   moc_workmodels.obj
 0001:000137e0       ?qt_metatype_id@?$QMetaTypeId@V?$QList@H@@@@SAHXZ 004147e0 f i moc_workmodels.obj
 0001:00013900       ?qt_metatype_id@?$QMetaTypeId@V?$QList@PAVQObject@@@@@@SAHXZ 00414900 f i moc_workmodels.obj
 0001:000139a0       ?qt_metatype_id@?$QMetaTypeId@VQSequentialIterableImpl@QtMetaTypePrivate@@@@SAHXZ 004149a0 f i moc_workmodels.obj
 0001:00013a30       ?qt_static_metacall@OperationParamObject@@CAXPAVQObject@@W4Call@QMetaObject@@HPAPAX@Z 00414a30 f   moc_workmodels.obj
 0001:00013f10       ?qt_static_metacall@OperationParamSelector@@CAXPAVQObject@@W4Call@QMetaObject@@HPAPAX@Z 00414f10 f   moc_workmodels.obj
 0001:000140a0       ?qt_static_metacall@PlanController@@CAXPAVQObject@@W4Call@QMetaObject@@HPAPAX@Z 004150a0 f   moc_workmodels.obj
 0001:00014130       ?qt_static_metacall@PlanSelector@@CAXPAVQObject@@W4Call@QMetaObject@@HPAPAX@Z 00415130 f   moc_workmodels.obj
 0001:00014400       ?qt_static_metacall@SingleOperationObject@@CAXPAVQObject@@W4Call@QMetaObject@@HPAPAX@Z 00415400 f   moc_workmodels.obj
 0001:000144b0       ?qt_static_metacall@StatusViewWatcher@@CAXPAVQObject@@W4Call@QMetaObject@@HPAPAX@Z 004154b0 f   moc_workmodels.obj
 0001:00014590       ?qt_static_metacall@TargetMachineObject@@CAXPAVQObject@@W4Call@QMetaObject@@HPAPAX@Z 00415590 f   moc_workmodels.obj
 0001:000146a0       ?registerConverter@?$ValueTypeIsMetaType@V?$QList@H@@$00@QtPrivate@@SA_NH@Z 004156a0 f i moc_workmodels.obj
 0001:00014730       ?registerConverter@?$ValueTypeIsMetaType@V?$QList@PAVQObject@@@@$00@QtPrivate@@SA_NH@Z 00415730 f i moc_workmodels.obj
 0001:000147c0       ?setBoolValue@OperationParamObject@@QAEX_N@Z 004157c0 f i moc_workmodels.obj
 0001:000147f0       ?setBottomValue@OperationParamObject@@QAEXH@Z 004157f0 f i moc_workmodels.obj
 0001:00014820       ?setDisplay@OperationParamObject@@QAEXABVQString@@@Z 00415820 f i moc_workmodels.obj
 0001:00014860       ?setFloatValue@OperationParamObject@@QAEXN@Z 00415860 f i moc_workmodels.obj
 0001:000148a0       ?setIntListValue@OperationParamObject@@QAEXABV?$QList@H@@@Z 004158a0 f i moc_workmodels.obj
 0001:00014980       ?setIntegerValue@OperationParamObject@@QAEXH@Z 00415980 f i moc_workmodels.obj
 0001:000149b0       ?setIpAddress@TargetMachineObject@@QAEXABVQString@@@Z 004159b0 f i moc_workmodels.obj
 0001:000149f0       ?setMaxReceiveTime@TargetMachineObject@@QAEXH@Z 004159f0 f i moc_workmodels.obj
 0001:00014a20       ?setName@OperationParamObject@@QAEXABVQString@@@Z 00415a20 f i moc_workmodels.obj
 0001:00014a60       ?setOperationName@SingleOperationObject@@QAEXABVQString@@@Z 00415a60 f i moc_workmodels.obj
 0001:00014aa0       ?setParamListModel@PlanSelector@@QAEXABV?$QList@PAVQObject@@@@@Z 00415aa0 f i moc_workmodels.obj
 0001:00014b80       ?setParamModel@OperationParamSelector@@QAEXABV?$QList@PAVQObject@@@@@Z 00415b80 f i moc_workmodels.obj
 0001:00014c60       ?setPort@TargetMachineObject@@QAEXF@Z 00415c60 f i moc_workmodels.obj
 0001:00014c90       ?setStringValue@OperationParamObject@@QAEXABVQString@@@Z 00415c90 f i moc_workmodels.obj
 0001:00014cd0       ?setStringlistValue@OperationParamObject@@QAEXABVQStringList@@@Z 00415cd0 f i moc_workmodels.obj
 0001:00014d50       ?setSwitchValue@OperationParamObject@@QAEXABVQString@@@Z 00415d50 f i moc_workmodels.obj
 0001:00014d90       ?setTopValue@OperationParamObject@@QAEXH@Z 00415d90 f i moc_workmodels.obj
 0001:00014dc0       ?setUnit@OperationParamObject@@QAEXABVQString@@@Z 00415dc0 f i moc_workmodels.obj
 0001:00014e00       ?settype@OperationParamObject@@QAEXABVQString@@@Z 00415e00 f i moc_workmodels.obj
 0001:00014e40       ?statusChanged@StatusViewWatcher@@QAEXABVQJsonObject@@@Z 00415e40 f   moc_workmodels.obj
 0001:00014e70       ?stringListValue@OperationParamObject@@QBE?AVQStringList@@XZ 00415e70 f i moc_workmodels.obj
 0001:00014e90       ?stringValue@OperationParamObject@@QBE?AVQString@@XZ 00415e90 f i moc_workmodels.obj
 0001:00014eb0       ?stringValueChanged@OperationParamObject@@QAEXXZ 00415eb0 f   moc_workmodels.obj
 0001:00014ed0       ?stringlistValueChanged@OperationParamObject@@QAEXXZ 00415ed0 f   moc_workmodels.obj
 0001:00014ef0       ?switchValue@OperationParamObject@@QBE?AVQString@@XZ 00415ef0 f i moc_workmodels.obj
 0001:00014f10       ?switchValueChanged@OperationParamObject@@QAEXXZ 00415f10 f   moc_workmodels.obj
 0001:00014f30       ?taskStateChanged@PlanController@@QAEX_N@Z 00415f30 f   moc_workmodels.obj
 0001:00014f60       ?topValueChanged@OperationParamObject@@QAEXXZ 00415f60 f   moc_workmodels.obj
 0001:00014f80       ?type@OperationParamObject@@QBE?AVQString@@XZ 00415f80 f i moc_workmodels.obj
 0001:00014fa0       ?typeChanged@OperationParamObject@@QAEXXZ 00415fa0 f   moc_workmodels.obj
 0001:00014fc0       ?unit@OperationParamObject@@QBE?AVQString@@XZ 00415fc0 f i moc_workmodels.obj
 0001:00014fe0       ?workLocationTypeChanged@StatusViewWatcher@@QAEXXZ 00415fe0 f   moc_workmodels.obj
 0001:00014ff4       _MiniDumpWriteDump@28      00415ff4 f   DbgHelp:dbghelp.dll
 0001:00014ffa       ?fixup@QValidator@@UBEXAAVQString@@@Z 00415ffa f   Qt5Gui:Qt5Gui.dll
 0001:00015000       ?metaObject@QDoubleValidator@@UBEPBUQMetaObject@@XZ 00416000 f   Qt5Gui:Qt5Gui.dll
 0001:00015006       ?qt_metacall@QDoubleValidator@@UAEHW4Call@QMetaObject@@HPAPAX@Z 00416006 f   Qt5Gui:Qt5Gui.dll
 0001:0001500c       ?qt_metacast@QDoubleValidator@@UAEPAXPBD@Z 0041600c f   Qt5Gui:Qt5Gui.dll
 0001:00015012       ?setRange@QDoubleValidator@@UAEXNNH@Z 00416012 f   Qt5Gui:Qt5Gui.dll
 0001:00015018       ?childEvent@QObject@@MAEXPAVQChildEvent@@@Z 00416018 f   Qt5Core:Qt5Core.dll
 0001:0001501e       ?connectNotify@QObject@@MAEXABVQMetaMethod@@@Z 0041601e f   Qt5Core:Qt5Core.dll
 0001:00015024       ?customEvent@QObject@@MAEXPAVQEvent@@@Z 00416024 f   Qt5Core:Qt5Core.dll
 0001:0001502a       ?disconnectNotify@QObject@@MAEXABVQMetaMethod@@@Z 0041602a f   Qt5Core:Qt5Core.dll
 0001:00015030       ?event@QObject@@UAE_NPAVQEvent@@@Z 00416030 f   Qt5Core:Qt5Core.dll
 0001:00015036       ?eventFilter@QObject@@UAE_NPAV1@PAVQEvent@@@Z 00416036 f   Qt5Core:Qt5Core.dll
 0001:0001503c       ?timerEvent@QObject@@MAEXPAVQTimerEvent@@@Z 0041603c f   Qt5Core:Qt5Core.dll
 0001:00015042       ?qRegisterResourceData@@YA_NHPBE00@Z 00416042 f   Qt5Core:Qt5Core.dll
 0001:00015048       ?qUnregisterResourceData@@YA_NHPBE00@Z 00416048 f   Qt5Core:Qt5Core.dll
 0001:0001504e       @__security_check_cookie@4 0041604e f   MSVCRT:_secchk_.obj
 0001:0001505f       ??2@YAPAXI@Z               0041605f f   MSVCRT:new_scalar.obj
 0001:00015092       ??3@YAXPAXI@Z              00416092 f   MSVCRT:delete_scalar_size.obj
 0001:00015160       ??$__crt_fast_encode_pointer@P6GHPAU_RTL_CONDITION_VARIABLE@@PAU_RTL_CRITICAL_SECTION@@K@Z@@YAP6GHPAU_RTL_CONDITION_VARIABLE@@PAU_RTL_CRITICAL_SECTION@@K@ZQ6GH01K@Z@Z 00416160 f i MSVCRT:thread_safe_statics.obj
 0001:00015160       ??$__crt_fast_encode_pointer@P6GXPAU_RTL_CONDITION_VARIABLE@@@Z@@YAP6GXPAU_RTL_CONDITION_VARIABLE@@@ZQ6GX0@Z@Z 00416160 f i MSVCRT:thread_safe_statics.obj
 0001:00015199       __Init_thread_footer       00416199 f   MSVCRT:thread_safe_statics.obj
 0001:000151d8       __Init_thread_header       004161d8 f   MSVCRT:thread_safe_statics.obj
 0001:0001521e       __Init_thread_lock         0041621e f   MSVCRT:thread_safe_statics.obj
 0001:0001522a       __Init_thread_notify       0041622a f   MSVCRT:thread_safe_statics.obj
 0001:0001526b       __Init_thread_unlock       0041626b f   MSVCRT:thread_safe_statics.obj
 0001:00015277       __Init_thread_wait         00416277 f   MSVCRT:thread_safe_statics.obj
 0001:000152dc       ??_Etype_info@@UAEPAXI@Z   004162dc f i MSVCRT:std_type_info_static.obj
 0001:000152dc       ??_Gtype_info@@UAEPAXI@Z   004162dc f i MSVCRT:std_type_info_static.obj
 0001:00015343       ___scrt_acquire_startup_lock 00416343 f   MSVCRT:utility.obj
 0001:00015378       ___scrt_initialize_crt     00416378 f   MSVCRT:utility.obj
 0001:000153b1       ___scrt_initialize_onexit_tables 004163b1 f   MSVCRT:utility.obj
 0001:00015448       ___scrt_is_nonwritable_in_current_image 00416448 f   MSVCRT:utility.obj
 0001:000154d2       ___scrt_release_startup_lock 004164d2 f   MSVCRT:utility.obj
 0001:000154ef       ___scrt_uninitialize_crt   004164ef f   MSVCRT:utility.obj
 0001:00015517       __onexit                   00416517 f   MSVCRT:utility.obj
 0001:00015552       _atexit                    00416552 f   MSVCRT:utility.obj
 0001:0001578d       _WinMainCRTStartup         0041678d f   MSVCRT:exe_winmain.obj
 0001:00015797       ___raise_securityfailure   00416797 f   MSVCRT:gs_report.obj
 0001:000157bf       ___report_gsfailure        004167bf f   MSVCRT:gs_report.obj
 0001:000158ba       ??0bad_alloc@std@@QAE@ABV01@@Z 004168ba f i MSVCRT:throw_bad_alloc.obj
 0001:000158d5       ??0bad_alloc@std@@QAE@XZ   004168d5 f i MSVCRT:throw_bad_alloc.obj
 0001:000158ed       ??0bad_array_new_length@std@@QAE@ABV01@@Z 004168ed f i MSVCRT:throw_bad_alloc.obj
 0001:00015908       ??0bad_array_new_length@std@@QAE@XZ 00416908 f i MSVCRT:throw_bad_alloc.obj
 0001:00015920       ??0exception@std@@QAE@ABV01@@Z 00416920 f i MSVCRT:throw_bad_alloc.obj
 0001:0001594c       ??1bad_alloc@std@@UAE@XZ   0041694c f i MSVCRT:throw_bad_alloc.obj
 0001:0001594c       ??1bad_array_new_length@std@@UAE@XZ 0041694c f i MSVCRT:throw_bad_alloc.obj
 0001:0001595d       ??_Gbad_array_new_length@std@@UAEPAXI@Z 0041695d f i MSVCRT:throw_bad_alloc.obj
 0001:0001595d       ??_Ebad_alloc@std@@UAEPAXI@Z 0041695d f i MSVCRT:throw_bad_alloc.obj
 0001:0001595d       ??_Eexception@std@@UAEPAXI@Z 0041695d f i MSVCRT:throw_bad_alloc.obj
 0001:0001595d       ??_Gexception@std@@UAEPAXI@Z 0041695d f i MSVCRT:throw_bad_alloc.obj
 0001:0001595d       ??_Gbad_alloc@std@@UAEPAXI@Z 0041695d f i MSVCRT:throw_bad_alloc.obj
 0001:0001595d       ??_Ebad_array_new_length@std@@UAEPAXI@Z 0041695d f i MSVCRT:throw_bad_alloc.obj
 0001:0001598a       ?__scrt_throw_std_bad_alloc@@YAXXZ 0041698a f   MSVCRT:throw_bad_alloc.obj
 0001:000159a7       ?__scrt_throw_std_bad_array_new_length@@YAXXZ 004169a7 f   MSVCRT:throw_bad_alloc.obj
 0001:000159c4       ?what@exception@std@@UBEPBDXZ 004169c4 f i MSVCRT:throw_bad_alloc.obj
 0001:000159d1       ??3@YAXPAX@Z               004169d1 f   MSVCRT:delete_scalar.obj
 0001:000159d6       ___scrt_fastfail           004169d6 f   MSVCRT:utility_desktop.obj
 0001:00015af1       ___scrt_get_show_window_mode 00416af1 f   MSVCRT:utility_desktop.obj
 0001:00015b24       __get_startup_thread_locale_mode 00416b24 f   MSVCRT:thread_locale.obj
 0001:00015b24       ___scrt_initialize_winrt   00416b24 f   MSVCRT:utility_desktop.obj
 0001:00015b24       __get_startup_new_mode     00416b24 f   MSVCRT:new_mode.obj
 0001:00015b24       __get_startup_commit_mode  00416b24 f   MSVCRT:commit_mode.obj
 0001:00015b24       __matherr                  00416b24 f   MSVCRT:matherr.obj
 0001:00015b27       ___scrt_is_managed_app     00416b27 f   MSVCRT:utility_desktop.obj
 0001:00015b6b       ___scrt_set_unhandled_exception_filter 00416b6b f   MSVCRT:utility_desktop.obj
 0001:00015b77       ___scrt_unhandled_exception_filter@4 00416b77 f   MSVCRT:utility_desktop.obj
 0001:00015bb8       @_guard_check_icall@4      00416bb8 f i MSVCRT:checkcfg.obj
 0001:00015bbe       ___isa_available_init      00416bbe f   MSVCRT:_cpu_disp_.obj
 0001:00015d58       __get_startup_argv_mode    00416d58 f   MSVCRT:argv_mode.obj
 0001:00015d5c       ___scrt_is_ucrt_dll_in_use 00416d5c f   MSVCRT:ucrt_detection.obj
 0001:00015d70       __SEH_prolog4              00416d70 f   MSVCRT:_sehprolg4_.obj
 0001:00015db6       __SEH_epilog4              00416db6 f   MSVCRT:_sehprolg4_.obj
 0001:00015dcb       __except_handler4          00416dcb f   MSVCRT:_chandler4gs_.obj
 0001:00015dee       ___security_init_cookie    00416dee f   MSVCRT:gs_support.obj
 0001:00015e8a       __get_startup_file_mode    00416e8a f   MSVCRT:file_mode.obj
 0001:00015e90       ?__scrt_initialize_type_info@@YAXXZ 00416e90 f   MSVCRT:tncleanup.obj
 0001:00015e9c       __initialize_default_precision 00416e9c f   MSVCRT:default_precision.obj
 0001:00015ebd       ___local_stdio_printf_options 00416ebd f i MSVCRT:default_local_stdio_options.obj
 0001:00015ec3       ___local_stdio_scanf_options 00416ec3 f i MSVCRT:default_local_stdio_options.obj
 0001:00015ec9       ___scrt_initialize_default_local_stdio_options 00416ec9 f   MSVCRT:default_local_stdio_options.obj
 0001:00015ee6       ___scrt_is_user_matherr_present 00416ee6 f   MSVCRT:matherr_detection.obj
 0001:00015ef2       ___scrt_get_dyn_tls_init_callback 00416ef2 f   MSVCRT:dyn_tls_init.obj
 0001:00015ef8       ___scrt_get_dyn_tls_dtor_callback 00416ef8 f   MSVCRT:dyn_tls_dtor.obj
 0001:00015efe       __RTC_Initialize           00416efe f   MSVCRT:_initsect_.obj
 0001:00015f29       __RTC_Terminate            00416f29 f   MSVCRT:_initsect_.obj
 0001:00015f54       _IsProcessorFeaturePresent@4 00416f54 f   kernel32:KERNEL32.dll
 0001:00015f5a       ___CxxFrameHandler3        00416f5a f   vcruntime:VCRUNTIME140.dll
 0001:00015f60       ___std_terminate           00416f60 f   vcruntime:VCRUNTIME140.dll
 0001:00015f66       __CxxThrowException@8      00416f66 f   vcruntime:VCRUNTIME140.dll
 0001:00015f6c       _memcpy                    00416f6c f   vcruntime:VCRUNTIME140.dll
 0001:00015f72       ___RTDynamicCast           00416f72 f   vcruntime:VCRUNTIME140.dll
 0001:00015f78       ___vcrt_InitializeCriticalSectionEx 00416f78 f   vcruntime:VCRUNTIME140.dll
 0001:00015f7e       ___std_exception_copy      00416f7e f   vcruntime:VCRUNTIME140.dll
 0001:00015f84       ___std_exception_destroy   00416f84 f   vcruntime:VCRUNTIME140.dll
 0001:00015f8a       _memset                    00416f8a f   vcruntime:VCRUNTIME140.dll
 0001:00015f90       __except_handler4_common   00416f90 f   vcruntime:VCRUNTIME140.dll
 0001:00015f96       _free                      00416f96 f   ucrt:api-ms-win-crt-heap-l1-1-0.dll
 0001:00015f9c       _malloc                    00416f9c f   ucrt:api-ms-win-crt-heap-l1-1-0.dll
 0001:00015fa2       __callnewh                 00416fa2 f   ucrt:api-ms-win-crt-heap-l1-1-0.dll
 0001:00015fa8       __configure_narrow_argv    00416fa8 f   ucrt:api-ms-win-crt-runtime-l1-1-0.dll
 0001:00015fae       __initialize_narrow_environment 00416fae f   ucrt:api-ms-win-crt-runtime-l1-1-0.dll
 0001:00015fb4       __initialize_onexit_table  00416fb4 f   ucrt:api-ms-win-crt-runtime-l1-1-0.dll
 0001:00015fba       __register_onexit_function 00416fba f   ucrt:api-ms-win-crt-runtime-l1-1-0.dll
 0001:00015fc0       __crt_atexit               00416fc0 f   ucrt:api-ms-win-crt-runtime-l1-1-0.dll
 0001:00015fc6       __cexit                    00416fc6 f   ucrt:api-ms-win-crt-runtime-l1-1-0.dll
 0001:00015fcc       __seh_filter_exe           00416fcc f   ucrt:api-ms-win-crt-runtime-l1-1-0.dll
 0001:00015fd2       __set_app_type             00416fd2 f   ucrt:api-ms-win-crt-runtime-l1-1-0.dll
 0001:00015fd8       ___setusermatherr          00416fd8 f   ucrt:api-ms-win-crt-math-l1-1-0.dll
 0001:00015fde       __get_narrow_winmain_command_line 00416fde f   ucrt:api-ms-win-crt-runtime-l1-1-0.dll
 0001:00015fe4       __initterm                 00416fe4 f   ucrt:api-ms-win-crt-runtime-l1-1-0.dll
 0001:00015fea       __initterm_e               00416fea f   ucrt:api-ms-win-crt-runtime-l1-1-0.dll
 0001:00015ff0       _exit                      00416ff0 f   ucrt:api-ms-win-crt-runtime-l1-1-0.dll
 0001:00015ff6       __exit                     00416ff6 f   ucrt:api-ms-win-crt-runtime-l1-1-0.dll
 0001:00015ffe       __set_fmode                00416ffe f   ucrt:api-ms-win-crt-stdio-l1-1-0.dll
 0001:00016004       __c_exit                   00417004 f   ucrt:api-ms-win-crt-runtime-l1-1-0.dll
 0001:0001600a       __register_thread_local_exe_atexit_callback 0041700a f   ucrt:api-ms-win-crt-runtime-l1-1-0.dll
 0001:00016010       __configthreadlocale       00417010 f   ucrt:api-ms-win-crt-locale-l1-1-0.dll
 0001:00016016       __set_new_mode             00417016 f   ucrt:api-ms-win-crt-heap-l1-1-0.dll
 0001:0001601c       ___p__commode              0041701c f   ucrt:api-ms-win-crt-stdio-l1-1-0.dll
 0001:00016022       _terminate                 00417022 f   ucrt:api-ms-win-crt-runtime-l1-1-0.dll
 0001:00016028       __controlfp_s              00417028 f   ucrt:api-ms-win-crt-runtime-l1-1-0.dll
 0001:00016030       _WinMain@16                00417030 f   qtmain:qtmain_win.obj
 0001:0001614e       ??_U@YAPAXI@Z              0041714e f   MSVCRT:new_array.obj
 0001:00016157       ??_V@YAXPAX@Z              00417157 f   MSVCRT:delete_array.obj
 0001:0001615c       ___scrt_stub_for_acrt_initialize 0041715c f   MSVCRT:ucrt_stubs.obj
 0001:0001615c       ___acrt_initialize         0041715c f   MSVCRT:ucrt_stubs.obj
 0001:0001615c       ___scrt_stub_for_acrt_uninitialize 0041715c f   MSVCRT:ucrt_stubs.obj
 0001:0001615c       ___vcrt_initialize         0041715c f   MSVCRT:ucrt_stubs.obj
 0001:0001615c       ___acrt_uninitialize       0041715c f   MSVCRT:ucrt_stubs.obj
 0001:0001615c       ___vcrt_uninitialize       0041715c f   MSVCRT:ucrt_stubs.obj
 0001:0001615c       __should_initialize_environment 0041715c f   MSVCRT:env_mode.obj
 0001:00018b90       ??__Ff@?4??registerConverter@?$ValueTypeIsMetaType@V?$QList@H@@$00@QtPrivate@@SA_NH@Z@YAXXZ 00419b90 f i moc_workmodels.obj
 0001:00018be0       ??__Ff@?4??registerConverter@?$ValueTypeIsMetaType@V?$QList@PAVQObject@@@@$00@QtPrivate@@SA_NH@Z@YAXXZ 00419be0 f i moc_workmodels.obj
 0002:00000000       __imp__WideCharToMultiByte@32 0041a000     kernel32:KERNEL32.dll
 0002:00000004       __imp__LocalFree@4         0041a004     kernel32:KERNEL32.dll
 0002:00000008       __imp__GetCommandLineW@0   0041a008     kernel32:KERNEL32.dll
 0002:0000000c       __imp__InitializeSListHead@4 0041a00c     kernel32:KERNEL32.dll
 0002:00000010       __imp__GetSystemTimeAsFileTime@4 0041a010     kernel32:KERNEL32.dll
 0002:00000014       __imp__QueryPerformanceCounter@4 0041a014     kernel32:KERNEL32.dll
 0002:00000018       __imp__GetStartupInfoW@4   0041a018     kernel32:KERNEL32.dll
 0002:0000001c       __imp__IsDebuggerPresent@0 0041a01c     kernel32:KERNEL32.dll
 0002:00000020       __imp__IsProcessorFeaturePresent@4 0041a020     kernel32:KERNEL32.dll
 0002:00000024       __imp__TerminateProcess@8  0041a024     kernel32:KERNEL32.dll
 0002:00000028       __imp__UnhandledExceptionFilter@4 0041a028     kernel32:KERNEL32.dll
 0002:0000002c       __imp__GetProcAddress@8    0041a02c     kernel32:KERNEL32.dll
 0002:00000030       __imp__GetModuleHandleW@4  0041a030     kernel32:KERNEL32.dll
 0002:00000034       __imp__CreateEventW@16     0041a034     kernel32:KERNEL32.dll
 0002:00000038       __imp__WaitForSingleObjectEx@12 0041a038     kernel32:KERNEL32.dll
 0002:0000003c       __imp__ResetEvent@4        0041a03c     kernel32:KERNEL32.dll
 0002:00000040       __imp__SetEvent@4          0041a040     kernel32:KERNEL32.dll
 0002:00000044       __imp__DeleteCriticalSection@4 0041a044     kernel32:KERNEL32.dll
 0002:00000048       __imp__LeaveCriticalSection@4 0041a048     kernel32:KERNEL32.dll
 0002:0000004c       __imp__EnterCriticalSection@4 0041a04c     kernel32:KERNEL32.dll
 0002:00000050       __imp__GetCurrentThreadId@0 0041a050     kernel32:KERNEL32.dll
 0002:00000054       __imp__GetCurrentProcessId@0 0041a054     kernel32:KERNEL32.dll
 0002:00000058       __imp__GetCurrentProcess@0 0041a058     kernel32:KERNEL32.dll
 0002:0000005c       __imp__SetUnhandledExceptionFilter@4 0041a05c     kernel32:KERNEL32.dll
 0002:00000060       __imp__CloseHandle@4       0041a060     kernel32:KERNEL32.dll
 0002:00000064       __imp__CreateFileW@28      0041a064     kernel32:KERNEL32.dll
 0002:00000068       \177KERNEL32_NULL_THUNK_DATA 0041a068     kernel32:KERNEL32.dll
 0002:0000006c       __imp_?unregisterConverterFunction@QMetaType@@SAXHH@Z 0041a06c     Qt5Core:Qt5Core.dll
 0002:00000070       __imp_?registerConverterFunction@QMetaType@@SA_NPBUAbstractConverterFunction@QtPrivate@@HH@Z 0041a070     Qt5Core:Qt5Core.dll
 0002:00000074       __imp_?hasRegisteredConverterFunction@QMetaType@@SA_NHH@Z 0041a074     Qt5Core:Qt5Core.dll
 0002:00000078       __imp_?typeName@QMetaType@@SAPBDH@Z 0041a078     Qt5Core:Qt5Core.dll
 0002:0000007c       __imp_?append@QByteArray@@QAEAAV1@PBDH@Z 0041a07c     Qt5Core:Qt5Core.dll
 0002:00000080       __imp_?endsWith@QByteArray@@QBE_ND@Z 0041a080     Qt5Core:Qt5Core.dll
 0002:00000084       __imp_?normalizedType@QMetaObject@@SA?AVQByteArray@@PBD@Z 0041a084     Qt5Core:Qt5Core.dll
 0002:00000088       __imp_?qt_metacall@QObject@@UAEHW4Call@QMetaObject@@HPAPAX@Z 0041a088     Qt5Core:Qt5Core.dll
 0002:0000008c       __imp_?qt_metacast@QObject@@UAEPAXPBD@Z 0041a08c     Qt5Core:Qt5Core.dll
 0002:00000090       __imp_?dynamicMetaObject@QObjectData@@QBEPAUQMetaObject@@XZ 0041a090     Qt5Core:Qt5Core.dll
 0002:00000094       __imp_?activate@QMetaObject@@SAXPAVQObject@@PBU1@HPAPAX@Z 0041a094     Qt5Core:Qt5Core.dll
 0002:00000098       __imp_?staticMetaObject@QObject@@2UQMetaObject@@B 0041a098     Qt5Core:Qt5Core.dll
 0002:0000009c       __imp_?qUnregisterResourceData@@YA_NHPBE00@Z 0041a09c     Qt5Core:Qt5Core.dll
 0002:000000a0       __imp_?qRegisterResourceData@@YA_NHPBE00@Z 0041a0a0     Qt5Core:Qt5Core.dll
 0002:000000a4       __imp_?disconnectImpl@QObject@@CA_NPBV1@PAPAX01PBUQMetaObject@@@Z 0041a0a4     Qt5Core:Qt5Core.dll
 0002:000000a8       __imp_?removeEventFilter@QObject@@QAEXPAV1@@Z 0041a0a8     Qt5Core:Qt5Core.dll
 0002:000000ac       __imp_??0QMessageLogger@@QAE@PBDH0@Z 0041a0ac     Qt5Core:Qt5Core.dll
 0002:000000b0       __imp_?warning@QMessageLogger@@QBAXPBDZZ 0041a0b0     Qt5Core:Qt5Core.dll
[...]
 0002:00345444       __ehfuncinfo$??1PlanSelector@@UAE@XZ 0075f444     main.obj
 0002:00345468       __unwindtable$?validate@TextFieldDoubleValidator@@UBE?AW4State@QValidator@@AAVQString@@AAH@Z 0075f468     main.obj
 0002:00345480       __ehfuncinfo$?validate@TextFieldDoubleValidator@@UBE?AW4State@QValidator@@AAVQString@@AAH@Z 0075f480     main.obj
 0002:003454a4       __ehfuncinfo$?customMessageHandler@@YAXW4QtMsgType@@ABVQMessageLogContext@@ABVQString@@@Z 0075f4a4     main.obj
 0002:003454c8       __unwindtable$?customMessageHandler@@YAXW4QtMsgType@@ABVQMessageLogContext@@ABVQString@@@Z 0075f4c8     main.obj
 0002:00345568       __unwindtable$?getConfigFullName@@YA?AVQString@@PBD@Z 0075f568     main.obj
 0002:00345570       __ehfuncinfo$?getConfigFullName@@YA?AVQString@@PBD@Z 0075f570     main.obj
 0002:00345594       __ehfuncinfo$_main         0075f594     main.obj
 0002:003455b8       __unwindtable$_main        0075f5b8     main.obj
 0002:00345648       __ehfuncinfo$??$qmlRegisterType@VOperationParamSelector@@@@YAHPBDHH0@Z 0075f648     main.obj
 0002:00345648       __ehfuncinfo$??$qmlRegisterType@VOperationParamObject@@@@YAHPBDHH0@Z 0075f648     main.obj
 0002:00345648       __ehfuncinfo$??$qmlRegisterType@VPlanSelector@@@@YAHPBDHH0@Z 0075f648     main.obj
 0002:00345648       __ehfuncinfo$??$qmlRegisterType@VPlanController@@@@YAHPBDHH0@Z 0075f648     main.obj
 0002:00345648       __ehfuncinfo$??$qmlRegisterType@VStatusViewWatcher@@@@YAHPBDHH0@Z 0075f648     main.obj
 0002:00345648       __ehfuncinfo$??$qmlRegisterType@VTextFieldDoubleValidator@@@@YAHPBDHH0@Z 0075f648     main.obj
 0002:0034566c       __unwindtable$??$qmlRegisterType@VPlanController@@@@YAHPBDHH0@Z 0075f66c     main.obj
 0002:0034566c       __unwindtable$??$qmlRegisterType@VOperationParamObject@@@@YAHPBDHH0@Z 0075f66c     main.obj
 0002:0034566c       __unwindtable$??$qmlRegisterType@VOperationParamSelector@@@@YAHPBDHH0@Z 0075f66c     main.obj
 0002:0034566c       __unwindtable$??$qmlRegisterType@VTextFieldDoubleValidator@@@@YAHPBDHH0@Z 0075f66c     main.obj
 0002:0034566c       __unwindtable$??$qmlRegisterType@VPlanSelector@@@@YAHPBDHH0@Z 0075f66c     main.obj
 0002:0034566c       __unwindtable$??$qmlRegisterType@VStatusViewWatcher@@@@YAHPBDHH0@Z 0075f66c     main.obj
 0002:00345694       __unwindtable$??$createInto@VPlanSelector@@@QQmlPrivate@@YAXPAX@Z 0075f694     main.obj
 0002:00345694       __unwindtable$??$createInto@VOperationParamSelector@@@QQmlPrivate@@YAXPAX@Z 0075f694     main.obj
 0002:00345694       __unwindtable$??$createInto@VOperationParamObject@@@QQmlPrivate@@YAXPAX@Z 0075f694     main.obj
 0002:00345694       __unwindtable$??$createInto@VTextFieldDoubleValidator@@@QQmlPrivate@@YAXPAX@Z 0075f694     main.obj
 0002:00345694       __unwindtable$??$createInto@VPlanController@@@QQmlPrivate@@YAXPAX@Z 0075f694     main.obj
 0002:00345694       __unwindtable$??$createInto@VStatusViewWatcher@@@QQmlPrivate@@YAXPAX@Z 0075f694     main.obj
 0002:0034569c       __ehfuncinfo$??$createInto@VTextFieldDoubleValidator@@@QQmlPrivate@@YAXPAX@Z 0075f69c     main.obj
 0002:0034569c       __ehfuncinfo$??$createInto@VOperationParamObject@@@QQmlPrivate@@YAXPAX@Z 0075f69c     main.obj
 0002:0034569c       __ehfuncinfo$??$createInto@VOperationParamSelector@@@QQmlPrivate@@YAXPAX@Z 0075f69c     main.obj
 0002:0034569c       __ehfuncinfo$??$createInto@VPlanController@@@QQmlPrivate@@YAXPAX@Z 0075f69c     main.obj
 0002:0034569c       __ehfuncinfo$??$createInto@VPlanSelector@@@QQmlPrivate@@YAXPAX@Z 0075f69c     main.obj
 0002:0034569c       __ehfuncinfo$??$createInto@VStatusViewWatcher@@@QQmlPrivate@@YAXPAX@Z 0075f69c     main.obj
 0002:003456c0       __unwindtable$?qt_metatype_id@?$QMetaTypeIdQObject@PAVTextFieldDoubleValidator@@$07@@SAHXZ 0075f6c0     main.obj
 0002:003456c0       __unwindtable$?qt_metatype_id@?$QMetaTypeIdQObject@PAVPlanSelector@@$07@@SAHXZ 0075f6c0     main.obj
 0002:003456c0       __unwindtable$?qt_metatype_id@?$QMetaTypeIdQObject@PAVOperationParamSelector@@$07@@SAHXZ 0075f6c0     main.obj
 0002:003456c0       __unwindtable$?qt_metatype_id@?$QMetaTypeIdQObject@PAVPlanController@@$07@@SAHXZ 0075f6c0     main.obj
 0002:003456c0       __unwindtable$?qt_metatype_id@?$QMetaTypeIdQObject@PAVOperationParamObject@@$07@@SAHXZ 0075f6c0     main.obj
 0002:003456c0       __unwindtable$?qt_metatype_id@?$QMetaTypeIdQObject@PAVStatusViewWatcher@@$07@@SAHXZ 0075f6c0     main.obj
 0002:003456c8       __ehfuncinfo$?qt_metatype_id@?$QMetaTypeIdQObject@PAVPlanController@@$07@@SAHXZ 0075f6c8     main.obj
 0002:003456c8       __ehfuncinfo$?qt_metatype_id@?$QMetaTypeIdQObject@PAVStatusViewWatcher@@$07@@SAHXZ 0075f6c8     main.obj
 0002:003456c8       __ehfuncinfo$?qt_metatype_id@?$QMetaTypeIdQObject@PAVPlanSelector@@$07@@SAHXZ 0075f6c8     main.obj
 0002:003456c8       __ehfuncinfo$?qt_metatype_id@?$QMetaTypeIdQObject@PAVOperationParamObject@@$07@@SAHXZ 0075f6c8     main.obj
 0002:003456c8       __ehfuncinfo$?qt_metatype_id@?$QMetaTypeIdQObject@PAVTextFieldDoubleValidator@@$07@@SAHXZ 0075f6c8     main.obj
 0002:003456c8       __ehfuncinfo$?qt_metatype_id@?$QMetaTypeIdQObject@PAVOperationParamSelector@@$07@@SAHXZ 0075f6c8     main.obj
 0002:003456ec       __unwindtable$??_G?$QQmlElement@VOperationParamObject@@@QQmlPrivate@@UAEPAXI@Z 0075f6ec     main.obj
 0002:003456ec       __unwindtable$??1?$QForeachContainer@V?$QList@VSingleOperationData@@@@@QtPrivate@@QAE@XZ 0075f6ec     environmentvariant.obj
 0002:003456ec       __unwindtable$??_GSingleOperationData@@QAEPAXI@Z 0075f6ec     configfilehandler.obj
 0002:003456ec       __unwindtable$??_GPlanController@@UAEPAXI@Z 0075f6ec     workmodels.obj
 0002:003456ec       __unwindtable$??_G?$QQmlElement@VPlanSelector@@@QQmlPrivate@@UAEPAXI@Z 0075f6ec     main.obj
 0002:003456ec       __unwindtable$??_G?$QQmlElement@VTextFieldDoubleValidator@@@QQmlPrivate@@UAEPAXI@Z 0075f6ec     main.obj
 0002:003456ec       __unwindtable$??_G?$QQmlElement@VStatusViewWatcher@@@QQmlPrivate@@UAEPAXI@Z 0075f6ec     main.obj
 0002:003456ec       __unwindtable$??1SingleOperationData@@QAE@XZ 0075f6ec     configfilehandler.obj
 0002:003456ec       __unwindtable$??_G?$QQmlElement@VPlanController@@@QQmlPrivate@@UAEPAXI@Z 0075f6ec     main.obj
 0002:003456ec       __unwindtable$??_G?$QQmlElement@VOperationParamSelector@@@QQmlPrivate@@UAEPAXI@Z 0075f6ec     main.obj
 0002:003456ec       __unwindtable$??1OperationParamData@@QAE@XZ 0075f6ec     configfilehandler.obj
 0002:003456f4       __ehfuncinfo$??_G?$QQmlElement@VStatusViewWatcher@@@QQmlPrivate@@UAEPAXI@Z 0075f6f4     main.obj
 0002:003456f4       __ehfuncinfo$??_G?$QQmlElement@VPlanSelector@@@QQmlPrivate@@UAEPAXI@Z 0075f6f4     main.obj
 0002:003456f4       __ehfuncinfo$??_GPlanController@@UAEPAXI@Z 0075f6f4     workmodels.obj
 0002:003456f4       __ehfuncinfo$??1?$QForeachContainer@V?$QList@VSingleOperationData@@@@@QtPrivate@@QAE@XZ 0075f6f4     environmentvariant.obj
 0002:003456f4       __ehfuncinfo$??_G?$QQmlElement@VOperationParamSelector@@@QQmlPrivate@@UAEPAXI@Z 0075f6f4     main.obj
 0002:003456f4       __ehfuncinfo$??_G?$QQmlElement@VOperationParamObject@@@QQmlPrivate@@UAEPAXI@Z 0075f6f4     main.obj
 0002:003456f4       __ehfuncinfo$??_GSingleOperationData@@QAEPAXI@Z 0075f6f4     configfilehandler.obj
 0002:003456f4       __ehfuncinfo$??_G?$QQmlElement@VTextFieldDoubleValidator@@@QQmlPrivate@@UAEPAXI@Z 0075f6f4     main.obj
 0002:003456f4       __ehfuncinfo$??1SingleOperationData@@QAE@XZ 0075f6f4     configfilehandler.obj
 0002:003456f4       __ehfuncinfo$??1OperationParamData@@QAE@XZ 0075f6f4     configfilehandler.obj
 0002:003456f4       __ehfuncinfo$??_G?$QQmlElement@VPlanController@@@QQmlPrivate@@UAEPAXI@Z 0075f6f4     main.obj
 0002:00345718       __ehfuncinfo$?setSelectedOperation@OperationParamSelector@@QAEXH@Z 0075f718     workmodels.obj
 0002:0034573c       __unwindtable$?setSelectedOperation@OperationParamSelector@@QAEXH@Z 0075f73c     workmodels.obj
 0002:003457a4       __ehfuncinfo$?onCompleteSingleOperation@OperationParamSelector@@QAEXXZ 0075f7a4     workmodels.obj
 0002:003457c8       __unwindtable$?onCompleteSingleOperation@OperationParamSelector@@QAEXXZ 0075f7c8     workmodels.obj
 0002:00345808       __unwindtable$??0PlanSelector@@QAE@PAVQObject@@@Z 0075f808     workmodels.obj
 0002:00345828       __ehfuncinfo$??0PlanSelector@@QAE@PAVQObject@@@Z 0075f828     workmodels.obj
 0002:0034584c       __ehfuncinfo$?setSelectedStep@PlanSelector@@QAEXHH@Z 0075f84c     workmodels.obj
 0002:00345870       __unwindtable$?setSelectedStep@PlanSelector@@QAEXHH@Z 0075f870     workmodels.obj
 0002:003458d8       __ehfuncinfo$?setSelectedOperation@PlanSelector@@QAEXHHH@Z 0075f8d8     workmodels.obj
 0002:003458fc       __unwindtable$?setSelectedOperation@PlanSelector@@QAEXHHH@Z 0075f8fc     workmodels.obj
 0002:00345984       __unwindtable$?getSwitch@OperationParamSelector@@QAEPAVQObject@@ABVQString@@@Z 0075f984     workmodels.obj
 0002:00345984       __unwindtable$?getSwitch@PlanSelector@@QAEPAVQObject@@ABVQString@@@Z 0075f984     workmodels.obj
 0002:0034599c       __ehfuncinfo$?getSwitch@OperationParamSelector@@QAEPAVQObject@@ABVQString@@@Z 0075f99c     workmodels.obj
 0002:0034599c       __ehfuncinfo$?getSwitch@PlanSelector@@QAEPAVQObject@@ABVQString@@@Z 0075f99c     workmodels.obj
 0002:003459c0       __unwindtable$??0StatusViewWatcher@@QAE@PAVQObject@@@Z 0075f9c0     workmodels.obj
 0002:003459c0       __unwindtable$??0PlanController@@QAE@PAVQObject@@@Z 0075f9c0     workmodels.obj
 0002:003459c0       __unwindtable$??0configFileHandler@@QAE@PAVQObject@@@Z 0075f9c0     configfilehandler.obj
 0002:003459c8       __ehfuncinfo$??0configFileHandler@@QAE@PAVQObject@@@Z 0075f9c8     configfilehandler.obj
 0002:003459c8       __ehfuncinfo$??0StatusViewWatcher@@QAE@PAVQObject@@@Z 0075f9c8     workmodels.obj
 0002:003459c8       __ehfuncinfo$??0PlanController@@QAE@PAVQObject@@@Z 0075f9c8     workmodels.obj
 0002:003459ec       __ehfuncinfo$??1StatusViewWatcher@@UAE@XZ 0075f9ec     workmodels.obj
 0002:003459ec       __ehfuncinfo$??1?$QList@VOperationParamData@@@@QAE@XZ 0075f9ec     environmentvariant.obj
 0002:003459ec       __ehfuncinfo$??1?$QList@H@@QAE@XZ 0075f9ec     configfilehandler.obj
 0002:003459ec       __ehfuncinfo$??1?$QList@PAVQObject@@@@QAE@XZ 0075f9ec     workmodels.obj
 0002:003459ec       __ehfuncinfo$??1PlanController@@UAE@XZ 0075f9ec     workmodels.obj
 0002:003459ec       __ehfuncinfo$??1?$QList@U?$QPair@VQString@@V?$QList@VSingleOperationData@@@@@@@@QAE@XZ 0075f9ec     environmentvariant.obj
 0002:003459ec       __ehfuncinfo$??1?$QMap@VQString@@VQStringList@@@@QAE@XZ 0075f9ec     configfilehandler.obj
 0002:003459ec       __ehfuncinfo$??1?$QMap@VQString@@V1@@@QAE@XZ 0075f9ec     configfilehandler.obj
 0002:003459ec       __ehfuncinfo$??1WorkflowController@@UAE@XZ 0075f9ec     workflowprotocol.obj
 0002:003459ec       __ehfuncinfo$??1?$QList@VQString@@@@QAE@XZ 0075f9ec     workflowprotocol.obj
 0002:003459ec       __ehfuncinfo$??1?$QList@VSingleOperationData@@@@QAE@XZ 0075f9ec     configfilehandler.obj
 0002:003459ec       __ehfuncinfo$??1?$QMap@VQString@@VOperationParamData@@@@QAE@XZ 0075f9ec     configfilehandler.obj
 0002:00345a10       __unwindtable$??_GStatusViewWatcher@@UAEPAXI@Z 0075fa10     workmodels.obj
 0002:00345a18       __ehfuncinfo$??_GStatusViewWatcher@@UAEPAXI@Z 0075fa18     workmodels.obj
 0002:00345a3c       __unwindtable$?onMachineConfigChanged@TargetMachineObject@@QAEXXZ 0075fa3c     workmodels.obj
 0002:00345a44       __ehfuncinfo$?onMachineConfigChanged@TargetMachineObject@@QAEXXZ 0075fa44     workmodels.obj
 0002:00345a68       __unwindtable$??__Fdummy@?A0x65d04a10@@YAXXZ 0075fa68     qrc_qml.obj
 0002:00345a68       __unwindtable$?Destruct@?$QMetaTypeFunctionHelper@V?$QList@PAVQObject@@@@$00@QtMetaTypePrivate@@SAXPAX@Z 0075fa68     moc_workmodels.obj
 0002:00345a68       __unwindtable$??__Ff@?4??registerConverter@?$ValueTypeIsMetaType@V?$QList@PAVQObject@@@@$00@QtPrivate@@SA_NH@Z@YAXXZ 0075fa68     moc_workmodels.obj
 0002:00345a68       __unwindtable$??__Ff@?4??registerConverter@?$ValueTypeIsMetaType@V?$QList@H@@$00@QtPrivate@@SA_NH@Z@YAXXZ 0075fa68     moc_workmodels.obj
 0002:00345a68       __unwindtable$?Destruct@?$QMetaTypeFunctionHelper@V?$QList@H@@$00@QtMetaTypePrivate@@SAXPAX@Z 0075fa68     moc_workmodels.obj
 0002:00345a70       __ehfuncinfo$??__Ff@?4??registerConverter@?$ValueTypeIsMetaType@V?$QList@PAVQObject@@@@$00@QtPrivate@@SA_NH@Z@YAXXZ 0075fa70     moc_workmodels.obj
 0002:00345a70       __ehfuncinfo$??__Ff@?4??registerConverter@?$ValueTypeIsMetaType@V?$QList@H@@$00@QtPrivate@@SA_NH@Z@YAXXZ 0075fa70     moc_workmodels.obj
 0002:00345a70       __ehfuncinfo$?Destruct@?$QMetaTypeFunctionHelper@V?$QList@H@@$00@QtMetaTypePrivate@@SAXPAX@Z 0075fa70     moc_workmodels.obj
 0002:00345a70       __ehfuncinfo$??__Fdummy@?A0x65d04a10@@YAXXZ 0075fa70     qrc_qml.obj
 0002:00345a70       __ehfuncinfo$?Destruct@?$QMetaTypeFunctionHelper@V?$QList@PAVQObject@@@@$00@QtMetaTypePrivate@@SAXPAX@Z 0075fa70     moc_workmodels.obj
 0002:00345a94       __unwindtable$?qt_metatype_id@?$QMetaTypeId@VQSequentialIterableImpl@QtMetaTypePrivate@@@@SAHXZ 0075fa94     moc_workmodels.obj
 0002:00345a94       __unwindtable$?qt_metatype_id@?$QMetaTypeId@V?$QList@PAVQObject@@@@@@SAHXZ 0075fa94     moc_workmodels.obj
 0002:00345a9c       __ehfuncinfo$?qt_metatype_id@?$QMetaTypeId@V?$QList@PAVQObject@@@@@@SAHXZ 0075fa9c     moc_workmodels.obj
 0002:00345a9c       __ehfuncinfo$?qt_metatype_id@?$QMetaTypeId@VQSequentialIterableImpl@QtMetaTypePrivate@@@@SAHXZ 0075fa9c     moc_workmodels.obj
 0002:00345ac0       __unwindtable$?setParamListModel@PlanSelector@@QAEXABV?$QList@PAVQObject@@@@@Z 0075fac0     moc_workmodels.obj
 0002:00345ac0       __unwindtable$??4OperationParamData@@QAEAAV0@ABV0@@Z 0075fac0     configfilehandler.obj
 0002:00345ac0       __unwindtable$?setParamModel@OperationParamSelector@@QAEXABV?$QList@PAVQObject@@@@@Z 0075fac0     moc_workmodels.obj
 0002:00345ac0       __unwindtable$?setIntListValue@OperationParamObject@@QAEXABV?$QList@H@@@Z 0075fac0     moc_workmodels.obj
 0002:00345ac0       __unwindtable$?clear@?$QList@UloopControl@SubThreadWorker@@@@QAEXXZ 0075fac0     workflowprotocol.obj
 0002:00345ac8       __ehfuncinfo$?setParamListModel@PlanSelector@@QAEXABV?$QList@PAVQObject@@@@@Z 0075fac8     moc_workmodels.obj
 0002:00345ac8       __ehfuncinfo$?clear@?$QList@UloopControl@SubThreadWorker@@@@QAEXXZ 0075fac8     workflowprotocol.obj
 0002:00345ac8       __ehfuncinfo$?setIntListValue@OperationParamObject@@QAEXABV?$QList@H@@@Z 0075fac8     moc_workmodels.obj
 0002:00345ac8       __ehfuncinfo$??4OperationParamData@@QAEAAV0@ABV0@@Z 0075fac8     configfilehandler.obj
 0002:00345ac8       __ehfuncinfo$?setParamModel@OperationParamSelector@@QAEXABV?$QList@PAVQObject@@@@@Z 0075fac8     moc_workmodels.obj
 0002:00345aec       __unwindtable$?qt_metatype_id@?$QMetaTypeId@V?$QList@H@@@@SAHXZ 0075faec     moc_workmodels.obj
 0002:00345af4       __ehfuncinfo$?qt_metatype_id@?$QMetaTypeId@V?$QList@H@@@@SAHXZ 0075faf4     moc_workmodels.obj
 0002:00345b18       __unwindtable$?Construct@?$QMetaTypeFunctionHelper@V?$QList@PAVQObject@@@@$00@QtMetaTypePrivate@@SAPAXPAXPBX@Z 0075fb18     moc_workmodels.obj
 0002:00345b18       __unwindtable$?Construct@?$QMetaTypeFunctionHelper@V?$QList@H@@$00@QtMetaTypePrivate@@SAPAXPAXPBX@Z 0075fb18     moc_workmodels.obj
 0002:00345b20       __ehfuncinfo$?Construct@?$QMetaTypeFunctionHelper@V?$QList@H@@$00@QtMetaTypePrivate@@SAPAXPAXPBX@Z 0075fb20     moc_workmodels.obj
 0002:00345b20       __ehfuncinfo$?Construct@?$QMetaTypeFunctionHelper@V?$QList@PAVQObject@@@@$00@QtMetaTypePrivate@@SAPAXPAXPBX@Z 0075fb20     moc_workmodels.obj
 0002:00345b48       __sehtable$___scrt_is_nonwritable_in_current_image 0075fb48     MSVCRT:utility.obj
 0002:00345b68       __sehtable$?__scrt_common_main_seh@@YAHXZ 0075fb68     MSVCRT:exe_winmain.obj
 0002:00346258       .idata$6                   00760258     DbgHelp:dbghelp.dll
 0002:0034635c       .idata$6                   0076035c     Qt5Quick:Qt5Quick.dll
 0002:00346664       .idata$6                   00760664     Qt5Gui:Qt5Gui.dll
 0002:003467c0       .idata$6                   007607c0     Qt5Qml:Qt5Qml.dll
 0002:003468d2       .idata$6                   007608d2     Qt5Network:Qt5Network.dll
 0002:0034880c       .idata$6                   0076280c     Qt5Core:Qt5Core.dll
 0002:003489fe       .idata$6                   007629fe     kernel32:KERNEL32.dll
 0002:00348ae2       .idata$6                   00762ae2     vcruntime:VCRUNTIME140.dll
 0002:00348cc2       .idata$6                   00762cc2     ucrt:api-ms-win-crt-heap-l1-1-0.dll
 0002:00348ce2       .idata$6                   00762ce2     ucrt:api-ms-win-crt-runtime-l1-1-0.dll
 0002:00348d04       .idata$6                   00762d04     ucrt:api-ms-win-crt-math-l1-1-0.dll
 0002:00348d24       .idata$6                   00762d24     ucrt:api-ms-win-crt-stdio-l1-1-0.dll
 0002:00348d44       .idata$6                   00762d44     ucrt:api-ms-win-crt-locale-l1-1-0.dll
 0002:00348d7c       .idata$6                   00762d7c     shell32:SHELL32.dll
 0003:00000624       ?_Tss_mutex@@3U_RTL_CRITICAL_SECTION@@A 00763624     MSVCRT:thread_safe_statics.obj
 0003:0000063c       ?_Tss_cv@@3U_RTL_CONDITION_VARIABLE@@A 0076363c     MSVCRT:thread_safe_statics.obj
 0003:00000640       ?_Tss_event@@3PAXA         00763640     MSVCRT:thread_safe_statics.obj
 0003:00000644       ?encoded_sleep_condition_variable_cs@@3P6GHPAU_RTL_CONDITION_VARIABLE@@PAU_RTL_CRITICAL_SECTION@@K@ZA 00763644     MSVCRT:thread_safe_statics.obj
 0003:00000648       ?encoded_wake_all_condition_variable@@3P6GXPAU_RTL_CONDITION_VARIABLE@@@ZA 00763648     MSVCRT:thread_safe_statics.obj
 0003:00000658       ?module_local_atexit_table@@3U_onexit_table_t@@A 00763658     MSVCRT:utility.obj
 0003:00000664       ?module_local_at_quick_exit_table@@3U_onexit_table_t@@A 00763664     MSVCRT:utility.obj
 0003:00000670       ?is_initialized_as_dll@@3_NA 00763670     MSVCRT:utility.obj
 0003:00000678       _GS_ExceptionRecord        00763678     MSVCRT:gs_report.obj
 0003:000006c8       _GS_ContextRecord          007636c8     MSVCRT:gs_report.obj
 0005:00000000       __guard_fids__             00765000     MSVCRT:thread_safe_statics.obj
 0005:00000004       __guard_fids_?__scrt_initialize_thread_safe_statics@@YAHXZ 00765004     MSVCRT:thread_safe_statics.obj
 0005:00000008       __guard_fids__             00765008     MSVCRT:std_type_info_static.obj
 0005:0000000c       __guard_fids__             0076500c     MSVCRT:exe_winmain.obj
 0005:00000010       __guard_fids__             00765010     MSVCRT:exe_winmain.obj
 0005:00000014       __guard_fids__             00765014     MSVCRT:exe_winmain.obj
 0005:00000018       __guard_fids_?pre_c_initialization@@YAHXZ 00765018     MSVCRT:exe_winmain.obj
 0005:00000020       __guard_fids__             00765020     MSVCRT:throw_bad_alloc.obj
 0005:00000028       __guard_fids__             00765028     MSVCRT:throw_bad_alloc.obj
 0005:00000030       __guard_fids__             00765030     MSVCRT:throw_bad_alloc.obj
 0005:00000038       __guard_fids__             00765038     MSVCRT:throw_bad_alloc.obj
 0005:0000003c       __guard_fids__             0076503c     MSVCRT:throw_bad_alloc.obj
 0005:00000040       __guard_fids__             00765040     MSVCRT:throw_bad_alloc.obj
 0005:00000044       __guard_fids__             00765044     MSVCRT:throw_bad_alloc.obj
 0005:00000048       __guard_fids__             00765048     MSVCRT:throw_bad_alloc.obj
 0005:0000004c       __guard_fids____scrt_set_unhandled_exception_filter 0076504c     MSVCRT:utility_desktop.obj
 0005:00000050       __guard_fids___except_handler4 00765050     MSVCRT:_chandler4gs_.obj
 0005:00000054       __guard_fids__             00765054     MSVCRT:guard_support.obj
 0006:00000060       $R000000                   00766060     * linker generated manifest res *
