 MindGoTool_AllInOne

 Timestamp is 5954fe4f (Thu Jun 29 21:19:11 2017)

 Preferred load address is 00400000

 Start         Length     Name                   Class
 0001:00000000 000000e0H .text$di                CODE
 0001:000000e0 000160e0H .text$mn                CODE
 0001:000161c0 000029c0H .text$x                 CODE
 0001:00018b80 000000fdH .text$yd                CODE
 0002:00000000 00000514H .idata$5                DATA
 0002:00000514 00000004H .00cfg                  DATA
 0002:00000518 00000004H .CRT$XCA                DATA
 0002:0000051c 00000004H .CRT$XCAA               DATA
 0002:00000520 00000030H .CRT$XCU                DATA
 0002:00000550 00000004H .CRT$XCZ                DATA
 0002:00000554 00000004H .CRT$XIA                DATA
 0002:00000558 00000004H .CRT$XIAA               DATA
 0002:0000055c 00000004H .CRT$XIAC               DATA
 0002:00000560 00000004H .CRT$XIC                DATA
 0002:00000564 00000004H .CRT$XIZ                DATA
 0002:00000568 00000004H .CRT$XLA                DATA
 0002:0000056c 00000004H .CRT$XLZ                DATA
 0002:00000570 00000004H .CRT$XPA                DATA
 0002:00000574 00000004H .CRT$XPZ                DATA
 0002:00000578 00000004H .CRT$XTA                DATA
 0002:0000057c 00000004H .CRT$XTZ                DATA
 0002:00000580 00038054H .rdata                  DATA
 0002:000385d4 00000018H .rdata$T                DATA
 0002:000385ec 00000874H .rdata$r                DATA
 0002:00038e60 000001f8H .rdata$sxdata           DATA
 0002:00039058 000003ccH .rdata$zzzdbg           DATA
 0002:00039424 00000004H .rtc$IAA                DATA
 0002:00039428 00000004H .rtc$IZZ                DATA
 0002:0003942c 00000004H .rtc$TAA                DATA
 0002:00039430 00000008H .rtc$TZZ                DATA
 0002:00039438 00003374H .xdata$x                DATA
 0002:0003c7ac 00000000H .edata                  DATA
 0002:0003c7ac 00000118H .idata$2                DATA
 0002:0003c8c4 00000014H .idata$3                DATA
 0002:0003c8d8 00000514H .idata$4                DATA
 0002:0003cdec 00002c12H .idata$6                DATA
 0003:00000000 00000138H .data                   DATA
 0003:00000138 00000470H .data$r                 DATA
 0003:000005a8 00000418H .bss                    DATA
 0004:00000000 00000004H .tls                    DATA
 0004:00000004 00000004H .tls$                   DATA
 0004:00000008 00000001H .tls$ZZZ                DATA
 0005:00000000 00000058H .gfids$y                DATA
 0006:00000000 00000060H .rsrc$01                DATA
 0006:00000060 00000290H .rsrc$02                DATA

  Address         Publics by Value              Rva+Base       Lib:Object

 0000:00000000       ___guard_fids_count        00000000     <absolute>
 0000:00000000       ___guard_longjmp_table     00000000     <absolute>
 0000:00000000       ___guard_fids_table        00000000     <absolute>
 0000:00000000       ___dynamic_value_reloc_table 00000000     <absolute>
 0000:00000000       ___guard_iat_count         00000000     <absolute>
 0000:00000000       ___guard_iat_table         00000000     <absolute>
 0000:00000000       ___guard_longjmp_count     00000000     <absolute>
 0000:0000002c       __tls_array                0000002c     <absolute>
 0000:0000007e       ___safe_se_handler_count   0000007e     <absolute>
 0000:00000100       ___guard_flags             00000100     <absolute>
 0000:00000000       ___ImageBase               00400000     <linker-defined>
 0001:000000e0       ??0Communication@@QAE@XZ   004010e0 f   communication.obj
 0001:00000100       ?connectToServer@Communication@@QAE_NABVQString@@G@Z 00401100 f   communication.obj
 0001:00000220       ?disconnect@Communication@@QAEXXZ 00401220 f   communication.obj
 0001:00000240       ?readData@Communication@@QAE?AVQByteArray@@H@Z 00401240 f   communication.obj
 0001:000002c0       ?write@Communication@@QAE_JABVQByteArray@@@Z 004012c0 f   communication.obj
 0001:00000310       ??$connect@P8QThread@@AEXUQPrivateSignal@1@@ZP8QObject@@AEXXZ@QObject@@SA?AVConnection@QMetaObject@@PBVQThread@@P83@AEXUQPrivateSignal@3@@ZPBV0@P80@AEXXZW4ConnectionType@Qt@@@Z 00401310 f i workflowprotocol.obj
 0001:00000370       ??$connect@P8SubThreadWorker@@AEXABVQJsonObject@@@ZP8WorkflowController@@AEX0@Z@QObject@@SA?AVConnection@QMetaObject@@PBVSubThreadWorker@@P83@AEXABVQJsonObject@@@ZPBVWorkflowController@@P85@AEX1@ZW4ConnectionType@Qt@@@Z 00401370 f i workflowprotocol.obj
 0001:000003e0       ??$connect@P8SubThreadWorker@@AEX_NH@ZP8WorkflowController@@AEX0H@Z@QObject@@SA?AVConnection@QMetaObject@@PBVSubThreadWorker@@P83@AEX_NH@ZPBVWorkflowController@@P84@AEX1H@ZW4ConnectionType@Qt@@@Z 004013e0 f i workflowprotocol.obj
 0001:00000450       ??$connect@P8WorkflowController@@AEXABVQJsonObject@@@ZP8SubThreadWorker@@AEX0@Z@QObject@@SA?AVConnection@QMetaObject@@PBVWorkflowController@@P83@AEXABVQJsonObject@@@ZPBVSubThreadWorker@@P85@AEX1@ZW4ConnectionType@Qt@@@Z 00401450 f i workflowprotocol.obj
 0001:000004c0       ??$connect@P8WorkflowController@@AEXABVQString@@@ZP8SubThreadWorker@@AEX0@Z@QObject@@SA?AVConnection@QMetaObject@@PBVWorkflowController@@P83@AEXABVQString@@@ZPBVSubThreadWorker@@P85@AEX1@ZW4ConnectionType@Qt@@@Z 004014c0 f i workflowprotocol.obj
 0001:00000530       ??$connect@P8WorkflowController@@AEXABVQString@@G@ZP8SubThreadWorker@@AEX0G@Z@QObject@@SA?AVConnection@QMetaObject@@PBVWorkflowController@@P83@AEXABVQString@@G@ZPBVSubThreadWorker@@P85@AEX1G@ZW4ConnectionType@Qt@@@Z 00401530 f i workflowprotocol.obj
 0001:000005a0       ??$connect@P8WorkflowController@@AEXXZP8SubThreadWorker@@AEXXZ@QObject@@SA?AVConnection@QMetaObject@@PBVWorkflowController@@P83@AEXXZPBVSubThreadWorker@@P84@AEXXZW4ConnectionType@Qt@@@Z 004015a0 f i workflowprotocol.obj
 0001:00000600       ??$formatWord@E@WorkflowProtocol@@IAE?AVQByteArray@@E@Z 00401600 f i workflowprotocol.obj
 0001:00000630       ??$formatWord@G@WorkflowProtocol@@IAE?AVQByteArray@@G@Z 00401630 f i workflowprotocol.obj
 0001:00000660       ??$qMakeForeachContainer@AAV?$QList@VQString@@@@@QtPrivate@@YA?AV?$QForeachContainer@V?$QList@VQString@@@@@0@AAV?$QList@VQString@@@@@Z 00401660 f i workflowprotocol.obj
 0001:000006a0       ??$qMakeForeachContainer@AAVQStringList@@@QtPrivate@@YA?AV?$QForeachContainer@VQStringList@@@0@AAVQStringList@@@Z 004016a0 f i workflowprotocol.obj
 0001:000006a0       ??$qMakeForeachContainer@ABVQStringList@@@QtPrivate@@YA?AV?$QForeachContainer@VQStringList@@@0@ABVQStringList@@@Z 004016a0 f i configfilehandler.obj
 0001:000006e0       ??0?$QList@VQString@@@@QAE@ABV0@@Z 004016e0 f i workflowprotocol.obj
 0001:00000790       ??0WorkflowController@@QAE@PAVQObject@@@Z 00401790 f   workflowprotocol.obj
 0001:00000980       ??1?$QForeachContainer@VQStringList@@@QtPrivate@@QAE@XZ 00401980 f i workflowprotocol.obj
 0001:00000980       ??1QStringList@@QAE@XZ     00401980 f i workflowprotocol.obj
 0001:00000990       ??1?$QList@VQString@@@@QAE@XZ 00401990 f i workflowprotocol.obj
 0001:00000a20       ??1Communication@@QAE@XZ   00401a20 f i workflowprotocol.obj
 0001:00000a30       ??1SubThreadWorker@@UAE@XZ 00401a30 f   workflowprotocol.obj
 0001:00000ad0       ??1WorkflowController@@UAE@XZ 00401ad0 f   workflowprotocol.obj
 0001:00000b40       ??4?$QList@UloopControl@SubThreadWorker@@@@QAEAAV0@$$QAV0@@Z 00401b40 f i workflowprotocol.obj
 0001:00000bf0       ??_ERunningStateChangeEvent@@UAEPAXI@Z 00401bf0 f i workflowprotocol.obj
 0001:00000bf0       ??_GRunningStateChangeEvent@@UAEPAXI@Z 00401bf0 f i workflowprotocol.obj
 0001:00000c20       ??_EStatusChangeEvent@@UAEPAXI@Z 00401c20 f i workflowprotocol.obj
 0001:00000c20       ??_GStatusChangeEvent@@UAEPAXI@Z 00401c20 f i workflowprotocol.obj
 0001:00000c50       ??_ESubThreadWorker@@UAEPAXI@Z 00401c50 f i workflowprotocol.obj
 0001:00000c50       ??_GSubThreadWorker@@UAEPAXI@Z 00401c50 f i workflowprotocol.obj
 0001:00000c70       ??_EWorkflowController@@UAEPAXI@Z 00401c70 f i workflowprotocol.obj
 0001:00000c70       ??_GWorkflowController@@UAEPAXI@Z 00401c70 f i workflowprotocol.obj
 0001:00000d00       ?append@?$QList@UloopControl@SubThreadWorker@@@@QAEXABUloopControl@SubThreadWorker@@@Z 00401d00 f i workflowprotocol.obj
 0001:00000db0       ?append@?$QList@VQString@@@@QAEXABVQString@@@Z 00401db0 f i workflowprotocol.obj
 0001:00000e60       ?changeHost@SubThreadWorker@@QAEXABVQString@@G@Z 00401e60 f   workflowprotocol.obj
 0001:00000e80       ?clear@?$QList@UloopControl@SubThreadWorker@@@@QAEXXZ 00401e80 f i workflowprotocol.obj
 0001:00000f20       ?configProtocol@SubThreadWorker@@QAEXABVQString@@@Z 00401f20 f   workflowprotocol.obj
 0001:00000f30       ?dealloc@?$QList@UloopControl@SubThreadWorker@@@@AAEXPAUData@QListData@@@Z 00401f30 f i workflowprotocol.obj
 0001:00000f80       ?detach_helper@?$QList@UloopControl@SubThreadWorker@@@@AAEXH@Z 00401f80 f i workflowprotocol.obj
 0001:00001050       ?detach_helper_grow@?$QList@UloopControl@SubThreadWorker@@@@AAEPAUNode@1@HH@Z 00402050 f i workflowprotocol.obj
 0001:000011a0       ?detach_helper_grow@?$QList@VQString@@@@AAEPAUNode@1@HH@Z 004021a0 f i workflowprotocol.obj
 0001:00001320       ?doTunning@SubThreadWorker@@QAEXABVQJsonObject@@@Z 00402320 f   workflowprotocol.obj
 0001:00001450       ?doWork@SubThreadWorker@@QAEXABVQJsonObject@@@Z 00402450 f   workflowprotocol.obj
 0001:00001780       ?erase@?$QList@UloopControl@SubThreadWorker@@@@QAE?AViterator@1@V21@@Z 00402780 f i workflowprotocol.obj
 0001:00001800       ?formatRecvFrameToJsonObject@WorkflowProtocol@@QAE_NAAVQJsonObject@@@Z 00402800 f   workflowprotocol.obj
 0001:000018a0       ?handleControlCommand@SubThreadWorker@@IAE_NAAVCommunication@@AAVQJsonObject@@@Z 004028a0 f   workflowprotocol.obj
 0001:000021c0       ?handleLogicalCommand@SubThreadWorker@@IAE_NAAVQJsonObject@@AAH@Z 004031c0 f   workflowprotocol.obj
 0001:00002930       ?handleLoopCommand@SubThreadWorker@@IAE_NAAVQJsonObject@@AAH@Z 00403930 f   workflowprotocol.obj
 0001:000030c0       ?impl@?$QSlotObject@P8SubThreadWorker@@AEXABVQString@@@ZU?$List@ABVQString@@@QtPrivate@@X@QtPrivate@@CAXHPAVQSlotObjectBase@2@PAVQObject@@PAPAXPA_N@Z 004040c0 f i workflowprotocol.obj
 0001:000030c0       ?impl@?$QSlotObject@P8SubThreadWorker@@AEXABVQJsonObject@@@ZU?$List@ABVQJsonObject@@@QtPrivate@@X@QtPrivate@@CAXHPAVQSlotObjectBase@2@PAVQObject@@PAPAXPA_N@Z 004040c0 f i workflowprotocol.obj
 0001:000030c0       ?impl@?$QSlotObject@P8WorkflowController@@AEXABVQJsonObject@@@ZU?$List@ABVQJsonObject@@@QtPrivate@@X@QtPrivate@@CAXHPAVQSlotObjectBase@2@PAVQObject@@PAPAXPA_N@Z 004040c0 f i workflowprotocol.obj
 0001:00003120       ?impl@?$QSlotObject@P8SubThreadWorker@@AEXABVQString@@G@ZU?$List@ABVQString@@G@QtPrivate@@X@QtPrivate@@CAXHPAVQSlotObjectBase@2@PAVQObject@@PAPAXPA_N@Z 00404120 f i workflowprotocol.obj
 0001:00003180       ?impl@?$QSlotObject@P8StatusViewWatcher@@AEXXZU?$List@$$V@QtPrivate@@X@QtPrivate@@CAXHPAVQSlotObjectBase@2@PAVQObject@@PAPAXPA_N@Z 00404180 f i workmodels.obj
 0001:00003180       ?impl@?$QSlotObject@P8QObject@@AEXXZU?$List@$$V@QtPrivate@@X@QtPrivate@@CAXHPAVQSlotObjectBase@2@PAVQObject@@PAPAXPA_N@Z 00404180 f i workflowprotocol.obj
 0001:00003180       ?impl@?$QSlotObject@P8SubThreadWorker@@AEXXZU?$List@$$V@QtPrivate@@X@QtPrivate@@CAXHPAVQSlotObjectBase@2@PAVQObject@@PAPAXPA_N@Z 00404180 f i workflowprotocol.obj
 0001:000031d0       ?impl@?$QSlotObject@P8WorkflowController@@AEX_NH@ZU?$List@_NH@QtPrivate@@X@QtPrivate@@CAXHPAVQSlotObjectBase@2@PAVQObject@@PAPAXPA_N@Z 004041d0 f i workflowprotocol.obj
 0001:00003230       ?init@WorkflowController@@QAEXABVQString@@@Z 00404230 f   workflowprotocol.obj
 0001:00003240       ?initProtocol@WorkflowProtocol@@QAE_NABVQString@@@Z 00404240 f   workflowprotocol.obj
 0001:00003390       ?isLogicalCommand@SubThreadWorker@@IAE_NABVQString@@@Z 00404390 f   workflowprotocol.obj
 0001:00003580       ?isLoopCommand@SubThreadWorker@@IAE_NABVQString@@@Z 00404580 f   workflowprotocol.obj
 0001:00003790       ?node_copy@?$QList@UloopControl@SubThreadWorker@@@@AAEXPAUNode@1@00@Z 00404790 f i workflowprotocol.obj
 0001:00003830       ?node_copy@?$QList@VQString@@@@AAEXPAUNode@1@00@Z 00404830 f i workflowprotocol.obj
 0001:00003870       ?node_destruct@?$QList@UloopControl@SubThreadWorker@@@@AAEXPAUNode@1@0@Z 00404870 f i workflowprotocol.obj
 0001:000038a0       ?node_destruct@?$QList@VQString@@@@AAEXPAUNode@1@0@Z 004048a0 f i workflowprotocol.obj
 0001:000038d0       ?parseAckFrame@WorkflowProtocol@@QAE_NABVQByteArray@@AAVQJsonObject@@@Z 004048d0 f   workflowprotocol.obj
 0001:000039f0       ?parseJsonObjectToSendFrame@WorkflowProtocol@@QAE_NABVQJsonObject@@AAV2@@Z 004049f0 f   workflowprotocol.obj
 0001:00004070       ?pop_back@?$QList@UloopControl@SubThreadWorker@@@@QAEXXZ 00405070 f i workflowprotocol.obj
 0001:000040b0       ?runTask@WorkflowController@@QAEXABVQJsonObject@@@Z 004050b0 f   workflowprotocol.obj
 0001:00004100       ?runTunning@WorkflowController@@QAEXABVQJsonObject@@@Z 00405100 f   workflowprotocol.obj
 0001:00004150       ?serializeSendFrame@WorkflowProtocol@@QAE?AVQByteArray@@XZ 00405150 f   workflowprotocol.obj
 0001:000042b0       ?sethost@WorkflowController@@QAEXABVQString@@G@Z 004052b0 f   workflowprotocol.obj
 0001:000042c0       ?statusChanged@WorkflowController@@QAEXABVQJsonObject@@@Z 004052c0 f   workflowprotocol.obj
 0001:00004360       ?stopCurrentTask@WorkflowController@@QAEXXZ 00405360 f   workflowprotocol.obj
 0001:00004380       ?stopTask@SubThreadWorker@@QAEXXZ 00405380 f   workflowprotocol.obj
 0001:00004390       ?taskStateChanged@WorkflowController@@QAEX_NH@Z 00405390 f   workflowprotocol.obj
 0001:00004420       ?types@?$ConnectionTypes@U?$List@ABVQJsonObject@@@QtPrivate@@$00@QtPrivate@@SAPBHXZ 00405420 f i workflowprotocol.obj
 0001:00004480       ?types@?$ConnectionTypes@U?$List@ABVQString@@@QtPrivate@@$00@QtPrivate@@SAPBHXZ 00405480 f i workflowprotocol.obj
 0001:000044e0       ?types@?$ConnectionTypes@U?$List@ABVQString@@G@QtPrivate@@$00@QtPrivate@@SAPBHXZ 004054e0 f i workflowprotocol.obj
 0001:00004550       ?types@?$ConnectionTypes@U?$List@_NH@QtPrivate@@$00@QtPrivate@@SAPBHXZ 00405550 f i workflowprotocol.obj
 0001:000045c0       ?unserializeRecvFrame@WorkflowProtocol@@QAEXABVQByteArray@@@Z 004055c0 f   workflowprotocol.obj
 0001:00004700       ??$qMakeForeachContainer@ABV?$QList@VOperationParamData@@@@@QtPrivate@@YA?AV?$QForeachContainer@V?$QList@VOperationParamData@@@@@0@ABV?$QList@VOperationParamData@@@@@Z 00405700 f i configfilehandler.obj
 0001:00004700       ??$qMakeForeachContainer@AAV?$QList@VOperationParamData@@@@@QtPrivate@@YA?AV?$QForeachContainer@V?$QList@VOperationParamData@@@@@0@AAV?$QList@VOperationParamData@@@@@Z 00405700 f i workmodels.obj
 0001:00004740       ??$qMakePair@VQString@@V?$QList@VSingleOperationData@@@@@@YA?AU?$QPair@VQString@@V?$QList@VSingleOperationData@@@@@@ABVQString@@ABV?$QList@VSingleOperationData@@@@@Z 00405740 f i configfilehandler.obj
 0001:000047a0       ??0?$QList@PAVQObject@@@@QAE@ABV0@@Z 004057a0 f i workmodels.obj
 0001:000047a0       ??0?$QList@H@@QAE@ABV0@@Z  004057a0 f i configfilehandler.obj
 0001:00004850       ??0?$QList@VOperationParamData@@@@QAE@ABV0@@Z 00405850 f i configfilehandler.obj
 0001:00004900       ??0?$QList@VSingleOperationData@@@@QAE@ABV0@@Z 00405900 f i configfilehandler.obj
 0001:000049b0       ??0OperationParamData@@QAE@ABV0@@Z 004059b0 f i configfilehandler.obj
 0001:00004b20       ??0OperationParamData@@QAE@ABVQString@@00ABVQStringList@@_NHH0V?$QList@H@@00HH@Z 00405b20 f i configfilehandler.obj
 0001:00004cc0       ??0configFileHandler@@QAE@PAVQObject@@@Z 00405cc0 f   configfilehandler.obj
 0001:00004d20       ??1?$QForeachContainer@V?$QList@VOperationParamData@@@@@QtPrivate@@QAE@XZ 00405d20 f i configfilehandler.obj
 0001:00004d80       ??1?$QList@VSingleOperationData@@@@QAE@XZ 00405d80 f i configfilehandler.obj
 0001:00004e00       ??1?$QMap@VQString@@V1@@@QAE@XZ 00405e00 f i configfilehandler.obj
 0001:00004e80       ??1?$QMap@VQString@@VOperationParamData@@@@QAE@XZ 00405e80 f i configfilehandler.obj
 0001:00004f20       ??1?$QMap@VQString@@VQStringList@@@@QAE@XZ 00405f20 f i configfilehandler.obj
 0001:00004fc0       ??1?$QPair@VQString@@V?$QList@VSingleOperationData@@@@@@QAE@XZ 00405fc0 f i configfilehandler.obj
 0001:00005050       ??1OperationParamData@@QAE@XZ 00406050 f i configfilehandler.obj
 0001:00005100       ??1SingleOperationData@@QAE@XZ 00406100 f i configfilehandler.obj
 0001:00005170       ??4?$QList@U?$QPair@VQString@@V?$QList@VSingleOperationData@@@@@@@@QAEAAV0@$$QAV0@@Z 00406170 f i configfilehandler.obj
 0001:00005210       ??4OperationParamData@@QAEAAV0@ABV0@@Z 00406210 f i configfilehandler.obj
 0001:00005320       ??A?$QMap@VQString@@V1@@@QAEAAVQString@@ABV1@@Z 00406320 f i configfilehandler.obj
 0001:000053e0       ??A?$QMap@VQString@@VOperationParamData@@@@QBE?BVOperationParamData@@ABVQString@@@Z 004063e0 f i configfilehandler.obj
 0001:000054a0       ??A?$QMap@VQString@@VQStringList@@@@QAEAAVQStringList@@ABVQString@@@Z 004064a0 f i configfilehandler.obj
 0001:00005560       ??_G?$QPair@VQString@@V?$QList@VSingleOperationData@@@@@@QAEPAXI@Z 00406560 f i configfilehandler.obj
 0001:00005600       ??_GSingleOperationData@@QAEPAXI@Z 00406600 f i configfilehandler.obj
 0001:00005680       ??_EconfigFileHandler@@UAEPAXI@Z 00406680 f i configfilehandler.obj
 0001:00005680       ??_GconfigFileHandler@@UAEPAXI@Z 00406680 f i configfilehandler.obj
 0001:000056b0       ?ParseHostIP@configFileHandler@@QAE?AVQString@@XZ 004066b0 f   configfilehandler.obj
 0001:00005780       ?ParseHostPort@configFileHandler@@QAEFXZ 00406780 f   configfilehandler.obj
 0001:00005860       ?ParseHostSingleOperationThreshold@configFileHandler@@QAEHXZ 00406860 f   configfilehandler.obj
 0001:00005940       ?ParseLicense@configFileHandler@@QAEXAAVQByteArray@@@Z 00406940 f   configfilehandler.obj
 0001:00005a30       ?ParseListMap@configFileHandler@@QAE?AV?$QMap@VQString@@VQStringList@@@@ABVQString@@@Z 00406a30 f   configfilehandler.obj
 0001:00005cd0       ?ParseMap@configFileHandler@@QAE?AV?$QMap@VQString@@V1@@@ABVQString@@@Z 00406cd0 f   configfilehandler.obj
 0001:00005e20       ?ParseMapRevertKeyValue@configFileHandler@@QAE?AV?$QMap@VQString@@V1@@@ABVQString@@@Z 00406e20 f   configfilehandler.obj
 0001:00005f80       ?ParseParamValue@configFileHandler@@QAE?AV?$QMap@VQString@@VOperationParamData@@@@ABVQString@@@Z 00406f80 f   configfilehandler.obj
 0001:00006c20       ?ParsePlanList@configFileHandler@@QAEXAAV?$QList@U?$QPair@VQString@@V?$QList@VSingleOperationData@@@@@@@@ABV?$QMap@VQString@@VOperationParamData@@@@@Z 00407c20 f   configfilehandler.obj
 0001:00007610       ?ParseWorkLocationTypeList@configFileHandler@@QAEXAAVQStringList@@@Z 00408610 f   configfilehandler.obj
 0001:000077f0       ?SaveMachineConfig@configFileHandler@@QAEXABVQString@@ABVMachineConfigData@@ABVQStringList@@@Z 004087f0 f   configfilehandler.obj
 0001:00007d20       ?SavePlanList@configFileHandler@@QAEXABVQString@@ABV?$QList@U?$QPair@VQString@@V?$QList@VSingleOperationData@@@@@@@@ABV?$QMap@VQString@@VQStringList@@@@@Z 00408d20 f   configfilehandler.obj
 0001:000084b0       ?append@?$QList@PAVQObject@@@@QAEXABQAVQObject@@@Z 004094b0 f i workmodels.obj
 0001:000084b0       ?append@?$QList@H@@QAEXABH@Z 004094b0 f i configfilehandler.obj
 0001:00008540       ?append@?$QList@U?$QPair@VQString@@V?$QList@VSingleOperationData@@@@@@@@QAEXABU?$QPair@VQString@@V?$QList@VSingleOperationData@@@@@@@Z 00409540 f i configfilehandler.obj
 0001:00008620       ?append@?$QList@VOperationParamData@@@@QAEXABVOperationParamData@@@Z 00409620 f i configfilehandler.obj
 0001:000086e0       ?append@?$QList@VSingleOperationData@@@@QAEXABVSingleOperationData@@@Z 004096e0 f i configfilehandler.obj
 0001:000087c0       ?clear@?$QList@H@@QAEXXZ   004097c0 f i configfilehandler.obj
 0001:00008860       ?clear@?$QList@U?$QPair@VQString@@V?$QList@VSingleOperationData@@@@@@@@QAEXXZ 00409860 f i configfilehandler.obj
 0001:000088f0       ?copy@?$QMapNode@VQString@@V1@@@QBEPAU1@PAU?$QMapData@VQString@@V1@@@@Z 004098f0 f i configfilehandler.obj
 0001:00008970       ?copy@?$QMapNode@VQString@@VOperationParamData@@@@QBEPAU1@PAU?$QMapData@VQString@@VOperationParamData@@@@@Z 00409970 f i configfilehandler.obj
 0001:000089f0       ?copy@?$QMapNode@VQString@@VQStringList@@@@QBEPAU1@PAU?$QMapData@VQString@@VQStringList@@@@@Z 004099f0 f i configfilehandler.obj
 0001:00008a70       ?createNode@?$QMapData@VQString@@V1@@@QAEPAU?$QMapNode@VQString@@V1@@@ABVQString@@0PAU2@_N@Z 00409a70 f i configfilehandler.obj
 0001:00008ab0       ?createNode@?$QMapData@VQString@@VOperationParamData@@@@QAEPAU?$QMapNode@VQString@@VOperationParamData@@@@ABVQString@@ABVOperationParamData@@PAU2@_N@Z 00409ab0 f i configfilehandler.obj
 0001:00008b70       ?createNode@?$QMapData@VQString@@VQStringList@@@@QAEPAU?$QMapNode@VQString@@VQStringList@@@@ABVQString@@ABVQStringList@@PAU2@_N@Z 00409b70 f i configfilehandler.obj
 0001:00008c30       ?dealloc@?$QList@VOperationParamData@@@@AAEXPAUData@QListData@@@Z 00409c30 f i configfilehandler.obj
 0001:00008c90       ?destroySubTree@?$QMapNode@VQString@@V1@@@QAEXXZ 00409c90 f i configfilehandler.obj
 0001:00008cc0       ?destroySubTree@?$QMapNode@VQString@@VOperationParamData@@@@QAEXXZ 00409cc0 f i configfilehandler.obj
 0001:00008cf0       ?destroySubTree@?$QMapNode@VQString@@VQStringList@@@@QAEXXZ 00409cf0 f i configfilehandler.obj
 0001:00008d20       ?detach_helper@?$QMap@VQString@@V1@@@AAEXXZ 00409d20 f i configfilehandler.obj
 0001:00008da0       ?detach_helper@?$QMap@VQString@@VOperationParamData@@@@AAEXXZ 00409da0 f i configfilehandler.obj
 0001:00008e40       ?detach_helper@?$QMap@VQString@@VQStringList@@@@AAEXXZ 00409e40 f i configfilehandler.obj
 0001:00008ee0       ?detach_helper_grow@?$QList@PAVQObject@@@@AAEPAUNode@1@HH@Z 00409ee0 f i workmodels.obj
 0001:00008ee0       ?detach_helper_grow@?$QList@H@@AAEPAUNode@1@HH@Z 00409ee0 f i configfilehandler.obj
 0001:00009020       ?detach_helper_grow@?$QList@U?$QPair@VQString@@V?$QList@VSingleOperationData@@@@@@@@AAEPAUNode@1@HH@Z 0040a020 f i configfilehandler.obj
 0001:00009190       ?detach_helper_grow@?$QList@VOperationParamData@@@@AAEPAUNode@1@HH@Z 0040a190 f i configfilehandler.obj
 0001:000092e0       ?detach_helper_grow@?$QList@VSingleOperationData@@@@AAEPAUNode@1@HH@Z 0040a2e0 f i configfilehandler.obj
 0001:00009450       ?insert@?$QMap@VQString@@V1@@@QAE?AViterator@1@ABVQString@@0@Z 0040a450 f i configfilehandler.obj
 0001:00009520       ?insert@?$QMap@VQString@@VOperationParamData@@@@QAE?AViterator@1@ABVQString@@ABVOperationParamData@@@Z 0040a520 f i configfilehandler.obj
 0001:000095f0       ?insert@?$QMap@VQString@@VQStringList@@@@QAE?AViterator@1@ABVQString@@ABVQStringList@@@Z 0040a5f0 f i configfilehandler.obj
 0001:000096e0       ?key@iterator@QJsonObject@@QBE?AVQString@@XZ 0040a6e0 f i configfilehandler.obj
 0001:00009700       ?loadConfigFile@configFileHandler@@QAE_NABVQString@@@Z 0040a700 f   configfilehandler.obj
 0001:00009800       ?lowerBound@?$QMapNode@VQString@@VQStringList@@@@QAEPAU1@ABVQString@@@Z 0040a800 f i configfilehandler.obj
 0001:00009800       ?lowerBound@?$QMapNode@VQString@@V1@@@QAEPAU1@ABVQString@@@Z 0040a800 f i configfilehandler.obj
 0001:00009800       ?lowerBound@?$QMapNode@VQString@@VOperationParamData@@@@QAEPAU1@ABVQString@@@Z 0040a800 f i configfilehandler.obj
 0001:00009840       ?node_copy@?$QList@PAVQObject@@@@AAEXPAUNode@1@00@Z 0040a840 f i workmodels.obj
 0001:00009840       ?node_copy@?$QList@H@@AAEXPAUNode@1@00@Z 0040a840 f i configfilehandler.obj
 0001:00009870       ?node_copy@?$QList@U?$QPair@VQString@@V?$QList@VSingleOperationData@@@@@@@@AAEXPAUNode@1@00@Z 0040a870 f i configfilehandler.obj
 0001:00009930       ?node_copy@?$QList@VOperationParamData@@@@AAEXPAUNode@1@00@Z 0040a930 f i configfilehandler.obj
 0001:00009a00       ?node_copy@?$QList@VSingleOperationData@@@@AAEXPAUNode@1@00@Z 0040aa00 f i configfilehandler.obj
 0001:00009ad0       ?node_destruct@?$QList@U?$QPair@VQString@@V?$QList@VSingleOperationData@@@@@@@@AAEXPAUNode@1@0@Z 0040aad0 f i configfilehandler.obj
 0001:00009b90       ?node_destruct@?$QList@VOperationParamData@@@@AAEXPAUNode@1@0@Z 0040ab90 f i configfilehandler.obj
 0001:00009bd0       ?node_destruct@?$QList@VSingleOperationData@@@@AAEXPAUNode@1@0@Z 0040abd0 f i configfilehandler.obj
 0001:00009c70       ?toList@configFileHandler@@QAE?AVQStringList@@ABVQString@@@Z 0040ac70 f   configfilehandler.obj
 0001:00009d50       ?value@?$QMap@VQString@@VOperationParamData@@@@QBE?BVOperationParamData@@ABVQString@@ABV2@@Z 0040ad50 f i configfilehandler.obj
 0001:00009dc0       ??$qMakeForeachContainer@ABV?$QList@VSingleOperationData@@@@@QtPrivate@@YA?AV?$QForeachContainer@V?$QList@VSingleOperationData@@@@@0@ABV?$QList@VSingleOperationData@@@@@Z 0040adc0 f i environmentvariant.obj
 0001:00009e00       ??0EnvironmentVariant@@AAE@XZ 0040ae00 f i environmentvariant.obj
 0001:00009ef0       ??0OperationParamData@@QAE@XZ 0040aef0 f i environmentvariant.obj
 0001:00009f60       ??0SingleOperationData@@QAE@$$QAV0@@Z 0040af60 f i environmentvariant.obj
 0001:00009f90       ??0SingleOperationData@@QAE@ABV0@@Z 0040af90 f i environmentvariant.obj
 0001:0000a000       ??1?$QForeachContainer@V?$QList@VSingleOperationData@@@@@QtPrivate@@QAE@XZ 0040b000 f i environmentvariant.obj
 0001:0000a080       ??1?$QList@U?$QPair@VQString@@V?$QList@VSingleOperationData@@@@@@@@QAE@XZ 0040b080 f i environmentvariant.obj
 0001:0000a100       ??1?$QList@VOperationParamData@@@@QAE@XZ 0040b100 f i environmentvariant.obj
 0001:0000a160       ??1EnvironmentVariant@@EAE@XZ 0040b160 f i environmentvariant.obj
 0001:0000a2e0       ??1configFileHandler@@UAE@XZ 0040b2e0 f i environmentvariant.obj
 0001:0000a300       ??4?$QList@VSingleOperationData@@@@QAEAAV0@ABV0@@Z 0040b300 f i environmentvariant.obj
 0001:0000a3a0       ??4SingleOperationData@@QAEAAV0@$$QAV0@@Z 0040b3a0 f i environmentvariant.obj
 0001:0000a430       ??4SingleOperationData@@QAEAAV0@ABV0@@Z 0040b430 f i environmentvariant.obj
 0001:0000a4d0       ??A?$QList@VQString@@@@QAEAAVQString@@H@Z 0040b4d0 f i environmentvariant.obj
 0001:0000a500       ??A?$QList@VSingleOperationData@@@@QAEAAVSingleOperationData@@H@Z 0040b500 f i environmentvariant.obj
 0001:0000a530       ??A?$QMap@VQString@@VOperationParamData@@@@QAEAAVOperationParamData@@ABVQString@@@Z 0040b530 f i environmentvariant.obj
 0001:0000a5f0       ??Y?$QList@VQString@@@@QAEAAV0@ABV0@@Z 0040b5f0 f i environmentvariant.obj
 0001:0000a6f0       ??_EEnvironmentVariant@@EAEPAXI@Z 0040b6f0 f i environmentvariant.obj
 0001:0000a6f0       ??_GEnvironmentVariant@@EAEPAXI@Z 0040b6f0 f i environmentvariant.obj
 0001:0000a710       ??_GTargetMachineObject@@UAEPAXI@Z 0040b710 f i environmentvariant.obj
 0001:0000a710       ??_ETargetMachineObject@@UAEPAXI@Z 0040b710 f i environmentvariant.obj
 0001:0000a740       ?AddPlan@EnvironmentVariant@@QAEXABVQString@@@Z 0040b740 f   environmentvariant.obj
 0001:0000a850       ?AddPlanStep@EnvironmentVariant@@QAEXHHH@Z 0040b850 f   environmentvariant.obj
 0001:0000a9e0       ?LogicalControlList@EnvironmentVariant@@QAE?AVQStringList@@XZ 0040b9e0 f   environmentvariant.obj
 0001:0000ab70       ?MovePlanStep@EnvironmentVariant@@QAEXHHH@Z 0040bb70 f   environmentvariant.obj
 0001:0000ac50       ?OperationNameList@EnvironmentVariant@@QAE?AVQStringList@@XZ 0040bc50 f   environmentvariant.obj
 0001:0000ade0       ?PlanList@EnvironmentVariant@@QAE?AVQStringList@@XZ 0040bde0 f   environmentvariant.obj
 0001:0000aea0       ?RemovePlan@EnvironmentVariant@@QAEXH@Z 0040bea0 f   environmentvariant.obj
 0001:0000aed0       ?RemovePlanStep@EnvironmentVariant@@QAEXHH@Z 0040bed0 f   environmentvariant.obj
 0001:0000af30       ?SaveMachineConfig@EnvironmentVariant@@QAEXABVMachineConfigData@@@Z 0040bf30 f   environmentvariant.obj
 0001:0000b000       ?SavePlan@EnvironmentVariant@@QAEXXZ 0040c000 f   environmentvariant.obj
 0001:0000b070       ?SetPlanName@EnvironmentVariant@@QAEXHABVQString@@@Z 0040c070 f   environmentvariant.obj
 0001:0000b0c0       ?SetPlanStepSingleParam@EnvironmentVariant@@QAEXHHABVQString@@ABVQVariant@@@Z 0040c0c0 f   environmentvariant.obj
 0001:0000b220       ?SetPlanStepToDefault@EnvironmentVariant@@QAEXHHH@Z 0040c220 f   environmentvariant.obj
 0001:0000b2f0       ?StartPlan@EnvironmentVariant@@QAEXHH@Z 0040c2f0 f   environmentvariant.obj
 0001:0000bc20       ?StartTunning@EnvironmentVariant@@QAEXABVSingleOperationData@@@Z 0040cc20 f   environmentvariant.obj
 0001:0000bd10       ?StepList@EnvironmentVariant@@QAE?AVQStringList@@H@Z 0040cd10 f   environmentvariant.obj
 0001:0000beb0       ?StopPlan@EnvironmentVariant@@QAEXXZ 0040ceb0 f   environmentvariant.obj
 0001:0000bec0       ?begin@?$QList@VOperationParamData@@@@QAE?AViterator@1@XZ 0040cec0 f i environmentvariant.obj
 0001:0000bef0       ?contains@?$QMap@VQString@@VQStringList@@@@QBE_NABVQString@@@Z 0040cef0 f i environmentvariant.obj
 0001:0000bf30       ?defaultValue@EnvironmentVariant@@QAE?AVSingleOperationData@@ABVQString@@@Z 0040cf30 f   environmentvariant.obj
 0001:0000c150       ?detach_helper@?$QList@H@@AAEXH@Z 0040d150 f i environmentvariant.obj
 0001:0000c220       ?detach_helper@?$QList@U?$QPair@VQString@@V?$QList@VSingleOperationData@@@@@@@@AAEXH@Z 0040d220 f i environmentvariant.obj
 0001:0000c300       ?detach_helper@?$QList@VOperationParamData@@@@AAEXH@Z 0040d300 f i environmentvariant.obj
 0001:0000c3d0       ?detach_helper@?$QList@VQString@@@@AAEXH@Z 0040d3d0 f i environmentvariant.obj
 0001:0000c4c0       ?detach_helper@?$QList@VSingleOperationData@@@@AAEXH@Z 0040d4c0 f i environmentvariant.obj
 0001:0000c5a0       ?formatSingleOperationParam@EnvironmentVariant@@QAE?AVQJsonObject@@ABVSingleOperationData@@@Z 0040d5a0 f   environmentvariant.obj
 0001:0000cb30       ?getOperationIndex@EnvironmentVariant@@QAEHABVQString@@@Z 0040db30 f   environmentvariant.obj
 0001:0000cba0       ?getOperationParams@EnvironmentVariant@@QAE?AV?$QList@VOperationParamData@@@@H@Z 0040dba0 f   environmentvariant.obj
 0001:0000cd70       ?getWorkLocationTypeList@EnvironmentVariant@@QAE?AVQStringList@@XZ 0040dd70 f   environmentvariant.obj
 0001:0000cd90       ?initModels@EnvironmentVariant@@QAEXPAVQQmlContext@@@Z 0040dd90 f   environmentvariant.obj
 0001:0000ce60       ?initProtocol@EnvironmentVariant@@QAEXABVQString@@@Z 0040de60 f   environmentvariant.obj
 0001:0000cee0       ?initUserConfig@EnvironmentVariant@@QAEXABVQString@@@Z 0040dee0 f   environmentvariant.obj
 0001:0000d040       ?insert@?$QList@VSingleOperationData@@@@QAEXHABVSingleOperationData@@@Z 0040e040 f i environmentvariant.obj
 0001:0000d120       ?instance@EnvironmentVariant@@SAPAV1@XZ 0040e120 f   environmentvariant.obj
 0001:0000d180       ?node_destruct@?$QList@VSingleOperationData@@@@AAEXPAUNode@1@@Z 0040e180 f i environmentvariant.obj
 0001:0000d200       ?parseConfigFile@EnvironmentVariant@@QAEXABVQString@@@Z 0040e200 f   environmentvariant.obj
 0001:0000d8a0       ?planStepParam@EnvironmentVariant@@QAE?AVSingleOperationData@@HH@Z 0040e8a0 f   environmentvariant.obj
 0001:0000dbf0       ?removeAt@?$QList@U?$QPair@VQString@@V?$QList@VSingleOperationData@@@@@@@@QAEXH@Z 0040ebf0 f i environmentvariant.obj
 0001:0000dc50       ?removeAt@?$QList@VSingleOperationData@@@@QAEXH@Z 0040ec50 f i environmentvariant.obj
 0001:0000dca0       ?setWorkLocationType@EnvironmentVariant@@QAE_NHABVQString@@@Z 0040eca0 f   environmentvariant.obj
 0001:0000dd40       ??$connect@P8QQmlEngine@@AEXXZP6AXXZ@QObject@@SA?AVConnection@QMetaObject@@PBVQQmlEngine@@P83@AEXXZPBV0@P6AXXZW4ConnectionType@Qt@@@Z 0040ed40 f i main.obj
 0001:0000dda0       ??$createInto@VOperationParamObject@@@QQmlPrivate@@YAXPAX@Z 0040eda0 f i main.obj
 0001:0000de00       ??$createInto@VOperationParamSelector@@@QQmlPrivate@@YAXPAX@Z 0040ee00 f i main.obj
 0001:0000de60       ??$createInto@VPlanController@@@QQmlPrivate@@YAXPAX@Z 0040ee60 f i main.obj
 0001:0000dec0       ??$createInto@VPlanSelector@@@QQmlPrivate@@YAXPAX@Z 0040eec0 f i main.obj
 0001:0000df20       ??$createInto@VStatusViewWatcher@@@QQmlPrivate@@YAXPAX@Z 0040ef20 f i main.obj
 0001:0000df80       ??$createInto@VTextFieldDoubleValidator@@@QQmlPrivate@@YAXPAX@Z 0040ef80 f i main.obj
 0001:0000dfe0       ??$qRegisterNormalizedMetaType@PAVOperationParamObject@@@@YAHABVQByteArray@@PAPAVOperationParamObject@@W4DefinedType@?$MetaTypeDefinedHelper@PAVOperationParamObject@@$00@QtPrivate@@@Z 0040efe0 f i main.obj
 0001:0000e040       ??$qRegisterNormalizedMetaType@PAVOperationParamSelector@@@@YAHABVQByteArray@@PAPAVOperationParamSelector@@W4DefinedType@?$MetaTypeDefinedHelper@PAVOperationParamSelector@@$00@QtPrivate@@@Z 0040f040 f i main.obj
 0001:0000e0a0       ??$qRegisterNormalizedMetaType@PAVPlanController@@@@YAHABVQByteArray@@PAPAVPlanController@@W4DefinedType@?$MetaTypeDefinedHelper@PAVPlanController@@$00@QtPrivate@@@Z 0040f0a0 f i main.obj
 0001:0000e100       ??$qRegisterNormalizedMetaType@PAVPlanSelector@@@@YAHABVQByteArray@@PAPAVPlanSelector@@W4DefinedType@?$MetaTypeDefinedHelper@PAVPlanSelector@@$00@QtPrivate@@@Z 0040f100 f i main.obj
 0001:0000e160       ??$qRegisterNormalizedMetaType@PAVStatusViewWatcher@@@@YAHABVQByteArray@@PAPAVStatusViewWatcher@@W4DefinedType@?$MetaTypeDefinedHelper@PAVStatusViewWatcher@@$00@QtPrivate@@@Z 0040f160 f i main.obj
 0001:0000e1c0       ??$qRegisterNormalizedMetaType@PAVTextFieldDoubleValidator@@@@YAHABVQByteArray@@PAPAVTextFieldDoubleValidator@@W4DefinedType@?$MetaTypeDefinedHelper@PAVTextFieldDoubleValidator@@$00@QtPrivate@@@Z 0040f1c0 f i main.obj
 0001:0000e220       ??$qmlRegisterType@VOperationParamObject@@@@YAHPBDHH0@Z 0040f220 f i main.obj
 0001:0000e4d0       ??$qmlRegisterType@VOperationParamSelector@@@@YAHPBDHH0@Z 0040f4d0 f i main.obj
 0001:0000e780       ??$qmlRegisterType@VPlanController@@@@YAHPBDHH0@Z 0040f780 f i main.obj
 0001:0000ea30       ??$qmlRegisterType@VPlanSelector@@@@YAHPBDHH0@Z 0040fa30 f i main.obj
 0001:0000ece0       ??$qmlRegisterType@VStatusViewWatcher@@@@YAHPBDHH0@Z 0040fce0 f i main.obj
 0001:0000ef90       ??$qmlRegisterType@VTextFieldDoubleValidator@@@@YAHPBDHH0@Z 0040ff90 f i main.obj
 0001:0000f240       ??1?$QVarLengthArray@D$0EA@@@QAE@XZ 00410240 f i main.obj
 0001:0000f240       ??1?$QVarLengthArray@D$0DA@@@QAE@XZ 00410240 f i main.obj
 0001:0000f260       ??1OperationParamSelector@@UAE@XZ 00410260 f i main.obj
 0001:0000f310       ??1PlanSelector@@UAE@XZ    00410310 f i main.obj
 0001:0000f3c0       ??1RegisterType@QQmlPrivate@@QAE@XZ 004103c0 f i main.obj
 0001:0000f3d0       ??H@YA?BVQString@@ABV0@0@Z 004103d0 f i main.obj
 0001:0000f440       ??H@YA?BVQString@@ABV0@PBD@Z 00410440 f i main.obj
 0001:0000f4d0       ??_G?$QQmlElement@VOperationParamObject@@@QQmlPrivate@@UAEPAXI@Z 004104d0 f i main.obj
 0001:0000f4d0       ??_E?$QQmlElement@VOperationParamObject@@@QQmlPrivate@@UAEPAXI@Z 004104d0 f i main.obj
 0001:0000f550       ??_E?$QQmlElement@VOperationParamSelector@@@QQmlPrivate@@UAEPAXI@Z 00410550 f i main.obj
 0001:0000f550       ??_G?$QQmlElement@VOperationParamSelector@@@QQmlPrivate@@UAEPAXI@Z 00410550 f i main.obj
 0001:0000f5c0       ??_G?$QQmlElement@VPlanController@@@QQmlPrivate@@UAEPAXI@Z 004105c0 f i main.obj
 0001:0000f5c0       ??_E?$QQmlElement@VPlanController@@@QQmlPrivate@@UAEPAXI@Z 004105c0 f i main.obj
 0001:0000f630       ??_E?$QQmlElement@VPlanSelector@@@QQmlPrivate@@UAEPAXI@Z 00410630 f i main.obj
 0001:0000f630       ??_G?$QQmlElement@VPlanSelector@@@QQmlPrivate@@UAEPAXI@Z 00410630 f i main.obj
 0001:0000f6a0       ??_E?$QQmlElement@VStatusViewWatcher@@@QQmlPrivate@@UAEPAXI@Z 004106a0 f i main.obj
 0001:0000f6a0       ??_G?$QQmlElement@VStatusViewWatcher@@@QQmlPrivate@@UAEPAXI@Z 004106a0 f i main.obj
 0001:0000f710       ??_G?$QQmlElement@VTextFieldDoubleValidator@@@QQmlPrivate@@UAEPAXI@Z 00410710 f i main.obj
 0001:0000f710       ??_E?$QQmlElement@VTextFieldDoubleValidator@@@QQmlPrivate@@UAEPAXI@Z 00410710 f i main.obj
 0001:0000f780       ??_GOperationParamObject@@UAEPAXI@Z 00410780 f i main.obj
 0001:0000f780       ??_EOperationParamObject@@UAEPAXI@Z 00410780 f i main.obj
 0001:0000f7b0       ?Construct@?$QMetaTypeFunctionHelper@PAVTextFieldDoubleValidator@@$00@QtMetaTypePrivate@@SAPAXPAXPBX@Z 004107b0 f i main.obj
 0001:0000f7b0       ?Construct@?$QMetaTypeFunctionHelper@PAVStatusViewWatcher@@$00@QtMetaTypePrivate@@SAPAXPAXPBX@Z 004107b0 f i main.obj
 0001:0000f7b0       ?Construct@?$QMetaTypeFunctionHelper@PAVPlanSelector@@$00@QtMetaTypePrivate@@SAPAXPAXPBX@Z 004107b0 f i main.obj
 0001:0000f7b0       ?Construct@?$QMetaTypeFunctionHelper@PAVOperationParamObject@@$00@QtMetaTypePrivate@@SAPAXPAXPBX@Z 004107b0 f i main.obj
 0001:0000f7b0       ?Construct@?$QMetaTypeFunctionHelper@PAVOperationParamSelector@@$00@QtMetaTypePrivate@@SAPAXPAXPBX@Z 004107b0 f i main.obj
 0001:0000f7b0       ?Construct@?$QMetaTypeFunctionHelper@PAVPlanController@@$00@QtMetaTypePrivate@@SAPAXPAXPBX@Z 004107b0 f i main.obj
 0001:0000f7e0       ?Construct@?$QMetaTypeFunctionHelper@V?$QQmlListProperty@VStatusViewWatcher@@@@$00@QtMetaTypePrivate@@SAPAXPAXPBX@Z 004107e0 f i main.obj
 0001:0000f7e0       ?Construct@?$QMetaTypeFunctionHelper@V?$QQmlListProperty@VTextFieldDoubleValidator@@@@$00@QtMetaTypePrivate@@SAPAXPAXPBX@Z 004107e0 f i main.obj
 0001:0000f7e0       ?Construct@?$QMetaTypeFunctionHelper@V?$QQmlListProperty@VOperationParamSelector@@@@$00@QtMetaTypePrivate@@SAPAXPAXPBX@Z 004107e0 f i main.obj
 0001:0000f7e0       ?Construct@?$QMetaTypeFunctionHelper@V?$QQmlListProperty@VPlanSelector@@@@$00@QtMetaTypePrivate@@SAPAXPAXPBX@Z 004107e0 f i main.obj
 0001:0000f7e0       ?Construct@?$QMetaTypeFunctionHelper@V?$QQmlListProperty@VOperationParamObject@@@@$00@QtMetaTypePrivate@@SAPAXPAXPBX@Z 004107e0 f i main.obj
 0001:0000f7e0       ?Construct@?$QMetaTypeFunctionHelper@V?$QQmlListProperty@VPlanController@@@@$00@QtMetaTypePrivate@@SAPAXPAXPBX@Z 004107e0 f i main.obj
 0001:0000f840       ?Destruct@?$QMetaTypeFunctionHelper@PAVOperationParamSelector@@$00@QtMetaTypePrivate@@SAXPAX@Z 00410840 f i main.obj
 0001:0000f840       ?Destruct@?$QMetaTypeFunctionHelper@VQSequentialIterableImpl@QtMetaTypePrivate@@$00@QtMetaTypePrivate@@SAXPAX@Z 00410840 f i moc_workmodels.obj
 0001:0000f840       ?Destruct@?$QMetaTypeFunctionHelper@V?$QQmlListProperty@VTextFieldDoubleValidator@@@@$00@QtMetaTypePrivate@@SAXPAX@Z 00410840 f i main.obj
 0001:0000f840       ?Destruct@?$QMetaTypeFunctionHelper@V?$QQmlListProperty@VPlanController@@@@$00@QtMetaTypePrivate@@SAXPAX@Z 00410840 f i main.obj
 0001:0000f840       ?Destruct@?$QMetaTypeFunctionHelper@V?$QQmlListProperty@VOperationParamSelector@@@@$00@QtMetaTypePrivate@@SAXPAX@Z 00410840 f i main.obj
 0001:0000f840       ?Destruct@?$QMetaTypeFunctionHelper@V?$QQmlListProperty@VPlanSelector@@@@$00@QtMetaTypePrivate@@SAXPAX@Z 00410840 f i main.obj
 0001:0000f840       @_guard_check_icall_nop@4  00410840 f i MSVCRT:guard_support.obj
 0001:0000f840       ?Destruct@?$QMetaTypeFunctionHelper@PAVStatusViewWatcher@@$00@QtMetaTypePrivate@@SAXPAX@Z 00410840 f i main.obj
 0001:0000f840       ?Destruct@?$QMetaTypeFunctionHelper@PAVTextFieldDoubleValidator@@$00@QtMetaTypePrivate@@SAXPAX@Z 00410840 f i main.obj
 0001:0000f840       ?onComplete@PlanSelector@@QAEXXZ 00410840 f i workmodels.obj
 0001:0000f840       ?qt_static_metacall@configFileHandler@@CAXPAVQObject@@W4Call@QMetaObject@@HPAPAX@Z 00410840 f i moc_configfilehandler.obj
 0001:0000f840       ??3@YAXPAX0@Z              00410840 f i configfilehandler.obj
 0001:0000f840       ?Destruct@?$QMetaTypeFunctionHelper@PAVPlanSelector@@$00@QtMetaTypePrivate@@SAXPAX@Z 00410840 f i main.obj
 0001:0000f840       ?Destruct@?$QMetaTypeFunctionHelper@PAVPlanController@@$00@QtMetaTypePrivate@@SAXPAX@Z 00410840 f i main.obj
 0001:0000f840       ?Destruct@?$QMetaTypeFunctionHelper@PAVOperationParamObject@@$00@QtMetaTypePrivate@@SAXPAX@Z 00410840 f i main.obj
 0001:0000f840       __initialize_invalid_parameter_handler 00410840 f i MSVCRT:invalid_parameter_handler.obj
 0001:0000f840       ?Destruct@?$QMetaTypeFunctionHelper@V?$QQmlListProperty@VOperationParamObject@@@@$00@QtMetaTypePrivate@@SAXPAX@Z 00410840 f i main.obj
 0001:0000f840       __initialize_denormal_control 00410840 f i MSVCRT:denormal_control.obj
 0001:0000f840       ?Destruct@?$QMetaTypeFunctionHelper@V?$QQmlListProperty@VStatusViewWatcher@@@@$00@QtMetaTypePrivate@@SAXPAX@Z 00410840 f i main.obj
 0001:0000f850       ?TopLevelExceptionFilter@@YGJPAU_EXCEPTION_POINTERS@@@Z 00410850 f   main.obj
 0001:0000f8c0       ?customMessageHandler@@YAXW4QtMsgType@@ABVQMessageLogContext@@ABVQString@@@Z 004108c0 f   main.obj
 0001:0000fc30       ?getConfigFullName@@YA?AVQString@@PBD@Z 00410c30 f   main.obj
 0001:0000fca0       ?impl@?$QStaticSlotObject@P6AXXZU?$List@$$V@QtPrivate@@X@QtPrivate@@CAXHPAVQSlotObjectBase@2@PAVQObject@@PAPAXPA_N@Z 00410ca0 f i main.obj
 0001:0000fcd0       ?qt_metatype_id@?$QMetaTypeIdQObject@PAVOperationParamObject@@$07@@SAHXZ 00410cd0 f i main.obj
 0001:0000fd80       ?qt_metatype_id@?$QMetaTypeIdQObject@PAVOperationParamSelector@@$07@@SAHXZ 00410d80 f i main.obj
 0001:0000fe30       ?qt_metatype_id@?$QMetaTypeIdQObject@PAVPlanController@@$07@@SAHXZ 00410e30 f i main.obj
 0001:0000fee0       ?qt_metatype_id@?$QMetaTypeIdQObject@PAVPlanSelector@@$07@@SAHXZ 00410ee0 f i main.obj
 0001:0000ff90       ?qt_metatype_id@?$QMetaTypeIdQObject@PAVStatusViewWatcher@@$07@@SAHXZ 00410f90 f i main.obj
 0001:00010040       ?qt_metatype_id@?$QMetaTypeIdQObject@PAVTextFieldDoubleValidator@@$07@@SAHXZ 00411040 f i main.obj
 0001:000100f0       ?validate@TextFieldDoubleValidator@@UBE?AW4State@QValidator@@AAVQString@@AAH@Z 004110f0 f i main.obj
 0001:00010270       _main                      00411270 f   main.obj
 0001:000106d0       ??$connect@P8EnvironmentVariant@@AEXXZP8StatusViewWatcher@@AEXXZ@QObject@@SA?AVConnection@QMetaObject@@PBVEnvironmentVariant@@P83@AEXXZPBVStatusViewWatcher@@P84@AEXXZW4ConnectionType@Qt@@@Z 004116d0 f i workmodels.obj
 0001:00010730       ??$qMakeForeachContainer@AAV?$QList@PAVQObject@@@@@QtPrivate@@YA?AV?$QForeachContainer@V?$QList@PAVQObject@@@@@0@AAV?$QList@PAVQObject@@@@@Z 00411730 f i workmodels.obj
 0001:00010770       ??0OperationParamSelector@@QAE@PAVQObject@@@Z 00411770 f   workmodels.obj
 0001:000107c0       ??0PlanController@@QAE@PAVQObject@@@Z 004117c0 f   workmodels.obj
 0001:00010830       ??0PlanSelector@@QAE@PAVQObject@@@Z 00411830 f   workmodels.obj
 0001:000108e0       ??0StatusViewWatcher@@QAE@PAVQObject@@@Z 004118e0 f   workmodels.obj
 0001:00010970       ??1?$QForeachContainer@V?$QList@PAVQObject@@@@@QtPrivate@@QAE@XZ 00411970 f i workmodels.obj
 0001:000109d0       ??1?$QList@H@@QAE@XZ       004119d0 f i configfilehandler.obj
 0001:000109d0       ??1?$QList@PAVQObject@@@@QAE@XZ 004119d0 f i workmodels.obj
 0001:00010a30       ??1MachineConfigData@@QAE@XZ 00411a30 f i workmodels.obj
 0001:00010a40       ??1PlanController@@UAE@XZ  00411a40 f   workmodels.obj
 0001:00010aa0       ??1StatusViewWatcher@@UAE@XZ 00411aa0 f   workmodels.obj
 0001:00010b20       ??_EOperationParamSelector@@UAEPAXI@Z 00411b20 f i workmodels.obj
 0001:00010b20       ??_GOperationParamSelector@@UAEPAXI@Z 00411b20 f i workmodels.obj
 0001:00010b40       ??_GPlanController@@UAEPAXI@Z 00411b40 f i workmodels.obj
 0001:00010b40       ??_EPlanController@@UAEPAXI@Z 00411b40 f i workmodels.obj
 0001:00010bb0       ??_EPlanSelector@@UAEPAXI@Z 00411bb0 f i workmodels.obj
 0001:00010bb0       ??_GPlanSelector@@UAEPAXI@Z 00411bb0 f i workmodels.obj
 0001:00010bd0       ??_GStatusViewWatcher@@UAEPAXI@Z 00411bd0 f i workmodels.obj
 0001:00010bd0       ??_EStatusViewWatcher@@UAEPAXI@Z 00411bd0 f i workmodels.obj
 0001:00010c70       ?addPlan@PlanSelector@@QAEXABVQString@@@Z 00411c70 f   workmodels.obj
 0001:00010c90       ?addStep@PlanSelector@@QAEXHHH@Z 00411c90 f   workmodels.obj
 0001:00010cb0       ?commitParam@PlanSelector@@QAEXHHABVQString@@ABVQVariant@@@Z 00411cb0 f   workmodels.obj
 0001:00010cd0       ?eventFilter@PlanController@@UAE_NPAVQObject@@PAVQEvent@@@Z 00411cd0 f   workmodels.obj
 0001:00010d20       ?eventFilter@StatusViewWatcher@@UAE_NPAVQObject@@PAVQEvent@@@Z 00411d20 f   workmodels.obj
 0001:00010d60       ?getSwitch@OperationParamSelector@@QAEPAVQObject@@ABVQString@@@Z 00411d60 f   workmodels.obj
 0001:00010ec0       ?getSwitch@PlanSelector@@QAEPAVQObject@@ABVQString@@@Z 00411ec0 f   workmodels.obj
 0001:00011020       ?getWorkLocationTypeList@StatusViewWatcher@@QAE?AVQStringList@@XZ 00412020 f   workmodels.obj
 0001:00011050       ?init@OperationParamSelector@@QAEXABVQString@@@Z 00412050 f   workmodels.obj
 0001:000110d0       ?moveStep@PlanSelector@@QAEXHHH@Z 004120d0 f   workmodels.obj
 0001:000110f0       ?getOperationName@SingleOperationObject@@QAE?AVQString@@XZ 004120f0 f i moc_workmodels.obj
 0001:000110f0       ?getIpAddress@TargetMachineObject@@QBE?AVQString@@XZ 004120f0 f i environmentvariant.obj
 0001:000110f0       ?name@OperationParamObject@@QBE?AVQString@@XZ 004120f0 f i workmodels.obj
 0001:00011110       ?onCompleteSingleOperation@OperationParamSelector@@QAEXXZ 00412110 f   workmodels.obj
 0001:00011390       ?onMachineConfigChanged@TargetMachineObject@@QAEXXZ 00412390 f   workmodels.obj
 0001:00011410       ?onSave@PlanSelector@@QAEXXZ 00412410 f   workmodels.obj
 0001:00011420       ?operationCurrentIndex@PlanSelector@@QAEHXZ 00412420 f   workmodels.obj
 0001:00011440       ?planListModel@PlanSelector@@QAE?AVQStringList@@XZ 00412440 f   workmodels.obj
 0001:00011470       ?removePlan@PlanSelector@@QAEXH@Z 00412470 f   workmodels.obj
 0001:00011490       ?removeStep@PlanSelector@@QAEXHH@Z 00412490 f   workmodels.obj
 0001:000114b0       ?resumePlan@PlanController@@QAEXXZ 004124b0 f   workmodels.obj
 0001:000114e0       ?setPlanName@PlanSelector@@QAEXHABVQString@@@Z 004124e0 f   workmodels.obj
 0001:00011500       ?setSelectedOperation@OperationParamSelector@@QAEXH@Z 00412500 f   workmodels.obj
 0001:000118a0       ?setSelectedOperation@PlanSelector@@QAEXHHH@Z 004128a0 f   workmodels.obj
 0001:00011d30       ?setSelectedStep@PlanSelector@@QAEXHH@Z 00412d30 f   workmodels.obj
 0001:000120e0       ?setWorkLocationType@StatusViewWatcher@@QAE_NHABVQString@@@Z 004130e0 f   workmodels.obj
 0001:00012100       ?startPlan@PlanController@@QAEXHH@Z 00413100 f   workmodels.obj
 0001:00012130       ?stepListModel@PlanSelector@@QAE?AVQStringList@@H@Z 00413130 f   workmodels.obj
 0001:00012160       ?stopPlan@PlanController@@QAEXXZ 00413160 f   workmodels.obj
 0001:00012170       ?changeHost@WorkflowController@@QAEXABVQString@@G@Z 00413170 f   moc_workflowprotocol.obj
 0001:000121c0       ?configProtocol@WorkflowController@@QAEXABVQString@@@Z 004131c0 f   moc_workflowprotocol.obj
 0001:000121f0       ?metaObject@SubThreadWorker@@UBEPBUQMetaObject@@XZ 004131f0 f   moc_workflowprotocol.obj
 0001:00012210       ?metaObject@WorkflowController@@UBEPBUQMetaObject@@XZ 00413210 f   moc_workflowprotocol.obj
 0001:00012230       ?qt_metacall@SubThreadWorker@@UAEHW4Call@QMetaObject@@HPAPAX@Z 00413230 f   moc_workflowprotocol.obj
 0001:00012290       ?qt_metacall@WorkflowController@@UAEHW4Call@QMetaObject@@HPAPAX@Z 00413290 f   moc_workflowprotocol.obj
 0001:000122f0       ?qt_metacast@SubThreadWorker@@UAEPAXPBD@Z 004132f0 f   moc_workflowprotocol.obj
 0001:00012350       ?qt_metacast@WorkflowController@@UAEPAXPBD@Z 00413350 f   moc_workflowprotocol.obj
 0001:000123b0       ?qt_static_metacall@SubThreadWorker@@CAXPAVQObject@@W4Call@QMetaObject@@HPAPAX@Z 004133b0 f   moc_workflowprotocol.obj
 0001:000124a0       ?qt_static_metacall@WorkflowController@@CAXPAVQObject@@W4Call@QMetaObject@@HPAPAX@Z 004134a0 f   moc_workflowprotocol.obj
 0001:000125c0       ?runNewTask@WorkflowController@@QAEXABVQJsonObject@@@Z 004135c0 f   moc_workflowprotocol.obj
 0001:000125f0       ?runNewTunning@WorkflowController@@QAEXABVQJsonObject@@@Z 004135f0 f   moc_workflowprotocol.obj
 0001:00012620       ?statusChanged@SubThreadWorker@@QAEXABVQJsonObject@@@Z 00413620 f   moc_workflowprotocol.obj
 0001:00012650       ?stopTask@WorkflowController@@QAEXXZ 00413650 f   moc_workflowprotocol.obj
 0001:00012670       ?taskStateChanged@SubThreadWorker@@QAEX_NH@Z 00413670 f   moc_workflowprotocol.obj
 0001:000126c0       ?metaObject@configFileHandler@@UBEPBUQMetaObject@@XZ 004136c0 f   moc_configfilehandler.obj
 0001:000126e0       ?qt_metacall@configFileHandler@@UAEHW4Call@QMetaObject@@HPAPAX@Z 004136e0 f   moc_configfilehandler.obj
 0001:000126f0       ?qt_metacast@configFileHandler@@UAEPAXPBD@Z 004136f0 f   moc_configfilehandler.obj
 0001:00012750       ?metaObject@EnvironmentVariant@@UBEPBUQMetaObject@@XZ 00413750 f   moc_environmentvariant.obj
 0001:00012770       ?qt_metacall@EnvironmentVariant@@UAEHW4Call@QMetaObject@@HPAPAX@Z 00413770 f   moc_environmentvariant.obj
 0001:000127d0       ?qt_metacast@EnvironmentVariant@@UAEPAXPBD@Z 004137d0 f   moc_environmentvariant.obj
 0001:00012830       ?qt_static_metacall@EnvironmentVariant@@CAXPAVQObject@@W4Call@QMetaObject@@HPAPAX@Z 00413830 f   moc_environmentvariant.obj
 0001:00012880       ?workLocationTypeChanged@EnvironmentVariant@@QAEXXZ 00413880 f   moc_environmentvariant.obj
 0001:000128a0       ??$atImpl@V?$QList@PAVQObject@@@@@QSequentialIterableImpl@QtMetaTypePrivate@@SAPBXPBXH@Z 004138a0 f i moc_workmodels.obj
 0001:000128a0       ??$atImpl@V?$QList@H@@@QSequentialIterableImpl@QtMetaTypePrivate@@SAPBXPBXH@Z 004138a0 f i moc_workmodels.obj
 0001:000128c0       ??$equal@PBQAVQObject@@V?$checked_array_iterator@PBQAVQObject@@@stdext@@U?$equal_to@X@std@@@std@@YA_NPBQAVQObject@@0V?$checked_array_iterator@PBQAVQObject@@@stdext@@U?$equal_to@X@0@@Z 004138c0 f i moc_workmodels.obj
 0001:000128c0       ??$equal@PBHV?$checked_array_iterator@PBH@stdext@@U?$equal_to@X@std@@@std@@YA_NPBH0V?$checked_array_iterator@PBH@stdext@@U?$equal_to@X@0@@Z 004138c0 f i moc_workmodels.obj
 0001:00012940       ??$getImpl@V?$QList@PAVQObject@@@@@QSequentialIterableImpl@QtMetaTypePrivate@@SA?AUVariantData@1@PBQAXHI@Z 00413940 f i moc_workmodels.obj
 0001:00012940       ??$getImpl@V?$QList@H@@@QSequentialIterableImpl@QtMetaTypePrivate@@SA?AUVariantData@1@PBQAXHI@Z 00413940 f i moc_workmodels.obj
 0001:00012960       ??$moveToBeginImpl@V?$QList@PAVQObject@@@@@QSequentialIterableImpl@QtMetaTypePrivate@@SAXPBXPAPAX@Z 00413960 f i moc_workmodels.obj
 0001:00012960       ??$moveToBeginImpl@V?$QList@H@@@QSequentialIterableImpl@QtMetaTypePrivate@@SAXPBXPAPAX@Z 00413960 f i moc_workmodels.obj
 0001:00012990       ??$moveToEndImpl@V?$QList@H@@@QSequentialIterableImpl@QtMetaTypePrivate@@SAXPBXPAPAX@Z 00413990 f i moc_workmodels.obj
 0001:00012990       ??$moveToEndImpl@V?$QList@PAVQObject@@@@@QSequentialIterableImpl@QtMetaTypePrivate@@SAXPBXPAPAX@Z 00413990 f i moc_workmodels.obj
 0001:000129c0       ??$sizeImpl@V?$QList@PAVQObject@@@@@QSequentialIterableImpl@QtMetaTypePrivate@@SAHPBX@Z 004139c0 f i moc_workmodels.obj
 0001:000129c0       ??$sizeImpl@V?$QList@H@@@QSequentialIterableImpl@QtMetaTypePrivate@@SAHPBX@Z 004139c0 f i moc_workmodels.obj
 0001:000129d0       ??0QSequentialIterableImpl@QtMetaTypePrivate@@QAE@XZ 004139d0 f i moc_workmodels.obj
 0001:00012a40       ??4?$QList@H@@QAEAAV0@$$QAV0@@Z 00413a40 f i moc_workmodels.obj
 0001:00012a40       ??4?$QList@PAVQObject@@@@QAEAAV0@$$QAV0@@Z 00413a40 f i moc_workmodels.obj
 0001:00012ac0       ??4QStringList@@QAEAAV0@$$QAV0@@Z 00413ac0 f i moc_workmodels.obj
 0001:00012af0       ?Construct@?$QMetaTypeFunctionHelper@V?$QList@H@@$00@QtMetaTypePrivate@@SAPAXPAXPBX@Z 00413af0 f i moc_workmodels.obj
 0001:00012af0       ?Construct@?$QMetaTypeFunctionHelper@V?$QList@PAVQObject@@@@$00@QtMetaTypePrivate@@SAPAXPAXPBX@Z 00413af0 f i moc_workmodels.obj
 0001:00012b70       ?Construct@?$QMetaTypeFunctionHelper@VQSequentialIterableImpl@QtMetaTypePrivate@@$00@QtMetaTypePrivate@@SAPAXPAXPBX@Z 00413b70 f i moc_workmodels.obj
 0001:00012bb0       ?Destruct@?$QMetaTypeFunctionHelper@V?$QList@H@@$00@QtMetaTypePrivate@@SAXPAX@Z 00413bb0 f i moc_workmodels.obj
 0001:00012bb0       ?Destruct@?$QMetaTypeFunctionHelper@V?$QList@PAVQObject@@@@$00@QtMetaTypePrivate@@SAXPAX@Z 00413bb0 f i moc_workmodels.obj
 0001:00012c20       ?MachineConfigChanged@TargetMachineObject@@QAEXXZ 00413c20 f   moc_workmodels.obj
 0001:00012c40       ?UnitChanged@OperationParamObject@@QAEXXZ 00413c40 f   moc_workmodels.obj
 0001:00012c60       ?advance@?$IteratorOwnerCommon@Vconst_iterator@?$QList@PAVQObject@@@@@QtMetaTypePrivate@@SAXPAPAXH@Z 00413c60 f i moc_workmodels.obj
 0001:00012c60       ?advance@?$IteratorOwnerCommon@Vconst_iterator@?$QList@H@@@QtMetaTypePrivate@@SAXPAPAXH@Z 00413c60 f i moc_workmodels.obj
 0001:00012c70       ?assign@?$IteratorOwnerCommon@Vconst_iterator@?$QList@H@@@QtMetaTypePrivate@@SAXPAPAXPBQAX@Z 00413c70 f i moc_workmodels.obj
 0001:00012c70       ?assign@?$IteratorOwnerCommon@Vconst_iterator@?$QList@PAVQObject@@@@@QtMetaTypePrivate@@SAXPAPAXPBQAX@Z 00413c70 f i moc_workmodels.obj
 0001:00012c90       ?boolValueChanged@OperationParamObject@@QAEXXZ 00413c90 f   moc_workmodels.obj
 0001:00012cb0       ?bottomValueChanged@OperationParamObject@@QAEXXZ 00413cb0 f   moc_workmodels.obj
 0001:00012cd0       ?convert@?$ConverterFunctor@V?$QList@H@@VQSequentialIterableImpl@QtMetaTypePrivate@@U?$QSequentialIterableConvertFunctor@V?$QList@H@@@3@@QtPrivate@@SA_NPBUAbstractConverterFunction@2@PBXPAX@Z 00413cd0 f i moc_workmodels.obj
 0001:00012d70       ?convert@?$ConverterFunctor@V?$QList@PAVQObject@@@@VQSequentialIterableImpl@QtMetaTypePrivate@@U?$QSequentialIterableConvertFunctor@V?$QList@PAVQObject@@@@@3@@QtPrivate@@SA_NPBUAbstractConverterFunction@2@PBXPAX@Z 00413d70 f i moc_workmodels.obj
 0001:00012e10       ?currentIndexChanged@OperationParamSelector@@QAEXXZ 00413e10 f   moc_workmodels.obj
 0001:00012e30       ?destroy@?$IteratorOwnerCommon@Vconst_iterator@?$QList@PAVQObject@@@@@QtMetaTypePrivate@@SAXPAPAX@Z 00413e30 f i moc_workmodels.obj
 0001:00012e30       ?destroy@?$IteratorOwnerCommon@Vconst_iterator@?$QList@H@@@QtMetaTypePrivate@@SAXPAPAX@Z 00413e30 f i moc_workmodels.obj
 0001:00012e50       ?display@OperationParamObject@@QBE?AVQString@@XZ 00413e50 f i moc_workmodels.obj
 0001:00012e70       ?displayChanged@OperationParamObject@@QAEXXZ 00413e70 f   moc_workmodels.obj
 0001:00012e90       ?equal@?$IteratorOwnerCommon@Vconst_iterator@?$QList@H@@@QtMetaTypePrivate@@SA_NPBQAX0@Z 00413e90 f i moc_workmodels.obj
 0001:00012e90       ?equal@?$IteratorOwnerCommon@Vconst_iterator@?$QList@PAVQObject@@@@@QtMetaTypePrivate@@SA_NPBQAX0@Z 00413e90 f i moc_workmodels.obj
 0001:00012eb0       ?floatValueChanged@OperationParamObject@@QAEXXZ 00413eb0 f   moc_workmodels.obj
 0001:00012ed0       ?getParamListModel@PlanSelector@@QAE?AV?$QList@PAVQObject@@@@XZ 00413ed0 f i moc_workmodels.obj
 0001:00012ef0       ?getParamModel@OperationParamSelector@@QAE?AV?$QList@PAVQObject@@@@XZ 00413ef0 f i moc_workmodels.obj
 0001:00012f10       ?intListValue@OperationParamObject@@QAE?AV?$QList@H@@XZ 00413f10 f i moc_workmodels.obj
 0001:00012f30       ?intListValueChanged@OperationParamObject@@QAEXXZ 00413f30 f   moc_workmodels.obj
 0001:00012f50       ?integerValueChanged@OperationParamObject@@QAEXXZ 00413f50 f   moc_workmodels.obj
 0001:00012f70       ?metaObject@OperationParamObject@@UBEPBUQMetaObject@@XZ 00413f70 f   moc_workmodels.obj
 0001:00012f90       ?metaObject@OperationParamSelector@@UBEPBUQMetaObject@@XZ 00413f90 f   moc_workmodels.obj
 0001:00012fb0       ?metaObject@PlanController@@UBEPBUQMetaObject@@XZ 00413fb0 f   moc_workmodels.obj
 0001:00012fd0       ?metaObject@PlanSelector@@UBEPBUQMetaObject@@XZ 00413fd0 f   moc_workmodels.obj
 0001:00012ff0       ?metaObject@StatusViewWatcher@@UBEPBUQMetaObject@@XZ 00413ff0 f   moc_workmodels.obj
 0001:00013010       ?metaObject@TargetMachineObject@@UBEPBUQMetaObject@@XZ 00414010 f   moc_workmodels.obj
 0001:00013030       ?nameChanged@OperationParamObject@@QAEXXZ 00414030 f   moc_workmodels.obj
 0001:00013050       ?op_eq_impl@?$QList@H@@ABE_NABV1@UArrayCompatibleLayout@QListData@@@Z 00414050 f i moc_workmodels.obj
 0001:00013050       ?op_eq_impl@?$QList@PAVQObject@@@@ABE_NABV1@UArrayCompatibleLayout@QListData@@@Z 00414050 f i moc_workmodels.obj
 0001:000130c0       ?op_eq_impl@?$QList@VQString@@@@ABE_NABV1@UArrayCompatibleLayout@QListData@@@Z 004140c0 f i moc_workmodels.obj
 0001:00013130       ?operationListModel@PlanSelector@@QAE?AVQStringList@@XZ 00414130 f i moc_workmodels.obj
 0001:00013150       ?operationModel@OperationParamSelector@@QAE?AVQStringList@@XZ 00414150 f i moc_workmodels.obj
 0001:00013170       ?operationNameChanged@SingleOperationObject@@QAEXXZ 00414170 f   moc_workmodels.obj
 0001:00013190       ?pageNameChanged@OperationParamSelector@@QAEXXZ 00414190 f   moc_workmodels.obj
 0001:000131b0       ?paramListModelChanged@PlanSelector@@QAEXXZ 004141b0 f   moc_workmodels.obj
 0001:000131d0       ?paramModelChanged@OperationParamSelector@@QAEXXZ 004141d0 f   moc_workmodels.obj
 0001:000131f0       ?qt_metacall@OperationParamObject@@UAEHW4Call@QMetaObject@@HPAPAX@Z 004141f0 f   moc_workmodels.obj
 0001:00013290       ?qt_metacall@OperationParamSelector@@UAEHW4Call@QMetaObject@@HPAPAX@Z 00414290 f   moc_workmodels.obj
 0001:00013340       ?qt_metacall@PlanController@@UAEHW4Call@QMetaObject@@HPAPAX@Z 00414340 f   moc_workmodels.obj
 0001:000133a0       ?qt_metacall@PlanSelector@@UAEHW4Call@QMetaObject@@HPAPAX@Z 004143a0 f   moc_workmodels.obj
 0001:00013450       ?qt_metacall@StatusViewWatcher@@UAEHW4Call@QMetaObject@@HPAPAX@Z 00414450 f   moc_workmodels.obj
 0001:000134b0       ?qt_metacall@TargetMachineObject@@UAEHW4Call@QMetaObject@@HPAPAX@Z 004144b0 f   moc_workmodels.obj
 0001:00013570       ?qt_metacast@OperationParamObject@@UAEPAXPBD@Z 00414570 f   moc_workmodels.obj
 0001:00013610       ?qt_metacast@OperationParamSelector@@UAEPAXPBD@Z 00414610 f   moc_workmodels.obj
 0001:00013670       ?qt_metacast@PlanController@@UAEPAXPBD@Z 00414670 f   moc_workmodels.obj
 0001:000136d0       ?qt_metacast@PlanSelector@@UAEPAXPBD@Z 004146d0 f   moc_workmodels.obj
 0001:00013730       ?qt_metacast@StatusViewWatcher@@UAEPAXPBD@Z 00414730 f   moc_workmodels.obj
 0001:00013790       ?qt_metacast@TargetMachineObject@@UAEPAXPBD@Z 00414790 f   moc_workmodels.obj
 0001:00013830       ?qt_metatype_id@?$QMetaTypeId@V?$QList@H@@@@SAHXZ 00414830 f i moc_workmodels.obj
 0001:00013950       ?qt_metatype_id@?$QMetaTypeId@V?$QList@PAVQObject@@@@@@SAHXZ 00414950 f i moc_workmodels.obj
 0001:000139f0       ?qt_metatype_id@?$QMetaTypeId@VQSequentialIterableImpl@QtMetaTypePrivate@@@@SAHXZ 004149f0 f i moc_workmodels.obj
 0001:00013a80       ?qt_static_metacall@OperationParamObject@@CAXPAVQObject@@W4Call@QMetaObject@@HPAPAX@Z 00414a80 f   moc_workmodels.obj
 0001:00013f60       ?qt_static_metacall@OperationParamSelector@@CAXPAVQObject@@W4Call@QMetaObject@@HPAPAX@Z 00414f60 f   moc_workmodels.obj
 0001:000140f0       ?qt_static_metacall@PlanController@@CAXPAVQObject@@W4Call@QMetaObject@@HPAPAX@Z 004150f0 f   moc_workmodels.obj
 0001:00014180       ?qt_static_metacall@PlanSelector@@CAXPAVQObject@@W4Call@QMetaObject@@HPAPAX@Z 00415180 f   moc_workmodels.obj
 0001:00014450       ?qt_static_metacall@SingleOperationObject@@CAXPAVQObject@@W4Call@QMetaObject@@HPAPAX@Z 00415450 f   moc_workmodels.obj
 0001:00014500       ?qt_static_metacall@StatusViewWatcher@@CAXPAVQObject@@W4Call@QMetaObject@@HPAPAX@Z 00415500 f   moc_workmodels.obj
 0001:000145e0       ?qt_static_metacall@TargetMachineObject@@CAXPAVQObject@@W4Call@QMetaObject@@HPAPAX@Z 004155e0 f   moc_workmodels.obj
 0001:000146f0       ?registerConverter@?$ValueTypeIsMetaType@V?$QList@H@@$00@QtPrivate@@SA_NH@Z 004156f0 f i moc_workmodels.obj
 0001:00014780       ?registerConverter@?$ValueTypeIsMetaType@V?$QList@PAVQObject@@@@$00@QtPrivate@@SA_NH@Z 00415780 f i moc_workmodels.obj
 0001:00014810       ?setBoolValue@OperationParamObject@@QAEX_N@Z 00415810 f i moc_workmodels.obj
 0001:00014840       ?setBottomValue@OperationParamObject@@QAEXH@Z 00415840 f i moc_workmodels.obj
 0001:00014870       ?setDisplay@OperationParamObject@@QAEXABVQString@@@Z 00415870 f i moc_workmodels.obj
 0001:000148b0       ?setFloatValue@OperationParamObject@@QAEXN@Z 004158b0 f i moc_workmodels.obj
 0001:000148f0       ?setIntListValue@OperationParamObject@@QAEXABV?$QList@H@@@Z 004158f0 f i moc_workmodels.obj
 0001:000149d0       ?setIntegerValue@OperationParamObject@@QAEXH@Z 004159d0 f i moc_workmodels.obj
 0001:00014a00       ?setIpAddress@TargetMachineObject@@QAEXABVQString@@@Z 00415a00 f i moc_workmodels.obj
 0001:00014a40       ?setMaxReceiveTime@TargetMachineObject@@QAEXH@Z 00415a40 f i moc_workmodels.obj
 0001:00014a70       ?setName@OperationParamObject@@QAEXABVQString@@@Z 00415a70 f i moc_workmodels.obj
 0001:00014ab0       ?setOperationName@SingleOperationObject@@QAEXABVQString@@@Z 00415ab0 f i moc_workmodels.obj
 0001:00014af0       ?setParamListModel@PlanSelector@@QAEXABV?$QList@PAVQObject@@@@@Z 00415af0 f i moc_workmodels.obj
 0001:00014bd0       ?setParamModel@OperationParamSelector@@QAEXABV?$QList@PAVQObject@@@@@Z 00415bd0 f i moc_workmodels.obj
 0001:00014cb0       ?setPort@TargetMachineObject@@QAEXF@Z 00415cb0 f i moc_workmodels.obj
 0001:00014ce0       ?setStringValue@OperationParamObject@@QAEXABVQString@@@Z 00415ce0 f i moc_workmodels.obj
 0001:00014d20       ?setStringlistValue@OperationParamObject@@QAEXABVQStringList@@@Z 00415d20 f i moc_workmodels.obj
 0001:00014da0       ?setSwitchValue@OperationParamObject@@QAEXABVQString@@@Z 00415da0 f i moc_workmodels.obj
 0001:00014de0       ?setTopValue@OperationParamObject@@QAEXH@Z 00415de0 f i moc_workmodels.obj
 0001:00014e10       ?setUnit@OperationParamObject@@QAEXABVQString@@@Z 00415e10 f i moc_workmodels.obj
 0001:00014e50       ?settype@OperationParamObject@@QAEXABVQString@@@Z 00415e50 f i moc_workmodels.obj
 0001:00014e90       ?statusChanged@StatusViewWatcher@@QAEXABVQJsonObject@@@Z 00415e90 f   moc_workmodels.obj
 0001:00014ec0       ?stringListValue@OperationParamObject@@QBE?AVQStringList@@XZ 00415ec0 f i moc_workmodels.obj
 0001:00014ee0       ?stringValue@OperationParamObject@@QBE?AVQString@@XZ 00415ee0 f i moc_workmodels.obj
 0001:00014f00       ?stringValueChanged@OperationParamObject@@QAEXXZ 00415f00 f   moc_workmodels.obj
 0001:00014f20       ?stringlistValueChanged@OperationParamObject@@QAEXXZ 00415f20 f   moc_workmodels.obj
 0001:00014f40       ?switchValue@OperationParamObject@@QBE?AVQString@@XZ 00415f40 f i moc_workmodels.obj
 0001:00014f60       ?switchValueChanged@OperationParamObject@@QAEXXZ 00415f60 f   moc_workmodels.obj
 0001:00014f80       ?taskStateChanged@PlanController@@QAEX_N@Z 00415f80 f   moc_workmodels.obj
 0001:00014fb0       ?topValueChanged@OperationParamObject@@QAEXXZ 00415fb0 f   moc_workmodels.obj
 0001:00014fd0       ?type@OperationParamObject@@QBE?AVQString@@XZ 00415fd0 f i moc_workmodels.obj
 0001:00014ff0       ?typeChanged@OperationParamObject@@QAEXXZ 00415ff0 f   moc_workmodels.obj
 0001:00015010       ?unit@OperationParamObject@@QBE?AVQString@@XZ 00416010 f i moc_workmodels.obj
 0001:00015030       ?workLocationTypeChanged@StatusViewWatcher@@QAEXXZ 00416030 f   moc_workmodels.obj
 0001:00015044       _MiniDumpWriteDump@28      00416044 f   DbgHelp:dbghelp.dll
 0001:0001504a       ?fixup@QValidator@@UBEXAAVQString@@@Z 0041604a f   Qt5Gui:Qt5Gui.dll
 0001:00015050       ?metaObject@QDoubleValidator@@UBEPBUQMetaObject@@XZ 00416050 f   Qt5Gui:Qt5Gui.dll
 0001:00015056       ?qt_metacall@QDoubleValidator@@UAEHW4Call@QMetaObject@@HPAPAX@Z 00416056 f   Qt5Gui:Qt5Gui.dll
 0001:0001505c       ?qt_metacast@QDoubleValidator@@UAEPAXPBD@Z 0041605c f   Qt5Gui:Qt5Gui.dll
 0001:00015062       ?setRange@QDoubleValidator@@UAEXNNH@Z 00416062 f   Qt5Gui:Qt5Gui.dll
 0001:00015068       ?childEvent@QObject@@MAEXPAVQChildEvent@@@Z 00416068 f   Qt5Core:Qt5Core.dll
 0001:0001506e       ?connectNotify@QObject@@MAEXABVQMetaMethod@@@Z 0041606e f   Qt5Core:Qt5Core.dll
 0001:00015074       ?customEvent@QObject@@MAEXPAVQEvent@@@Z 00416074 f   Qt5Core:Qt5Core.dll
 0001:0001507a       ?disconnectNotify@QObject@@MAEXABVQMetaMethod@@@Z 0041607a f   Qt5Core:Qt5Core.dll
 0001:00015080       ?event@QObject@@UAE_NPAVQEvent@@@Z 00416080 f   Qt5Core:Qt5Core.dll
 0001:00015086       ?eventFilter@QObject@@UAE_NPAV1@PAVQEvent@@@Z 00416086 f   Qt5Core:Qt5Core.dll
 0001:0001508c       ?timerEvent@QObject@@MAEXPAVQTimerEvent@@@Z 0041608c f   Qt5Core:Qt5Core.dll
 0001:00015092       ?qRegisterResourceData@@YA_NHPBE00@Z 00416092 f   Qt5Core:Qt5Core.dll
 0001:00015098       ?qUnregisterResourceData@@YA_NHPBE00@Z 00416098 f   Qt5Core:Qt5Core.dll
 0001:0001509e       @__security_check_cookie@4 0041609e f   MSVCRT:_secchk_.obj
 0001:000150af       ??2@YAPAXI@Z               004160af f   MSVCRT:new_scalar.obj
 0001:000150e2       ??3@YAXPAXI@Z              004160e2 f   MSVCRT:delete_scalar_size.obj
 0001:000151b0       ??$__crt_fast_encode_pointer@P6GHPAU_RTL_CONDITION_VARIABLE@@PAU_RTL_CRITICAL_SECTION@@K@Z@@YAP6GHPAU_RTL_CONDITION_VARIABLE@@PAU_RTL_CRITICAL_SECTION@@K@ZQ6GH01K@Z@Z 004161b0 f i MSVCRT:thread_safe_statics.obj
 0001:000151b0       ??$__crt_fast_encode_pointer@P6GXPAU_RTL_CONDITION_VARIABLE@@@Z@@YAP6GXPAU_RTL_CONDITION_VARIABLE@@@ZQ6GX0@Z@Z 004161b0 f i MSVCRT:thread_safe_statics.obj
 0001:000151e9       __Init_thread_footer       004161e9 f   MSVCRT:thread_safe_statics.obj
 0001:00015228       __Init_thread_header       00416228 f   MSVCRT:thread_safe_statics.obj
 0001:0001526e       __Init_thread_lock         0041626e f   MSVCRT:thread_safe_statics.obj
 0001:0001527a       __Init_thread_notify       0041627a f   MSVCRT:thread_safe_statics.obj
 0001:000152bb       __Init_thread_unlock       004162bb f   MSVCRT:thread_safe_statics.obj
 0001:000152c7       __Init_thread_wait         004162c7 f   MSVCRT:thread_safe_statics.obj
 0001:0001532c       ??_Etype_info@@UAEPAXI@Z   0041632c f i MSVCRT:std_type_info_static.obj
 0001:0001532c       ??_Gtype_info@@UAEPAXI@Z   0041632c f i MSVCRT:std_type_info_static.obj
 0001:00015393       ___scrt_acquire_startup_lock 00416393 f   MSVCRT:utility.obj
 0001:000153c8       ___scrt_initialize_crt     004163c8 f   MSVCRT:utility.obj
 0001:00015401       ___scrt_initialize_onexit_tables 00416401 f   MSVCRT:utility.obj
 0001:00015498       ___scrt_is_nonwritable_in_current_image 00416498 f   MSVCRT:utility.obj
 0001:00015522       ___scrt_release_startup_lock 00416522 f   MSVCRT:utility.obj
 0001:0001553f       ___scrt_uninitialize_crt   0041653f f   MSVCRT:utility.obj
 0001:00015567       __onexit                   00416567 f   MSVCRT:utility.obj
 0001:000155a2       _atexit                    004165a2 f   MSVCRT:utility.obj
 0001:000157dd       _WinMainCRTStartup         004167dd f   MSVCRT:exe_winmain.obj
 0001:000157e7       ___raise_securityfailure   004167e7 f   MSVCRT:gs_report.obj
 0001:0001580f       ___report_gsfailure        0041680f f   MSVCRT:gs_report.obj
 0001:0001590a       ??0bad_alloc@std@@QAE@ABV01@@Z 0041690a f i MSVCRT:throw_bad_alloc.obj
 0001:00015925       ??0bad_alloc@std@@QAE@XZ   00416925 f i MSVCRT:throw_bad_alloc.obj
 0001:0001593d       ??0bad_array_new_length@std@@QAE@ABV01@@Z 0041693d f i MSVCRT:throw_bad_alloc.obj
 0001:00015958       ??0bad_array_new_length@std@@QAE@XZ 00416958 f i MSVCRT:throw_bad_alloc.obj
 0001:00015970       ??0exception@std@@QAE@ABV01@@Z 00416970 f i MSVCRT:throw_bad_alloc.obj
 0001:0001599c       ??1bad_array_new_length@std@@UAE@XZ 0041699c f i MSVCRT:throw_bad_alloc.obj
 0001:0001599c       ??1bad_alloc@std@@UAE@XZ   0041699c f i MSVCRT:throw_bad_alloc.obj
 0001:000159ad       ??_Ebad_alloc@std@@UAEPAXI@Z 004169ad f i MSVCRT:throw_bad_alloc.obj
 0001:000159ad       ??_Gbad_array_new_length@std@@UAEPAXI@Z 004169ad f i MSVCRT:throw_bad_alloc.obj
 0001:000159ad       ??_Gbad_alloc@std@@UAEPAXI@Z 004169ad f i MSVCRT:throw_bad_alloc.obj
 0001:000159ad       ??_Eexception@std@@UAEPAXI@Z 004169ad f i MSVCRT:throw_bad_alloc.obj
 0001:000159ad       ??_Gexception@std@@UAEPAXI@Z 004169ad f i MSVCRT:throw_bad_alloc.obj
 0001:000159ad       ??_Ebad_array_new_length@std@@UAEPAXI@Z 004169ad f i MSVCRT:throw_bad_alloc.obj
 0001:000159da       ?__scrt_throw_std_bad_alloc@@YAXXZ 004169da f   MSVCRT:throw_bad_alloc.obj
 0001:000159f7       ?__scrt_throw_std_bad_array_new_length@@YAXXZ 004169f7 f   MSVCRT:throw_bad_alloc.obj
 0001:00015a14       ?what@exception@std@@UBEPBDXZ 00416a14 f i MSVCRT:throw_bad_alloc.obj
 0001:00015a21       ??3@YAXPAX@Z               00416a21 f   MSVCRT:delete_scalar.obj
 0001:00015a26       ___scrt_fastfail           00416a26 f   MSVCRT:utility_desktop.obj
 0001:00015b41       ___scrt_get_show_window_mode 00416b41 f   MSVCRT:utility_desktop.obj
 0001:00015b74       ___scrt_is_managed_app     00416b74 f   MSVCRT:utility_desktop.obj
 0001:00015bb8       ___scrt_set_unhandled_exception_filter 00416bb8 f   MSVCRT:utility_desktop.obj
 0001:00015bc4       ___scrt_unhandled_exception_filter@4 00416bc4 f   MSVCRT:utility_desktop.obj
 0001:00015c05       @_guard_check_icall@4      00416c05 f i MSVCRT:checkcfg.obj
 0001:00015c0b       ___isa_available_init      00416c0b f   MSVCRT:_cpu_disp_.obj
 0001:00015da5       __get_startup_argv_mode    00416da5 f   MSVCRT:argv_mode.obj
 0001:00015da9       ___scrt_is_ucrt_dll_in_use 00416da9 f   MSVCRT:ucrt_detection.obj
 0001:00015dc0       __SEH_prolog4              00416dc0 f   MSVCRT:_sehprolg4_.obj
 0001:00015e06       __SEH_epilog4              00416e06 f   MSVCRT:_sehprolg4_.obj
 0001:00015e1b       __except_handler4          00416e1b f   MSVCRT:_chandler4gs_.obj
 0001:00015e3e       ___security_init_cookie    00416e3e f   MSVCRT:gs_support.obj
 0001:00015eda       __get_startup_new_mode     00416eda f   MSVCRT:new_mode.obj
 0001:00015eda       __get_startup_thread_locale_mode 00416eda f   MSVCRT:thread_locale.obj
 0001:00015eda       ___scrt_initialize_winrt   00416eda f   MSVCRT:utility_desktop.obj
 0001:00015eda       __get_startup_commit_mode  00416eda f   MSVCRT:commit_mode.obj
 0001:00015eda       __matherr                  00416eda f   MSVCRT:matherr.obj
 0001:00015edd       __get_startup_file_mode    00416edd f   MSVCRT:file_mode.obj
 0001:00015ee3       ?__scrt_initialize_type_info@@YAXXZ 00416ee3 f   MSVCRT:tncleanup.obj
 0001:00015eef       __initialize_default_precision 00416eef f   MSVCRT:default_precision.obj
 0001:00015f10       ___local_stdio_printf_options 00416f10 f i MSVCRT:default_local_stdio_options.obj
 0001:00015f16       ___local_stdio_scanf_options 00416f16 f i MSVCRT:default_local_stdio_options.obj
 0001:00015f1c       ___scrt_initialize_default_local_stdio_options 00416f1c f   MSVCRT:default_local_stdio_options.obj
 0001:00015f39       ___scrt_is_user_matherr_present 00416f39 f   MSVCRT:matherr_detection.obj
 0001:00015f45       ___scrt_get_dyn_tls_init_callback 00416f45 f   MSVCRT:dyn_tls_init.obj
 0001:00015f4b       ___scrt_get_dyn_tls_dtor_callback 00416f4b f   MSVCRT:dyn_tls_dtor.obj
 0001:00015f51       __RTC_Initialize           00416f51 f   MSVCRT:_initsect_.obj
 0001:00015f7c       __RTC_Terminate            00416f7c f   MSVCRT:_initsect_.obj
 0001:00015fa8       _IsProcessorFeaturePresent@4 00416fa8 f   kernel32:KERNEL32.dll
 0001:00015fae       ___CxxFrameHandler3        00416fae f   vcruntime:VCRUNTIME140.dll
 0001:00015fb4       ___std_terminate           00416fb4 f   vcruntime:VCRUNTIME140.dll
 0001:00015fba       __CxxThrowException@8      00416fba f   vcruntime:VCRUNTIME140.dll
 0001:00015fc0       _memcpy                    00416fc0 f   vcruntime:VCRUNTIME140.dll
 0001:00015fc6       ___RTDynamicCast           00416fc6 f   vcruntime:VCRUNTIME140.dll
 0001:00015fcc       ___vcrt_InitializeCriticalSectionEx 00416fcc f   vcruntime:VCRUNTIME140.dll
 0001:00015fd2       ___std_exception_copy      00416fd2 f   vcruntime:VCRUNTIME140.dll
 0001:00015fd8       ___std_exception_destroy   00416fd8 f   vcruntime:VCRUNTIME140.dll
 0001:00015fde       _memset                    00416fde f   vcruntime:VCRUNTIME140.dll
 0001:00015fe4       __except_handler4_common   00416fe4 f   vcruntime:VCRUNTIME140.dll
 0001:00015fea       _free                      00416fea f   ucrt:api-ms-win-crt-heap-l1-1-0.dll
 0001:00015ff0       _malloc                    00416ff0 f   ucrt:api-ms-win-crt-heap-l1-1-0.dll
 0001:00015ff6       __callnewh                 00416ff6 f   ucrt:api-ms-win-crt-heap-l1-1-0.dll
 0001:00015ffe       __configure_narrow_argv    00416ffe f   ucrt:api-ms-win-crt-runtime-l1-1-0.dll
 0001:00016004       __initialize_narrow_environment 00417004 f   ucrt:api-ms-win-crt-runtime-l1-1-0.dll
 0001:0001600a       __initialize_onexit_table  0041700a f   ucrt:api-ms-win-crt-runtime-l1-1-0.dll
 0001:00016010       __register_onexit_function 00417010 f   ucrt:api-ms-win-crt-runtime-l1-1-0.dll
 0001:00016016       __crt_atexit               00417016 f   ucrt:api-ms-win-crt-runtime-l1-1-0.dll
 0001:0001601c       __cexit                    0041701c f   ucrt:api-ms-win-crt-runtime-l1-1-0.dll
 0001:00016022       __seh_filter_exe           00417022 f   ucrt:api-ms-win-crt-runtime-l1-1-0.dll
 0001:00016028       __set_app_type             00417028 f   ucrt:api-ms-win-crt-runtime-l1-1-0.dll
 0001:0001602e       ___setusermatherr          0041702e f   ucrt:api-ms-win-crt-math-l1-1-0.dll
 0001:00016034       __get_narrow_winmain_command_line 00417034 f   ucrt:api-ms-win-crt-runtime-l1-1-0.dll
 0001:0001603a       __initterm                 0041703a f   ucrt:api-ms-win-crt-runtime-l1-1-0.dll
 0001:00016040       __initterm_e               00417040 f   ucrt:api-ms-win-crt-runtime-l1-1-0.dll
 0001:00016046       _exit                      00417046 f   ucrt:api-ms-win-crt-runtime-l1-1-0.dll
 0001:0001604c       __exit                     0041704c f   ucrt:api-ms-win-crt-runtime-l1-1-0.dll
 0001:00016052       __set_fmode                00417052 f   ucrt:api-ms-win-crt-stdio-l1-1-0.dll
 0001:00016058       __c_exit                   00417058 f   ucrt:api-ms-win-crt-runtime-l1-1-0.dll
 0001:0001605e       __register_thread_local_exe_atexit_callback 0041705e f   ucrt:api-ms-win-crt-runtime-l1-1-0.dll
 0001:00016064       __configthreadlocale       00417064 f   ucrt:api-ms-win-crt-locale-l1-1-0.dll
 0001:0001606a       __set_new_mode             0041706a f   ucrt:api-ms-win-crt-heap-l1-1-0.dll
 0001:00016070       ___p__commode              00417070 f   ucrt:api-ms-win-crt-stdio-l1-1-0.dll
 0001:00016076       _terminate                 00417076 f   ucrt:api-ms-win-crt-runtime-l1-1-0.dll
 0001:0001607c       __controlfp_s              0041707c f   ucrt:api-ms-win-crt-runtime-l1-1-0.dll
 0001:00016090       _WinMain@16                00417090 f   qtmain:qtmain_win.obj
 0001:000161ae       ??_U@YAPAXI@Z              004171ae f   MSVCRT:new_array.obj
 0001:000161b7       ??_V@YAXPAX@Z              004171b7 f   MSVCRT:delete_array.obj
 0001:000161bc       ___scrt_stub_for_acrt_uninitialize 004171bc f   MSVCRT:ucrt_stubs.obj
 0001:000161bc       __should_initialize_environment 004171bc f   MSVCRT:env_mode.obj
 0001:000161bc       ___acrt_uninitialize       004171bc f   MSVCRT:ucrt_stubs.obj
 0001:000161bc       ___scrt_stub_for_acrt_initialize 004171bc f   MSVCRT:ucrt_stubs.obj
 0001:000161bc       ___vcrt_initialize         004171bc f   MSVCRT:ucrt_stubs.obj
 0001:000161bc       ___vcrt_uninitialize       004171bc f   MSVCRT:ucrt_stubs.obj
 0001:000161bc       ___acrt_initialize         004171bc f   MSVCRT:ucrt_stubs.obj
 0001:00018be0       ??__Ff@?4??registerConverter@?$ValueTypeIsMetaType@V?$QList@H@@$00@QtPrivate@@SA_NH@Z@YAXXZ 00419be0 f i moc_workmodels.obj
 0001:00018c30       ??__Ff@?4??registerConverter@?$ValueTypeIsMetaType@V?$QList@PAVQObject@@@@$00@QtPrivate@@SA_NH@Z@YAXXZ 00419c30 f i moc_workmodels.obj
 0002:00000000       __imp__WideCharToMultiByte@32 0041a000     kernel32:KERNEL32.dll
 0002:00000004       __imp__LocalFree@4         0041a004     kernel32:KERNEL32.dll
 0002:00000008       __imp__GetCommandLineW@0   0041a008     kernel32:KERNEL32.dll
 0002:0000000c       __imp__InitializeSListHead@4 0041a00c     kernel32:KERNEL32.dll
 0002:00000010       __imp__GetSystemTimeAsFileTime@4 0041a010     kernel32:KERNEL32.dll
 0002:00000014       __imp__QueryPerformanceCounter@4 0041a014     kernel32:KERNEL32.dll
 0002:00000018       __imp__GetStartupInfoW@4   0041a018     kernel32:KERNEL32.dll
 0002:0000001c       __imp__IsDebuggerPresent@0 0041a01c     kernel32:KERNEL32.dll
 0002:00000020       __imp__IsProcessorFeaturePresent@4 0041a020     kernel32:KERNEL32.dll
 0002:00000024       __imp__TerminateProcess@8  0041a024     kernel32:KERNEL32.dll
 0002:00000028       __imp__UnhandledExceptionFilter@4 0041a028     kernel32:KERNEL32.dll
 0002:0000002c       __imp__GetProcAddress@8    0041a02c     kernel32:KERNEL32.dll
 0002:00000030       __imp__GetModuleHandleW@4  0041a030     kernel32:KERNEL32.dll
 0002:00000034       __imp__CreateEventW@16     0041a034     kernel32:KERNEL32.dll
 0002:00000038       __imp__WaitForSingleObjectEx@12 0041a038     kernel32:KERNEL32.dll
 0002:0000003c       __imp__ResetEvent@4        0041a03c     kernel32:KERNEL32.dll
 0002:00000040       __imp__SetEvent@4          0041a040     kernel32:KERNEL32.dll
 0002:00000044       __imp__DeleteCriticalSection@4 0041a044     kernel32:KERNEL32.dll
 0002:00000048       __imp__LeaveCriticalSection@4 0041a048     kernel32:KERNEL32.dll
 0002:0000004c       __imp__EnterCriticalSection@4 0041a04c     kernel32:KERNEL32.dll
 0002:00000050       __imp__GetCurrentThreadId@0 0041a050     kernel32:KERNEL32.dll
 0002:00000054       __imp__GetCurrentProcessId@0 0041a054     kernel32:KERNEL32.dll
 0002:00000058       __imp__GetCurrentProcess@0 0041a058     kernel32:KERNEL32.dll
 0002:0000005c       __imp__SetUnhandledExceptionFilter@4 0041a05c     kernel32:KERNEL32.dll
 0002:00000060       __imp__CloseHandle@4       0041a060     kernel32:KERNEL32.dll
 0002:00000064       __imp__CreateFileW@28      0041a064     kernel32:KERNEL32.dll
 0002:00000068       \177KERNEL32_NULL_THUNK_DATA 0041a068     kernel32:KERNEL32.dll
 0002:0000006c       __imp_?unregisterConverterFunction@QMetaType@@SAXHH@Z 0041a06c     Qt5Core:Qt5Core.dll
 0002:00000070       __imp_?registerConverterFunction@QMetaType@@SA_NPBUAbstractConverterFunction@QtPrivate@@HH@Z 0041a070     Qt5Core:Qt5Core.dll
 0002:00000074       __imp_?hasRegisteredConverterFunction@QMetaType@@SA_NHH@Z 0041a074     Qt5Core:Qt5Core.dll
 0002:00000078       __imp_?typeName@QMetaType@@SAPBDH@Z 0041a078     Qt5Core:Qt5Core.dll
 0002:0000007c       __imp_?append@QByteArray@@QAEAAV1@PBDH@Z 0041a07c     Qt5Core:Qt5Core.dll
 0002:00000080       __imp_?endsWith@QByteArray@@QBE_ND@Z 0041a080     Qt5Core:Qt5Core.dll
 0002:00000084       __imp_?normalizedType@QMetaObject@@SA?AVQByteArray@@PBD@Z 0041a084     Qt5Core:Qt5Core.dll
 0002:00000088       __imp_?qt_metacall@QObject@@UAEHW4Call@QMetaObject@@HPAPAX@Z 0041a088     Qt5Core:Qt5Core.dll
 0002:0000008c       __imp_?qt_metacast@QObject@@UAEPAXPBD@Z 0041a08c     Qt5Core:Qt5Core.dll
 0002:00000090       __imp_?dynamicMetaObject@QObjectData@@QBEPAUQMetaObject@@XZ 0041a090     Qt5Core:Qt5Core.dll
 0002:00000094       __imp_?activate@QMetaObject@@SAXPAVQObject@@PBU1@HPAPAX@Z 0041a094     Qt5Core:Qt5Core.dll
 0002:00000098       __imp_?staticMetaObject@QObject@@2UQMetaObject@@B 0041a098     Qt5Core:Qt5Core.dll
 0002:0000009c       __imp_?qUnregisterResourceData@@YA_NHPBE00@Z 0041a09c     Qt5Core:Qt5Core.dll
 0002:000000a0       __imp_?qRegisterResourceData@@YA_NHPBE00@Z 0041a0a0     Qt5Core:Qt5Core.dll
 0002:000000a4       __imp_?disconnectImpl@QObject@@CA_NPBV1@PAPAX01PBUQMetaObject@@@Z 0041a0a4     Qt5Core:Qt5Core.dll
 0002:000000a8       __imp_?removeEventFilter@QObject@@QAEXPAV1@@Z 0041a0a8     Qt5Core:Qt5Core.dll
 0002:000000ac       __imp_?installEventFilter@QObject@@QAEXPAV1@@Z 0041a0ac     Qt5Core:Qt5Core.dll
[...]
 0002:0003bfd4       __ehfuncinfo$??1PlanSelector@@UAE@XZ 00455fd4     main.obj
 0002:0003bff8       __unwindtable$?validate@TextFieldDoubleValidator@@UBE?AW4State@QValidator@@AAVQString@@AAH@Z 00455ff8     main.obj
 0002:0003c010       __ehfuncinfo$?validate@TextFieldDoubleValidator@@UBE?AW4State@QValidator@@AAVQString@@AAH@Z 00456010     main.obj
 0002:0003c034       __ehfuncinfo$?customMessageHandler@@YAXW4QtMsgType@@ABVQMessageLogContext@@ABVQString@@@Z 00456034     main.obj
 0002:0003c058       __unwindtable$?customMessageHandler@@YAXW4QtMsgType@@ABVQMessageLogContext@@ABVQString@@@Z 00456058     main.obj
 0002:0003c0f8       __unwindtable$?getConfigFullName@@YA?AVQString@@PBD@Z 004560f8     main.obj
 0002:0003c100       __ehfuncinfo$?getConfigFullName@@YA?AVQString@@PBD@Z 00456100     main.obj
 0002:0003c124       __ehfuncinfo$_main         00456124     main.obj
 0002:0003c148       __unwindtable$_main        00456148     main.obj
 0002:0003c1e0       __ehfuncinfo$??$qmlRegisterType@VOperationParamObject@@@@YAHPBDHH0@Z 004561e0     main.obj
 0002:0003c1e0       __ehfuncinfo$??$qmlRegisterType@VTextFieldDoubleValidator@@@@YAHPBDHH0@Z 004561e0     main.obj
 0002:0003c1e0       __ehfuncinfo$??$qmlRegisterType@VPlanController@@@@YAHPBDHH0@Z 004561e0     main.obj
 0002:0003c1e0       __ehfuncinfo$??$qmlRegisterType@VStatusViewWatcher@@@@YAHPBDHH0@Z 004561e0     main.obj
 0002:0003c1e0       __ehfuncinfo$??$qmlRegisterType@VPlanSelector@@@@YAHPBDHH0@Z 004561e0     main.obj
 0002:0003c1e0       __ehfuncinfo$??$qmlRegisterType@VOperationParamSelector@@@@YAHPBDHH0@Z 004561e0     main.obj
 0002:0003c204       __unwindtable$??$qmlRegisterType@VOperationParamObject@@@@YAHPBDHH0@Z 00456204     main.obj
 0002:0003c204       __unwindtable$??$qmlRegisterType@VPlanSelector@@@@YAHPBDHH0@Z 00456204     main.obj
 0002:0003c204       __unwindtable$??$qmlRegisterType@VPlanController@@@@YAHPBDHH0@Z 00456204     main.obj
 0002:0003c204       __unwindtable$??$qmlRegisterType@VStatusViewWatcher@@@@YAHPBDHH0@Z 00456204     main.obj
 0002:0003c204       __unwindtable$??$qmlRegisterType@VTextFieldDoubleValidator@@@@YAHPBDHH0@Z 00456204     main.obj
 0002:0003c204       __unwindtable$??$qmlRegisterType@VOperationParamSelector@@@@YAHPBDHH0@Z 00456204     main.obj
 0002:0003c22c       __unwindtable$?qt_metatype_id@?$QMetaTypeIdQObject@PAVPlanController@@$07@@SAHXZ 0045622c     main.obj
 0002:0003c22c       __unwindtable$?qt_metatype_id@?$QMetaTypeIdQObject@PAVTextFieldDoubleValidator@@$07@@SAHXZ 0045622c     main.obj
 0002:0003c22c       __unwindtable$?qt_metatype_id@?$QMetaTypeIdQObject@PAVStatusViewWatcher@@$07@@SAHXZ 0045622c     main.obj
 0002:0003c22c       __unwindtable$?qt_metatype_id@?$QMetaTypeIdQObject@PAVPlanSelector@@$07@@SAHXZ 0045622c     main.obj
 0002:0003c22c       __unwindtable$?qt_metatype_id@?$QMetaTypeIdQObject@PAVOperationParamSelector@@$07@@SAHXZ 0045622c     main.obj
 0002:0003c22c       __unwindtable$?qt_metatype_id@?$QMetaTypeIdQObject@PAVOperationParamObject@@$07@@SAHXZ 0045622c     main.obj
 0002:0003c234       __ehfuncinfo$?qt_metatype_id@?$QMetaTypeIdQObject@PAVStatusViewWatcher@@$07@@SAHXZ 00456234     main.obj
 0002:0003c234       __ehfuncinfo$?qt_metatype_id@?$QMetaTypeIdQObject@PAVPlanSelector@@$07@@SAHXZ 00456234     main.obj
 0002:0003c234       __ehfuncinfo$?qt_metatype_id@?$QMetaTypeIdQObject@PAVOperationParamSelector@@$07@@SAHXZ 00456234     main.obj
 0002:0003c234       __ehfuncinfo$?qt_metatype_id@?$QMetaTypeIdQObject@PAVOperationParamObject@@$07@@SAHXZ 00456234     main.obj
 0002:0003c234       __ehfuncinfo$?qt_metatype_id@?$QMetaTypeIdQObject@PAVPlanController@@$07@@SAHXZ 00456234     main.obj
 0002:0003c234       __ehfuncinfo$?qt_metatype_id@?$QMetaTypeIdQObject@PAVTextFieldDoubleValidator@@$07@@SAHXZ 00456234     main.obj
 0002:0003c258       __unwindtable$??$createInto@VTextFieldDoubleValidator@@@QQmlPrivate@@YAXPAX@Z 00456258     main.obj
 0002:0003c258       __unwindtable$??$createInto@VStatusViewWatcher@@@QQmlPrivate@@YAXPAX@Z 00456258     main.obj
 0002:0003c258       __unwindtable$??$createInto@VPlanSelector@@@QQmlPrivate@@YAXPAX@Z 00456258     main.obj
 0002:0003c258       __unwindtable$??$createInto@VPlanController@@@QQmlPrivate@@YAXPAX@Z 00456258     main.obj
 0002:0003c258       __unwindtable$??$createInto@VOperationParamObject@@@QQmlPrivate@@YAXPAX@Z 00456258     main.obj
 0002:0003c258       __unwindtable$??$createInto@VOperationParamSelector@@@QQmlPrivate@@YAXPAX@Z 00456258     main.obj
 0002:0003c260       __ehfuncinfo$??$createInto@VTextFieldDoubleValidator@@@QQmlPrivate@@YAXPAX@Z 00456260     main.obj
 0002:0003c260       __ehfuncinfo$??$createInto@VOperationParamObject@@@QQmlPrivate@@YAXPAX@Z 00456260     main.obj
 0002:0003c260       __ehfuncinfo$??$createInto@VPlanSelector@@@QQmlPrivate@@YAXPAX@Z 00456260     main.obj
 0002:0003c260       __ehfuncinfo$??$createInto@VOperationParamSelector@@@QQmlPrivate@@YAXPAX@Z 00456260     main.obj
 0002:0003c260       __ehfuncinfo$??$createInto@VPlanController@@@QQmlPrivate@@YAXPAX@Z 00456260     main.obj
 0002:0003c260       __ehfuncinfo$??$createInto@VStatusViewWatcher@@@QQmlPrivate@@YAXPAX@Z 00456260     main.obj
 0002:0003c284       __unwindtable$??1SingleOperationData@@QAE@XZ 00456284     configfilehandler.obj
 0002:0003c284       __unwindtable$??_GPlanController@@UAEPAXI@Z 00456284     workmodels.obj
 0002:0003c284       __unwindtable$??_GSingleOperationData@@QAEPAXI@Z 00456284     configfilehandler.obj
 0002:0003c284       __unwindtable$??_G?$QQmlElement@VTextFieldDoubleValidator@@@QQmlPrivate@@UAEPAXI@Z 00456284     main.obj
 0002:0003c284       __unwindtable$??1OperationParamData@@QAE@XZ 00456284     configfilehandler.obj
 0002:0003c284       __unwindtable$??_G?$QQmlElement@VOperationParamObject@@@QQmlPrivate@@UAEPAXI@Z 00456284     main.obj
 0002:0003c284       __unwindtable$??1?$QForeachContainer@V?$QList@VSingleOperationData@@@@@QtPrivate@@QAE@XZ 00456284     environmentvariant.obj
 0002:0003c284       __unwindtable$??_G?$QQmlElement@VOperationParamSelector@@@QQmlPrivate@@UAEPAXI@Z 00456284     main.obj
 0002:0003c284       __unwindtable$??_G?$QQmlElement@VPlanController@@@QQmlPrivate@@UAEPAXI@Z 00456284     main.obj
 0002:0003c284       __unwindtable$??_G?$QQmlElement@VPlanSelector@@@QQmlPrivate@@UAEPAXI@Z 00456284     main.obj
 0002:0003c284       __unwindtable$??_G?$QQmlElement@VStatusViewWatcher@@@QQmlPrivate@@UAEPAXI@Z 00456284     main.obj
 0002:0003c28c       __ehfuncinfo$??_G?$QQmlElement@VStatusViewWatcher@@@QQmlPrivate@@UAEPAXI@Z 0045628c     main.obj
 0002:0003c28c       __ehfuncinfo$??_G?$QQmlElement@VPlanController@@@QQmlPrivate@@UAEPAXI@Z 0045628c     main.obj
 0002:0003c28c       __ehfuncinfo$??_G?$QQmlElement@VPlanSelector@@@QQmlPrivate@@UAEPAXI@Z 0045628c     main.obj
 0002:0003c28c       __ehfuncinfo$??1?$QForeachContainer@V?$QList@VSingleOperationData@@@@@QtPrivate@@QAE@XZ 0045628c     environmentvariant.obj
 0002:0003c28c       __ehfuncinfo$??_G?$QQmlElement@VOperationParamSelector@@@QQmlPrivate@@UAEPAXI@Z 0045628c     main.obj
 0002:0003c28c       __ehfuncinfo$??1OperationParamData@@QAE@XZ 0045628c     configfilehandler.obj
 0002:0003c28c       __ehfuncinfo$??_G?$QQmlElement@VOperationParamObject@@@QQmlPrivate@@UAEPAXI@Z 0045628c     main.obj
 0002:0003c28c       __ehfuncinfo$??1SingleOperationData@@QAE@XZ 0045628c     configfilehandler.obj
 0002:0003c28c       __ehfuncinfo$??_GPlanController@@UAEPAXI@Z 0045628c     workmodels.obj
 0002:0003c28c       __ehfuncinfo$??_GSingleOperationData@@QAEPAXI@Z 0045628c     configfilehandler.obj
 0002:0003c28c       __ehfuncinfo$??_G?$QQmlElement@VTextFieldDoubleValidator@@@QQmlPrivate@@UAEPAXI@Z 0045628c     main.obj
 0002:0003c2b0       __ehfuncinfo$?setSelectedOperation@OperationParamSelector@@QAEXH@Z 004562b0     workmodels.obj
 0002:0003c2d4       __unwindtable$?setSelectedOperation@OperationParamSelector@@QAEXH@Z 004562d4     workmodels.obj
 0002:0003c33c       __ehfuncinfo$?onCompleteSingleOperation@OperationParamSelector@@QAEXXZ 0045633c     workmodels.obj
 0002:0003c360       __unwindtable$?onCompleteSingleOperation@OperationParamSelector@@QAEXXZ 00456360     workmodels.obj
 0002:0003c3a0       __unwindtable$??0PlanSelector@@QAE@PAVQObject@@@Z 004563a0     workmodels.obj
 0002:0003c3c0       __ehfuncinfo$??0PlanSelector@@QAE@PAVQObject@@@Z 004563c0     workmodels.obj
 0002:0003c3e4       __ehfuncinfo$?setSelectedStep@PlanSelector@@QAEXHH@Z 004563e4     workmodels.obj
 0002:0003c408       __unwindtable$?setSelectedStep@PlanSelector@@QAEXHH@Z 00456408     workmodels.obj
 0002:0003c470       __ehfuncinfo$?setSelectedOperation@PlanSelector@@QAEXHHH@Z 00456470     workmodels.obj
 0002:0003c494       __unwindtable$?setSelectedOperation@PlanSelector@@QAEXHHH@Z 00456494     workmodels.obj
 0002:0003c51c       __unwindtable$?getSwitch@PlanSelector@@QAEPAVQObject@@ABVQString@@@Z 0045651c     workmodels.obj
 0002:0003c51c       __unwindtable$?getSwitch@OperationParamSelector@@QAEPAVQObject@@ABVQString@@@Z 0045651c     workmodels.obj
 0002:0003c534       __ehfuncinfo$?getSwitch@OperationParamSelector@@QAEPAVQObject@@ABVQString@@@Z 00456534     workmodels.obj
 0002:0003c534       __ehfuncinfo$?getSwitch@PlanSelector@@QAEPAVQObject@@ABVQString@@@Z 00456534     workmodels.obj
 0002:0003c558       __unwindtable$??0StatusViewWatcher@@QAE@PAVQObject@@@Z 00456558     workmodels.obj
 0002:0003c558       __unwindtable$??0PlanController@@QAE@PAVQObject@@@Z 00456558     workmodels.obj
 0002:0003c558       __unwindtable$??0configFileHandler@@QAE@PAVQObject@@@Z 00456558     configfilehandler.obj
 0002:0003c560       __ehfuncinfo$??0StatusViewWatcher@@QAE@PAVQObject@@@Z 00456560     workmodels.obj
 0002:0003c560       __ehfuncinfo$??0PlanController@@QAE@PAVQObject@@@Z 00456560     workmodels.obj
 0002:0003c560       __ehfuncinfo$??0configFileHandler@@QAE@PAVQObject@@@Z 00456560     configfilehandler.obj
 0002:0003c584       __ehfuncinfo$??1?$QList@VQString@@@@QAE@XZ 00456584     workflowprotocol.obj
 0002:0003c584       __ehfuncinfo$??1?$QList@PAVQObject@@@@QAE@XZ 00456584     workmodels.obj
 0002:0003c584       __ehfuncinfo$??1?$QMap@VQString@@VQStringList@@@@QAE@XZ 00456584     configfilehandler.obj
 0002:0003c584       __ehfuncinfo$??1PlanController@@UAE@XZ 00456584     workmodels.obj
 0002:0003c584       __ehfuncinfo$??1?$QMap@VQString@@V1@@@QAE@XZ 00456584     configfilehandler.obj
 0002:0003c584       __ehfuncinfo$??1?$QList@VOperationParamData@@@@QAE@XZ 00456584     environmentvariant.obj
 0002:0003c584       __ehfuncinfo$??1?$QMap@VQString@@VOperationParamData@@@@QAE@XZ 00456584     configfilehandler.obj
 0002:0003c584       __ehfuncinfo$??1?$QList@H@@QAE@XZ 00456584     configfilehandler.obj
 0002:0003c584       __ehfuncinfo$??1StatusViewWatcher@@UAE@XZ 00456584     workmodels.obj
 0002:0003c584       __ehfuncinfo$??1?$QList@U?$QPair@VQString@@V?$QList@VSingleOperationData@@@@@@@@QAE@XZ 00456584     environmentvariant.obj
 0002:0003c584       __ehfuncinfo$??1?$QList@VSingleOperationData@@@@QAE@XZ 00456584     configfilehandler.obj
 0002:0003c584       __ehfuncinfo$??1WorkflowController@@UAE@XZ 00456584     workflowprotocol.obj
 0002:0003c5a8       __unwindtable$??_GStatusViewWatcher@@UAEPAXI@Z 004565a8     workmodels.obj
 0002:0003c5b0       __ehfuncinfo$??_GStatusViewWatcher@@UAEPAXI@Z 004565b0     workmodels.obj
 0002:0003c5d4       __unwindtable$?onMachineConfigChanged@TargetMachineObject@@QAEXXZ 004565d4     workmodels.obj
 0002:0003c5dc       __ehfuncinfo$?onMachineConfigChanged@TargetMachineObject@@QAEXXZ 004565dc     workmodels.obj
 0002:0003c600       __unwindtable$?qt_metatype_id@?$QMetaTypeId@V?$QList@PAVQObject@@@@@@SAHXZ 00456600     moc_workmodels.obj
 0002:0003c600       __unwindtable$?qt_metatype_id@?$QMetaTypeId@VQSequentialIterableImpl@QtMetaTypePrivate@@@@SAHXZ 00456600     moc_workmodels.obj
 0002:0003c608       __ehfuncinfo$?qt_metatype_id@?$QMetaTypeId@V?$QList@PAVQObject@@@@@@SAHXZ 00456608     moc_workmodels.obj
 0002:0003c608       __ehfuncinfo$?qt_metatype_id@?$QMetaTypeId@VQSequentialIterableImpl@QtMetaTypePrivate@@@@SAHXZ 00456608     moc_workmodels.obj
 0002:0003c62c       __unwindtable$?clear@?$QList@UloopControl@SubThreadWorker@@@@QAEXXZ 0045662c     workflowprotocol.obj
 0002:0003c62c       __unwindtable$?setIntListValue@OperationParamObject@@QAEXABV?$QList@H@@@Z 0045662c     moc_workmodels.obj
 0002:0003c62c       __unwindtable$?setParamModel@OperationParamSelector@@QAEXABV?$QList@PAVQObject@@@@@Z 0045662c     moc_workmodels.obj
 0002:0003c62c       __unwindtable$?setParamListModel@PlanSelector@@QAEXABV?$QList@PAVQObject@@@@@Z 0045662c     moc_workmodels.obj
 0002:0003c62c       __unwindtable$??4OperationParamData@@QAEAAV0@ABV0@@Z 0045662c     configfilehandler.obj
 0002:0003c634       __ehfuncinfo$?setParamListModel@PlanSelector@@QAEXABV?$QList@PAVQObject@@@@@Z 00456634     moc_workmodels.obj
 0002:0003c634       __ehfuncinfo$?clear@?$QList@UloopControl@SubThreadWorker@@@@QAEXXZ 00456634     workflowprotocol.obj
 0002:0003c634       __ehfuncinfo$?setIntListValue@OperationParamObject@@QAEXABV?$QList@H@@@Z 00456634     moc_workmodels.obj
 0002:0003c634       __ehfuncinfo$?setParamModel@OperationParamSelector@@QAEXABV?$QList@PAVQObject@@@@@Z 00456634     moc_workmodels.obj
 0002:0003c634       __ehfuncinfo$??4OperationParamData@@QAEAAV0@ABV0@@Z 00456634     configfilehandler.obj
 0002:0003c658       __unwindtable$?qt_metatype_id@?$QMetaTypeId@V?$QList@H@@@@SAHXZ 00456658     moc_workmodels.obj
 0002:0003c660       __ehfuncinfo$?qt_metatype_id@?$QMetaTypeId@V?$QList@H@@@@SAHXZ 00456660     moc_workmodels.obj
 0002:0003c684       __unwindtable$??__Ff@?4??registerConverter@?$ValueTypeIsMetaType@V?$QList@PAVQObject@@@@$00@QtPrivate@@SA_NH@Z@YAXXZ 00456684     moc_workmodels.obj
 0002:0003c684       __unwindtable$??__Ff@?4??registerConverter@?$ValueTypeIsMetaType@V?$QList@H@@$00@QtPrivate@@SA_NH@Z@YAXXZ 00456684     moc_workmodels.obj
 0002:0003c684       __unwindtable$??__Fdummy@?A0x60b45615@@YAXXZ 00456684     qrc_qml.obj
 0002:0003c684       __unwindtable$?Destruct@?$QMetaTypeFunctionHelper@V?$QList@PAVQObject@@@@$00@QtMetaTypePrivate@@SAXPAX@Z 00456684     moc_workmodels.obj
 0002:0003c684       __unwindtable$?Destruct@?$QMetaTypeFunctionHelper@V?$QList@H@@$00@QtMetaTypePrivate@@SAXPAX@Z 00456684     moc_workmodels.obj
 0002:0003c68c       __ehfuncinfo$??__Ff@?4??registerConverter@?$ValueTypeIsMetaType@V?$QList@PAVQObject@@@@$00@QtPrivate@@SA_NH@Z@YAXXZ 0045668c     moc_workmodels.obj
 0002:0003c68c       __ehfuncinfo$?Destruct@?$QMetaTypeFunctionHelper@V?$QList@H@@$00@QtMetaTypePrivate@@SAXPAX@Z 0045668c     moc_workmodels.obj
 0002:0003c68c       __ehfuncinfo$??__Ff@?4??registerConverter@?$ValueTypeIsMetaType@V?$QList@H@@$00@QtPrivate@@SA_NH@Z@YAXXZ 0045668c     moc_workmodels.obj
 0002:0003c68c       __ehfuncinfo$??__Fdummy@?A0x60b45615@@YAXXZ 0045668c     qrc_qml.obj
 0002:0003c68c       __ehfuncinfo$?Destruct@?$QMetaTypeFunctionHelper@V?$QList@PAVQObject@@@@$00@QtMetaTypePrivate@@SAXPAX@Z 0045668c     moc_workmodels.obj
 0002:0003c6b0       __unwindtable$?Construct@?$QMetaTypeFunctionHelper@V?$QList@H@@$00@QtMetaTypePrivate@@SAPAXPAXPBX@Z 004566b0     moc_workmodels.obj
 0002:0003c6b0       __unwindtable$?Construct@?$QMetaTypeFunctionHelper@V?$QList@PAVQObject@@@@$00@QtMetaTypePrivate@@SAPAXPAXPBX@Z 004566b0     moc_workmodels.obj
 0002:0003c6b8       __ehfuncinfo$?Construct@?$QMetaTypeFunctionHelper@V?$QList@H@@$00@QtMetaTypePrivate@@SAPAXPAXPBX@Z 004566b8     moc_workmodels.obj
 0002:0003c6b8       __ehfuncinfo$?Construct@?$QMetaTypeFunctionHelper@V?$QList@PAVQObject@@@@$00@QtMetaTypePrivate@@SAPAXPAXPBX@Z 004566b8     moc_workmodels.obj
 0002:0003c6e0       __sehtable$___scrt_is_nonwritable_in_current_image 004566e0     MSVCRT:utility.obj
 0002:0003c700       __sehtable$?__scrt_common_main_seh@@YAHXZ 00456700     MSVCRT:exe_winmain.obj
 0002:0003ce00       .idata$6                   00456e00     DbgHelp:dbghelp.dll
 0002:0003cf04       .idata$6                   00456f04     Qt5Quick:Qt5Quick.dll
 0002:0003d25c       .idata$6                   0045725c     Qt5Gui:Qt5Gui.dll
 0002:0003d3b8       .idata$6                   004573b8     Qt5Qml:Qt5Qml.dll
 0002:0003d4ca       .idata$6                   004574ca     Qt5Network:Qt5Network.dll
 0002:0003f44e       .idata$6                   0045944e     Qt5Core:Qt5Core.dll
 0002:0003f640       .idata$6                   00459640     kernel32:KERNEL32.dll
 0002:0003f724       .idata$6                   00459724     vcruntime:VCRUNTIME140.dll
 0002:0003f904       .idata$6                   00459904     ucrt:api-ms-win-crt-heap-l1-1-0.dll
 0002:0003f924       .idata$6                   00459924     ucrt:api-ms-win-crt-runtime-l1-1-0.dll
 0002:0003f946       .idata$6                   00459946     ucrt:api-ms-win-crt-math-l1-1-0.dll
 0002:0003f966       .idata$6                   00459966     ucrt:api-ms-win-crt-stdio-l1-1-0.dll
 0002:0003f986       .idata$6                   00459986     ucrt:api-ms-win-crt-locale-l1-1-0.dll
 0002:0003f9be       .idata$6                   004599be     shell32:SHELL32.dll
 0003:00000624       ?_Tss_mutex@@3U_RTL_CRITICAL_SECTION@@A 0045a624     MSVCRT:thread_safe_statics.obj
 0003:0000063c       ?_Tss_cv@@3U_RTL_CONDITION_VARIABLE@@A 0045a63c     MSVCRT:thread_safe_statics.obj
 0003:00000640       ?_Tss_event@@3PAXA         0045a640     MSVCRT:thread_safe_statics.obj
 0003:00000644       ?encoded_sleep_condition_variable_cs@@3P6GHPAU_RTL_CONDITION_VARIABLE@@PAU_RTL_CRITICAL_SECTION@@K@ZA 0045a644     MSVCRT:thread_safe_statics.obj
 0003:00000648       ?encoded_wake_all_condition_variable@@3P6GXPAU_RTL_CONDITION_VARIABLE@@@ZA 0045a648     MSVCRT:thread_safe_statics.obj
 0003:00000658       ?module_local_atexit_table@@3U_onexit_table_t@@A 0045a658     MSVCRT:utility.obj
 0003:00000664       ?module_local_at_quick_exit_table@@3U_onexit_table_t@@A 0045a664     MSVCRT:utility.obj
 0003:00000670       ?is_initialized_as_dll@@3_NA 0045a670     MSVCRT:utility.obj
 0003:00000678       _GS_ExceptionRecord        0045a678     MSVCRT:gs_report.obj
 0003:000006c8       _GS_ContextRecord          0045a6c8     MSVCRT:gs_report.obj
 0005:00000000       __guard_fids__             0045c000     MSVCRT:thread_safe_statics.obj
 0005:00000004       __guard_fids_?__scrt_initialize_thread_safe_statics@@YAHXZ 0045c004     MSVCRT:thread_safe_statics.obj
 0005:00000008       __guard_fids__             0045c008     MSVCRT:std_type_info_static.obj
 0005:0000000c       __guard_fids__             0045c00c     MSVCRT:exe_winmain.obj
 0005:00000010       __guard_fids__             0045c010     MSVCRT:exe_winmain.obj
 0005:00000014       __guard_fids__             0045c014     MSVCRT:exe_winmain.obj
 0005:00000018       __guard_fids_?pre_c_initialization@@YAHXZ 0045c018     MSVCRT:exe_winmain.obj
 0005:00000020       __guard_fids__             0045c020     MSVCRT:throw_bad_alloc.obj
 0005:00000028       __guard_fids__             0045c028     MSVCRT:throw_bad_alloc.obj
 0005:00000030       __guard_fids__             0045c030     MSVCRT:throw_bad_alloc.obj
 0005:00000038       __guard_fids__             0045c038     MSVCRT:throw_bad_alloc.obj
 0005:0000003c       __guard_fids__             0045c03c     MSVCRT:throw_bad_alloc.obj
 0005:00000040       __guard_fids__             0045c040     MSVCRT:throw_bad_alloc.obj
 0005:00000044       __guard_fids__             0045c044     MSVCRT:throw_bad_alloc.obj
 0005:00000048       __guard_fids__             0045c048     MSVCRT:throw_bad_alloc.obj
 0005:0000004c       __guard_fids____scrt_set_unhandled_exception_filter 0045c04c     MSVCRT:utility_desktop.obj
 0005:00000050       __guard_fids___except_handler4 0045c050     MSVCRT:_chandler4gs_.obj
 0005:00000054       __guard_fids__             0045c054     MSVCRT:guard_support.obj
 0006:00000060       $R000000                   0045d060     * linker generated manifest res *
