 MindGoTool_AllInOne

 Timestamp is 599fe1fd (Fri Aug 25 16:38:21 2017)

 Preferred load address is 00400000

 Start         Length     Name                   Class
 0001:00000000 00000150H .text$di                CODE
 0001:00000150 00021680H .text$mn                CODE
 0001:000217d0 00004410H .text$x                 CODE
 0001:00025be0 00000107H .text$yd                CODE
 0002:00000000 000005ccH .idata$5                DATA
 0002:000005cc 00000004H .00cfg                  DATA
 0002:000005d0 00000004H .CRT$XCA                DATA
 0002:000005d4 00000004H .CRT$XCAA               DATA
 0002:000005d8 00000004H .CRT$XCL                DATA
 0002:000005dc 00000044H .CRT$XCU                DATA
 0002:00000620 00000004H .CRT$XCZ                DATA
 0002:00000624 00000004H .CRT$XIA                DATA
 0002:00000628 00000004H .CRT$XIAA               DATA
 0002:0000062c 00000004H .CRT$XIAC               DATA
 0002:00000630 00000004H .CRT$XIC                DATA
 0002:00000634 00000004H .CRT$XIZ                DATA
 0002:00000638 00000004H .CRT$XLA                DATA
 0002:0000063c 00000004H .CRT$XLZ                DATA
 0002:00000640 00000004H .CRT$XPA                DATA
 0002:00000644 00000004H .CRT$XPZ                DATA
 0002:00000648 00000004H .CRT$XTA                DATA
 0002:0000064c 00000004H .CRT$XTZ                DATA
 0002:00000650 00053084H .rdata                  DATA
 0002:000536d4 00000018H .rdata$T                DATA
 0002:000536ec 00000a84H .rdata$r                DATA
 0002:00054170 00000268H .rdata$sxdata           DATA
 0002:000543d8 000003e0H .rdata$zzzdbg           DATA
 0002:000547b8 00000004H .rtc$IAA                DATA
 0002:000547bc 00000004H .rtc$IZZ                DATA
 0002:000547c0 00000004H .rtc$TAA                DATA
 0002:000547c4 00000004H .rtc$TZZ                DATA
 0002:000547c8 00004bf4H .xdata$x                DATA
 0002:000593bc 00000000H ATL$__a                 DATA
 0002:000593bc 00000000H ATL$__z                 DATA
 0002:000593bc 00000000H .edata                  DATA
 0002:000593bc 00000140H .idata$2                DATA
 0002:000594fc 00000014H .idata$3                DATA
 0002:00059510 000005ccH .idata$4                DATA
 0002:00059adc 0000324eH .idata$6                DATA
 0003:00000000 000001a8H .data                   DATA
 0003:000001a8 000005a8H .data$r                 DATA
 0003:00000750 00000464H .bss                    DATA
 0004:00000000 00000004H .tls                    DATA
 0004:00000004 00000004H .tls$                   DATA
 0004:00000008 00000001H .tls$ZZZ                DATA
 0005:00000000 00000058H .gfids$y                DATA
 0006:00000000 00000060H .rsrc$01                DATA
 0006:00000060 00000290H .rsrc$02                DATA

  Address         Publics by Value              Rva+Base       Lib:Object

 0000:00000000       ___guard_iat_table         00000000     <absolute>
 0000:00000000       ___guard_iat_count         00000000     <absolute>
 0000:00000000       ___guard_longjmp_count     00000000     <absolute>
 0000:00000000       ___guard_fids_table        00000000     <absolute>
 0000:00000000       ___guard_fids_count        00000000     <absolute>
 0000:00000000       ___guard_longjmp_table     00000000     <absolute>
 0000:00000000       ___dynamic_value_reloc_table 00000000     <absolute>
 0000:0000002c       __tls_array                0000002c     <absolute>
 0000:0000009a       ___safe_se_handler_count   0000009a     <absolute>
 0000:00000100       ___guard_flags             00000100     <absolute>
 0000:00000000       ___ImageBase               00400000     <linker-defined>
 0001:00000150       ??0Communication@@QAE@XZ   00401150 f   communication.obj
 0001:00000170       ?connectToServer@Communication@@QAE_NABVQString@@G@Z 00401170 f   communication.obj
 0001:00000290       ?disconnect@Communication@@QAEXXZ 00401290 f   communication.obj
 0001:000002b0       ?readData@Communication@@QAE?AVQByteArray@@H@Z 004012b0 f   communication.obj
 0001:00000330       ?write@Communication@@QAE_JABVQByteArray@@@Z 00401330 f   communication.obj
 0001:00000380       ??$connect@P8QThread@@AEXUQPrivateSignal@1@@ZP8QObject@@AEXXZ@QObject@@SA?AVConnection@QMetaObject@@PBVQThread@@P83@AEXUQPrivateSignal@3@@ZPBV0@P80@AEXXZW4ConnectionType@Qt@@@Z 00401380 f i workflowprotocol.obj
 0001:000003e0       ??$connect@P8SubThreadWorker@@AEXABVQJsonObject@@@ZP8WorkflowController@@AEX0@Z@QObject@@SA?AVConnection@QMetaObject@@PBVSubThreadWorker@@P83@AEXABVQJsonObject@@@ZPBVWorkflowController@@P85@AEX1@ZW4ConnectionType@Qt@@@Z 004013e0 f i workflowprotocol.obj
 0001:00000450       ??$connect@P8SubThreadWorker@@AEXABVQString@@H@ZP8WorkflowController@@AEX0H@Z@QObject@@SA?AVConnection@QMetaObject@@PBVSubThreadWorker@@P83@AEXABVQString@@H@ZPBVWorkflowController@@P85@AEX1H@ZW4ConnectionType@Qt@@@Z 00401450 f i workflowprotocol.obj
 0001:000004c0       ??$connect@P8WorkflowController@@AEXABVQJsonObject@@@ZP8SubThreadWorker@@AEX0@Z@QObject@@SA?AVConnection@QMetaObject@@PBVWorkflowController@@P83@AEXABVQJsonObject@@@ZPBVSubThreadWorker@@P85@AEX1@ZW4ConnectionType@Qt@@@Z 004014c0 f i workflowprotocol.obj
 0001:00000530       ??$connect@P8WorkflowController@@AEXABVQString@@@ZP8SubThreadWorker@@AEX0@Z@QObject@@SA?AVConnection@QMetaObject@@PBVWorkflowController@@P83@AEXABVQString@@@ZPBVSubThreadWorker@@P85@AEX1@ZW4ConnectionType@Qt@@@Z 00401530 f i workflowprotocol.obj
 0001:000005a0       ??$connect@P8WorkflowController@@AEXABVQString@@G@ZP8SubThreadWorker@@AEX0G@Z@QObject@@SA?AVConnection@QMetaObject@@PBVWorkflowController@@P83@AEXABVQString@@G@ZPBVSubThreadWorker@@P85@AEX1G@ZW4ConnectionType@Qt@@@Z 004015a0 f i workflowprotocol.obj
 0001:00000610       ??$connect@P8WorkflowController@@AEXXZP8SubThreadWorker@@AEXXZ@QObject@@SA?AVConnection@QMetaObject@@PBVWorkflowController@@P83@AEXXZPBVSubThreadWorker@@P84@AEXXZW4ConnectionType@Qt@@@Z 00401610 f i workflowprotocol.obj
 0001:00000670       ??$formatWord@E@WorkflowProtocol@@IAE?AVQByteArray@@E@Z 00401670 f i workflowprotocol.obj
 0001:000006a0       ??$formatWord@G@WorkflowProtocol@@IAE?AVQByteArray@@G@Z 004016a0 f i workflowprotocol.obj
 0001:000006d0       ??0?$QList@VQString@@@@QAE@ABV0@@Z 004016d0 f i workflowprotocol.obj
 0001:00000780       ??0WorkflowController@@QAE@PAVQObject@@@Z 00401780 f   workflowprotocol.obj
 0001:000009c0       ??1QStringList@@QAE@XZ     004019c0 f i workflowprotocol.obj
 0001:000009c0       ??1?$QForeachContainer@VQStringList@@@@QAE@XZ 004019c0 f i workflowprotocol.obj
 0001:000009c0       ??1?$QForeachContainer@$$CBVQStringList@@@@QAE@XZ 004019c0 f i environmentvariant.obj
 0001:000009d0       ??1?$QList@VQString@@@@QAE@XZ 004019d0 f i workflowprotocol.obj
 0001:00000a60       ??1Communication@@QAE@XZ   00401a60 f i workflowprotocol.obj
 0001:00000a70       ??1SubThreadWorker@@UAE@XZ 00401a70 f   workflowprotocol.obj
 0001:00000b20       ??1WorkflowController@@UAE@XZ 00401b20 f   workflowprotocol.obj
 0001:00000b90       ??4?$QList@UloopControl@SubThreadWorker@@@@QAEAAV0@$$QAV0@@Z 00401b90 f i workflowprotocol.obj
 0001:00000c40       ??_ERunningStateChangeEvent@@UAEPAXI@Z 00401c40 f i workflowprotocol.obj
 0001:00000c40       ??_GRunningStateChangeEvent@@UAEPAXI@Z 00401c40 f i workflowprotocol.obj
 0001:00000c70       ??_ESubThreadWorker@@UAEPAXI@Z 00401c70 f i workflowprotocol.obj
 0001:00000c70       ??_GSubThreadWorker@@UAEPAXI@Z 00401c70 f i workflowprotocol.obj
 0001:00000c90       ??_EWorkflowController@@UAEPAXI@Z 00401c90 f i workflowprotocol.obj
 0001:00000c90       ??_GWorkflowController@@UAEPAXI@Z 00401c90 f i workflowprotocol.obj
 0001:00000d20       ?append@?$QList@UloopControl@SubThreadWorker@@@@QAEXABUloopControl@SubThreadWorker@@@Z 00401d20 f i workflowprotocol.obj
 0001:00000dd0       ?append@?$QList@VQString@@@@QAEXABVQString@@@Z 00401dd0 f i workflowprotocol.obj
 0001:00000e80       ?changeHost@SubThreadWorker@@QAEXABVQString@@G@Z 00401e80 f   workflowprotocol.obj
 0001:00000ea0       ?clear@?$QList@UloopControl@SubThreadWorker@@@@QAEXXZ 00401ea0 f i workflowprotocol.obj
 0001:00000f40       ?configProtocol@SubThreadWorker@@QAEXABVQString@@@Z 00401f40 f   workflowprotocol.obj
 0001:00000f50       ?dealloc@?$QList@UloopControl@SubThreadWorker@@@@AAEXPAUData@QListData@@@Z 00401f50 f i workflowprotocol.obj
 0001:00000fb0       ?detach_helper@?$QList@UloopControl@SubThreadWorker@@@@AAEXH@Z 00401fb0 f i workflowprotocol.obj
 0001:00001080       ?detach_helper_grow@?$QList@UloopControl@SubThreadWorker@@@@AAEPAUNode@1@HH@Z 00402080 f i workflowprotocol.obj
 0001:000011d0       ?detach_helper_grow@?$QList@VQString@@@@AAEPAUNode@1@HH@Z 004021d0 f i workflowprotocol.obj
 0001:00001350       ?doTunning@SubThreadWorker@@QAEXABVQJsonObject@@@Z 00402350 f   workflowprotocol.obj
 0001:000014d0       ?doWork@SubThreadWorker@@QAEXABVQJsonObject@@@Z 004024d0 f   workflowprotocol.obj
 0001:00001860       ?erase@?$QList@UloopControl@SubThreadWorker@@@@QAE?AViterator@1@V21@@Z 00402860 f i workflowprotocol.obj
 0001:000018e0       ?formatRecvFrameToJsonObject@WorkflowProtocol@@QAE_NAAVQJsonObject@@@Z 004028e0 f   workflowprotocol.obj
 0001:00001980       ?handleControlCommand@SubThreadWorker@@IAE_NAAVCommunication@@AAVQJsonObject@@@Z 00402980 f   workflowprotocol.obj
 0001:00002480       ?handleLogicalCommand@SubThreadWorker@@IAE_NAAVQJsonObject@@AAH@Z 00403480 f   workflowprotocol.obj
 0001:00002d60       ?handleLoopCommand@SubThreadWorker@@IAE_NAAVQJsonObject@@AAH@Z 00403d60 f   workflowprotocol.obj
 0001:00003550       ?impl@?$QSlotObject@P8SubThreadWorker@@AEXABVQString@@G@ZU?$List@ABVQString@@G@QtPrivate@@X@QtPrivate@@CAXHPAVQSlotObjectBase@2@PAVQObject@@PAPAXPA_N@Z 00404550 f i workflowprotocol.obj
 0001:000035b0       ?impl@?$QSlotObject@P8QObject@@AEXXZU?$List@$$V@QtPrivate@@X@QtPrivate@@CAXHPAVQSlotObjectBase@2@PAVQObject@@PAPAXPA_N@Z 004045b0 f i workflowprotocol.obj
 0001:000035b0       ?impl@?$QSlotObject@P8SubThreadCheckWorker@@AEXXZU?$List@$$V@QtPrivate@@X@QtPrivate@@CAXHPAVQSlotObjectBase@2@PAVQObject@@PAPAXPA_N@Z 004045b0 f i workflowChecker.obj
 0001:000035b0       ?impl@?$QSlotObject@P8SubThreadWorker@@AEXXZU?$List@$$V@QtPrivate@@X@QtPrivate@@CAXHPAVQSlotObjectBase@2@PAVQObject@@PAPAXPA_N@Z 004045b0 f i workflowprotocol.obj
 0001:000035b0       ?impl@?$QSlotObject@P8StatusViewWatcher@@AEXXZU?$List@$$V@QtPrivate@@X@QtPrivate@@CAXHPAVQSlotObjectBase@2@PAVQObject@@PAPAXPA_N@Z 004045b0 f i workmodels.obj
 0001:00003600       ?impl@?$QSlotObject@P8WorkflowController@@AEXABVQString@@H@ZU?$List@ABVQString@@H@QtPrivate@@X@QtPrivate@@CAXHPAVQSlotObjectBase@2@PAVQObject@@PAPAXPA_N@Z 00404600 f i workflowprotocol.obj
 0001:00003660       ?init@WorkflowController@@QAEXABVQString@@@Z 00404660 f   workflowprotocol.obj
 0001:00003670       ?initProtocol@WorkflowProtocol@@QAE_NABVQString@@@Z 00404670 f   workflowprotocol.obj
 0001:000037c0       ?isDummyCommand@SubThreadWorker@@IAE_NABVQString@@@Z 004047c0 f   workflowprotocol.obj
 0001:00003a10       ?isLogicalCommand@SubThreadWorker@@IAE_NABVQString@@@Z 00404a10 f   workflowprotocol.obj
 0001:00003c30       ?isLoopCommand@SubThreadWorker@@IAE_NABVQString@@@Z 00404c30 f   workflowprotocol.obj
 0001:00003e80       ?node_copy@?$QList@UloopControl@SubThreadWorker@@@@AAEXPAUNode@1@00@Z 00404e80 f i workflowprotocol.obj
 0001:00003f20       ?node_copy@?$QList@VQString@@@@AAEXPAUNode@1@00@Z 00404f20 f i workflowprotocol.obj
 0001:00003f60       ?node_destruct@?$QList@UloopControl@SubThreadWorker@@@@AAEXPAUNode@1@0@Z 00404f60 f i workflowprotocol.obj
 0001:00003f90       ?node_destruct@?$QList@VQString@@@@AAEXPAUNode@1@0@Z 00404f90 f i workflowprotocol.obj
 0001:00003fc0       ?parseAckFrame@WorkflowProtocol@@QAE_NABVQByteArray@@AAVQJsonObject@@@Z 00404fc0 f   workflowprotocol.obj
 0001:000040a0       ?parseJsonObjectToSendFrame@WorkflowProtocol@@QAE_NABVQJsonObject@@AAV2@@Z 004050a0 f   workflowprotocol.obj
 0001:00004770       ?pauseCurrentTask@WorkflowController@@QAEXXZ 00405770 f   workflowprotocol.obj
 0001:00004790       ?pauseTask@SubThreadWorker@@QAEXXZ 00405790 f   workflowprotocol.obj
 0001:000047a0       ?pop_back@?$QList@UloopControl@SubThreadWorker@@@@QAEXXZ 004057a0 f i workflowprotocol.obj
 0001:000047e0       ?runTask@WorkflowController@@QAEXABVQJsonObject@@@Z 004057e0 f   workflowprotocol.obj
 0001:00004830       ?runTunning@WorkflowController@@QAEXABVQJsonObject@@@Z 00405830 f   workflowprotocol.obj
 0001:00004880       ?serializeSendFrame@WorkflowProtocol@@QAE?AVQByteArray@@XZ 00405880 f   workflowprotocol.obj
 0001:000049e0       ?sethost@WorkflowController@@QAEXABVQString@@G@Z 004059e0 f   workflowprotocol.obj
 0001:000049f0       ?statusChanged@WorkflowController@@QAEXABVQJsonObject@@@Z 004059f0 f   workflowprotocol.obj
 0001:00004a90       ?stopCurrentTask@WorkflowController@@QAEXXZ 00405a90 f   workflowprotocol.obj
 0001:00004ac0       ?stopTask@SubThreadWorker@@QAEXXZ 00405ac0 f   workflowprotocol.obj
 0001:00004ad0       ?taskStateChanged@WorkflowController@@QAEXABVQString@@H@Z 00405ad0 f   workflowprotocol.obj
 0001:00004b80       ?types@?$ConnectionTypes@U?$List@ABVQJsonObject@@@QtPrivate@@$00@QtPrivate@@SAPBHXZ 00405b80 f i workflowprotocol.obj
 0001:00004be0       ?types@?$ConnectionTypes@U?$List@ABVQString@@@QtPrivate@@$00@QtPrivate@@SAPBHXZ 00405be0 f i workflowprotocol.obj
 0001:00004c40       ?types@?$ConnectionTypes@U?$List@ABVQString@@G@QtPrivate@@$00@QtPrivate@@SAPBHXZ 00405c40 f i workflowprotocol.obj
 0001:00004cb0       ?types@?$ConnectionTypes@U?$List@ABVQString@@H@QtPrivate@@$00@QtPrivate@@SAPBHXZ 00405cb0 f i workflowprotocol.obj
 0001:00004d20       ?unserializeRecvFrame@WorkflowProtocol@@QAEXABVQByteArray@@@Z 00405d20 f   workflowprotocol.obj
 0001:00004e60       ?updateStopState@SubThreadWorker@@QAEXXZ 00405e60 f   workflowprotocol.obj
 0001:00004ea0       ??0?$QList@PAVQObject@@@@QAE@ABV0@@Z 00405ea0 f i workmodels.obj
 0001:00004ea0       ??0?$QList@H@@QAE@ABV0@@Z  00405ea0 f i configfilehandler.obj
 0001:00004f50       ??0?$QList@VOperationParamData@@@@QAE@ABV0@@Z 00405f50 f i configfilehandler.obj
 0001:00005000       ??0?$QList@VSingleOperationData@@@@QAE@ABV0@@Z 00406000 f i configfilehandler.obj
 0001:000050b0       ??0OperationParamData@@QAE@ABV0@@Z 004060b0 f i configfilehandler.obj
 0001:00005230       ??0OperationParamData@@QAE@ABVQString@@00ABVQStringList@@_NHH0V?$QList@H@@00HH2H@Z 00406230 f i configfilehandler.obj
 0001:000053d0       ??0OperationParamData@@QAE@XZ 004063d0 f i configfilehandler.obj
 0001:00005440       ??0SingleOperationData@@QAE@ABV0@@Z 00406440 f i configfilehandler.obj
 0001:000054b0       ??0configFileHandler@@QAE@PAVQObject@@@Z 004064b0 f   configfilehandler.obj
 0001:00005510       ??1?$QForeachContainer@V?$QList@VOperationParamData@@@@@@QAE@XZ 00406510 f i configfilehandler.obj
 0001:00005510       ??1?$QForeachContainer@$$CBV?$QList@VOperationParamData@@@@@@QAE@XZ 00406510 f i environmentvariant.obj
 0001:00005570       ??1?$QList@PAVQObject@@@@QAE@XZ 00406570 f i main.obj
 0001:00005570       ??1?$QList@H@@QAE@XZ       00406570 f i configfilehandler.obj
 0001:000055d0       ??1?$QList@VOperationParamData@@@@QAE@XZ 004065d0 f i configfilehandler.obj
 0001:00005630       ??1?$QList@VQByteArray@@@@QAE@XZ 00406630 f i configfilehandler.obj
 0001:000056c0       ??1?$QList@VSingleOperationData@@@@QAE@XZ 004066c0 f i configfilehandler.obj
 0001:00005740       ??1?$QList@VSinglePlanData@@@@QAE@XZ 00406740 f i configfilehandler.obj
 0001:000057c0       ??1?$QMap@VQString@@V1@@@QAE@XZ 004067c0 f i configfilehandler.obj
 0001:00005840       ??1?$QMap@VQString@@VOperationParamData@@@@QAE@XZ 00406840 f i configfilehandler.obj
 0001:000058e0       ??1?$QMap@VQString@@VQStringList@@@@QAE@XZ 004068e0 f i configfilehandler.obj
 0001:00005980       ??1OperationParamData@@QAE@XZ 00406980 f i configfilehandler.obj
 0001:00005a30       ??1QJsonValuePtr@@QAE@XZ   00406a30 f i configfilehandler.obj
 0001:00005a40       ??1SingleOperationData@@QAE@XZ 00406a40 f i configfilehandler.obj
 0001:00005ab0       ??1SinglePlanData@@QAE@XZ  00406ab0 f i configfilehandler.obj
 0001:00005b40       ??1configFileHandler@@UAE@XZ 00406b40 f i configfilehandler.obj
 0001:00005b60       ??4?$QList@H@@QAEAAV0@$$QAV0@@Z 00406b60 f i configfilehandler.obj
 0001:00005b60       ??4?$QList@PAVQObject@@@@QAEAAV0@$$QAV0@@Z 00406b60 f i workmodels.obj
 0001:00005be0       ??4?$QList@VSinglePlanData@@@@QAEAAV0@$$QAV0@@Z 00406be0 f i configfilehandler.obj
 0001:00005c80       ??4OperationParamData@@QAEAAV0@ABV0@@Z 00406c80 f i configfilehandler.obj
 0001:00005da0       ??4QStringList@@QAEAAV0@ABV0@@Z 00406da0 f i configfilehandler.obj
 0001:00005de0       ??A?$QList@VQString@@@@QAEAAVQString@@H@Z 00406de0 f i configfilehandler.obj
 0001:00005e10       ??A?$QMap@VQString@@V1@@@QAEAAVQString@@ABV1@@Z 00406e10 f i configfilehandler.obj
 0001:00005ed0       ??A?$QMap@VQString@@VOperationParamData@@@@QAEAAVOperationParamData@@ABVQString@@@Z 00406ed0 f i configfilehandler.obj
 0001:00005f90       ??A?$QMap@VQString@@VOperationParamData@@@@QBE?BVOperationParamData@@ABVQString@@@Z 00406f90 f i configfilehandler.obj
 0001:00006000       ??A?$QMap@VQString@@VQStringList@@@@QAEAAVQStringList@@ABVQString@@@Z 00407000 f i configfilehandler.obj
 0001:000060c0       ??Cconst_iterator@QJsonArray@@QBE?AVQJsonValuePtr@@XZ 004070c0 f i configfilehandler.obj
 0001:00006130       ??H@YA?BVQString@@ABV0@D@Z 00407130 f i configfilehandler.obj
 0001:000061b0       ??H@YA?BVQString@@ABV0@PBD@Z 004071b0 f i configfilehandler.obj
 0001:00006240       ??H@YA?BVQString@@PBDABV0@@Z 00407240 f i configfilehandler.obj
 0001:000062b0       ??_GSingleOperationData@@QAEPAXI@Z 004072b0 f i configfilehandler.obj
 0001:00006330       ??_GSinglePlanData@@QAEPAXI@Z 00407330 f i configfilehandler.obj
 0001:000063d0       ??_EconfigFileHandler@@UAEPAXI@Z 004073d0 f i configfilehandler.obj
 0001:000063d0       ??_GconfigFileHandler@@UAEPAXI@Z 004073d0 f i configfilehandler.obj
 0001:00006400       ?ConvertCSVtoJSON@configFileHandler@@QAE_NABVQString@@0@Z 00407400 f   configfilehandler.obj
 0001:000065f0       ?ConvertJSONtoCSV@configFileHandler@@QAE_NABVQString@@0@Z 004075f0 f   configfilehandler.obj
 0001:000068e0       ?GetLicense@configFileHandler@@QAE?AVQString@@XZ 004078e0 f   configfilehandler.obj
 0001:00006970       ?ImportConfig@configFileHandler@@QAE_NAAVQJsonObject@@ABVQByteArray@@@Z 00407970 f   configfilehandler.obj
 0001:00006ab0       ?ImportPlan@configFileHandler@@QAE_NABV?$QList@VQByteArray@@@@AAVQJsonObject@@@Z 00407ab0 f   configfilehandler.obj
 0001:000073c0       ?ImportWorkSpace@configFileHandler@@QAE_NABV?$QList@VQByteArray@@@@AAVQJsonObject@@@Z 004083c0 f   configfilehandler.obj
 0001:00007d20       ?ParseHostIP@configFileHandler@@QAE?AVQString@@XZ 00408d20 f   configfilehandler.obj
 0001:00007df0       ?ParseHostPort@configFileHandler@@QAEFXZ 00408df0 f   configfilehandler.obj
 0001:00007ed0       ?ParseHostSingleOperationThreshold@configFileHandler@@QAEHXZ 00408ed0 f   configfilehandler.obj
 0001:00007fb0       ?ParseListMap@configFileHandler@@QAE?AV?$QMap@VQString@@VQStringList@@@@ABVQString@@@Z 00408fb0 f   configfilehandler.obj
 0001:00008250       ?ParseMap@configFileHandler@@QAE?AV?$QMap@VQString@@V1@@@ABVQString@@@Z 00409250 f   configfilehandler.obj
 0001:000083a0       ?ParseMapRevertKeyValue@configFileHandler@@QAE?AV?$QMap@VQString@@V1@@@ABVQString@@@Z 004093a0 f   configfilehandler.obj
 0001:00008520       ?ParseParamValue@configFileHandler@@QAE?AV?$QMap@VQString@@VOperationParamData@@@@ABVQString@@@Z 00409520 f   configfilehandler.obj
 0001:000097b0       ?ParsePlan@configFileHandler@@QAE?AVQString@@ABVQJsonArray@@@Z 0040a7b0 f   configfilehandler.obj
 0001:00009e70       ?ParsePlanList@configFileHandler@@QAEXAAV?$QList@VSinglePlanData@@@@ABV?$QMap@VQString@@VOperationParamData@@@@@Z 0040ae70 f   configfilehandler.obj
 0001:0000a9d0       ?ParseWorkPlaceConstraint@configFileHandler@@QAE?AVQJsonArray@@XZ 0040b9d0 f   configfilehandler.obj
 0001:0000aa60       ?ParseWorkSpace@configFileHandler@@QAE?AVQString@@ABVQJsonObject@@@Z 0040ba60 f   configfilehandler.obj
 0001:0000b040       ?ParseWorkSpaceTypeList@configFileHandler@@QAEXAAVQJsonObject@@@Z 0040c040 f   configfilehandler.obj
 0001:0000b0e0       ?SaveMachineConfig@configFileHandler@@QAE_NABVQString@@ABVMachineConfigData@@ABVQJsonObject@@@Z 0040c0e0 f   configfilehandler.obj
 0001:0000b4b0       ?SavePlanList@configFileHandler@@QAE_NABVQString@@ABV?$QList@VSinglePlanData@@@@ABV?$QMap@VQString@@VQStringList@@@@@Z 0040c4b0 f   configfilehandler.obj
 0001:0000bd80       ?append@?$QList@H@@QAEXABH@Z 0040cd80 f i configfilehandler.obj
 0001:0000bd80       ?append@?$QList@PAVQObject@@@@QAEXABQAVQObject@@@Z 0040cd80 f i workmodels.obj
 0001:0000be10       ?append@?$QList@VOperationParamData@@@@QAEXABVOperationParamData@@@Z 0040ce10 f i configfilehandler.obj
 0001:0000bed0       ?append@?$QList@VSingleOperationData@@@@QAEXABVSingleOperationData@@@Z 0040ced0 f i configfilehandler.obj
 0001:0000bfb0       ?append@?$QList@VSinglePlanData@@@@QAEXABVSinglePlanData@@@Z 0040cfb0 f i configfilehandler.obj
 0001:0000c090       ?clear@?$QList@VSinglePlanData@@@@QAEXXZ 0040d090 f i configfilehandler.obj
 0001:0000c120       ?copy@?$QMapNode@VQString@@V1@@@QBEPAU1@PAU?$QMapData@VQString@@V1@@@@Z 0040d120 f i configfilehandler.obj
 0001:0000c1a0       ?copy@?$QMapNode@VQString@@VOperationParamData@@@@QBEPAU1@PAU?$QMapData@VQString@@VOperationParamData@@@@@Z 0040d1a0 f i configfilehandler.obj
 0001:0000c220       ?copy@?$QMapNode@VQString@@VQStringList@@@@QBEPAU1@PAU?$QMapData@VQString@@VQStringList@@@@@Z 0040d220 f i configfilehandler.obj
 0001:0000c2a0       ?createNode@?$QMapData@VQString@@V1@@@QAEPAU?$QMapNode@VQString@@V1@@@ABVQString@@0PAU2@_N@Z 0040d2a0 f i configfilehandler.obj
 0001:0000c2e0       ?createNode@?$QMapData@VQString@@VOperationParamData@@@@QAEPAU?$QMapNode@VQString@@VOperationParamData@@@@ABVQString@@ABVOperationParamData@@PAU2@_N@Z 0040d2e0 f i configfilehandler.obj
 0001:0000c3a0       ?createNode@?$QMapData@VQString@@VQStringList@@@@QAEPAU?$QMapNode@VQString@@VQStringList@@@@ABVQString@@ABVQStringList@@PAU2@_N@Z 0040d3a0 f i configfilehandler.obj
 0001:0000c460       ?dealloc@?$QList@VOperationParamData@@@@AAEXPAUData@QListData@@@Z 0040d460 f i configfilehandler.obj
 0001:0000c4c0       ?destroySubTree@?$QMapNode@VQString@@V1@@@QAEXXZ 0040d4c0 f i configfilehandler.obj
 0001:0000c4f0       ?destroySubTree@?$QMapNode@VQString@@VOperationParamData@@@@QAEXXZ 0040d4f0 f i configfilehandler.obj
 0001:0000c520       ?destroySubTree@?$QMapNode@VQString@@VQStringList@@@@QAEXXZ 0040d520 f i configfilehandler.obj
 0001:0000c550       ?detach_helper@?$QList@VQByteArray@@@@AAEXH@Z 0040d550 f i configfilehandler.obj
 0001:0000c640       ?detach_helper@?$QList@VQString@@@@AAEXH@Z 0040d640 f i configfilehandler.obj
 0001:0000c730       ?detach_helper@?$QMap@VQString@@V1@@@AAEXXZ 0040d730 f i configfilehandler.obj
 0001:0000c7b0       ?detach_helper@?$QMap@VQString@@VOperationParamData@@@@AAEXXZ 0040d7b0 f i configfilehandler.obj
 0001:0000c850       ?detach_helper@?$QMap@VQString@@VQStringList@@@@AAEXXZ 0040d850 f i configfilehandler.obj
 0001:0000c8f0       ?detach_helper_grow@?$QList@VOperationParamData@@@@AAEPAUNode@1@HH@Z 0040d8f0 f i configfilehandler.obj
 0001:0000ca40       ?detach_helper_grow@?$QList@VSingleOperationData@@@@AAEPAUNode@1@HH@Z 0040da40 f i configfilehandler.obj
 0001:0000cbb0       ?detach_helper_grow@?$QList@VSinglePlanData@@@@AAEPAUNode@1@HH@Z 0040dbb0 f i configfilehandler.obj
 0001:0000cd20       ?insert@?$QMap@VQString@@V1@@@QAE?AViterator@1@ABVQString@@0@Z 0040dd20 f i configfilehandler.obj
 0001:0000cdf0       ?insert@?$QMap@VQString@@VOperationParamData@@@@QAE?AViterator@1@ABVQString@@ABVOperationParamData@@@Z 0040ddf0 f i configfilehandler.obj
 0001:0000cec0       ?insert@?$QMap@VQString@@VQStringList@@@@QAE?AViterator@1@ABVQString@@ABVQStringList@@@Z 0040dec0 f i configfilehandler.obj
 0001:0000cfb0       ?key@iterator@QJsonObject@@QBE?AVQString@@XZ 0040dfb0 f i configfilehandler.obj
 0001:0000cfd0       ?loadConfigFile@configFileHandler@@QAE_NABVQString@@@Z 0040dfd0 f   configfilehandler.obj
 0001:0000d0d0       ?lowerBound@?$QMapNode@VQString@@VQStringList@@@@QAEPAU1@ABVQString@@@Z 0040e0d0 f i configfilehandler.obj
 0001:0000d0d0       ?lowerBound@?$QMapNode@VQString@@V1@@@QAEPAU1@ABVQString@@@Z 0040e0d0 f i configfilehandler.obj
 0001:0000d0d0       ?lowerBound@?$QMapNode@VQString@@VOperationParamData@@@@QAEPAU1@ABVQString@@@Z 0040e0d0 f i configfilehandler.obj
 0001:0000d0d0       ?lowerBound@?$QMapNode@VQString@@H@@QAEPAU1@ABVQString@@@Z 0040e0d0 f i workflowChecker.obj
 0001:0000d110       ?node_copy@?$QList@H@@AAEXPAUNode@1@00@Z 0040e110 f i configfilehandler.obj
 0001:0000d110       ?node_copy@?$QList@PAVQObject@@@@AAEXPAUNode@1@00@Z 0040e110 f i workmodels.obj
 0001:0000d140       ?node_copy@?$QList@VOperationParamData@@@@AAEXPAUNode@1@00@Z 0040e140 f i configfilehandler.obj
 0001:0000d210       ?node_copy@?$QList@VQByteArray@@@@AAEXPAUNode@1@00@Z 0040e210 f i configfilehandler.obj
 0001:0000d250       ?node_copy@?$QList@VSingleOperationData@@@@AAEXPAUNode@1@00@Z 0040e250 f i configfilehandler.obj
 0001:0000d320       ?node_copy@?$QList@VSinglePlanData@@@@AAEXPAUNode@1@00@Z 0040e320 f i configfilehandler.obj
 0001:0000d3f0       ?node_destruct@?$QList@VOperationParamData@@@@AAEXPAUNode@1@0@Z 0040e3f0 f i configfilehandler.obj
 0001:0000d430       ?node_destruct@?$QList@VSingleOperationData@@@@AAEXPAUNode@1@0@Z 0040e430 f i configfilehandler.obj
 0001:0000d4d0       ?node_destruct@?$QList@VSingleOperationData@@@@AAEXPAUNode@1@@Z 0040e4d0 f i configfilehandler.obj
 0001:0000d550       ?node_destruct@?$QList@VSinglePlanData@@@@AAEXPAUNode@1@0@Z 0040e550 f i configfilehandler.obj
 0001:0000d610       ?toList@configFileHandler@@QAE?AVQStringList@@ABVQString@@@Z 0040e610 f   configfilehandler.obj
 0001:0000d6f0       ?value@?$QMap@VQString@@VOperationParamData@@@@QBE?BVOperationParamData@@ABVQString@@ABV2@@Z 0040e6f0 f i configfilehandler.obj
 0001:0000d760       ??0EnvironmentVariant@@AAE@XZ 0040e760 f i environmentvariant.obj
 0001:0000d8b0       ??0SingleOperationData@@QAE@$$QAV0@@Z 0040e8b0 f i environmentvariant.obj
 0001:0000d8e0       ??1?$QForeachContainer@$$CBV?$QList@VSingleOperationData@@@@@@QAE@XZ 0040e8e0 f i environmentvariant.obj
 0001:0000d960       ??1?$QForeachContainer@VQJsonArray@@@@QAE@XZ 0040e960 f i environmentvariant.obj
 0001:0000d970       ??1ConfigFileConverter@@UAE@XZ 0040e970 f i environmentvariant.obj
 0001:0000d970       ??1AdministratorChecker@@UAE@XZ 0040e970 f i environmentvariant.obj
 0001:0000d980       ??1EnvironmentVariant@@EAE@XZ 0040e980 f i environmentvariant.obj
 0001:0000db30       ??1MachineConfigData@@QAE@XZ 0040eb30 f i environmentvariant.obj
 0001:0000db50       ??1TargetMachineObject@@UAE@XZ 0040eb50 f i environmentvariant.obj
 0001:0000db70       ??4?$QList@VSingleOperationData@@@@QAEAAV0@ABV0@@Z 0040eb70 f i environmentvariant.obj
 0001:0000dc10       ??4QStringList@@QAEAAV0@$$QAV0@@Z 0040ec10 f i environmentvariant.obj
 0001:0000dc40       ??4SingleOperationData@@QAEAAV0@$$QAV0@@Z 0040ec40 f i environmentvariant.obj
 0001:0000dcd0       ??4SingleOperationData@@QAEAAV0@ABV0@@Z 0040ecd0 f i environmentvariant.obj
 0001:0000dd70       ??A?$QList@H@@QAEAAHH@Z    0040ed70 f i environmentvariant.obj
 0001:0000dda0       ??A?$QList@VSingleOperationData@@@@QAEAAVSingleOperationData@@H@Z 0040eda0 f i environmentvariant.obj
 0001:0000ddd0       ??Dconst_iterator@QJsonArray@@QBE?AVQJsonValue@@XZ 0040edd0 f i environmentvariant.obj
 0001:0000ddf0       ??H@YA?BVQString@@ABV0@0@Z 0040edf0 f i environmentvariant.obj
 0001:0000de60       ??Y?$QList@VQString@@@@QAEAAV0@ABV0@@Z 0040ee60 f i environmentvariant.obj
 0001:0000df60       ??_GAdministratorChecker@@UAEPAXI@Z 0040ef60 f i environmentvariant.obj
 0001:0000df60       ??_EAdministratorChecker@@UAEPAXI@Z 0040ef60 f i environmentvariant.obj
 0001:0000df90       ??_GConfigFileConverter@@UAEPAXI@Z 0040ef90 f i environmentvariant.obj
 0001:0000df90       ??_EConfigFileConverter@@UAEPAXI@Z 0040ef90 f i environmentvariant.obj
 0001:0000dfc0       ??_GEnvironmentVariant@@EAEPAXI@Z 0040efc0 f i environmentvariant.obj
 0001:0000dfc0       ??_EEnvironmentVariant@@EAEPAXI@Z 0040efc0 f i environmentvariant.obj
 0001:0000dff0       ??_ETargetMachineObject@@UAEPAXI@Z 0040eff0 f i environmentvariant.obj
 0001:0000dff0       ??_GTargetMachineObject@@UAEPAXI@Z 0040eff0 f i environmentvariant.obj
 0001:0000e030       ?AddPlan@EnvironmentVariant@@QAEXABVQString@@@Z 0040f030 f   environmentvariant.obj
 0001:0000e150       ?AddPlanStep@EnvironmentVariant@@QAEXHHH@Z 0040f150 f   environmentvariant.obj
 0001:0000e2f0       ?CopyPlanStep@EnvironmentVariant@@QAE?AVQString@@HHH@Z 0040f2f0 f   environmentvariant.obj
 0001:0000e400       ?ExportConfig@EnvironmentVariant@@QAE_NABVQString@@@Z 0040f400 f   environmentvariant.obj
 0001:0000e4c0       ?ImportConfig@EnvironmentVariant@@QAE_NABVQString@@@Z 0040f4c0 f   environmentvariant.obj
 0001:0000e590       ?LogicalControlList@EnvironmentVariant@@QAE?AVQStringList@@XZ 0040f590 f   environmentvariant.obj
 0001:0000e730       ?MovePlanStep@EnvironmentVariant@@QAEXHHH@Z 0040f730 f   environmentvariant.obj
 0001:0000e810       ?OperationNameList@EnvironmentVariant@@QAE?AVQStringList@@XZ 0040f810 f   environmentvariant.obj
 0001:0000e9b0       ?PausePlan@EnvironmentVariant@@QAEXXZ 0040f9b0 f   environmentvariant.obj
 0001:0000e9c0       ?PlanList@EnvironmentVariant@@QAE?AVQStringList@@XZ 0040f9c0 f   environmentvariant.obj
 0001:0000ea80       ?RemovePlan@EnvironmentVariant@@QAEXH@Z 0040fa80 f   environmentvariant.obj
 0001:0000eab0       ?RemovePlanStep@EnvironmentVariant@@QAEXHH@Z 0040fab0 f   environmentvariant.obj
 0001:0000eb10       ?SaveMachineConfig@EnvironmentVariant@@QAE_NABVMachineConfigData@@@Z 0040fb10 f   environmentvariant.obj
 0001:0000ec10       ?SavePlan@EnvironmentVariant@@QAE_NXZ 0040fc10 f   environmentvariant.obj
 0001:0000ec90       ?SetPlanName@EnvironmentVariant@@QAEXHABVQString@@@Z 0040fc90 f   environmentvariant.obj
 0001:0000ece0       ?SetPlanStepSingleParam@EnvironmentVariant@@QAEXHHABVQString@@ABVQVariant@@@Z 0040fce0 f   environmentvariant.obj
 0001:0000ee80       ?SetPlanStepToDefault@EnvironmentVariant@@QAEXHHH@Z 0040fe80 f   environmentvariant.obj
 0001:0000ef50       ?StartPlan@EnvironmentVariant@@QAEXHH@Z 0040ff50 f   environmentvariant.obj
 0001:0000f860       ?StartTunning@EnvironmentVariant@@QAEXABVSingleOperationData@@@Z 00410860 f   environmentvariant.obj
 0001:0000faa0       ?StepList@EnvironmentVariant@@QAE?AVQStringList@@H@Z 00410aa0 f   environmentvariant.obj
 0001:0000fee0       ?StopPlan@EnvironmentVariant@@QAEXXZ 00410ee0 f   environmentvariant.obj
 0001:0000fef0       ?begin@?$QList@VOperationParamData@@@@QAE?AViterator@1@XZ 00410ef0 f i environmentvariant.obj
 0001:0000ff20       ?calculateLicense@EnvironmentVariant@@QAEXABVQString@@@Z 00410f20 f   environmentvariant.obj
 0001:00010050       ?contains@?$QMap@VQString@@VQStringList@@@@QBE_NABVQString@@@Z 00411050 f i environmentvariant.obj
 0001:00010090       ?defaultValue@EnvironmentVariant@@QAE?AVSingleOperationData@@ABVQString@@@Z 00411090 f   environmentvariant.obj
 0001:000102c0       ?detach_helper@?$QList@H@@AAEXH@Z 004112c0 f i environmentvariant.obj
 0001:00010390       ?detach_helper@?$QList@VOperationParamData@@@@AAEXH@Z 00411390 f i environmentvariant.obj
 0001:00010460       ?detach_helper@?$QList@VSingleOperationData@@@@AAEXH@Z 00411460 f i environmentvariant.obj
 0001:00010540       ?detach_helper@?$QList@VSinglePlanData@@@@AAEXH@Z 00411540 f i environmentvariant.obj
 0001:00010620       ?formatSingleOperationParam@EnvironmentVariant@@QAE?AVQJsonArray@@ABVSingleOperationData@@@Z 00411620 f   environmentvariant.obj
 0001:00010ad0       ?formatTipMotion@EnvironmentVariant@@QAEXABVSingleOperationData@@AAVQJsonArray@@@Z 00411ad0 f   environmentvariant.obj
 0001:000127e0       ?getBoardTypeIndexByPosition@EnvironmentVariant@@QAEHH@Z 004137e0 f   environmentvariant.obj
 0001:00012a90       ?getOperationIndex@EnvironmentVariant@@QAEHABVQString@@@Z 00413a90 f   environmentvariant.obj
 0001:00012b00       ?getOperationParams@EnvironmentVariant@@QAE?AV?$QList@VOperationParamData@@@@H@Z 00413b00 f   environmentvariant.obj
 0001:00012ce0       ?getPlanBoardTypeIndexByPosition@EnvironmentVariant@@QAEHHH@Z 00413ce0 f   environmentvariant.obj
 0001:00012fe0       ?getWorkLocationTypeList@EnvironmentVariant@@QAE?AVQJsonObject@@XZ 00413fe0 f   environmentvariant.obj
 0001:00013000       ?initModels@EnvironmentVariant@@QAEXPAVQQmlContext@@@Z 00414000 f   environmentvariant.obj
 0001:00013160       ?initProtocol@EnvironmentVariant@@QAEXABVQString@@@Z 00414160 f   environmentvariant.obj
 0001:000131d0       ?initUserConfig@EnvironmentVariant@@QAEXABVQString@@@Z 004141d0 f   environmentvariant.obj
 0001:000132f0       ?insert@?$QList@VSingleOperationData@@@@QAEXHABVSingleOperationData@@@Z 004142f0 f i environmentvariant.obj
 0001:000133d0       ?instance@EnvironmentVariant@@SAPAV1@XZ 004143d0 f   environmentvariant.obj
 0001:00013430       ?parseConfigFile@EnvironmentVariant@@QAEXABVQString@@@Z 00414430 f   environmentvariant.obj
 0001:00013b10       ?planBoardConfig@EnvironmentVariant@@QAEHH@Z 00414b10 f   environmentvariant.obj
 0001:00013b50       ?planSelectStepListModel@EnvironmentVariant@@QAE?AVQStringList@@H@Z 00414b50 f   environmentvariant.obj
 0001:00013f60       ?planStepParam@EnvironmentVariant@@QAE?AVSingleOperationData@@HH@Z 00414f60 f   environmentvariant.obj
 0001:000142c0       ?removeAt@?$QList@VSingleOperationData@@@@QAEXH@Z 004152c0 f i environmentvariant.obj
 0001:00014310       ?removeAt@?$QList@VSinglePlanData@@@@QAEXH@Z 00415310 f i environmentvariant.obj
 0001:00014370       ?setAdministrator@AdministratorChecker@@QAEX_N@Z 00415370 f i environmentvariant.obj
 0001:00014390       ?setIpAddress@TargetMachineObject@@QAEXABVQString@@@Z 00415390 f i environmentvariant.obj
 0001:000143d0       ?setLicenseNumber@TargetMachineObject@@QAEXABVQString@@@Z 004153d0 f i environmentvariant.obj
 0001:00014410       ?setMaxReceiveTime@TargetMachineObject@@QAEXH@Z 00415410 f i environmentvariant.obj
 0001:00014430       ?setPlanBoardConfig@EnvironmentVariant@@QAEXHH@Z 00415430 f   environmentvariant.obj
 0001:000144a0       ?setPort@TargetMachineObject@@QAEXF@Z 004154a0 f i environmentvariant.obj
 0001:000144c0       ?setWorkLocationType@EnvironmentVariant@@QAE_NHHABVQString@@@Z 004154c0 f   environmentvariant.obj
 0001:00014910       ?startCheckPlan@EnvironmentVariant@@QAEXH@Z 00415910 f   environmentvariant.obj
 0001:00015230       ?stopCheckPlan@EnvironmentVariant@@QAEXXZ 00416230 f   environmentvariant.obj
 0001:00015240       ?updateWorkPlace@EnvironmentVariant@@QAE_NABVQJsonObject@@@Z 00416240 f   environmentvariant.obj
 0001:00015290       ??$connect@P8QQmlEngine@@AEXXZP6AXXZ@QObject@@SA?AVConnection@QMetaObject@@PBVQQmlEngine@@P83@AEXXZPBV0@P6AXXZW4ConnectionType@Qt@@@Z 00416290 f i main.obj
 0001:000152f0       ??$createInto@VOperationParamObject@@@QQmlPrivate@@YAXPAX@Z 004162f0 f i main.obj
 0001:00015350       ??$createInto@VOperationParamSelector@@@QQmlPrivate@@YAXPAX@Z 00416350 f i main.obj
 0001:000153b0       ??$createInto@VPlanController@@@QQmlPrivate@@YAXPAX@Z 004163b0 f i main.obj
 0001:00015410       ??$createInto@VPlanSelector@@@QQmlPrivate@@YAXPAX@Z 00416410 f i main.obj
 0001:00015470       ??$createInto@VStatusViewWatcher@@@QQmlPrivate@@YAXPAX@Z 00416470 f i main.obj
 0001:000154d0       ??$createInto@VTextFieldDoubleValidator@@@QQmlPrivate@@YAXPAX@Z 004164d0 f i main.obj
 0001:00015530       ??$createInto@VWorkLocationManager@@@QQmlPrivate@@YAXPAX@Z 00416530 f i main.obj
 0001:00015590       ??$qRegisterNormalizedMetaType@PAVOperationParamObject@@@@YAHABVQByteArray@@PAPAVOperationParamObject@@W4DefinedType@?$MetaTypeDefinedHelper@PAVOperationParamObject@@$00@QtPrivate@@@Z 00416590 f i main.obj
 0001:000155f0       ??$qRegisterNormalizedMetaType@PAVOperationParamSelector@@@@YAHABVQByteArray@@PAPAVOperationParamSelector@@W4DefinedType@?$MetaTypeDefinedHelper@PAVOperationParamSelector@@$00@QtPrivate@@@Z 004165f0 f i main.obj
 0001:00015650       ??$qRegisterNormalizedMetaType@PAVPlanController@@@@YAHABVQByteArray@@PAPAVPlanController@@W4DefinedType@?$MetaTypeDefinedHelper@PAVPlanController@@$00@QtPrivate@@@Z 00416650 f i main.obj
 0001:000156b0       ??$qRegisterNormalizedMetaType@PAVPlanSelector@@@@YAHABVQByteArray@@PAPAVPlanSelector@@W4DefinedType@?$MetaTypeDefinedHelper@PAVPlanSelector@@$00@QtPrivate@@@Z 004166b0 f i main.obj
 0001:00015710       ??$qRegisterNormalizedMetaType@PAVStatusViewWatcher@@@@YAHABVQByteArray@@PAPAVStatusViewWatcher@@W4DefinedType@?$MetaTypeDefinedHelper@PAVStatusViewWatcher@@$00@QtPrivate@@@Z 00416710 f i main.obj
 0001:00015770       ??$qRegisterNormalizedMetaType@PAVTextFieldDoubleValidator@@@@YAHABVQByteArray@@PAPAVTextFieldDoubleValidator@@W4DefinedType@?$MetaTypeDefinedHelper@PAVTextFieldDoubleValidator@@$00@QtPrivate@@@Z 00416770 f i main.obj
 0001:000157d0       ??$qRegisterNormalizedMetaType@PAVWorkLocationManager@@@@YAHABVQByteArray@@PAPAVWorkLocationManager@@W4DefinedType@?$MetaTypeDefinedHelper@PAVWorkLocationManager@@$00@QtPrivate@@@Z 004167d0 f i main.obj
 0001:00015830       ??$qmlRegisterType@VOperationParamObject@@@@YAHPBDHH0@Z 00416830 f i main.obj
 0001:00015ae0       ??$qmlRegisterType@VOperationParamSelector@@@@YAHPBDHH0@Z 00416ae0 f i main.obj
 0001:00015d90       ??$qmlRegisterType@VPlanController@@@@YAHPBDHH0@Z 00416d90 f i main.obj
 0001:00016040       ??$qmlRegisterType@VPlanSelector@@@@YAHPBDHH0@Z 00417040 f i main.obj
 0001:000162f0       ??$qmlRegisterType@VStatusViewWatcher@@@@YAHPBDHH0@Z 004172f0 f i main.obj
 0001:000165a0       ??$qmlRegisterType@VTextFieldDoubleValidator@@@@YAHPBDHH0@Z 004175a0 f i main.obj
 0001:00016850       ??$qmlRegisterType@VWorkLocationManager@@@@YAHPBDHH0@Z 00417850 f i main.obj
 0001:00016b00       ??0CComBSTR@ATL@@QAE@PBD@Z 00417b00 f i main.obj
 0001:00016b90       ??1?$CAtlSafeAllocBufferManager@VCCRTAllocator@ATL@@@_ATL_SAFE_ALLOCA_IMPL@ATL@@QAE@XZ 00417b90 f i main.obj
 0001:00016bc0       ??1?$CComPtr@UINetFwAuthorizedApplications@@@ATL@@QAE@XZ 00417bc0 f i main.obj
 0001:00016bc0       ??1?$CComPtr@UINetFwAuthorizedApplication@@@ATL@@QAE@XZ 00417bc0 f i main.obj
 0001:00016bc0       ??1?$CComPtr@UINetFwPolicy@@@ATL@@QAE@XZ 00417bc0 f i main.obj
 0001:00016bc0       ??1?$CComPtr@UINetFwProfile@@@ATL@@QAE@XZ 00417bc0 f i main.obj
 0001:00016bc0       ??1?$CComPtr@UINetFwMgr@@@ATL@@QAE@XZ 00417bc0 f i main.obj
 0001:00016c00       ??1?$QVarLengthArray@D$0DA@@@QAE@XZ 00417c00 f i main.obj
 0001:00016c00       ??1?$QVarLengthArray@D$0EA@@@QAE@XZ 00417c00 f i main.obj
 0001:00016c20       ??1?$basic_string@DU?$char_traits@D@std@@V?$allocator@D@2@@std@@QAE@XZ 00417c20 f i main.obj
 0001:00016c60       ??1CComBSTR@ATL@@QAE@XZ    00417c60 f i main.obj
 0001:00016c70       ??1OperationParamSelector@@UAE@XZ 00417c70 f i main.obj
 0001:00016d20       ??1RegisterType@QQmlPrivate@@QAE@XZ 00417d20 f i main.obj
 0001:00016d30       ??_E?$QQmlElement@VOperationParamObject@@@QQmlPrivate@@UAEPAXI@Z 00417d30 f i main.obj
 0001:00016d30       ??_G?$QQmlElement@VOperationParamObject@@@QQmlPrivate@@UAEPAXI@Z 00417d30 f i main.obj
 0001:00016db0       ??_E?$QQmlElement@VOperationParamSelector@@@QQmlPrivate@@UAEPAXI@Z 00417db0 f i main.obj
 0001:00016db0       ??_G?$QQmlElement@VOperationParamSelector@@@QQmlPrivate@@UAEPAXI@Z 00417db0 f i main.obj
 0001:00016e20       ??_G?$QQmlElement@VPlanController@@@QQmlPrivate@@UAEPAXI@Z 00417e20 f i main.obj
 0001:00016e20       ??_E?$QQmlElement@VPlanController@@@QQmlPrivate@@UAEPAXI@Z 00417e20 f i main.obj
 0001:00016e90       ??_G?$QQmlElement@VPlanSelector@@@QQmlPrivate@@UAEPAXI@Z 00417e90 f i main.obj
 0001:00016e90       ??_E?$QQmlElement@VPlanSelector@@@QQmlPrivate@@UAEPAXI@Z 00417e90 f i main.obj
 0001:00016f00       ??_G?$QQmlElement@VStatusViewWatcher@@@QQmlPrivate@@UAEPAXI@Z 00417f00 f i main.obj
 0001:00016f00       ??_E?$QQmlElement@VStatusViewWatcher@@@QQmlPrivate@@UAEPAXI@Z 00417f00 f i main.obj
 0001:00016f70       ??_G?$QQmlElement@VTextFieldDoubleValidator@@@QQmlPrivate@@UAEPAXI@Z 00417f70 f i main.obj
 0001:00016f70       ??_E?$QQmlElement@VTextFieldDoubleValidator@@@QQmlPrivate@@UAEPAXI@Z 00417f70 f i main.obj
 0001:00016fe0       ??_G?$QQmlElement@VWorkLocationManager@@@QQmlPrivate@@UAEPAXI@Z 00417fe0 f i main.obj
 0001:00016fe0       ??_E?$QQmlElement@VWorkLocationManager@@@QQmlPrivate@@UAEPAXI@Z 00417fe0 f i main.obj
 0001:00017050       ??_GOperationParamObject@@UAEPAXI@Z 00418050 f i main.obj
 0001:00017050       ??_EOperationParamObject@@UAEPAXI@Z 00418050 f i main.obj
 0001:00017080       ?AtlThrowImpl@ATL@@YGXJ@Z  00418080 f i main.obj
 0001:000170a0       ?Construct@?$QMetaTypeFunctionHelper@PAVStatusViewWatcher@@$00@QtMetaTypePrivate@@SAPAXPAXPBX@Z 004180a0 f i main.obj
 0001:000170a0       ?Construct@?$QMetaTypeFunctionHelper@PAVTextFieldDoubleValidator@@$00@QtMetaTypePrivate@@SAPAXPAXPBX@Z 004180a0 f i main.obj
 0001:000170a0       ?Construct@?$QMetaTypeFunctionHelper@PAVOperationParamObject@@$00@QtMetaTypePrivate@@SAPAXPAXPBX@Z 004180a0 f i main.obj
 0001:000170a0       ?Construct@?$QMetaTypeFunctionHelper@PAVPlanController@@$00@QtMetaTypePrivate@@SAPAXPAXPBX@Z 004180a0 f i main.obj
 0001:000170a0       ?Construct@?$QMetaTypeFunctionHelper@PAVWorkLocationManager@@$00@QtMetaTypePrivate@@SAPAXPAXPBX@Z 004180a0 f i main.obj
 0001:000170a0       ?Construct@?$QMetaTypeFunctionHelper@PAVOperationParamSelector@@$00@QtMetaTypePrivate@@SAPAXPAXPBX@Z 004180a0 f i main.obj
 0001:000170a0       ?Construct@?$QMetaTypeFunctionHelper@PAVPlanSelector@@$00@QtMetaTypePrivate@@SAPAXPAXPBX@Z 004180a0 f i main.obj
 0001:000170d0       ?Construct@?$QMetaTypeFunctionHelper@V?$QQmlListProperty@VStatusViewWatcher@@@@$00@QtMetaTypePrivate@@SAPAXPAXPBX@Z 004180d0 f i main.obj
 0001:000170d0       ?Construct@?$QMetaTypeFunctionHelper@V?$QQmlListProperty@VPlanSelector@@@@$00@QtMetaTypePrivate@@SAPAXPAXPBX@Z 004180d0 f i main.obj
 0001:000170d0       ?Construct@?$QMetaTypeFunctionHelper@V?$QQmlListProperty@VTextFieldDoubleValidator@@@@$00@QtMetaTypePrivate@@SAPAXPAXPBX@Z 004180d0 f i main.obj
 0001:000170d0       ?Construct@?$QMetaTypeFunctionHelper@V?$QQmlListProperty@VOperationParamSelector@@@@$00@QtMetaTypePrivate@@SAPAXPAXPBX@Z 004180d0 f i main.obj
 0001:000170d0       ?Construct@?$QMetaTypeFunctionHelper@V?$QQmlListProperty@VPlanController@@@@$00@QtMetaTypePrivate@@SAPAXPAXPBX@Z 004180d0 f i main.obj
 0001:000170d0       ?Construct@?$QMetaTypeFunctionHelper@V?$QQmlListProperty@VWorkLocationManager@@@@$00@QtMetaTypePrivate@@SAPAXPAXPBX@Z 004180d0 f i main.obj
 0001:000170d0       ?Construct@?$QMetaTypeFunctionHelper@V?$QQmlListProperty@VOperationParamObject@@@@$00@QtMetaTypePrivate@@SAPAXPAXPBX@Z 004180d0 f i main.obj
 0001:00017130       ?Init@CComCriticalSection@ATL@@QAEJXZ 00418130 f i main.obj
 0001:00017160       ?TopLevelExceptionFilter@@YGJPAU_EXCEPTION_POINTERS@@@Z 00418160 f   main.obj
 0001:000171d0       ?_Deallocate@std@@YAXPAXII@Z 004181d0 f i main.obj
 0001:00017240       ?customMessageHandler@@YAXW4QtMsgType@@ABVQMessageLogContext@@ABVQString@@@Z 00418240 f   main.obj
 0001:000175b0       ?getConfigFullName@@YA?AVQString@@PBD@Z 004185b0 f   main.obj
 0001:00017620       ?impl@?$QStaticSlotObject@P6AXXZU?$List@$$V@QtPrivate@@X@QtPrivate@@CAXHPAVQSlotObjectBase@2@PAVQObject@@PAPAXPA_N@Z 00418620 f i main.obj
 0001:00017650       ?openFireWall@@YAXPBD0@Z   00418650 f   main.obj
 0001:00017890       ?qt_metatype_id@?$QMetaTypeIdQObject@PAVOperationParamObject@@$07@@SAHXZ 00418890 f i main.obj
 0001:00017940       ?qt_metatype_id@?$QMetaTypeIdQObject@PAVOperationParamSelector@@$07@@SAHXZ 00418940 f i main.obj
 0001:000179f0       ?qt_metatype_id@?$QMetaTypeIdQObject@PAVPlanController@@$07@@SAHXZ 004189f0 f i main.obj
 0001:00017aa0       ?qt_metatype_id@?$QMetaTypeIdQObject@PAVPlanSelector@@$07@@SAHXZ 00418aa0 f i main.obj
 0001:00017b50       ?qt_metatype_id@?$QMetaTypeIdQObject@PAVStatusViewWatcher@@$07@@SAHXZ 00418b50 f i main.obj
 0001:00017c00       ?qt_metatype_id@?$QMetaTypeIdQObject@PAVTextFieldDoubleValidator@@$07@@SAHXZ 00418c00 f i main.obj
 0001:00017cb0       ?qt_metatype_id@?$QMetaTypeIdQObject@PAVWorkLocationManager@@$07@@SAHXZ 00418cb0 f i main.obj
 0001:00017d60       ?validate@TextFieldDoubleValidator@@UBE?AW4State@QValidator@@AAVQString@@AAH@Z 00418d60 f i main.obj
 0001:00017ee0       _main                      00418ee0 f   main.obj
 0001:00018410       ??$connect@P8EnvironmentVariant@@AEXXZP8StatusViewWatcher@@AEXXZ@QObject@@SA?AVConnection@QMetaObject@@PBVEnvironmentVariant@@P83@AEXXZPBVStatusViewWatcher@@P84@AEXXZW4ConnectionType@Qt@@@Z 00419410 f i workmodels.obj
 0001:00018470       ??0OperationParamSelector@@QAE@PAVQObject@@@Z 00419470 f   workmodels.obj
 0001:000184c0       ??0PlanController@@QAE@PAVQObject@@@Z 004194c0 f   workmodels.obj
 0001:00018530       ??0PlanSelector@@QAE@PAVQObject@@@Z 00419530 f   workmodels.obj
 0001:000185f0       ??0StatusViewWatcher@@QAE@PAVQObject@@@Z 004195f0 f   workmodels.obj
 0001:00018680       ??0WorkLocationManager@@QAE@PAVQObject@@@Z 00419680 f   workmodels.obj
 0001:000186a0       ??1?$QForeachContainer@V?$QList@PAVQObject@@@@@@QAE@XZ 004196a0 f i workmodels.obj
 0001:00018700       ??1PlanController@@UAE@XZ  00419700 f   workmodels.obj
 0001:00018760       ??1PlanSelector@@UAE@XZ    00419760 f   workmodels.obj
 0001:00018820       ??1StatusViewWatcher@@UAE@XZ 00419820 f   workmodels.obj
 0001:000188a0       ??1WorkLocationManager@@UAE@XZ 004198a0 f   workmodels.obj
 0001:000188b0       ??_GOperationParamSelector@@UAEPAXI@Z 004198b0 f i workmodels.obj
 0001:000188b0       ??_EOperationParamSelector@@UAEPAXI@Z 004198b0 f i workmodels.obj
 0001:000188d0       ??_GPlanController@@UAEPAXI@Z 004198d0 f i workmodels.obj
 0001:000188d0       ??_EPlanController@@UAEPAXI@Z 004198d0 f i workmodels.obj
 0001:00018940       ??_GPlanSelector@@UAEPAXI@Z 00419940 f i workmodels.obj
 0001:00018940       ??_EPlanSelector@@UAEPAXI@Z 00419940 f i workmodels.obj
 0001:00018960       ??_EStatusViewWatcher@@UAEPAXI@Z 00419960 f i workmodels.obj
 0001:00018960       ??_GStatusViewWatcher@@UAEPAXI@Z 00419960 f i workmodels.obj
 0001:00018a00       ??_EWorkLocationManager@@UAEPAXI@Z 00419a00 f i workmodels.obj
 0001:00018a00       ??_GWorkLocationManager@@UAEPAXI@Z 00419a00 f i workmodels.obj
 0001:00018a30       ?WorkPlaceConstraint@EnvironmentVariant@@QAE?AVQJsonArray@@XZ 00419a30 f i workmodels.obj
 0001:00018a60       ?addPlan@PlanSelector@@QAEXABVQString@@@Z 00419a60 f   workmodels.obj
 0001:00018a80       ?addStep@PlanSelector@@QAEXHHH@Z 00419a80 f   workmodels.obj
 0001:00018aa0       ?boardConfigIndex@PlanSelector@@QAEHH@Z 00419aa0 f   workmodels.obj
 0001:00018ac0       ?commitParam@PlanSelector@@QAEXHHABVQString@@ABVQVariant@@@Z 00419ac0 f   workmodels.obj
 0001:00018ae0       ?copyStep@PlanSelector@@QAE?AVQString@@HHH@Z 00419ae0 f   workmodels.obj
 0001:00018b10       ?detach_helper_grow@?$QList@PAVQObject@@@@AAEPAUNode@1@HH@Z 00419b10 f i workmodels.obj
 0001:00018b10       ?detach_helper_grow@?$QList@H@@AAEPAUNode@1@HH@Z 00419b10 f i configfilehandler.obj
 0001:00018c50       ?eventFilter@PlanController@@UAE_NPAVQObject@@PAVQEvent@@@Z 00419c50 f   workmodels.obj
 0001:00018ca0       ?eventFilter@PlanSelector@@MAE_NPAVQObject@@PAVQEvent@@@Z 00419ca0 f   workmodels.obj
 0001:00018ce0       ?eventFilter@StatusViewWatcher@@UAE_NPAVQObject@@PAVQEvent@@@Z 00419ce0 f   workmodels.obj
 0001:00018d20       ?exportConfigFile@ConfigFileConverter@@QAE_NABVQUrl@@@Z 00419d20 f   workmodels.obj
 0001:00018d90       ?getBoardTypeIndexByPosition@OperationParamSelector@@QAEHH@Z 00419d90 f   workmodels.obj
 0001:00018d90       ?getBoardTypeIndexByPosition@PlanSelector@@QAEHH@Z 00419d90 f   workmodels.obj
 0001:00018db0       ?getPlanBoardTypeIndexByPosition@PlanSelector@@QAEHHH@Z 00419db0 f   workmodels.obj
 0001:00018dd0       ?getSwitch@OperationParamSelector@@QAEPAVQObject@@ABVQString@@@Z 00419dd0 f   workmodels.obj
 0001:00018f40       ?getSwitch@PlanSelector@@QAEPAVQObject@@ABVQString@@@Z 00419f40 f   workmodels.obj
 0001:000190b0       ?getWorkLocationTypeList@WorkLocationManager@@QAE?AVQJsonObject@@XZ 0041a0b0 f   workmodels.obj
 0001:000190e0       ?getWorkPlaceConstraint@WorkLocationManager@@QAE?AVQJsonArray@@XZ 0041a0e0 f   workmodels.obj
 0001:00019110       ?importConfigFile@ConfigFileConverter@@QAE_NABVQUrl@@@Z 0041a110 f   workmodels.obj
 0001:00019180       ?init@OperationParamSelector@@QAEXABVQString@@@Z 0041a180 f   workmodels.obj
 0001:00019200       ?moveStep@PlanSelector@@QAEXHHH@Z 0041a200 f   workmodels.obj
 0001:00019220       ?name@OperationParamObject@@QBE?AVQString@@XZ 0041a220 f i workmodels.obj
 0001:00019220       ?getIpAddress@TargetMachineObject@@QBE?AVQString@@XZ 0041a220 f i environmentvariant.obj
 0001:00019220       ?getOperationName@SingleOperationObject@@QAE?AVQString@@XZ 0041a220 f i moc_workmodels.obj
 0001:00019240       ?onCompleteSingleOperation@OperationParamSelector@@QAEXXZ 0041a240 f   workmodels.obj
 0001:000194d0       ?onMachineConfigChanged@TargetMachineObject@@QAE_NXZ 0041a4d0 f   workmodels.obj
 0001:00019570       ?onSave@PlanSelector@@QAE_NXZ 0041a570 f   workmodels.obj
 0001:00019580       ?operationCurrentIndex@PlanSelector@@QAEHXZ 0041a580 f   workmodels.obj
 0001:000195a0       ?pausePlan@PlanController@@QAEXXZ 0041a5a0 f   workmodels.obj
 0001:000195b0       ?planListModel@PlanSelector@@QAE?AVQStringList@@XZ 0041a5b0 f   workmodels.obj
 0001:000195e0       ?planSelectStepListModel@PlanSelector@@QAE?AVQStringList@@H@Z 0041a5e0 f   workmodels.obj
 0001:00019610       ?readConfigFIle@ConfigFileConverter@@QAE?AVQString@@ABVQUrl@@@Z 0041a610 f   workmodels.obj
 0001:00019700       ?removePlan@PlanSelector@@QAEXH@Z 0041a700 f   workmodels.obj
 0001:00019720       ?removeStep@PlanSelector@@QAEXHH@Z 0041a720 f   workmodels.obj
 0001:00019740       ?resumePlan@PlanController@@QAEXXZ 0041a740 f   workmodels.obj
 0001:00019770       ?setBoardConfigIndex@PlanSelector@@QAEXHH@Z 0041a770 f   workmodels.obj
 0001:00019790       ?setPlanName@PlanSelector@@QAEXHABVQString@@@Z 0041a790 f   workmodels.obj
 0001:000197b0       ?setSelectedOperation@OperationParamSelector@@QAEXH@Z 0041a7b0 f   workmodels.obj
 0001:00019b80       ?setSelectedOperation@PlanSelector@@QAEXHHH@Z 0041ab80 f   workmodels.obj
 0001:0001a040       ?setSelectedStep@PlanSelector@@QAEXHH@Z 0041b040 f   workmodels.obj
 0001:0001a420       ?setWorkLocationType@WorkLocationManager@@QAE_NHHABVQString@@@Z 0041b420 f   workmodels.obj
 0001:0001a440       ?startCheckPlan@PlanSelector@@QAEXH@Z 0041b440 f   workmodels.obj
 0001:0001a460       ?startPlan@PlanController@@QAEXHH@Z 0041b460 f   workmodels.obj
 0001:0001a490       ?stepListModel@PlanSelector@@QAE?AVQStringList@@H@Z 0041b490 f   workmodels.obj
 0001:0001a4c0       ?stopCheckPlan@PlanSelector@@QAEXXZ 0041b4c0 f   workmodels.obj
 0001:0001a4d0       ?stopPlan@PlanController@@QAEXXZ 0041b4d0 f   workmodels.obj
 0001:0001a4e0       ?updateWorkPlace@WorkLocationManager@@QAE_NABVQJsonObject@@@Z 0041b4e0 f   workmodels.obj
 0001:0001a500       ??$connect@P8SubThreadCheckWorker@@AEXABVQJsonObject@@@ZP8WorkflowCheckerController@@AEX0@Z@QObject@@SA?AVConnection@QMetaObject@@PBVSubThreadCheckWorker@@P83@AEXABVQJsonObject@@@ZPBVWorkflowCheckerController@@P85@AEX1@ZW4ConnectionType@Qt@@@Z 0041b500 f i workflowChecker.obj
 0001:0001a570       ??$connect@P8WorkflowCheckerController@@AEXABVQJsonArray@@@ZP8SubThreadCheckWorker@@AEX0@Z@QObject@@SA?AVConnection@QMetaObject@@PBVWorkflowCheckerController@@P83@AEXABVQJsonArray@@@ZPBVSubThreadCheckWorker@@P85@AEX1@ZW4ConnectionType@Qt@@@Z 0041b570 f i workflowChecker.obj
 0001:0001a5e0       ??$connect@P8WorkflowCheckerController@@AEXABVQJsonObject@@@ZP8SubThreadCheckWorker@@AEX0@Z@QObject@@SA?AVConnection@QMetaObject@@PBVWorkflowCheckerController@@P83@AEXABVQJsonObject@@@ZPBVSubThreadCheckWorker@@P85@AEX1@ZW4ConnectionType@Qt@@@Z 0041b5e0 f i workflowChecker.obj
 0001:0001a650       ??$connect@P8WorkflowCheckerController@@AEXXZP8SubThreadCheckWorker@@AEXXZ@QObject@@SA?AVConnection@QMetaObject@@PBVWorkflowCheckerController@@P83@AEXXZPBVSubThreadCheckWorker@@P84@AEXXZW4ConnectionType@Qt@@@Z 0041b650 f i workflowChecker.obj
 0001:0001a6b0       ??0WorkflowCheckerController@@QAE@PAVQObject@@@Z 0041b6b0 f   workflowChecker.obj
 0001:0001a830       ??1?$QMap@VQString@@H@@QAE@XZ 0041b830 f i workflowChecker.obj
 0001:0001a8d0       ??1WorkflowCheckerController@@UAE@XZ 0041b8d0 f   workflowChecker.obj
 0001:0001a940       ??A?$QMap@VQString@@H@@QAEAAHABVQString@@@Z 0041b940 f i workflowChecker.obj
 0001:0001a9c0       ??_ECheckStateChangeEvent@@UAEPAXI@Z 0041b9c0 f i workflowChecker.obj
 0001:0001a9c0       ??_EStatusChangeEvent@@UAEPAXI@Z 0041b9c0 f i workflowprotocol.obj
 0001:0001a9c0       ??_GStatusChangeEvent@@UAEPAXI@Z 0041b9c0 f i workflowprotocol.obj
 0001:0001a9c0       ??_GCheckStateChangeEvent@@UAEPAXI@Z 0041b9c0 f i workflowChecker.obj
 0001:0001a9f0       ??_ESubThreadCheckWorker@@UAEPAXI@Z 0041b9f0 f i workflowChecker.obj
 0001:0001a9f0       ??_GSubThreadCheckWorker@@UAEPAXI@Z 0041b9f0 f i workflowChecker.obj
 0001:0001aa40       ??_GWorkflowCheckerController@@UAEPAXI@Z 0041ba40 f i workflowChecker.obj
 0001:0001aa40       ??_EWorkflowCheckerController@@UAEPAXI@Z 0041ba40 f i workflowChecker.obj
 0001:0001aad0       ?CheckBoardConstraint@SubThreadCheckWorker@@IAE_NABVQJsonObject@@@Z 0041bad0 f   workflowChecker.obj
 0001:0001ae80       ?CheckParamConstraint@SubThreadCheckWorker@@IAE_NABVQJsonObject@@@Z 0041be80 f   workflowChecker.obj
 0001:0001b730       ?checkTask@WorkflowCheckerController@@QAEXABVQJsonObject@@@Z 0041c730 f   workflowChecker.obj
 0001:0001b740       ?configChecker@SubThreadCheckWorker@@QAEXABVQJsonArray@@@Z 0041c740 f   workflowChecker.obj
 0001:0001baa0       ?copy@?$QMapNode@VQString@@H@@QBEPAU1@PAU?$QMapData@VQString@@H@@@Z 0041caa0 f i workflowChecker.obj
 0001:0001bb20       ?createNode@?$QMapData@VQString@@H@@QAEPAU?$QMapNode@VQString@@H@@ABVQString@@ABHPAU2@_N@Z 0041cb20 f i workflowChecker.obj
 0001:0001bb60       ?destroySubTree@?$QMapNode@VQString@@H@@QAEXXZ 0041cb60 f i workflowChecker.obj
 0001:0001bb90       ?detach_helper@?$QMap@VQString@@H@@AAEXXZ 0041cb90 f i workflowChecker.obj
 0001:0001bc30       ?doCheck@SubThreadCheckWorker@@QAEXABVQJsonObject@@@Z 0041cc30 f   workflowChecker.obj
 0001:0001c210       ?forceStop@SubThreadCheckWorker@@QAEXXZ 0041d210 f   workflowChecker.obj
 0001:0001c220       ?impl@?$QSlotObject@P8WorkflowCheckerController@@AEXABVQJsonObject@@@ZU?$List@ABVQJsonObject@@@QtPrivate@@X@QtPrivate@@CAXHPAVQSlotObjectBase@2@PAVQObject@@PAPAXPA_N@Z 0041d220 f i workflowChecker.obj
 0001:0001c220       ?impl@?$QSlotObject@P8SubThreadWorker@@AEXABVQJsonObject@@@ZU?$List@ABVQJsonObject@@@QtPrivate@@X@QtPrivate@@CAXHPAVQSlotObjectBase@2@PAVQObject@@PAPAXPA_N@Z 0041d220 f i workflowprotocol.obj
 0001:0001c220       ?impl@?$QSlotObject@P8WorkflowController@@AEXABVQJsonObject@@@ZU?$List@ABVQJsonObject@@@QtPrivate@@X@QtPrivate@@CAXHPAVQSlotObjectBase@2@PAVQObject@@PAPAXPA_N@Z 0041d220 f i workflowprotocol.obj
 0001:0001c220       ?impl@?$QSlotObject@P8SubThreadCheckWorker@@AEXABVQJsonArray@@@ZU?$List@ABVQJsonArray@@@QtPrivate@@X@QtPrivate@@CAXHPAVQSlotObjectBase@2@PAVQObject@@PAPAXPA_N@Z 0041d220 f i workflowChecker.obj
 0001:0001c220       ?impl@?$QSlotObject@P8SubThreadWorker@@AEXABVQString@@@ZU?$List@ABVQString@@@QtPrivate@@X@QtPrivate@@CAXHPAVQSlotObjectBase@2@PAVQObject@@PAPAXPA_N@Z 0041d220 f i workflowprotocol.obj
 0001:0001c220       ?impl@?$QSlotObject@P8SubThreadCheckWorker@@AEXABVQJsonObject@@@ZU?$List@ABVQJsonObject@@@QtPrivate@@X@QtPrivate@@CAXHPAVQSlotObjectBase@2@PAVQObject@@PAPAXPA_N@Z 0041d220 f i workflowChecker.obj
 0001:0001c280       ?init@WorkflowCheckerController@@QAEXABVQJsonArray@@@Z 0041d280 f   workflowChecker.obj
 0001:0001c290       ?insert@?$QMap@VQString@@H@@QAE?AViterator@1@ABVQString@@ABH@Z 0041d290 f i workflowChecker.obj
 0001:0001c350       ?isFilteredCommand@SubThreadCheckWorker@@IAE_NABVQJsonObject@@@Z 0041d350 f   workflowChecker.obj
 0001:0001c770       ?remove@?$QMap@VQString@@H@@QAEHABVQString@@@Z 0041d770 f i workflowChecker.obj
 0001:0001c820       ?statusChanged@WorkflowCheckerController@@QAEXABVQJsonObject@@@Z 0041d820 f   workflowChecker.obj
 0001:0001c8c0       ?stopCurrentCheck@WorkflowCheckerController@@QAEXXZ 0041d8c0 f   workflowChecker.obj
 0001:0001c8e0       ?types@?$ConnectionTypes@U?$List@ABVQJsonArray@@@QtPrivate@@$00@QtPrivate@@SAPBHXZ 0041d8e0 f i workflowChecker.obj
 0001:0001c940       ?changeHost@WorkflowController@@QAEXABVQString@@G@Z 0041d940 f   moc_workflowprotocol.obj
 0001:0001c990       ?configProtocol@WorkflowController@@QAEXABVQString@@@Z 0041d990 f   moc_workflowprotocol.obj
 0001:0001c9c0       ?metaObject@SubThreadWorker@@UBEPBUQMetaObject@@XZ 0041d9c0 f   moc_workflowprotocol.obj
 0001:0001c9e0       ?metaObject@WorkflowController@@UBEPBUQMetaObject@@XZ 0041d9e0 f   moc_workflowprotocol.obj
 0001:0001ca00       ?pauseTask@WorkflowController@@QAEXXZ 0041da00 f   moc_workflowprotocol.obj
 0001:0001ca20       ?qt_metacall@SubThreadWorker@@UAEHW4Call@QMetaObject@@HPAPAX@Z 0041da20 f   moc_workflowprotocol.obj
 0001:0001ca80       ?qt_metacall@WorkflowController@@UAEHW4Call@QMetaObject@@HPAPAX@Z 0041da80 f   moc_workflowprotocol.obj
 0001:0001cae0       ?qt_metacast@SubThreadWorker@@UAEPAXPBD@Z 0041dae0 f   moc_workflowprotocol.obj
 0001:0001cb40       ?qt_metacast@WorkflowController@@UAEPAXPBD@Z 0041db40 f   moc_workflowprotocol.obj
 0001:0001cba0       ?qt_static_metacall@SubThreadWorker@@CAXPAVQObject@@W4Call@QMetaObject@@HPAPAX@Z 0041dba0 f   moc_workflowprotocol.obj
 0001:0001cca0       ?qt_static_metacall@WorkflowController@@CAXPAVQObject@@W4Call@QMetaObject@@HPAPAX@Z 0041dca0 f   moc_workflowprotocol.obj
 0001:0001cdf0       ?runNewTask@WorkflowController@@QAEXABVQJsonObject@@@Z 0041ddf0 f   moc_workflowprotocol.obj
 0001:0001ce20       ?runNewTunning@WorkflowController@@QAEXABVQJsonObject@@@Z 0041de20 f   moc_workflowprotocol.obj
 0001:0001ce50       ?statusChanged@SubThreadWorker@@QAEXABVQJsonObject@@@Z 0041de50 f   moc_workflowprotocol.obj
 0001:0001ce80       ?stopTask@WorkflowController@@QAEXXZ 0041de80 f   moc_workflowprotocol.obj
 0001:0001cea0       ?taskStateChanged@SubThreadWorker@@QAEXABVQString@@H@Z 0041dea0 f   moc_workflowprotocol.obj
 0001:0001cef0       ?updateStopState@WorkflowController@@QAEXXZ 0041def0 f   moc_workflowprotocol.obj
 0001:0001cf10       ?configChecker@WorkflowCheckerController@@QAEXABVQJsonArray@@@Z 0041df10 f   moc_workflowChecker.obj
 0001:0001cf40       ?metaObject@SubThreadCheckWorker@@UBEPBUQMetaObject@@XZ 0041df40 f   moc_workflowChecker.obj
 0001:0001cf60       ?metaObject@WorkflowCheckerController@@UBEPBUQMetaObject@@XZ 0041df60 f   moc_workflowChecker.obj
 0001:0001cf80       ?qt_metacall@SubThreadCheckWorker@@UAEHW4Call@QMetaObject@@HPAPAX@Z 0041df80 f   moc_workflowChecker.obj
 0001:0001cfe0       ?qt_metacall@WorkflowCheckerController@@UAEHW4Call@QMetaObject@@HPAPAX@Z 0041dfe0 f   moc_workflowChecker.obj
 0001:0001d040       ?qt_metacast@SubThreadCheckWorker@@UAEPAXPBD@Z 0041e040 f   moc_workflowChecker.obj
 0001:0001d0a0       ?qt_metacast@WorkflowCheckerController@@UAEPAXPBD@Z 0041e0a0 f   moc_workflowChecker.obj
 0001:0001d100       ?qt_static_metacall@SubThreadCheckWorker@@CAXPAVQObject@@W4Call@QMetaObject@@HPAPAX@Z 0041e100 f   moc_workflowChecker.obj
 0001:0001d190       ?qt_static_metacall@WorkflowCheckerController@@CAXPAVQObject@@W4Call@QMetaObject@@HPAPAX@Z 0041e190 f   moc_workflowChecker.obj
 0001:0001d250       ?runNewCheck@WorkflowCheckerController@@QAEXABVQJsonObject@@@Z 0041e250 f   moc_workflowChecker.obj
 0001:0001d280       ?statusChanged@SubThreadCheckWorker@@QAEXABVQJsonObject@@@Z 0041e280 f   moc_workflowChecker.obj
 0001:0001d2b0       ?stopCheck@WorkflowCheckerController@@QAEXXZ 0041e2b0 f   moc_workflowChecker.obj
 0001:0001d2d0       ?metaObject@configFileHandler@@UBEPBUQMetaObject@@XZ 0041e2d0 f   moc_configfilehandler.obj
 0001:0001d2f0       ?qt_metacall@configFileHandler@@UAEHW4Call@QMetaObject@@HPAPAX@Z 0041e2f0 f   moc_configfilehandler.obj
 0001:0001d300       ?qt_metacast@configFileHandler@@UAEPAXPBD@Z 0041e300 f   moc_configfilehandler.obj
 0001:0001d360       ?metaObject@EnvironmentVariant@@UBEPBUQMetaObject@@XZ 0041e360 f   moc_environmentvariant.obj
 0001:0001d380       ?qt_metacall@EnvironmentVariant@@UAEHW4Call@QMetaObject@@HPAPAX@Z 0041e380 f   moc_environmentvariant.obj
 0001:0001d3e0       ?qt_metacast@EnvironmentVariant@@UAEPAXPBD@Z 0041e3e0 f   moc_environmentvariant.obj
 0001:0001d440       ?qt_static_metacall@EnvironmentVariant@@CAXPAVQObject@@W4Call@QMetaObject@@HPAPAX@Z 0041e440 f   moc_environmentvariant.obj
 0001:0001d490       ?workLocationTypeChanged@EnvironmentVariant@@QAEXXZ 0041e490 f   moc_environmentvariant.obj
 0001:0001d4b0       ??$atImpl@V?$QList@PAVQObject@@@@@QSequentialIterableImpl@QtMetaTypePrivate@@SAPBXPBXH@Z 0041e4b0 f i moc_workmodels.obj
 0001:0001d4b0       ??$atImpl@V?$QList@H@@@QSequentialIterableImpl@QtMetaTypePrivate@@SAPBXPBXH@Z 0041e4b0 f i moc_workmodels.obj
 0001:0001d4d0       ??$equal@PBQAVQObject@@V?$checked_array_iterator@PBQAVQObject@@@stdext@@U?$equal_to@X@std@@@std@@YA_NPBQAVQObject@@0V?$checked_array_iterator@PBQAVQObject@@@stdext@@U?$equal_to@X@0@@Z 0041e4d0 f i moc_workmodels.obj
 0001:0001d4d0       ??$equal@PBHV?$checked_array_iterator@PBH@stdext@@U?$equal_to@X@std@@@std@@YA_NPBH0V?$checked_array_iterator@PBH@stdext@@U?$equal_to@X@0@@Z 0041e4d0 f i moc_workmodels.obj
 0001:0001d550       ??$getImpl@V?$QList@PAVQObject@@@@@QSequentialIterableImpl@QtMetaTypePrivate@@SA?AUVariantData@1@PBQAXHI@Z 0041e550 f i moc_workmodels.obj
 0001:0001d550       ??$getImpl@V?$QList@H@@@QSequentialIterableImpl@QtMetaTypePrivate@@SA?AUVariantData@1@PBQAXHI@Z 0041e550 f i moc_workmodels.obj
 0001:0001d570       ??$moveToBeginImpl@V?$QList@PAVQObject@@@@@QSequentialIterableImpl@QtMetaTypePrivate@@SAXPBXPAPAX@Z 0041e570 f i moc_workmodels.obj
 0001:0001d570       ??$moveToBeginImpl@V?$QList@H@@@QSequentialIterableImpl@QtMetaTypePrivate@@SAXPBXPAPAX@Z 0041e570 f i moc_workmodels.obj
 0001:0001d5a0       ??$moveToEndImpl@V?$QList@PAVQObject@@@@@QSequentialIterableImpl@QtMetaTypePrivate@@SAXPBXPAPAX@Z 0041e5a0 f i moc_workmodels.obj
 0001:0001d5a0       ??$moveToEndImpl@V?$QList@H@@@QSequentialIterableImpl@QtMetaTypePrivate@@SAXPBXPAPAX@Z 0041e5a0 f i moc_workmodels.obj
 0001:0001d5d0       ??$sizeImpl@V?$QList@H@@@QSequentialIterableImpl@QtMetaTypePrivate@@SAHPBX@Z 0041e5d0 f i moc_workmodels.obj
 0001:0001d5d0       ??$sizeImpl@V?$QList@PAVQObject@@@@@QSequentialIterableImpl@QtMetaTypePrivate@@SAHPBX@Z 0041e5d0 f i moc_workmodels.obj
 0001:0001d5e0       ??0QSequentialIterableImpl@QtMetaTypePrivate@@QAE@XZ 0041e5e0 f i moc_workmodels.obj
 0001:0001d650       ?Construct@?$QMetaTypeFunctionHelper@V?$QList@H@@$00@QtMetaTypePrivate@@SAPAXPAXPBX@Z 0041e650 f i moc_workmodels.obj
 0001:0001d650       ?Construct@?$QMetaTypeFunctionHelper@V?$QList@PAVQObject@@@@$00@QtMetaTypePrivate@@SAPAXPAXPBX@Z 0041e650 f i moc_workmodels.obj
 0001:0001d6d0       ?Construct@?$QMetaTypeFunctionHelper@VQSequentialIterableImpl@QtMetaTypePrivate@@$00@QtMetaTypePrivate@@SAPAXPAXPBX@Z 0041e6d0 f i moc_workmodels.obj
 0001:0001d710       ?Destruct@?$QMetaTypeFunctionHelper@V?$QList@H@@$00@QtMetaTypePrivate@@SAXPAX@Z 0041e710 f i moc_workmodels.obj
 0001:0001d710       ?Destruct@?$QMetaTypeFunctionHelper@V?$QList@PAVQObject@@@@$00@QtMetaTypePrivate@@SAXPAX@Z 0041e710 f i moc_workmodels.obj
 0001:0001d780       ?MachineConfigChanged@TargetMachineObject@@QAEXXZ 0041e780 f   moc_workmodels.obj
 0001:0001d7a0       ?UnitChanged@OperationParamObject@@QAEXXZ 0041e7a0 f   moc_workmodels.obj
 0001:0001d7c0       ?administratorChanged@AdministratorChecker@@QAEXXZ 0041e7c0 f   moc_workmodels.obj
 0001:0001d7e0       ?advance@?$IteratorOwnerCommon@Vconst_iterator@?$QList@H@@@QtMetaTypePrivate@@SAXPAPAXH@Z 0041e7e0 f i moc_workmodels.obj
 0001:0001d7e0       ?advance@?$IteratorOwnerCommon@Vconst_iterator@?$QList@PAVQObject@@@@@QtMetaTypePrivate@@SAXPAPAXH@Z 0041e7e0 f i moc_workmodels.obj
 0001:0001d7f0       ?assign@?$IteratorOwnerCommon@Vconst_iterator@?$QList@PAVQObject@@@@@QtMetaTypePrivate@@SAXPAPAXPBQAX@Z 0041e7f0 f i moc_workmodels.obj
 0001:0001d7f0       ?assign@?$IteratorOwnerCommon@Vconst_iterator@?$QList@H@@@QtMetaTypePrivate@@SAXPAPAXPBQAX@Z 0041e7f0 f i moc_workmodels.obj
 0001:0001d810       ?boolValueChanged@OperationParamObject@@QAEXXZ 0041e810 f   moc_workmodels.obj
 0001:0001d830       ?bottomValueChanged@OperationParamObject@@QAEXXZ 0041e830 f   moc_workmodels.obj
 0001:0001d850       ?convert@?$ConverterFunctor@V?$QList@H@@VQSequentialIterableImpl@QtMetaTypePrivate@@U?$QSequentialIterableConvertFunctor@V?$QList@H@@@3@@QtPrivate@@SA_NPBUAbstractConverterFunction@2@PBXPAX@Z 0041e850 f i moc_workmodels.obj
 0001:0001d8f0       ?convert@?$ConverterFunctor@V?$QList@PAVQObject@@@@VQSequentialIterableImpl@QtMetaTypePrivate@@U?$QSequentialIterableConvertFunctor@V?$QList@PAVQObject@@@@@3@@QtPrivate@@SA_NPBUAbstractConverterFunction@2@PBXPAX@Z 0041e8f0 f i moc_workmodels.obj
 0001:0001d990       ?currentIndexChanged@OperationParamSelector@@QAEXXZ 0041e990 f   moc_workmodels.obj
 0001:0001d9b0       ?destroy@?$IteratorOwnerCommon@Vconst_iterator@?$QList@PAVQObject@@@@@QtMetaTypePrivate@@SAXPAPAX@Z 0041e9b0 f i moc_workmodels.obj
 0001:0001d9b0       ?destroy@?$IteratorOwnerCommon@Vconst_iterator@?$QList@H@@@QtMetaTypePrivate@@SAXPAPAX@Z 0041e9b0 f i moc_workmodels.obj
 0001:0001d9d0       ?display@OperationParamObject@@QBE?AVQString@@XZ 0041e9d0 f i moc_workmodels.obj
 0001:0001d9f0       ?displayChanged@OperationParamObject@@QAEXXZ 0041e9f0 f   moc_workmodels.obj
 0001:0001da10       ?equal@?$IteratorOwnerCommon@Vconst_iterator@?$QList@PAVQObject@@@@@QtMetaTypePrivate@@SA_NPBQAX0@Z 0041ea10 f i moc_workmodels.obj
 0001:0001da10       ?equal@?$IteratorOwnerCommon@Vconst_iterator@?$QList@H@@@QtMetaTypePrivate@@SA_NPBQAX0@Z 0041ea10 f i moc_workmodels.obj
 0001:0001da30       ?factorChanged@OperationParamObject@@QAEXXZ 0041ea30 f   moc_workmodels.obj
 0001:0001da50       ?floatValueChanged@OperationParamObject@@QAEXXZ 0041ea50 f   moc_workmodels.obj
 0001:0001da70       ?getLicenseNumber@TargetMachineObject@@QBE?AVQString@@XZ 0041ea70 f i moc_workmodels.obj
 0001:0001da90       ?getParamListModel@PlanSelector@@QAE?AV?$QList@PAVQObject@@@@XZ 0041ea90 f i moc_workmodels.obj
 0001:0001dab0       ?getParamModel@OperationParamSelector@@QAE?AV?$QList@PAVQObject@@@@XZ 0041eab0 f i moc_workmodels.obj
 0001:0001dad0       ?intListValue@OperationParamObject@@QAE?AV?$QList@H@@XZ 0041ead0 f i moc_workmodels.obj
 0001:0001daf0       ?intListValueChanged@OperationParamObject@@QAEXXZ 0041eaf0 f   moc_workmodels.obj
 0001:0001db10       ?integerValueChanged@OperationParamObject@@QAEXXZ 0041eb10 f   moc_workmodels.obj
 0001:0001db30       ?metaObject@AdministratorChecker@@UBEPBUQMetaObject@@XZ 0041eb30 f   moc_workmodels.obj
 0001:0001db50       ?metaObject@ConfigFileConverter@@UBEPBUQMetaObject@@XZ 0041eb50 f   moc_workmodels.obj
 0001:0001db70       ?metaObject@OperationParamObject@@UBEPBUQMetaObject@@XZ 0041eb70 f   moc_workmodels.obj
 0001:0001db90       ?metaObject@OperationParamSelector@@UBEPBUQMetaObject@@XZ 0041eb90 f   moc_workmodels.obj
 0001:0001dbb0       ?metaObject@PlanController@@UBEPBUQMetaObject@@XZ 0041ebb0 f   moc_workmodels.obj
 0001:0001dbd0       ?metaObject@PlanSelector@@UBEPBUQMetaObject@@XZ 0041ebd0 f   moc_workmodels.obj
 0001:0001dbf0       ?metaObject@StatusViewWatcher@@UBEPBUQMetaObject@@XZ 0041ebf0 f   moc_workmodels.obj
 0001:0001dc10       ?metaObject@TargetMachineObject@@UBEPBUQMetaObject@@XZ 0041ec10 f   moc_workmodels.obj
 0001:0001dc30       ?metaObject@WorkLocationManager@@UBEPBUQMetaObject@@XZ 0041ec30 f   moc_workmodels.obj
 0001:0001dc50       ?nameChanged@OperationParamObject@@QAEXXZ 0041ec50 f   moc_workmodels.obj
 0001:0001dc70       ?op_eq_impl@?$QList@PAVQObject@@@@ABE_NABV1@UArrayCompatibleLayout@QListData@@@Z 0041ec70 f i moc_workmodels.obj
 0001:0001dc70       ?op_eq_impl@?$QList@H@@ABE_NABV1@UArrayCompatibleLayout@QListData@@@Z 0041ec70 f i moc_workmodels.obj
 0001:0001dce0       ?op_eq_impl@?$QList@VQString@@@@ABE_NABV1@UArrayCompatibleLayout@QListData@@@Z 0041ece0 f i moc_workmodels.obj
 0001:0001dd50       ?operationListModel@PlanSelector@@QAE?AVQStringList@@XZ 0041ed50 f i moc_workmodels.obj
 0001:0001dd70       ?operationModel@OperationParamSelector@@QAE?AVQStringList@@XZ 0041ed70 f i moc_workmodels.obj
 0001:0001dd90       ?operationNameChanged@SingleOperationObject@@QAEXXZ 0041ed90 f   moc_workmodels.obj
 0001:0001ddb0       ?pageNameChanged@OperationParamSelector@@QAEXXZ 0041edb0 f   moc_workmodels.obj
 0001:0001ddd0       ?paramListModelChanged@PlanSelector@@QAEXXZ 0041edd0 f   moc_workmodels.obj
 0001:0001ddf0       ?paramModelChanged@OperationParamSelector@@QAEXXZ 0041edf0 f   moc_workmodels.obj
 0001:0001de10       ?planCheckStatusChanged@PlanSelector@@QAEXABVQJsonObject@@@Z 0041ee10 f   moc_workmodels.obj
 0001:0001de40       ?qt_metacall@AdministratorChecker@@UAEHW4Call@QMetaObject@@HPAPAX@Z 0041ee40 f   moc_workmodels.obj
 0001:0001def0       ?qt_metacall@ConfigFileConverter@@UAEHW4Call@QMetaObject@@HPAPAX@Z 0041eef0 f   moc_workmodels.obj
 0001:0001df50       ?qt_metacall@OperationParamObject@@UAEHW4Call@QMetaObject@@HPAPAX@Z 0041ef50 f   moc_workmodels.obj
 0001:0001dff0       ?qt_metacall@OperationParamSelector@@UAEHW4Call@QMetaObject@@HPAPAX@Z 0041eff0 f   moc_workmodels.obj
 0001:0001e0a0       ?qt_metacall@PlanController@@UAEHW4Call@QMetaObject@@HPAPAX@Z 0041f0a0 f   moc_workmodels.obj
 0001:0001e100       ?qt_metacall@PlanSelector@@UAEHW4Call@QMetaObject@@HPAPAX@Z 0041f100 f   moc_workmodels.obj
 0001:0001e1b0       ?qt_metacall@StatusViewWatcher@@UAEHW4Call@QMetaObject@@HPAPAX@Z 0041f1b0 f   moc_workmodels.obj
 0001:0001e210       ?qt_metacall@TargetMachineObject@@UAEHW4Call@QMetaObject@@HPAPAX@Z 0041f210 f   moc_workmodels.obj
 0001:0001e2d0       ?qt_metacall@WorkLocationManager@@UAEHW4Call@QMetaObject@@HPAPAX@Z 0041f2d0 f   moc_workmodels.obj
 0001:0001e330       ?qt_metacast@AdministratorChecker@@UAEPAXPBD@Z 0041f330 f   moc_workmodels.obj
 0001:0001e390       ?qt_metacast@ConfigFileConverter@@UAEPAXPBD@Z 0041f390 f   moc_workmodels.obj
 0001:0001e3f0       ?qt_metacast@OperationParamObject@@UAEPAXPBD@Z 0041f3f0 f   moc_workmodels.obj
 0001:0001e490       ?qt_metacast@OperationParamSelector@@UAEPAXPBD@Z 0041f490 f   moc_workmodels.obj
 0001:0001e4f0       ?qt_metacast@PlanController@@UAEPAXPBD@Z 0041f4f0 f   moc_workmodels.obj
 0001:0001e550       ?qt_metacast@PlanSelector@@UAEPAXPBD@Z 0041f550 f   moc_workmodels.obj
 0001:0001e5b0       ?qt_metacast@StatusViewWatcher@@UAEPAXPBD@Z 0041f5b0 f   moc_workmodels.obj
 0001:0001e610       ?qt_metacast@TargetMachineObject@@UAEPAXPBD@Z 0041f610 f   moc_workmodels.obj
 0001:0001e6b0       ?qt_metacast@WorkLocationManager@@UAEPAXPBD@Z 0041f6b0 f   moc_workmodels.obj
 0001:0001e710       ?qt_metatype_id@?$QMetaTypeId@V?$QList@H@@@@SAHXZ 0041f710 f i moc_workmodels.obj
 0001:0001e830       ?qt_metatype_id@?$QMetaTypeId@V?$QList@PAVQObject@@@@@@SAHXZ 0041f830 f i moc_workmodels.obj
 0001:0001e8d0       ?qt_metatype_id@?$QMetaTypeId@VQSequentialIterableImpl@QtMetaTypePrivate@@@@SAHXZ 0041f8d0 f i moc_workmodels.obj
 0001:0001e960       ?qt_static_metacall@AdministratorChecker@@CAXPAVQObject@@W4Call@QMetaObject@@HPAPAX@Z 0041f960 f   moc_workmodels.obj
 0001:0001e9e0       ?qt_static_metacall@ConfigFileConverter@@CAXPAVQObject@@W4Call@QMetaObject@@HPAPAX@Z 0041f9e0 f   moc_workmodels.obj
 0001:0001ea60       ?qt_static_metacall@OperationParamObject@@CAXPAVQObject@@W4Call@QMetaObject@@HPAPAX@Z 0041fa60 f   moc_workmodels.obj
 0001:0001efd0       ?qt_static_metacall@OperationParamSelector@@CAXPAVQObject@@W4Call@QMetaObject@@HPAPAX@Z 0041ffd0 f   moc_workmodels.obj
 0001:0001f280       ?qt_static_metacall@PlanController@@CAXPAVQObject@@W4Call@QMetaObject@@HPAPAX@Z 00420280 f   moc_workmodels.obj
 0001:0001f310       ?qt_static_metacall@PlanSelector@@CAXPAVQObject@@W4Call@QMetaObject@@HPAPAX@Z 00420310 f   moc_workmodels.obj
 0001:0001f890       ?qt_static_metacall@SingleOperationObject@@CAXPAVQObject@@W4Call@QMetaObject@@HPAPAX@Z 00420890 f   moc_workmodels.obj
 0001:0001f940       ?qt_static_metacall@StatusViewWatcher@@CAXPAVQObject@@W4Call@QMetaObject@@HPAPAX@Z 00420940 f   moc_workmodels.obj
 0001:0001f9e0       ?qt_static_metacall@TargetMachineObject@@CAXPAVQObject@@W4Call@QMetaObject@@HPAPAX@Z 004209e0 f   moc_workmodels.obj
 0001:0001fb40       ?qt_static_metacall@WorkLocationManager@@CAXPAVQObject@@W4Call@QMetaObject@@HPAPAX@Z 00420b40 f   moc_workmodels.obj
 0001:0001fc70       ?registerConverter@?$ValueTypeIsMetaType@V?$QList@H@@$00@QtPrivate@@SA_NH@Z 00420c70 f i moc_workmodels.obj
 0001:0001fd00       ?registerConverter@?$ValueTypeIsMetaType@V?$QList@PAVQObject@@@@$00@QtPrivate@@SA_NH@Z 00420d00 f i moc_workmodels.obj
 0001:0001fd90       ?revertSwitchChanged@OperationParamObject@@QAEXXZ 00420d90 f   moc_workmodels.obj
 0001:0001fdb0       ?setBoolValue@OperationParamObject@@QAEX_N@Z 00420db0 f i moc_workmodels.obj
 0001:0001fde0       ?setBottomValue@OperationParamObject@@QAEXH@Z 00420de0 f i moc_workmodels.obj
 0001:0001fe10       ?setDisplay@OperationParamObject@@QAEXABVQString@@@Z 00420e10 f i moc_workmodels.obj
 0001:0001fe50       ?setFactor@OperationParamObject@@QAEXH@Z 00420e50 f i moc_workmodels.obj
 0001:0001fe80       ?setFloatValue@OperationParamObject@@QAEXN@Z 00420e80 f i moc_workmodels.obj
 0001:0001fec0       ?setIntListValue@OperationParamObject@@QAEXABV?$QList@H@@@Z 00420ec0 f i moc_workmodels.obj
 0001:0001ffa0       ?setIntegerValue@OperationParamObject@@QAEXH@Z 00420fa0 f i moc_workmodels.obj
 0001:0001ffd0       ?setName@OperationParamObject@@QAEXABVQString@@@Z 00420fd0 f i moc_workmodels.obj
 0001:00020010       ?setOperationName@SingleOperationObject@@QAEXABVQString@@@Z 00421010 f i moc_workmodels.obj
 0001:00020050       ?setParamListModel@PlanSelector@@QAEXABV?$QList@PAVQObject@@@@@Z 00421050 f i moc_workmodels.obj
 0001:00020130       ?setParamModel@OperationParamSelector@@QAEXABV?$QList@PAVQObject@@@@@Z 00421130 f i moc_workmodels.obj
 0001:00020210       ?setRevertSwitch@OperationParamObject@@QAEX_N@Z 00421210 f i moc_workmodels.obj
 0001:00020240       ?setStringValue@OperationParamObject@@QAEXABVQString@@@Z 00421240 f i moc_workmodels.obj
 0001:00020280       ?setStringlistValue@OperationParamObject@@QAEXABVQStringList@@@Z 00421280 f i moc_workmodels.obj
 0001:00020300       ?setSwitchValue@OperationParamObject@@QAEXABVQString@@@Z 00421300 f i moc_workmodels.obj
 0001:00020340       ?setTopValue@OperationParamObject@@QAEXH@Z 00421340 f i moc_workmodels.obj
 0001:00020370       ?setUnit@OperationParamObject@@QAEXABVQString@@@Z 00421370 f i moc_workmodels.obj
 0001:000203b0       ?settype@OperationParamObject@@QAEXABVQString@@@Z 004213b0 f i moc_workmodels.obj
 0001:000203f0       ?statusChanged@StatusViewWatcher@@QAEXABVQJsonObject@@@Z 004213f0 f   moc_workmodels.obj
 0001:00020420       ?stringListValue@OperationParamObject@@QBE?AVQStringList@@XZ 00421420 f i moc_workmodels.obj
 0001:00020440       ?stringValue@OperationParamObject@@QBE?AVQString@@XZ 00421440 f i moc_workmodels.obj
 0001:00020460       ?stringValueChanged@OperationParamObject@@QAEXXZ 00421460 f   moc_workmodels.obj
 0001:00020480       ?stringlistValueChanged@OperationParamObject@@QAEXXZ 00421480 f   moc_workmodels.obj
 0001:000204a0       ?switchValue@OperationParamObject@@QBE?AVQString@@XZ 004214a0 f i moc_workmodels.obj
 0001:000204c0       ?switchValueChanged@OperationParamObject@@QAEXXZ 004214c0 f   moc_workmodels.obj
 0001:000204e0       ?taskStateChanged@PlanController@@QAEXABVQString@@@Z 004214e0 f   moc_workmodels.obj
 0001:00020510       ?topValueChanged@OperationParamObject@@QAEXXZ 00421510 f   moc_workmodels.obj
 0001:00020530       ?type@OperationParamObject@@QBE?AVQString@@XZ 00421530 f i moc_workmodels.obj
 0001:00020550       ?typeChanged@OperationParamObject@@QAEXXZ 00421550 f   moc_workmodels.obj
 0001:00020570       ?unit@OperationParamObject@@QBE?AVQString@@XZ 00421570 f i moc_workmodels.obj
 0001:00020590       ?workLocationTypeChanged@StatusViewWatcher@@QAEXXZ 00421590 f   moc_workmodels.obj
 0001:000205a4       _MiniDumpWriteDump@28      004215a4 f   DbgHelp:dbghelp.dll
 0001:000205aa       ?fixup@QValidator@@UBEXAAVQString@@@Z 004215aa f   Qt5Gui:Qt5Gui.dll
 0001:000205b0       ?metaObject@QDoubleValidator@@UBEPBUQMetaObject@@XZ 004215b0 f   Qt5Gui:Qt5Gui.dll
 0001:000205b6       ?qt_metacall@QDoubleValidator@@UAEHW4Call@QMetaObject@@HPAPAX@Z 004215b6 f   Qt5Gui:Qt5Gui.dll
 0001:000205bc       ?qt_metacast@QDoubleValidator@@UAEPAXPBD@Z 004215bc f   Qt5Gui:Qt5Gui.dll
 0001:000205c2       ?setRange@QDoubleValidator@@UAEXNNH@Z 004215c2 f   Qt5Gui:Qt5Gui.dll
 0001:000205c8       ?childEvent@QObject@@MAEXPAVQChildEvent@@@Z 004215c8 f   Qt5Core:Qt5Core.dll
 0001:000205ce       ?connectNotify@QObject@@MAEXABVQMetaMethod@@@Z 004215ce f   Qt5Core:Qt5Core.dll
 0001:000205d4       ?customEvent@QObject@@MAEXPAVQEvent@@@Z 004215d4 f   Qt5Core:Qt5Core.dll
 0001:000205da       ?disconnectNotify@QObject@@MAEXABVQMetaMethod@@@Z 004215da f   Qt5Core:Qt5Core.dll
 0001:000205e0       ?event@QObject@@UAE_NPAVQEvent@@@Z 004215e0 f   Qt5Core:Qt5Core.dll
 0001:000205e6       ?eventFilter@QObject@@UAE_NPAV1@PAVQEvent@@@Z 004215e6 f   Qt5Core:Qt5Core.dll
 0001:000205ec       ?timerEvent@QObject@@MAEXPAVQTimerEvent@@@Z 004215ec f   Qt5Core:Qt5Core.dll
 0001:000205f2       ?qRegisterResourceData@@YA_NHPBE00@Z 004215f2 f   Qt5Core:Qt5Core.dll
 0001:000205f8       ?qUnregisterResourceData@@YA_NHPBE00@Z 004215f8 f   Qt5Core:Qt5Core.dll
 0001:000205fe       @__security_check_cookie@4 004215fe f   MSVCRT:_secchk_.obj
 0001:0002060f       ??2@YAPAXI@Z               0042160f f   MSVCRT:new_scalar.obj
 0001:00020642       ??3@YAXPAXI@Z              00421642 f   MSVCRT:delete_scalar_size.obj
 0001:00020710       ??$__crt_fast_encode_pointer@P6GXPAU_RTL_CONDITION_VARIABLE@@@Z@@YAP6GXPAU_RTL_CONDITION_VARIABLE@@@ZQ6GX0@Z@Z 00421710 f i MSVCRT:thread_safe_statics.obj
 0001:00020710       ??$__crt_fast_encode_pointer@P6GHPAU_RTL_CONDITION_VARIABLE@@PAU_RTL_CRITICAL_SECTION@@K@Z@@YAP6GHPAU_RTL_CONDITION_VARIABLE@@PAU_RTL_CRITICAL_SECTION@@K@ZQ6GH01K@Z@Z 00421710 f i MSVCRT:thread_safe_statics.obj
 0001:00020749       __Init_thread_footer       00421749 f   MSVCRT:thread_safe_statics.obj
 0001:00020788       __Init_thread_header       00421788 f   MSVCRT:thread_safe_statics.obj
 0001:000207ce       __Init_thread_lock         004217ce f   MSVCRT:thread_safe_statics.obj
 0001:000207da       __Init_thread_notify       004217da f   MSVCRT:thread_safe_statics.obj
 0001:0002081b       __Init_thread_unlock       0042181b f   MSVCRT:thread_safe_statics.obj
 0001:00020827       __Init_thread_wait         00421827 f   MSVCRT:thread_safe_statics.obj
 0001:0002088c       ??_Etype_info@@UAEPAXI@Z   0042188c f i MSVCRT:std_type_info_static.obj
 0001:0002088c       ??_Gtype_info@@UAEPAXI@Z   0042188c f i MSVCRT:std_type_info_static.obj
 0001:000208af       ??3@YAXPAX@Z               004218af f   MSVCRT:delete_scalar.obj
 0001:000208f8       ___scrt_acquire_startup_lock 004218f8 f   MSVCRT:utility.obj
 0001:0002092d       ___scrt_initialize_crt     0042192d f   MSVCRT:utility.obj
[...]
 0002:00058710       __ehfuncinfo$?qt_metatype_id@?$QMetaTypeIdQObject@PAVWorkLocationManager@@$07@@SAHXZ 0047f710     main.obj
 0002:00058710       __ehfuncinfo$?qt_metatype_id@?$QMetaTypeIdQObject@PAVPlanController@@$07@@SAHXZ 0047f710     main.obj
 0002:00058710       __ehfuncinfo$?qt_metatype_id@?$QMetaTypeIdQObject@PAVOperationParamSelector@@$07@@SAHXZ 0047f710     main.obj
 0002:00058734       __unwindtable$??$createInto@VOperationParamSelector@@@QQmlPrivate@@YAXPAX@Z 0047f734     main.obj
 0002:00058734       __unwindtable$??$createInto@VWorkLocationManager@@@QQmlPrivate@@YAXPAX@Z 0047f734     main.obj
 0002:00058734       __unwindtable$??$createInto@VPlanSelector@@@QQmlPrivate@@YAXPAX@Z 0047f734     main.obj
 0002:00058734       __unwindtable$??$createInto@VPlanController@@@QQmlPrivate@@YAXPAX@Z 0047f734     main.obj
 0002:00058734       __unwindtable$??$createInto@VStatusViewWatcher@@@QQmlPrivate@@YAXPAX@Z 0047f734     main.obj
 0002:00058734       __unwindtable$??$createInto@VOperationParamObject@@@QQmlPrivate@@YAXPAX@Z 0047f734     main.obj
 0002:00058734       __unwindtable$??$createInto@VTextFieldDoubleValidator@@@QQmlPrivate@@YAXPAX@Z 0047f734     main.obj
 0002:0005873c       __ehfuncinfo$??$createInto@VPlanController@@@QQmlPrivate@@YAXPAX@Z 0047f73c     main.obj
 0002:0005873c       __ehfuncinfo$??$createInto@VStatusViewWatcher@@@QQmlPrivate@@YAXPAX@Z 0047f73c     main.obj
 0002:0005873c       __ehfuncinfo$??$createInto@VTextFieldDoubleValidator@@@QQmlPrivate@@YAXPAX@Z 0047f73c     main.obj
 0002:0005873c       __ehfuncinfo$??$createInto@VOperationParamObject@@@QQmlPrivate@@YAXPAX@Z 0047f73c     main.obj
 0002:0005873c       __ehfuncinfo$??$createInto@VPlanSelector@@@QQmlPrivate@@YAXPAX@Z 0047f73c     main.obj
 0002:0005873c       __ehfuncinfo$??$createInto@VOperationParamSelector@@@QQmlPrivate@@YAXPAX@Z 0047f73c     main.obj
 0002:0005873c       __ehfuncinfo$??$createInto@VWorkLocationManager@@@QQmlPrivate@@YAXPAX@Z 0047f73c     main.obj
 0002:00058794       __unwindtable$??_GWorkflowCheckerController@@UAEPAXI@Z 0047f794     workflowChecker.obj
 0002:00058794       __unwindtable$??4SingleOperationData@@QAEAAV0@$$QAV0@@Z 0047f794     environmentvariant.obj
 0002:00058794       __unwindtable$??4?$QList@VSinglePlanData@@@@QAEAAV0@$$QAV0@@Z 0047f794     configfilehandler.obj
 0002:00058794       __unwindtable$??4?$QList@H@@QAEAAV0@$$QAV0@@Z 0047f794     configfilehandler.obj
 0002:00058794       __unwindtable$??1SinglePlanData@@QAE@XZ 0047f794     configfilehandler.obj
 0002:00058794       __unwindtable$??_GWorkflowController@@UAEPAXI@Z 0047f794     workflowprotocol.obj
 0002:00058794       __unwindtable$??_GSinglePlanData@@QAEPAXI@Z 0047f794     configfilehandler.obj
 0002:00058794       __unwindtable$??4?$QList@PAVQObject@@@@QAEAAV0@$$QAV0@@Z 0047f794     workmodels.obj
 0002:00058794       __unwindtable$??1SubThreadWorker@@UAE@XZ 0047f794     workflowprotocol.obj
 0002:0005879c       __ehfuncinfo$??4SingleOperationData@@QAEAAV0@$$QAV0@@Z 0047f79c     environmentvariant.obj
 0002:0005879c       __ehfuncinfo$??1SubThreadWorker@@UAE@XZ 0047f79c     workflowprotocol.obj
 0002:0005879c       __ehfuncinfo$??_GWorkflowCheckerController@@UAEPAXI@Z 0047f79c     workflowChecker.obj
 0002:0005879c       __ehfuncinfo$??4?$QList@H@@QAEAAV0@$$QAV0@@Z 0047f79c     configfilehandler.obj
 0002:0005879c       __ehfuncinfo$??_GSinglePlanData@@QAEPAXI@Z 0047f79c     configfilehandler.obj
 0002:0005879c       __ehfuncinfo$??1SinglePlanData@@QAE@XZ 0047f79c     configfilehandler.obj
 0002:0005879c       __ehfuncinfo$??_GWorkflowController@@UAEPAXI@Z 0047f79c     workflowprotocol.obj
 0002:0005879c       __ehfuncinfo$??4?$QList@VSinglePlanData@@@@QAEAAV0@$$QAV0@@Z 0047f79c     configfilehandler.obj
 0002:0005879c       __ehfuncinfo$??4?$QList@PAVQObject@@@@QAEAAV0@$$QAV0@@Z 0047f79c     workmodels.obj
 0002:000587c0       __catchsym$?detach_helper_grow@?$QList@PAVQObject@@@@AAEPAUNode@1@HH@Z$10 0047f7c0     workmodels.obj
 0002:000587c0       __catchsym$?detach_helper_grow@?$QList@H@@AAEPAUNode@1@HH@Z$10 0047f7c0     configfilehandler.obj
 0002:000587d0       __catchsym$?detach_helper_grow@?$QList@H@@AAEPAUNode@1@HH@Z$9 0047f7d0     configfilehandler.obj
 0002:000587d0       __catchsym$?detach_helper_grow@?$QList@PAVQObject@@@@AAEPAUNode@1@HH@Z$9 0047f7d0     workmodels.obj
 0002:000587e0       __unwindtable$?detach_helper_grow@?$QList@PAVQObject@@@@AAEPAUNode@1@HH@Z 0047f7e0     workmodels.obj
 0002:000587e0       __unwindtable$?detach_helper_grow@?$QList@H@@AAEPAUNode@1@HH@Z 0047f7e0     configfilehandler.obj
 0002:00058800       __ehfuncinfo$?detach_helper_grow@?$QList@PAVQObject@@@@AAEPAUNode@1@HH@Z 0047f800     workmodels.obj
 0002:00058800       __ehfuncinfo$?detach_helper_grow@?$QList@H@@AAEPAUNode@1@HH@Z 0047f800     configfilehandler.obj
 0002:00058824       __tryblocktable$?detach_helper_grow@?$QList@PAVQObject@@@@AAEPAUNode@1@HH@Z 0047f824     workmodels.obj
 0002:00058824       __tryblocktable$?detach_helper_grow@?$QList@H@@AAEPAUNode@1@HH@Z 0047f824     configfilehandler.obj
 0002:0005884c       __ehfuncinfo$?setSelectedOperation@OperationParamSelector@@QAEXH@Z 0047f84c     workmodels.obj
 0002:00058870       __unwindtable$?setSelectedOperation@OperationParamSelector@@QAEXH@Z 0047f870     workmodels.obj
 0002:000588d8       __ehfuncinfo$?onCompleteSingleOperation@OperationParamSelector@@QAEXXZ 0047f8d8     workmodels.obj
 0002:000588fc       __unwindtable$?onCompleteSingleOperation@OperationParamSelector@@QAEXXZ 0047f8fc     workmodels.obj
 0002:0005893c       __unwindtable$??0PlanSelector@@QAE@PAVQObject@@@Z 0047f93c     workmodels.obj
 0002:0005895c       __ehfuncinfo$??0PlanSelector@@QAE@PAVQObject@@@Z 0047f95c     workmodels.obj
 0002:00058980       __unwindtable$??1PlanSelector@@UAE@XZ 0047f980     workmodels.obj
 0002:00058990       __ehfuncinfo$??1PlanSelector@@UAE@XZ 0047f990     workmodels.obj
 0002:000589b4       __ehfuncinfo$?setSelectedStep@PlanSelector@@QAEXHH@Z 0047f9b4     workmodels.obj
 0002:000589d8       __unwindtable$?setSelectedStep@PlanSelector@@QAEXHH@Z 0047f9d8     workmodels.obj
 0002:00058a40       __ehfuncinfo$?setSelectedOperation@PlanSelector@@QAEXHHH@Z 0047fa40     workmodels.obj
 0002:00058a64       __unwindtable$?setSelectedOperation@PlanSelector@@QAEXHHH@Z 0047fa64     workmodels.obj
 0002:00058aec       __unwindtable$?getSwitch@PlanSelector@@QAEPAVQObject@@ABVQString@@@Z 0047faec     workmodels.obj
 0002:00058aec       __unwindtable$?getSwitch@OperationParamSelector@@QAEPAVQObject@@ABVQString@@@Z 0047faec     workmodels.obj
 0002:00058b04       __ehfuncinfo$?getSwitch@OperationParamSelector@@QAEPAVQObject@@ABVQString@@@Z 0047fb04     workmodels.obj
 0002:00058b04       __ehfuncinfo$?getSwitch@PlanSelector@@QAEPAVQObject@@ABVQString@@@Z 0047fb04     workmodels.obj
 0002:00058b28       __unwindtable$??0StatusViewWatcher@@QAE@PAVQObject@@@Z 0047fb28     workmodels.obj
 0002:00058b28       __unwindtable$??0PlanController@@QAE@PAVQObject@@@Z 0047fb28     workmodels.obj
 0002:00058b28       __unwindtable$??0configFileHandler@@QAE@PAVQObject@@@Z 0047fb28     configfilehandler.obj
 0002:00058b30       __ehfuncinfo$??0PlanController@@QAE@PAVQObject@@@Z 0047fb30     workmodels.obj
 0002:00058b30       __ehfuncinfo$??0StatusViewWatcher@@QAE@PAVQObject@@@Z 0047fb30     workmodels.obj
 0002:00058b30       __ehfuncinfo$??0configFileHandler@@QAE@PAVQObject@@@Z 0047fb30     configfilehandler.obj
 0002:00058b54       __unwindtable$??_GStatusViewWatcher@@UAEPAXI@Z 0047fb54     workmodels.obj
 0002:00058b5c       __ehfuncinfo$??_GStatusViewWatcher@@UAEPAXI@Z 0047fb5c     workmodels.obj
 0002:00058b80       __unwindtable$?onMachineConfigChanged@TargetMachineObject@@QAE_NXZ 0047fb80     workmodels.obj
 0002:00058b88       __ehfuncinfo$?onMachineConfigChanged@TargetMachineObject@@QAE_NXZ 0047fb88     workmodels.obj
 0002:00058bac       __unwindtable$?readConfigFIle@ConfigFileConverter@@QAE?AVQString@@ABVQUrl@@@Z 0047fbac     workmodels.obj
 0002:00058bcc       __ehfuncinfo$?readConfigFIle@ConfigFileConverter@@QAE?AVQString@@ABVQUrl@@@Z 0047fbcc     workmodels.obj
 0002:00058bf0       __unwindtable$??1?$QForeachContainer@$$CBV?$QList@VOperationParamData@@@@@@QAE@XZ 0047fbf0     environmentvariant.obj
 0002:00058bf0       __unwindtable$??1?$QForeachContainer@V?$QList@PAVQObject@@@@@@QAE@XZ 0047fbf0     workmodels.obj
 0002:00058bf0       __unwindtable$??1?$QForeachContainer@V?$QList@VOperationParamData@@@@@@QAE@XZ 0047fbf0     configfilehandler.obj
 0002:00058bf8       __ehfuncinfo$??1?$QForeachContainer@V?$QList@VOperationParamData@@@@@@QAE@XZ 0047fbf8     configfilehandler.obj
 0002:00058bf8       __ehfuncinfo$??1?$QForeachContainer@V?$QList@PAVQObject@@@@@@QAE@XZ 0047fbf8     workmodels.obj
 0002:00058bf8       __ehfuncinfo$??1?$QForeachContainer@$$CBV?$QList@VOperationParamData@@@@@@QAE@XZ 0047fbf8     environmentvariant.obj
 0002:00058c1c       __ehfuncinfo$?doCheck@SubThreadCheckWorker@@QAEXABVQJsonObject@@@Z 0047fc1c     workflowChecker.obj
 0002:00058c40       __unwindtable$?doCheck@SubThreadCheckWorker@@QAEXABVQJsonObject@@@Z 0047fc40     workflowChecker.obj
 0002:00058d48       __ehfuncinfo$?configChecker@SubThreadCheckWorker@@QAEXABVQJsonArray@@@Z 0047fd48     workflowChecker.obj
 0002:00058d6c       __unwindtable$?configChecker@SubThreadCheckWorker@@QAEXABVQJsonArray@@@Z 0047fd6c     workflowChecker.obj
 0002:00058df4       __ehfuncinfo$?CheckBoardConstraint@SubThreadCheckWorker@@IAE_NABVQJsonObject@@@Z 0047fdf4     workflowChecker.obj
 0002:00058e18       __unwindtable$?CheckBoardConstraint@SubThreadCheckWorker@@IAE_NABVQJsonObject@@@Z 0047fe18     workflowChecker.obj
 0002:00058ec8       __ehfuncinfo$?CheckParamConstraint@SubThreadCheckWorker@@IAE_NABVQJsonObject@@@Z 0047fec8     workflowChecker.obj
 0002:00058eec       __unwindtable$?CheckParamConstraint@SubThreadCheckWorker@@IAE_NABVQJsonObject@@@Z 0047feec     workflowChecker.obj
 0002:00059054       __ehfuncinfo$?isFilteredCommand@SubThreadCheckWorker@@IAE_NABVQJsonObject@@@Z 00480054     workflowChecker.obj
 0002:00059078       __unwindtable$?isFilteredCommand@SubThreadCheckWorker@@IAE_NABVQJsonObject@@@Z 00480078     workflowChecker.obj
 0002:00059118       __ehfuncinfo$??0WorkflowCheckerController@@QAE@PAVQObject@@@Z 00480118     workflowChecker.obj
 0002:0005913c       __unwindtable$??0WorkflowCheckerController@@QAE@PAVQObject@@@Z 0048013c     workflowChecker.obj
 0002:0005916c       __unwindtable$?qt_metatype_id@?$QMetaTypeId@V?$QList@PAVQObject@@@@@@SAHXZ 0048016c     moc_workmodels.obj
 0002:0005916c       __unwindtable$?qt_metatype_id@?$QMetaTypeId@VQSequentialIterableImpl@QtMetaTypePrivate@@@@SAHXZ 0048016c     moc_workmodels.obj
 0002:00059174       __ehfuncinfo$?qt_metatype_id@?$QMetaTypeId@V?$QList@PAVQObject@@@@@@SAHXZ 00480174     moc_workmodels.obj
 0002:00059174       __ehfuncinfo$?qt_metatype_id@?$QMetaTypeId@VQSequentialIterableImpl@QtMetaTypePrivate@@@@SAHXZ 00480174     moc_workmodels.obj
 0002:00059198       __unwindtable$?qt_static_metacall@OperationParamSelector@@CAXPAVQObject@@W4Call@QMetaObject@@HPAPAX@Z 00480198     moc_workmodels.obj
 0002:000591a0       __ehfuncinfo$?qt_static_metacall@OperationParamSelector@@CAXPAVQObject@@W4Call@QMetaObject@@HPAPAX@Z 004801a0     moc_workmodels.obj
 0002:000591c4       __unwindtable$?qt_static_metacall@PlanSelector@@CAXPAVQObject@@W4Call@QMetaObject@@HPAPAX@Z 004801c4     moc_workmodels.obj
 0002:000591e4       __ehfuncinfo$?qt_static_metacall@PlanSelector@@CAXPAVQObject@@W4Call@QMetaObject@@HPAPAX@Z 004801e4     moc_workmodels.obj
 0002:00059208       __unwindtable$??4OperationParamData@@QAEAAV0@ABV0@@Z 00480208     configfilehandler.obj
 0002:00059208       __unwindtable$?setParamListModel@PlanSelector@@QAEXABV?$QList@PAVQObject@@@@@Z 00480208     moc_workmodels.obj
 0002:00059208       __unwindtable$?clear@?$QList@UloopControl@SubThreadWorker@@@@QAEXXZ 00480208     workflowprotocol.obj
 0002:00059208       __unwindtable$?setIntListValue@OperationParamObject@@QAEXABV?$QList@H@@@Z 00480208     moc_workmodels.obj
 0002:00059208       __unwindtable$?setParamModel@OperationParamSelector@@QAEXABV?$QList@PAVQObject@@@@@Z 00480208     moc_workmodels.obj
 0002:00059210       __ehfuncinfo$?setParamModel@OperationParamSelector@@QAEXABV?$QList@PAVQObject@@@@@Z 00480210     moc_workmodels.obj
 0002:00059210       __ehfuncinfo$?setIntListValue@OperationParamObject@@QAEXABV?$QList@H@@@Z 00480210     moc_workmodels.obj
 0002:00059210       __ehfuncinfo$?setParamListModel@PlanSelector@@QAEXABV?$QList@PAVQObject@@@@@Z 00480210     moc_workmodels.obj
 0002:00059210       __ehfuncinfo$??4OperationParamData@@QAEAAV0@ABV0@@Z 00480210     configfilehandler.obj
 0002:00059210       __ehfuncinfo$?clear@?$QList@UloopControl@SubThreadWorker@@@@QAEXXZ 00480210     workflowprotocol.obj
 0002:00059234       __unwindtable$?qt_static_metacall@WorkLocationManager@@CAXPAVQObject@@W4Call@QMetaObject@@HPAPAX@Z 00480234     moc_workmodels.obj
 0002:00059244       __ehfuncinfo$?qt_static_metacall@WorkLocationManager@@CAXPAVQObject@@W4Call@QMetaObject@@HPAPAX@Z 00480244     moc_workmodels.obj
 0002:00059268       __unwindtable$?Construct@?$QMetaTypeFunctionHelper@V?$QList@H@@$00@QtMetaTypePrivate@@SAPAXPAXPBX@Z 00480268     moc_workmodels.obj
 0002:00059268       __unwindtable$?Construct@?$QMetaTypeFunctionHelper@V?$QList@PAVQObject@@@@$00@QtMetaTypePrivate@@SAPAXPAXPBX@Z 00480268     moc_workmodels.obj
 0002:00059270       __ehfuncinfo$?Construct@?$QMetaTypeFunctionHelper@V?$QList@H@@$00@QtMetaTypePrivate@@SAPAXPAXPBX@Z 00480270     moc_workmodels.obj
 0002:00059270       __ehfuncinfo$?Construct@?$QMetaTypeFunctionHelper@V?$QList@PAVQObject@@@@$00@QtMetaTypePrivate@@SAPAXPAXPBX@Z 00480270     moc_workmodels.obj
 0002:00059294       __unwindtable$?qt_metatype_id@?$QMetaTypeId@V?$QList@H@@@@SAHXZ 00480294     moc_workmodels.obj
 0002:0005929c       __ehfuncinfo$?qt_metatype_id@?$QMetaTypeId@V?$QList@H@@@@SAHXZ 0048029c     moc_workmodels.obj
 0002:000592c0       __unwindtable$??__Fdummy@?A0x60b45615@@YAXXZ 004802c0     qrc_qml.obj
 0002:000592c0       __unwindtable$??__Ff@?4??registerConverter@?$ValueTypeIsMetaType@V?$QList@PAVQObject@@@@$00@QtPrivate@@SA_NH@Z@YAXXZ 004802c0     moc_workmodels.obj
 0002:000592c0       __unwindtable$?Destruct@?$QMetaTypeFunctionHelper@V?$QList@H@@$00@QtMetaTypePrivate@@SAXPAX@Z 004802c0     moc_workmodels.obj
 0002:000592c0       __unwindtable$?Destruct@?$QMetaTypeFunctionHelper@V?$QList@PAVQObject@@@@$00@QtMetaTypePrivate@@SAXPAX@Z 004802c0     moc_workmodels.obj
 0002:000592c0       __unwindtable$??__Ff@?4??registerConverter@?$ValueTypeIsMetaType@V?$QList@H@@$00@QtPrivate@@SA_NH@Z@YAXXZ 004802c0     moc_workmodels.obj
 0002:000592c8       __ehfuncinfo$?Destruct@?$QMetaTypeFunctionHelper@V?$QList@PAVQObject@@@@$00@QtMetaTypePrivate@@SAXPAX@Z 004802c8     moc_workmodels.obj
 0002:000592c8       __ehfuncinfo$??__Ff@?4??registerConverter@?$ValueTypeIsMetaType@V?$QList@PAVQObject@@@@$00@QtPrivate@@SA_NH@Z@YAXXZ 004802c8     moc_workmodels.obj
 0002:000592c8       __ehfuncinfo$??__Ff@?4??registerConverter@?$ValueTypeIsMetaType@V?$QList@H@@$00@QtPrivate@@SA_NH@Z@YAXXZ 004802c8     moc_workmodels.obj
 0002:000592c8       __ehfuncinfo$?Destruct@?$QMetaTypeFunctionHelper@V?$QList@H@@$00@QtMetaTypePrivate@@SAXPAX@Z 004802c8     moc_workmodels.obj
 0002:000592c8       __ehfuncinfo$??__Fdummy@?A0x60b45615@@YAXXZ 004802c8     qrc_qml.obj
 0002:000592f0       __sehtable$___scrt_is_nonwritable_in_current_image 004802f0     MSVCRT:utility.obj
 0002:00059310       __sehtable$?__scrt_common_main_seh@@YAHXZ 00480310     MSVCRT:exe_winmain.obj
 0002:00059af0       .idata$6                   00480af0     DbgHelp:dbghelp.dll
 0002:00059bf4       .idata$6                   00480bf4     Qt5Quick:Qt5Quick.dll
 0002:00059f4c       .idata$6                   00480f4c     Qt5Gui:Qt5Gui.dll
 0002:0005a0a8       .idata$6                   004810a8     Qt5Qml:Qt5Qml.dll
 0002:0005a1ba       .idata$6                   004811ba     Qt5Network:Qt5Network.dll
 0002:0005c6ac       .idata$6                   004836ac     Qt5Core:Qt5Core.dll
 0002:0005c8f8       .idata$6                   004838f8     kernel32:KERNEL32.dll
 0002:0005c93c       .idata$6                   0048393c     ole32:ole32.dll
 0002:0005c946       .idata$6                   00483946     oleaut32:OLEAUT32.dll
 0002:0005ca2a       .idata$6                   00483a2a     vcruntime:VCRUNTIME140.dll
 0002:0005cc30       .idata$6                   00483c30     ucrt:api-ms-win-crt-runtime-l1-1-0.dll
 0002:0005cc52       .idata$6                   00483c52     ucrt:api-ms-win-crt-heap-l1-1-0.dll
 0002:0005cc72       .idata$6                   00483c72     ucrt:api-ms-win-crt-math-l1-1-0.dll
 0002:0005cc92       .idata$6                   00483c92     ucrt:api-ms-win-crt-stdio-l1-1-0.dll
 0002:0005ccb2       .idata$6                   00483cb2     ucrt:api-ms-win-crt-locale-l1-1-0.dll
 0002:0005ccea       .idata$6                   00483cea     shell32:SHELL32.dll
 0003:000007e0       ?_Tss_mutex@@3U_RTL_CRITICAL_SECTION@@A 004847e0     MSVCRT:thread_safe_statics.obj
 0003:000007f8       ?_Tss_cv@@3U_RTL_CONDITION_VARIABLE@@A 004847f8     MSVCRT:thread_safe_statics.obj
 0003:000007fc       ?_Tss_event@@3PAXA         004847fc     MSVCRT:thread_safe_statics.obj
 0003:00000800       ?encoded_sleep_condition_variable_cs@@3P6GHPAU_RTL_CONDITION_VARIABLE@@PAU_RTL_CRITICAL_SECTION@@K@ZA 00484800     MSVCRT:thread_safe_statics.obj
 0003:00000804       ?encoded_wake_all_condition_variable@@3P6GXPAU_RTL_CONDITION_VARIABLE@@@ZA 00484804     MSVCRT:thread_safe_statics.obj
 0003:00000814       ?module_local_atexit_table@@3U_onexit_table_t@@A 00484814     MSVCRT:utility.obj
 0003:00000820       ?module_local_at_quick_exit_table@@3U_onexit_table_t@@A 00484820     MSVCRT:utility.obj
 0003:0000082c       ?is_initialized_as_dll@@3_NA 0048482c     MSVCRT:utility.obj
 0003:00000830       _GS_ExceptionRecord        00484830     MSVCRT:gs_report.obj
 0003:00000880       _GS_ContextRecord          00484880     MSVCRT:gs_report.obj
 0005:00000000       __guard_fids__             00486000     MSVCRT:thread_safe_statics.obj
 0005:00000004       __guard_fids_?__scrt_initialize_thread_safe_statics@@YAHXZ 00486004     MSVCRT:thread_safe_statics.obj
 0005:00000008       __guard_fids__             00486008     MSVCRT:std_type_info_static.obj
 0005:0000000c       __guard_fids__             0048600c     MSVCRT:exe_winmain.obj
 0005:00000010       __guard_fids__             00486010     MSVCRT:exe_winmain.obj
 0005:00000014       __guard_fids__             00486014     MSVCRT:exe_winmain.obj
 0005:00000018       __guard_fids_?pre_c_initialization@@YAHXZ 00486018     MSVCRT:exe_winmain.obj
 0005:00000020       __guard_fids__             00486020     MSVCRT:throw_bad_alloc.obj
 0005:00000028       __guard_fids__             00486028     MSVCRT:throw_bad_alloc.obj
 0005:00000030       __guard_fids__             00486030     MSVCRT:throw_bad_alloc.obj
 0005:00000038       __guard_fids__             00486038     MSVCRT:throw_bad_alloc.obj
 0005:0000003c       __guard_fids__             0048603c     MSVCRT:throw_bad_alloc.obj
 0005:00000040       __guard_fids__             00486040     MSVCRT:throw_bad_alloc.obj
 0005:00000044       __guard_fids__             00486044     MSVCRT:throw_bad_alloc.obj
 0005:00000048       __guard_fids__             00486048     MSVCRT:throw_bad_alloc.obj
 0005:0000004c       __guard_fids____scrt_set_unhandled_exception_filter 0048604c     MSVCRT:utility_desktop.obj
 0005:00000050       __guard_fids___except_handler4 00486050     MSVCRT:_chandler4gs_.obj
 0005:00000054       __guard_fids__             00486054     MSVCRT:guard_support.obj
 0006:00000060       $R000000                   00487060     * linker generated manifest res *
