 MindGoTool_AllInOne

 Timestamp is 598c6901 (Thu Aug 10 22:09:05 2017)

 Preferred load address is 00400000

 Start         Length     Name                   Class
 0001:00000000 00000120H .text$di                CODE
 0001:00000120 0001d1b0H .text$mn                CODE
 0001:0001d2d0 00003ae0H .text$x                 CODE
 0001:00020db0 000000fdH .text$yd                CODE
 0002:00000000 00000574H .idata$5                DATA
 0002:00000574 00000004H .00cfg                  DATA
 0002:00000578 00000004H .CRT$XCA                DATA
 0002:0000057c 00000004H .CRT$XCAA               DATA
 0002:00000580 00000040H .CRT$XCU                DATA
 0002:000005c0 00000004H .CRT$XCZ                DATA
 0002:000005c4 00000004H .CRT$XIA                DATA
 0002:000005c8 00000004H .CRT$XIAA               DATA
 0002:000005cc 00000004H .CRT$XIAC               DATA
 0002:000005d0 00000004H .CRT$XIC                DATA
 0002:000005d4 00000004H .CRT$XIZ                DATA
 0002:000005d8 00000004H .CRT$XLA                DATA
 0002:000005dc 00000004H .CRT$XLZ                DATA
 0002:000005e0 00000004H .CRT$XPA                DATA
 0002:000005e4 00000004H .CRT$XPZ                DATA
 0002:000005e8 00000004H .CRT$XTA                DATA
 0002:000005ec 00000004H .CRT$XTZ                DATA
 0002:000005f0 0004f224H .rdata                  DATA
 0002:0004f814 00000018H .rdata$T                DATA
 0002:0004f82c 000009f4H .rdata$r                DATA
 0002:00050220 00000254H .rdata$sxdata           DATA
 0002:00050474 000003ccH .rdata$zzzdbg           DATA
 0002:00050840 00000004H .rtc$IAA                DATA
 0002:00050844 00000004H .rtc$IZZ                DATA
 0002:00050848 00000004H .rtc$TAA                DATA
 0002:0005084c 00000004H .rtc$TZZ                DATA
 0002:00050850 000043f4H .xdata$x                DATA
 0002:00054c44 00000000H .edata                  DATA
 0002:00054c44 00000118H .idata$2                DATA
 0002:00054d5c 00000014H .idata$3                DATA
 0002:00054d70 00000574H .idata$4                DATA
 0002:000552e4 00002f96H .idata$6                DATA
 0003:00000000 00000198H .data                   DATA
 0003:00000198 00000528H .data$r                 DATA
 0003:000006c0 00000420H .bss                    DATA
 0004:00000000 00000004H .tls                    DATA
 0004:00000004 00000004H .tls$                   DATA
 0004:00000008 00000001H .tls$ZZZ                DATA
 0005:00000000 00000058H .gfids$y                DATA
 0006:00000000 00000060H .rsrc$01                DATA
 0006:00000060 00000290H .rsrc$02                DATA

  Address         Publics by Value              Rva+Base       Lib:Object

 0000:00000000       ___guard_longjmp_table     00000000     <absolute>
 0000:00000000       ___guard_fids_table        00000000     <absolute>
 0000:00000000       ___guard_iat_count         00000000     <absolute>
 0000:00000000       ___dynamic_value_reloc_table 00000000     <absolute>
 0000:00000000       ___guard_fids_count        00000000     <absolute>
 0000:00000000       ___guard_iat_table         00000000     <absolute>
 0000:00000000       ___guard_longjmp_count     00000000     <absolute>
 0000:0000002c       __tls_array                0000002c     <absolute>
 0000:00000095       ___safe_se_handler_count   00000095     <absolute>
 0000:00000100       ___guard_flags             00000100     <absolute>
 0000:00000000       ___ImageBase               00400000     <linker-defined>
 0001:00000120       ??0Communication@@QAE@XZ   00401120 f   communication.obj
 0001:00000140       ?connectToServer@Communication@@QAE_NABVQString@@G@Z 00401140 f   communication.obj
 0001:00000260       ?disconnect@Communication@@QAEXXZ 00401260 f   communication.obj
 0001:00000280       ?readData@Communication@@QAE?AVQByteArray@@H@Z 00401280 f   communication.obj
 0001:00000300       ?write@Communication@@QAE_JABVQByteArray@@@Z 00401300 f   communication.obj
 0001:00000350       ??$connect@P8QThread@@AEXUQPrivateSignal@1@@ZP8QObject@@AEXXZ@QObject@@SA?AVConnection@QMetaObject@@PBVQThread@@P83@AEXUQPrivateSignal@3@@ZPBV0@P80@AEXXZW4ConnectionType@Qt@@@Z 00401350 f i workflowprotocol.obj
 0001:000003b0       ??$connect@P8SubThreadWorker@@AEXABVQJsonObject@@@ZP8WorkflowController@@AEX0@Z@QObject@@SA?AVConnection@QMetaObject@@PBVSubThreadWorker@@P83@AEXABVQJsonObject@@@ZPBVWorkflowController@@P85@AEX1@ZW4ConnectionType@Qt@@@Z 004013b0 f i workflowprotocol.obj
 0001:00000420       ??$connect@P8SubThreadWorker@@AEX_NH@ZP8WorkflowController@@AEX0H@Z@QObject@@SA?AVConnection@QMetaObject@@PBVSubThreadWorker@@P83@AEX_NH@ZPBVWorkflowController@@P84@AEX1H@ZW4ConnectionType@Qt@@@Z 00401420 f i workflowprotocol.obj
 0001:00000490       ??$connect@P8WorkflowController@@AEXABVQJsonObject@@@ZP8SubThreadWorker@@AEX0@Z@QObject@@SA?AVConnection@QMetaObject@@PBVWorkflowController@@P83@AEXABVQJsonObject@@@ZPBVSubThreadWorker@@P85@AEX1@ZW4ConnectionType@Qt@@@Z 00401490 f i workflowprotocol.obj
 0001:00000500       ??$connect@P8WorkflowController@@AEXABVQString@@@ZP8SubThreadWorker@@AEX0@Z@QObject@@SA?AVConnection@QMetaObject@@PBVWorkflowController@@P83@AEXABVQString@@@ZPBVSubThreadWorker@@P85@AEX1@ZW4ConnectionType@Qt@@@Z 00401500 f i workflowprotocol.obj
 0001:00000570       ??$connect@P8WorkflowController@@AEXABVQString@@G@ZP8SubThreadWorker@@AEX0G@Z@QObject@@SA?AVConnection@QMetaObject@@PBVWorkflowController@@P83@AEXABVQString@@G@ZPBVSubThreadWorker@@P85@AEX1G@ZW4ConnectionType@Qt@@@Z 00401570 f i workflowprotocol.obj
 0001:000005e0       ??$connect@P8WorkflowController@@AEXXZP8SubThreadWorker@@AEXXZ@QObject@@SA?AVConnection@QMetaObject@@PBVWorkflowController@@P83@AEXXZPBVSubThreadWorker@@P84@AEXXZW4ConnectionType@Qt@@@Z 004015e0 f i workflowprotocol.obj
 0001:00000640       ??$formatWord@E@WorkflowProtocol@@IAE?AVQByteArray@@E@Z 00401640 f i workflowprotocol.obj
 0001:00000670       ??$formatWord@G@WorkflowProtocol@@IAE?AVQByteArray@@G@Z 00401670 f i workflowprotocol.obj
 0001:000006a0       ??0?$QList@VQString@@@@QAE@ABV0@@Z 004016a0 f i workflowprotocol.obj
 0001:00000750       ??0WorkflowController@@QAE@PAVQObject@@@Z 00401750 f   workflowprotocol.obj
 0001:00000940       ??1?$QList@VQString@@@@QAE@XZ 00401940 f i workflowprotocol.obj
 0001:000009d0       ??1Communication@@QAE@XZ   004019d0 f i workflowprotocol.obj
 0001:000009e0       ??1?$QForeachContainer@VQStringList@@@@QAE@XZ 004019e0 f i workflowprotocol.obj
 0001:000009e0       ??1?$QForeachContainer@$$CBVQStringList@@@@QAE@XZ 004019e0 f i environmentvariant.obj
 0001:000009e0       ??1QStringList@@QAE@XZ     004019e0 f i workflowprotocol.obj
 0001:000009f0       ??1SubThreadWorker@@UAE@XZ 004019f0 f   workflowprotocol.obj
 0001:00000a90       ??1WorkflowController@@UAE@XZ 00401a90 f   workflowprotocol.obj
 0001:00000b00       ??4?$QList@UloopControl@SubThreadWorker@@@@QAEAAV0@$$QAV0@@Z 00401b00 f i workflowprotocol.obj
 0001:00000bb0       ??_GRunningStateChangeEvent@@UAEPAXI@Z 00401bb0 f i workflowprotocol.obj
 0001:00000bb0       ??_ERunningStateChangeEvent@@UAEPAXI@Z 00401bb0 f i workflowprotocol.obj
 0001:00000be0       ??_ESubThreadWorker@@UAEPAXI@Z 00401be0 f i workflowprotocol.obj
 0001:00000be0       ??_GSubThreadWorker@@UAEPAXI@Z 00401be0 f i workflowprotocol.obj
 0001:00000c00       ??_GWorkflowController@@UAEPAXI@Z 00401c00 f i workflowprotocol.obj
 0001:00000c00       ??_EWorkflowController@@UAEPAXI@Z 00401c00 f i workflowprotocol.obj
 0001:00000c90       ?append@?$QList@UloopControl@SubThreadWorker@@@@QAEXABUloopControl@SubThreadWorker@@@Z 00401c90 f i workflowprotocol.obj
 0001:00000d40       ?append@?$QList@VQString@@@@QAEXABVQString@@@Z 00401d40 f i workflowprotocol.obj
 0001:00000df0       ?changeHost@SubThreadWorker@@QAEXABVQString@@G@Z 00401df0 f   workflowprotocol.obj
 0001:00000e10       ?clear@?$QList@UloopControl@SubThreadWorker@@@@QAEXXZ 00401e10 f i workflowprotocol.obj
 0001:00000eb0       ?configProtocol@SubThreadWorker@@QAEXABVQString@@@Z 00401eb0 f   workflowprotocol.obj
 0001:00000ec0       ?dealloc@?$QList@UloopControl@SubThreadWorker@@@@AAEXPAUData@QListData@@@Z 00401ec0 f i workflowprotocol.obj
 0001:00000f10       ?detach_helper@?$QList@UloopControl@SubThreadWorker@@@@AAEXH@Z 00401f10 f i workflowprotocol.obj
 0001:00000fe0       ?detach_helper_grow@?$QList@UloopControl@SubThreadWorker@@@@AAEPAUNode@1@HH@Z 00401fe0 f i workflowprotocol.obj
 0001:00001130       ?detach_helper_grow@?$QList@VQString@@@@AAEPAUNode@1@HH@Z 00402130 f i workflowprotocol.obj
 0001:000012b0       ?doTunning@SubThreadWorker@@QAEXABVQJsonObject@@@Z 004022b0 f   workflowprotocol.obj
 0001:000013e0       ?doWork@SubThreadWorker@@QAEXABVQJsonObject@@@Z 004023e0 f   workflowprotocol.obj
 0001:00001710       ?erase@?$QList@UloopControl@SubThreadWorker@@@@QAE?AViterator@1@V21@@Z 00402710 f i workflowprotocol.obj
 0001:00001790       ?formatRecvFrameToJsonObject@WorkflowProtocol@@QAE_NAAVQJsonObject@@@Z 00402790 f   workflowprotocol.obj
 0001:00001830       ?handleControlCommand@SubThreadWorker@@IAE_NAAVCommunication@@AAVQJsonObject@@@Z 00402830 f   workflowprotocol.obj
 0001:000021d0       ?handleLogicalCommand@SubThreadWorker@@IAE_NAAVQJsonObject@@AAH@Z 004031d0 f   workflowprotocol.obj
 0001:00002940       ?handleLoopCommand@SubThreadWorker@@IAE_NAAVQJsonObject@@AAH@Z 00403940 f   workflowprotocol.obj
 0001:000030d0       ?impl@?$QSlotObject@P8SubThreadWorker@@AEXABVQString@@G@ZU?$List@ABVQString@@G@QtPrivate@@X@QtPrivate@@CAXHPAVQSlotObjectBase@2@PAVQObject@@PAPAXPA_N@Z 004040d0 f i workflowprotocol.obj
 0001:00003130       ?impl@?$QSlotObject@P8WorkflowController@@AEX_NH@ZU?$List@_NH@QtPrivate@@X@QtPrivate@@CAXHPAVQSlotObjectBase@2@PAVQObject@@PAPAXPA_N@Z 00404130 f i workflowprotocol.obj
 0001:00003190       ?init@WorkflowController@@QAEXABVQString@@@Z 00404190 f   workflowprotocol.obj
 0001:000031a0       ?initProtocol@WorkflowProtocol@@QAE_NABVQString@@@Z 004041a0 f   workflowprotocol.obj
 0001:000032f0       ?isLogicalCommand@SubThreadWorker@@IAE_NABVQString@@@Z 004042f0 f   workflowprotocol.obj
 0001:00003510       ?isLoopCommand@SubThreadWorker@@IAE_NABVQString@@@Z 00404510 f   workflowprotocol.obj
 0001:00003760       ?node_copy@?$QList@UloopControl@SubThreadWorker@@@@AAEXPAUNode@1@00@Z 00404760 f i workflowprotocol.obj
 0001:00003800       ?node_copy@?$QList@VQString@@@@AAEXPAUNode@1@00@Z 00404800 f i workflowprotocol.obj
 0001:00003840       ?node_destruct@?$QList@UloopControl@SubThreadWorker@@@@AAEXPAUNode@1@0@Z 00404840 f i workflowprotocol.obj
 0001:00003870       ?node_destruct@?$QList@VQString@@@@AAEXPAUNode@1@0@Z 00404870 f i workflowprotocol.obj
 0001:000038a0       ?parseAckFrame@WorkflowProtocol@@QAE_NABVQByteArray@@AAVQJsonObject@@@Z 004048a0 f   workflowprotocol.obj
 0001:00003980       ?parseJsonObjectToSendFrame@WorkflowProtocol@@QAE_NABVQJsonObject@@AAV2@@Z 00404980 f   workflowprotocol.obj
 0001:00004010       ?pop_back@?$QList@UloopControl@SubThreadWorker@@@@QAEXXZ 00405010 f i workflowprotocol.obj
 0001:00004050       ?runTask@WorkflowController@@QAEXABVQJsonObject@@@Z 00405050 f   workflowprotocol.obj
 0001:000040a0       ?runTunning@WorkflowController@@QAEXABVQJsonObject@@@Z 004050a0 f   workflowprotocol.obj
 0001:000040f0       ?serializeSendFrame@WorkflowProtocol@@QAE?AVQByteArray@@XZ 004050f0 f   workflowprotocol.obj
 0001:00004250       ?sethost@WorkflowController@@QAEXABVQString@@G@Z 00405250 f   workflowprotocol.obj
 0001:00004260       ?statusChanged@WorkflowController@@QAEXABVQJsonObject@@@Z 00405260 f   workflowprotocol.obj
 0001:00004300       ?stopCurrentTask@WorkflowController@@QAEXXZ 00405300 f   workflowprotocol.obj
 0001:00004320       ?stopTask@SubThreadWorker@@QAEXXZ 00405320 f   workflowprotocol.obj
 0001:00004330       ?taskStateChanged@WorkflowController@@QAEX_NH@Z 00405330 f   workflowprotocol.obj
 0001:000043c0       ?types@?$ConnectionTypes@U?$List@ABVQJsonObject@@@QtPrivate@@$00@QtPrivate@@SAPBHXZ 004053c0 f i workflowprotocol.obj
 0001:00004420       ?types@?$ConnectionTypes@U?$List@ABVQString@@@QtPrivate@@$00@QtPrivate@@SAPBHXZ 00405420 f i workflowprotocol.obj
 0001:00004480       ?types@?$ConnectionTypes@U?$List@ABVQString@@G@QtPrivate@@$00@QtPrivate@@SAPBHXZ 00405480 f i workflowprotocol.obj
 0001:000044f0       ?types@?$ConnectionTypes@U?$List@_NH@QtPrivate@@$00@QtPrivate@@SAPBHXZ 004054f0 f i workflowprotocol.obj
 0001:00004560       ?unserializeRecvFrame@WorkflowProtocol@@QAEXABVQByteArray@@@Z 00405560 f   workflowprotocol.obj
 0001:000046a0       ??$qMakePair@VQString@@V?$QList@VSingleOperationData@@@@@@YA?AU?$QPair@VQString@@V?$QList@VSingleOperationData@@@@@@ABVQString@@ABV?$QList@VSingleOperationData@@@@@Z 004056a0 f i configfilehandler.obj
 0001:00004700       ??0?$QList@VOperationParamData@@@@QAE@ABV0@@Z 00405700 f i configfilehandler.obj
 0001:000047b0       ??0?$QList@VSingleOperationData@@@@QAE@ABV0@@Z 004057b0 f i configfilehandler.obj
 0001:00004860       ??0OperationParamData@@QAE@ABV0@@Z 00405860 f i configfilehandler.obj
 0001:000049d0       ??0OperationParamData@@QAE@ABVQString@@00ABVQStringList@@_NHH0V?$QList@H@@00HH@Z 004059d0 f i configfilehandler.obj
 0001:00004b70       ??0OperationParamData@@QAE@XZ 00405b70 f i configfilehandler.obj
 0001:00004be0       ??0SingleOperationData@@QAE@ABV0@@Z 00405be0 f i configfilehandler.obj
 0001:00004c50       ??0configFileHandler@@QAE@PAVQObject@@@Z 00405c50 f   configfilehandler.obj
 0001:00004cb0       ??1?$QForeachContainer@V?$QList@VOperationParamData@@@@@@QAE@XZ 00405cb0 f i configfilehandler.obj
 0001:00004cb0       ??1?$QForeachContainer@$$CBV?$QList@VOperationParamData@@@@@@QAE@XZ 00405cb0 f i environmentvariant.obj
 0001:00004d10       ??1?$QList@U?$QPair@VQString@@V?$QList@VSingleOperationData@@@@@@@@QAE@XZ 00405d10 f i configfilehandler.obj
 0001:00004d90       ??1?$QList@VOperationParamData@@@@QAE@XZ 00405d90 f i configfilehandler.obj
 0001:00004df0       ??1?$QList@VQByteArray@@@@QAE@XZ 00405df0 f i configfilehandler.obj
 0001:00004e80       ??1?$QList@VSingleOperationData@@@@QAE@XZ 00405e80 f i configfilehandler.obj
 0001:00004f00       ??1?$QMap@VQString@@V1@@@QAE@XZ 00405f00 f i configfilehandler.obj
 0001:00004f80       ??1?$QMap@VQString@@VOperationParamData@@@@QAE@XZ 00405f80 f i configfilehandler.obj
 0001:00005020       ??1?$QMap@VQString@@VQStringList@@@@QAE@XZ 00406020 f i configfilehandler.obj
 0001:000050c0       ??1?$QPair@VQString@@V?$QList@VSingleOperationData@@@@@@QAE@XZ 004060c0 f i configfilehandler.obj
 0001:00005150       ??1OperationParamData@@QAE@XZ 00406150 f i configfilehandler.obj
 0001:00005200       ??1QJsonValuePtr@@QAE@XZ   00406200 f i configfilehandler.obj
 0001:00005210       ??1SingleOperationData@@QAE@XZ 00406210 f i configfilehandler.obj
 0001:00005280       ??1configFileHandler@@UAE@XZ 00406280 f i configfilehandler.obj
 0001:000052a0       ??4?$QList@PAVQObject@@@@QAEAAV0@$$QAV0@@Z 004062a0 f i workmodels.obj
 0001:000052a0       ??4?$QList@H@@QAEAAV0@$$QAV0@@Z 004062a0 f i configfilehandler.obj
 0001:00005320       ??4?$QList@U?$QPair@VQString@@V?$QList@VSingleOperationData@@@@@@@@QAEAAV0@$$QAV0@@Z 00406320 f i configfilehandler.obj
 0001:000053c0       ??4OperationParamData@@QAEAAV0@ABV0@@Z 004063c0 f i configfilehandler.obj
 0001:000054d0       ??4QStringList@@QAEAAV0@ABV0@@Z 004064d0 f i configfilehandler.obj
 0001:00005510       ??A?$QList@VQString@@@@QAEAAVQString@@H@Z 00406510 f i configfilehandler.obj
 0001:00005540       ??A?$QMap@VQString@@V1@@@QAEAAVQString@@ABV1@@Z 00406540 f i configfilehandler.obj
 0001:00005600       ??A?$QMap@VQString@@VOperationParamData@@@@QAEAAVOperationParamData@@ABVQString@@@Z 00406600 f i configfilehandler.obj
 0001:000056c0       ??A?$QMap@VQString@@VOperationParamData@@@@QBE?BVOperationParamData@@ABVQString@@@Z 004066c0 f i configfilehandler.obj
 0001:00005780       ??A?$QMap@VQString@@VQStringList@@@@QAEAAVQStringList@@ABVQString@@@Z 00406780 f i configfilehandler.obj
 0001:00005840       ??Cconst_iterator@QJsonArray@@QBE?AVQJsonValuePtr@@XZ 00406840 f i configfilehandler.obj
 0001:000058b0       ??H@YA?BVQString@@ABV0@D@Z 004068b0 f i configfilehandler.obj
 0001:00005930       ??H@YA?BVQString@@ABV0@PBD@Z 00406930 f i configfilehandler.obj
 0001:000059c0       ??H@YA?BVQString@@PBDABV0@@Z 004069c0 f i configfilehandler.obj
 0001:00005a30       ??_G?$QPair@VQString@@V?$QList@VSingleOperationData@@@@@@QAEPAXI@Z 00406a30 f i configfilehandler.obj
 0001:00005ad0       ??_GSingleOperationData@@QAEPAXI@Z 00406ad0 f i configfilehandler.obj
 0001:00005b50       ??_GconfigFileHandler@@UAEPAXI@Z 00406b50 f i configfilehandler.obj
 0001:00005b50       ??_EconfigFileHandler@@UAEPAXI@Z 00406b50 f i configfilehandler.obj
 0001:00005b80       ?ConvertCSVtoJSON@configFileHandler@@QAE_NABVQString@@0@Z 00406b80 f   configfilehandler.obj
 0001:00005d70       ?ConvertJSONtoCSV@configFileHandler@@QAE_NABVQString@@0@Z 00406d70 f   configfilehandler.obj
 0001:00006060       ?GetLicense@configFileHandler@@QAE?AVQString@@XZ 00407060 f   configfilehandler.obj
 0001:000060f0       ?ImportConfig@configFileHandler@@QAE_NAAVQJsonObject@@ABVQByteArray@@@Z 004070f0 f   configfilehandler.obj
 0001:00006230       ?ImportPlan@configFileHandler@@QAE_NABV?$QList@VQByteArray@@@@AAVQJsonObject@@@Z 00407230 f   configfilehandler.obj
 0001:00006b40       ?ImportWorkSpace@configFileHandler@@QAE_NABV?$QList@VQByteArray@@@@AAVQJsonObject@@@Z 00407b40 f   configfilehandler.obj
 0001:000074a0       ?ParseHostIP@configFileHandler@@QAE?AVQString@@XZ 004084a0 f   configfilehandler.obj
 0001:00007570       ?ParseHostPort@configFileHandler@@QAEFXZ 00408570 f   configfilehandler.obj
 0001:00007650       ?ParseHostSingleOperationThreshold@configFileHandler@@QAEHXZ 00408650 f   configfilehandler.obj
 0001:00007730       ?ParseListMap@configFileHandler@@QAE?AV?$QMap@VQString@@VQStringList@@@@ABVQString@@@Z 00408730 f   configfilehandler.obj
 0001:000079d0       ?ParseMap@configFileHandler@@QAE?AV?$QMap@VQString@@V1@@@ABVQString@@@Z 004089d0 f   configfilehandler.obj
 0001:00007b20       ?ParseMapRevertKeyValue@configFileHandler@@QAE?AV?$QMap@VQString@@V1@@@ABVQString@@@Z 00408b20 f   configfilehandler.obj
 0001:00007c80       ?ParseParamValue@configFileHandler@@QAE?AV?$QMap@VQString@@VOperationParamData@@@@ABVQString@@@Z 00408c80 f   configfilehandler.obj
 0001:00008dc0       ?ParsePlan@configFileHandler@@QAE?AVQString@@ABVQJsonArray@@@Z 00409dc0 f   configfilehandler.obj
 0001:00009480       ?ParsePlanList@configFileHandler@@QAEXAAV?$QList@U?$QPair@VQString@@V?$QList@VSingleOperationData@@@@@@@@ABV?$QMap@VQString@@VOperationParamData@@@@@Z 0040a480 f   configfilehandler.obj
 0001:00009ee0       ?ParseWorkPlaceConstraint@configFileHandler@@QAE?AVQJsonArray@@XZ 0040aee0 f   configfilehandler.obj
 0001:00009f70       ?ParseWorkSpace@configFileHandler@@QAE?AVQString@@ABVQJsonObject@@@Z 0040af70 f   configfilehandler.obj
 0001:0000a550       ?ParseWorkSpaceTypeList@configFileHandler@@QAEXAAVQJsonObject@@@Z 0040b550 f   configfilehandler.obj
 0001:0000a5f0       ?SaveMachineConfig@configFileHandler@@QAE_NABVQString@@ABVMachineConfigData@@ABVQJsonObject@@@Z 0040b5f0 f   configfilehandler.obj
 0001:0000a9c0       ?SavePlanList@configFileHandler@@QAE_NABVQString@@ABV?$QList@U?$QPair@VQString@@V?$QList@VSingleOperationData@@@@@@@@ABV?$QMap@VQString@@VQStringList@@@@@Z 0040b9c0 f   configfilehandler.obj
 0001:0000b230       ?append@?$QList@U?$QPair@VQString@@V?$QList@VSingleOperationData@@@@@@@@QAEXABU?$QPair@VQString@@V?$QList@VSingleOperationData@@@@@@@Z 0040c230 f i configfilehandler.obj
 0001:0000b310       ?append@?$QList@VOperationParamData@@@@QAEXABVOperationParamData@@@Z 0040c310 f i configfilehandler.obj
 0001:0000b3d0       ?append@?$QList@VSingleOperationData@@@@QAEXABVSingleOperationData@@@Z 0040c3d0 f i configfilehandler.obj
 0001:0000b4b0       ?clear@?$QList@U?$QPair@VQString@@V?$QList@VSingleOperationData@@@@@@@@QAEXXZ 0040c4b0 f i configfilehandler.obj
 0001:0000b540       ?copy@?$QMapNode@VQString@@V1@@@QBEPAU1@PAU?$QMapData@VQString@@V1@@@@Z 0040c540 f i configfilehandler.obj
 0001:0000b5c0       ?copy@?$QMapNode@VQString@@VOperationParamData@@@@QBEPAU1@PAU?$QMapData@VQString@@VOperationParamData@@@@@Z 0040c5c0 f i configfilehandler.obj
 0001:0000b640       ?copy@?$QMapNode@VQString@@VQStringList@@@@QBEPAU1@PAU?$QMapData@VQString@@VQStringList@@@@@Z 0040c640 f i configfilehandler.obj
 0001:0000b6c0       ?createNode@?$QMapData@VQString@@V1@@@QAEPAU?$QMapNode@VQString@@V1@@@ABVQString@@0PAU2@_N@Z 0040c6c0 f i configfilehandler.obj
 0001:0000b700       ?createNode@?$QMapData@VQString@@VOperationParamData@@@@QAEPAU?$QMapNode@VQString@@VOperationParamData@@@@ABVQString@@ABVOperationParamData@@PAU2@_N@Z 0040c700 f i configfilehandler.obj
 0001:0000b7c0       ?createNode@?$QMapData@VQString@@VQStringList@@@@QAEPAU?$QMapNode@VQString@@VQStringList@@@@ABVQString@@ABVQStringList@@PAU2@_N@Z 0040c7c0 f i configfilehandler.obj
 0001:0000b880       ?dealloc@?$QList@VOperationParamData@@@@AAEXPAUData@QListData@@@Z 0040c880 f i configfilehandler.obj
 0001:0000b8e0       ?destroySubTree@?$QMapNode@VQString@@V1@@@QAEXXZ 0040c8e0 f i configfilehandler.obj
 0001:0000b910       ?destroySubTree@?$QMapNode@VQString@@VOperationParamData@@@@QAEXXZ 0040c910 f i configfilehandler.obj
 0001:0000b940       ?destroySubTree@?$QMapNode@VQString@@VQStringList@@@@QAEXXZ 0040c940 f i configfilehandler.obj
 0001:0000b970       ?detach_helper@?$QList@VQByteArray@@@@AAEXH@Z 0040c970 f i configfilehandler.obj
 0001:0000ba60       ?detach_helper@?$QList@VQString@@@@AAEXH@Z 0040ca60 f i configfilehandler.obj
 0001:0000bb50       ?detach_helper@?$QMap@VQString@@V1@@@AAEXXZ 0040cb50 f i configfilehandler.obj
 0001:0000bbd0       ?detach_helper@?$QMap@VQString@@VOperationParamData@@@@AAEXXZ 0040cbd0 f i configfilehandler.obj
 0001:0000bc70       ?detach_helper@?$QMap@VQString@@VQStringList@@@@AAEXXZ 0040cc70 f i configfilehandler.obj
 0001:0000bd10       ?detach_helper_grow@?$QList@U?$QPair@VQString@@V?$QList@VSingleOperationData@@@@@@@@AAEPAUNode@1@HH@Z 0040cd10 f i configfilehandler.obj
 0001:0000be80       ?detach_helper_grow@?$QList@VOperationParamData@@@@AAEPAUNode@1@HH@Z 0040ce80 f i configfilehandler.obj
 0001:0000bfd0       ?detach_helper_grow@?$QList@VSingleOperationData@@@@AAEPAUNode@1@HH@Z 0040cfd0 f i configfilehandler.obj
 0001:0000c140       ?insert@?$QMap@VQString@@V1@@@QAE?AViterator@1@ABVQString@@0@Z 0040d140 f i configfilehandler.obj
 0001:0000c210       ?insert@?$QMap@VQString@@VOperationParamData@@@@QAE?AViterator@1@ABVQString@@ABVOperationParamData@@@Z 0040d210 f i configfilehandler.obj
 0001:0000c2e0       ?insert@?$QMap@VQString@@VQStringList@@@@QAE?AViterator@1@ABVQString@@ABVQStringList@@@Z 0040d2e0 f i configfilehandler.obj
 0001:0000c3d0       ?key@iterator@QJsonObject@@QBE?AVQString@@XZ 0040d3d0 f i configfilehandler.obj
 0001:0000c3f0       ?loadConfigFile@configFileHandler@@QAE_NABVQString@@@Z 0040d3f0 f   configfilehandler.obj
 0001:0000c4f0       ?lowerBound@?$QMapNode@VQString@@H@@QAEPAU1@ABVQString@@@Z 0040d4f0 f i workflowChecker.obj
 0001:0000c4f0       ?lowerBound@?$QMapNode@VQString@@VQStringList@@@@QAEPAU1@ABVQString@@@Z 0040d4f0 f i configfilehandler.obj
 0001:0000c4f0       ?lowerBound@?$QMapNode@VQString@@V1@@@QAEPAU1@ABVQString@@@Z 0040d4f0 f i configfilehandler.obj
 0001:0000c4f0       ?lowerBound@?$QMapNode@VQString@@VOperationParamData@@@@QAEPAU1@ABVQString@@@Z 0040d4f0 f i configfilehandler.obj
 0001:0000c530       ?node_copy@?$QList@U?$QPair@VQString@@V?$QList@VSingleOperationData@@@@@@@@AAEXPAUNode@1@00@Z 0040d530 f i configfilehandler.obj
 0001:0000c5f0       ?node_copy@?$QList@VOperationParamData@@@@AAEXPAUNode@1@00@Z 0040d5f0 f i configfilehandler.obj
 0001:0000c6c0       ?node_copy@?$QList@VQByteArray@@@@AAEXPAUNode@1@00@Z 0040d6c0 f i configfilehandler.obj
 0001:0000c700       ?node_copy@?$QList@VSingleOperationData@@@@AAEXPAUNode@1@00@Z 0040d700 f i configfilehandler.obj
 0001:0000c7d0       ?node_destruct@?$QList@U?$QPair@VQString@@V?$QList@VSingleOperationData@@@@@@@@AAEXPAUNode@1@0@Z 0040d7d0 f i configfilehandler.obj
 0001:0000c890       ?node_destruct@?$QList@VOperationParamData@@@@AAEXPAUNode@1@0@Z 0040d890 f i configfilehandler.obj
 0001:0000c8d0       ?node_destruct@?$QList@VSingleOperationData@@@@AAEXPAUNode@1@0@Z 0040d8d0 f i configfilehandler.obj
 0001:0000c970       ?node_destruct@?$QList@VSingleOperationData@@@@AAEXPAUNode@1@@Z 0040d970 f i configfilehandler.obj
 0001:0000c9f0       ?toList@configFileHandler@@QAE?AVQStringList@@ABVQString@@@Z 0040d9f0 f   configfilehandler.obj
 0001:0000cad0       ?value@?$QMap@VQString@@VOperationParamData@@@@QBE?BVOperationParamData@@ABVQString@@ABV2@@Z 0040dad0 f i configfilehandler.obj
 0001:0000cb40       ??0EnvironmentVariant@@AAE@XZ 0040db40 f i environmentvariant.obj
 0001:0000cc90       ??0SingleOperationData@@QAE@$$QAV0@@Z 0040dc90 f i environmentvariant.obj
 0001:0000ccc0       ??1?$QForeachContainer@$$CBV?$QList@VSingleOperationData@@@@@@QAE@XZ 0040dcc0 f i environmentvariant.obj
 0001:0000cd40       ??1ConfigFileConverter@@UAE@XZ 0040dd40 f i environmentvariant.obj
 0001:0000cd40       ??1AdministratorChecker@@UAE@XZ 0040dd40 f i environmentvariant.obj
 0001:0000cd50       ??1EnvironmentVariant@@EAE@XZ 0040dd50 f i environmentvariant.obj
 0001:0000cf00       ??1MachineConfigData@@QAE@XZ 0040df00 f i environmentvariant.obj
 0001:0000cf20       ??1TargetMachineObject@@UAE@XZ 0040df20 f i environmentvariant.obj
 0001:0000cf40       ??4?$QList@VSingleOperationData@@@@QAEAAV0@ABV0@@Z 0040df40 f i environmentvariant.obj
 0001:0000cfe0       ??4QStringList@@QAEAAV0@$$QAV0@@Z 0040dfe0 f i environmentvariant.obj
 0001:0000d010       ??4SingleOperationData@@QAEAAV0@$$QAV0@@Z 0040e010 f i environmentvariant.obj
 0001:0000d0a0       ??4SingleOperationData@@QAEAAV0@ABV0@@Z 0040e0a0 f i environmentvariant.obj
 0001:0000d140       ??A?$QList@VSingleOperationData@@@@QAEAAVSingleOperationData@@H@Z 0040e140 f i environmentvariant.obj
 0001:0000d170       ??H@YA?BVQString@@ABV0@0@Z 0040e170 f i environmentvariant.obj
 0001:0000d1e0       ??Y?$QList@VQString@@@@QAEAAV0@ABV0@@Z 0040e1e0 f i environmentvariant.obj
 0001:0000d2e0       ??_GAdministratorChecker@@UAEPAXI@Z 0040e2e0 f i environmentvariant.obj
 0001:0000d2e0       ??_EAdministratorChecker@@UAEPAXI@Z 0040e2e0 f i environmentvariant.obj
 0001:0000d310       ??_GConfigFileConverter@@UAEPAXI@Z 0040e310 f i environmentvariant.obj
 0001:0000d310       ??_EConfigFileConverter@@UAEPAXI@Z 0040e310 f i environmentvariant.obj
 0001:0000d340       ??_EEnvironmentVariant@@EAEPAXI@Z 0040e340 f i environmentvariant.obj
 0001:0000d340       ??_GEnvironmentVariant@@EAEPAXI@Z 0040e340 f i environmentvariant.obj
 0001:0000d370       ??_GTargetMachineObject@@UAEPAXI@Z 0040e370 f i environmentvariant.obj
 0001:0000d370       ??_ETargetMachineObject@@UAEPAXI@Z 0040e370 f i environmentvariant.obj
 0001:0000d3b0       ?AddPlan@EnvironmentVariant@@QAEXABVQString@@@Z 0040e3b0 f   environmentvariant.obj
 0001:0000d4c0       ?AddPlanStep@EnvironmentVariant@@QAEXHHH@Z 0040e4c0 f   environmentvariant.obj
 0001:0000d650       ?ExportConfig@EnvironmentVariant@@QAE_NABVQString@@@Z 0040e650 f   environmentvariant.obj
 0001:0000d710       ?ImportConfig@EnvironmentVariant@@QAE_NABVQString@@@Z 0040e710 f   environmentvariant.obj
 0001:0000d7e0       ?LogicalControlList@EnvironmentVariant@@QAE?AVQStringList@@XZ 0040e7e0 f   environmentvariant.obj
 0001:0000d980       ?MovePlanStep@EnvironmentVariant@@QAEXHHH@Z 0040e980 f   environmentvariant.obj
 0001:0000da60       ?OperationNameList@EnvironmentVariant@@QAE?AVQStringList@@XZ 0040ea60 f   environmentvariant.obj
 0001:0000dc00       ?PlanList@EnvironmentVariant@@QAE?AVQStringList@@XZ 0040ec00 f   environmentvariant.obj
 0001:0000dcc0       ?RemovePlan@EnvironmentVariant@@QAEXH@Z 0040ecc0 f   environmentvariant.obj
 0001:0000dcf0       ?RemovePlanStep@EnvironmentVariant@@QAEXHH@Z 0040ecf0 f   environmentvariant.obj
 0001:0000dd50       ?SaveMachineConfig@EnvironmentVariant@@QAE_NABVMachineConfigData@@@Z 0040ed50 f   environmentvariant.obj
 0001:0000de50       ?SavePlan@EnvironmentVariant@@QAE_NXZ 0040ee50 f   environmentvariant.obj
 0001:0000ded0       ?SetPlanName@EnvironmentVariant@@QAEXHABVQString@@@Z 0040eed0 f   environmentvariant.obj
 0001:0000df20       ?SetPlanStepSingleParam@EnvironmentVariant@@QAEXHHABVQString@@ABVQVariant@@@Z 0040ef20 f   environmentvariant.obj
 0001:0000e0c0       ?SetPlanStepToDefault@EnvironmentVariant@@QAEXHHH@Z 0040f0c0 f   environmentvariant.obj
 0001:0000e190       ?StartPlan@EnvironmentVariant@@QAEXHH@Z 0040f190 f   environmentvariant.obj
 0001:0000e960       ?StartTunning@EnvironmentVariant@@QAEXABVSingleOperationData@@@Z 0040f960 f   environmentvariant.obj
 0001:0000ea50       ?StepList@EnvironmentVariant@@QAE?AVQStringList@@H@Z 0040fa50 f   environmentvariant.obj
 0001:0000ee90       ?StopPlan@EnvironmentVariant@@QAEXXZ 0040fe90 f   environmentvariant.obj
 0001:0000eea0       ?begin@?$QList@VOperationParamData@@@@QAE?AViterator@1@XZ 0040fea0 f i environmentvariant.obj
 0001:0000eed0       ?calculateLicense@EnvironmentVariant@@QAEXABVQString@@@Z 0040fed0 f   environmentvariant.obj
 0001:0000f000       ?contains@?$QMap@VQString@@VQStringList@@@@QBE_NABVQString@@@Z 00410000 f i environmentvariant.obj
 0001:0000f040       ?defaultValue@EnvironmentVariant@@QAE?AVSingleOperationData@@ABVQString@@@Z 00410040 f   environmentvariant.obj
 0001:0000f270       ?detach_helper@?$QList@H@@AAEXH@Z 00410270 f i environmentvariant.obj
 0001:0000f340       ?detach_helper@?$QList@U?$QPair@VQString@@V?$QList@VSingleOperationData@@@@@@@@AAEXH@Z 00410340 f i environmentvariant.obj
 0001:0000f420       ?detach_helper@?$QList@VOperationParamData@@@@AAEXH@Z 00410420 f i environmentvariant.obj
 0001:0000f4f0       ?detach_helper@?$QList@VSingleOperationData@@@@AAEXH@Z 004104f0 f i environmentvariant.obj
 0001:0000f5d0       ?formatSingleOperationParam@EnvironmentVariant@@QAE?AVQJsonObject@@ABVSingleOperationData@@@Z 004105d0 f   environmentvariant.obj
 0001:0000fb70       ?getBoardTypeIndexByPosition@EnvironmentVariant@@QAEHH@Z 00410b70 f   environmentvariant.obj
 0001:0000fe20       ?getOperationIndex@EnvironmentVariant@@QAEHABVQString@@@Z 00410e20 f   environmentvariant.obj
 0001:0000fe90       ?getOperationParams@EnvironmentVariant@@QAE?AV?$QList@VOperationParamData@@@@H@Z 00410e90 f   environmentvariant.obj
 0001:00010070       ?getWorkLocationTypeList@EnvironmentVariant@@QAE?AVQJsonObject@@XZ 00411070 f   environmentvariant.obj
 0001:00010090       ?initModels@EnvironmentVariant@@QAEXPAVQQmlContext@@@Z 00411090 f   environmentvariant.obj
 0001:000101f0       ?initProtocol@EnvironmentVariant@@QAEXABVQString@@@Z 004111f0 f   environmentvariant.obj
 0001:00010260       ?initUserConfig@EnvironmentVariant@@QAEXABVQString@@@Z 00411260 f   environmentvariant.obj
 0001:00010380       ?insert@?$QList@VSingleOperationData@@@@QAEXHABVSingleOperationData@@@Z 00411380 f i environmentvariant.obj
 0001:00010460       ?instance@EnvironmentVariant@@SAPAV1@XZ 00411460 f   environmentvariant.obj
 0001:000104c0       ?parseConfigFile@EnvironmentVariant@@QAEXABVQString@@@Z 004114c0 f   environmentvariant.obj
 0001:00010ba0       ?planSelectStepListModel@EnvironmentVariant@@QAE?AVQStringList@@H@Z 00411ba0 f   environmentvariant.obj
 0001:00010e20       ?planStepParam@EnvironmentVariant@@QAE?AVSingleOperationData@@HH@Z 00411e20 f   environmentvariant.obj
 0001:00011180       ?removeAt@?$QList@U?$QPair@VQString@@V?$QList@VSingleOperationData@@@@@@@@QAEXH@Z 00412180 f i environmentvariant.obj
 0001:000111e0       ?removeAt@?$QList@VSingleOperationData@@@@QAEXH@Z 004121e0 f i environmentvariant.obj
 0001:00011230       ?setAdministrator@AdministratorChecker@@QAEX_N@Z 00412230 f i environmentvariant.obj
 0001:00011250       ?setIpAddress@TargetMachineObject@@QAEXABVQString@@@Z 00412250 f i environmentvariant.obj
 0001:00011290       ?setLicenseNumber@TargetMachineObject@@QAEXABVQString@@@Z 00412290 f i environmentvariant.obj
 0001:000112d0       ?setMaxReceiveTime@TargetMachineObject@@QAEXH@Z 004122d0 f i environmentvariant.obj
 0001:000112f0       ?setPort@TargetMachineObject@@QAEXF@Z 004122f0 f i environmentvariant.obj
 0001:00011310       ?setWorkLocationType@EnvironmentVariant@@QAE_NHHABVQString@@@Z 00412310 f   environmentvariant.obj
 0001:00011760       ?startCheckPlan@EnvironmentVariant@@QAEXH@Z 00412760 f   environmentvariant.obj
 0001:00011fb0       ?stopCheckPlan@EnvironmentVariant@@QAEXXZ 00412fb0 f   environmentvariant.obj
 0001:00011fc0       ?updateWorkPlace@EnvironmentVariant@@QAE_NABVQJsonObject@@@Z 00412fc0 f   environmentvariant.obj
 0001:00012010       ??$connect@P8QQmlEngine@@AEXXZP6AXXZ@QObject@@SA?AVConnection@QMetaObject@@PBVQQmlEngine@@P83@AEXXZPBV0@P6AXXZW4ConnectionType@Qt@@@Z 00413010 f i main.obj
 0001:00012070       ??$createInto@VOperationParamObject@@@QQmlPrivate@@YAXPAX@Z 00413070 f i main.obj
 0001:000120d0       ??$createInto@VOperationParamSelector@@@QQmlPrivate@@YAXPAX@Z 004130d0 f i main.obj
 0001:00012130       ??$createInto@VPlanController@@@QQmlPrivate@@YAXPAX@Z 00413130 f i main.obj
 0001:00012190       ??$createInto@VPlanSelector@@@QQmlPrivate@@YAXPAX@Z 00413190 f i main.obj
 0001:000121f0       ??$createInto@VStatusViewWatcher@@@QQmlPrivate@@YAXPAX@Z 004131f0 f i main.obj
 0001:00012250       ??$createInto@VTextFieldDoubleValidator@@@QQmlPrivate@@YAXPAX@Z 00413250 f i main.obj
 0001:000122b0       ??$qRegisterNormalizedMetaType@PAVOperationParamObject@@@@YAHABVQByteArray@@PAPAVOperationParamObject@@W4DefinedType@?$MetaTypeDefinedHelper@PAVOperationParamObject@@$00@QtPrivate@@@Z 004132b0 f i main.obj
 0001:00012310       ??$qRegisterNormalizedMetaType@PAVOperationParamSelector@@@@YAHABVQByteArray@@PAPAVOperationParamSelector@@W4DefinedType@?$MetaTypeDefinedHelper@PAVOperationParamSelector@@$00@QtPrivate@@@Z 00413310 f i main.obj
 0001:00012370       ??$qRegisterNormalizedMetaType@PAVPlanController@@@@YAHABVQByteArray@@PAPAVPlanController@@W4DefinedType@?$MetaTypeDefinedHelper@PAVPlanController@@$00@QtPrivate@@@Z 00413370 f i main.obj
 0001:000123d0       ??$qRegisterNormalizedMetaType@PAVPlanSelector@@@@YAHABVQByteArray@@PAPAVPlanSelector@@W4DefinedType@?$MetaTypeDefinedHelper@PAVPlanSelector@@$00@QtPrivate@@@Z 004133d0 f i main.obj
 0001:00012430       ??$qRegisterNormalizedMetaType@PAVStatusViewWatcher@@@@YAHABVQByteArray@@PAPAVStatusViewWatcher@@W4DefinedType@?$MetaTypeDefinedHelper@PAVStatusViewWatcher@@$00@QtPrivate@@@Z 00413430 f i main.obj
 0001:00012490       ??$qRegisterNormalizedMetaType@PAVTextFieldDoubleValidator@@@@YAHABVQByteArray@@PAPAVTextFieldDoubleValidator@@W4DefinedType@?$MetaTypeDefinedHelper@PAVTextFieldDoubleValidator@@$00@QtPrivate@@@Z 00413490 f i main.obj
 0001:000124f0       ??$qmlRegisterType@VOperationParamObject@@@@YAHPBDHH0@Z 004134f0 f i main.obj
 0001:000127a0       ??$qmlRegisterType@VOperationParamSelector@@@@YAHPBDHH0@Z 004137a0 f i main.obj
 0001:00012a50       ??$qmlRegisterType@VPlanController@@@@YAHPBDHH0@Z 00413a50 f i main.obj
 0001:00012d00       ??$qmlRegisterType@VPlanSelector@@@@YAHPBDHH0@Z 00413d00 f i main.obj
 0001:00012fb0       ??$qmlRegisterType@VStatusViewWatcher@@@@YAHPBDHH0@Z 00413fb0 f i main.obj
 0001:00013260       ??$qmlRegisterType@VTextFieldDoubleValidator@@@@YAHPBDHH0@Z 00414260 f i main.obj
 0001:00013510       ??1?$QList@H@@QAE@XZ       00414510 f i configfilehandler.obj
 0001:00013510       ??1?$QList@PAVQObject@@@@QAE@XZ 00414510 f i main.obj
 0001:00013570       ??1?$QVarLengthArray@D$0EA@@@QAE@XZ 00414570 f i main.obj
 0001:00013570       ??1?$QVarLengthArray@D$0DA@@@QAE@XZ 00414570 f i main.obj
 0001:00013590       ??1OperationParamSelector@@UAE@XZ 00414590 f i main.obj
 0001:00013640       ??1RegisterType@QQmlPrivate@@QAE@XZ 00414640 f i main.obj
 0001:00013650       ??_E?$QQmlElement@VOperationParamObject@@@QQmlPrivate@@UAEPAXI@Z 00414650 f i main.obj
 0001:00013650       ??_G?$QQmlElement@VOperationParamObject@@@QQmlPrivate@@UAEPAXI@Z 00414650 f i main.obj
 0001:000136d0       ??_E?$QQmlElement@VOperationParamSelector@@@QQmlPrivate@@UAEPAXI@Z 004146d0 f i main.obj
 0001:000136d0       ??_G?$QQmlElement@VOperationParamSelector@@@QQmlPrivate@@UAEPAXI@Z 004146d0 f i main.obj
 0001:00013740       ??_E?$QQmlElement@VPlanController@@@QQmlPrivate@@UAEPAXI@Z 00414740 f i main.obj
 0001:00013740       ??_G?$QQmlElement@VPlanController@@@QQmlPrivate@@UAEPAXI@Z 00414740 f i main.obj
 0001:000137b0       ??_G?$QQmlElement@VPlanSelector@@@QQmlPrivate@@UAEPAXI@Z 004147b0 f i main.obj
 0001:000137b0       ??_E?$QQmlElement@VPlanSelector@@@QQmlPrivate@@UAEPAXI@Z 004147b0 f i main.obj
 0001:00013820       ??_E?$QQmlElement@VStatusViewWatcher@@@QQmlPrivate@@UAEPAXI@Z 00414820 f i main.obj
 0001:00013820       ??_G?$QQmlElement@VStatusViewWatcher@@@QQmlPrivate@@UAEPAXI@Z 00414820 f i main.obj
 0001:00013890       ??_G?$QQmlElement@VTextFieldDoubleValidator@@@QQmlPrivate@@UAEPAXI@Z 00414890 f i main.obj
 0001:00013890       ??_E?$QQmlElement@VTextFieldDoubleValidator@@@QQmlPrivate@@UAEPAXI@Z 00414890 f i main.obj
 0001:00013900       ??_GOperationParamObject@@UAEPAXI@Z 00414900 f i main.obj
 0001:00013900       ??_EOperationParamObject@@UAEPAXI@Z 00414900 f i main.obj
 0001:00013930       ?Construct@?$QMetaTypeFunctionHelper@PAVStatusViewWatcher@@$00@QtMetaTypePrivate@@SAPAXPAXPBX@Z 00414930 f i main.obj
 0001:00013930       ?Construct@?$QMetaTypeFunctionHelper@PAVTextFieldDoubleValidator@@$00@QtMetaTypePrivate@@SAPAXPAXPBX@Z 00414930 f i main.obj
 0001:00013930       ?Construct@?$QMetaTypeFunctionHelper@PAVPlanController@@$00@QtMetaTypePrivate@@SAPAXPAXPBX@Z 00414930 f i main.obj
 0001:00013930       ?Construct@?$QMetaTypeFunctionHelper@PAVOperationParamSelector@@$00@QtMetaTypePrivate@@SAPAXPAXPBX@Z 00414930 f i main.obj
 0001:00013930       ?Construct@?$QMetaTypeFunctionHelper@PAVPlanSelector@@$00@QtMetaTypePrivate@@SAPAXPAXPBX@Z 00414930 f i main.obj
 0001:00013930       ?Construct@?$QMetaTypeFunctionHelper@PAVOperationParamObject@@$00@QtMetaTypePrivate@@SAPAXPAXPBX@Z 00414930 f i main.obj
 0001:00013960       ?Construct@?$QMetaTypeFunctionHelper@V?$QQmlListProperty@VPlanSelector@@@@$00@QtMetaTypePrivate@@SAPAXPAXPBX@Z 00414960 f i main.obj
 0001:00013960       ?Construct@?$QMetaTypeFunctionHelper@V?$QQmlListProperty@VOperationParamObject@@@@$00@QtMetaTypePrivate@@SAPAXPAXPBX@Z 00414960 f i main.obj
 0001:00013960       ?Construct@?$QMetaTypeFunctionHelper@V?$QQmlListProperty@VStatusViewWatcher@@@@$00@QtMetaTypePrivate@@SAPAXPAXPBX@Z 00414960 f i main.obj
 0001:00013960       ?Construct@?$QMetaTypeFunctionHelper@V?$QQmlListProperty@VOperationParamSelector@@@@$00@QtMetaTypePrivate@@SAPAXPAXPBX@Z 00414960 f i main.obj
 0001:00013960       ?Construct@?$QMetaTypeFunctionHelper@V?$QQmlListProperty@VTextFieldDoubleValidator@@@@$00@QtMetaTypePrivate@@SAPAXPAXPBX@Z 00414960 f i main.obj
 0001:00013960       ?Construct@?$QMetaTypeFunctionHelper@V?$QQmlListProperty@VPlanController@@@@$00@QtMetaTypePrivate@@SAPAXPAXPBX@Z 00414960 f i main.obj
 0001:000139c0       ?Destruct@?$QMetaTypeFunctionHelper@PAVStatusViewWatcher@@$00@QtMetaTypePrivate@@SAXPAX@Z 004149c0 f i main.obj
 0001:000139c0       ?qt_static_metacall@configFileHandler@@CAXPAVQObject@@W4Call@QMetaObject@@HPAPAX@Z 004149c0 f i moc_configfilehandler.obj
 0001:000139c0       ?Destruct@?$QMetaTypeFunctionHelper@VQSequentialIterableImpl@QtMetaTypePrivate@@$00@QtMetaTypePrivate@@SAXPAX@Z 004149c0 f i moc_workmodels.obj
 0001:000139c0       ?Destruct@?$QMetaTypeFunctionHelper@V?$QQmlListProperty@VTextFieldDoubleValidator@@@@$00@QtMetaTypePrivate@@SAXPAX@Z 004149c0 f i main.obj
 0001:000139c0       ?Destruct@?$QMetaTypeFunctionHelper@PAVOperationParamObject@@$00@QtMetaTypePrivate@@SAXPAX@Z 004149c0 f i main.obj
 0001:000139c0       __initialize_denormal_control 004149c0 f i MSVCRT:denormal_control.obj
 0001:000139c0       ??3@YAXPAX0@Z              004149c0 f i configfilehandler.obj
 0001:000139c0       __initialize_invalid_parameter_handler 004149c0 f i MSVCRT:invalid_parameter_handler.obj
 0001:000139c0       ?Destruct@?$QMetaTypeFunctionHelper@PAVPlanSelector@@$00@QtMetaTypePrivate@@SAXPAX@Z 004149c0 f i main.obj
 0001:000139c0       ?Destruct@?$QMetaTypeFunctionHelper@PAVOperationParamSelector@@$00@QtMetaTypePrivate@@SAXPAX@Z 004149c0 f i main.obj
 0001:000139c0       ?onComplete@PlanSelector@@QAEXXZ 004149c0 f i workmodels.obj
 0001:000139c0       ?Destruct@?$QMetaTypeFunctionHelper@V?$QQmlListProperty@VPlanSelector@@@@$00@QtMetaTypePrivate@@SAXPAX@Z 004149c0 f i main.obj
 0001:000139c0       ?Destruct@?$QMetaTypeFunctionHelper@V?$QQmlListProperty@VStatusViewWatcher@@@@$00@QtMetaTypePrivate@@SAXPAX@Z 004149c0 f i main.obj
 0001:000139c0       ?Destruct@?$QMetaTypeFunctionHelper@V?$QQmlListProperty@VOperationParamSelector@@@@$00@QtMetaTypePrivate@@SAXPAX@Z 004149c0 f i main.obj
 0001:000139c0       ?Destruct@?$QMetaTypeFunctionHelper@PAVTextFieldDoubleValidator@@$00@QtMetaTypePrivate@@SAXPAX@Z 004149c0 f i main.obj
 0001:000139c0       ?Destruct@?$QMetaTypeFunctionHelper@V?$QQmlListProperty@VPlanController@@@@$00@QtMetaTypePrivate@@SAXPAX@Z 004149c0 f i main.obj
 0001:000139c0       ?Destruct@?$QMetaTypeFunctionHelper@V?$QQmlListProperty@VOperationParamObject@@@@$00@QtMetaTypePrivate@@SAXPAX@Z 004149c0 f i main.obj
 0001:000139c0       @_guard_check_icall_nop@4  004149c0 f i MSVCRT:guard_support.obj
 0001:000139c0       ?Destruct@?$QMetaTypeFunctionHelper@PAVPlanController@@$00@QtMetaTypePrivate@@SAXPAX@Z 004149c0 f i main.obj
 0001:000139d0       ?TopLevelExceptionFilter@@YGJPAU_EXCEPTION_POINTERS@@@Z 004149d0 f   main.obj
 0001:00013a40       ?customMessageHandler@@YAXW4QtMsgType@@ABVQMessageLogContext@@ABVQString@@@Z 00414a40 f   main.obj
 0001:00013db0       ?getConfigFullName@@YA?AVQString@@PBD@Z 00414db0 f   main.obj
 0001:00013e20       ?impl@?$QStaticSlotObject@P6AXXZU?$List@$$V@QtPrivate@@X@QtPrivate@@CAXHPAVQSlotObjectBase@2@PAVQObject@@PAPAXPA_N@Z 00414e20 f i main.obj
 0001:00013e50       ?qt_metatype_id@?$QMetaTypeIdQObject@PAVOperationParamObject@@$07@@SAHXZ 00414e50 f i main.obj
 0001:00013f00       ?qt_metatype_id@?$QMetaTypeIdQObject@PAVOperationParamSelector@@$07@@SAHXZ 00414f00 f i main.obj
 0001:00013fb0       ?qt_metatype_id@?$QMetaTypeIdQObject@PAVPlanController@@$07@@SAHXZ 00414fb0 f i main.obj
 0001:00014060       ?qt_metatype_id@?$QMetaTypeIdQObject@PAVPlanSelector@@$07@@SAHXZ 00415060 f i main.obj
 0001:00014110       ?qt_metatype_id@?$QMetaTypeIdQObject@PAVStatusViewWatcher@@$07@@SAHXZ 00415110 f i main.obj
 0001:000141c0       ?qt_metatype_id@?$QMetaTypeIdQObject@PAVTextFieldDoubleValidator@@$07@@SAHXZ 004151c0 f i main.obj
 0001:00014270       ?validate@TextFieldDoubleValidator@@UBE?AW4State@QValidator@@AAVQString@@AAH@Z 00415270 f i main.obj
 0001:000143f0       _main                      004153f0 f   main.obj
 0001:00014820       ??$connect@P8EnvironmentVariant@@AEXXZP8StatusViewWatcher@@AEXXZ@QObject@@SA?AVConnection@QMetaObject@@PBVEnvironmentVariant@@P83@AEXXZPBVStatusViewWatcher@@P84@AEXXZW4ConnectionType@Qt@@@Z 00415820 f i workmodels.obj
 0001:00014880       ??0?$QList@H@@QAE@ABV0@@Z  00415880 f i configfilehandler.obj
 0001:00014880       ??0?$QList@PAVQObject@@@@QAE@ABV0@@Z 00415880 f i workmodels.obj
 0001:00014930       ??0OperationParamSelector@@QAE@PAVQObject@@@Z 00415930 f   workmodels.obj
 0001:00014980       ??0PlanController@@QAE@PAVQObject@@@Z 00415980 f   workmodels.obj
 0001:000149f0       ??0PlanSelector@@QAE@PAVQObject@@@Z 004159f0 f   workmodels.obj
 0001:00014ab0       ??0StatusViewWatcher@@QAE@PAVQObject@@@Z 00415ab0 f   workmodels.obj
 0001:00014b40       ??1?$QForeachContainer@V?$QList@PAVQObject@@@@@@QAE@XZ 00415b40 f i workmodels.obj
 0001:00014ba0       ??1PlanController@@UAE@XZ  00415ba0 f   workmodels.obj
 0001:00014c00       ??1PlanSelector@@UAE@XZ    00415c00 f   workmodels.obj
 0001:00014cc0       ??1StatusViewWatcher@@UAE@XZ 00415cc0 f   workmodels.obj
 0001:00014d40       ??_GOperationParamSelector@@UAEPAXI@Z 00415d40 f i workmodels.obj
 0001:00014d40       ??_EOperationParamSelector@@UAEPAXI@Z 00415d40 f i workmodels.obj
 0001:00014d60       ??_GPlanController@@UAEPAXI@Z 00415d60 f i workmodels.obj
 0001:00014d60       ??_EPlanController@@UAEPAXI@Z 00415d60 f i workmodels.obj
 0001:00014dd0       ??_GPlanSelector@@UAEPAXI@Z 00415dd0 f i workmodels.obj
 0001:00014dd0       ??_EPlanSelector@@UAEPAXI@Z 00415dd0 f i workmodels.obj
 0001:00014df0       ??_EStatusViewWatcher@@UAEPAXI@Z 00415df0 f i workmodels.obj
 0001:00014df0       ??_GStatusViewWatcher@@UAEPAXI@Z 00415df0 f i workmodels.obj
 0001:00014e90       ?WorkPlaceConstraint@EnvironmentVariant@@QAE?AVQJsonArray@@XZ 00415e90 f i workmodels.obj
 0001:00014ec0       ?addPlan@PlanSelector@@QAEXABVQString@@@Z 00415ec0 f   workmodels.obj
 0001:00014ee0       ?addStep@PlanSelector@@QAEXHHH@Z 00415ee0 f   workmodels.obj
 0001:00014f00       ?append@?$QList@H@@QAEXABH@Z 00415f00 f i configfilehandler.obj
 0001:00014f00       ?append@?$QList@PAVQObject@@@@QAEXABQAVQObject@@@Z 00415f00 f i workmodels.obj
 0001:00014f90       ?commitParam@PlanSelector@@QAEXHHABVQString@@ABVQVariant@@@Z 00415f90 f   workmodels.obj
 0001:00014fb0       ?detach_helper_grow@?$QList@H@@AAEPAUNode@1@HH@Z 00415fb0 f i configfilehandler.obj
 0001:00014fb0       ?detach_helper_grow@?$QList@PAVQObject@@@@AAEPAUNode@1@HH@Z 00415fb0 f i workmodels.obj
 0001:000150f0       ?eventFilter@PlanController@@UAE_NPAVQObject@@PAVQEvent@@@Z 004160f0 f   workmodels.obj
 0001:00015140       ?eventFilter@PlanSelector@@MAE_NPAVQObject@@PAVQEvent@@@Z 00416140 f   workmodels.obj
 0001:00015190       ?eventFilter@StatusViewWatcher@@UAE_NPAVQObject@@PAVQEvent@@@Z 00416190 f   workmodels.obj
 0001:000151d0       ?exportConfigFile@ConfigFileConverter@@QAE_NABVQUrl@@@Z 004161d0 f   workmodels.obj
 0001:00015240       ?getBoardTypeIndexByPosition@PlanSelector@@QAEHH@Z 00416240 f   workmodels.obj
 0001:00015240       ?getBoardTypeIndexByPosition@OperationParamSelector@@QAEHH@Z 00416240 f   workmodels.obj
 0001:00015260       ?getSwitch@OperationParamSelector@@QAEPAVQObject@@ABVQString@@@Z 00416260 f   workmodels.obj
 0001:000153d0       ?getSwitch@PlanSelector@@QAEPAVQObject@@ABVQString@@@Z 004163d0 f   workmodels.obj
 0001:00015540       ?getWorkLocationTypeList@StatusViewWatcher@@QAE?AVQJsonObject@@XZ 00416540 f   workmodels.obj
 0001:00015570       ?getWorkPlaceConstraint@StatusViewWatcher@@QAE?AVQJsonArray@@XZ 00416570 f   workmodels.obj
 0001:000155a0       ?impl@?$QSlotObject@P8SubThreadWorker@@AEXXZU?$List@$$V@QtPrivate@@X@QtPrivate@@CAXHPAVQSlotObjectBase@2@PAVQObject@@PAPAXPA_N@Z 004165a0 f i workflowprotocol.obj
 0001:000155a0       ?impl@?$QSlotObject@P8QObject@@AEXXZU?$List@$$V@QtPrivate@@X@QtPrivate@@CAXHPAVQSlotObjectBase@2@PAVQObject@@PAPAXPA_N@Z 004165a0 f i workflowprotocol.obj
 0001:000155a0       ?impl@?$QSlotObject@P8SubThreadCheckWorker@@AEXXZU?$List@$$V@QtPrivate@@X@QtPrivate@@CAXHPAVQSlotObjectBase@2@PAVQObject@@PAPAXPA_N@Z 004165a0 f i workflowChecker.obj
 0001:000155a0       ?impl@?$QSlotObject@P8StatusViewWatcher@@AEXXZU?$List@$$V@QtPrivate@@X@QtPrivate@@CAXHPAVQSlotObjectBase@2@PAVQObject@@PAPAXPA_N@Z 004165a0 f i workmodels.obj
 0001:000155f0       ?importConfigFile@ConfigFileConverter@@QAE_NABVQUrl@@@Z 004165f0 f   workmodels.obj
 0001:00015660       ?init@OperationParamSelector@@QAEXABVQString@@@Z 00416660 f   workmodels.obj
 0001:000156e0       ?moveStep@PlanSelector@@QAEXHHH@Z 004166e0 f   workmodels.obj
 0001:00015700       ?getIpAddress@TargetMachineObject@@QBE?AVQString@@XZ 00416700 f i environmentvariant.obj
 0001:00015700       ?name@OperationParamObject@@QBE?AVQString@@XZ 00416700 f i workmodels.obj
 0001:00015700       ?getOperationName@SingleOperationObject@@QAE?AVQString@@XZ 00416700 f i moc_workmodels.obj
 0001:00015720       ?node_copy@?$QList@PAVQObject@@@@AAEXPAUNode@1@00@Z 00416720 f i workmodels.obj
 0001:00015720       ?node_copy@?$QList@H@@AAEXPAUNode@1@00@Z 00416720 f i configfilehandler.obj
 0001:00015750       ?onCompleteSingleOperation@OperationParamSelector@@QAEXXZ 00416750 f   workmodels.obj
 0001:000159e0       ?onMachineConfigChanged@TargetMachineObject@@QAE_NXZ 004169e0 f   workmodels.obj
 0001:00015a80       ?onSave@PlanSelector@@QAE_NXZ 00416a80 f   workmodels.obj
 0001:00015a90       ?operationCurrentIndex@PlanSelector@@QAEHXZ 00416a90 f   workmodels.obj
 0001:00015ab0       ?planListModel@PlanSelector@@QAE?AVQStringList@@XZ 00416ab0 f   workmodels.obj
 0001:00015ae0       ?planSelectStepListModel@PlanSelector@@QAE?AVQStringList@@H@Z 00416ae0 f   workmodels.obj
 0001:00015b10       ?removePlan@PlanSelector@@QAEXH@Z 00416b10 f   workmodels.obj
 0001:00015b30       ?removeStep@PlanSelector@@QAEXHH@Z 00416b30 f   workmodels.obj
 0001:00015b50       ?resumePlan@PlanController@@QAEXXZ 00416b50 f   workmodels.obj
 0001:00015b80       ?setPlanName@PlanSelector@@QAEXHABVQString@@@Z 00416b80 f   workmodels.obj
 0001:00015ba0       ?setSelectedOperation@OperationParamSelector@@QAEXH@Z 00416ba0 f   workmodels.obj
 0001:00015f70       ?setSelectedOperation@PlanSelector@@QAEXHHH@Z 00416f70 f   workmodels.obj
 0001:00016430       ?setSelectedStep@PlanSelector@@QAEXHH@Z 00417430 f   workmodels.obj
 0001:00016810       ?setWorkLocationType@StatusViewWatcher@@QAE_NHHABVQString@@@Z 00417810 f   workmodels.obj
 0001:00016830       ?startCheckPlan@PlanSelector@@QAEXH@Z 00417830 f   workmodels.obj
 0001:00016850       ?startPlan@PlanController@@QAEXHH@Z 00417850 f   workmodels.obj
 0001:00016880       ?stepListModel@PlanSelector@@QAE?AVQStringList@@H@Z 00417880 f   workmodels.obj
 0001:000168b0       ?stopCheckPlan@PlanSelector@@QAEXXZ 004178b0 f   workmodels.obj
 0001:000168c0       ?stopPlan@PlanController@@QAEXXZ 004178c0 f   workmodels.obj
 0001:000168d0       ?updateWorkPlace@StatusViewWatcher@@QAE_NABVQJsonObject@@@Z 004178d0 f   workmodels.obj
 0001:000168f0       ??$connect@P8SubThreadCheckWorker@@AEXABVQJsonObject@@@ZP8WorkflowCheckerController@@AEX0@Z@QObject@@SA?AVConnection@QMetaObject@@PBVSubThreadCheckWorker@@P83@AEXABVQJsonObject@@@ZPBVWorkflowCheckerController@@P85@AEX1@ZW4ConnectionType@Qt@@@Z 004178f0 f i workflowChecker.obj
 0001:00016960       ??$connect@P8WorkflowCheckerController@@AEXABVQJsonArray@@@ZP8SubThreadCheckWorker@@AEX0@Z@QObject@@SA?AVConnection@QMetaObject@@PBVWorkflowCheckerController@@P83@AEXABVQJsonArray@@@ZPBVSubThreadCheckWorker@@P85@AEX1@ZW4ConnectionType@Qt@@@Z 00417960 f i workflowChecker.obj
 0001:000169d0       ??$connect@P8WorkflowCheckerController@@AEXABVQJsonObject@@@ZP8SubThreadCheckWorker@@AEX0@Z@QObject@@SA?AVConnection@QMetaObject@@PBVWorkflowCheckerController@@P83@AEXABVQJsonObject@@@ZPBVSubThreadCheckWorker@@P85@AEX1@ZW4ConnectionType@Qt@@@Z 004179d0 f i workflowChecker.obj
 0001:00016a40       ??$connect@P8WorkflowCheckerController@@AEXXZP8SubThreadCheckWorker@@AEXXZ@QObject@@SA?AVConnection@QMetaObject@@PBVWorkflowCheckerController@@P83@AEXXZPBVSubThreadCheckWorker@@P84@AEXXZW4ConnectionType@Qt@@@Z 00417a40 f i workflowChecker.obj
 0001:00016aa0       ??0WorkflowCheckerController@@QAE@PAVQObject@@@Z 00417aa0 f   workflowChecker.obj
 0001:00016c20       ??1?$QMap@VQString@@H@@QAE@XZ 00417c20 f i workflowChecker.obj
 0001:00016cc0       ??1WorkflowCheckerController@@UAE@XZ 00417cc0 f   workflowChecker.obj
 0001:00016d30       ??A?$QMap@VQString@@H@@QAEAAHABVQString@@@Z 00417d30 f i workflowChecker.obj
 0001:00016db0       ??_GStatusChangeEvent@@UAEPAXI@Z 00417db0 f i workflowprotocol.obj
 0001:00016db0       ??_ECheckStateChangeEvent@@UAEPAXI@Z 00417db0 f i workflowChecker.obj
 0001:00016db0       ??_GCheckStateChangeEvent@@UAEPAXI@Z 00417db0 f i workflowChecker.obj
 0001:00016db0       ??_EStatusChangeEvent@@UAEPAXI@Z 00417db0 f i workflowprotocol.obj
 0001:00016de0       ??_GSubThreadCheckWorker@@UAEPAXI@Z 00417de0 f i workflowChecker.obj
 0001:00016de0       ??_ESubThreadCheckWorker@@UAEPAXI@Z 00417de0 f i workflowChecker.obj
 0001:00016e30       ??_GWorkflowCheckerController@@UAEPAXI@Z 00417e30 f i workflowChecker.obj
 0001:00016e30       ??_EWorkflowCheckerController@@UAEPAXI@Z 00417e30 f i workflowChecker.obj
 0001:00016ec0       ?CheckBoardConstraint@SubThreadCheckWorker@@IAE_NABVQJsonObject@@@Z 00417ec0 f   workflowChecker.obj
 0001:00017270       ?CheckParamConstraint@SubThreadCheckWorker@@IAE_NABVQJsonObject@@@Z 00418270 f   workflowChecker.obj
 0001:00017b20       ?checkTask@WorkflowCheckerController@@QAEXABVQJsonObject@@@Z 00418b20 f   workflowChecker.obj
 0001:00017b30       ?configChecker@SubThreadCheckWorker@@QAEXABVQJsonArray@@@Z 00418b30 f   workflowChecker.obj
 0001:00017e90       ?copy@?$QMapNode@VQString@@H@@QBEPAU1@PAU?$QMapData@VQString@@H@@@Z 00418e90 f i workflowChecker.obj
 0001:00017f10       ?createNode@?$QMapData@VQString@@H@@QAEPAU?$QMapNode@VQString@@H@@ABVQString@@ABHPAU2@_N@Z 00418f10 f i workflowChecker.obj
 0001:00017f50       ?destroySubTree@?$QMapNode@VQString@@H@@QAEXXZ 00418f50 f i workflowChecker.obj
 0001:00017f80       ?detach_helper@?$QMap@VQString@@H@@AAEXXZ 00418f80 f i workflowChecker.obj
 0001:00018020       ?doCheck@SubThreadCheckWorker@@QAEXABVQJsonObject@@@Z 00419020 f   workflowChecker.obj
 0001:00018580       ?forceStop@SubThreadCheckWorker@@QAEXXZ 00419580 f   workflowChecker.obj
 0001:00018590       ?impl@?$QSlotObject@P8SubThreadWorker@@AEXABVQJsonObject@@@ZU?$List@ABVQJsonObject@@@QtPrivate@@X@QtPrivate@@CAXHPAVQSlotObjectBase@2@PAVQObject@@PAPAXPA_N@Z 00419590 f i workflowprotocol.obj
 0001:00018590       ?impl@?$QSlotObject@P8WorkflowCheckerController@@AEXABVQJsonObject@@@ZU?$List@ABVQJsonObject@@@QtPrivate@@X@QtPrivate@@CAXHPAVQSlotObjectBase@2@PAVQObject@@PAPAXPA_N@Z 00419590 f i workflowChecker.obj
 0001:00018590       ?impl@?$QSlotObject@P8SubThreadWorker@@AEXABVQString@@@ZU?$List@ABVQString@@@QtPrivate@@X@QtPrivate@@CAXHPAVQSlotObjectBase@2@PAVQObject@@PAPAXPA_N@Z 00419590 f i workflowprotocol.obj
 0001:00018590       ?impl@?$QSlotObject@P8SubThreadCheckWorker@@AEXABVQJsonArray@@@ZU?$List@ABVQJsonArray@@@QtPrivate@@X@QtPrivate@@CAXHPAVQSlotObjectBase@2@PAVQObject@@PAPAXPA_N@Z 00419590 f i workflowChecker.obj
 0001:00018590       ?impl@?$QSlotObject@P8WorkflowController@@AEXABVQJsonObject@@@ZU?$List@ABVQJsonObject@@@QtPrivate@@X@QtPrivate@@CAXHPAVQSlotObjectBase@2@PAVQObject@@PAPAXPA_N@Z 00419590 f i workflowprotocol.obj
 0001:00018590       ?impl@?$QSlotObject@P8SubThreadCheckWorker@@AEXABVQJsonObject@@@ZU?$List@ABVQJsonObject@@@QtPrivate@@X@QtPrivate@@CAXHPAVQSlotObjectBase@2@PAVQObject@@PAPAXPA_N@Z 00419590 f i workflowChecker.obj
 0001:000185f0       ?init@WorkflowCheckerController@@QAEXABVQJsonArray@@@Z 004195f0 f   workflowChecker.obj
 0001:00018600       ?insert@?$QMap@VQString@@H@@QAE?AViterator@1@ABVQString@@ABH@Z 00419600 f i workflowChecker.obj
 0001:000186c0       ?remove@?$QMap@VQString@@H@@QAEHABVQString@@@Z 004196c0 f i workflowChecker.obj
 0001:00018770       ?statusChanged@WorkflowCheckerController@@QAEXABVQJsonObject@@@Z 00419770 f   workflowChecker.obj
 0001:00018810       ?stopCurrentCheck@WorkflowCheckerController@@QAEXXZ 00419810 f   workflowChecker.obj
 0001:00018830       ?types@?$ConnectionTypes@U?$List@ABVQJsonArray@@@QtPrivate@@$00@QtPrivate@@SAPBHXZ 00419830 f i workflowChecker.obj
 0001:00018890       ?changeHost@WorkflowController@@QAEXABVQString@@G@Z 00419890 f   moc_workflowprotocol.obj
 0001:000188e0       ?configProtocol@WorkflowController@@QAEXABVQString@@@Z 004198e0 f   moc_workflowprotocol.obj
 0001:00018910       ?metaObject@SubThreadWorker@@UBEPBUQMetaObject@@XZ 00419910 f   moc_workflowprotocol.obj
 0001:00018930       ?metaObject@WorkflowController@@UBEPBUQMetaObject@@XZ 00419930 f   moc_workflowprotocol.obj
 0001:00018950       ?qt_metacall@SubThreadWorker@@UAEHW4Call@QMetaObject@@HPAPAX@Z 00419950 f   moc_workflowprotocol.obj
 0001:000189b0       ?qt_metacall@WorkflowController@@UAEHW4Call@QMetaObject@@HPAPAX@Z 004199b0 f   moc_workflowprotocol.obj
 0001:00018a10       ?qt_metacast@SubThreadWorker@@UAEPAXPBD@Z 00419a10 f   moc_workflowprotocol.obj
 0001:00018a70       ?qt_metacast@WorkflowController@@UAEPAXPBD@Z 00419a70 f   moc_workflowprotocol.obj
 0001:00018ad0       ?qt_static_metacall@SubThreadWorker@@CAXPAVQObject@@W4Call@QMetaObject@@HPAPAX@Z 00419ad0 f   moc_workflowprotocol.obj
 0001:00018bc0       ?qt_static_metacall@WorkflowController@@CAXPAVQObject@@W4Call@QMetaObject@@HPAPAX@Z 00419bc0 f   moc_workflowprotocol.obj
 0001:00018ce0       ?runNewTask@WorkflowController@@QAEXABVQJsonObject@@@Z 00419ce0 f   moc_workflowprotocol.obj
 0001:00018d10       ?runNewTunning@WorkflowController@@QAEXABVQJsonObject@@@Z 00419d10 f   moc_workflowprotocol.obj
 0001:00018d40       ?statusChanged@SubThreadWorker@@QAEXABVQJsonObject@@@Z 00419d40 f   moc_workflowprotocol.obj
 0001:00018d70       ?stopTask@WorkflowController@@QAEXXZ 00419d70 f   moc_workflowprotocol.obj
 0001:00018d90       ?taskStateChanged@SubThreadWorker@@QAEX_NH@Z 00419d90 f   moc_workflowprotocol.obj
 0001:00018de0       ?configChecker@WorkflowCheckerController@@QAEXABVQJsonArray@@@Z 00419de0 f   moc_workflowChecker.obj
 0001:00018e10       ?metaObject@SubThreadCheckWorker@@UBEPBUQMetaObject@@XZ 00419e10 f   moc_workflowChecker.obj
 0001:00018e30       ?metaObject@WorkflowCheckerController@@UBEPBUQMetaObject@@XZ 00419e30 f   moc_workflowChecker.obj
 0001:00018e50       ?qt_metacall@SubThreadCheckWorker@@UAEHW4Call@QMetaObject@@HPAPAX@Z 00419e50 f   moc_workflowChecker.obj
 0001:00018eb0       ?qt_metacall@WorkflowCheckerController@@UAEHW4Call@QMetaObject@@HPAPAX@Z 00419eb0 f   moc_workflowChecker.obj
 0001:00018f10       ?qt_metacast@SubThreadCheckWorker@@UAEPAXPBD@Z 00419f10 f   moc_workflowChecker.obj
 0001:00018f70       ?qt_metacast@WorkflowCheckerController@@UAEPAXPBD@Z 00419f70 f   moc_workflowChecker.obj
 0001:00018fd0       ?qt_static_metacall@SubThreadCheckWorker@@CAXPAVQObject@@W4Call@QMetaObject@@HPAPAX@Z 00419fd0 f   moc_workflowChecker.obj
 0001:00019060       ?qt_static_metacall@WorkflowCheckerController@@CAXPAVQObject@@W4Call@QMetaObject@@HPAPAX@Z 0041a060 f   moc_workflowChecker.obj
 0001:00019120       ?runNewCheck@WorkflowCheckerController@@QAEXABVQJsonObject@@@Z 0041a120 f   moc_workflowChecker.obj
 0001:00019150       ?statusChanged@SubThreadCheckWorker@@QAEXABVQJsonObject@@@Z 0041a150 f   moc_workflowChecker.obj
 0001:00019180       ?stopCheck@WorkflowCheckerController@@QAEXXZ 0041a180 f   moc_workflowChecker.obj
 0001:000191a0       ?metaObject@configFileHandler@@UBEPBUQMetaObject@@XZ 0041a1a0 f   moc_configfilehandler.obj
 0001:000191c0       ?qt_metacall@configFileHandler@@UAEHW4Call@QMetaObject@@HPAPAX@Z 0041a1c0 f   moc_configfilehandler.obj
 0001:000191d0       ?qt_metacast@configFileHandler@@UAEPAXPBD@Z 0041a1d0 f   moc_configfilehandler.obj
 0001:00019230       ?metaObject@EnvironmentVariant@@UBEPBUQMetaObject@@XZ 0041a230 f   moc_environmentvariant.obj
 0001:00019250       ?qt_metacall@EnvironmentVariant@@UAEHW4Call@QMetaObject@@HPAPAX@Z 0041a250 f   moc_environmentvariant.obj
 0001:000192b0       ?qt_metacast@EnvironmentVariant@@UAEPAXPBD@Z 0041a2b0 f   moc_environmentvariant.obj
 0001:00019310       ?qt_static_metacall@EnvironmentVariant@@CAXPAVQObject@@W4Call@QMetaObject@@HPAPAX@Z 0041a310 f   moc_environmentvariant.obj
 0001:00019360       ?workLocationTypeChanged@EnvironmentVariant@@QAEXXZ 0041a360 f   moc_environmentvariant.obj
 0001:00019380       ??$atImpl@V?$QList@PAVQObject@@@@@QSequentialIterableImpl@QtMetaTypePrivate@@SAPBXPBXH@Z 0041a380 f i moc_workmodels.obj
 0001:00019380       ??$atImpl@V?$QList@H@@@QSequentialIterableImpl@QtMetaTypePrivate@@SAPBXPBXH@Z 0041a380 f i moc_workmodels.obj
 0001:000193a0       ??$equal@PBHV?$checked_array_iterator@PBH@stdext@@U?$equal_to@X@std@@@std@@YA_NPBH0V?$checked_array_iterator@PBH@stdext@@U?$equal_to@X@0@@Z 0041a3a0 f i moc_workmodels.obj
 0001:000193a0       ??$equal@PBQAVQObject@@V?$checked_array_iterator@PBQAVQObject@@@stdext@@U?$equal_to@X@std@@@std@@YA_NPBQAVQObject@@0V?$checked_array_iterator@PBQAVQObject@@@stdext@@U?$equal_to@X@0@@Z 0041a3a0 f i moc_workmodels.obj
 0001:00019420       ??$getImpl@V?$QList@H@@@QSequentialIterableImpl@QtMetaTypePrivate@@SA?AUVariantData@1@PBQAXHI@Z 0041a420 f i moc_workmodels.obj
 0001:00019420       ??$getImpl@V?$QList@PAVQObject@@@@@QSequentialIterableImpl@QtMetaTypePrivate@@SA?AUVariantData@1@PBQAXHI@Z 0041a420 f i moc_workmodels.obj
 0001:00019440       ??$moveToBeginImpl@V?$QList@H@@@QSequentialIterableImpl@QtMetaTypePrivate@@SAXPBXPAPAX@Z 0041a440 f i moc_workmodels.obj
 0001:00019440       ??$moveToBeginImpl@V?$QList@PAVQObject@@@@@QSequentialIterableImpl@QtMetaTypePrivate@@SAXPBXPAPAX@Z 0041a440 f i moc_workmodels.obj
 0001:00019470       ??$moveToEndImpl@V?$QList@H@@@QSequentialIterableImpl@QtMetaTypePrivate@@SAXPBXPAPAX@Z 0041a470 f i moc_workmodels.obj
 0001:00019470       ??$moveToEndImpl@V?$QList@PAVQObject@@@@@QSequentialIterableImpl@QtMetaTypePrivate@@SAXPBXPAPAX@Z 0041a470 f i moc_workmodels.obj
 0001:000194a0       ??$sizeImpl@V?$QList@PAVQObject@@@@@QSequentialIterableImpl@QtMetaTypePrivate@@SAHPBX@Z 0041a4a0 f i moc_workmodels.obj
 0001:000194a0       ??$sizeImpl@V?$QList@H@@@QSequentialIterableImpl@QtMetaTypePrivate@@SAHPBX@Z 0041a4a0 f i moc_workmodels.obj
 0001:000194b0       ??0QSequentialIterableImpl@QtMetaTypePrivate@@QAE@XZ 0041a4b0 f i moc_workmodels.obj
 0001:00019520       ?Construct@?$QMetaTypeFunctionHelper@V?$QList@H@@$00@QtMetaTypePrivate@@SAPAXPAXPBX@Z 0041a520 f i moc_workmodels.obj
 0001:00019520       ?Construct@?$QMetaTypeFunctionHelper@V?$QList@PAVQObject@@@@$00@QtMetaTypePrivate@@SAPAXPAXPBX@Z 0041a520 f i moc_workmodels.obj
 0001:000195a0       ?Construct@?$QMetaTypeFunctionHelper@VQSequentialIterableImpl@QtMetaTypePrivate@@$00@QtMetaTypePrivate@@SAPAXPAXPBX@Z 0041a5a0 f i moc_workmodels.obj
 0001:000195e0       ?Destruct@?$QMetaTypeFunctionHelper@V?$QList@PAVQObject@@@@$00@QtMetaTypePrivate@@SAXPAX@Z 0041a5e0 f i moc_workmodels.obj
 0001:000195e0       ?Destruct@?$QMetaTypeFunctionHelper@V?$QList@H@@$00@QtMetaTypePrivate@@SAXPAX@Z 0041a5e0 f i moc_workmodels.obj
 0001:00019650       ?MachineConfigChanged@TargetMachineObject@@QAEXXZ 0041a650 f   moc_workmodels.obj
 0001:00019670       ?UnitChanged@OperationParamObject@@QAEXXZ 0041a670 f   moc_workmodels.obj
 0001:00019690       ?administratorChanged@AdministratorChecker@@QAEXXZ 0041a690 f   moc_workmodels.obj
 0001:000196b0       ?advance@?$IteratorOwnerCommon@Vconst_iterator@?$QList@PAVQObject@@@@@QtMetaTypePrivate@@SAXPAPAXH@Z 0041a6b0 f i moc_workmodels.obj
 0001:000196b0       ?advance@?$IteratorOwnerCommon@Vconst_iterator@?$QList@H@@@QtMetaTypePrivate@@SAXPAPAXH@Z 0041a6b0 f i moc_workmodels.obj
 0001:000196c0       ?assign@?$IteratorOwnerCommon@Vconst_iterator@?$QList@H@@@QtMetaTypePrivate@@SAXPAPAXPBQAX@Z 0041a6c0 f i moc_workmodels.obj
 0001:000196c0       ?assign@?$IteratorOwnerCommon@Vconst_iterator@?$QList@PAVQObject@@@@@QtMetaTypePrivate@@SAXPAPAXPBQAX@Z 0041a6c0 f i moc_workmodels.obj
 0001:000196e0       ?boolValueChanged@OperationParamObject@@QAEXXZ 0041a6e0 f   moc_workmodels.obj
 0001:00019700       ?bottomValueChanged@OperationParamObject@@QAEXXZ 0041a700 f   moc_workmodels.obj
 0001:00019720       ?convert@?$ConverterFunctor@V?$QList@H@@VQSequentialIterableImpl@QtMetaTypePrivate@@U?$QSequentialIterableConvertFunctor@V?$QList@H@@@3@@QtPrivate@@SA_NPBUAbstractConverterFunction@2@PBXPAX@Z 0041a720 f i moc_workmodels.obj
 0001:000197c0       ?convert@?$ConverterFunctor@V?$QList@PAVQObject@@@@VQSequentialIterableImpl@QtMetaTypePrivate@@U?$QSequentialIterableConvertFunctor@V?$QList@PAVQObject@@@@@3@@QtPrivate@@SA_NPBUAbstractConverterFunction@2@PBXPAX@Z 0041a7c0 f i moc_workmodels.obj
 0001:00019860       ?currentIndexChanged@OperationParamSelector@@QAEXXZ 0041a860 f   moc_workmodels.obj
 0001:00019880       ?destroy@?$IteratorOwnerCommon@Vconst_iterator@?$QList@H@@@QtMetaTypePrivate@@SAXPAPAX@Z 0041a880 f i moc_workmodels.obj
 0001:00019880       ?destroy@?$IteratorOwnerCommon@Vconst_iterator@?$QList@PAVQObject@@@@@QtMetaTypePrivate@@SAXPAPAX@Z 0041a880 f i moc_workmodels.obj
 0001:000198a0       ?display@OperationParamObject@@QBE?AVQString@@XZ 0041a8a0 f i moc_workmodels.obj
 0001:000198c0       ?displayChanged@OperationParamObject@@QAEXXZ 0041a8c0 f   moc_workmodels.obj
 0001:000198e0       ?equal@?$IteratorOwnerCommon@Vconst_iterator@?$QList@PAVQObject@@@@@QtMetaTypePrivate@@SA_NPBQAX0@Z 0041a8e0 f i moc_workmodels.obj
 0001:000198e0       ?equal@?$IteratorOwnerCommon@Vconst_iterator@?$QList@H@@@QtMetaTypePrivate@@SA_NPBQAX0@Z 0041a8e0 f i moc_workmodels.obj
 0001:00019900       ?floatValueChanged@OperationParamObject@@QAEXXZ 0041a900 f   moc_workmodels.obj
 0001:00019920       ?getLicenseNumber@TargetMachineObject@@QBE?AVQString@@XZ 0041a920 f i moc_workmodels.obj
 0001:00019940       ?getParamListModel@PlanSelector@@QAE?AV?$QList@PAVQObject@@@@XZ 0041a940 f i moc_workmodels.obj
 0001:00019960       ?getParamModel@OperationParamSelector@@QAE?AV?$QList@PAVQObject@@@@XZ 0041a960 f i moc_workmodels.obj
 0001:00019980       ?intListValue@OperationParamObject@@QAE?AV?$QList@H@@XZ 0041a980 f i moc_workmodels.obj
 0001:000199a0       ?intListValueChanged@OperationParamObject@@QAEXXZ 0041a9a0 f   moc_workmodels.obj
 0001:000199c0       ?integerValueChanged@OperationParamObject@@QAEXXZ 0041a9c0 f   moc_workmodels.obj
 0001:000199e0       ?metaObject@AdministratorChecker@@UBEPBUQMetaObject@@XZ 0041a9e0 f   moc_workmodels.obj
 0001:00019a00       ?metaObject@ConfigFileConverter@@UBEPBUQMetaObject@@XZ 0041aa00 f   moc_workmodels.obj
 0001:00019a20       ?metaObject@OperationParamObject@@UBEPBUQMetaObject@@XZ 0041aa20 f   moc_workmodels.obj
 0001:00019a40       ?metaObject@OperationParamSelector@@UBEPBUQMetaObject@@XZ 0041aa40 f   moc_workmodels.obj
 0001:00019a60       ?metaObject@PlanController@@UBEPBUQMetaObject@@XZ 0041aa60 f   moc_workmodels.obj
 0001:00019a80       ?metaObject@PlanSelector@@UBEPBUQMetaObject@@XZ 0041aa80 f   moc_workmodels.obj
 0001:00019aa0       ?metaObject@StatusViewWatcher@@UBEPBUQMetaObject@@XZ 0041aaa0 f   moc_workmodels.obj
 0001:00019ac0       ?metaObject@TargetMachineObject@@UBEPBUQMetaObject@@XZ 0041aac0 f   moc_workmodels.obj
 0001:00019ae0       ?nameChanged@OperationParamObject@@QAEXXZ 0041aae0 f   moc_workmodels.obj
 0001:00019b00       ?op_eq_impl@?$QList@H@@ABE_NABV1@UArrayCompatibleLayout@QListData@@@Z 0041ab00 f i moc_workmodels.obj
 0001:00019b00       ?op_eq_impl@?$QList@PAVQObject@@@@ABE_NABV1@UArrayCompatibleLayout@QListData@@@Z 0041ab00 f i moc_workmodels.obj
 0001:00019b70       ?op_eq_impl@?$QList@VQString@@@@ABE_NABV1@UArrayCompatibleLayout@QListData@@@Z 0041ab70 f i moc_workmodels.obj
 0001:00019be0       ?operationListModel@PlanSelector@@QAE?AVQStringList@@XZ 0041abe0 f i moc_workmodels.obj
 0001:00019c00       ?operationModel@OperationParamSelector@@QAE?AVQStringList@@XZ 0041ac00 f i moc_workmodels.obj
 0001:00019c20       ?operationNameChanged@SingleOperationObject@@QAEXXZ 0041ac20 f   moc_workmodels.obj
 0001:00019c40       ?pageNameChanged@OperationParamSelector@@QAEXXZ 0041ac40 f   moc_workmodels.obj
 0001:00019c60       ?paramListModelChanged@PlanSelector@@QAEXXZ 0041ac60 f   moc_workmodels.obj
 0001:00019c80       ?paramModelChanged@OperationParamSelector@@QAEXXZ 0041ac80 f   moc_workmodels.obj
 0001:00019ca0       ?planCheckStatusChanged@PlanSelector@@QAEXABVQJsonObject@@@Z 0041aca0 f   moc_workmodels.obj
 0001:00019cd0       ?qt_metacall@AdministratorChecker@@UAEHW4Call@QMetaObject@@HPAPAX@Z 0041acd0 f   moc_workmodels.obj
 0001:00019d80       ?qt_metacall@ConfigFileConverter@@UAEHW4Call@QMetaObject@@HPAPAX@Z 0041ad80 f   moc_workmodels.obj
 0001:00019de0       ?qt_metacall@OperationParamObject@@UAEHW4Call@QMetaObject@@HPAPAX@Z 0041ade0 f   moc_workmodels.obj
 0001:00019e80       ?qt_metacall@OperationParamSelector@@UAEHW4Call@QMetaObject@@HPAPAX@Z 0041ae80 f   moc_workmodels.obj
 0001:00019f30       ?qt_metacall@PlanController@@UAEHW4Call@QMetaObject@@HPAPAX@Z 0041af30 f   moc_workmodels.obj
 0001:00019f90       ?qt_metacall@PlanSelector@@UAEHW4Call@QMetaObject@@HPAPAX@Z 0041af90 f   moc_workmodels.obj
 0001:0001a040       ?qt_metacall@StatusViewWatcher@@UAEHW4Call@QMetaObject@@HPAPAX@Z 0041b040 f   moc_workmodels.obj
 0001:0001a0a0       ?qt_metacall@TargetMachineObject@@UAEHW4Call@QMetaObject@@HPAPAX@Z 0041b0a0 f   moc_workmodels.obj
 0001:0001a160       ?qt_metacast@AdministratorChecker@@UAEPAXPBD@Z 0041b160 f   moc_workmodels.obj
 0001:0001a1c0       ?qt_metacast@ConfigFileConverter@@UAEPAXPBD@Z 0041b1c0 f   moc_workmodels.obj
 0001:0001a220       ?qt_metacast@OperationParamObject@@UAEPAXPBD@Z 0041b220 f   moc_workmodels.obj
 0001:0001a2c0       ?qt_metacast@OperationParamSelector@@UAEPAXPBD@Z 0041b2c0 f   moc_workmodels.obj
 0001:0001a320       ?qt_metacast@PlanController@@UAEPAXPBD@Z 0041b320 f   moc_workmodels.obj
 0001:0001a380       ?qt_metacast@PlanSelector@@UAEPAXPBD@Z 0041b380 f   moc_workmodels.obj
 0001:0001a3e0       ?qt_metacast@StatusViewWatcher@@UAEPAXPBD@Z 0041b3e0 f   moc_workmodels.obj
 0001:0001a440       ?qt_metacast@TargetMachineObject@@UAEPAXPBD@Z 0041b440 f   moc_workmodels.obj
 0001:0001a4e0       ?qt_metatype_id@?$QMetaTypeId@V?$QList@H@@@@SAHXZ 0041b4e0 f i moc_workmodels.obj
 0001:0001a600       ?qt_metatype_id@?$QMetaTypeId@V?$QList@PAVQObject@@@@@@SAHXZ 0041b600 f i moc_workmodels.obj
 0001:0001a6a0       ?qt_metatype_id@?$QMetaTypeId@VQSequentialIterableImpl@QtMetaTypePrivate@@@@SAHXZ 0041b6a0 f i moc_workmodels.obj
 0001:0001a730       ?qt_static_metacall@AdministratorChecker@@CAXPAVQObject@@W4Call@QMetaObject@@HPAPAX@Z 0041b730 f   moc_workmodels.obj
 0001:0001a7b0       ?qt_static_metacall@ConfigFileConverter@@CAXPAVQObject@@W4Call@QMetaObject@@HPAPAX@Z 0041b7b0 f   moc_workmodels.obj
 0001:0001a800       ?qt_static_metacall@OperationParamObject@@CAXPAVQObject@@W4Call@QMetaObject@@HPAPAX@Z 0041b800 f   moc_workmodels.obj
 0001:0001ace0       ?qt_static_metacall@OperationParamSelector@@CAXPAVQObject@@W4Call@QMetaObject@@HPAPAX@Z 0041bce0 f   moc_workmodels.obj
 0001:0001af90       ?qt_static_metacall@PlanController@@CAXPAVQObject@@W4Call@QMetaObject@@HPAPAX@Z 0041bf90 f   moc_workmodels.obj
 0001:0001b020       ?qt_static_metacall@PlanSelector@@CAXPAVQObject@@W4Call@QMetaObject@@HPAPAX@Z 0041c020 f   moc_workmodels.obj
 0001:0001b4c0       ?qt_static_metacall@SingleOperationObject@@CAXPAVQObject@@W4Call@QMetaObject@@HPAPAX@Z 0041c4c0 f   moc_workmodels.obj
 0001:0001b570       ?qt_static_metacall@StatusViewWatcher@@CAXPAVQObject@@W4Call@QMetaObject@@HPAPAX@Z 0041c570 f   moc_workmodels.obj
 0001:0001b740       ?qt_static_metacall@TargetMachineObject@@CAXPAVQObject@@W4Call@QMetaObject@@HPAPAX@Z 0041c740 f   moc_workmodels.obj
 0001:0001b8a0       ?registerConverter@?$ValueTypeIsMetaType@V?$QList@H@@$00@QtPrivate@@SA_NH@Z 0041c8a0 f i moc_workmodels.obj
 0001:0001b930       ?registerConverter@?$ValueTypeIsMetaType@V?$QList@PAVQObject@@@@$00@QtPrivate@@SA_NH@Z 0041c930 f i moc_workmodels.obj
 0001:0001b9c0       ?setBoolValue@OperationParamObject@@QAEX_N@Z 0041c9c0 f i moc_workmodels.obj
 0001:0001b9f0       ?setBottomValue@OperationParamObject@@QAEXH@Z 0041c9f0 f i moc_workmodels.obj
 0001:0001ba20       ?setDisplay@OperationParamObject@@QAEXABVQString@@@Z 0041ca20 f i moc_workmodels.obj
 0001:0001ba60       ?setFloatValue@OperationParamObject@@QAEXN@Z 0041ca60 f i moc_workmodels.obj
 0001:0001baa0       ?setIntListValue@OperationParamObject@@QAEXABV?$QList@H@@@Z 0041caa0 f i moc_workmodels.obj
 0001:0001bb80       ?setIntegerValue@OperationParamObject@@QAEXH@Z 0041cb80 f i moc_workmodels.obj
 0001:0001bbb0       ?setName@OperationParamObject@@QAEXABVQString@@@Z 0041cbb0 f i moc_workmodels.obj
 0001:0001bbf0       ?setOperationName@SingleOperationObject@@QAEXABVQString@@@Z 0041cbf0 f i moc_workmodels.obj
 0001:0001bc30       ?setParamListModel@PlanSelector@@QAEXABV?$QList@PAVQObject@@@@@Z 0041cc30 f i moc_workmodels.obj
 0001:0001bd10       ?setParamModel@OperationParamSelector@@QAEXABV?$QList@PAVQObject@@@@@Z 0041cd10 f i moc_workmodels.obj
 0001:0001bdf0       ?setStringValue@OperationParamObject@@QAEXABVQString@@@Z 0041cdf0 f i moc_workmodels.obj
 0001:0001be30       ?setStringlistValue@OperationParamObject@@QAEXABVQStringList@@@Z 0041ce30 f i moc_workmodels.obj
 0001:0001beb0       ?setSwitchValue@OperationParamObject@@QAEXABVQString@@@Z 0041ceb0 f i moc_workmodels.obj
 0001:0001bef0       ?setTopValue@OperationParamObject@@QAEXH@Z 0041cef0 f i moc_workmodels.obj
 0001:0001bf20       ?setUnit@OperationParamObject@@QAEXABVQString@@@Z 0041cf20 f i moc_workmodels.obj
 0001:0001bf60       ?settype@OperationParamObject@@QAEXABVQString@@@Z 0041cf60 f i moc_workmodels.obj
 0001:0001bfa0       ?statusChanged@StatusViewWatcher@@QAEXABVQJsonObject@@@Z 0041cfa0 f   moc_workmodels.obj
 0001:0001bfd0       ?stringListValue@OperationParamObject@@QBE?AVQStringList@@XZ 0041cfd0 f i moc_workmodels.obj
 0001:0001bff0       ?stringValue@OperationParamObject@@QBE?AVQString@@XZ 0041cff0 f i moc_workmodels.obj
 0001:0001c010       ?stringValueChanged@OperationParamObject@@QAEXXZ 0041d010 f   moc_workmodels.obj
 0001:0001c030       ?stringlistValueChanged@OperationParamObject@@QAEXXZ 0041d030 f   moc_workmodels.obj
 0001:0001c050       ?switchValue@OperationParamObject@@QBE?AVQString@@XZ 0041d050 f i moc_workmodels.obj
 0001:0001c070       ?switchValueChanged@OperationParamObject@@QAEXXZ 0041d070 f   moc_workmodels.obj
 0001:0001c090       ?taskStateChanged@PlanController@@QAEX_N@Z 0041d090 f   moc_workmodels.obj
 0001:0001c0c0       ?topValueChanged@OperationParamObject@@QAEXXZ 0041d0c0 f   moc_workmodels.obj
 0001:0001c0e0       ?type@OperationParamObject@@QBE?AVQString@@XZ 0041d0e0 f i moc_workmodels.obj
 0001:0001c100       ?typeChanged@OperationParamObject@@QAEXXZ 0041d100 f   moc_workmodels.obj
 0001:0001c120       ?unit@OperationParamObject@@QBE?AVQString@@XZ 0041d120 f i moc_workmodels.obj
 0001:0001c140       ?workLocationTypeChanged@StatusViewWatcher@@QAEXXZ 0041d140 f   moc_workmodels.obj
 0001:0001c154       _MiniDumpWriteDump@28      0041d154 f   DbgHelp:dbghelp.dll
 0001:0001c15a       ?fixup@QValidator@@UBEXAAVQString@@@Z 0041d15a f   Qt5Gui:Qt5Gui.dll
 0001:0001c160       ?metaObject@QDoubleValidator@@UBEPBUQMetaObject@@XZ 0041d160 f   Qt5Gui:Qt5Gui.dll
 0001:0001c166       ?qt_metacall@QDoubleValidator@@UAEHW4Call@QMetaObject@@HPAPAX@Z 0041d166 f   Qt5Gui:Qt5Gui.dll
 0001:0001c16c       ?qt_metacast@QDoubleValidator@@UAEPAXPBD@Z 0041d16c f   Qt5Gui:Qt5Gui.dll
 0001:0001c172       ?setRange@QDoubleValidator@@UAEXNNH@Z 0041d172 f   Qt5Gui:Qt5Gui.dll
 0001:0001c178       ?childEvent@QObject@@MAEXPAVQChildEvent@@@Z 0041d178 f   Qt5Core:Qt5Core.dll
 0001:0001c17e       ?connectNotify@QObject@@MAEXABVQMetaMethod@@@Z 0041d17e f   Qt5Core:Qt5Core.dll
 0001:0001c184       ?customEvent@QObject@@MAEXPAVQEvent@@@Z 0041d184 f   Qt5Core:Qt5Core.dll
 0001:0001c18a       ?disconnectNotify@QObject@@MAEXABVQMetaMethod@@@Z 0041d18a f   Qt5Core:Qt5Core.dll
 0001:0001c190       ?event@QObject@@UAE_NPAVQEvent@@@Z 0041d190 f   Qt5Core:Qt5Core.dll
 0001:0001c196       ?eventFilter@QObject@@UAE_NPAV1@PAVQEvent@@@Z 0041d196 f   Qt5Core:Qt5Core.dll
 0001:0001c19c       ?timerEvent@QObject@@MAEXPAVQTimerEvent@@@Z 0041d19c f   Qt5Core:Qt5Core.dll
 0001:0001c1a2       ?qRegisterResourceData@@YA_NHPBE00@Z 0041d1a2 f   Qt5Core:Qt5Core.dll
 0001:0001c1a8       ?qUnregisterResourceData@@YA_NHPBE00@Z 0041d1a8 f   Qt5Core:Qt5Core.dll
 0001:0001c1ae       @__security_check_cookie@4 0041d1ae f   MSVCRT:_secchk_.obj
 0001:0001c1bf       ??2@YAPAXI@Z               0041d1bf f   MSVCRT:new_scalar.obj
 0001:0001c1f2       ??3@YAXPAXI@Z              0041d1f2 f   MSVCRT:delete_scalar_size.obj
 0001:0001c2c0       ??$__crt_fast_encode_pointer@P6GXPAU_RTL_CONDITION_VARIABLE@@@Z@@YAP6GXPAU_RTL_CONDITION_VARIABLE@@@ZQ6GX0@Z@Z 0041d2c0 f i MSVCRT:thread_safe_statics.obj
 0001:0001c2c0       ??$__crt_fast_encode_pointer@P6GHPAU_RTL_CONDITION_VARIABLE@@PAU_RTL_CRITICAL_SECTION@@K@Z@@YAP6GHPAU_RTL_CONDITION_VARIABLE@@PAU_RTL_CRITICAL_SECTION@@K@ZQ6GH01K@Z@Z 0041d2c0 f i MSVCRT:thread_safe_statics.obj
 0001:0001c2f9       __Init_thread_footer       0041d2f9 f   MSVCRT:thread_safe_statics.obj
 0001:0001c338       __Init_thread_header       0041d338 f   MSVCRT:thread_safe_statics.obj
 0001:0001c37e       __Init_thread_lock         0041d37e f   MSVCRT:thread_safe_statics.obj
 0001:0001c38a       __Init_thread_notify       0041d38a f   MSVCRT:thread_safe_statics.obj
 0001:0001c3cb       __Init_thread_unlock       0041d3cb f   MSVCRT:thread_safe_statics.obj
 0001:0001c3d7       __Init_thread_wait         0041d3d7 f   MSVCRT:thread_safe_statics.obj
 0001:0001c43c       ??_Etype_info@@UAEPAXI@Z   0041d43c f i MSVCRT:std_type_info_static.obj
 0001:0001c43c       ??_Gtype_info@@UAEPAXI@Z   0041d43c f i MSVCRT:std_type_info_static.obj
 0001:0001c4a3       ___scrt_acquire_startup_lock 0041d4a3 f   MSVCRT:utility.obj
 0001:0001c4d8       ___scrt_initialize_crt     0041d4d8 f   MSVCRT:utility.obj
 0001:0001c511       ___scrt_initialize_onexit_tables 0041d511 f   MSVCRT:utility.obj
 0001:0001c5a8       ___scrt_is_nonwritable_in_current_image 0041d5a8 f   MSVCRT:utility.obj
 0001:0001c632       ___scrt_release_startup_lock 0041d632 f   MSVCRT:utility.obj
 0001:0001c64f       ___scrt_uninitialize_crt   0041d64f f   MSVCRT:utility.obj
 0001:0001c677       __onexit                   0041d677 f   MSVCRT:utility.obj
 0001:0001c6b2       _atexit                    0041d6b2 f   MSVCRT:utility.obj
 0001:0001c8ed       _WinMainCRTStartup         0041d8ed f   MSVCRT:exe_winmain.obj
 0001:0001c8f7       ___raise_securityfailure   0041d8f7 f   MSVCRT:gs_report.obj
 0001:0001c91f       ___report_gsfailure        0041d91f f   MSVCRT:gs_report.obj
 0001:0001ca1a       ??0bad_alloc@std@@QAE@ABV01@@Z 0041da1a f i MSVCRT:throw_bad_alloc.obj
 0001:0001ca35       ??0bad_alloc@std@@QAE@XZ   0041da35 f i MSVCRT:throw_bad_alloc.obj
 0001:0001ca4d       ??0bad_array_new_length@std@@QAE@ABV01@@Z 0041da4d f i MSVCRT:throw_bad_alloc.obj
 0001:0001ca68       ??0bad_array_new_length@std@@QAE@XZ 0041da68 f i MSVCRT:throw_bad_alloc.obj
 0001:0001ca80       ??0exception@std@@QAE@ABV01@@Z 0041da80 f i MSVCRT:throw_bad_alloc.obj
 0001:0001caac       ??1bad_array_new_length@std@@UAE@XZ 0041daac f i MSVCRT:throw_bad_alloc.obj
 0001:0001caac       ??1bad_alloc@std@@UAE@XZ   0041daac f i MSVCRT:throw_bad_alloc.obj
 0001:0001cabd       ??_Ebad_alloc@std@@UAEPAXI@Z 0041dabd f i MSVCRT:throw_bad_alloc.obj
 0001:0001cabd       ??_Ebad_array_new_length@std@@UAEPAXI@Z 0041dabd f i MSVCRT:throw_bad_alloc.obj
 0001:0001cabd       ??_Gexception@std@@UAEPAXI@Z 0041dabd f i MSVCRT:throw_bad_alloc.obj
 0001:0001cabd       ??_Gbad_alloc@std@@UAEPAXI@Z 0041dabd f i MSVCRT:throw_bad_alloc.obj
 0001:0001cabd       ??_Gbad_array_new_length@std@@UAEPAXI@Z 0041dabd f i MSVCRT:throw_bad_alloc.obj
 0001:0001cabd       ??_Eexception@std@@UAEPAXI@Z 0041dabd f i MSVCRT:throw_bad_alloc.obj
 0001:0001caea       ?__scrt_throw_std_bad_alloc@@YAXXZ 0041daea f   MSVCRT:throw_bad_alloc.obj
 0001:0001cb07       ?__scrt_throw_std_bad_array_new_length@@YAXXZ 0041db07 f   MSVCRT:throw_bad_alloc.obj
 0001:0001cb24       ?what@exception@std@@UBEPBDXZ 0041db24 f i MSVCRT:throw_bad_alloc.obj
 0001:0001cb31       ??3@YAXPAX@Z               0041db31 f   MSVCRT:delete_scalar.obj
 0001:0001cb36       ___scrt_fastfail           0041db36 f   MSVCRT:utility_desktop.obj
 0001:0001cc51       ___scrt_get_show_window_mode 0041dc51 f   MSVCRT:utility_desktop.obj
 0001:0001cc84       ___scrt_is_managed_app     0041dc84 f   MSVCRT:utility_desktop.obj
 0001:0001ccc8       ___scrt_set_unhandled_exception_filter 0041dcc8 f   MSVCRT:utility_desktop.obj
[...]
 0002:00054030       __unwindtable$??$createInto@VOperationParamObject@@@QQmlPrivate@@YAXPAX@Z 00476030     main.obj
 0002:00054030       __unwindtable$??$createInto@VTextFieldDoubleValidator@@@QQmlPrivate@@YAXPAX@Z 00476030     main.obj
 0002:00054030       __unwindtable$??$createInto@VPlanSelector@@@QQmlPrivate@@YAXPAX@Z 00476030     main.obj
 0002:00054030       __unwindtable$??$createInto@VOperationParamSelector@@@QQmlPrivate@@YAXPAX@Z 00476030     main.obj
 0002:00054030       __unwindtable$??$createInto@VPlanController@@@QQmlPrivate@@YAXPAX@Z 00476030     main.obj
 0002:00054038       __ehfuncinfo$??$createInto@VTextFieldDoubleValidator@@@QQmlPrivate@@YAXPAX@Z 00476038     main.obj
 0002:00054038       __ehfuncinfo$??$createInto@VStatusViewWatcher@@@QQmlPrivate@@YAXPAX@Z 00476038     main.obj
 0002:00054038       __ehfuncinfo$??$createInto@VPlanController@@@QQmlPrivate@@YAXPAX@Z 00476038     main.obj
 0002:00054038       __ehfuncinfo$??$createInto@VPlanSelector@@@QQmlPrivate@@YAXPAX@Z 00476038     main.obj
 0002:00054038       __ehfuncinfo$??$createInto@VOperationParamSelector@@@QQmlPrivate@@YAXPAX@Z 00476038     main.obj
 0002:00054038       __ehfuncinfo$??$createInto@VOperationParamObject@@@QQmlPrivate@@YAXPAX@Z 00476038     main.obj
 0002:0005405c       __unwindtable$??_G?$QQmlElement@VStatusViewWatcher@@@QQmlPrivate@@UAEPAXI@Z 0047605c     main.obj
 0002:0005405c       __unwindtable$??_G?$QQmlElement@VPlanController@@@QQmlPrivate@@UAEPAXI@Z 0047605c     main.obj
 0002:0005405c       __unwindtable$??_GPlanController@@UAEPAXI@Z 0047605c     workmodels.obj
 0002:0005405c       __unwindtable$??_G?$QQmlElement@VPlanSelector@@@QQmlPrivate@@UAEPAXI@Z 0047605c     main.obj
 0002:0005405c       __unwindtable$??1SingleOperationData@@QAE@XZ 0047605c     configfilehandler.obj
 0002:0005405c       __unwindtable$??_G?$QQmlElement@VOperationParamSelector@@@QQmlPrivate@@UAEPAXI@Z 0047605c     main.obj
 0002:0005405c       __unwindtable$??1OperationParamData@@QAE@XZ 0047605c     configfilehandler.obj
 0002:0005405c       __unwindtable$??_G?$QQmlElement@VOperationParamObject@@@QQmlPrivate@@UAEPAXI@Z 0047605c     main.obj
 0002:0005405c       __unwindtable$??1?$QForeachContainer@$$CBV?$QList@VSingleOperationData@@@@@@QAE@XZ 0047605c     environmentvariant.obj
 0002:0005405c       __unwindtable$??_G?$QQmlElement@VTextFieldDoubleValidator@@@QQmlPrivate@@UAEPAXI@Z 0047605c     main.obj
 0002:0005405c       __unwindtable$??_GSingleOperationData@@QAEPAXI@Z 0047605c     configfilehandler.obj
 0002:00054064       __ehfuncinfo$??_G?$QQmlElement@VOperationParamObject@@@QQmlPrivate@@UAEPAXI@Z 00476064     main.obj
 0002:00054064       __ehfuncinfo$??1OperationParamData@@QAE@XZ 00476064     configfilehandler.obj
 0002:00054064       __ehfuncinfo$??_G?$QQmlElement@VOperationParamSelector@@@QQmlPrivate@@UAEPAXI@Z 00476064     main.obj
 0002:00054064       __ehfuncinfo$??1SingleOperationData@@QAE@XZ 00476064     configfilehandler.obj
 0002:00054064       __ehfuncinfo$??_G?$QQmlElement@VPlanSelector@@@QQmlPrivate@@UAEPAXI@Z 00476064     main.obj
 0002:00054064       __ehfuncinfo$??_GSingleOperationData@@QAEPAXI@Z 00476064     configfilehandler.obj
 0002:00054064       __ehfuncinfo$??_G?$QQmlElement@VStatusViewWatcher@@@QQmlPrivate@@UAEPAXI@Z 00476064     main.obj
 0002:00054064       __ehfuncinfo$??1?$QForeachContainer@$$CBV?$QList@VSingleOperationData@@@@@@QAE@XZ 00476064     environmentvariant.obj
 0002:00054064       __ehfuncinfo$??_G?$QQmlElement@VTextFieldDoubleValidator@@@QQmlPrivate@@UAEPAXI@Z 00476064     main.obj
 0002:00054064       __ehfuncinfo$??_GPlanController@@UAEPAXI@Z 00476064     workmodels.obj
 0002:00054064       __ehfuncinfo$??_G?$QQmlElement@VPlanController@@@QQmlPrivate@@UAEPAXI@Z 00476064     main.obj
 0002:00054088       __catchsym$??0?$QList@PAVQObject@@@@QAE@ABV0@@Z$7 00476088     workmodels.obj
 0002:00054088       __catchsym$??0?$QList@H@@QAE@ABV0@@Z$7 00476088     configfilehandler.obj
 0002:00054098       __unwindtable$??0?$QList@H@@QAE@ABV0@@Z 00476098     configfilehandler.obj
 0002:00054098       __unwindtable$??0?$QList@PAVQObject@@@@QAE@ABV0@@Z 00476098     workmodels.obj
 0002:000540a8       __tryblocktable$??0?$QList@H@@QAE@ABV0@@Z 004760a8     configfilehandler.obj
 0002:000540a8       __tryblocktable$??0?$QList@PAVQObject@@@@QAE@ABV0@@Z 004760a8     workmodels.obj
 0002:000540bc       __ehfuncinfo$??0?$QList@PAVQObject@@@@QAE@ABV0@@Z 004760bc     workmodels.obj
 0002:000540bc       __ehfuncinfo$??0?$QList@H@@QAE@ABV0@@Z 004760bc     configfilehandler.obj
 0002:000540e0       __catchsym$?append@?$QList@PAVQObject@@@@QAEXABQAVQObject@@@Z$9 004760e0     workmodels.obj
 0002:000540e0       __catchsym$?append@?$QList@H@@QAEXABH@Z$9 004760e0     configfilehandler.obj
 0002:000540f0       __tryblocktable$?append@?$QList@PAVQObject@@@@QAEXABQAVQObject@@@Z 004760f0     workmodels.obj
 0002:000540f0       __tryblocktable$?append@?$QList@H@@QAEXABH@Z 004760f0     configfilehandler.obj
 0002:00054104       __ehfuncinfo$?append@?$QList@H@@QAEXABH@Z 00476104     configfilehandler.obj
 0002:00054104       __ehfuncinfo$?append@?$QList@PAVQObject@@@@QAEXABQAVQObject@@@Z 00476104     workmodels.obj
 0002:00054128       __unwindtable$?append@?$QList@H@@QAEXABH@Z 00476128     configfilehandler.obj
 0002:00054128       __unwindtable$?append@?$QList@PAVQObject@@@@QAEXABQAVQObject@@@Z 00476128     workmodels.obj
 0002:00054158       __catchsym$?detach_helper_grow@?$QList@PAVQObject@@@@AAEPAUNode@1@HH@Z$10 00476158     workmodels.obj
 0002:00054158       __catchsym$?detach_helper_grow@?$QList@H@@AAEPAUNode@1@HH@Z$10 00476158     configfilehandler.obj
 0002:00054168       __catchsym$?detach_helper_grow@?$QList@H@@AAEPAUNode@1@HH@Z$9 00476168     configfilehandler.obj
 0002:00054168       __catchsym$?detach_helper_grow@?$QList@PAVQObject@@@@AAEPAUNode@1@HH@Z$9 00476168     workmodels.obj
 0002:00054178       __unwindtable$?detach_helper_grow@?$QList@H@@AAEPAUNode@1@HH@Z 00476178     configfilehandler.obj
 0002:00054178       __unwindtable$?detach_helper_grow@?$QList@PAVQObject@@@@AAEPAUNode@1@HH@Z 00476178     workmodels.obj
 0002:00054198       __ehfuncinfo$?detach_helper_grow@?$QList@PAVQObject@@@@AAEPAUNode@1@HH@Z 00476198     workmodels.obj
 0002:00054198       __ehfuncinfo$?detach_helper_grow@?$QList@H@@AAEPAUNode@1@HH@Z 00476198     configfilehandler.obj
 0002:000541bc       __tryblocktable$?detach_helper_grow@?$QList@PAVQObject@@@@AAEPAUNode@1@HH@Z 004761bc     workmodels.obj
 0002:000541bc       __tryblocktable$?detach_helper_grow@?$QList@H@@AAEPAUNode@1@HH@Z 004761bc     configfilehandler.obj
 0002:000541e4       __ehfuncinfo$?setSelectedOperation@OperationParamSelector@@QAEXH@Z 004761e4     workmodels.obj
 0002:00054208       __unwindtable$?setSelectedOperation@OperationParamSelector@@QAEXH@Z 00476208     workmodels.obj
 0002:00054270       __unwindtable$?getSwitch@PlanSelector@@QAEPAVQObject@@ABVQString@@@Z 00476270     workmodels.obj
 0002:00054270       __unwindtable$?getSwitch@OperationParamSelector@@QAEPAVQObject@@ABVQString@@@Z 00476270     workmodels.obj
 0002:00054288       __ehfuncinfo$?getSwitch@OperationParamSelector@@QAEPAVQObject@@ABVQString@@@Z 00476288     workmodels.obj
 0002:00054288       __ehfuncinfo$?getSwitch@PlanSelector@@QAEPAVQObject@@ABVQString@@@Z 00476288     workmodels.obj
 0002:000542ac       __ehfuncinfo$?onCompleteSingleOperation@OperationParamSelector@@QAEXXZ 004762ac     workmodels.obj
 0002:000542d0       __unwindtable$?onCompleteSingleOperation@OperationParamSelector@@QAEXXZ 004762d0     workmodels.obj
 0002:00054310       __unwindtable$??0PlanSelector@@QAE@PAVQObject@@@Z 00476310     workmodels.obj
 0002:00054330       __ehfuncinfo$??0PlanSelector@@QAE@PAVQObject@@@Z 00476330     workmodels.obj
 0002:00054354       __unwindtable$??1PlanSelector@@UAE@XZ 00476354     workmodels.obj
 0002:00054364       __ehfuncinfo$??1PlanSelector@@UAE@XZ 00476364     workmodels.obj
 0002:00054388       __ehfuncinfo$?setSelectedStep@PlanSelector@@QAEXHH@Z 00476388     workmodels.obj
 0002:000543ac       __unwindtable$?setSelectedStep@PlanSelector@@QAEXHH@Z 004763ac     workmodels.obj
 0002:00054414       __ehfuncinfo$?setSelectedOperation@PlanSelector@@QAEXHHH@Z 00476414     workmodels.obj
 0002:00054438       __unwindtable$?setSelectedOperation@PlanSelector@@QAEXHHH@Z 00476438     workmodels.obj
 0002:000544c0       __unwindtable$??0StatusViewWatcher@@QAE@PAVQObject@@@Z 004764c0     workmodels.obj
 0002:000544c0       __unwindtable$??0configFileHandler@@QAE@PAVQObject@@@Z 004764c0     configfilehandler.obj
 0002:000544c0       __unwindtable$??0PlanController@@QAE@PAVQObject@@@Z 004764c0     workmodels.obj
 0002:000544c8       __ehfuncinfo$??0PlanController@@QAE@PAVQObject@@@Z 004764c8     workmodels.obj
 0002:000544c8       __ehfuncinfo$??0StatusViewWatcher@@QAE@PAVQObject@@@Z 004764c8     workmodels.obj
 0002:000544c8       __ehfuncinfo$??0configFileHandler@@QAE@PAVQObject@@@Z 004764c8     configfilehandler.obj
 0002:000544ec       __unwindtable$??_GStatusViewWatcher@@UAEPAXI@Z 004764ec     workmodels.obj
 0002:000544f4       __ehfuncinfo$??_GStatusViewWatcher@@UAEPAXI@Z 004764f4     workmodels.obj
 0002:00054518       __unwindtable$?onMachineConfigChanged@TargetMachineObject@@QAE_NXZ 00476518     workmodels.obj
 0002:00054520       __ehfuncinfo$?onMachineConfigChanged@TargetMachineObject@@QAE_NXZ 00476520     workmodels.obj
 0002:00054544       __unwindtable$?exportConfigFile@ConfigFileConverter@@QAE_NABVQUrl@@@Z 00476544     workmodels.obj
 0002:00054544       __unwindtable$?importConfigFile@ConfigFileConverter@@QAE_NABVQUrl@@@Z 00476544     workmodels.obj
 0002:00054544       __unwindtable$?getConfigFullName@@YA?AVQString@@PBD@Z 00476544     main.obj
 0002:0005454c       __ehfuncinfo$?exportConfigFile@ConfigFileConverter@@QAE_NABVQUrl@@@Z 0047654c     workmodels.obj
 0002:0005454c       __ehfuncinfo$?importConfigFile@ConfigFileConverter@@QAE_NABVQUrl@@@Z 0047654c     workmodels.obj
 0002:0005454c       __ehfuncinfo$?getConfigFullName@@YA?AVQString@@PBD@Z 0047654c     main.obj
 0002:00054570       __ehfuncinfo$?doCheck@SubThreadCheckWorker@@QAEXABVQJsonObject@@@Z 00476570     workflowChecker.obj
 0002:00054594       __unwindtable$?doCheck@SubThreadCheckWorker@@QAEXABVQJsonObject@@@Z 00476594     workflowChecker.obj
 0002:0005468c       __ehfuncinfo$?configChecker@SubThreadCheckWorker@@QAEXABVQJsonArray@@@Z 0047668c     workflowChecker.obj
 0002:000546b0       __unwindtable$?configChecker@SubThreadCheckWorker@@QAEXABVQJsonArray@@@Z 004766b0     workflowChecker.obj
 0002:00054738       __ehfuncinfo$?CheckBoardConstraint@SubThreadCheckWorker@@IAE_NABVQJsonObject@@@Z 00476738     workflowChecker.obj
 0002:0005475c       __unwindtable$?CheckBoardConstraint@SubThreadCheckWorker@@IAE_NABVQJsonObject@@@Z 0047675c     workflowChecker.obj
 0002:0005480c       __ehfuncinfo$?CheckParamConstraint@SubThreadCheckWorker@@IAE_NABVQJsonObject@@@Z 0047680c     workflowChecker.obj
 0002:00054830       __unwindtable$?CheckParamConstraint@SubThreadCheckWorker@@IAE_NABVQJsonObject@@@Z 00476830     workflowChecker.obj
 0002:00054998       __ehfuncinfo$??0WorkflowCheckerController@@QAE@PAVQObject@@@Z 00476998     workflowChecker.obj
 0002:000549bc       __unwindtable$??0WorkflowCheckerController@@QAE@PAVQObject@@@Z 004769bc     workflowChecker.obj
 0002:000549ec       __unwindtable$?statusChanged@WorkflowController@@QAEXABVQJsonObject@@@Z 004769ec     workflowprotocol.obj
 0002:000549ec       __unwindtable$?statusChanged@WorkflowCheckerController@@QAEXABVQJsonObject@@@Z 004769ec     workflowChecker.obj
 0002:000549fc       __ehfuncinfo$?statusChanged@WorkflowCheckerController@@QAEXABVQJsonObject@@@Z 004769fc     workflowChecker.obj
 0002:000549fc       __ehfuncinfo$?statusChanged@WorkflowController@@QAEXABVQJsonObject@@@Z 004769fc     workflowprotocol.obj
 0002:00054a20       __unwindtable$?qt_metatype_id@?$QMetaTypeId@V?$QList@PAVQObject@@@@@@SAHXZ 00476a20     moc_workmodels.obj
 0002:00054a20       __unwindtable$?qt_metatype_id@?$QMetaTypeId@VQSequentialIterableImpl@QtMetaTypePrivate@@@@SAHXZ 00476a20     moc_workmodels.obj
 0002:00054a28       __ehfuncinfo$?qt_metatype_id@?$QMetaTypeId@VQSequentialIterableImpl@QtMetaTypePrivate@@@@SAHXZ 00476a28     moc_workmodels.obj
 0002:00054a28       __ehfuncinfo$?qt_metatype_id@?$QMetaTypeId@V?$QList@PAVQObject@@@@@@SAHXZ 00476a28     moc_workmodels.obj
 0002:00054a4c       __unwindtable$?qt_static_metacall@OperationParamSelector@@CAXPAVQObject@@W4Call@QMetaObject@@HPAPAX@Z 00476a4c     moc_workmodels.obj
 0002:00054a54       __ehfuncinfo$?qt_static_metacall@OperationParamSelector@@CAXPAVQObject@@W4Call@QMetaObject@@HPAPAX@Z 00476a54     moc_workmodels.obj
 0002:00054a78       __unwindtable$?qt_static_metacall@PlanSelector@@CAXPAVQObject@@W4Call@QMetaObject@@HPAPAX@Z 00476a78     moc_workmodels.obj
 0002:00054a98       __ehfuncinfo$?qt_static_metacall@PlanSelector@@CAXPAVQObject@@W4Call@QMetaObject@@HPAPAX@Z 00476a98     moc_workmodels.obj
 0002:00054abc       __unwindtable$?qt_static_metacall@StatusViewWatcher@@CAXPAVQObject@@W4Call@QMetaObject@@HPAPAX@Z 00476abc     moc_workmodels.obj
 0002:00054acc       __ehfuncinfo$?qt_static_metacall@StatusViewWatcher@@CAXPAVQObject@@W4Call@QMetaObject@@HPAPAX@Z 00476acc     moc_workmodels.obj
 0002:00054af0       __unwindtable$?Construct@?$QMetaTypeFunctionHelper@V?$QList@PAVQObject@@@@$00@QtMetaTypePrivate@@SAPAXPAXPBX@Z 00476af0     moc_workmodels.obj
 0002:00054af0       __unwindtable$?Construct@?$QMetaTypeFunctionHelper@V?$QList@H@@$00@QtMetaTypePrivate@@SAPAXPAXPBX@Z 00476af0     moc_workmodels.obj
 0002:00054af8       __ehfuncinfo$?Construct@?$QMetaTypeFunctionHelper@V?$QList@PAVQObject@@@@$00@QtMetaTypePrivate@@SAPAXPAXPBX@Z 00476af8     moc_workmodels.obj
 0002:00054af8       __ehfuncinfo$?Construct@?$QMetaTypeFunctionHelper@V?$QList@H@@$00@QtMetaTypePrivate@@SAPAXPAXPBX@Z 00476af8     moc_workmodels.obj
 0002:00054b1c       __unwindtable$?qt_metatype_id@?$QMetaTypeId@V?$QList@H@@@@SAHXZ 00476b1c     moc_workmodels.obj
 0002:00054b24       __ehfuncinfo$?qt_metatype_id@?$QMetaTypeId@V?$QList@H@@@@SAHXZ 00476b24     moc_workmodels.obj
 0002:00054b48       __unwindtable$??__Fdummy@?A0x60b45615@@YAXXZ 00476b48     qrc_qml.obj
 0002:00054b48       __unwindtable$?Destruct@?$QMetaTypeFunctionHelper@V?$QList@PAVQObject@@@@$00@QtMetaTypePrivate@@SAXPAX@Z 00476b48     moc_workmodels.obj
 0002:00054b48       __unwindtable$?Destruct@?$QMetaTypeFunctionHelper@V?$QList@H@@$00@QtMetaTypePrivate@@SAXPAX@Z 00476b48     moc_workmodels.obj
 0002:00054b48       __unwindtable$??__Ff@?4??registerConverter@?$ValueTypeIsMetaType@V?$QList@PAVQObject@@@@$00@QtPrivate@@SA_NH@Z@YAXXZ 00476b48     moc_workmodels.obj
 0002:00054b48       __unwindtable$??__Ff@?4??registerConverter@?$ValueTypeIsMetaType@V?$QList@H@@$00@QtPrivate@@SA_NH@Z@YAXXZ 00476b48     moc_workmodels.obj
 0002:00054b50       __ehfuncinfo$??__Ff@?4??registerConverter@?$ValueTypeIsMetaType@V?$QList@PAVQObject@@@@$00@QtPrivate@@SA_NH@Z@YAXXZ 00476b50     moc_workmodels.obj
 0002:00054b50       __ehfuncinfo$?Destruct@?$QMetaTypeFunctionHelper@V?$QList@H@@$00@QtMetaTypePrivate@@SAXPAX@Z 00476b50     moc_workmodels.obj
 0002:00054b50       __ehfuncinfo$?Destruct@?$QMetaTypeFunctionHelper@V?$QList@PAVQObject@@@@$00@QtMetaTypePrivate@@SAXPAX@Z 00476b50     moc_workmodels.obj
 0002:00054b50       __ehfuncinfo$??__Ff@?4??registerConverter@?$ValueTypeIsMetaType@V?$QList@H@@$00@QtPrivate@@SA_NH@Z@YAXXZ 00476b50     moc_workmodels.obj
 0002:00054b50       __ehfuncinfo$??__Fdummy@?A0x60b45615@@YAXXZ 00476b50     qrc_qml.obj
 0002:00054b78       __sehtable$___scrt_is_nonwritable_in_current_image 00476b78     MSVCRT:utility.obj
 0002:00054b98       __sehtable$?__scrt_common_main_seh@@YAHXZ 00476b98     MSVCRT:exe_winmain.obj
 0002:000552f8       .idata$6                   004772f8     DbgHelp:dbghelp.dll
 0002:000553fc       .idata$6                   004773fc     Qt5Quick:Qt5Quick.dll
 0002:00055754       .idata$6                   00477754     Qt5Gui:Qt5Gui.dll
 0002:000558b0       .idata$6                   004778b0     Qt5Qml:Qt5Qml.dll
 0002:000559c2       .idata$6                   004779c2     Qt5Network:Qt5Network.dll
 0002:00057cca       .idata$6                   00479cca     Qt5Core:Qt5Core.dll
 0002:00057ebc       .idata$6                   00479ebc     kernel32:KERNEL32.dll
 0002:00057fa0       .idata$6                   00479fa0     vcruntime:VCRUNTIME140.dll
 0002:00058180       .idata$6                   0047a180     ucrt:api-ms-win-crt-heap-l1-1-0.dll
 0002:000581a0       .idata$6                   0047a1a0     ucrt:api-ms-win-crt-runtime-l1-1-0.dll
 0002:000581c2       .idata$6                   0047a1c2     ucrt:api-ms-win-crt-math-l1-1-0.dll
 0002:000581e2       .idata$6                   0047a1e2     ucrt:api-ms-win-crt-stdio-l1-1-0.dll
 0002:00058202       .idata$6                   0047a202     ucrt:api-ms-win-crt-locale-l1-1-0.dll
 0002:0005823a       .idata$6                   0047a23a     shell32:SHELL32.dll
 0003:00000748       ?_Tss_mutex@@3U_RTL_CRITICAL_SECTION@@A 0047b748     MSVCRT:thread_safe_statics.obj
 0003:00000760       ?_Tss_cv@@3U_RTL_CONDITION_VARIABLE@@A 0047b760     MSVCRT:thread_safe_statics.obj
 0003:00000764       ?_Tss_event@@3PAXA         0047b764     MSVCRT:thread_safe_statics.obj
 0003:00000768       ?encoded_sleep_condition_variable_cs@@3P6GHPAU_RTL_CONDITION_VARIABLE@@PAU_RTL_CRITICAL_SECTION@@K@ZA 0047b768     MSVCRT:thread_safe_statics.obj
 0003:0000076c       ?encoded_wake_all_condition_variable@@3P6GXPAU_RTL_CONDITION_VARIABLE@@@ZA 0047b76c     MSVCRT:thread_safe_statics.obj
 0003:0000077c       ?module_local_atexit_table@@3U_onexit_table_t@@A 0047b77c     MSVCRT:utility.obj
 0003:00000788       ?module_local_at_quick_exit_table@@3U_onexit_table_t@@A 0047b788     MSVCRT:utility.obj
 0003:00000794       ?is_initialized_as_dll@@3_NA 0047b794     MSVCRT:utility.obj
 0003:00000798       _GS_ExceptionRecord        0047b798     MSVCRT:gs_report.obj
 0003:000007e8       _GS_ContextRecord          0047b7e8     MSVCRT:gs_report.obj
 0005:00000000       __guard_fids__             0047d000     MSVCRT:thread_safe_statics.obj
 0005:00000004       __guard_fids_?__scrt_initialize_thread_safe_statics@@YAHXZ 0047d004     MSVCRT:thread_safe_statics.obj
 0005:00000008       __guard_fids__             0047d008     MSVCRT:std_type_info_static.obj
 0005:0000000c       __guard_fids__             0047d00c     MSVCRT:exe_winmain.obj
 0005:00000010       __guard_fids__             0047d010     MSVCRT:exe_winmain.obj
 0005:00000014       __guard_fids__             0047d014     MSVCRT:exe_winmain.obj
 0005:00000018       __guard_fids_?pre_c_initialization@@YAHXZ 0047d018     MSVCRT:exe_winmain.obj
 0005:00000020       __guard_fids__             0047d020     MSVCRT:throw_bad_alloc.obj
 0005:00000028       __guard_fids__             0047d028     MSVCRT:throw_bad_alloc.obj
 0005:00000030       __guard_fids__             0047d030     MSVCRT:throw_bad_alloc.obj
 0005:00000038       __guard_fids__             0047d038     MSVCRT:throw_bad_alloc.obj
 0005:0000003c       __guard_fids__             0047d03c     MSVCRT:throw_bad_alloc.obj
 0005:00000040       __guard_fids__             0047d040     MSVCRT:throw_bad_alloc.obj
 0005:00000044       __guard_fids__             0047d044     MSVCRT:throw_bad_alloc.obj
 0005:00000048       __guard_fids__             0047d048     MSVCRT:throw_bad_alloc.obj
 0005:0000004c       __guard_fids____scrt_set_unhandled_exception_filter 0047d04c     MSVCRT:utility_desktop.obj
 0005:00000050       __guard_fids___except_handler4 0047d050     MSVCRT:_chandler4gs_.obj
 0005:00000054       __guard_fids__             0047d054     MSVCRT:guard_support.obj
 0006:00000060       $R000000                   0047e060     * linker generated manifest res *
