 MindGoTool_AllInOne

 Timestamp is 596a2d23 (Sat Jul 15 22:56:35 2017)

 Preferred load address is 00400000

 Start         Length     Name                   Class
 0001:00000000 00000110H .text$di                CODE
 0001:00000110 0001cd40H .text$mn                CODE
 0001:0001ce50 00003ae0H .text$x                 CODE
 0001:00020930 000000fdH .text$yd                CODE
 0002:00000000 00000580H .idata$5                DATA
 0002:00000580 00000004H .00cfg                  DATA
 0002:00000584 00000004H .CRT$XCA                DATA
 0002:00000588 00000004H .CRT$XCAA               DATA
 0002:0000058c 0000003cH .CRT$XCU                DATA
 0002:000005c8 00000004H .CRT$XCZ                DATA
 0002:000005cc 00000004H .CRT$XIA                DATA
 0002:000005d0 00000004H .CRT$XIAA               DATA
 0002:000005d4 00000004H .CRT$XIAC               DATA
 0002:000005d8 00000004H .CRT$XIC                DATA
 0002:000005dc 00000004H .CRT$XIZ                DATA
 0002:000005e0 00000004H .CRT$XLA                DATA
 0002:000005e4 00000004H .CRT$XLZ                DATA
 0002:000005e8 00000004H .CRT$XPA                DATA
 0002:000005ec 00000004H .CRT$XPZ                DATA
 0002:000005f0 00000004H .CRT$XTA                DATA
 0002:000005f4 0000000cH .CRT$XTZ                DATA
 0002:00000600 0004e714H .rdata                  DATA
 0002:0004ed14 00000018H .rdata$T                DATA
 0002:0004ed2c 000009a4H .rdata$r                DATA
 0002:0004f6d0 00000254H .rdata$sxdata           DATA
 0002:0004f924 000003ccH .rdata$zzzdbg           DATA
 0002:0004fcf0 00000004H .rtc$IAA                DATA
 0002:0004fcf4 00000004H .rtc$IZZ                DATA
 0002:0004fcf8 00000004H .rtc$TAA                DATA
 0002:0004fcfc 00000004H .rtc$TZZ                DATA
 0002:0004fd00 000043f4H .xdata$x                DATA
 0002:000540f4 00000000H .edata                  DATA
 0002:000540f4 00000118H .idata$2                DATA
 0002:0005420c 00000014H .idata$3                DATA
 0002:00054220 00000580H .idata$4                DATA
 0002:000547a0 00002ff8H .idata$6                DATA
 0003:00000000 00000178H .data                   DATA
 0003:00000178 00000508H .data$r                 DATA
 0003:00000680 00000420H .bss                    DATA
 0004:00000000 00000004H .tls                    DATA
 0004:00000004 00000004H .tls$                   DATA
 0004:00000008 00000001H .tls$ZZZ                DATA
 0005:00000000 00000058H .gfids$y                DATA
 0006:00000000 00000060H .rsrc$01                DATA
 0006:00000060 00000290H .rsrc$02                DATA

  Address         Publics by Value              Rva+Base       Lib:Object

 0000:00000000       ___guard_iat_table         00000000     <absolute>
 0000:00000000       ___guard_longjmp_count     00000000     <absolute>
 0000:00000000       ___guard_longjmp_table     00000000     <absolute>
 0000:00000000       ___guard_fids_table        00000000     <absolute>
 0000:00000000       ___guard_iat_count         00000000     <absolute>
 0000:00000000       ___guard_fids_count        00000000     <absolute>
 0000:00000000       ___dynamic_value_reloc_table 00000000     <absolute>
 0000:0000002c       __tls_array                0000002c     <absolute>
 0000:00000095       ___safe_se_handler_count   00000095     <absolute>
 0000:00000100       ___guard_flags             00000100     <absolute>
 0000:00000000       ___ImageBase               00400000     <linker-defined>
 0001:00000110       ??0Communication@@QAE@XZ   00401110 f   communication.obj
 0001:00000130       ?connectToServer@Communication@@QAE_NABVQString@@G@Z 00401130 f   communication.obj
 0001:00000250       ?disconnect@Communication@@QAEXXZ 00401250 f   communication.obj
 0001:00000270       ?readData@Communication@@QAE?AVQByteArray@@H@Z 00401270 f   communication.obj
 0001:000002f0       ?write@Communication@@QAE_JABVQByteArray@@@Z 004012f0 f   communication.obj
 0001:00000340       ??$connect@P8QThread@@AEXUQPrivateSignal@1@@ZP8QObject@@AEXXZ@QObject@@SA?AVConnection@QMetaObject@@PBVQThread@@P83@AEXUQPrivateSignal@3@@ZPBV0@P80@AEXXZW4ConnectionType@Qt@@@Z 00401340 f i workflowprotocol.obj
 0001:000003a0       ??$connect@P8SubThreadWorker@@AEXABVQJsonObject@@@ZP8WorkflowController@@AEX0@Z@QObject@@SA?AVConnection@QMetaObject@@PBVSubThreadWorker@@P83@AEXABVQJsonObject@@@ZPBVWorkflowController@@P85@AEX1@ZW4ConnectionType@Qt@@@Z 004013a0 f i workflowprotocol.obj
 0001:00000410       ??$connect@P8SubThreadWorker@@AEX_NH@ZP8WorkflowController@@AEX0H@Z@QObject@@SA?AVConnection@QMetaObject@@PBVSubThreadWorker@@P83@AEX_NH@ZPBVWorkflowController@@P84@AEX1H@ZW4ConnectionType@Qt@@@Z 00401410 f i workflowprotocol.obj
 0001:00000480       ??$connect@P8WorkflowController@@AEXABVQJsonObject@@@ZP8SubThreadWorker@@AEX0@Z@QObject@@SA?AVConnection@QMetaObject@@PBVWorkflowController@@P83@AEXABVQJsonObject@@@ZPBVSubThreadWorker@@P85@AEX1@ZW4ConnectionType@Qt@@@Z 00401480 f i workflowprotocol.obj
 0001:000004f0       ??$connect@P8WorkflowController@@AEXABVQString@@@ZP8SubThreadWorker@@AEX0@Z@QObject@@SA?AVConnection@QMetaObject@@PBVWorkflowController@@P83@AEXABVQString@@@ZPBVSubThreadWorker@@P85@AEX1@ZW4ConnectionType@Qt@@@Z 004014f0 f i workflowprotocol.obj
 0001:00000560       ??$connect@P8WorkflowController@@AEXABVQString@@G@ZP8SubThreadWorker@@AEX0G@Z@QObject@@SA?AVConnection@QMetaObject@@PBVWorkflowController@@P83@AEXABVQString@@G@ZPBVSubThreadWorker@@P85@AEX1G@ZW4ConnectionType@Qt@@@Z 00401560 f i workflowprotocol.obj
 0001:000005d0       ??$connect@P8WorkflowController@@AEXXZP8SubThreadWorker@@AEXXZ@QObject@@SA?AVConnection@QMetaObject@@PBVWorkflowController@@P83@AEXXZPBVSubThreadWorker@@P84@AEXXZW4ConnectionType@Qt@@@Z 004015d0 f i workflowprotocol.obj
 0001:00000630       ??$formatWord@E@WorkflowProtocol@@IAE?AVQByteArray@@E@Z 00401630 f i workflowprotocol.obj
 0001:00000660       ??$formatWord@G@WorkflowProtocol@@IAE?AVQByteArray@@G@Z 00401660 f i workflowprotocol.obj
 0001:00000690       ??0?$QList@VQString@@@@QAE@ABV0@@Z 00401690 f i workflowprotocol.obj
 0001:00000740       ??0WorkflowController@@QAE@PAVQObject@@@Z 00401740 f   workflowprotocol.obj
 0001:00000930       ??1?$QForeachContainer@VQStringList@@@@QAE@XZ 00401930 f i workflowprotocol.obj
 0001:00000930       ??1QStringList@@QAE@XZ     00401930 f i workflowprotocol.obj
 0001:00000930       ??1?$QForeachContainer@$$CBVQStringList@@@@QAE@XZ 00401930 f i environmentvariant.obj
 0001:00000940       ??1?$QList@VQString@@@@QAE@XZ 00401940 f i workflowprotocol.obj
 0001:000009d0       ??1Communication@@QAE@XZ   004019d0 f i workflowprotocol.obj
 0001:000009e0       ??1SubThreadWorker@@UAE@XZ 004019e0 f   workflowprotocol.obj
 0001:00000a80       ??1WorkflowController@@UAE@XZ 00401a80 f   workflowprotocol.obj
 0001:00000af0       ??4?$QList@UloopControl@SubThreadWorker@@@@QAEAAV0@$$QAV0@@Z 00401af0 f i workflowprotocol.obj
 0001:00000ba0       ??_ERunningStateChangeEvent@@UAEPAXI@Z 00401ba0 f i workflowprotocol.obj
 0001:00000ba0       ??_GRunningStateChangeEvent@@UAEPAXI@Z 00401ba0 f i workflowprotocol.obj
 0001:00000bd0       ??_ESubThreadWorker@@UAEPAXI@Z 00401bd0 f i workflowprotocol.obj
 0001:00000bd0       ??_GSubThreadWorker@@UAEPAXI@Z 00401bd0 f i workflowprotocol.obj
 0001:00000bf0       ??_GWorkflowController@@UAEPAXI@Z 00401bf0 f i workflowprotocol.obj
 0001:00000bf0       ??_EWorkflowController@@UAEPAXI@Z 00401bf0 f i workflowprotocol.obj
 0001:00000c80       ?append@?$QList@UloopControl@SubThreadWorker@@@@QAEXABUloopControl@SubThreadWorker@@@Z 00401c80 f i workflowprotocol.obj
 0001:00000d30       ?append@?$QList@VQString@@@@QAEXABVQString@@@Z 00401d30 f i workflowprotocol.obj
 0001:00000de0       ?changeHost@SubThreadWorker@@QAEXABVQString@@G@Z 00401de0 f   workflowprotocol.obj
 0001:00000e00       ?clear@?$QList@UloopControl@SubThreadWorker@@@@QAEXXZ 00401e00 f i workflowprotocol.obj
 0001:00000ea0       ?configProtocol@SubThreadWorker@@QAEXABVQString@@@Z 00401ea0 f   workflowprotocol.obj
 0001:00000eb0       ?dealloc@?$QList@UloopControl@SubThreadWorker@@@@AAEXPAUData@QListData@@@Z 00401eb0 f i workflowprotocol.obj
 0001:00000f00       ?detach_helper@?$QList@UloopControl@SubThreadWorker@@@@AAEXH@Z 00401f00 f i workflowprotocol.obj
 0001:00000fd0       ?detach_helper_grow@?$QList@UloopControl@SubThreadWorker@@@@AAEPAUNode@1@HH@Z 00401fd0 f i workflowprotocol.obj
 0001:00001120       ?detach_helper_grow@?$QList@VQString@@@@AAEPAUNode@1@HH@Z 00402120 f i workflowprotocol.obj
 0001:000012a0       ?doTunning@SubThreadWorker@@QAEXABVQJsonObject@@@Z 004022a0 f   workflowprotocol.obj
 0001:000013d0       ?doWork@SubThreadWorker@@QAEXABVQJsonObject@@@Z 004023d0 f   workflowprotocol.obj
 0001:00001700       ?erase@?$QList@UloopControl@SubThreadWorker@@@@QAE?AViterator@1@V21@@Z 00402700 f i workflowprotocol.obj
 0001:00001780       ?formatRecvFrameToJsonObject@WorkflowProtocol@@QAE_NAAVQJsonObject@@@Z 00402780 f   workflowprotocol.obj
 0001:00001820       ?handleControlCommand@SubThreadWorker@@IAE_NAAVCommunication@@AAVQJsonObject@@@Z 00402820 f   workflowprotocol.obj
 0001:000021c0       ?handleLogicalCommand@SubThreadWorker@@IAE_NAAVQJsonObject@@AAH@Z 004031c0 f   workflowprotocol.obj
 0001:00002930       ?handleLoopCommand@SubThreadWorker@@IAE_NAAVQJsonObject@@AAH@Z 00403930 f   workflowprotocol.obj
 0001:000030c0       ?impl@?$QSlotObject@P8SubThreadWorker@@AEXABVQString@@G@ZU?$List@ABVQString@@G@QtPrivate@@X@QtPrivate@@CAXHPAVQSlotObjectBase@2@PAVQObject@@PAPAXPA_N@Z 004040c0 f i workflowprotocol.obj
 0001:00003120       ?impl@?$QSlotObject@P8WorkflowController@@AEX_NH@ZU?$List@_NH@QtPrivate@@X@QtPrivate@@CAXHPAVQSlotObjectBase@2@PAVQObject@@PAPAXPA_N@Z 00404120 f i workflowprotocol.obj
 0001:00003180       ?init@WorkflowController@@QAEXABVQString@@@Z 00404180 f   workflowprotocol.obj
 0001:00003190       ?initProtocol@WorkflowProtocol@@QAE_NABVQString@@@Z 00404190 f   workflowprotocol.obj
 0001:000032e0       ?isLogicalCommand@SubThreadWorker@@IAE_NABVQString@@@Z 004042e0 f   workflowprotocol.obj
 0001:00003500       ?isLoopCommand@SubThreadWorker@@IAE_NABVQString@@@Z 00404500 f   workflowprotocol.obj
 0001:00003750       ?node_copy@?$QList@UloopControl@SubThreadWorker@@@@AAEXPAUNode@1@00@Z 00404750 f i workflowprotocol.obj
 0001:000037f0       ?node_copy@?$QList@VQString@@@@AAEXPAUNode@1@00@Z 004047f0 f i workflowprotocol.obj
 0001:00003830       ?node_destruct@?$QList@UloopControl@SubThreadWorker@@@@AAEXPAUNode@1@0@Z 00404830 f i workflowprotocol.obj
 0001:00003860       ?node_destruct@?$QList@VQString@@@@AAEXPAUNode@1@0@Z 00404860 f i workflowprotocol.obj
 0001:00003890       ?parseAckFrame@WorkflowProtocol@@QAE_NABVQByteArray@@AAVQJsonObject@@@Z 00404890 f   workflowprotocol.obj
 0001:00003970       ?parseJsonObjectToSendFrame@WorkflowProtocol@@QAE_NABVQJsonObject@@AAV2@@Z 00404970 f   workflowprotocol.obj
 0001:00004000       ?pop_back@?$QList@UloopControl@SubThreadWorker@@@@QAEXXZ 00405000 f i workflowprotocol.obj
 0001:00004040       ?runTask@WorkflowController@@QAEXABVQJsonObject@@@Z 00405040 f   workflowprotocol.obj
 0001:00004090       ?runTunning@WorkflowController@@QAEXABVQJsonObject@@@Z 00405090 f   workflowprotocol.obj
 0001:000040e0       ?serializeSendFrame@WorkflowProtocol@@QAE?AVQByteArray@@XZ 004050e0 f   workflowprotocol.obj
 0001:00004240       ?sethost@WorkflowController@@QAEXABVQString@@G@Z 00405240 f   workflowprotocol.obj
 0001:00004250       ?statusChanged@WorkflowController@@QAEXABVQJsonObject@@@Z 00405250 f   workflowprotocol.obj
 0001:000042f0       ?stopCurrentTask@WorkflowController@@QAEXXZ 004052f0 f   workflowprotocol.obj
 0001:00004310       ?stopTask@SubThreadWorker@@QAEXXZ 00405310 f   workflowprotocol.obj
 0001:00004320       ?taskStateChanged@WorkflowController@@QAEX_NH@Z 00405320 f   workflowprotocol.obj
 0001:000043b0       ?types@?$ConnectionTypes@U?$List@ABVQJsonObject@@@QtPrivate@@$00@QtPrivate@@SAPBHXZ 004053b0 f i workflowprotocol.obj
 0001:00004410       ?types@?$ConnectionTypes@U?$List@ABVQString@@@QtPrivate@@$00@QtPrivate@@SAPBHXZ 00405410 f i workflowprotocol.obj
 0001:00004470       ?types@?$ConnectionTypes@U?$List@ABVQString@@G@QtPrivate@@$00@QtPrivate@@SAPBHXZ 00405470 f i workflowprotocol.obj
 0001:000044e0       ?types@?$ConnectionTypes@U?$List@_NH@QtPrivate@@$00@QtPrivate@@SAPBHXZ 004054e0 f i workflowprotocol.obj
 0001:00004550       ?unserializeRecvFrame@WorkflowProtocol@@QAEXABVQByteArray@@@Z 00405550 f   workflowprotocol.obj
 0001:00004690       ??$qMakePair@VQString@@V?$QList@VSingleOperationData@@@@@@YA?AU?$QPair@VQString@@V?$QList@VSingleOperationData@@@@@@ABVQString@@ABV?$QList@VSingleOperationData@@@@@Z 00405690 f i configfilehandler.obj
 0001:000046f0       ??0?$QList@VOperationParamData@@@@QAE@ABV0@@Z 004056f0 f i configfilehandler.obj
 0001:000047a0       ??0?$QList@VSingleOperationData@@@@QAE@ABV0@@Z 004057a0 f i configfilehandler.obj
 0001:00004850       ??0OperationParamData@@QAE@ABV0@@Z 00405850 f i configfilehandler.obj
 0001:000049c0       ??0OperationParamData@@QAE@ABVQString@@00ABVQStringList@@_NHH0V?$QList@H@@00HH@Z 004059c0 f i configfilehandler.obj
 0001:00004b60       ??0OperationParamData@@QAE@XZ 00405b60 f i configfilehandler.obj
 0001:00004bd0       ??0SingleOperationData@@QAE@ABV0@@Z 00405bd0 f i configfilehandler.obj
 0001:00004c40       ??0configFileHandler@@QAE@PAVQObject@@@Z 00405c40 f   configfilehandler.obj
 0001:00004ca0       ??1?$QForeachContainer@V?$QList@VOperationParamData@@@@@@QAE@XZ 00405ca0 f i configfilehandler.obj
 0001:00004ca0       ??1?$QForeachContainer@$$CBV?$QList@VOperationParamData@@@@@@QAE@XZ 00405ca0 f i environmentvariant.obj
 0001:00004d00       ??1?$QList@U?$QPair@VQString@@V?$QList@VSingleOperationData@@@@@@@@QAE@XZ 00405d00 f i configfilehandler.obj
 0001:00004d80       ??1?$QList@VOperationParamData@@@@QAE@XZ 00405d80 f i configfilehandler.obj
 0001:00004de0       ??1?$QList@VQByteArray@@@@QAE@XZ 00405de0 f i configfilehandler.obj
 0001:00004e70       ??1?$QList@VSingleOperationData@@@@QAE@XZ 00405e70 f i configfilehandler.obj
 0001:00004ef0       ??1?$QMap@VQString@@V1@@@QAE@XZ 00405ef0 f i configfilehandler.obj
 0001:00004f70       ??1?$QMap@VQString@@VOperationParamData@@@@QAE@XZ 00405f70 f i configfilehandler.obj
 0001:00005010       ??1?$QMap@VQString@@VQStringList@@@@QAE@XZ 00406010 f i configfilehandler.obj
 0001:000050b0       ??1?$QPair@VQString@@V?$QList@VSingleOperationData@@@@@@QAE@XZ 004060b0 f i configfilehandler.obj
 0001:00005140       ??1OperationParamData@@QAE@XZ 00406140 f i configfilehandler.obj
 0001:000051f0       ??1QJsonValuePtr@@QAE@XZ   004061f0 f i configfilehandler.obj
 0001:00005200       ??1SingleOperationData@@QAE@XZ 00406200 f i configfilehandler.obj
 0001:00005270       ??1configFileHandler@@UAE@XZ 00406270 f i configfilehandler.obj
 0001:00005290       ??4?$QList@U?$QPair@VQString@@V?$QList@VSingleOperationData@@@@@@@@QAEAAV0@$$QAV0@@Z 00406290 f i configfilehandler.obj
 0001:00005330       ??4OperationParamData@@QAEAAV0@ABV0@@Z 00406330 f i configfilehandler.obj
 0001:00005440       ??4QStringList@@QAEAAV0@ABV0@@Z 00406440 f i configfilehandler.obj
 0001:00005480       ??A?$QList@VQString@@@@QAEAAVQString@@H@Z 00406480 f i configfilehandler.obj
 0001:000054b0       ??A?$QMap@VQString@@V1@@@QAEAAVQString@@ABV1@@Z 004064b0 f i configfilehandler.obj
 0001:00005570       ??A?$QMap@VQString@@VOperationParamData@@@@QAEAAVOperationParamData@@ABVQString@@@Z 00406570 f i configfilehandler.obj
 0001:00005630       ??A?$QMap@VQString@@VOperationParamData@@@@QBE?BVOperationParamData@@ABVQString@@@Z 00406630 f i configfilehandler.obj
 0001:000056f0       ??A?$QMap@VQString@@VQStringList@@@@QAEAAVQStringList@@ABVQString@@@Z 004066f0 f i configfilehandler.obj
 0001:000057b0       ??Cconst_iterator@QJsonArray@@QBE?AVQJsonValuePtr@@XZ 004067b0 f i configfilehandler.obj
 0001:00005820       ??H@YA?BVQString@@ABV0@D@Z 00406820 f i configfilehandler.obj
 0001:000058a0       ??H@YA?BVQString@@ABV0@PBD@Z 004068a0 f i configfilehandler.obj
 0001:00005930       ??H@YA?BVQString@@PBDABV0@@Z 00406930 f i configfilehandler.obj
 0001:000059a0       ??_G?$QPair@VQString@@V?$QList@VSingleOperationData@@@@@@QAEPAXI@Z 004069a0 f i configfilehandler.obj
 0001:00005a40       ??_GSingleOperationData@@QAEPAXI@Z 00406a40 f i configfilehandler.obj
 0001:00005ac0       ??_GconfigFileHandler@@UAEPAXI@Z 00406ac0 f i configfilehandler.obj
 0001:00005ac0       ??_EconfigFileHandler@@UAEPAXI@Z 00406ac0 f i configfilehandler.obj
 0001:00005af0       ?ConvertCSVtoJSON@configFileHandler@@QAE_NABVQString@@0@Z 00406af0 f   configfilehandler.obj
 0001:00005ce0       ?ConvertJSONtoCSV@configFileHandler@@QAE_NABVQString@@0@Z 00406ce0 f   configfilehandler.obj
 0001:00005fd0       ?ImportConfig@configFileHandler@@QAE_NAAVQJsonObject@@ABVQByteArray@@@Z 00406fd0 f   configfilehandler.obj
 0001:00006110       ?ImportPlan@configFileHandler@@QAE_NABV?$QList@VQByteArray@@@@AAVQJsonObject@@@Z 00407110 f   configfilehandler.obj
 0001:00006a20       ?ImportWorkSpace@configFileHandler@@QAE_NABV?$QList@VQByteArray@@@@AAVQJsonObject@@@Z 00407a20 f   configfilehandler.obj
 0001:00007380       ?ParseHostIP@configFileHandler@@QAE?AVQString@@XZ 00408380 f   configfilehandler.obj
 0001:00007450       ?ParseHostPort@configFileHandler@@QAEFXZ 00408450 f   configfilehandler.obj
 0001:00007530       ?ParseHostSingleOperationThreshold@configFileHandler@@QAEHXZ 00408530 f   configfilehandler.obj
 0001:00007610       ?ParseLicense@configFileHandler@@QAEXAAVQByteArray@@@Z 00408610 f   configfilehandler.obj
 0001:00007700       ?ParseListMap@configFileHandler@@QAE?AV?$QMap@VQString@@VQStringList@@@@ABVQString@@@Z 00408700 f   configfilehandler.obj
 0001:000079a0       ?ParseMap@configFileHandler@@QAE?AV?$QMap@VQString@@V1@@@ABVQString@@@Z 004089a0 f   configfilehandler.obj
 0001:00007af0       ?ParseMapRevertKeyValue@configFileHandler@@QAE?AV?$QMap@VQString@@V1@@@ABVQString@@@Z 00408af0 f   configfilehandler.obj
 0001:00007c50       ?ParseParamValue@configFileHandler@@QAE?AV?$QMap@VQString@@VOperationParamData@@@@ABVQString@@@Z 00408c50 f   configfilehandler.obj
 0001:00008d90       ?ParsePlan@configFileHandler@@QAE?AVQString@@ABVQJsonArray@@@Z 00409d90 f   configfilehandler.obj
 0001:00009450       ?ParsePlanList@configFileHandler@@QAEXAAV?$QList@U?$QPair@VQString@@V?$QList@VSingleOperationData@@@@@@@@ABV?$QMap@VQString@@VOperationParamData@@@@@Z 0040a450 f   configfilehandler.obj
 0001:00009eb0       ?ParseWorkPlaceConstraint@configFileHandler@@QAE?AVQJsonArray@@XZ 0040aeb0 f   configfilehandler.obj
 0001:00009f40       ?ParseWorkSpace@configFileHandler@@QAE?AVQString@@ABVQJsonObject@@@Z 0040af40 f   configfilehandler.obj
 0001:0000a520       ?ParseWorkSpaceTypeList@configFileHandler@@QAEXAAVQJsonObject@@@Z 0040b520 f   configfilehandler.obj
 0001:0000a5c0       ?SaveMachineConfig@configFileHandler@@QAE_NABVQString@@ABVMachineConfigData@@ABVQJsonObject@@@Z 0040b5c0 f   configfilehandler.obj
 0001:0000a910       ?SavePlanList@configFileHandler@@QAE_NABVQString@@ABV?$QList@U?$QPair@VQString@@V?$QList@VSingleOperationData@@@@@@@@ABV?$QMap@VQString@@VQStringList@@@@@Z 0040b910 f   configfilehandler.obj
 0001:0000b180       ?append@?$QList@U?$QPair@VQString@@V?$QList@VSingleOperationData@@@@@@@@QAEXABU?$QPair@VQString@@V?$QList@VSingleOperationData@@@@@@@Z 0040c180 f i configfilehandler.obj
 0001:0000b260       ?append@?$QList@VOperationParamData@@@@QAEXABVOperationParamData@@@Z 0040c260 f i configfilehandler.obj
 0001:0000b320       ?append@?$QList@VSingleOperationData@@@@QAEXABVSingleOperationData@@@Z 0040c320 f i configfilehandler.obj
 0001:0000b400       ?clear@?$QList@U?$QPair@VQString@@V?$QList@VSingleOperationData@@@@@@@@QAEXXZ 0040c400 f i configfilehandler.obj
 0001:0000b490       ?copy@?$QMapNode@VQString@@V1@@@QBEPAU1@PAU?$QMapData@VQString@@V1@@@@Z 0040c490 f i configfilehandler.obj
 0001:0000b510       ?copy@?$QMapNode@VQString@@VOperationParamData@@@@QBEPAU1@PAU?$QMapData@VQString@@VOperationParamData@@@@@Z 0040c510 f i configfilehandler.obj
 0001:0000b590       ?copy@?$QMapNode@VQString@@VQStringList@@@@QBEPAU1@PAU?$QMapData@VQString@@VQStringList@@@@@Z 0040c590 f i configfilehandler.obj
 0001:0000b610       ?createNode@?$QMapData@VQString@@V1@@@QAEPAU?$QMapNode@VQString@@V1@@@ABVQString@@0PAU2@_N@Z 0040c610 f i configfilehandler.obj
 0001:0000b650       ?createNode@?$QMapData@VQString@@VOperationParamData@@@@QAEPAU?$QMapNode@VQString@@VOperationParamData@@@@ABVQString@@ABVOperationParamData@@PAU2@_N@Z 0040c650 f i configfilehandler.obj
 0001:0000b710       ?createNode@?$QMapData@VQString@@VQStringList@@@@QAEPAU?$QMapNode@VQString@@VQStringList@@@@ABVQString@@ABVQStringList@@PAU2@_N@Z 0040c710 f i configfilehandler.obj
 0001:0000b7d0       ?dealloc@?$QList@VOperationParamData@@@@AAEXPAUData@QListData@@@Z 0040c7d0 f i configfilehandler.obj
 0001:0000b830       ?destroySubTree@?$QMapNode@VQString@@V1@@@QAEXXZ 0040c830 f i configfilehandler.obj
 0001:0000b860       ?destroySubTree@?$QMapNode@VQString@@VOperationParamData@@@@QAEXXZ 0040c860 f i configfilehandler.obj
 0001:0000b890       ?destroySubTree@?$QMapNode@VQString@@VQStringList@@@@QAEXXZ 0040c890 f i configfilehandler.obj
 0001:0000b8c0       ?detach_helper@?$QList@VQByteArray@@@@AAEXH@Z 0040c8c0 f i configfilehandler.obj
 0001:0000b9b0       ?detach_helper@?$QList@VQString@@@@AAEXH@Z 0040c9b0 f i configfilehandler.obj
 0001:0000baa0       ?detach_helper@?$QMap@VQString@@V1@@@AAEXXZ 0040caa0 f i configfilehandler.obj
 0001:0000bb20       ?detach_helper@?$QMap@VQString@@VOperationParamData@@@@AAEXXZ 0040cb20 f i configfilehandler.obj
 0001:0000bbc0       ?detach_helper@?$QMap@VQString@@VQStringList@@@@AAEXXZ 0040cbc0 f i configfilehandler.obj
 0001:0000bc60       ?detach_helper_grow@?$QList@U?$QPair@VQString@@V?$QList@VSingleOperationData@@@@@@@@AAEPAUNode@1@HH@Z 0040cc60 f i configfilehandler.obj
 0001:0000bdd0       ?detach_helper_grow@?$QList@VOperationParamData@@@@AAEPAUNode@1@HH@Z 0040cdd0 f i configfilehandler.obj
 0001:0000bf20       ?detach_helper_grow@?$QList@VSingleOperationData@@@@AAEPAUNode@1@HH@Z 0040cf20 f i configfilehandler.obj
 0001:0000c090       ?insert@?$QMap@VQString@@V1@@@QAE?AViterator@1@ABVQString@@0@Z 0040d090 f i configfilehandler.obj
 0001:0000c160       ?insert@?$QMap@VQString@@VOperationParamData@@@@QAE?AViterator@1@ABVQString@@ABVOperationParamData@@@Z 0040d160 f i configfilehandler.obj
 0001:0000c230       ?insert@?$QMap@VQString@@VQStringList@@@@QAE?AViterator@1@ABVQString@@ABVQStringList@@@Z 0040d230 f i configfilehandler.obj
 0001:0000c320       ?key@iterator@QJsonObject@@QBE?AVQString@@XZ 0040d320 f i configfilehandler.obj
 0001:0000c340       ?loadConfigFile@configFileHandler@@QAE_NABVQString@@@Z 0040d340 f   configfilehandler.obj
 0001:0000c440       ?lowerBound@?$QMapNode@VQString@@H@@QAEPAU1@ABVQString@@@Z 0040d440 f i workflowChecker.obj
 0001:0000c440       ?lowerBound@?$QMapNode@VQString@@VQStringList@@@@QAEPAU1@ABVQString@@@Z 0040d440 f i configfilehandler.obj
 0001:0000c440       ?lowerBound@?$QMapNode@VQString@@V1@@@QAEPAU1@ABVQString@@@Z 0040d440 f i configfilehandler.obj
 0001:0000c440       ?lowerBound@?$QMapNode@VQString@@VOperationParamData@@@@QAEPAU1@ABVQString@@@Z 0040d440 f i configfilehandler.obj
 0001:0000c480       ?node_copy@?$QList@U?$QPair@VQString@@V?$QList@VSingleOperationData@@@@@@@@AAEXPAUNode@1@00@Z 0040d480 f i configfilehandler.obj
 0001:0000c540       ?node_copy@?$QList@VOperationParamData@@@@AAEXPAUNode@1@00@Z 0040d540 f i configfilehandler.obj
 0001:0000c610       ?node_copy@?$QList@VQByteArray@@@@AAEXPAUNode@1@00@Z 0040d610 f i configfilehandler.obj
 0001:0000c650       ?node_copy@?$QList@VSingleOperationData@@@@AAEXPAUNode@1@00@Z 0040d650 f i configfilehandler.obj
 0001:0000c720       ?node_destruct@?$QList@U?$QPair@VQString@@V?$QList@VSingleOperationData@@@@@@@@AAEXPAUNode@1@0@Z 0040d720 f i configfilehandler.obj
 0001:0000c7e0       ?node_destruct@?$QList@VOperationParamData@@@@AAEXPAUNode@1@0@Z 0040d7e0 f i configfilehandler.obj
 0001:0000c820       ?node_destruct@?$QList@VSingleOperationData@@@@AAEXPAUNode@1@0@Z 0040d820 f i configfilehandler.obj
 0001:0000c8c0       ?node_destruct@?$QList@VSingleOperationData@@@@AAEXPAUNode@1@@Z 0040d8c0 f i configfilehandler.obj
 0001:0000c940       ?toList@configFileHandler@@QAE?AVQStringList@@ABVQString@@@Z 0040d940 f   configfilehandler.obj
 0001:0000ca20       ?value@?$QMap@VQString@@VOperationParamData@@@@QBE?BVOperationParamData@@ABVQString@@ABV2@@Z 0040da20 f i configfilehandler.obj
 0001:0000ca90       ??0EnvironmentVariant@@AAE@XZ 0040da90 f i environmentvariant.obj
 0001:0000cbc0       ??0SingleOperationData@@QAE@$$QAV0@@Z 0040dbc0 f i environmentvariant.obj
 0001:0000cbf0       ??1?$QForeachContainer@$$CBV?$QList@VSingleOperationData@@@@@@QAE@XZ 0040dbf0 f i environmentvariant.obj
 0001:0000cc70       ??1ConfigFileConverter@@UAE@XZ 0040dc70 f i environmentvariant.obj
 0001:0000cc80       ??1EnvironmentVariant@@EAE@XZ 0040dc80 f i environmentvariant.obj
 0001:0000ce20       ??1MachineConfigData@@QAE@XZ 0040de20 f i environmentvariant.obj
 0001:0000ce30       ??1TargetMachineObject@@UAE@XZ 0040de30 f i environmentvariant.obj
 0001:0000ce50       ??4?$QList@VSingleOperationData@@@@QAEAAV0@ABV0@@Z 0040de50 f i environmentvariant.obj
 0001:0000cef0       ??4QStringList@@QAEAAV0@$$QAV0@@Z 0040def0 f i environmentvariant.obj
 0001:0000cf20       ??4SingleOperationData@@QAEAAV0@$$QAV0@@Z 0040df20 f i environmentvariant.obj
 0001:0000cfb0       ??4SingleOperationData@@QAEAAV0@ABV0@@Z 0040dfb0 f i environmentvariant.obj
 0001:0000d050       ??A?$QList@VSingleOperationData@@@@QAEAAVSingleOperationData@@H@Z 0040e050 f i environmentvariant.obj
 0001:0000d080       ??H@YA?BVQString@@ABV0@0@Z 0040e080 f i environmentvariant.obj
 0001:0000d0f0       ??Y?$QList@VQString@@@@QAEAAV0@ABV0@@Z 0040e0f0 f i environmentvariant.obj
 0001:0000d1f0       ??_EConfigFileConverter@@UAEPAXI@Z 0040e1f0 f i environmentvariant.obj
 0001:0000d1f0       ??_GConfigFileConverter@@UAEPAXI@Z 0040e1f0 f i environmentvariant.obj
 0001:0000d220       ??_GEnvironmentVariant@@EAEPAXI@Z 0040e220 f i environmentvariant.obj
 0001:0000d220       ??_EEnvironmentVariant@@EAEPAXI@Z 0040e220 f i environmentvariant.obj
 0001:0000d250       ??_GTargetMachineObject@@UAEPAXI@Z 0040e250 f i environmentvariant.obj
 0001:0000d250       ??_ETargetMachineObject@@UAEPAXI@Z 0040e250 f i environmentvariant.obj
 0001:0000d280       ?AddPlan@EnvironmentVariant@@QAEXABVQString@@@Z 0040e280 f   environmentvariant.obj
 0001:0000d390       ?AddPlanStep@EnvironmentVariant@@QAEXHHH@Z 0040e390 f   environmentvariant.obj
 0001:0000d520       ?ExportConfig@EnvironmentVariant@@QAE_NABVQString@@@Z 0040e520 f   environmentvariant.obj
 0001:0000d5e0       ?ImportConfig@EnvironmentVariant@@QAE_NABVQString@@@Z 0040e5e0 f   environmentvariant.obj
 0001:0000d6b0       ?LogicalControlList@EnvironmentVariant@@QAE?AVQStringList@@XZ 0040e6b0 f   environmentvariant.obj
 0001:0000d850       ?MovePlanStep@EnvironmentVariant@@QAEXHHH@Z 0040e850 f   environmentvariant.obj
 0001:0000d930       ?OperationNameList@EnvironmentVariant@@QAE?AVQStringList@@XZ 0040e930 f   environmentvariant.obj
 0001:0000dad0       ?PlanList@EnvironmentVariant@@QAE?AVQStringList@@XZ 0040ead0 f   environmentvariant.obj
 0001:0000db90       ?RemovePlan@EnvironmentVariant@@QAEXH@Z 0040eb90 f   environmentvariant.obj
 0001:0000dbc0       ?RemovePlanStep@EnvironmentVariant@@QAEXHH@Z 0040ebc0 f   environmentvariant.obj
 0001:0000dc20       ?SaveMachineConfig@EnvironmentVariant@@QAE_NABVMachineConfigData@@@Z 0040ec20 f   environmentvariant.obj
 0001:0000dcf0       ?SavePlan@EnvironmentVariant@@QAE_NXZ 0040ecf0 f   environmentvariant.obj
 0001:0000dd70       ?SetPlanName@EnvironmentVariant@@QAEXHABVQString@@@Z 0040ed70 f   environmentvariant.obj
 0001:0000ddc0       ?SetPlanStepSingleParam@EnvironmentVariant@@QAEXHHABVQString@@ABVQVariant@@@Z 0040edc0 f   environmentvariant.obj
 0001:0000df60       ?SetPlanStepToDefault@EnvironmentVariant@@QAEXHHH@Z 0040ef60 f   environmentvariant.obj
 0001:0000e030       ?StartPlan@EnvironmentVariant@@QAEXHH@Z 0040f030 f   environmentvariant.obj
 0001:0000e800       ?StartTunning@EnvironmentVariant@@QAEXABVSingleOperationData@@@Z 0040f800 f   environmentvariant.obj
 0001:0000e8f0       ?StepList@EnvironmentVariant@@QAE?AVQStringList@@H@Z 0040f8f0 f   environmentvariant.obj
 0001:0000ed30       ?StopPlan@EnvironmentVariant@@QAEXXZ 0040fd30 f   environmentvariant.obj
 0001:0000ed40       ?begin@?$QList@VOperationParamData@@@@QAE?AViterator@1@XZ 0040fd40 f i environmentvariant.obj
 0001:0000ed70       ?contains@?$QMap@VQString@@VQStringList@@@@QBE_NABVQString@@@Z 0040fd70 f i environmentvariant.obj
 0001:0000edb0       ?defaultValue@EnvironmentVariant@@QAE?AVSingleOperationData@@ABVQString@@@Z 0040fdb0 f   environmentvariant.obj
 0001:0000efe0       ?detach_helper@?$QList@H@@AAEXH@Z 0040ffe0 f i environmentvariant.obj
 0001:0000f0b0       ?detach_helper@?$QList@U?$QPair@VQString@@V?$QList@VSingleOperationData@@@@@@@@AAEXH@Z 004100b0 f i environmentvariant.obj
 0001:0000f190       ?detach_helper@?$QList@VOperationParamData@@@@AAEXH@Z 00410190 f i environmentvariant.obj
 0001:0000f260       ?detach_helper@?$QList@VSingleOperationData@@@@AAEXH@Z 00410260 f i environmentvariant.obj
 0001:0000f340       ?formatSingleOperationParam@EnvironmentVariant@@QAE?AVQJsonObject@@ABVSingleOperationData@@@Z 00410340 f   environmentvariant.obj
 0001:0000f8e0       ?getBoardTypeIndexByPosition@EnvironmentVariant@@QAEHH@Z 004108e0 f   environmentvariant.obj
 0001:0000fb90       ?getOperationIndex@EnvironmentVariant@@QAEHABVQString@@@Z 00410b90 f   environmentvariant.obj
 0001:0000fc00       ?getOperationParams@EnvironmentVariant@@QAE?AV?$QList@VOperationParamData@@@@H@Z 00410c00 f   environmentvariant.obj
 0001:0000fde0       ?getWorkLocationTypeList@EnvironmentVariant@@QAE?AVQJsonObject@@XZ 00410de0 f   environmentvariant.obj
 0001:0000fe00       ?initModels@EnvironmentVariant@@QAEXPAVQQmlContext@@@Z 00410e00 f   environmentvariant.obj
 0001:0000ff80       ?initProtocol@EnvironmentVariant@@QAEXABVQString@@@Z 00410f80 f   environmentvariant.obj
 0001:0000fff0       ?initUserConfig@EnvironmentVariant@@QAEXABVQString@@@Z 00410ff0 f   environmentvariant.obj
 0001:00010150       ?insert@?$QList@VSingleOperationData@@@@QAEXHABVSingleOperationData@@@Z 00411150 f i environmentvariant.obj
 0001:00010230       ?instance@EnvironmentVariant@@SAPAV1@XZ 00411230 f   environmentvariant.obj
 0001:00010290       ?parseConfigFile@EnvironmentVariant@@QAEXABVQString@@@Z 00411290 f   environmentvariant.obj
 0001:00010970       ?planSelectStepListModel@EnvironmentVariant@@QAE?AVQStringList@@H@Z 00411970 f   environmentvariant.obj
 0001:00010bf0       ?planStepParam@EnvironmentVariant@@QAE?AVSingleOperationData@@HH@Z 00411bf0 f   environmentvariant.obj
 0001:00010f50       ?removeAt@?$QList@U?$QPair@VQString@@V?$QList@VSingleOperationData@@@@@@@@QAEXH@Z 00411f50 f i environmentvariant.obj
 0001:00010fb0       ?removeAt@?$QList@VSingleOperationData@@@@QAEXH@Z 00411fb0 f i environmentvariant.obj
 0001:00011000       ?setIpAddress@TargetMachineObject@@QAEXABVQString@@@Z 00412000 f i environmentvariant.obj
 0001:00011040       ?setMaxReceiveTime@TargetMachineObject@@QAEXH@Z 00412040 f i environmentvariant.obj
 0001:00011060       ?setPort@TargetMachineObject@@QAEXF@Z 00412060 f i environmentvariant.obj
 0001:00011080       ?setWorkLocationType@EnvironmentVariant@@QAE_NHHABVQString@@@Z 00412080 f   environmentvariant.obj
 0001:000114d0       ?startCheckPlan@EnvironmentVariant@@QAEXH@Z 004124d0 f   environmentvariant.obj
 0001:00011d20       ?stopCheckPlan@EnvironmentVariant@@QAEXXZ 00412d20 f   environmentvariant.obj
 0001:00011d30       ?updateWorkPlace@EnvironmentVariant@@QAE_NABVQJsonObject@@@Z 00412d30 f   environmentvariant.obj
 0001:00011d80       ??$connect@P8QQmlEngine@@AEXXZP6AXXZ@QObject@@SA?AVConnection@QMetaObject@@PBVQQmlEngine@@P83@AEXXZPBV0@P6AXXZW4ConnectionType@Qt@@@Z 00412d80 f i main.obj
 0001:00011de0       ??$createInto@VOperationParamObject@@@QQmlPrivate@@YAXPAX@Z 00412de0 f i main.obj
 0001:00011e40       ??$createInto@VOperationParamSelector@@@QQmlPrivate@@YAXPAX@Z 00412e40 f i main.obj
 0001:00011ea0       ??$createInto@VPlanController@@@QQmlPrivate@@YAXPAX@Z 00412ea0 f i main.obj
 0001:00011f00       ??$createInto@VPlanSelector@@@QQmlPrivate@@YAXPAX@Z 00412f00 f i main.obj
 0001:00011f60       ??$createInto@VStatusViewWatcher@@@QQmlPrivate@@YAXPAX@Z 00412f60 f i main.obj
 0001:00011fc0       ??$createInto@VTextFieldDoubleValidator@@@QQmlPrivate@@YAXPAX@Z 00412fc0 f i main.obj
 0001:00012020       ??$qRegisterNormalizedMetaType@PAVOperationParamObject@@@@YAHABVQByteArray@@PAPAVOperationParamObject@@W4DefinedType@?$MetaTypeDefinedHelper@PAVOperationParamObject@@$00@QtPrivate@@@Z 00413020 f i main.obj
 0001:00012080       ??$qRegisterNormalizedMetaType@PAVOperationParamSelector@@@@YAHABVQByteArray@@PAPAVOperationParamSelector@@W4DefinedType@?$MetaTypeDefinedHelper@PAVOperationParamSelector@@$00@QtPrivate@@@Z 00413080 f i main.obj
 0001:000120e0       ??$qRegisterNormalizedMetaType@PAVPlanController@@@@YAHABVQByteArray@@PAPAVPlanController@@W4DefinedType@?$MetaTypeDefinedHelper@PAVPlanController@@$00@QtPrivate@@@Z 004130e0 f i main.obj
 0001:00012140       ??$qRegisterNormalizedMetaType@PAVPlanSelector@@@@YAHABVQByteArray@@PAPAVPlanSelector@@W4DefinedType@?$MetaTypeDefinedHelper@PAVPlanSelector@@$00@QtPrivate@@@Z 00413140 f i main.obj
 0001:000121a0       ??$qRegisterNormalizedMetaType@PAVStatusViewWatcher@@@@YAHABVQByteArray@@PAPAVStatusViewWatcher@@W4DefinedType@?$MetaTypeDefinedHelper@PAVStatusViewWatcher@@$00@QtPrivate@@@Z 004131a0 f i main.obj
 0001:00012200       ??$qRegisterNormalizedMetaType@PAVTextFieldDoubleValidator@@@@YAHABVQByteArray@@PAPAVTextFieldDoubleValidator@@W4DefinedType@?$MetaTypeDefinedHelper@PAVTextFieldDoubleValidator@@$00@QtPrivate@@@Z 00413200 f i main.obj
 0001:00012260       ??$qmlRegisterType@VOperationParamObject@@@@YAHPBDHH0@Z 00413260 f i main.obj
 0001:00012510       ??$qmlRegisterType@VOperationParamSelector@@@@YAHPBDHH0@Z 00413510 f i main.obj
 0001:000127c0       ??$qmlRegisterType@VPlanController@@@@YAHPBDHH0@Z 004137c0 f i main.obj
 0001:00012a70       ??$qmlRegisterType@VPlanSelector@@@@YAHPBDHH0@Z 00413a70 f i main.obj
 0001:00012d20       ??$qmlRegisterType@VStatusViewWatcher@@@@YAHPBDHH0@Z 00413d20 f i main.obj
 0001:00012fd0       ??$qmlRegisterType@VTextFieldDoubleValidator@@@@YAHPBDHH0@Z 00413fd0 f i main.obj
 0001:00013280       ??1?$QList@PAVQObject@@@@QAE@XZ 00414280 f i main.obj
 0001:00013280       ??1?$QList@H@@QAE@XZ       00414280 f i configfilehandler.obj
 0001:000132e0       ??1?$QVarLengthArray@D$0EA@@@QAE@XZ 004142e0 f i main.obj
 0001:000132e0       ??1?$QVarLengthArray@D$0DA@@@QAE@XZ 004142e0 f i main.obj
 0001:00013300       ??1OperationParamSelector@@UAE@XZ 00414300 f i main.obj
 0001:000133b0       ??1RegisterType@QQmlPrivate@@QAE@XZ 004143b0 f i main.obj
 0001:000133c0       ??_G?$QQmlElement@VOperationParamObject@@@QQmlPrivate@@UAEPAXI@Z 004143c0 f i main.obj
 0001:000133c0       ??_E?$QQmlElement@VOperationParamObject@@@QQmlPrivate@@UAEPAXI@Z 004143c0 f i main.obj
 0001:00013440       ??_G?$QQmlElement@VOperationParamSelector@@@QQmlPrivate@@UAEPAXI@Z 00414440 f i main.obj
 0001:00013440       ??_E?$QQmlElement@VOperationParamSelector@@@QQmlPrivate@@UAEPAXI@Z 00414440 f i main.obj
 0001:000134b0       ??_G?$QQmlElement@VPlanController@@@QQmlPrivate@@UAEPAXI@Z 004144b0 f i main.obj
 0001:000134b0       ??_E?$QQmlElement@VPlanController@@@QQmlPrivate@@UAEPAXI@Z 004144b0 f i main.obj
 0001:00013520       ??_G?$QQmlElement@VPlanSelector@@@QQmlPrivate@@UAEPAXI@Z 00414520 f i main.obj
 0001:00013520       ??_E?$QQmlElement@VPlanSelector@@@QQmlPrivate@@UAEPAXI@Z 00414520 f i main.obj
 0001:00013590       ??_G?$QQmlElement@VStatusViewWatcher@@@QQmlPrivate@@UAEPAXI@Z 00414590 f i main.obj
 0001:00013590       ??_E?$QQmlElement@VStatusViewWatcher@@@QQmlPrivate@@UAEPAXI@Z 00414590 f i main.obj
 0001:00013600       ??_G?$QQmlElement@VTextFieldDoubleValidator@@@QQmlPrivate@@UAEPAXI@Z 00414600 f i main.obj
 0001:00013600       ??_E?$QQmlElement@VTextFieldDoubleValidator@@@QQmlPrivate@@UAEPAXI@Z 00414600 f i main.obj
 0001:00013670       ??_GOperationParamObject@@UAEPAXI@Z 00414670 f i main.obj
 0001:00013670       ??_EOperationParamObject@@UAEPAXI@Z 00414670 f i main.obj
 0001:000136a0       ?Construct@?$QMetaTypeFunctionHelper@PAVTextFieldDoubleValidator@@$00@QtMetaTypePrivate@@SAPAXPAXPBX@Z 004146a0 f i main.obj
 0001:000136a0       ?Construct@?$QMetaTypeFunctionHelper@PAVOperationParamSelector@@$00@QtMetaTypePrivate@@SAPAXPAXPBX@Z 004146a0 f i main.obj
 0001:000136a0       ?Construct@?$QMetaTypeFunctionHelper@PAVOperationParamObject@@$00@QtMetaTypePrivate@@SAPAXPAXPBX@Z 004146a0 f i main.obj
 0001:000136a0       ?Construct@?$QMetaTypeFunctionHelper@PAVStatusViewWatcher@@$00@QtMetaTypePrivate@@SAPAXPAXPBX@Z 004146a0 f i main.obj
 0001:000136a0       ?Construct@?$QMetaTypeFunctionHelper@PAVPlanSelector@@$00@QtMetaTypePrivate@@SAPAXPAXPBX@Z 004146a0 f i main.obj
 0001:000136a0       ?Construct@?$QMetaTypeFunctionHelper@PAVPlanController@@$00@QtMetaTypePrivate@@SAPAXPAXPBX@Z 004146a0 f i main.obj
 0001:000136d0       ?Construct@?$QMetaTypeFunctionHelper@V?$QQmlListProperty@VStatusViewWatcher@@@@$00@QtMetaTypePrivate@@SAPAXPAXPBX@Z 004146d0 f i main.obj
 0001:000136d0       ?Construct@?$QMetaTypeFunctionHelper@V?$QQmlListProperty@VPlanController@@@@$00@QtMetaTypePrivate@@SAPAXPAXPBX@Z 004146d0 f i main.obj
 0001:000136d0       ?Construct@?$QMetaTypeFunctionHelper@V?$QQmlListProperty@VOperationParamSelector@@@@$00@QtMetaTypePrivate@@SAPAXPAXPBX@Z 004146d0 f i main.obj
 0001:000136d0       ?Construct@?$QMetaTypeFunctionHelper@V?$QQmlListProperty@VTextFieldDoubleValidator@@@@$00@QtMetaTypePrivate@@SAPAXPAXPBX@Z 004146d0 f i main.obj
 0001:000136d0       ?Construct@?$QMetaTypeFunctionHelper@V?$QQmlListProperty@VOperationParamObject@@@@$00@QtMetaTypePrivate@@SAPAXPAXPBX@Z 004146d0 f i main.obj
 0001:000136d0       ?Construct@?$QMetaTypeFunctionHelper@V?$QQmlListProperty@VPlanSelector@@@@$00@QtMetaTypePrivate@@SAPAXPAXPBX@Z 004146d0 f i main.obj
 0001:00013730       ?TopLevelExceptionFilter@@YGJPAU_EXCEPTION_POINTERS@@@Z 00414730 f   main.obj
 0001:000137a0       ?customMessageHandler@@YAXW4QtMsgType@@ABVQMessageLogContext@@ABVQString@@@Z 004147a0 f   main.obj
 0001:00013b10       ?getConfigFullName@@YA?AVQString@@PBD@Z 00414b10 f   main.obj
 0001:00013b80       ?impl@?$QStaticSlotObject@P6AXXZU?$List@$$V@QtPrivate@@X@QtPrivate@@CAXHPAVQSlotObjectBase@2@PAVQObject@@PAPAXPA_N@Z 00414b80 f i main.obj
 0001:00013bb0       ?qt_metatype_id@?$QMetaTypeIdQObject@PAVOperationParamObject@@$07@@SAHXZ 00414bb0 f i main.obj
 0001:00013c60       ?qt_metatype_id@?$QMetaTypeIdQObject@PAVOperationParamSelector@@$07@@SAHXZ 00414c60 f i main.obj
 0001:00013d10       ?qt_metatype_id@?$QMetaTypeIdQObject@PAVPlanController@@$07@@SAHXZ 00414d10 f i main.obj
 0001:00013dc0       ?qt_metatype_id@?$QMetaTypeIdQObject@PAVPlanSelector@@$07@@SAHXZ 00414dc0 f i main.obj
 0001:00013e70       ?qt_metatype_id@?$QMetaTypeIdQObject@PAVStatusViewWatcher@@$07@@SAHXZ 00414e70 f i main.obj
 0001:00013f20       ?qt_metatype_id@?$QMetaTypeIdQObject@PAVTextFieldDoubleValidator@@$07@@SAHXZ 00414f20 f i main.obj
 0001:00013fd0       ?validate@TextFieldDoubleValidator@@UBE?AW4State@QValidator@@AAVQString@@AAH@Z 00414fd0 f i main.obj
 0001:00014150       _main                      00415150 f   main.obj
 0001:00014580       ??$connect@P8EnvironmentVariant@@AEXXZP8StatusViewWatcher@@AEXXZ@QObject@@SA?AVConnection@QMetaObject@@PBVEnvironmentVariant@@P83@AEXXZPBVStatusViewWatcher@@P84@AEXXZW4ConnectionType@Qt@@@Z 00415580 f i workmodels.obj
 0001:000145e0       ??0?$QList@H@@QAE@ABV0@@Z  004155e0 f i configfilehandler.obj
 0001:000145e0       ??0?$QList@PAVQObject@@@@QAE@ABV0@@Z 004155e0 f i workmodels.obj
 0001:00014690       ??0OperationParamSelector@@QAE@PAVQObject@@@Z 00415690 f   workmodels.obj
 0001:000146e0       ??0PlanController@@QAE@PAVQObject@@@Z 004156e0 f   workmodels.obj
 0001:00014750       ??0PlanSelector@@QAE@PAVQObject@@@Z 00415750 f   workmodels.obj
 0001:00014810       ??0StatusViewWatcher@@QAE@PAVQObject@@@Z 00415810 f   workmodels.obj
 0001:000148a0       ??1?$QForeachContainer@V?$QList@PAVQObject@@@@@@QAE@XZ 004158a0 f i workmodels.obj
 0001:00014900       ??1PlanController@@UAE@XZ  00415900 f   workmodels.obj
 0001:00014960       ??1PlanSelector@@UAE@XZ    00415960 f   workmodels.obj
 0001:00014a20       ??1StatusViewWatcher@@UAE@XZ 00415a20 f   workmodels.obj
 0001:00014aa0       ??4?$QList@H@@QAEAAV0@$$QAV0@@Z 00415aa0 f i configfilehandler.obj
 0001:00014aa0       ??4?$QList@PAVQObject@@@@QAEAAV0@$$QAV0@@Z 00415aa0 f i workmodels.obj
 0001:00014b20       ??_EOperationParamSelector@@UAEPAXI@Z 00415b20 f i workmodels.obj
 0001:00014b20       ??_GOperationParamSelector@@UAEPAXI@Z 00415b20 f i workmodels.obj
 0001:00014b40       ??_EPlanController@@UAEPAXI@Z 00415b40 f i workmodels.obj
 0001:00014b40       ??_GPlanController@@UAEPAXI@Z 00415b40 f i workmodels.obj
 0001:00014bb0       ??_GPlanSelector@@UAEPAXI@Z 00415bb0 f i workmodels.obj
 0001:00014bb0       ??_EPlanSelector@@UAEPAXI@Z 00415bb0 f i workmodels.obj
 0001:00014bd0       ??_EStatusViewWatcher@@UAEPAXI@Z 00415bd0 f i workmodels.obj
 0001:00014bd0       ??_GStatusViewWatcher@@UAEPAXI@Z 00415bd0 f i workmodels.obj
 0001:00014c70       ?WorkPlaceConstraint@EnvironmentVariant@@QAE?AVQJsonArray@@XZ 00415c70 f i workmodels.obj
 0001:00014c90       ?addPlan@PlanSelector@@QAEXABVQString@@@Z 00415c90 f   workmodels.obj
 0001:00014cb0       ?addStep@PlanSelector@@QAEXHHH@Z 00415cb0 f   workmodels.obj
 0001:00014cd0       ?append@?$QList@H@@QAEXABH@Z 00415cd0 f i configfilehandler.obj
 0001:00014cd0       ?append@?$QList@PAVQObject@@@@QAEXABQAVQObject@@@Z 00415cd0 f i workmodels.obj
 0001:00014d60       ?commitParam@PlanSelector@@QAEXHHABVQString@@ABVQVariant@@@Z 00415d60 f   workmodels.obj
 0001:00014d80       ?detach_helper_grow@?$QList@H@@AAEPAUNode@1@HH@Z 00415d80 f i configfilehandler.obj
 0001:00014d80       ?detach_helper_grow@?$QList@PAVQObject@@@@AAEPAUNode@1@HH@Z 00415d80 f i workmodels.obj
 0001:00014ec0       ?eventFilter@PlanController@@UAE_NPAVQObject@@PAVQEvent@@@Z 00415ec0 f   workmodels.obj
 0001:00014f10       ?eventFilter@PlanSelector@@MAE_NPAVQObject@@PAVQEvent@@@Z 00415f10 f   workmodels.obj
 0001:00014f60       ?eventFilter@StatusViewWatcher@@UAE_NPAVQObject@@PAVQEvent@@@Z 00415f60 f   workmodels.obj
 0001:00014fa0       ?exportConfigFile@ConfigFileConverter@@QAE_NABVQUrl@@@Z 00415fa0 f   workmodels.obj
 0001:00015010       ?getBoardTypeIndexByPosition@PlanSelector@@QAEHH@Z 00416010 f   workmodels.obj
 0001:00015010       ?getBoardTypeIndexByPosition@OperationParamSelector@@QAEHH@Z 00416010 f   workmodels.obj
 0001:00015030       ?getSwitch@OperationParamSelector@@QAEPAVQObject@@ABVQString@@@Z 00416030 f   workmodels.obj
 0001:000151a0       ?getSwitch@PlanSelector@@QAEPAVQObject@@ABVQString@@@Z 004161a0 f   workmodels.obj
 0001:00015310       ?getWorkLocationTypeList@StatusViewWatcher@@QAE?AVQJsonObject@@XZ 00416310 f   workmodels.obj
 0001:00015340       ?getWorkPlaceConstraint@StatusViewWatcher@@QAE?AVQJsonArray@@XZ 00416340 f   workmodels.obj
 0001:00015370       ?importConfigFile@ConfigFileConverter@@QAE_NABVQUrl@@@Z 00416370 f   workmodels.obj
 0001:000153e0       ?init@OperationParamSelector@@QAEXABVQString@@@Z 004163e0 f   workmodels.obj
 0001:00015460       ?moveStep@PlanSelector@@QAEXHHH@Z 00416460 f   workmodels.obj
 0001:00015480       ?node_copy@?$QList@H@@AAEXPAUNode@1@00@Z 00416480 f i configfilehandler.obj
 0001:00015480       ?node_copy@?$QList@PAVQObject@@@@AAEXPAUNode@1@00@Z 00416480 f i workmodels.obj
 0001:000154b0       ?onCompleteSingleOperation@OperationParamSelector@@QAEXXZ 004164b0 f   workmodels.obj
 0001:00015740       ?onMachineConfigChanged@TargetMachineObject@@QAE_NXZ 00416740 f   workmodels.obj
 0001:000157c0       ?onSave@PlanSelector@@QAE_NXZ 004167c0 f   workmodels.obj
 0001:000157d0       ?operationCurrentIndex@PlanSelector@@QAEHXZ 004167d0 f   workmodels.obj
 0001:000157f0       ?planListModel@PlanSelector@@QAE?AVQStringList@@XZ 004167f0 f   workmodels.obj
 0001:00015820       ?planSelectStepListModel@PlanSelector@@QAE?AVQStringList@@H@Z 00416820 f   workmodels.obj
 0001:00015850       ?removePlan@PlanSelector@@QAEXH@Z 00416850 f   workmodels.obj
 0001:00015870       ?removeStep@PlanSelector@@QAEXHH@Z 00416870 f   workmodels.obj
 0001:00015890       ?resumePlan@PlanController@@QAEXXZ 00416890 f   workmodels.obj
 0001:000158c0       ?setPlanName@PlanSelector@@QAEXHABVQString@@@Z 004168c0 f   workmodels.obj
 0001:000158e0       ?setSelectedOperation@OperationParamSelector@@QAEXH@Z 004168e0 f   workmodels.obj
 0001:00015cb0       ?setSelectedOperation@PlanSelector@@QAEXHHH@Z 00416cb0 f   workmodels.obj
 0001:00016170       ?setSelectedStep@PlanSelector@@QAEXHH@Z 00417170 f   workmodels.obj
 0001:00016550       ?setWorkLocationType@StatusViewWatcher@@QAE_NHHABVQString@@@Z 00417550 f   workmodels.obj
 0001:00016570       ?startCheckPlan@PlanSelector@@QAEXH@Z 00417570 f   workmodels.obj
 0001:00016590       ?startPlan@PlanController@@QAEXHH@Z 00417590 f   workmodels.obj
 0001:000165c0       ?stepListModel@PlanSelector@@QAE?AVQStringList@@H@Z 004175c0 f   workmodels.obj
 0001:000165f0       ?stopCheckPlan@PlanSelector@@QAEXXZ 004175f0 f   workmodels.obj
 0001:00016600       ?stopPlan@PlanController@@QAEXXZ 00417600 f   workmodels.obj
 0001:00016610       ?updateWorkPlace@StatusViewWatcher@@QAE_NABVQJsonObject@@@Z 00417610 f   workmodels.obj
 0001:00016630       ??$connect@P8SubThreadCheckWorker@@AEXABVQJsonObject@@@ZP8WorkflowCheckerController@@AEX0@Z@QObject@@SA?AVConnection@QMetaObject@@PBVSubThreadCheckWorker@@P83@AEXABVQJsonObject@@@ZPBVWorkflowCheckerController@@P85@AEX1@ZW4ConnectionType@Qt@@@Z 00417630 f i workflowChecker.obj
 0001:000166a0       ??$connect@P8WorkflowCheckerController@@AEXABVQJsonArray@@@ZP8SubThreadCheckWorker@@AEX0@Z@QObject@@SA?AVConnection@QMetaObject@@PBVWorkflowCheckerController@@P83@AEXABVQJsonArray@@@ZPBVSubThreadCheckWorker@@P85@AEX1@ZW4ConnectionType@Qt@@@Z 004176a0 f i workflowChecker.obj
 0001:00016710       ??$connect@P8WorkflowCheckerController@@AEXABVQJsonObject@@@ZP8SubThreadCheckWorker@@AEX0@Z@QObject@@SA?AVConnection@QMetaObject@@PBVWorkflowCheckerController@@P83@AEXABVQJsonObject@@@ZPBVSubThreadCheckWorker@@P85@AEX1@ZW4ConnectionType@Qt@@@Z 00417710 f i workflowChecker.obj
 0001:00016780       ??$connect@P8WorkflowCheckerController@@AEXXZP8SubThreadCheckWorker@@AEXXZ@QObject@@SA?AVConnection@QMetaObject@@PBVWorkflowCheckerController@@P83@AEXXZPBVSubThreadCheckWorker@@P84@AEXXZW4ConnectionType@Qt@@@Z 00417780 f i workflowChecker.obj
 0001:000167e0       ??0WorkflowCheckerController@@QAE@PAVQObject@@@Z 004177e0 f   workflowChecker.obj
 0001:00016960       ??1?$QMap@VQString@@H@@QAE@XZ 00417960 f i workflowChecker.obj
 0001:00016a00       ??1WorkflowCheckerController@@UAE@XZ 00417a00 f   workflowChecker.obj
 0001:00016a70       ??A?$QMap@VQString@@H@@QAEAAHABVQString@@@Z 00417a70 f i workflowChecker.obj
 0001:00016af0       ??_GCheckStateChangeEvent@@UAEPAXI@Z 00417af0 f i workflowChecker.obj
 0001:00016af0       ??_ECheckStateChangeEvent@@UAEPAXI@Z 00417af0 f i workflowChecker.obj
 0001:00016af0       ??_GStatusChangeEvent@@UAEPAXI@Z 00417af0 f i workflowprotocol.obj
 0001:00016af0       ??_EStatusChangeEvent@@UAEPAXI@Z 00417af0 f i workflowprotocol.obj
 0001:00016b20       ??_ESubThreadCheckWorker@@UAEPAXI@Z 00417b20 f i workflowChecker.obj
 0001:00016b20       ??_GSubThreadCheckWorker@@UAEPAXI@Z 00417b20 f i workflowChecker.obj
 0001:00016b70       ??_EWorkflowCheckerController@@UAEPAXI@Z 00417b70 f i workflowChecker.obj
 0001:00016b70       ??_GWorkflowCheckerController@@UAEPAXI@Z 00417b70 f i workflowChecker.obj
 0001:00016c00       ?CheckBoardConstraint@SubThreadCheckWorker@@IAE_NABVQJsonObject@@@Z 00417c00 f   workflowChecker.obj
 0001:00016fb0       ?CheckParamConstraint@SubThreadCheckWorker@@IAE_NABVQJsonObject@@@Z 00417fb0 f   workflowChecker.obj
 0001:00017860       ?checkTask@WorkflowCheckerController@@QAEXABVQJsonObject@@@Z 00418860 f   workflowChecker.obj
 0001:00017870       ?configChecker@SubThreadCheckWorker@@QAEXABVQJsonArray@@@Z 00418870 f   workflowChecker.obj
 0001:00017bd0       ?copy@?$QMapNode@VQString@@H@@QBEPAU1@PAU?$QMapData@VQString@@H@@@Z 00418bd0 f i workflowChecker.obj
 0001:00017c50       ?createNode@?$QMapData@VQString@@H@@QAEPAU?$QMapNode@VQString@@H@@ABVQString@@ABHPAU2@_N@Z 00418c50 f i workflowChecker.obj
 0001:00017c90       ?destroySubTree@?$QMapNode@VQString@@H@@QAEXXZ 00418c90 f i workflowChecker.obj
 0001:00017cc0       ?detach_helper@?$QMap@VQString@@H@@AAEXXZ 00418cc0 f i workflowChecker.obj
 0001:00017d60       ?doCheck@SubThreadCheckWorker@@QAEXABVQJsonObject@@@Z 00418d60 f   workflowChecker.obj
 0001:000182c0       ?forceStop@SubThreadCheckWorker@@QAEXXZ 004192c0 f   workflowChecker.obj
 0001:000182d0       ?impl@?$QSlotObject@P8StatusViewWatcher@@AEXXZU?$List@$$V@QtPrivate@@X@QtPrivate@@CAXHPAVQSlotObjectBase@2@PAVQObject@@PAPAXPA_N@Z 004192d0 f i workmodels.obj
 0001:000182d0       ?impl@?$QSlotObject@P8SubThreadCheckWorker@@AEXXZU?$List@$$V@QtPrivate@@X@QtPrivate@@CAXHPAVQSlotObjectBase@2@PAVQObject@@PAPAXPA_N@Z 004192d0 f i workflowChecker.obj
 0001:000182d0       ?impl@?$QSlotObject@P8SubThreadWorker@@AEXXZU?$List@$$V@QtPrivate@@X@QtPrivate@@CAXHPAVQSlotObjectBase@2@PAVQObject@@PAPAXPA_N@Z 004192d0 f i workflowprotocol.obj
 0001:000182d0       ?impl@?$QSlotObject@P8QObject@@AEXXZU?$List@$$V@QtPrivate@@X@QtPrivate@@CAXHPAVQSlotObjectBase@2@PAVQObject@@PAPAXPA_N@Z 004192d0 f i workflowprotocol.obj
 0001:00018320       ?impl@?$QSlotObject@P8SubThreadWorker@@AEXABVQString@@@ZU?$List@ABVQString@@@QtPrivate@@X@QtPrivate@@CAXHPAVQSlotObjectBase@2@PAVQObject@@PAPAXPA_N@Z 00419320 f i workflowprotocol.obj
 0001:00018320       ?impl@?$QSlotObject@P8SubThreadWorker@@AEXABVQJsonObject@@@ZU?$List@ABVQJsonObject@@@QtPrivate@@X@QtPrivate@@CAXHPAVQSlotObjectBase@2@PAVQObject@@PAPAXPA_N@Z 00419320 f i workflowprotocol.obj
 0001:00018320       ?impl@?$QSlotObject@P8SubThreadCheckWorker@@AEXABVQJsonArray@@@ZU?$List@ABVQJsonArray@@@QtPrivate@@X@QtPrivate@@CAXHPAVQSlotObjectBase@2@PAVQObject@@PAPAXPA_N@Z 00419320 f i workflowChecker.obj
 0001:00018320       ?impl@?$QSlotObject@P8WorkflowCheckerController@@AEXABVQJsonObject@@@ZU?$List@ABVQJsonObject@@@QtPrivate@@X@QtPrivate@@CAXHPAVQSlotObjectBase@2@PAVQObject@@PAPAXPA_N@Z 00419320 f i workflowChecker.obj
 0001:00018320       ?impl@?$QSlotObject@P8WorkflowController@@AEXABVQJsonObject@@@ZU?$List@ABVQJsonObject@@@QtPrivate@@X@QtPrivate@@CAXHPAVQSlotObjectBase@2@PAVQObject@@PAPAXPA_N@Z 00419320 f i workflowprotocol.obj
 0001:00018320       ?impl@?$QSlotObject@P8SubThreadCheckWorker@@AEXABVQJsonObject@@@ZU?$List@ABVQJsonObject@@@QtPrivate@@X@QtPrivate@@CAXHPAVQSlotObjectBase@2@PAVQObject@@PAPAXPA_N@Z 00419320 f i workflowChecker.obj
 0001:00018380       ?init@WorkflowCheckerController@@QAEXABVQJsonArray@@@Z 00419380 f   workflowChecker.obj
 0001:00018390       ?insert@?$QMap@VQString@@H@@QAE?AViterator@1@ABVQString@@ABH@Z 00419390 f i workflowChecker.obj
 0001:00018450       ?remove@?$QMap@VQString@@H@@QAEHABVQString@@@Z 00419450 f i workflowChecker.obj
 0001:00018500       ?statusChanged@WorkflowCheckerController@@QAEXABVQJsonObject@@@Z 00419500 f   workflowChecker.obj
 0001:000185a0       ?stopCurrentCheck@WorkflowCheckerController@@QAEXXZ 004195a0 f   workflowChecker.obj
 0001:000185c0       ?types@?$ConnectionTypes@U?$List@ABVQJsonArray@@@QtPrivate@@$00@QtPrivate@@SAPBHXZ 004195c0 f i workflowChecker.obj
 0001:00018620       ?changeHost@WorkflowController@@QAEXABVQString@@G@Z 00419620 f   moc_workflowprotocol.obj
 0001:00018670       ?configProtocol@WorkflowController@@QAEXABVQString@@@Z 00419670 f   moc_workflowprotocol.obj
 0001:000186a0       ?metaObject@SubThreadWorker@@UBEPBUQMetaObject@@XZ 004196a0 f   moc_workflowprotocol.obj
 0001:000186c0       ?metaObject@WorkflowController@@UBEPBUQMetaObject@@XZ 004196c0 f   moc_workflowprotocol.obj
 0001:000186e0       ?qt_metacall@SubThreadWorker@@UAEHW4Call@QMetaObject@@HPAPAX@Z 004196e0 f   moc_workflowprotocol.obj
 0001:00018740       ?qt_metacall@WorkflowController@@UAEHW4Call@QMetaObject@@HPAPAX@Z 00419740 f   moc_workflowprotocol.obj
 0001:000187a0       ?qt_metacast@SubThreadWorker@@UAEPAXPBD@Z 004197a0 f   moc_workflowprotocol.obj
 0001:00018800       ?qt_metacast@WorkflowController@@UAEPAXPBD@Z 00419800 f   moc_workflowprotocol.obj
 0001:00018860       ?qt_static_metacall@SubThreadWorker@@CAXPAVQObject@@W4Call@QMetaObject@@HPAPAX@Z 00419860 f   moc_workflowprotocol.obj
 0001:00018950       ?qt_static_metacall@WorkflowController@@CAXPAVQObject@@W4Call@QMetaObject@@HPAPAX@Z 00419950 f   moc_workflowprotocol.obj
 0001:00018a70       ?runNewTask@WorkflowController@@QAEXABVQJsonObject@@@Z 00419a70 f   moc_workflowprotocol.obj
 0001:00018aa0       ?runNewTunning@WorkflowController@@QAEXABVQJsonObject@@@Z 00419aa0 f   moc_workflowprotocol.obj
 0001:00018ad0       ?statusChanged@SubThreadWorker@@QAEXABVQJsonObject@@@Z 00419ad0 f   moc_workflowprotocol.obj
 0001:00018b00       ?stopTask@WorkflowController@@QAEXXZ 00419b00 f   moc_workflowprotocol.obj
 0001:00018b20       ?taskStateChanged@SubThreadWorker@@QAEX_NH@Z 00419b20 f   moc_workflowprotocol.obj
 0001:00018b70       ?configChecker@WorkflowCheckerController@@QAEXABVQJsonArray@@@Z 00419b70 f   moc_workflowChecker.obj
 0001:00018ba0       ?metaObject@SubThreadCheckWorker@@UBEPBUQMetaObject@@XZ 00419ba0 f   moc_workflowChecker.obj
 0001:00018bc0       ?metaObject@WorkflowCheckerController@@UBEPBUQMetaObject@@XZ 00419bc0 f   moc_workflowChecker.obj
 0001:00018be0       ?qt_metacall@SubThreadCheckWorker@@UAEHW4Call@QMetaObject@@HPAPAX@Z 00419be0 f   moc_workflowChecker.obj
 0001:00018c40       ?qt_metacall@WorkflowCheckerController@@UAEHW4Call@QMetaObject@@HPAPAX@Z 00419c40 f   moc_workflowChecker.obj
 0001:00018ca0       ?qt_metacast@SubThreadCheckWorker@@UAEPAXPBD@Z 00419ca0 f   moc_workflowChecker.obj
 0001:00018d00       ?qt_metacast@WorkflowCheckerController@@UAEPAXPBD@Z 00419d00 f   moc_workflowChecker.obj
 0001:00018d60       ?qt_static_metacall@SubThreadCheckWorker@@CAXPAVQObject@@W4Call@QMetaObject@@HPAPAX@Z 00419d60 f   moc_workflowChecker.obj
 0001:00018df0       ?qt_static_metacall@WorkflowCheckerController@@CAXPAVQObject@@W4Call@QMetaObject@@HPAPAX@Z 00419df0 f   moc_workflowChecker.obj
 0001:00018eb0       ?runNewCheck@WorkflowCheckerController@@QAEXABVQJsonObject@@@Z 00419eb0 f   moc_workflowChecker.obj
 0001:00018ee0       ?statusChanged@SubThreadCheckWorker@@QAEXABVQJsonObject@@@Z 00419ee0 f   moc_workflowChecker.obj
 0001:00018f10       ?stopCheck@WorkflowCheckerController@@QAEXXZ 00419f10 f   moc_workflowChecker.obj
 0001:00018f30       ?metaObject@configFileHandler@@UBEPBUQMetaObject@@XZ 00419f30 f   moc_configfilehandler.obj
 0001:00018f50       ?qt_metacall@configFileHandler@@UAEHW4Call@QMetaObject@@HPAPAX@Z 00419f50 f   moc_configfilehandler.obj
 0001:00018f60       ?qt_metacast@configFileHandler@@UAEPAXPBD@Z 00419f60 f   moc_configfilehandler.obj
 0001:00018fc0       ?onComplete@PlanSelector@@QAEXXZ 00419fc0 f   workmodels.obj
 0001:00018fc0       ??3@YAXPAX0@Z              00419fc0 f   configfilehandler.obj
 0001:00018fc0       ?Destruct@?$QMetaTypeFunctionHelper@VQSequentialIterableImpl@QtMetaTypePrivate@@$00@QtMetaTypePrivate@@SAXPAX@Z 00419fc0 f   moc_workmodels.obj
 0001:00018fc0       __initialize_denormal_control 00419fc0 f   MSVCRT:denormal_control.obj
 0001:00018fc0       ?qt_static_metacall@configFileHandler@@CAXPAVQObject@@W4Call@QMetaObject@@HPAPAX@Z 00419fc0 f   moc_configfilehandler.obj
 0001:00018fc0       ?Destruct@?$QMetaTypeFunctionHelper@V?$QQmlListProperty@VOperationParamSelector@@@@$00@QtMetaTypePrivate@@SAXPAX@Z 00419fc0 f   main.obj
 0001:00018fc0       ?Destruct@?$QMetaTypeFunctionHelper@V?$QQmlListProperty@VPlanSelector@@@@$00@QtMetaTypePrivate@@SAXPAX@Z 00419fc0 f   main.obj
 0001:00018fc0       __initialize_invalid_parameter_handler 00419fc0 f   MSVCRT:invalid_parameter_handler.obj
 0001:00018fc0       ?Destruct@?$QMetaTypeFunctionHelper@V?$QQmlListProperty@VStatusViewWatcher@@@@$00@QtMetaTypePrivate@@SAXPAX@Z 00419fc0 f   main.obj
 0001:00018fc0       ?Destruct@?$QMetaTypeFunctionHelper@V?$QQmlListProperty@VTextFieldDoubleValidator@@@@$00@QtMetaTypePrivate@@SAXPAX@Z 00419fc0 f   main.obj
 0001:00018fc0       ?Destruct@?$QMetaTypeFunctionHelper@V?$QQmlListProperty@VPlanController@@@@$00@QtMetaTypePrivate@@SAXPAX@Z 00419fc0 f   main.obj
 0001:00018fc0       ?Destruct@?$QMetaTypeFunctionHelper@V?$QQmlListProperty@VOperationParamObject@@@@$00@QtMetaTypePrivate@@SAXPAX@Z 00419fc0 f   main.obj
 0001:00018fc0       ?Destruct@?$QMetaTypeFunctionHelper@PAVStatusViewWatcher@@$00@QtMetaTypePrivate@@SAXPAX@Z 00419fc0 f   main.obj
 0001:00018fc0       ?Destruct@?$QMetaTypeFunctionHelper@PAVOperationParamObject@@$00@QtMetaTypePrivate@@SAXPAX@Z 00419fc0 f   main.obj
 0001:00018fc0       ?Destruct@?$QMetaTypeFunctionHelper@PAVPlanController@@$00@QtMetaTypePrivate@@SAXPAX@Z 00419fc0 f   main.obj
 0001:00018fc0       ?Destruct@?$QMetaTypeFunctionHelper@PAVPlanSelector@@$00@QtMetaTypePrivate@@SAXPAX@Z 00419fc0 f   main.obj
 0001:00018fc0       ?Destruct@?$QMetaTypeFunctionHelper@PAVTextFieldDoubleValidator@@$00@QtMetaTypePrivate@@SAXPAX@Z 00419fc0 f   main.obj
 0001:00018fc0       @_guard_check_icall_nop@4  00419fc0 f   MSVCRT:guard_support.obj
 0001:00018fc0       ?Destruct@?$QMetaTypeFunctionHelper@PAVOperationParamSelector@@$00@QtMetaTypePrivate@@SAXPAX@Z 00419fc0 f   main.obj
 0001:00018fd0       ?metaObject@EnvironmentVariant@@UBEPBUQMetaObject@@XZ 00419fd0 f   moc_environmentvariant.obj
 0001:00018ff0       ?qt_metacall@EnvironmentVariant@@UAEHW4Call@QMetaObject@@HPAPAX@Z 00419ff0 f   moc_environmentvariant.obj
 0001:00019050       ?qt_metacast@EnvironmentVariant@@UAEPAXPBD@Z 0041a050 f   moc_environmentvariant.obj
 0001:000190b0       ?qt_static_metacall@EnvironmentVariant@@CAXPAVQObject@@W4Call@QMetaObject@@HPAPAX@Z 0041a0b0 f   moc_environmentvariant.obj
 0001:00019100       ?workLocationTypeChanged@EnvironmentVariant@@QAEXXZ 0041a100 f   moc_environmentvariant.obj
 0001:00019120       ??$atImpl@V?$QList@PAVQObject@@@@@QSequentialIterableImpl@QtMetaTypePrivate@@SAPBXPBXH@Z 0041a120 f i moc_workmodels.obj
 0001:00019120       ??$atImpl@V?$QList@H@@@QSequentialIterableImpl@QtMetaTypePrivate@@SAPBXPBXH@Z 0041a120 f i moc_workmodels.obj
 0001:00019140       ??$equal@PBHV?$checked_array_iterator@PBH@stdext@@U?$equal_to@X@std@@@std@@YA_NPBH0V?$checked_array_iterator@PBH@stdext@@U?$equal_to@X@0@@Z 0041a140 f i moc_workmodels.obj
 0001:00019140       ??$equal@PBQAVQObject@@V?$checked_array_iterator@PBQAVQObject@@@stdext@@U?$equal_to@X@std@@@std@@YA_NPBQAVQObject@@0V?$checked_array_iterator@PBQAVQObject@@@stdext@@U?$equal_to@X@0@@Z 0041a140 f i moc_workmodels.obj
 0001:000191c0       ??$getImpl@V?$QList@PAVQObject@@@@@QSequentialIterableImpl@QtMetaTypePrivate@@SA?AUVariantData@1@PBQAXHI@Z 0041a1c0 f i moc_workmodels.obj
 0001:000191c0       ??$getImpl@V?$QList@H@@@QSequentialIterableImpl@QtMetaTypePrivate@@SA?AUVariantData@1@PBQAXHI@Z 0041a1c0 f i moc_workmodels.obj
 0001:000191e0       ??$moveToBeginImpl@V?$QList@PAVQObject@@@@@QSequentialIterableImpl@QtMetaTypePrivate@@SAXPBXPAPAX@Z 0041a1e0 f i moc_workmodels.obj
 0001:000191e0       ??$moveToBeginImpl@V?$QList@H@@@QSequentialIterableImpl@QtMetaTypePrivate@@SAXPBXPAPAX@Z 0041a1e0 f i moc_workmodels.obj
 0001:00019210       ??$moveToEndImpl@V?$QList@PAVQObject@@@@@QSequentialIterableImpl@QtMetaTypePrivate@@SAXPBXPAPAX@Z 0041a210 f i moc_workmodels.obj
 0001:00019210       ??$moveToEndImpl@V?$QList@H@@@QSequentialIterableImpl@QtMetaTypePrivate@@SAXPBXPAPAX@Z 0041a210 f i moc_workmodels.obj
 0001:00019240       ??$sizeImpl@V?$QList@PAVQObject@@@@@QSequentialIterableImpl@QtMetaTypePrivate@@SAHPBX@Z 0041a240 f i moc_workmodels.obj
 0001:00019240       ??$sizeImpl@V?$QList@H@@@QSequentialIterableImpl@QtMetaTypePrivate@@SAHPBX@Z 0041a240 f i moc_workmodels.obj
 0001:00019250       ??0QSequentialIterableImpl@QtMetaTypePrivate@@QAE@XZ 0041a250 f i moc_workmodels.obj
 0001:000192c0       ?Construct@?$QMetaTypeFunctionHelper@V?$QList@H@@$00@QtMetaTypePrivate@@SAPAXPAXPBX@Z 0041a2c0 f i moc_workmodels.obj
 0001:000192c0       ?Construct@?$QMetaTypeFunctionHelper@V?$QList@PAVQObject@@@@$00@QtMetaTypePrivate@@SAPAXPAXPBX@Z 0041a2c0 f i moc_workmodels.obj
 0001:00019340       ?Construct@?$QMetaTypeFunctionHelper@VQSequentialIterableImpl@QtMetaTypePrivate@@$00@QtMetaTypePrivate@@SAPAXPAXPBX@Z 0041a340 f i moc_workmodels.obj
 0001:00019380       ?Destruct@?$QMetaTypeFunctionHelper@V?$QList@PAVQObject@@@@$00@QtMetaTypePrivate@@SAXPAX@Z 0041a380 f i moc_workmodels.obj
 0001:00019380       ?Destruct@?$QMetaTypeFunctionHelper@V?$QList@H@@$00@QtMetaTypePrivate@@SAXPAX@Z 0041a380 f i moc_workmodels.obj
 0001:000193f0       ?MachineConfigChanged@TargetMachineObject@@QAEXXZ 0041a3f0 f   moc_workmodels.obj
 0001:00019410       ?UnitChanged@OperationParamObject@@QAEXXZ 0041a410 f   moc_workmodels.obj
 0001:00019430       ?advance@?$IteratorOwnerCommon@Vconst_iterator@?$QList@PAVQObject@@@@@QtMetaTypePrivate@@SAXPAPAXH@Z 0041a430 f i moc_workmodels.obj
 0001:00019430       ?advance@?$IteratorOwnerCommon@Vconst_iterator@?$QList@H@@@QtMetaTypePrivate@@SAXPAPAXH@Z 0041a430 f i moc_workmodels.obj
 0001:00019440       ?assign@?$IteratorOwnerCommon@Vconst_iterator@?$QList@H@@@QtMetaTypePrivate@@SAXPAPAXPBQAX@Z 0041a440 f i moc_workmodels.obj
 0001:00019440       ?assign@?$IteratorOwnerCommon@Vconst_iterator@?$QList@PAVQObject@@@@@QtMetaTypePrivate@@SAXPAPAXPBQAX@Z 0041a440 f i moc_workmodels.obj
 0001:00019460       ?boolValueChanged@OperationParamObject@@QAEXXZ 0041a460 f   moc_workmodels.obj
 0001:00019480       ?bottomValueChanged@OperationParamObject@@QAEXXZ 0041a480 f   moc_workmodels.obj
 0001:000194a0       ?convert@?$ConverterFunctor@V?$QList@H@@VQSequentialIterableImpl@QtMetaTypePrivate@@U?$QSequentialIterableConvertFunctor@V?$QList@H@@@3@@QtPrivate@@SA_NPBUAbstractConverterFunction@2@PBXPAX@Z 0041a4a0 f i moc_workmodels.obj
 0001:00019540       ?convert@?$ConverterFunctor@V?$QList@PAVQObject@@@@VQSequentialIterableImpl@QtMetaTypePrivate@@U?$QSequentialIterableConvertFunctor@V?$QList@PAVQObject@@@@@3@@QtPrivate@@SA_NPBUAbstractConverterFunction@2@PBXPAX@Z 0041a540 f i moc_workmodels.obj
 0001:000195e0       ?currentIndexChanged@OperationParamSelector@@QAEXXZ 0041a5e0 f   moc_workmodels.obj
 0001:00019600       ?destroy@?$IteratorOwnerCommon@Vconst_iterator@?$QList@H@@@QtMetaTypePrivate@@SAXPAPAX@Z 0041a600 f i moc_workmodels.obj
 0001:00019600       ?destroy@?$IteratorOwnerCommon@Vconst_iterator@?$QList@PAVQObject@@@@@QtMetaTypePrivate@@SAXPAPAX@Z 0041a600 f i moc_workmodels.obj
 0001:00019620       ?display@OperationParamObject@@QBE?AVQString@@XZ 0041a620 f i moc_workmodels.obj
 0001:00019640       ?displayChanged@OperationParamObject@@QAEXXZ 0041a640 f   moc_workmodels.obj
 0001:00019660       ?equal@?$IteratorOwnerCommon@Vconst_iterator@?$QList@H@@@QtMetaTypePrivate@@SA_NPBQAX0@Z 0041a660 f i moc_workmodels.obj
 0001:00019660       ?equal@?$IteratorOwnerCommon@Vconst_iterator@?$QList@PAVQObject@@@@@QtMetaTypePrivate@@SA_NPBQAX0@Z 0041a660 f i moc_workmodels.obj
 0001:00019680       ?floatValueChanged@OperationParamObject@@QAEXXZ 0041a680 f   moc_workmodels.obj
 0001:000196a0       ?name@OperationParamObject@@QBE?AVQString@@XZ 0041a6a0 f i workmodels.obj
 0001:000196a0       ?getIpAddress@TargetMachineObject@@QBE?AVQString@@XZ 0041a6a0 f i environmentvariant.obj
 0001:000196a0       ?getOperationName@SingleOperationObject@@QAE?AVQString@@XZ 0041a6a0 f i moc_workmodels.obj
 0001:000196c0       ?getParamListModel@PlanSelector@@QAE?AV?$QList@PAVQObject@@@@XZ 0041a6c0 f i moc_workmodels.obj
 0001:000196e0       ?getParamModel@OperationParamSelector@@QAE?AV?$QList@PAVQObject@@@@XZ 0041a6e0 f i moc_workmodels.obj
 0001:00019700       ?intListValue@OperationParamObject@@QAE?AV?$QList@H@@XZ 0041a700 f i moc_workmodels.obj
 0001:00019720       ?intListValueChanged@OperationParamObject@@QAEXXZ 0041a720 f   moc_workmodels.obj
 0001:00019740       ?integerValueChanged@OperationParamObject@@QAEXXZ 0041a740 f   moc_workmodels.obj
 0001:00019760       ?metaObject@ConfigFileConverter@@UBEPBUQMetaObject@@XZ 0041a760 f   moc_workmodels.obj
 0001:00019780       ?metaObject@OperationParamObject@@UBEPBUQMetaObject@@XZ 0041a780 f   moc_workmodels.obj
 0001:000197a0       ?metaObject@OperationParamSelector@@UBEPBUQMetaObject@@XZ 0041a7a0 f   moc_workmodels.obj
 0001:000197c0       ?metaObject@PlanController@@UBEPBUQMetaObject@@XZ 0041a7c0 f   moc_workmodels.obj
 0001:000197e0       ?metaObject@PlanSelector@@UBEPBUQMetaObject@@XZ 0041a7e0 f   moc_workmodels.obj
 0001:00019800       ?metaObject@StatusViewWatcher@@UBEPBUQMetaObject@@XZ 0041a800 f   moc_workmodels.obj
 0001:00019820       ?metaObject@TargetMachineObject@@UBEPBUQMetaObject@@XZ 0041a820 f   moc_workmodels.obj
 0001:00019840       ?nameChanged@OperationParamObject@@QAEXXZ 0041a840 f   moc_workmodels.obj
 0001:00019860       ?op_eq_impl@?$QList@PAVQObject@@@@ABE_NABV1@UArrayCompatibleLayout@QListData@@@Z 0041a860 f i moc_workmodels.obj
 0001:00019860       ?op_eq_impl@?$QList@H@@ABE_NABV1@UArrayCompatibleLayout@QListData@@@Z 0041a860 f i moc_workmodels.obj
 0001:000198d0       ?op_eq_impl@?$QList@VQString@@@@ABE_NABV1@UArrayCompatibleLayout@QListData@@@Z 0041a8d0 f i moc_workmodels.obj
 0001:00019940       ?operationListModel@PlanSelector@@QAE?AVQStringList@@XZ 0041a940 f i moc_workmodels.obj
 0001:00019960       ?operationModel@OperationParamSelector@@QAE?AVQStringList@@XZ 0041a960 f i moc_workmodels.obj
 0001:00019980       ?operationNameChanged@SingleOperationObject@@QAEXXZ 0041a980 f   moc_workmodels.obj
 0001:000199a0       ?pageNameChanged@OperationParamSelector@@QAEXXZ 0041a9a0 f   moc_workmodels.obj
 0001:000199c0       ?paramListModelChanged@PlanSelector@@QAEXXZ 0041a9c0 f   moc_workmodels.obj
 0001:000199e0       ?paramModelChanged@OperationParamSelector@@QAEXXZ 0041a9e0 f   moc_workmodels.obj
 0001:00019a00       ?planCheckStatusChanged@PlanSelector@@QAEXABVQJsonObject@@@Z 0041aa00 f   moc_workmodels.obj
 0001:00019a30       ?qt_metacall@ConfigFileConverter@@UAEHW4Call@QMetaObject@@HPAPAX@Z 0041aa30 f   moc_workmodels.obj
 0001:00019a90       ?qt_metacall@OperationParamObject@@UAEHW4Call@QMetaObject@@HPAPAX@Z 0041aa90 f   moc_workmodels.obj
 0001:00019b30       ?qt_metacall@OperationParamSelector@@UAEHW4Call@QMetaObject@@HPAPAX@Z 0041ab30 f   moc_workmodels.obj
 0001:00019be0       ?qt_metacall@PlanController@@UAEHW4Call@QMetaObject@@HPAPAX@Z 0041abe0 f   moc_workmodels.obj
 0001:00019c40       ?qt_metacall@PlanSelector@@UAEHW4Call@QMetaObject@@HPAPAX@Z 0041ac40 f   moc_workmodels.obj
 0001:00019cf0       ?qt_metacall@StatusViewWatcher@@UAEHW4Call@QMetaObject@@HPAPAX@Z 0041acf0 f   moc_workmodels.obj
 0001:00019d50       ?qt_metacall@TargetMachineObject@@UAEHW4Call@QMetaObject@@HPAPAX@Z 0041ad50 f   moc_workmodels.obj
 0001:00019e10       ?qt_metacast@ConfigFileConverter@@UAEPAXPBD@Z 0041ae10 f   moc_workmodels.obj
 0001:00019e70       ?qt_metacast@OperationParamObject@@UAEPAXPBD@Z 0041ae70 f   moc_workmodels.obj
 0001:00019f10       ?qt_metacast@OperationParamSelector@@UAEPAXPBD@Z 0041af10 f   moc_workmodels.obj
 0001:00019f70       ?qt_metacast@PlanController@@UAEPAXPBD@Z 0041af70 f   moc_workmodels.obj
 0001:00019fd0       ?qt_metacast@PlanSelector@@UAEPAXPBD@Z 0041afd0 f   moc_workmodels.obj
 0001:0001a030       ?qt_metacast@StatusViewWatcher@@UAEPAXPBD@Z 0041b030 f   moc_workmodels.obj
 0001:0001a090       ?qt_metacast@TargetMachineObject@@UAEPAXPBD@Z 0041b090 f   moc_workmodels.obj
 0001:0001a130       ?qt_metatype_id@?$QMetaTypeId@V?$QList@H@@@@SAHXZ 0041b130 f i moc_workmodels.obj
 0001:0001a250       ?qt_metatype_id@?$QMetaTypeId@V?$QList@PAVQObject@@@@@@SAHXZ 0041b250 f i moc_workmodels.obj
 0001:0001a2f0       ?qt_metatype_id@?$QMetaTypeId@VQSequentialIterableImpl@QtMetaTypePrivate@@@@SAHXZ 0041b2f0 f i moc_workmodels.obj
 0001:0001a380       ?qt_static_metacall@ConfigFileConverter@@CAXPAVQObject@@W4Call@QMetaObject@@HPAPAX@Z 0041b380 f   moc_workmodels.obj
 0001:0001a3d0       ?qt_static_metacall@OperationParamObject@@CAXPAVQObject@@W4Call@QMetaObject@@HPAPAX@Z 0041b3d0 f   moc_workmodels.obj
 0001:0001a8b0       ?qt_static_metacall@OperationParamSelector@@CAXPAVQObject@@W4Call@QMetaObject@@HPAPAX@Z 0041b8b0 f   moc_workmodels.obj
 0001:0001ab60       ?qt_static_metacall@PlanController@@CAXPAVQObject@@W4Call@QMetaObject@@HPAPAX@Z 0041bb60 f   moc_workmodels.obj
 0001:0001abf0       ?qt_static_metacall@PlanSelector@@CAXPAVQObject@@W4Call@QMetaObject@@HPAPAX@Z 0041bbf0 f   moc_workmodels.obj
 0001:0001b090       ?qt_static_metacall@SingleOperationObject@@CAXPAVQObject@@W4Call@QMetaObject@@HPAPAX@Z 0041c090 f   moc_workmodels.obj
 0001:0001b140       ?qt_static_metacall@StatusViewWatcher@@CAXPAVQObject@@W4Call@QMetaObject@@HPAPAX@Z 0041c140 f   moc_workmodels.obj
 0001:0001b310       ?qt_static_metacall@TargetMachineObject@@CAXPAVQObject@@W4Call@QMetaObject@@HPAPAX@Z 0041c310 f   moc_workmodels.obj
 0001:0001b430       ?registerConverter@?$ValueTypeIsMetaType@V?$QList@H@@$00@QtPrivate@@SA_NH@Z 0041c430 f i moc_workmodels.obj
 0001:0001b4c0       ?registerConverter@?$ValueTypeIsMetaType@V?$QList@PAVQObject@@@@$00@QtPrivate@@SA_NH@Z 0041c4c0 f i moc_workmodels.obj
 0001:0001b550       ?setBoolValue@OperationParamObject@@QAEX_N@Z 0041c550 f i moc_workmodels.obj
 0001:0001b580       ?setBottomValue@OperationParamObject@@QAEXH@Z 0041c580 f i moc_workmodels.obj
 0001:0001b5b0       ?setDisplay@OperationParamObject@@QAEXABVQString@@@Z 0041c5b0 f i moc_workmodels.obj
 0001:0001b5f0       ?setFloatValue@OperationParamObject@@QAEXN@Z 0041c5f0 f i moc_workmodels.obj
 0001:0001b630       ?setIntListValue@OperationParamObject@@QAEXABV?$QList@H@@@Z 0041c630 f i moc_workmodels.obj
 0001:0001b710       ?setIntegerValue@OperationParamObject@@QAEXH@Z 0041c710 f i moc_workmodels.obj
 0001:0001b740       ?setName@OperationParamObject@@QAEXABVQString@@@Z 0041c740 f i moc_workmodels.obj
 0001:0001b780       ?setOperationName@SingleOperationObject@@QAEXABVQString@@@Z 0041c780 f i moc_workmodels.obj
 0001:0001b7c0       ?setParamListModel@PlanSelector@@QAEXABV?$QList@PAVQObject@@@@@Z 0041c7c0 f i moc_workmodels.obj
 0001:0001b8a0       ?setParamModel@OperationParamSelector@@QAEXABV?$QList@PAVQObject@@@@@Z 0041c8a0 f i moc_workmodels.obj
 0001:0001b980       ?setStringValue@OperationParamObject@@QAEXABVQString@@@Z 0041c980 f i moc_workmodels.obj
 0001:0001b9c0       ?setStringlistValue@OperationParamObject@@QAEXABVQStringList@@@Z 0041c9c0 f i moc_workmodels.obj
 0001:0001ba40       ?setSwitchValue@OperationParamObject@@QAEXABVQString@@@Z 0041ca40 f i moc_workmodels.obj
 0001:0001ba80       ?setTopValue@OperationParamObject@@QAEXH@Z 0041ca80 f i moc_workmodels.obj
 0001:0001bab0       ?setUnit@OperationParamObject@@QAEXABVQString@@@Z 0041cab0 f i moc_workmodels.obj
 0001:0001baf0       ?settype@OperationParamObject@@QAEXABVQString@@@Z 0041caf0 f i moc_workmodels.obj
 0001:0001bb30       ?statusChanged@StatusViewWatcher@@QAEXABVQJsonObject@@@Z 0041cb30 f   moc_workmodels.obj
 0001:0001bb60       ?stringListValue@OperationParamObject@@QBE?AVQStringList@@XZ 0041cb60 f i moc_workmodels.obj
 0001:0001bb80       ?stringValue@OperationParamObject@@QBE?AVQString@@XZ 0041cb80 f i moc_workmodels.obj
 0001:0001bba0       ?stringValueChanged@OperationParamObject@@QAEXXZ 0041cba0 f   moc_workmodels.obj
 0001:0001bbc0       ?stringlistValueChanged@OperationParamObject@@QAEXXZ 0041cbc0 f   moc_workmodels.obj
 0001:0001bbe0       ?switchValue@OperationParamObject@@QBE?AVQString@@XZ 0041cbe0 f i moc_workmodels.obj
 0001:0001bc00       ?switchValueChanged@OperationParamObject@@QAEXXZ 0041cc00 f   moc_workmodels.obj
 0001:0001bc20       ?taskStateChanged@PlanController@@QAEX_N@Z 0041cc20 f   moc_workmodels.obj
 0001:0001bc50       ?topValueChanged@OperationParamObject@@QAEXXZ 0041cc50 f   moc_workmodels.obj
 0001:0001bc70       ?type@OperationParamObject@@QBE?AVQString@@XZ 0041cc70 f i moc_workmodels.obj
 0001:0001bc90       ?typeChanged@OperationParamObject@@QAEXXZ 0041cc90 f   moc_workmodels.obj
 0001:0001bcb0       ?unit@OperationParamObject@@QBE?AVQString@@XZ 0041ccb0 f i moc_workmodels.obj
 0001:0001bcd0       ?workLocationTypeChanged@StatusViewWatcher@@QAEXXZ 0041ccd0 f   moc_workmodels.obj
 0001:0001bce4       _MiniDumpWriteDump@28      0041cce4 f   DbgHelp:dbghelp.dll
 0001:0001bcea       ?fixup@QValidator@@UBEXAAVQString@@@Z 0041ccea f   Qt5Gui:Qt5Gui.dll
 0001:0001bcf0       ?metaObject@QDoubleValidator@@UBEPBUQMetaObject@@XZ 0041ccf0 f   Qt5Gui:Qt5Gui.dll
 0001:0001bcf6       ?qt_metacall@QDoubleValidator@@UAEHW4Call@QMetaObject@@HPAPAX@Z 0041ccf6 f   Qt5Gui:Qt5Gui.dll
 0001:0001bcfc       ?qt_metacast@QDoubleValidator@@UAEPAXPBD@Z 0041ccfc f   Qt5Gui:Qt5Gui.dll
 0001:0001bd02       ?setRange@QDoubleValidator@@UAEXNNH@Z 0041cd02 f   Qt5Gui:Qt5Gui.dll
 0001:0001bd08       ?childEvent@QObject@@MAEXPAVQChildEvent@@@Z 0041cd08 f   Qt5Core:Qt5Core.dll
 0001:0001bd0e       ?connectNotify@QObject@@MAEXABVQMetaMethod@@@Z 0041cd0e f   Qt5Core:Qt5Core.dll
 0001:0001bd14       ?customEvent@QObject@@MAEXPAVQEvent@@@Z 0041cd14 f   Qt5Core:Qt5Core.dll
 0001:0001bd1a       ?disconnectNotify@QObject@@MAEXABVQMetaMethod@@@Z 0041cd1a f   Qt5Core:Qt5Core.dll
 0001:0001bd20       ?event@QObject@@UAE_NPAVQEvent@@@Z 0041cd20 f   Qt5Core:Qt5Core.dll
 0001:0001bd26       ?eventFilter@QObject@@UAE_NPAV1@PAVQEvent@@@Z 0041cd26 f   Qt5Core:Qt5Core.dll
 0001:0001bd2c       ?timerEvent@QObject@@MAEXPAVQTimerEvent@@@Z 0041cd2c f   Qt5Core:Qt5Core.dll
 0001:0001bd32       ?qRegisterResourceData@@YA_NHPBE00@Z 0041cd32 f   Qt5Core:Qt5Core.dll
 0001:0001bd38       ?qUnregisterResourceData@@YA_NHPBE00@Z 0041cd38 f   Qt5Core:Qt5Core.dll
 0001:0001bd3e       @__security_check_cookie@4 0041cd3e f   MSVCRT:_secchk_.obj
 0001:0001bd4f       ??2@YAPAXI@Z               0041cd4f f   MSVCRT:new_scalar.obj
 0001:0001bd82       ??3@YAXPAXI@Z              0041cd82 f   MSVCRT:delete_scalar_size.obj
 0001:0001be50       ??$__crt_fast_encode_pointer@P6GXPAU_RTL_CONDITION_VARIABLE@@@Z@@YAP6GXPAU_RTL_CONDITION_VARIABLE@@@ZQ6GX0@Z@Z 0041ce50 f i MSVCRT:thread_safe_statics.obj
 0001:0001be50       ??$__crt_fast_encode_pointer@P6GHPAU_RTL_CONDITION_VARIABLE@@PAU_RTL_CRITICAL_SECTION@@K@Z@@YAP6GHPAU_RTL_CONDITION_VARIABLE@@PAU_RTL_CRITICAL_SECTION@@K@ZQ6GH01K@Z@Z 0041ce50 f i MSVCRT:thread_safe_statics.obj
 0001:0001be89       __Init_thread_footer       0041ce89 f   MSVCRT:thread_safe_statics.obj
 0001:0001bec8       __Init_thread_header       0041cec8 f   MSVCRT:thread_safe_statics.obj
 0001:0001bf0e       __Init_thread_lock         0041cf0e f   MSVCRT:thread_safe_statics.obj
 0001:0001bf1a       __Init_thread_notify       0041cf1a f   MSVCRT:thread_safe_statics.obj
 0001:0001bf5b       __Init_thread_unlock       0041cf5b f   MSVCRT:thread_safe_statics.obj
 0001:0001bf67       __Init_thread_wait         0041cf67 f   MSVCRT:thread_safe_statics.obj
 0001:0001bfcc       ??_Gtype_info@@UAEPAXI@Z   0041cfcc f i MSVCRT:std_type_info_static.obj
 0001:0001bfcc       ??_Etype_info@@UAEPAXI@Z   0041cfcc f i MSVCRT:std_type_info_static.obj
 0001:0001c033       ___scrt_acquire_startup_lock 0041d033 f   MSVCRT:utility.obj
 0001:0001c068       ___scrt_initialize_crt     0041d068 f   MSVCRT:utility.obj
 0001:0001c0a1       ___scrt_initialize_onexit_tables 0041d0a1 f   MSVCRT:utility.obj
 0001:0001c138       ___scrt_is_nonwritable_in_current_image 0041d138 f   MSVCRT:utility.obj
 0001:0001c1c2       ___scrt_release_startup_lock 0041d1c2 f   MSVCRT:utility.obj
 0001:0001c1df       ___scrt_uninitialize_crt   0041d1df f   MSVCRT:utility.obj
 0001:0001c207       __onexit                   0041d207 f   MSVCRT:utility.obj
 0001:0001c242       _atexit                    0041d242 f   MSVCRT:utility.obj
 0001:0001c47d       _WinMainCRTStartup         0041d47d f   MSVCRT:exe_winmain.obj
 0001:0001c487       ___raise_securityfailure   0041d487 f   MSVCRT:gs_report.obj
 0001:0001c4af       ___report_gsfailure        0041d4af f   MSVCRT:gs_report.obj
 0001:0001c5aa       ??0bad_alloc@std@@QAE@ABV01@@Z 0041d5aa f i MSVCRT:throw_bad_alloc.obj
 0001:0001c5c5       ??0bad_alloc@std@@QAE@XZ   0041d5c5 f i MSVCRT:throw_bad_alloc.obj
 0001:0001c5dd       ??0bad_array_new_length@std@@QAE@ABV01@@Z 0041d5dd f i MSVCRT:throw_bad_alloc.obj
 0001:0001c5f8       ??0bad_array_new_length@std@@QAE@XZ 0041d5f8 f i MSVCRT:throw_bad_alloc.obj
 0001:0001c610       ??0exception@std@@QAE@ABV01@@Z 0041d610 f i MSVCRT:throw_bad_alloc.obj
 0001:0001c63c       ??1bad_alloc@std@@UAE@XZ   0041d63c f i MSVCRT:throw_bad_alloc.obj
 0001:0001c63c       ??1bad_array_new_length@std@@UAE@XZ 0041d63c f i MSVCRT:throw_bad_alloc.obj
 0001:0001c64d       ??_Ebad_array_new_length@std@@UAEPAXI@Z 0041d64d f i MSVCRT:throw_bad_alloc.obj
 0001:0001c64d       ??_Gexception@std@@UAEPAXI@Z 0041d64d f i MSVCRT:throw_bad_alloc.obj
 0001:0001c64d       ??_Eexception@std@@UAEPAXI@Z 0041d64d f i MSVCRT:throw_bad_alloc.obj
 0001:0001c64d       ??_Gbad_alloc@std@@UAEPAXI@Z 0041d64d f i MSVCRT:throw_bad_alloc.obj
 0001:0001c64d       ??_Ebad_alloc@std@@UAEPAXI@Z 0041d64d f i MSVCRT:throw_bad_alloc.obj
 0001:0001c64d       ??_Gbad_array_new_length@std@@UAEPAXI@Z 0041d64d f i MSVCRT:throw_bad_alloc.obj
 0001:0001c67a       ?__scrt_throw_std_bad_alloc@@YAXXZ 0041d67a f   MSVCRT:throw_bad_alloc.obj
 0001:0001c697       ?__scrt_throw_std_bad_array_new_length@@YAXXZ 0041d697 f   MSVCRT:throw_bad_alloc.obj
 0001:0001c6b4       ?what@exception@std@@UBEPBDXZ 0041d6b4 f i MSVCRT:throw_bad_alloc.obj
 0001:0001c6c1       ??3@YAXPAX@Z               0041d6c1 f   MSVCRT:delete_scalar.obj
 0001:0001c6c6       ___scrt_fastfail           0041d6c6 f   MSVCRT:utility_desktop.obj
 0001:0001c7e1       ___scrt_get_show_window_mode 0041d7e1 f   MSVCRT:utility_desktop.obj
 0001:0001c814       __get_startup_commit_mode  0041d814 f   MSVCRT:commit_mode.obj
 0001:0001c814       __matherr                  0041d814 f   MSVCRT:matherr.obj
 0001:0001c814       __get_startup_new_mode     0041d814 f   MSVCRT:new_mode.obj
 0001:0001c814       __get_startup_thread_locale_mode 0041d814 f   MSVCRT:thread_locale.obj
 0001:0001c814       ___scrt_initialize_winrt   0041d814 f   MSVCRT:utility_desktop.obj
 0001:0001c817       ___scrt_is_managed_app     0041d817 f   MSVCRT:utility_desktop.obj
 0001:0001c85b       ___scrt_set_unhandled_exception_filter 0041d85b f   MSVCRT:utility_desktop.obj
 0001:0001c867       ___scrt_unhandled_exception_filter@4 0041d867 f   MSVCRT:utility_desktop.obj
 0001:0001c8a8       @_guard_check_icall@4      0041d8a8 f i MSVCRT:checkcfg.obj
 0001:0001c8ae       ___isa_available_init      0041d8ae f   MSVCRT:_cpu_disp_.obj
 0001:0001ca48       __get_startup_argv_mode    0041da48 f   MSVCRT:argv_mode.obj
 0001:0001ca4c       ___scrt_is_ucrt_dll_in_use 0041da4c f   MSVCRT:ucrt_detection.obj
 0001:0001ca60       __SEH_prolog4              0041da60 f   MSVCRT:_sehprolg4_.obj
 0001:0001caa6       __SEH_epilog4              0041daa6 f   MSVCRT:_sehprolg4_.obj
 0001:0001cabb       __except_handler4          0041dabb f   MSVCRT:_chandler4gs_.obj
 0001:0001cade       ___security_init_cookie    0041dade f   MSVCRT:gs_support.obj
 0001:0001cb7a       __get_startup_file_mode    0041db7a f   MSVCRT:file_mode.obj
[...]
 0002:000534e8       __unwindtable$?qt_metatype_id@?$QMetaTypeIdQObject@PAVOperationParamSelector@@$07@@SAHXZ 004754e8     main.obj
 0002:000534f0       __ehfuncinfo$?qt_metatype_id@?$QMetaTypeIdQObject@PAVStatusViewWatcher@@$07@@SAHXZ 004754f0     main.obj
 0002:000534f0       __ehfuncinfo$?qt_metatype_id@?$QMetaTypeIdQObject@PAVPlanSelector@@$07@@SAHXZ 004754f0     main.obj
 0002:000534f0       __ehfuncinfo$?qt_metatype_id@?$QMetaTypeIdQObject@PAVPlanController@@$07@@SAHXZ 004754f0     main.obj
 0002:000534f0       __ehfuncinfo$?qt_metatype_id@?$QMetaTypeIdQObject@PAVOperationParamObject@@$07@@SAHXZ 004754f0     main.obj
 0002:000534f0       __ehfuncinfo$?qt_metatype_id@?$QMetaTypeIdQObject@PAVTextFieldDoubleValidator@@$07@@SAHXZ 004754f0     main.obj
 0002:000534f0       __ehfuncinfo$?qt_metatype_id@?$QMetaTypeIdQObject@PAVOperationParamSelector@@$07@@SAHXZ 004754f0     main.obj
 0002:00053514       __catchsym$??0?$QList@PAVQObject@@@@QAE@ABV0@@Z$7 00475514     workmodels.obj
 0002:00053514       __catchsym$??0?$QList@H@@QAE@ABV0@@Z$7 00475514     configfilehandler.obj
 0002:00053524       __unwindtable$??0?$QList@H@@QAE@ABV0@@Z 00475524     configfilehandler.obj
 0002:00053524       __unwindtable$??0?$QList@PAVQObject@@@@QAE@ABV0@@Z 00475524     workmodels.obj
 0002:00053534       __tryblocktable$??0?$QList@PAVQObject@@@@QAE@ABV0@@Z 00475534     workmodels.obj
 0002:00053534       __tryblocktable$??0?$QList@H@@QAE@ABV0@@Z 00475534     configfilehandler.obj
 0002:00053548       __ehfuncinfo$??0?$QList@H@@QAE@ABV0@@Z 00475548     configfilehandler.obj
 0002:00053548       __ehfuncinfo$??0?$QList@PAVQObject@@@@QAE@ABV0@@Z 00475548     workmodels.obj
 0002:0005356c       __catchsym$?append@?$QList@H@@QAEXABH@Z$9 0047556c     configfilehandler.obj
 0002:0005356c       __catchsym$?append@?$QList@PAVQObject@@@@QAEXABQAVQObject@@@Z$9 0047556c     workmodels.obj
 0002:0005357c       __tryblocktable$?append@?$QList@PAVQObject@@@@QAEXABQAVQObject@@@Z 0047557c     workmodels.obj
 0002:0005357c       __tryblocktable$?append@?$QList@H@@QAEXABH@Z 0047557c     configfilehandler.obj
 0002:00053590       __ehfuncinfo$?append@?$QList@PAVQObject@@@@QAEXABQAVQObject@@@Z 00475590     workmodels.obj
 0002:00053590       __ehfuncinfo$?append@?$QList@H@@QAEXABH@Z 00475590     configfilehandler.obj
 0002:000535b4       __unwindtable$?append@?$QList@PAVQObject@@@@QAEXABQAVQObject@@@Z 004755b4     workmodels.obj
 0002:000535b4       __unwindtable$?append@?$QList@H@@QAEXABH@Z 004755b4     configfilehandler.obj
 0002:000535e4       __catchsym$?detach_helper_grow@?$QList@PAVQObject@@@@AAEPAUNode@1@HH@Z$10 004755e4     workmodels.obj
 0002:000535e4       __catchsym$?detach_helper_grow@?$QList@H@@AAEPAUNode@1@HH@Z$10 004755e4     configfilehandler.obj
 0002:000535f4       __catchsym$?detach_helper_grow@?$QList@H@@AAEPAUNode@1@HH@Z$9 004755f4     configfilehandler.obj
 0002:000535f4       __catchsym$?detach_helper_grow@?$QList@PAVQObject@@@@AAEPAUNode@1@HH@Z$9 004755f4     workmodels.obj
 0002:00053604       __unwindtable$?detach_helper_grow@?$QList@PAVQObject@@@@AAEPAUNode@1@HH@Z 00475604     workmodels.obj
 0002:00053604       __unwindtable$?detach_helper_grow@?$QList@H@@AAEPAUNode@1@HH@Z 00475604     configfilehandler.obj
 0002:00053624       __ehfuncinfo$?detach_helper_grow@?$QList@H@@AAEPAUNode@1@HH@Z 00475624     configfilehandler.obj
 0002:00053624       __ehfuncinfo$?detach_helper_grow@?$QList@PAVQObject@@@@AAEPAUNode@1@HH@Z 00475624     workmodels.obj
 0002:00053648       __tryblocktable$?detach_helper_grow@?$QList@PAVQObject@@@@AAEPAUNode@1@HH@Z 00475648     workmodels.obj
 0002:00053648       __tryblocktable$?detach_helper_grow@?$QList@H@@AAEPAUNode@1@HH@Z 00475648     configfilehandler.obj
 0002:00053670       __ehfuncinfo$?setSelectedOperation@OperationParamSelector@@QAEXH@Z 00475670     workmodels.obj
 0002:00053694       __unwindtable$?setSelectedOperation@OperationParamSelector@@QAEXH@Z 00475694     workmodels.obj
 0002:000536fc       __ehfuncinfo$?onCompleteSingleOperation@OperationParamSelector@@QAEXXZ 004756fc     workmodels.obj
 0002:00053720       __unwindtable$?onCompleteSingleOperation@OperationParamSelector@@QAEXXZ 00475720     workmodels.obj
 0002:00053760       __unwindtable$??0PlanSelector@@QAE@PAVQObject@@@Z 00475760     workmodels.obj
 0002:00053780       __ehfuncinfo$??0PlanSelector@@QAE@PAVQObject@@@Z 00475780     workmodels.obj
 0002:000537a4       __unwindtable$??1PlanSelector@@UAE@XZ 004757a4     workmodels.obj
 0002:000537b4       __ehfuncinfo$??1PlanSelector@@UAE@XZ 004757b4     workmodels.obj
 0002:000537d8       __ehfuncinfo$?setSelectedStep@PlanSelector@@QAEXHH@Z 004757d8     workmodels.obj
 0002:000537fc       __unwindtable$?setSelectedStep@PlanSelector@@QAEXHH@Z 004757fc     workmodels.obj
 0002:00053864       __ehfuncinfo$?setSelectedOperation@PlanSelector@@QAEXHHH@Z 00475864     workmodels.obj
 0002:00053888       __unwindtable$?setSelectedOperation@PlanSelector@@QAEXHHH@Z 00475888     workmodels.obj
 0002:00053910       __unwindtable$?getSwitch@OperationParamSelector@@QAEPAVQObject@@ABVQString@@@Z 00475910     workmodels.obj
 0002:00053910       __unwindtable$?getSwitch@PlanSelector@@QAEPAVQObject@@ABVQString@@@Z 00475910     workmodels.obj
 0002:00053928       __ehfuncinfo$?getSwitch@PlanSelector@@QAEPAVQObject@@ABVQString@@@Z 00475928     workmodels.obj
 0002:00053928       __ehfuncinfo$?getSwitch@OperationParamSelector@@QAEPAVQObject@@ABVQString@@@Z 00475928     workmodels.obj
 0002:0005394c       __unwindtable$??_GStatusViewWatcher@@UAEPAXI@Z 0047594c     workmodels.obj
 0002:00053954       __ehfuncinfo$??_GStatusViewWatcher@@UAEPAXI@Z 00475954     workmodels.obj
 0002:00053978       __unwindtable$?onMachineConfigChanged@TargetMachineObject@@QAE_NXZ 00475978     workmodels.obj
 0002:00053980       __ehfuncinfo$?onMachineConfigChanged@TargetMachineObject@@QAE_NXZ 00475980     workmodels.obj
 0002:000539a4       __unwindtable$?getConfigFullName@@YA?AVQString@@PBD@Z 004759a4     main.obj
 0002:000539a4       __unwindtable$?exportConfigFile@ConfigFileConverter@@QAE_NABVQUrl@@@Z 004759a4     workmodels.obj
 0002:000539a4       __unwindtable$?importConfigFile@ConfigFileConverter@@QAE_NABVQUrl@@@Z 004759a4     workmodels.obj
 0002:000539ac       __ehfuncinfo$?importConfigFile@ConfigFileConverter@@QAE_NABVQUrl@@@Z 004759ac     workmodels.obj
 0002:000539ac       __ehfuncinfo$?getConfigFullName@@YA?AVQString@@PBD@Z 004759ac     main.obj
 0002:000539ac       __ehfuncinfo$?exportConfigFile@ConfigFileConverter@@QAE_NABVQUrl@@@Z 004759ac     workmodels.obj
 0002:000539d0       __unwindtable$??1?$QForeachContainer@V?$QList@VOperationParamData@@@@@@QAE@XZ 004759d0     configfilehandler.obj
 0002:000539d0       __unwindtable$??1?$QForeachContainer@$$CBV?$QList@VOperationParamData@@@@@@QAE@XZ 004759d0     environmentvariant.obj
 0002:000539d0       __unwindtable$??1?$QForeachContainer@V?$QList@PAVQObject@@@@@@QAE@XZ 004759d0     workmodels.obj
 0002:000539d8       __ehfuncinfo$??1?$QForeachContainer@V?$QList@VOperationParamData@@@@@@QAE@XZ 004759d8     configfilehandler.obj
 0002:000539d8       __ehfuncinfo$??1?$QForeachContainer@$$CBV?$QList@VOperationParamData@@@@@@QAE@XZ 004759d8     environmentvariant.obj
 0002:000539d8       __ehfuncinfo$??1?$QForeachContainer@V?$QList@PAVQObject@@@@@@QAE@XZ 004759d8     workmodels.obj
 0002:000539fc       __ehfuncinfo$?doCheck@SubThreadCheckWorker@@QAEXABVQJsonObject@@@Z 004759fc     workflowChecker.obj
 0002:00053a20       __unwindtable$?doCheck@SubThreadCheckWorker@@QAEXABVQJsonObject@@@Z 00475a20     workflowChecker.obj
 0002:00053b18       __ehfuncinfo$?configChecker@SubThreadCheckWorker@@QAEXABVQJsonArray@@@Z 00475b18     workflowChecker.obj
 0002:00053b3c       __unwindtable$?configChecker@SubThreadCheckWorker@@QAEXABVQJsonArray@@@Z 00475b3c     workflowChecker.obj
 0002:00053bc4       __ehfuncinfo$?CheckBoardConstraint@SubThreadCheckWorker@@IAE_NABVQJsonObject@@@Z 00475bc4     workflowChecker.obj
 0002:00053be8       __unwindtable$?CheckBoardConstraint@SubThreadCheckWorker@@IAE_NABVQJsonObject@@@Z 00475be8     workflowChecker.obj
 0002:00053c98       __ehfuncinfo$?CheckParamConstraint@SubThreadCheckWorker@@IAE_NABVQJsonObject@@@Z 00475c98     workflowChecker.obj
 0002:00053cbc       __unwindtable$?CheckParamConstraint@SubThreadCheckWorker@@IAE_NABVQJsonObject@@@Z 00475cbc     workflowChecker.obj
 0002:00053e24       __ehfuncinfo$??0WorkflowCheckerController@@QAE@PAVQObject@@@Z 00475e24     workflowChecker.obj
 0002:00053e48       __unwindtable$??0WorkflowCheckerController@@QAE@PAVQObject@@@Z 00475e48     workflowChecker.obj
 0002:00053e78       __unwindtable$??_GWorkflowCheckerController@@UAEPAXI@Z 00475e78     workflowChecker.obj
 0002:00053e78       __unwindtable$??4?$QList@H@@QAEAAV0@$$QAV0@@Z 00475e78     configfilehandler.obj
 0002:00053e78       __unwindtable$??1SubThreadWorker@@UAE@XZ 00475e78     workflowprotocol.obj
 0002:00053e78       __unwindtable$??4?$QList@PAVQObject@@@@QAEAAV0@$$QAV0@@Z 00475e78     workmodels.obj
 0002:00053e78       __unwindtable$??1?$QPair@VQString@@V?$QList@VSingleOperationData@@@@@@QAE@XZ 00475e78     configfilehandler.obj
 0002:00053e78       __unwindtable$??_GWorkflowController@@UAEPAXI@Z 00475e78     workflowprotocol.obj
 0002:00053e78       __unwindtable$??4SingleOperationData@@QAEAAV0@$$QAV0@@Z 00475e78     environmentvariant.obj
 0002:00053e78       __unwindtable$??_G?$QPair@VQString@@V?$QList@VSingleOperationData@@@@@@QAEPAXI@Z 00475e78     configfilehandler.obj
 0002:00053e78       __unwindtable$??4?$QList@U?$QPair@VQString@@V?$QList@VSingleOperationData@@@@@@@@QAEAAV0@$$QAV0@@Z 00475e78     configfilehandler.obj
 0002:00053e80       __ehfuncinfo$??4?$QList@U?$QPair@VQString@@V?$QList@VSingleOperationData@@@@@@@@QAEAAV0@$$QAV0@@Z 00475e80     configfilehandler.obj
 0002:00053e80       __ehfuncinfo$??4?$QList@H@@QAEAAV0@$$QAV0@@Z 00475e80     configfilehandler.obj
 0002:00053e80       __ehfuncinfo$??1SubThreadWorker@@UAE@XZ 00475e80     workflowprotocol.obj
 0002:00053e80       __ehfuncinfo$??4SingleOperationData@@QAEAAV0@$$QAV0@@Z 00475e80     environmentvariant.obj
 0002:00053e80       __ehfuncinfo$??1?$QPair@VQString@@V?$QList@VSingleOperationData@@@@@@QAE@XZ 00475e80     configfilehandler.obj
 0002:00053e80       __ehfuncinfo$??_G?$QPair@VQString@@V?$QList@VSingleOperationData@@@@@@QAEPAXI@Z 00475e80     configfilehandler.obj
 0002:00053e80       __ehfuncinfo$??_GWorkflowCheckerController@@UAEPAXI@Z 00475e80     workflowChecker.obj
 0002:00053e80       __ehfuncinfo$??_GWorkflowController@@UAEPAXI@Z 00475e80     workflowprotocol.obj
 0002:00053e80       __ehfuncinfo$??4?$QList@PAVQObject@@@@QAEAAV0@$$QAV0@@Z 00475e80     workmodels.obj
 0002:00053ea4       __unwindtable$?qt_metatype_id@?$QMetaTypeId@VQSequentialIterableImpl@QtMetaTypePrivate@@@@SAHXZ 00475ea4     moc_workmodels.obj
 0002:00053ea4       __unwindtable$?qt_metatype_id@?$QMetaTypeId@V?$QList@PAVQObject@@@@@@SAHXZ 00475ea4     moc_workmodels.obj
 0002:00053eac       __ehfuncinfo$?qt_metatype_id@?$QMetaTypeId@VQSequentialIterableImpl@QtMetaTypePrivate@@@@SAHXZ 00475eac     moc_workmodels.obj
 0002:00053eac       __ehfuncinfo$?qt_metatype_id@?$QMetaTypeId@V?$QList@PAVQObject@@@@@@SAHXZ 00475eac     moc_workmodels.obj
 0002:00053ed0       __unwindtable$?qt_static_metacall@OperationParamSelector@@CAXPAVQObject@@W4Call@QMetaObject@@HPAPAX@Z 00475ed0     moc_workmodels.obj
 0002:00053ed8       __ehfuncinfo$?qt_static_metacall@OperationParamSelector@@CAXPAVQObject@@W4Call@QMetaObject@@HPAPAX@Z 00475ed8     moc_workmodels.obj
 0002:00053efc       __unwindtable$?qt_static_metacall@PlanSelector@@CAXPAVQObject@@W4Call@QMetaObject@@HPAPAX@Z 00475efc     moc_workmodels.obj
 0002:00053f1c       __ehfuncinfo$?qt_static_metacall@PlanSelector@@CAXPAVQObject@@W4Call@QMetaObject@@HPAPAX@Z 00475f1c     moc_workmodels.obj
 0002:00053f40       __unwindtable$?setParamListModel@PlanSelector@@QAEXABV?$QList@PAVQObject@@@@@Z 00475f40     moc_workmodels.obj
 0002:00053f40       __unwindtable$?clear@?$QList@UloopControl@SubThreadWorker@@@@QAEXXZ 00475f40     workflowprotocol.obj
 0002:00053f40       __unwindtable$??4OperationParamData@@QAEAAV0@ABV0@@Z 00475f40     configfilehandler.obj
 0002:00053f40       __unwindtable$?setIntListValue@OperationParamObject@@QAEXABV?$QList@H@@@Z 00475f40     moc_workmodels.obj
 0002:00053f40       __unwindtable$?setParamModel@OperationParamSelector@@QAEXABV?$QList@PAVQObject@@@@@Z 00475f40     moc_workmodels.obj
 0002:00053f48       __ehfuncinfo$?setParamListModel@PlanSelector@@QAEXABV?$QList@PAVQObject@@@@@Z 00475f48     moc_workmodels.obj
 0002:00053f48       __ehfuncinfo$?setParamModel@OperationParamSelector@@QAEXABV?$QList@PAVQObject@@@@@Z 00475f48     moc_workmodels.obj
 0002:00053f48       __ehfuncinfo$?clear@?$QList@UloopControl@SubThreadWorker@@@@QAEXXZ 00475f48     workflowprotocol.obj
 0002:00053f48       __ehfuncinfo$?setIntListValue@OperationParamObject@@QAEXABV?$QList@H@@@Z 00475f48     moc_workmodels.obj
 0002:00053f48       __ehfuncinfo$??4OperationParamData@@QAEAAV0@ABV0@@Z 00475f48     configfilehandler.obj
 0002:00053f6c       __unwindtable$?qt_static_metacall@StatusViewWatcher@@CAXPAVQObject@@W4Call@QMetaObject@@HPAPAX@Z 00475f6c     moc_workmodels.obj
 0002:00053f7c       __ehfuncinfo$?qt_static_metacall@StatusViewWatcher@@CAXPAVQObject@@W4Call@QMetaObject@@HPAPAX@Z 00475f7c     moc_workmodels.obj
 0002:00053fa0       __unwindtable$?qt_metatype_id@?$QMetaTypeId@V?$QList@H@@@@SAHXZ 00475fa0     moc_workmodels.obj
 0002:00053fa8       __ehfuncinfo$?qt_metatype_id@?$QMetaTypeId@V?$QList@H@@@@SAHXZ 00475fa8     moc_workmodels.obj
 0002:00053fcc       __unwindtable$?Destruct@?$QMetaTypeFunctionHelper@V?$QList@PAVQObject@@@@$00@QtMetaTypePrivate@@SAXPAX@Z 00475fcc     moc_workmodels.obj
 0002:00053fcc       __unwindtable$?Destruct@?$QMetaTypeFunctionHelper@V?$QList@H@@$00@QtMetaTypePrivate@@SAXPAX@Z 00475fcc     moc_workmodels.obj
 0002:00053fcc       __unwindtable$??__Ff@?4??registerConverter@?$ValueTypeIsMetaType@V?$QList@PAVQObject@@@@$00@QtPrivate@@SA_NH@Z@YAXXZ 00475fcc     moc_workmodels.obj
 0002:00053fcc       __unwindtable$??__Ff@?4??registerConverter@?$ValueTypeIsMetaType@V?$QList@H@@$00@QtPrivate@@SA_NH@Z@YAXXZ 00475fcc     moc_workmodels.obj
 0002:00053fcc       __unwindtable$??__Fdummy@?A0x60b45615@@YAXXZ 00475fcc     qrc_qml.obj
 0002:00053fd4       __ehfuncinfo$??__Ff@?4??registerConverter@?$ValueTypeIsMetaType@V?$QList@H@@$00@QtPrivate@@SA_NH@Z@YAXXZ 00475fd4     moc_workmodels.obj
 0002:00053fd4       __ehfuncinfo$?Destruct@?$QMetaTypeFunctionHelper@V?$QList@PAVQObject@@@@$00@QtMetaTypePrivate@@SAXPAX@Z 00475fd4     moc_workmodels.obj
 0002:00053fd4       __ehfuncinfo$?Destruct@?$QMetaTypeFunctionHelper@V?$QList@H@@$00@QtMetaTypePrivate@@SAXPAX@Z 00475fd4     moc_workmodels.obj
 0002:00053fd4       __ehfuncinfo$??__Ff@?4??registerConverter@?$ValueTypeIsMetaType@V?$QList@PAVQObject@@@@$00@QtPrivate@@SA_NH@Z@YAXXZ 00475fd4     moc_workmodels.obj
 0002:00053fd4       __ehfuncinfo$??__Fdummy@?A0x60b45615@@YAXXZ 00475fd4     qrc_qml.obj
 0002:00053ff8       __unwindtable$?Construct@?$QMetaTypeFunctionHelper@V?$QList@PAVQObject@@@@$00@QtMetaTypePrivate@@SAPAXPAXPBX@Z 00475ff8     moc_workmodels.obj
 0002:00053ff8       __unwindtable$?Construct@?$QMetaTypeFunctionHelper@V?$QList@H@@$00@QtMetaTypePrivate@@SAPAXPAXPBX@Z 00475ff8     moc_workmodels.obj
 0002:00054000       __ehfuncinfo$?Construct@?$QMetaTypeFunctionHelper@V?$QList@PAVQObject@@@@$00@QtMetaTypePrivate@@SAPAXPAXPBX@Z 00476000     moc_workmodels.obj
 0002:00054000       __ehfuncinfo$?Construct@?$QMetaTypeFunctionHelper@V?$QList@H@@$00@QtMetaTypePrivate@@SAPAXPAXPBX@Z 00476000     moc_workmodels.obj
 0002:00054028       __sehtable$___scrt_is_nonwritable_in_current_image 00476028     MSVCRT:utility.obj
 0002:00054048       __sehtable$?__scrt_common_main_seh@@YAHXZ 00476048     MSVCRT:exe_winmain.obj
 0002:000547b4       .idata$6                   004767b4     DbgHelp:dbghelp.dll
 0002:000548b8       .idata$6                   004768b8     Qt5Quick:Qt5Quick.dll
 0002:00054c10       .idata$6                   00476c10     Qt5Gui:Qt5Gui.dll
 0002:00054d6c       .idata$6                   00476d6c     Qt5Qml:Qt5Qml.dll
 0002:00054e7e       .idata$6                   00476e7e     Qt5Network:Qt5Network.dll
 0002:000571e8       .idata$6                   004791e8     Qt5Core:Qt5Core.dll
 0002:000573da       .idata$6                   004793da     kernel32:KERNEL32.dll
 0002:000574be       .idata$6                   004794be     vcruntime:VCRUNTIME140.dll
 0002:0005769e       .idata$6                   0047969e     ucrt:api-ms-win-crt-heap-l1-1-0.dll
 0002:000576be       .idata$6                   004796be     ucrt:api-ms-win-crt-runtime-l1-1-0.dll
 0002:000576e0       .idata$6                   004796e0     ucrt:api-ms-win-crt-math-l1-1-0.dll
 0002:00057700       .idata$6                   00479700     ucrt:api-ms-win-crt-stdio-l1-1-0.dll
 0002:00057720       .idata$6                   00479720     ucrt:api-ms-win-crt-locale-l1-1-0.dll
 0002:00057758       .idata$6                   00479758     shell32:SHELL32.dll
 0003:00000708       ?_Tss_mutex@@3U_RTL_CRITICAL_SECTION@@A 0047a708     MSVCRT:thread_safe_statics.obj
 0003:00000720       ?_Tss_cv@@3U_RTL_CONDITION_VARIABLE@@A 0047a720     MSVCRT:thread_safe_statics.obj
 0003:00000724       ?_Tss_event@@3PAXA         0047a724     MSVCRT:thread_safe_statics.obj
 0003:00000728       ?encoded_sleep_condition_variable_cs@@3P6GHPAU_RTL_CONDITION_VARIABLE@@PAU_RTL_CRITICAL_SECTION@@K@ZA 0047a728     MSVCRT:thread_safe_statics.obj
 0003:0000072c       ?encoded_wake_all_condition_variable@@3P6GXPAU_RTL_CONDITION_VARIABLE@@@ZA 0047a72c     MSVCRT:thread_safe_statics.obj
 0003:0000073c       ?module_local_atexit_table@@3U_onexit_table_t@@A 0047a73c     MSVCRT:utility.obj
 0003:00000748       ?module_local_at_quick_exit_table@@3U_onexit_table_t@@A 0047a748     MSVCRT:utility.obj
 0003:00000754       ?is_initialized_as_dll@@3_NA 0047a754     MSVCRT:utility.obj
 0003:00000758       _GS_ExceptionRecord        0047a758     MSVCRT:gs_report.obj
 0003:000007a8       _GS_ContextRecord          0047a7a8     MSVCRT:gs_report.obj
 0005:00000000       __guard_fids__             0047c000     MSVCRT:thread_safe_statics.obj
 0005:00000004       __guard_fids_?__scrt_initialize_thread_safe_statics@@YAHXZ 0047c004     MSVCRT:thread_safe_statics.obj
 0005:00000008       __guard_fids__             0047c008     MSVCRT:std_type_info_static.obj
 0005:0000000c       __guard_fids__             0047c00c     MSVCRT:exe_winmain.obj
 0005:00000010       __guard_fids__             0047c010     MSVCRT:exe_winmain.obj
 0005:00000014       __guard_fids__             0047c014     MSVCRT:exe_winmain.obj
 0005:00000018       __guard_fids_?pre_c_initialization@@YAHXZ 0047c018     MSVCRT:exe_winmain.obj
 0005:00000020       __guard_fids__             0047c020     MSVCRT:throw_bad_alloc.obj
 0005:00000028       __guard_fids__             0047c028     MSVCRT:throw_bad_alloc.obj
 0005:00000030       __guard_fids__             0047c030     MSVCRT:throw_bad_alloc.obj
 0005:00000038       __guard_fids__             0047c038     MSVCRT:throw_bad_alloc.obj
 0005:0000003c       __guard_fids__             0047c03c     MSVCRT:throw_bad_alloc.obj
 0005:00000040       __guard_fids__             0047c040     MSVCRT:throw_bad_alloc.obj
 0005:00000044       __guard_fids__             0047c044     MSVCRT:throw_bad_alloc.obj
 0005:00000048       __guard_fids__             0047c048     MSVCRT:throw_bad_alloc.obj
 0005:0000004c       __guard_fids____scrt_set_unhandled_exception_filter 0047c04c     MSVCRT:utility_desktop.obj
 0005:00000050       __guard_fids___except_handler4 0047c050     MSVCRT:_chandler4gs_.obj
 0005:00000054       __guard_fids__             0047c054     MSVCRT:guard_support.obj
 0006:00000060       $R000000                   0047d060     * linker generated manifest res *
