 MindGoTool_AllInOne

 Timestamp is 598c8b11 (Fri Aug 11 00:34:25 2017)

 Preferred load address is 00400000

 Start         Length     Name                   Class
 0001:00000000 00000120H .text$di                CODE
 0001:00000120 0001d580H .text$mn                CODE
 0001:0001d6a0 00003b80H .text$x                 CODE
 0001:00021220 000000fdH .text$yd                CODE
 0002:00000000 00000574H .idata$5                DATA
 0002:00000574 00000004H .00cfg                  DATA
 0002:00000578 00000004H .CRT$XCA                DATA
 0002:0000057c 00000004H .CRT$XCAA               DATA
 0002:00000580 00000040H .CRT$XCU                DATA
 0002:000005c0 00000004H .CRT$XCZ                DATA
 0002:000005c4 00000004H .CRT$XIA                DATA
 0002:000005c8 00000004H .CRT$XIAA               DATA
 0002:000005cc 00000004H .CRT$XIAC               DATA
 0002:000005d0 00000004H .CRT$XIC                DATA
 0002:000005d4 00000004H .CRT$XIZ                DATA
 0002:000005d8 00000004H .CRT$XLA                DATA
 0002:000005dc 00000004H .CRT$XLZ                DATA
 0002:000005e0 00000004H .CRT$XPA                DATA
 0002:000005e4 00000004H .CRT$XPZ                DATA
 0002:000005e8 00000004H .CRT$XTA                DATA
 0002:000005ec 00000004H .CRT$XTZ                DATA
 0002:000005f0 0004f2a4H .rdata                  DATA
 0002:0004f894 00000018H .rdata$T                DATA
 0002:0004f8ac 000009f4H .rdata$r                DATA
 0002:000502a0 00000258H .rdata$sxdata           DATA
 0002:000504f8 000003ccH .rdata$zzzdbg           DATA
 0002:000508c4 00000004H .rtc$IAA                DATA
 0002:000508c8 00000004H .rtc$IZZ                DATA
 0002:000508cc 00000004H .rtc$TAA                DATA
 0002:000508d0 00000008H .rtc$TZZ                DATA
 0002:000508d8 0000449cH .xdata$x                DATA
 0002:00054d74 00000000H .edata                  DATA
 0002:00054d74 00000118H .idata$2                DATA
 0002:00054e8c 00000014H .idata$3                DATA
 0002:00054ea0 00000574H .idata$4                DATA
 0002:00055414 00002f96H .idata$6                DATA
 0003:00000000 00000198H .data                   DATA
 0003:00000198 00000528H .data$r                 DATA
 0003:000006c0 00000420H .bss                    DATA
 0004:00000000 00000004H .tls                    DATA
 0004:00000004 00000004H .tls$                   DATA
 0004:00000008 00000001H .tls$ZZZ                DATA
 0005:00000000 00000058H .gfids$y                DATA
 0006:00000000 00000060H .rsrc$01                DATA
 0006:00000060 00000290H .rsrc$02                DATA

  Address         Publics by Value              Rva+Base       Lib:Object

 0000:00000000       ___guard_iat_count         00000000     <absolute>
 0000:00000000       ___guard_iat_table         00000000     <absolute>
 0000:00000000       ___guard_fids_table        00000000     <absolute>
 0000:00000000       ___guard_longjmp_table     00000000     <absolute>
 0000:00000000       ___guard_longjmp_count     00000000     <absolute>
 0000:00000000       ___guard_fids_count        00000000     <absolute>
 0000:00000000       ___dynamic_value_reloc_table 00000000     <absolute>
 0000:0000002c       __tls_array                0000002c     <absolute>
 0000:00000096       ___safe_se_handler_count   00000096     <absolute>
 0000:00000100       ___guard_flags             00000100     <absolute>
 0000:00000000       ___ImageBase               00400000     <linker-defined>
 0001:00000120       ??0Communication@@QAE@XZ   00401120 f   communication.obj
 0001:00000140       ?connectToServer@Communication@@QAE_NABVQString@@G@Z 00401140 f   communication.obj
 0001:00000260       ?disconnect@Communication@@QAEXXZ 00401260 f   communication.obj
 0001:00000280       ?readData@Communication@@QAE?AVQByteArray@@H@Z 00401280 f   communication.obj
 0001:00000300       ?write@Communication@@QAE_JABVQByteArray@@@Z 00401300 f   communication.obj
 0001:00000350       ??$connect@P8QThread@@AEXUQPrivateSignal@1@@ZP8QObject@@AEXXZ@QObject@@SA?AVConnection@QMetaObject@@PBVQThread@@P83@AEXUQPrivateSignal@3@@ZPBV0@P80@AEXXZW4ConnectionType@Qt@@@Z 00401350 f i workflowprotocol.obj
 0001:000003b0       ??$connect@P8SubThreadWorker@@AEXABVQJsonObject@@@ZP8WorkflowController@@AEX0@Z@QObject@@SA?AVConnection@QMetaObject@@PBVSubThreadWorker@@P83@AEXABVQJsonObject@@@ZPBVWorkflowController@@P85@AEX1@ZW4ConnectionType@Qt@@@Z 004013b0 f i workflowprotocol.obj
 0001:00000420       ??$connect@P8SubThreadWorker@@AEX_NH@ZP8WorkflowController@@AEX0H@Z@QObject@@SA?AVConnection@QMetaObject@@PBVSubThreadWorker@@P83@AEX_NH@ZPBVWorkflowController@@P84@AEX1H@ZW4ConnectionType@Qt@@@Z 00401420 f i workflowprotocol.obj
 0001:00000490       ??$connect@P8WorkflowController@@AEXABVQJsonObject@@@ZP8SubThreadWorker@@AEX0@Z@QObject@@SA?AVConnection@QMetaObject@@PBVWorkflowController@@P83@AEXABVQJsonObject@@@ZPBVSubThreadWorker@@P85@AEX1@ZW4ConnectionType@Qt@@@Z 00401490 f i workflowprotocol.obj
 0001:00000500       ??$connect@P8WorkflowController@@AEXABVQString@@@ZP8SubThreadWorker@@AEX0@Z@QObject@@SA?AVConnection@QMetaObject@@PBVWorkflowController@@P83@AEXABVQString@@@ZPBVSubThreadWorker@@P85@AEX1@ZW4ConnectionType@Qt@@@Z 00401500 f i workflowprotocol.obj
 0001:00000570       ??$connect@P8WorkflowController@@AEXABVQString@@G@ZP8SubThreadWorker@@AEX0G@Z@QObject@@SA?AVConnection@QMetaObject@@PBVWorkflowController@@P83@AEXABVQString@@G@ZPBVSubThreadWorker@@P85@AEX1G@ZW4ConnectionType@Qt@@@Z 00401570 f i workflowprotocol.obj
 0001:000005e0       ??$connect@P8WorkflowController@@AEXXZP8SubThreadWorker@@AEXXZ@QObject@@SA?AVConnection@QMetaObject@@PBVWorkflowController@@P83@AEXXZPBVSubThreadWorker@@P84@AEXXZW4ConnectionType@Qt@@@Z 004015e0 f i workflowprotocol.obj
 0001:00000640       ??$formatWord@E@WorkflowProtocol@@IAE?AVQByteArray@@E@Z 00401640 f i workflowprotocol.obj
 0001:00000670       ??$formatWord@G@WorkflowProtocol@@IAE?AVQByteArray@@G@Z 00401670 f i workflowprotocol.obj
 0001:000006a0       ??0?$QList@VQString@@@@QAE@ABV0@@Z 004016a0 f i workflowprotocol.obj
 0001:00000750       ??0WorkflowController@@QAE@PAVQObject@@@Z 00401750 f   workflowprotocol.obj
 0001:00000940       ??1?$QForeachContainer@$$CBVQStringList@@@@QAE@XZ 00401940 f i environmentvariant.obj
 0001:00000940       ??1QStringList@@QAE@XZ     00401940 f i workflowprotocol.obj
 0001:00000940       ??1?$QForeachContainer@VQStringList@@@@QAE@XZ 00401940 f i workflowprotocol.obj
 0001:00000950       ??1?$QList@VQString@@@@QAE@XZ 00401950 f i workflowprotocol.obj
 0001:000009e0       ??1Communication@@QAE@XZ   004019e0 f i workflowprotocol.obj
 0001:000009f0       ??1SubThreadWorker@@UAE@XZ 004019f0 f   workflowprotocol.obj
 0001:00000a90       ??1WorkflowController@@UAE@XZ 00401a90 f   workflowprotocol.obj
 0001:00000b00       ??4?$QList@UloopControl@SubThreadWorker@@@@QAEAAV0@$$QAV0@@Z 00401b00 f i workflowprotocol.obj
 0001:00000bb0       ??_ERunningStateChangeEvent@@UAEPAXI@Z 00401bb0 f i workflowprotocol.obj
 0001:00000bb0       ??_GRunningStateChangeEvent@@UAEPAXI@Z 00401bb0 f i workflowprotocol.obj
 0001:00000be0       ??_GStatusChangeEvent@@UAEPAXI@Z 00401be0 f i workflowprotocol.obj
 0001:00000be0       ??_ECheckStateChangeEvent@@UAEPAXI@Z 00401be0 f i workflowChecker.obj
 0001:00000be0       ??_EStatusChangeEvent@@UAEPAXI@Z 00401be0 f i workflowprotocol.obj
 0001:00000be0       ??_GCheckStateChangeEvent@@UAEPAXI@Z 00401be0 f i workflowChecker.obj
 0001:00000c10       ??_ESubThreadWorker@@UAEPAXI@Z 00401c10 f i workflowprotocol.obj
 0001:00000c10       ??_GSubThreadWorker@@UAEPAXI@Z 00401c10 f i workflowprotocol.obj
 0001:00000c30       ??_GWorkflowController@@UAEPAXI@Z 00401c30 f i workflowprotocol.obj
 0001:00000c30       ??_EWorkflowController@@UAEPAXI@Z 00401c30 f i workflowprotocol.obj
 0001:00000cc0       ?append@?$QList@UloopControl@SubThreadWorker@@@@QAEXABUloopControl@SubThreadWorker@@@Z 00401cc0 f i workflowprotocol.obj
 0001:00000d70       ?append@?$QList@VQString@@@@QAEXABVQString@@@Z 00401d70 f i workflowprotocol.obj
 0001:00000e20       ?changeHost@SubThreadWorker@@QAEXABVQString@@G@Z 00401e20 f   workflowprotocol.obj
 0001:00000e40       ?clear@?$QList@UloopControl@SubThreadWorker@@@@QAEXXZ 00401e40 f i workflowprotocol.obj
 0001:00000ee0       ?configProtocol@SubThreadWorker@@QAEXABVQString@@@Z 00401ee0 f   workflowprotocol.obj
 0001:00000ef0       ?dealloc@?$QList@UloopControl@SubThreadWorker@@@@AAEXPAUData@QListData@@@Z 00401ef0 f i workflowprotocol.obj
 0001:00000f40       ?detach_helper@?$QList@UloopControl@SubThreadWorker@@@@AAEXH@Z 00401f40 f i workflowprotocol.obj
 0001:00001010       ?detach_helper_grow@?$QList@UloopControl@SubThreadWorker@@@@AAEPAUNode@1@HH@Z 00402010 f i workflowprotocol.obj
 0001:00001160       ?detach_helper_grow@?$QList@VQString@@@@AAEPAUNode@1@HH@Z 00402160 f i workflowprotocol.obj
 0001:000012e0       ?doTunning@SubThreadWorker@@QAEXABVQJsonObject@@@Z 004022e0 f   workflowprotocol.obj
 0001:00001410       ?doWork@SubThreadWorker@@QAEXABVQJsonObject@@@Z 00402410 f   workflowprotocol.obj
 0001:00001740       ?erase@?$QList@UloopControl@SubThreadWorker@@@@QAE?AViterator@1@V21@@Z 00402740 f i workflowprotocol.obj
 0001:000017c0       ?formatRecvFrameToJsonObject@WorkflowProtocol@@QAE_NAAVQJsonObject@@@Z 004027c0 f   workflowprotocol.obj
 0001:00001860       ?handleControlCommand@SubThreadWorker@@IAE_NAAVCommunication@@AAVQJsonObject@@@Z 00402860 f   workflowprotocol.obj
 0001:00002200       ?handleLogicalCommand@SubThreadWorker@@IAE_NAAVQJsonObject@@AAH@Z 00403200 f   workflowprotocol.obj
 0001:00002970       ?handleLoopCommand@SubThreadWorker@@IAE_NAAVQJsonObject@@AAH@Z 00403970 f   workflowprotocol.obj
 0001:00003100       ?impl@?$QSlotObject@P8StatusViewWatcher@@AEXXZU?$List@$$V@QtPrivate@@X@QtPrivate@@CAXHPAVQSlotObjectBase@2@PAVQObject@@PAPAXPA_N@Z 00404100 f i workmodels.obj
 0001:00003100       ?impl@?$QSlotObject@P8SubThreadCheckWorker@@AEXXZU?$List@$$V@QtPrivate@@X@QtPrivate@@CAXHPAVQSlotObjectBase@2@PAVQObject@@PAPAXPA_N@Z 00404100 f i workflowChecker.obj
 0001:00003100       ?impl@?$QSlotObject@P8QObject@@AEXXZU?$List@$$V@QtPrivate@@X@QtPrivate@@CAXHPAVQSlotObjectBase@2@PAVQObject@@PAPAXPA_N@Z 00404100 f i workflowprotocol.obj
 0001:00003100       ?impl@?$QSlotObject@P8SubThreadWorker@@AEXXZU?$List@$$V@QtPrivate@@X@QtPrivate@@CAXHPAVQSlotObjectBase@2@PAVQObject@@PAPAXPA_N@Z 00404100 f i workflowprotocol.obj
 0001:00003150       ?impl@?$QSlotObject@P8SubThreadWorker@@AEXABVQString@@G@ZU?$List@ABVQString@@G@QtPrivate@@X@QtPrivate@@CAXHPAVQSlotObjectBase@2@PAVQObject@@PAPAXPA_N@Z 00404150 f i workflowprotocol.obj
 0001:000031b0       ?impl@?$QSlotObject@P8WorkflowController@@AEX_NH@ZU?$List@_NH@QtPrivate@@X@QtPrivate@@CAXHPAVQSlotObjectBase@2@PAVQObject@@PAPAXPA_N@Z 004041b0 f i workflowprotocol.obj
 0001:00003210       ?init@WorkflowController@@QAEXABVQString@@@Z 00404210 f   workflowprotocol.obj
 0001:00003220       ?initProtocol@WorkflowProtocol@@QAE_NABVQString@@@Z 00404220 f   workflowprotocol.obj
 0001:00003370       ?isLogicalCommand@SubThreadWorker@@IAE_NABVQString@@@Z 00404370 f   workflowprotocol.obj
 0001:00003590       ?isLoopCommand@SubThreadWorker@@IAE_NABVQString@@@Z 00404590 f   workflowprotocol.obj
 0001:000037e0       ?node_copy@?$QList@UloopControl@SubThreadWorker@@@@AAEXPAUNode@1@00@Z 004047e0 f i workflowprotocol.obj
 0001:00003880       ?node_copy@?$QList@VQString@@@@AAEXPAUNode@1@00@Z 00404880 f i workflowprotocol.obj
 0001:000038c0       ?node_destruct@?$QList@UloopControl@SubThreadWorker@@@@AAEXPAUNode@1@0@Z 004048c0 f i workflowprotocol.obj
 0001:000038f0       ?node_destruct@?$QList@VQString@@@@AAEXPAUNode@1@0@Z 004048f0 f i workflowprotocol.obj
 0001:00003920       ?parseAckFrame@WorkflowProtocol@@QAE_NABVQByteArray@@AAVQJsonObject@@@Z 00404920 f   workflowprotocol.obj
 0001:00003a00       ?parseJsonObjectToSendFrame@WorkflowProtocol@@QAE_NABVQJsonObject@@AAV2@@Z 00404a00 f   workflowprotocol.obj
 0001:00004090       ?pop_back@?$QList@UloopControl@SubThreadWorker@@@@QAEXXZ 00405090 f i workflowprotocol.obj
 0001:000040d0       ?runTask@WorkflowController@@QAEXABVQJsonObject@@@Z 004050d0 f   workflowprotocol.obj
 0001:00004120       ?runTunning@WorkflowController@@QAEXABVQJsonObject@@@Z 00405120 f   workflowprotocol.obj
 0001:00004170       ?serializeSendFrame@WorkflowProtocol@@QAE?AVQByteArray@@XZ 00405170 f   workflowprotocol.obj
 0001:000042d0       ?sethost@WorkflowController@@QAEXABVQString@@G@Z 004052d0 f   workflowprotocol.obj
 0001:000042e0       ?statusChanged@WorkflowController@@QAEXABVQJsonObject@@@Z 004052e0 f   workflowprotocol.obj
 0001:00004380       ?stopCurrentTask@WorkflowController@@QAEXXZ 00405380 f   workflowprotocol.obj
 0001:000043a0       ?stopTask@SubThreadWorker@@QAEXXZ 004053a0 f   workflowprotocol.obj
 0001:000043b0       ?taskStateChanged@WorkflowController@@QAEX_NH@Z 004053b0 f   workflowprotocol.obj
 0001:00004440       ?types@?$ConnectionTypes@U?$List@ABVQJsonObject@@@QtPrivate@@$00@QtPrivate@@SAPBHXZ 00405440 f i workflowprotocol.obj
 0001:000044a0       ?types@?$ConnectionTypes@U?$List@ABVQString@@@QtPrivate@@$00@QtPrivate@@SAPBHXZ 004054a0 f i workflowprotocol.obj
 0001:00004500       ?types@?$ConnectionTypes@U?$List@ABVQString@@G@QtPrivate@@$00@QtPrivate@@SAPBHXZ 00405500 f i workflowprotocol.obj
 0001:00004570       ?types@?$ConnectionTypes@U?$List@_NH@QtPrivate@@$00@QtPrivate@@SAPBHXZ 00405570 f i workflowprotocol.obj
 0001:000045e0       ?unserializeRecvFrame@WorkflowProtocol@@QAEXABVQByteArray@@@Z 004055e0 f   workflowprotocol.obj
 0001:00004720       ??$qMakePair@VQString@@V?$QList@VSingleOperationData@@@@@@YA?AU?$QPair@VQString@@V?$QList@VSingleOperationData@@@@@@ABVQString@@ABV?$QList@VSingleOperationData@@@@@Z 00405720 f i configfilehandler.obj
 0001:00004780       ??0?$QList@VOperationParamData@@@@QAE@ABV0@@Z 00405780 f i configfilehandler.obj
 0001:00004830       ??0?$QList@VSingleOperationData@@@@QAE@ABV0@@Z 00405830 f i configfilehandler.obj
 0001:000048e0       ??0OperationParamData@@QAE@ABV0@@Z 004058e0 f i configfilehandler.obj
 0001:00004a50       ??0OperationParamData@@QAE@ABVQString@@00ABVQStringList@@_NHH0V?$QList@H@@00HH@Z 00405a50 f i configfilehandler.obj
 0001:00004bf0       ??0OperationParamData@@QAE@XZ 00405bf0 f i configfilehandler.obj
 0001:00004c60       ??0SingleOperationData@@QAE@ABV0@@Z 00405c60 f i configfilehandler.obj
 0001:00004cd0       ??0configFileHandler@@QAE@PAVQObject@@@Z 00405cd0 f   configfilehandler.obj
 0001:00004d30       ??1?$QForeachContainer@$$CBV?$QList@VOperationParamData@@@@@@QAE@XZ 00405d30 f i environmentvariant.obj
 0001:00004d30       ??1?$QForeachContainer@V?$QList@VOperationParamData@@@@@@QAE@XZ 00405d30 f i configfilehandler.obj
 0001:00004d90       ??1?$QList@PAVQObject@@@@QAE@XZ 00405d90 f i main.obj
 0001:00004d90       ??1?$QList@H@@QAE@XZ       00405d90 f i configfilehandler.obj
 0001:00004df0       ??1?$QList@U?$QPair@VQString@@V?$QList@VSingleOperationData@@@@@@@@QAE@XZ 00405df0 f i configfilehandler.obj
 0001:00004e70       ??1?$QList@VOperationParamData@@@@QAE@XZ 00405e70 f i configfilehandler.obj
 0001:00004ed0       ??1?$QList@VQByteArray@@@@QAE@XZ 00405ed0 f i configfilehandler.obj
 0001:00004f60       ??1?$QList@VSingleOperationData@@@@QAE@XZ 00405f60 f i configfilehandler.obj
 0001:00004fe0       ??1?$QMap@VQString@@V1@@@QAE@XZ 00405fe0 f i configfilehandler.obj
 0001:00005060       ??1?$QMap@VQString@@VOperationParamData@@@@QAE@XZ 00406060 f i configfilehandler.obj
 0001:00005100       ??1?$QMap@VQString@@VQStringList@@@@QAE@XZ 00406100 f i configfilehandler.obj
 0001:000051a0       ??1?$QPair@VQString@@V?$QList@VSingleOperationData@@@@@@QAE@XZ 004061a0 f i configfilehandler.obj
 0001:00005230       ??1OperationParamData@@QAE@XZ 00406230 f i configfilehandler.obj
 0001:000052e0       ??1QJsonValuePtr@@QAE@XZ   004062e0 f i configfilehandler.obj
 0001:000052f0       ??1SingleOperationData@@QAE@XZ 004062f0 f i configfilehandler.obj
 0001:00005360       ??1configFileHandler@@UAE@XZ 00406360 f i configfilehandler.obj
 0001:00005380       ?Destruct@?$QMetaTypeFunctionHelper@PAVStatusViewWatcher@@$00@QtMetaTypePrivate@@SAXPAX@Z 00406380 f i main.obj
 0001:00005380       ?Destruct@?$QMetaTypeFunctionHelper@V?$QQmlListProperty@VTextFieldDoubleValidator@@@@$00@QtMetaTypePrivate@@SAXPAX@Z 00406380 f i main.obj
 0001:00005380       @_guard_check_icall_nop@4  00406380 f i MSVCRT:guard_support.obj
 0001:00005380       ?Destruct@?$QMetaTypeFunctionHelper@V?$QQmlListProperty@VPlanSelector@@@@$00@QtMetaTypePrivate@@SAXPAX@Z 00406380 f i main.obj
 0001:00005380       ?Destruct@?$QMetaTypeFunctionHelper@PAVPlanController@@$00@QtMetaTypePrivate@@SAXPAX@Z 00406380 f i main.obj
 0001:00005380       ?Destruct@?$QMetaTypeFunctionHelper@V?$QQmlListProperty@VOperationParamSelector@@@@$00@QtMetaTypePrivate@@SAXPAX@Z 00406380 f i main.obj
 0001:00005380       ?Destruct@?$QMetaTypeFunctionHelper@V?$QQmlListProperty@VPlanController@@@@$00@QtMetaTypePrivate@@SAXPAX@Z 00406380 f i main.obj
 0001:00005380       ?Destruct@?$QMetaTypeFunctionHelper@PAVOperationParamSelector@@$00@QtMetaTypePrivate@@SAXPAX@Z 00406380 f i main.obj
 0001:00005380       __initialize_invalid_parameter_handler 00406380 f i MSVCRT:invalid_parameter_handler.obj
 0001:00005380       ?Destruct@?$QMetaTypeFunctionHelper@V?$QQmlListProperty@VStatusViewWatcher@@@@$00@QtMetaTypePrivate@@SAXPAX@Z 00406380 f i main.obj
 0001:00005380       ?Destruct@?$QMetaTypeFunctionHelper@PAVPlanSelector@@$00@QtMetaTypePrivate@@SAXPAX@Z 00406380 f i main.obj
 0001:00005380       ?qt_static_metacall@configFileHandler@@CAXPAVQObject@@W4Call@QMetaObject@@HPAPAX@Z 00406380 f i moc_configfilehandler.obj
 0001:00005380       ?Destruct@?$QMetaTypeFunctionHelper@PAVOperationParamObject@@$00@QtMetaTypePrivate@@SAXPAX@Z 00406380 f i main.obj
 0001:00005380       __initialize_denormal_control 00406380 f i MSVCRT:denormal_control.obj
 0001:00005380       ?Destruct@?$QMetaTypeFunctionHelper@PAVTextFieldDoubleValidator@@$00@QtMetaTypePrivate@@SAXPAX@Z 00406380 f i main.obj
 0001:00005380       ?Destruct@?$QMetaTypeFunctionHelper@VQSequentialIterableImpl@QtMetaTypePrivate@@$00@QtMetaTypePrivate@@SAXPAX@Z 00406380 f i moc_workmodels.obj
 0001:00005380       ??3@YAXPAX0@Z              00406380 f i configfilehandler.obj
 0001:00005380       ?onComplete@PlanSelector@@QAEXXZ 00406380 f i workmodels.obj
 0001:00005380       ?Destruct@?$QMetaTypeFunctionHelper@V?$QQmlListProperty@VOperationParamObject@@@@$00@QtMetaTypePrivate@@SAXPAX@Z 00406380 f i main.obj
 0001:00005390       ??4?$QList@U?$QPair@VQString@@V?$QList@VSingleOperationData@@@@@@@@QAEAAV0@$$QAV0@@Z 00406390 f i configfilehandler.obj
 0001:00005430       ??4OperationParamData@@QAEAAV0@ABV0@@Z 00406430 f i configfilehandler.obj
 0001:00005540       ??4QStringList@@QAEAAV0@ABV0@@Z 00406540 f i configfilehandler.obj
 0001:00005580       ??A?$QList@VQString@@@@QAEAAVQString@@H@Z 00406580 f i configfilehandler.obj
 0001:000055b0       ??A?$QMap@VQString@@V1@@@QAEAAVQString@@ABV1@@Z 004065b0 f i configfilehandler.obj
 0001:00005670       ??A?$QMap@VQString@@VOperationParamData@@@@QAEAAVOperationParamData@@ABVQString@@@Z 00406670 f i configfilehandler.obj
 0001:00005730       ??A?$QMap@VQString@@VOperationParamData@@@@QBE?BVOperationParamData@@ABVQString@@@Z 00406730 f i configfilehandler.obj
 0001:000057f0       ??A?$QMap@VQString@@VQStringList@@@@QAEAAVQStringList@@ABVQString@@@Z 004067f0 f i configfilehandler.obj
 0001:000058b0       ??Cconst_iterator@QJsonArray@@QBE?AVQJsonValuePtr@@XZ 004068b0 f i configfilehandler.obj
 0001:00005920       ??H@YA?BVQString@@ABV0@D@Z 00406920 f i configfilehandler.obj
 0001:000059a0       ??H@YA?BVQString@@ABV0@PBD@Z 004069a0 f i configfilehandler.obj
 0001:00005a30       ??H@YA?BVQString@@PBDABV0@@Z 00406a30 f i configfilehandler.obj
 0001:00005aa0       ??_G?$QPair@VQString@@V?$QList@VSingleOperationData@@@@@@QAEPAXI@Z 00406aa0 f i configfilehandler.obj
 0001:00005b40       ??_GSingleOperationData@@QAEPAXI@Z 00406b40 f i configfilehandler.obj
 0001:00005bc0       ??_EconfigFileHandler@@UAEPAXI@Z 00406bc0 f i configfilehandler.obj
 0001:00005bc0       ??_GconfigFileHandler@@UAEPAXI@Z 00406bc0 f i configfilehandler.obj
 0001:00005bf0       ?ConvertCSVtoJSON@configFileHandler@@QAE_NABVQString@@0@Z 00406bf0 f   configfilehandler.obj
 0001:00005de0       ?ConvertJSONtoCSV@configFileHandler@@QAE_NABVQString@@0@Z 00406de0 f   configfilehandler.obj
 0001:000060d0       ?GetLicense@configFileHandler@@QAE?AVQString@@XZ 004070d0 f   configfilehandler.obj
 0001:00006160       ?ImportConfig@configFileHandler@@QAE_NAAVQJsonObject@@ABVQByteArray@@@Z 00407160 f   configfilehandler.obj
 0001:000062a0       ?ImportPlan@configFileHandler@@QAE_NABV?$QList@VQByteArray@@@@AAVQJsonObject@@@Z 004072a0 f   configfilehandler.obj
 0001:00006bb0       ?ImportWorkSpace@configFileHandler@@QAE_NABV?$QList@VQByteArray@@@@AAVQJsonObject@@@Z 00407bb0 f   configfilehandler.obj
 0001:00007510       ?ParseHostIP@configFileHandler@@QAE?AVQString@@XZ 00408510 f   configfilehandler.obj
 0001:000075e0       ?ParseHostPort@configFileHandler@@QAEFXZ 004085e0 f   configfilehandler.obj
 0001:000076c0       ?ParseHostSingleOperationThreshold@configFileHandler@@QAEHXZ 004086c0 f   configfilehandler.obj
 0001:000077a0       ?ParseListMap@configFileHandler@@QAE?AV?$QMap@VQString@@VQStringList@@@@ABVQString@@@Z 004087a0 f   configfilehandler.obj
 0001:00007a40       ?ParseMap@configFileHandler@@QAE?AV?$QMap@VQString@@V1@@@ABVQString@@@Z 00408a40 f   configfilehandler.obj
 0001:00007b90       ?ParseMapRevertKeyValue@configFileHandler@@QAE?AV?$QMap@VQString@@V1@@@ABVQString@@@Z 00408b90 f   configfilehandler.obj
 0001:00007cf0       ?ParseParamValue@configFileHandler@@QAE?AV?$QMap@VQString@@VOperationParamData@@@@ABVQString@@@Z 00408cf0 f   configfilehandler.obj
 0001:00008e30       ?ParsePlan@configFileHandler@@QAE?AVQString@@ABVQJsonArray@@@Z 00409e30 f   configfilehandler.obj
 0001:000094f0       ?ParsePlanList@configFileHandler@@QAEXAAV?$QList@U?$QPair@VQString@@V?$QList@VSingleOperationData@@@@@@@@ABV?$QMap@VQString@@VOperationParamData@@@@@Z 0040a4f0 f   configfilehandler.obj
 0001:00009f50       ?ParseWorkPlaceConstraint@configFileHandler@@QAE?AVQJsonArray@@XZ 0040af50 f   configfilehandler.obj
 0001:00009ff0       ?ParseWorkSpace@configFileHandler@@QAE?AVQString@@ABVQJsonObject@@@Z 0040aff0 f   configfilehandler.obj
 0001:0000a5d0       ?ParseWorkSpaceTypeList@configFileHandler@@QAEXAAVQJsonObject@@@Z 0040b5d0 f   configfilehandler.obj
 0001:0000a670       ?SaveMachineConfig@configFileHandler@@QAE_NABVQString@@ABVMachineConfigData@@ABVQJsonObject@@@Z 0040b670 f   configfilehandler.obj
 0001:0000aa50       ?SavePlanList@configFileHandler@@QAE_NABVQString@@ABV?$QList@U?$QPair@VQString@@V?$QList@VSingleOperationData@@@@@@@@ABV?$QMap@VQString@@VQStringList@@@@@Z 0040ba50 f   configfilehandler.obj
 0001:0000b2c0       ?append@?$QList@PAVQObject@@@@QAEXABQAVQObject@@@Z 0040c2c0 f i workmodels.obj
 0001:0000b2c0       ?append@?$QList@H@@QAEXABH@Z 0040c2c0 f i configfilehandler.obj
 0001:0000b350       ?append@?$QList@U?$QPair@VQString@@V?$QList@VSingleOperationData@@@@@@@@QAEXABU?$QPair@VQString@@V?$QList@VSingleOperationData@@@@@@@Z 0040c350 f i configfilehandler.obj
 0001:0000b430       ?append@?$QList@VOperationParamData@@@@QAEXABVOperationParamData@@@Z 0040c430 f i configfilehandler.obj
 0001:0000b4f0       ?append@?$QList@VSingleOperationData@@@@QAEXABVSingleOperationData@@@Z 0040c4f0 f i configfilehandler.obj
 0001:0000b5d0       ?clear@?$QList@U?$QPair@VQString@@V?$QList@VSingleOperationData@@@@@@@@QAEXXZ 0040c5d0 f i configfilehandler.obj
 0001:0000b660       ?copy@?$QMapNode@VQString@@V1@@@QBEPAU1@PAU?$QMapData@VQString@@V1@@@@Z 0040c660 f i configfilehandler.obj
 0001:0000b6e0       ?copy@?$QMapNode@VQString@@VOperationParamData@@@@QBEPAU1@PAU?$QMapData@VQString@@VOperationParamData@@@@@Z 0040c6e0 f i configfilehandler.obj
 0001:0000b760       ?copy@?$QMapNode@VQString@@VQStringList@@@@QBEPAU1@PAU?$QMapData@VQString@@VQStringList@@@@@Z 0040c760 f i configfilehandler.obj
 0001:0000b7e0       ?createNode@?$QMapData@VQString@@V1@@@QAEPAU?$QMapNode@VQString@@V1@@@ABVQString@@0PAU2@_N@Z 0040c7e0 f i configfilehandler.obj
 0001:0000b820       ?createNode@?$QMapData@VQString@@VOperationParamData@@@@QAEPAU?$QMapNode@VQString@@VOperationParamData@@@@ABVQString@@ABVOperationParamData@@PAU2@_N@Z 0040c820 f i configfilehandler.obj
 0001:0000b8e0       ?createNode@?$QMapData@VQString@@VQStringList@@@@QAEPAU?$QMapNode@VQString@@VQStringList@@@@ABVQString@@ABVQStringList@@PAU2@_N@Z 0040c8e0 f i configfilehandler.obj
 0001:0000b9a0       ?dealloc@?$QList@VOperationParamData@@@@AAEXPAUData@QListData@@@Z 0040c9a0 f i configfilehandler.obj
 0001:0000ba00       ?destroySubTree@?$QMapNode@VQString@@V1@@@QAEXXZ 0040ca00 f i configfilehandler.obj
 0001:0000ba30       ?destroySubTree@?$QMapNode@VQString@@VOperationParamData@@@@QAEXXZ 0040ca30 f i configfilehandler.obj
 0001:0000ba60       ?destroySubTree@?$QMapNode@VQString@@VQStringList@@@@QAEXXZ 0040ca60 f i configfilehandler.obj
 0001:0000ba90       ?detach_helper@?$QList@VQByteArray@@@@AAEXH@Z 0040ca90 f i configfilehandler.obj
 0001:0000bb80       ?detach_helper@?$QList@VQString@@@@AAEXH@Z 0040cb80 f i configfilehandler.obj
 0001:0000bc70       ?detach_helper@?$QMap@VQString@@V1@@@AAEXXZ 0040cc70 f i configfilehandler.obj
 0001:0000bcf0       ?detach_helper@?$QMap@VQString@@VOperationParamData@@@@AAEXXZ 0040ccf0 f i configfilehandler.obj
 0001:0000bd90       ?detach_helper@?$QMap@VQString@@VQStringList@@@@AAEXXZ 0040cd90 f i configfilehandler.obj
 0001:0000be30       ?detach_helper_grow@?$QList@PAVQObject@@@@AAEPAUNode@1@HH@Z 0040ce30 f i workmodels.obj
 0001:0000be30       ?detach_helper_grow@?$QList@H@@AAEPAUNode@1@HH@Z 0040ce30 f i configfilehandler.obj
 0001:0000bf80       ?detach_helper_grow@?$QList@U?$QPair@VQString@@V?$QList@VSingleOperationData@@@@@@@@AAEPAUNode@1@HH@Z 0040cf80 f i configfilehandler.obj
 0001:0000c0f0       ?detach_helper_grow@?$QList@VOperationParamData@@@@AAEPAUNode@1@HH@Z 0040d0f0 f i configfilehandler.obj
 0001:0000c240       ?detach_helper_grow@?$QList@VSingleOperationData@@@@AAEPAUNode@1@HH@Z 0040d240 f i configfilehandler.obj
 0001:0000c3b0       ?insert@?$QMap@VQString@@V1@@@QAE?AViterator@1@ABVQString@@0@Z 0040d3b0 f i configfilehandler.obj
 0001:0000c480       ?insert@?$QMap@VQString@@VOperationParamData@@@@QAE?AViterator@1@ABVQString@@ABVOperationParamData@@@Z 0040d480 f i configfilehandler.obj
 0001:0000c550       ?insert@?$QMap@VQString@@VQStringList@@@@QAE?AViterator@1@ABVQString@@ABVQStringList@@@Z 0040d550 f i configfilehandler.obj
 0001:0000c640       ?key@iterator@QJsonObject@@QBE?AVQString@@XZ 0040d640 f i configfilehandler.obj
 0001:0000c660       ?loadConfigFile@configFileHandler@@QAE_NABVQString@@@Z 0040d660 f   configfilehandler.obj
 0001:0000c760       ?node_copy@?$QList@H@@AAEXPAUNode@1@00@Z 0040d760 f i configfilehandler.obj
 0001:0000c760       ?node_copy@?$QList@PAVQObject@@@@AAEXPAUNode@1@00@Z 0040d760 f i workmodels.obj
 0001:0000c790       ?node_copy@?$QList@U?$QPair@VQString@@V?$QList@VSingleOperationData@@@@@@@@AAEXPAUNode@1@00@Z 0040d790 f i configfilehandler.obj
 0001:0000c850       ?node_copy@?$QList@VOperationParamData@@@@AAEXPAUNode@1@00@Z 0040d850 f i configfilehandler.obj
 0001:0000c920       ?node_copy@?$QList@VQByteArray@@@@AAEXPAUNode@1@00@Z 0040d920 f i configfilehandler.obj
 0001:0000c960       ?node_copy@?$QList@VSingleOperationData@@@@AAEXPAUNode@1@00@Z 0040d960 f i configfilehandler.obj
 0001:0000ca30       ?node_destruct@?$QList@U?$QPair@VQString@@V?$QList@VSingleOperationData@@@@@@@@AAEXPAUNode@1@0@Z 0040da30 f i configfilehandler.obj
 0001:0000caf0       ?node_destruct@?$QList@VOperationParamData@@@@AAEXPAUNode@1@0@Z 0040daf0 f i configfilehandler.obj
 0001:0000cb30       ?node_destruct@?$QList@VSingleOperationData@@@@AAEXPAUNode@1@0@Z 0040db30 f i configfilehandler.obj
 0001:0000cbd0       ?node_destruct@?$QList@VSingleOperationData@@@@AAEXPAUNode@1@@Z 0040dbd0 f i configfilehandler.obj
 0001:0000cc50       ?toList@configFileHandler@@QAE?AVQStringList@@ABVQString@@@Z 0040dc50 f   configfilehandler.obj
 0001:0000cd30       ?value@?$QMap@VQString@@VOperationParamData@@@@QBE?BVOperationParamData@@ABVQString@@ABV2@@Z 0040dd30 f i configfilehandler.obj
 0001:0000cda0       ??0EnvironmentVariant@@AAE@XZ 0040dda0 f i environmentvariant.obj
 0001:0000cef0       ??0SingleOperationData@@QAE@$$QAV0@@Z 0040def0 f i environmentvariant.obj
 0001:0000cf20       ??1?$QForeachContainer@$$CBV?$QList@VSingleOperationData@@@@@@QAE@XZ 0040df20 f i environmentvariant.obj
 0001:0000cfa0       ??1AdministratorChecker@@UAE@XZ 0040dfa0 f i environmentvariant.obj
 0001:0000cfa0       ??1ConfigFileConverter@@UAE@XZ 0040dfa0 f i environmentvariant.obj
 0001:0000cfb0       ??1EnvironmentVariant@@EAE@XZ 0040dfb0 f i environmentvariant.obj
 0001:0000d160       ??1MachineConfigData@@QAE@XZ 0040e160 f i environmentvariant.obj
 0001:0000d180       ??1TargetMachineObject@@UAE@XZ 0040e180 f i environmentvariant.obj
 0001:0000d1a0       ??4?$QList@VSingleOperationData@@@@QAEAAV0@ABV0@@Z 0040e1a0 f i environmentvariant.obj
 0001:0000d240       ??4QStringList@@QAEAAV0@$$QAV0@@Z 0040e240 f i environmentvariant.obj
 0001:0000d270       ??4SingleOperationData@@QAEAAV0@$$QAV0@@Z 0040e270 f i environmentvariant.obj
 0001:0000d300       ??4SingleOperationData@@QAEAAV0@ABV0@@Z 0040e300 f i environmentvariant.obj
 0001:0000d3a0       ??A?$QList@VSingleOperationData@@@@QAEAAVSingleOperationData@@H@Z 0040e3a0 f i environmentvariant.obj
 0001:0000d3d0       ??H@YA?BVQString@@ABV0@0@Z 0040e3d0 f i environmentvariant.obj
 0001:0000d440       ??Y?$QList@VQString@@@@QAEAAV0@ABV0@@Z 0040e440 f i environmentvariant.obj
 0001:0000d540       ??_EAdministratorChecker@@UAEPAXI@Z 0040e540 f i environmentvariant.obj
 0001:0000d540       ??_GAdministratorChecker@@UAEPAXI@Z 0040e540 f i environmentvariant.obj
 0001:0000d570       ??_GConfigFileConverter@@UAEPAXI@Z 0040e570 f i environmentvariant.obj
 0001:0000d570       ??_EConfigFileConverter@@UAEPAXI@Z 0040e570 f i environmentvariant.obj
 0001:0000d5a0       ??_GEnvironmentVariant@@EAEPAXI@Z 0040e5a0 f i environmentvariant.obj
 0001:0000d5a0       ??_EEnvironmentVariant@@EAEPAXI@Z 0040e5a0 f i environmentvariant.obj
 0001:0000d5d0       ??_ETargetMachineObject@@UAEPAXI@Z 0040e5d0 f i environmentvariant.obj
 0001:0000d5d0       ??_GTargetMachineObject@@UAEPAXI@Z 0040e5d0 f i environmentvariant.obj
 0001:0000d610       ?AddPlan@EnvironmentVariant@@QAEXABVQString@@@Z 0040e610 f   environmentvariant.obj
 0001:0000d720       ?AddPlanStep@EnvironmentVariant@@QAEXHHH@Z 0040e720 f   environmentvariant.obj
 0001:0000d8b0       ?ExportConfig@EnvironmentVariant@@QAE_NABVQString@@@Z 0040e8b0 f   environmentvariant.obj
 0001:0000d970       ?ImportConfig@EnvironmentVariant@@QAE_NABVQString@@@Z 0040e970 f   environmentvariant.obj
 0001:0000da40       ?LogicalControlList@EnvironmentVariant@@QAE?AVQStringList@@XZ 0040ea40 f   environmentvariant.obj
 0001:0000dbe0       ?MovePlanStep@EnvironmentVariant@@QAEXHHH@Z 0040ebe0 f   environmentvariant.obj
 0001:0000dcc0       ?OperationNameList@EnvironmentVariant@@QAE?AVQStringList@@XZ 0040ecc0 f   environmentvariant.obj
 0001:0000de60       ?PlanList@EnvironmentVariant@@QAE?AVQStringList@@XZ 0040ee60 f   environmentvariant.obj
 0001:0000df20       ?RemovePlan@EnvironmentVariant@@QAEXH@Z 0040ef20 f   environmentvariant.obj
 0001:0000df50       ?RemovePlanStep@EnvironmentVariant@@QAEXHH@Z 0040ef50 f   environmentvariant.obj
 0001:0000dfb0       ?SaveMachineConfig@EnvironmentVariant@@QAE_NABVMachineConfigData@@@Z 0040efb0 f   environmentvariant.obj
 0001:0000e0b0       ?SavePlan@EnvironmentVariant@@QAE_NXZ 0040f0b0 f   environmentvariant.obj
 0001:0000e130       ?SetPlanName@EnvironmentVariant@@QAEXHABVQString@@@Z 0040f130 f   environmentvariant.obj
 0001:0000e180       ?SetPlanStepSingleParam@EnvironmentVariant@@QAEXHHABVQString@@ABVQVariant@@@Z 0040f180 f   environmentvariant.obj
 0001:0000e320       ?SetPlanStepToDefault@EnvironmentVariant@@QAEXHHH@Z 0040f320 f   environmentvariant.obj
 0001:0000e3f0       ?StartPlan@EnvironmentVariant@@QAEXHH@Z 0040f3f0 f   environmentvariant.obj
 0001:0000ebc0       ?StartTunning@EnvironmentVariant@@QAEXABVSingleOperationData@@@Z 0040fbc0 f   environmentvariant.obj
 0001:0000ecb0       ?StepList@EnvironmentVariant@@QAE?AVQStringList@@H@Z 0040fcb0 f   environmentvariant.obj
 0001:0000f0f0       ?StopPlan@EnvironmentVariant@@QAEXXZ 004100f0 f   environmentvariant.obj
 0001:0000f100       ?begin@?$QList@VOperationParamData@@@@QAE?AViterator@1@XZ 00410100 f i environmentvariant.obj
 0001:0000f130       ?calculateLicense@EnvironmentVariant@@QAEXABVQString@@@Z 00410130 f   environmentvariant.obj
 0001:0000f260       ?contains@?$QMap@VQString@@VQStringList@@@@QBE_NABVQString@@@Z 00410260 f i environmentvariant.obj
 0001:0000f2a0       ?defaultValue@EnvironmentVariant@@QAE?AVSingleOperationData@@ABVQString@@@Z 004102a0 f   environmentvariant.obj
 0001:0000f4d0       ?detach_helper@?$QList@H@@AAEXH@Z 004104d0 f i environmentvariant.obj
 0001:0000f5a0       ?detach_helper@?$QList@U?$QPair@VQString@@V?$QList@VSingleOperationData@@@@@@@@AAEXH@Z 004105a0 f i environmentvariant.obj
 0001:0000f680       ?detach_helper@?$QList@VOperationParamData@@@@AAEXH@Z 00410680 f i environmentvariant.obj
 0001:0000f750       ?detach_helper@?$QList@VSingleOperationData@@@@AAEXH@Z 00410750 f i environmentvariant.obj
 0001:0000f830       ?formatSingleOperationParam@EnvironmentVariant@@QAE?AVQJsonObject@@ABVSingleOperationData@@@Z 00410830 f   environmentvariant.obj
 0001:0000fdd0       ?getBoardTypeIndexByPosition@EnvironmentVariant@@QAEHH@Z 00410dd0 f   environmentvariant.obj
 0001:00010080       ?name@OperationParamObject@@QBE?AVQString@@XZ 00411080 f i workmodels.obj
 0001:00010080       ?getIpAddress@TargetMachineObject@@QBE?AVQString@@XZ 00411080 f i environmentvariant.obj
 0001:00010080       ?getOperationName@SingleOperationObject@@QAE?AVQString@@XZ 00411080 f i moc_workmodels.obj
 0001:000100a0       ?getOperationIndex@EnvironmentVariant@@QAEHABVQString@@@Z 004110a0 f   environmentvariant.obj
 0001:00010110       ?getOperationParams@EnvironmentVariant@@QAE?AV?$QList@VOperationParamData@@@@H@Z 00411110 f   environmentvariant.obj
 0001:000102f0       ?getWorkLocationTypeList@EnvironmentVariant@@QAE?AVQJsonObject@@XZ 004112f0 f   environmentvariant.obj
 0001:00010310       ?initModels@EnvironmentVariant@@QAEXPAVQQmlContext@@@Z 00411310 f   environmentvariant.obj
 0001:00010470       ?initProtocol@EnvironmentVariant@@QAEXABVQString@@@Z 00411470 f   environmentvariant.obj
 0001:000104e0       ?initUserConfig@EnvironmentVariant@@QAEXABVQString@@@Z 004114e0 f   environmentvariant.obj
 0001:00010600       ?insert@?$QList@VSingleOperationData@@@@QAEXHABVSingleOperationData@@@Z 00411600 f i environmentvariant.obj
 0001:000106e0       ?instance@EnvironmentVariant@@SAPAV1@XZ 004116e0 f   environmentvariant.obj
 0001:00010740       ?parseConfigFile@EnvironmentVariant@@QAEXABVQString@@@Z 00411740 f   environmentvariant.obj
 0001:00010e20       ?planSelectStepListModel@EnvironmentVariant@@QAE?AVQStringList@@H@Z 00411e20 f   environmentvariant.obj
 0001:000110a0       ?planStepParam@EnvironmentVariant@@QAE?AVSingleOperationData@@HH@Z 004120a0 f   environmentvariant.obj
 0001:00011400       ?removeAt@?$QList@U?$QPair@VQString@@V?$QList@VSingleOperationData@@@@@@@@QAEXH@Z 00412400 f i environmentvariant.obj
 0001:00011460       ?removeAt@?$QList@VSingleOperationData@@@@QAEXH@Z 00412460 f i environmentvariant.obj
 0001:000114b0       ?setAdministrator@AdministratorChecker@@QAEX_N@Z 004124b0 f i environmentvariant.obj
 0001:000114d0       ?setIpAddress@TargetMachineObject@@QAEXABVQString@@@Z 004124d0 f i environmentvariant.obj
 0001:00011510       ?setLicenseNumber@TargetMachineObject@@QAEXABVQString@@@Z 00412510 f i environmentvariant.obj
 0001:00011550       ?setMaxReceiveTime@TargetMachineObject@@QAEXH@Z 00412550 f i environmentvariant.obj
 0001:00011570       ?setPort@TargetMachineObject@@QAEXF@Z 00412570 f i environmentvariant.obj
 0001:00011590       ?setWorkLocationType@EnvironmentVariant@@QAE_NHHABVQString@@@Z 00412590 f   environmentvariant.obj
 0001:000119e0       ?startCheckPlan@EnvironmentVariant@@QAEXH@Z 004129e0 f   environmentvariant.obj
 0001:00012230       ?stopCheckPlan@EnvironmentVariant@@QAEXXZ 00413230 f   environmentvariant.obj
 0001:00012240       ?updateWorkPlace@EnvironmentVariant@@QAE_NABVQJsonObject@@@Z 00413240 f   environmentvariant.obj
 0001:00012290       ??$connect@P8QQmlEngine@@AEXXZP6AXXZ@QObject@@SA?AVConnection@QMetaObject@@PBVQQmlEngine@@P83@AEXXZPBV0@P6AXXZW4ConnectionType@Qt@@@Z 00413290 f i main.obj
 0001:000122f0       ??$createInto@VOperationParamObject@@@QQmlPrivate@@YAXPAX@Z 004132f0 f i main.obj
 0001:00012350       ??$createInto@VOperationParamSelector@@@QQmlPrivate@@YAXPAX@Z 00413350 f i main.obj
 0001:000123b0       ??$createInto@VPlanController@@@QQmlPrivate@@YAXPAX@Z 004133b0 f i main.obj
 0001:00012410       ??$createInto@VPlanSelector@@@QQmlPrivate@@YAXPAX@Z 00413410 f i main.obj
 0001:00012470       ??$createInto@VStatusViewWatcher@@@QQmlPrivate@@YAXPAX@Z 00413470 f i main.obj
 0001:000124d0       ??$createInto@VTextFieldDoubleValidator@@@QQmlPrivate@@YAXPAX@Z 004134d0 f i main.obj
 0001:00012530       ??$qRegisterNormalizedMetaType@PAVOperationParamObject@@@@YAHABVQByteArray@@PAPAVOperationParamObject@@W4DefinedType@?$MetaTypeDefinedHelper@PAVOperationParamObject@@$00@QtPrivate@@@Z 00413530 f i main.obj
 0001:00012590       ??$qRegisterNormalizedMetaType@PAVOperationParamSelector@@@@YAHABVQByteArray@@PAPAVOperationParamSelector@@W4DefinedType@?$MetaTypeDefinedHelper@PAVOperationParamSelector@@$00@QtPrivate@@@Z 00413590 f i main.obj
 0001:000125f0       ??$qRegisterNormalizedMetaType@PAVPlanController@@@@YAHABVQByteArray@@PAPAVPlanController@@W4DefinedType@?$MetaTypeDefinedHelper@PAVPlanController@@$00@QtPrivate@@@Z 004135f0 f i main.obj
 0001:00012650       ??$qRegisterNormalizedMetaType@PAVPlanSelector@@@@YAHABVQByteArray@@PAPAVPlanSelector@@W4DefinedType@?$MetaTypeDefinedHelper@PAVPlanSelector@@$00@QtPrivate@@@Z 00413650 f i main.obj
 0001:000126b0       ??$qRegisterNormalizedMetaType@PAVStatusViewWatcher@@@@YAHABVQByteArray@@PAPAVStatusViewWatcher@@W4DefinedType@?$MetaTypeDefinedHelper@PAVStatusViewWatcher@@$00@QtPrivate@@@Z 004136b0 f i main.obj
 0001:00012710       ??$qRegisterNormalizedMetaType@PAVTextFieldDoubleValidator@@@@YAHABVQByteArray@@PAPAVTextFieldDoubleValidator@@W4DefinedType@?$MetaTypeDefinedHelper@PAVTextFieldDoubleValidator@@$00@QtPrivate@@@Z 00413710 f i main.obj
 0001:00012770       ??$qmlRegisterType@VOperationParamObject@@@@YAHPBDHH0@Z 00413770 f i main.obj
 0001:00012a20       ??$qmlRegisterType@VOperationParamSelector@@@@YAHPBDHH0@Z 00413a20 f i main.obj
 0001:00012cd0       ??$qmlRegisterType@VPlanController@@@@YAHPBDHH0@Z 00413cd0 f i main.obj
 0001:00012f80       ??$qmlRegisterType@VPlanSelector@@@@YAHPBDHH0@Z 00413f80 f i main.obj
 0001:00013230       ??$qmlRegisterType@VStatusViewWatcher@@@@YAHPBDHH0@Z 00414230 f i main.obj
 0001:000134e0       ??$qmlRegisterType@VTextFieldDoubleValidator@@@@YAHPBDHH0@Z 004144e0 f i main.obj
 0001:00013790       ??1?$QVarLengthArray@D$0DA@@@QAE@XZ 00414790 f i main.obj
 0001:00013790       ??1?$QVarLengthArray@D$0EA@@@QAE@XZ 00414790 f i main.obj
 0001:000137b0       ??1OperationParamSelector@@UAE@XZ 004147b0 f i main.obj
 0001:00013860       ??1RegisterType@QQmlPrivate@@QAE@XZ 00414860 f i main.obj
 0001:00013870       ??_E?$QQmlElement@VOperationParamObject@@@QQmlPrivate@@UAEPAXI@Z 00414870 f i main.obj
 0001:00013870       ??_G?$QQmlElement@VOperationParamObject@@@QQmlPrivate@@UAEPAXI@Z 00414870 f i main.obj
 0001:000138f0       ??_G?$QQmlElement@VOperationParamSelector@@@QQmlPrivate@@UAEPAXI@Z 004148f0 f i main.obj
 0001:000138f0       ??_E?$QQmlElement@VOperationParamSelector@@@QQmlPrivate@@UAEPAXI@Z 004148f0 f i main.obj
 0001:00013960       ??_G?$QQmlElement@VPlanController@@@QQmlPrivate@@UAEPAXI@Z 00414960 f i main.obj
 0001:00013960       ??_E?$QQmlElement@VPlanController@@@QQmlPrivate@@UAEPAXI@Z 00414960 f i main.obj
 0001:000139d0       ??_E?$QQmlElement@VPlanSelector@@@QQmlPrivate@@UAEPAXI@Z 004149d0 f i main.obj
 0001:000139d0       ??_G?$QQmlElement@VPlanSelector@@@QQmlPrivate@@UAEPAXI@Z 004149d0 f i main.obj
 0001:00013a40       ??_E?$QQmlElement@VStatusViewWatcher@@@QQmlPrivate@@UAEPAXI@Z 00414a40 f i main.obj
 0001:00013a40       ??_G?$QQmlElement@VStatusViewWatcher@@@QQmlPrivate@@UAEPAXI@Z 00414a40 f i main.obj
 0001:00013ab0       ??_G?$QQmlElement@VTextFieldDoubleValidator@@@QQmlPrivate@@UAEPAXI@Z 00414ab0 f i main.obj
 0001:00013ab0       ??_E?$QQmlElement@VTextFieldDoubleValidator@@@QQmlPrivate@@UAEPAXI@Z 00414ab0 f i main.obj
 0001:00013b20       ??_GOperationParamObject@@UAEPAXI@Z 00414b20 f i main.obj
 0001:00013b20       ??_EOperationParamObject@@UAEPAXI@Z 00414b20 f i main.obj
 0001:00013b50       ?Construct@?$QMetaTypeFunctionHelper@PAVOperationParamSelector@@$00@QtMetaTypePrivate@@SAPAXPAXPBX@Z 00414b50 f i main.obj
 0001:00013b50       ?Construct@?$QMetaTypeFunctionHelper@PAVTextFieldDoubleValidator@@$00@QtMetaTypePrivate@@SAPAXPAXPBX@Z 00414b50 f i main.obj
 0001:00013b50       ?Construct@?$QMetaTypeFunctionHelper@PAVStatusViewWatcher@@$00@QtMetaTypePrivate@@SAPAXPAXPBX@Z 00414b50 f i main.obj
 0001:00013b50       ?Construct@?$QMetaTypeFunctionHelper@PAVOperationParamObject@@$00@QtMetaTypePrivate@@SAPAXPAXPBX@Z 00414b50 f i main.obj
 0001:00013b50       ?Construct@?$QMetaTypeFunctionHelper@PAVPlanController@@$00@QtMetaTypePrivate@@SAPAXPAXPBX@Z 00414b50 f i main.obj
 0001:00013b50       ?Construct@?$QMetaTypeFunctionHelper@PAVPlanSelector@@$00@QtMetaTypePrivate@@SAPAXPAXPBX@Z 00414b50 f i main.obj
 0001:00013b80       ?Construct@?$QMetaTypeFunctionHelper@V?$QQmlListProperty@VPlanSelector@@@@$00@QtMetaTypePrivate@@SAPAXPAXPBX@Z 00414b80 f i main.obj
 0001:00013b80       ?Construct@?$QMetaTypeFunctionHelper@V?$QQmlListProperty@VPlanController@@@@$00@QtMetaTypePrivate@@SAPAXPAXPBX@Z 00414b80 f i main.obj
 0001:00013b80       ?Construct@?$QMetaTypeFunctionHelper@V?$QQmlListProperty@VOperationParamSelector@@@@$00@QtMetaTypePrivate@@SAPAXPAXPBX@Z 00414b80 f i main.obj
 0001:00013b80       ?Construct@?$QMetaTypeFunctionHelper@V?$QQmlListProperty@VOperationParamObject@@@@$00@QtMetaTypePrivate@@SAPAXPAXPBX@Z 00414b80 f i main.obj
 0001:00013b80       ?Construct@?$QMetaTypeFunctionHelper@V?$QQmlListProperty@VTextFieldDoubleValidator@@@@$00@QtMetaTypePrivate@@SAPAXPAXPBX@Z 00414b80 f i main.obj
 0001:00013b80       ?Construct@?$QMetaTypeFunctionHelper@V?$QQmlListProperty@VStatusViewWatcher@@@@$00@QtMetaTypePrivate@@SAPAXPAXPBX@Z 00414b80 f i main.obj
 0001:00013be0       ?TopLevelExceptionFilter@@YGJPAU_EXCEPTION_POINTERS@@@Z 00414be0 f   main.obj
 0001:00013c50       ?customMessageHandler@@YAXW4QtMsgType@@ABVQMessageLogContext@@ABVQString@@@Z 00414c50 f   main.obj
 0001:00013fc0       ?getConfigFullName@@YA?AVQString@@PBD@Z 00414fc0 f   main.obj
 0001:00014030       ?impl@?$QStaticSlotObject@P6AXXZU?$List@$$V@QtPrivate@@X@QtPrivate@@CAXHPAVQSlotObjectBase@2@PAVQObject@@PAPAXPA_N@Z 00415030 f i main.obj
 0001:00014060       ?qt_metatype_id@?$QMetaTypeIdQObject@PAVOperationParamObject@@$07@@SAHXZ 00415060 f i main.obj
 0001:00014110       ?qt_metatype_id@?$QMetaTypeIdQObject@PAVOperationParamSelector@@$07@@SAHXZ 00415110 f i main.obj
 0001:000141c0       ?qt_metatype_id@?$QMetaTypeIdQObject@PAVPlanController@@$07@@SAHXZ 004151c0 f i main.obj
 0001:00014270       ?qt_metatype_id@?$QMetaTypeIdQObject@PAVPlanSelector@@$07@@SAHXZ 00415270 f i main.obj
 0001:00014320       ?qt_metatype_id@?$QMetaTypeIdQObject@PAVStatusViewWatcher@@$07@@SAHXZ 00415320 f i main.obj
 0001:000143d0       ?qt_metatype_id@?$QMetaTypeIdQObject@PAVTextFieldDoubleValidator@@$07@@SAHXZ 004153d0 f i main.obj
 0001:00014480       ?validate@TextFieldDoubleValidator@@UBE?AW4State@QValidator@@AAVQString@@AAH@Z 00415480 f i main.obj
 0001:00014600       _main                      00415600 f   main.obj
 0001:00014a30       ??$connect@P8EnvironmentVariant@@AEXXZP8StatusViewWatcher@@AEXXZ@QObject@@SA?AVConnection@QMetaObject@@PBVEnvironmentVariant@@P83@AEXXZPBVStatusViewWatcher@@P84@AEXXZW4ConnectionType@Qt@@@Z 00415a30 f i workmodels.obj
 0001:00014a90       ??0?$QList@PAVQObject@@@@QAE@ABV0@@Z 00415a90 f i workmodels.obj
 0001:00014a90       ??0?$QList@H@@QAE@ABV0@@Z  00415a90 f i configfilehandler.obj
 0001:00014b40       ??0OperationParamSelector@@QAE@PAVQObject@@@Z 00415b40 f   workmodels.obj
 0001:00014b90       ??0PlanController@@QAE@PAVQObject@@@Z 00415b90 f   workmodels.obj
 0001:00014c00       ??0PlanSelector@@QAE@PAVQObject@@@Z 00415c00 f   workmodels.obj
 0001:00014cc0       ??0StatusViewWatcher@@QAE@PAVQObject@@@Z 00415cc0 f   workmodels.obj
 0001:00014d50       ??1?$QForeachContainer@V?$QList@PAVQObject@@@@@@QAE@XZ 00415d50 f i workmodels.obj
 0001:00014db0       ??1PlanController@@UAE@XZ  00415db0 f   workmodels.obj
 0001:00014e10       ??1PlanSelector@@UAE@XZ    00415e10 f   workmodels.obj
 0001:00014ed0       ??1StatusViewWatcher@@UAE@XZ 00415ed0 f   workmodels.obj
 0001:00014f50       ??4?$QList@PAVQObject@@@@QAEAAV0@$$QAV0@@Z 00415f50 f i workmodels.obj
 0001:00014f50       ??4?$QList@H@@QAEAAV0@$$QAV0@@Z 00415f50 f i configfilehandler.obj
 0001:00014fd0       ??_GOperationParamSelector@@UAEPAXI@Z 00415fd0 f i workmodels.obj
 0001:00014fd0       ??_EOperationParamSelector@@UAEPAXI@Z 00415fd0 f i workmodels.obj
 0001:00014ff0       ??_GPlanController@@UAEPAXI@Z 00415ff0 f i workmodels.obj
 0001:00014ff0       ??_EPlanController@@UAEPAXI@Z 00415ff0 f i workmodels.obj
 0001:00015060       ??_GPlanSelector@@UAEPAXI@Z 00416060 f i workmodels.obj
 0001:00015060       ??_EPlanSelector@@UAEPAXI@Z 00416060 f i workmodels.obj
 0001:00015080       ??_GStatusViewWatcher@@UAEPAXI@Z 00416080 f i workmodels.obj
 0001:00015080       ??_EStatusViewWatcher@@UAEPAXI@Z 00416080 f i workmodels.obj
 0001:00015120       ?WorkPlaceConstraint@EnvironmentVariant@@QAE?AVQJsonArray@@XZ 00416120 f i workmodels.obj
 0001:00015150       ?addPlan@PlanSelector@@QAEXABVQString@@@Z 00416150 f   workmodels.obj
 0001:00015170       ?addStep@PlanSelector@@QAEXHHH@Z 00416170 f   workmodels.obj
 0001:00015190       ?commitParam@PlanSelector@@QAEXHHABVQString@@ABVQVariant@@@Z 00416190 f   workmodels.obj
 0001:000151b0       ?eventFilter@PlanController@@UAE_NPAVQObject@@PAVQEvent@@@Z 004161b0 f   workmodels.obj
 0001:00015200       ?eventFilter@PlanSelector@@MAE_NPAVQObject@@PAVQEvent@@@Z 00416200 f   workmodels.obj
 0001:00015250       ?eventFilter@StatusViewWatcher@@UAE_NPAVQObject@@PAVQEvent@@@Z 00416250 f   workmodels.obj
 0001:00015290       ?exportConfigFile@ConfigFileConverter@@QAE_NABVQUrl@@@Z 00416290 f   workmodels.obj
 0001:00015300       ?getBoardTypeIndexByPosition@OperationParamSelector@@QAEHH@Z 00416300 f   workmodels.obj
 0001:00015300       ?getBoardTypeIndexByPosition@PlanSelector@@QAEHH@Z 00416300 f   workmodels.obj
 0001:00015320       ?getSwitch@OperationParamSelector@@QAEPAVQObject@@ABVQString@@@Z 00416320 f   workmodels.obj
 0001:00015490       ?getSwitch@PlanSelector@@QAEPAVQObject@@ABVQString@@@Z 00416490 f   workmodels.obj
 0001:00015600       ?getWorkLocationTypeList@StatusViewWatcher@@QAE?AVQJsonObject@@XZ 00416600 f   workmodels.obj
 0001:00015630       ?getWorkPlaceConstraint@StatusViewWatcher@@QAE?AVQJsonArray@@XZ 00416630 f   workmodels.obj
 0001:00015660       ?importConfigFile@ConfigFileConverter@@QAE_NABVQUrl@@@Z 00416660 f   workmodels.obj
 0001:000156d0       ?init@OperationParamSelector@@QAEXABVQString@@@Z 004166d0 f   workmodels.obj
 0001:00015750       ?moveStep@PlanSelector@@QAEXHHH@Z 00416750 f   workmodels.obj
 0001:00015770       ?onCompleteSingleOperation@OperationParamSelector@@QAEXXZ 00416770 f   workmodels.obj
 0001:00015a00       ?onMachineConfigChanged@TargetMachineObject@@QAE_NXZ 00416a00 f   workmodels.obj
 0001:00015aa0       ?onSave@PlanSelector@@QAE_NXZ 00416aa0 f   workmodels.obj
 0001:00015ab0       ?operationCurrentIndex@PlanSelector@@QAEHXZ 00416ab0 f   workmodels.obj
 0001:00015ad0       ?planListModel@PlanSelector@@QAE?AVQStringList@@XZ 00416ad0 f   workmodels.obj
 0001:00015b00       ?planSelectStepListModel@PlanSelector@@QAE?AVQStringList@@H@Z 00416b00 f   workmodels.obj
 0001:00015b30       ?removePlan@PlanSelector@@QAEXH@Z 00416b30 f   workmodels.obj
 0001:00015b50       ?removeStep@PlanSelector@@QAEXHH@Z 00416b50 f   workmodels.obj
 0001:00015b70       ?resumePlan@PlanController@@QAEXXZ 00416b70 f   workmodels.obj
 0001:00015ba0       ?setPlanName@PlanSelector@@QAEXHABVQString@@@Z 00416ba0 f   workmodels.obj
 0001:00015bc0       ?setSelectedOperation@OperationParamSelector@@QAEXH@Z 00416bc0 f   workmodels.obj
 0001:00015f90       ?setSelectedOperation@PlanSelector@@QAEXHHH@Z 00416f90 f   workmodels.obj
 0001:00016450       ?setSelectedStep@PlanSelector@@QAEXHH@Z 00417450 f   workmodels.obj
 0001:00016830       ?setWorkLocationType@StatusViewWatcher@@QAE_NHHABVQString@@@Z 00417830 f   workmodels.obj
 0001:00016850       ?startCheckPlan@PlanSelector@@QAEXH@Z 00417850 f   workmodels.obj
 0001:00016870       ?startPlan@PlanController@@QAEXHH@Z 00417870 f   workmodels.obj
 0001:000168a0       ?stepListModel@PlanSelector@@QAE?AVQStringList@@H@Z 004178a0 f   workmodels.obj
 0001:000168d0       ?stopCheckPlan@PlanSelector@@QAEXXZ 004178d0 f   workmodels.obj
 0001:000168e0       ?stopPlan@PlanController@@QAEXXZ 004178e0 f   workmodels.obj
 0001:000168f0       ?updateWorkPlace@StatusViewWatcher@@QAE_NABVQJsonObject@@@Z 004178f0 f   workmodels.obj
 0001:00016910       ??$connect@P8SubThreadCheckWorker@@AEXABVQJsonObject@@@ZP8WorkflowCheckerController@@AEX0@Z@QObject@@SA?AVConnection@QMetaObject@@PBVSubThreadCheckWorker@@P83@AEXABVQJsonObject@@@ZPBVWorkflowCheckerController@@P85@AEX1@ZW4ConnectionType@Qt@@@Z 00417910 f i workflowChecker.obj
 0001:00016980       ??$connect@P8WorkflowCheckerController@@AEXABVQJsonArray@@@ZP8SubThreadCheckWorker@@AEX0@Z@QObject@@SA?AVConnection@QMetaObject@@PBVWorkflowCheckerController@@P83@AEXABVQJsonArray@@@ZPBVSubThreadCheckWorker@@P85@AEX1@ZW4ConnectionType@Qt@@@Z 00417980 f i workflowChecker.obj
 0001:000169f0       ??$connect@P8WorkflowCheckerController@@AEXABVQJsonObject@@@ZP8SubThreadCheckWorker@@AEX0@Z@QObject@@SA?AVConnection@QMetaObject@@PBVWorkflowCheckerController@@P83@AEXABVQJsonObject@@@ZPBVSubThreadCheckWorker@@P85@AEX1@ZW4ConnectionType@Qt@@@Z 004179f0 f i workflowChecker.obj
 0001:00016a60       ??$connect@P8WorkflowCheckerController@@AEXXZP8SubThreadCheckWorker@@AEXXZ@QObject@@SA?AVConnection@QMetaObject@@PBVWorkflowCheckerController@@P83@AEXXZPBVSubThreadCheckWorker@@P84@AEXXZW4ConnectionType@Qt@@@Z 00417a60 f i workflowChecker.obj
 0001:00016ac0       ??0WorkflowCheckerController@@QAE@PAVQObject@@@Z 00417ac0 f   workflowChecker.obj
 0001:00016c40       ??1?$QMap@VQString@@H@@QAE@XZ 00417c40 f i workflowChecker.obj
 0001:00016ce0       ??1WorkflowCheckerController@@UAE@XZ 00417ce0 f   workflowChecker.obj
 0001:00016d50       ??A?$QMap@VQString@@H@@QAEAAHABVQString@@@Z 00417d50 f i workflowChecker.obj
 0001:00016dd0       ??_GSubThreadCheckWorker@@UAEPAXI@Z 00417dd0 f i workflowChecker.obj
 0001:00016dd0       ??_ESubThreadCheckWorker@@UAEPAXI@Z 00417dd0 f i workflowChecker.obj
 0001:00016e20       ??_EWorkflowCheckerController@@UAEPAXI@Z 00417e20 f i workflowChecker.obj
 0001:00016e20       ??_GWorkflowCheckerController@@UAEPAXI@Z 00417e20 f i workflowChecker.obj
 0001:00016eb0       ?CheckBoardConstraint@SubThreadCheckWorker@@IAE_NABVQJsonObject@@@Z 00417eb0 f   workflowChecker.obj
 0001:00017260       ?CheckParamConstraint@SubThreadCheckWorker@@IAE_NABVQJsonObject@@@Z 00418260 f   workflowChecker.obj
 0001:00017b10       ?checkTask@WorkflowCheckerController@@QAEXABVQJsonObject@@@Z 00418b10 f   workflowChecker.obj
 0001:00017b20       ?configChecker@SubThreadCheckWorker@@QAEXABVQJsonArray@@@Z 00418b20 f   workflowChecker.obj
 0001:00017e80       ?copy@?$QMapNode@VQString@@H@@QBEPAU1@PAU?$QMapData@VQString@@H@@@Z 00418e80 f i workflowChecker.obj
 0001:00017f00       ?createNode@?$QMapData@VQString@@H@@QAEPAU?$QMapNode@VQString@@H@@ABVQString@@ABHPAU2@_N@Z 00418f00 f i workflowChecker.obj
 0001:00017f40       ?destroySubTree@?$QMapNode@VQString@@H@@QAEXXZ 00418f40 f i workflowChecker.obj
 0001:00017f70       ?detach_helper@?$QMap@VQString@@H@@AAEXXZ 00418f70 f i workflowChecker.obj
 0001:00018010       ?doCheck@SubThreadCheckWorker@@QAEXABVQJsonObject@@@Z 00419010 f   workflowChecker.obj
 0001:00018580       ?forceStop@SubThreadCheckWorker@@QAEXXZ 00419580 f   workflowChecker.obj
 0001:00018590       ?impl@?$QSlotObject@P8WorkflowController@@AEXABVQJsonObject@@@ZU?$List@ABVQJsonObject@@@QtPrivate@@X@QtPrivate@@CAXHPAVQSlotObjectBase@2@PAVQObject@@PAPAXPA_N@Z 00419590 f i workflowprotocol.obj
 0001:00018590       ?impl@?$QSlotObject@P8SubThreadCheckWorker@@AEXABVQJsonArray@@@ZU?$List@ABVQJsonArray@@@QtPrivate@@X@QtPrivate@@CAXHPAVQSlotObjectBase@2@PAVQObject@@PAPAXPA_N@Z 00419590 f i workflowChecker.obj
 0001:00018590       ?impl@?$QSlotObject@P8SubThreadWorker@@AEXABVQString@@@ZU?$List@ABVQString@@@QtPrivate@@X@QtPrivate@@CAXHPAVQSlotObjectBase@2@PAVQObject@@PAPAXPA_N@Z 00419590 f i workflowprotocol.obj
 0001:00018590       ?impl@?$QSlotObject@P8WorkflowCheckerController@@AEXABVQJsonObject@@@ZU?$List@ABVQJsonObject@@@QtPrivate@@X@QtPrivate@@CAXHPAVQSlotObjectBase@2@PAVQObject@@PAPAXPA_N@Z 00419590 f i workflowChecker.obj
 0001:00018590       ?impl@?$QSlotObject@P8SubThreadCheckWorker@@AEXABVQJsonObject@@@ZU?$List@ABVQJsonObject@@@QtPrivate@@X@QtPrivate@@CAXHPAVQSlotObjectBase@2@PAVQObject@@PAPAXPA_N@Z 00419590 f i workflowChecker.obj
 0001:00018590       ?impl@?$QSlotObject@P8SubThreadWorker@@AEXABVQJsonObject@@@ZU?$List@ABVQJsonObject@@@QtPrivate@@X@QtPrivate@@CAXHPAVQSlotObjectBase@2@PAVQObject@@PAPAXPA_N@Z 00419590 f i workflowprotocol.obj
 0001:000185f0       ?init@WorkflowCheckerController@@QAEXABVQJsonArray@@@Z 004195f0 f   workflowChecker.obj
 0001:00018600       ?insert@?$QMap@VQString@@H@@QAE?AViterator@1@ABVQString@@ABH@Z 00419600 f i workflowChecker.obj
 0001:000186c0       ?isFilteredCommand@SubThreadCheckWorker@@IAE_NABVQJsonObject@@@Z 004196c0 f   workflowChecker.obj
 0001:00018a60       ?lowerBound@?$QMapNode@VQString@@VQStringList@@@@QAEPAU1@ABVQString@@@Z 00419a60 f i configfilehandler.obj
 0001:00018a60       ?lowerBound@?$QMapNode@VQString@@V1@@@QAEPAU1@ABVQString@@@Z 00419a60 f i configfilehandler.obj
 0001:00018a60       ?lowerBound@?$QMapNode@VQString@@VOperationParamData@@@@QAEPAU1@ABVQString@@@Z 00419a60 f i configfilehandler.obj
 0001:00018a60       ?lowerBound@?$QMapNode@VQString@@H@@QAEPAU1@ABVQString@@@Z 00419a60 f i workflowChecker.obj
 0001:00018aa0       ?remove@?$QMap@VQString@@H@@QAEHABVQString@@@Z 00419aa0 f i workflowChecker.obj
 0001:00018b50       ?statusChanged@WorkflowCheckerController@@QAEXABVQJsonObject@@@Z 00419b50 f   workflowChecker.obj
 0001:00018bf0       ?stopCurrentCheck@WorkflowCheckerController@@QAEXXZ 00419bf0 f   workflowChecker.obj
 0001:00018c10       ?types@?$ConnectionTypes@U?$List@ABVQJsonArray@@@QtPrivate@@$00@QtPrivate@@SAPBHXZ 00419c10 f i workflowChecker.obj
 0001:00018c70       ?changeHost@WorkflowController@@QAEXABVQString@@G@Z 00419c70 f   moc_workflowprotocol.obj
 0001:00018cc0       ?configProtocol@WorkflowController@@QAEXABVQString@@@Z 00419cc0 f   moc_workflowprotocol.obj
 0001:00018cf0       ?metaObject@SubThreadWorker@@UBEPBUQMetaObject@@XZ 00419cf0 f   moc_workflowprotocol.obj
 0001:00018d10       ?metaObject@WorkflowController@@UBEPBUQMetaObject@@XZ 00419d10 f   moc_workflowprotocol.obj
 0001:00018d30       ?qt_metacall@SubThreadWorker@@UAEHW4Call@QMetaObject@@HPAPAX@Z 00419d30 f   moc_workflowprotocol.obj
 0001:00018d90       ?qt_metacall@WorkflowController@@UAEHW4Call@QMetaObject@@HPAPAX@Z 00419d90 f   moc_workflowprotocol.obj
 0001:00018df0       ?qt_metacast@SubThreadWorker@@UAEPAXPBD@Z 00419df0 f   moc_workflowprotocol.obj
 0001:00018e50       ?qt_metacast@WorkflowController@@UAEPAXPBD@Z 00419e50 f   moc_workflowprotocol.obj
 0001:00018eb0       ?qt_static_metacall@SubThreadWorker@@CAXPAVQObject@@W4Call@QMetaObject@@HPAPAX@Z 00419eb0 f   moc_workflowprotocol.obj
 0001:00018fa0       ?qt_static_metacall@WorkflowController@@CAXPAVQObject@@W4Call@QMetaObject@@HPAPAX@Z 00419fa0 f   moc_workflowprotocol.obj
 0001:000190c0       ?runNewTask@WorkflowController@@QAEXABVQJsonObject@@@Z 0041a0c0 f   moc_workflowprotocol.obj
 0001:000190f0       ?runNewTunning@WorkflowController@@QAEXABVQJsonObject@@@Z 0041a0f0 f   moc_workflowprotocol.obj
 0001:00019120       ?statusChanged@SubThreadWorker@@QAEXABVQJsonObject@@@Z 0041a120 f   moc_workflowprotocol.obj
 0001:00019150       ?stopTask@WorkflowController@@QAEXXZ 0041a150 f   moc_workflowprotocol.obj
 0001:00019170       ?taskStateChanged@SubThreadWorker@@QAEX_NH@Z 0041a170 f   moc_workflowprotocol.obj
 0001:000191c0       ?configChecker@WorkflowCheckerController@@QAEXABVQJsonArray@@@Z 0041a1c0 f   moc_workflowChecker.obj
 0001:000191f0       ?metaObject@SubThreadCheckWorker@@UBEPBUQMetaObject@@XZ 0041a1f0 f   moc_workflowChecker.obj
 0001:00019210       ?metaObject@WorkflowCheckerController@@UBEPBUQMetaObject@@XZ 0041a210 f   moc_workflowChecker.obj
 0001:00019230       ?qt_metacall@SubThreadCheckWorker@@UAEHW4Call@QMetaObject@@HPAPAX@Z 0041a230 f   moc_workflowChecker.obj
 0001:00019290       ?qt_metacall@WorkflowCheckerController@@UAEHW4Call@QMetaObject@@HPAPAX@Z 0041a290 f   moc_workflowChecker.obj
 0001:000192f0       ?qt_metacast@SubThreadCheckWorker@@UAEPAXPBD@Z 0041a2f0 f   moc_workflowChecker.obj
 0001:00019350       ?qt_metacast@WorkflowCheckerController@@UAEPAXPBD@Z 0041a350 f   moc_workflowChecker.obj
 0001:000193b0       ?qt_static_metacall@SubThreadCheckWorker@@CAXPAVQObject@@W4Call@QMetaObject@@HPAPAX@Z 0041a3b0 f   moc_workflowChecker.obj
 0001:00019440       ?qt_static_metacall@WorkflowCheckerController@@CAXPAVQObject@@W4Call@QMetaObject@@HPAPAX@Z 0041a440 f   moc_workflowChecker.obj
 0001:00019500       ?runNewCheck@WorkflowCheckerController@@QAEXABVQJsonObject@@@Z 0041a500 f   moc_workflowChecker.obj
 0001:00019530       ?statusChanged@SubThreadCheckWorker@@QAEXABVQJsonObject@@@Z 0041a530 f   moc_workflowChecker.obj
 0001:00019560       ?stopCheck@WorkflowCheckerController@@QAEXXZ 0041a560 f   moc_workflowChecker.obj
 0001:00019580       ?metaObject@configFileHandler@@UBEPBUQMetaObject@@XZ 0041a580 f   moc_configfilehandler.obj
 0001:000195a0       ?qt_metacall@configFileHandler@@UAEHW4Call@QMetaObject@@HPAPAX@Z 0041a5a0 f   moc_configfilehandler.obj
 0001:000195b0       ?qt_metacast@configFileHandler@@UAEPAXPBD@Z 0041a5b0 f   moc_configfilehandler.obj
 0001:00019610       ?metaObject@EnvironmentVariant@@UBEPBUQMetaObject@@XZ 0041a610 f   moc_environmentvariant.obj
 0001:00019630       ?qt_metacall@EnvironmentVariant@@UAEHW4Call@QMetaObject@@HPAPAX@Z 0041a630 f   moc_environmentvariant.obj
 0001:00019690       ?qt_metacast@EnvironmentVariant@@UAEPAXPBD@Z 0041a690 f   moc_environmentvariant.obj
 0001:000196f0       ?qt_static_metacall@EnvironmentVariant@@CAXPAVQObject@@W4Call@QMetaObject@@HPAPAX@Z 0041a6f0 f   moc_environmentvariant.obj
 0001:00019740       ?workLocationTypeChanged@EnvironmentVariant@@QAEXXZ 0041a740 f   moc_environmentvariant.obj
 0001:00019760       ??$atImpl@V?$QList@H@@@QSequentialIterableImpl@QtMetaTypePrivate@@SAPBXPBXH@Z 0041a760 f i moc_workmodels.obj
 0001:00019760       ??$atImpl@V?$QList@PAVQObject@@@@@QSequentialIterableImpl@QtMetaTypePrivate@@SAPBXPBXH@Z 0041a760 f i moc_workmodels.obj
 0001:00019780       ??$equal@PBHV?$checked_array_iterator@PBH@stdext@@U?$equal_to@X@std@@@std@@YA_NPBH0V?$checked_array_iterator@PBH@stdext@@U?$equal_to@X@0@@Z 0041a780 f i moc_workmodels.obj
 0001:00019780       ??$equal@PBQAVQObject@@V?$checked_array_iterator@PBQAVQObject@@@stdext@@U?$equal_to@X@std@@@std@@YA_NPBQAVQObject@@0V?$checked_array_iterator@PBQAVQObject@@@stdext@@U?$equal_to@X@0@@Z 0041a780 f i moc_workmodels.obj
 0001:00019800       ??$getImpl@V?$QList@PAVQObject@@@@@QSequentialIterableImpl@QtMetaTypePrivate@@SA?AUVariantData@1@PBQAXHI@Z 0041a800 f i moc_workmodels.obj
 0001:00019800       ??$getImpl@V?$QList@H@@@QSequentialIterableImpl@QtMetaTypePrivate@@SA?AUVariantData@1@PBQAXHI@Z 0041a800 f i moc_workmodels.obj
 0001:00019820       ??$moveToBeginImpl@V?$QList@H@@@QSequentialIterableImpl@QtMetaTypePrivate@@SAXPBXPAPAX@Z 0041a820 f i moc_workmodels.obj
 0001:00019820       ??$moveToBeginImpl@V?$QList@PAVQObject@@@@@QSequentialIterableImpl@QtMetaTypePrivate@@SAXPBXPAPAX@Z 0041a820 f i moc_workmodels.obj
 0001:00019850       ??$moveToEndImpl@V?$QList@H@@@QSequentialIterableImpl@QtMetaTypePrivate@@SAXPBXPAPAX@Z 0041a850 f i moc_workmodels.obj
 0001:00019850       ??$moveToEndImpl@V?$QList@PAVQObject@@@@@QSequentialIterableImpl@QtMetaTypePrivate@@SAXPBXPAPAX@Z 0041a850 f i moc_workmodels.obj
 0001:00019880       ??$sizeImpl@V?$QList@H@@@QSequentialIterableImpl@QtMetaTypePrivate@@SAHPBX@Z 0041a880 f i moc_workmodels.obj
 0001:00019880       ??$sizeImpl@V?$QList@PAVQObject@@@@@QSequentialIterableImpl@QtMetaTypePrivate@@SAHPBX@Z 0041a880 f i moc_workmodels.obj
 0001:00019890       ??0QSequentialIterableImpl@QtMetaTypePrivate@@QAE@XZ 0041a890 f i moc_workmodels.obj
 0001:00019900       ?Construct@?$QMetaTypeFunctionHelper@V?$QList@PAVQObject@@@@$00@QtMetaTypePrivate@@SAPAXPAXPBX@Z 0041a900 f i moc_workmodels.obj
 0001:00019900       ?Construct@?$QMetaTypeFunctionHelper@V?$QList@H@@$00@QtMetaTypePrivate@@SAPAXPAXPBX@Z 0041a900 f i moc_workmodels.obj
 0001:00019980       ?Construct@?$QMetaTypeFunctionHelper@VQSequentialIterableImpl@QtMetaTypePrivate@@$00@QtMetaTypePrivate@@SAPAXPAXPBX@Z 0041a980 f i moc_workmodels.obj
 0001:000199c0       ?Destruct@?$QMetaTypeFunctionHelper@V?$QList@H@@$00@QtMetaTypePrivate@@SAXPAX@Z 0041a9c0 f i moc_workmodels.obj
 0001:000199c0       ?Destruct@?$QMetaTypeFunctionHelper@V?$QList@PAVQObject@@@@$00@QtMetaTypePrivate@@SAXPAX@Z 0041a9c0 f i moc_workmodels.obj
 0001:00019a30       ?MachineConfigChanged@TargetMachineObject@@QAEXXZ 0041aa30 f   moc_workmodels.obj
 0001:00019a50       ?UnitChanged@OperationParamObject@@QAEXXZ 0041aa50 f   moc_workmodels.obj
 0001:00019a70       ?administratorChanged@AdministratorChecker@@QAEXXZ 0041aa70 f   moc_workmodels.obj
 0001:00019a90       ?advance@?$IteratorOwnerCommon@Vconst_iterator@?$QList@PAVQObject@@@@@QtMetaTypePrivate@@SAXPAPAXH@Z 0041aa90 f i moc_workmodels.obj
 0001:00019a90       ?advance@?$IteratorOwnerCommon@Vconst_iterator@?$QList@H@@@QtMetaTypePrivate@@SAXPAPAXH@Z 0041aa90 f i moc_workmodels.obj
 0001:00019aa0       ?assign@?$IteratorOwnerCommon@Vconst_iterator@?$QList@PAVQObject@@@@@QtMetaTypePrivate@@SAXPAPAXPBQAX@Z 0041aaa0 f i moc_workmodels.obj
 0001:00019aa0       ?assign@?$IteratorOwnerCommon@Vconst_iterator@?$QList@H@@@QtMetaTypePrivate@@SAXPAPAXPBQAX@Z 0041aaa0 f i moc_workmodels.obj
 0001:00019ac0       ?boolValueChanged@OperationParamObject@@QAEXXZ 0041aac0 f   moc_workmodels.obj
 0001:00019ae0       ?bottomValueChanged@OperationParamObject@@QAEXXZ 0041aae0 f   moc_workmodels.obj
 0001:00019b00       ?convert@?$ConverterFunctor@V?$QList@H@@VQSequentialIterableImpl@QtMetaTypePrivate@@U?$QSequentialIterableConvertFunctor@V?$QList@H@@@3@@QtPrivate@@SA_NPBUAbstractConverterFunction@2@PBXPAX@Z 0041ab00 f i moc_workmodels.obj
 0001:00019ba0       ?convert@?$ConverterFunctor@V?$QList@PAVQObject@@@@VQSequentialIterableImpl@QtMetaTypePrivate@@U?$QSequentialIterableConvertFunctor@V?$QList@PAVQObject@@@@@3@@QtPrivate@@SA_NPBUAbstractConverterFunction@2@PBXPAX@Z 0041aba0 f i moc_workmodels.obj
 0001:00019c40       ?currentIndexChanged@OperationParamSelector@@QAEXXZ 0041ac40 f   moc_workmodels.obj
 0001:00019c60       ?destroy@?$IteratorOwnerCommon@Vconst_iterator@?$QList@PAVQObject@@@@@QtMetaTypePrivate@@SAXPAPAX@Z 0041ac60 f i moc_workmodels.obj
 0001:00019c60       ?destroy@?$IteratorOwnerCommon@Vconst_iterator@?$QList@H@@@QtMetaTypePrivate@@SAXPAPAX@Z 0041ac60 f i moc_workmodels.obj
 0001:00019c80       ?display@OperationParamObject@@QBE?AVQString@@XZ 0041ac80 f i moc_workmodels.obj
 0001:00019ca0       ?displayChanged@OperationParamObject@@QAEXXZ 0041aca0 f   moc_workmodels.obj
 0001:00019cc0       ?equal@?$IteratorOwnerCommon@Vconst_iterator@?$QList@H@@@QtMetaTypePrivate@@SA_NPBQAX0@Z 0041acc0 f i moc_workmodels.obj
 0001:00019cc0       ?equal@?$IteratorOwnerCommon@Vconst_iterator@?$QList@PAVQObject@@@@@QtMetaTypePrivate@@SA_NPBQAX0@Z 0041acc0 f i moc_workmodels.obj
 0001:00019ce0       ?floatValueChanged@OperationParamObject@@QAEXXZ 0041ace0 f   moc_workmodels.obj
 0001:00019d00       ?getLicenseNumber@TargetMachineObject@@QBE?AVQString@@XZ 0041ad00 f i moc_workmodels.obj
 0001:00019d20       ?getParamListModel@PlanSelector@@QAE?AV?$QList@PAVQObject@@@@XZ 0041ad20 f i moc_workmodels.obj
 0001:00019d40       ?getParamModel@OperationParamSelector@@QAE?AV?$QList@PAVQObject@@@@XZ 0041ad40 f i moc_workmodels.obj
 0001:00019d60       ?intListValue@OperationParamObject@@QAE?AV?$QList@H@@XZ 0041ad60 f i moc_workmodels.obj
 0001:00019d80       ?intListValueChanged@OperationParamObject@@QAEXXZ 0041ad80 f   moc_workmodels.obj
 0001:00019da0       ?integerValueChanged@OperationParamObject@@QAEXXZ 0041ada0 f   moc_workmodels.obj
 0001:00019dc0       ?metaObject@AdministratorChecker@@UBEPBUQMetaObject@@XZ 0041adc0 f   moc_workmodels.obj
 0001:00019de0       ?metaObject@ConfigFileConverter@@UBEPBUQMetaObject@@XZ 0041ade0 f   moc_workmodels.obj
 0001:00019e00       ?metaObject@OperationParamObject@@UBEPBUQMetaObject@@XZ 0041ae00 f   moc_workmodels.obj
 0001:00019e20       ?metaObject@OperationParamSelector@@UBEPBUQMetaObject@@XZ 0041ae20 f   moc_workmodels.obj
 0001:00019e40       ?metaObject@PlanController@@UBEPBUQMetaObject@@XZ 0041ae40 f   moc_workmodels.obj
 0001:00019e60       ?metaObject@PlanSelector@@UBEPBUQMetaObject@@XZ 0041ae60 f   moc_workmodels.obj
 0001:00019e80       ?metaObject@StatusViewWatcher@@UBEPBUQMetaObject@@XZ 0041ae80 f   moc_workmodels.obj
 0001:00019ea0       ?metaObject@TargetMachineObject@@UBEPBUQMetaObject@@XZ 0041aea0 f   moc_workmodels.obj
 0001:00019ec0       ?nameChanged@OperationParamObject@@QAEXXZ 0041aec0 f   moc_workmodels.obj
 0001:00019ee0       ?op_eq_impl@?$QList@H@@ABE_NABV1@UArrayCompatibleLayout@QListData@@@Z 0041aee0 f i moc_workmodels.obj
 0001:00019ee0       ?op_eq_impl@?$QList@PAVQObject@@@@ABE_NABV1@UArrayCompatibleLayout@QListData@@@Z 0041aee0 f i moc_workmodels.obj
 0001:00019f50       ?op_eq_impl@?$QList@VQString@@@@ABE_NABV1@UArrayCompatibleLayout@QListData@@@Z 0041af50 f i moc_workmodels.obj
 0001:00019fc0       ?operationListModel@PlanSelector@@QAE?AVQStringList@@XZ 0041afc0 f i moc_workmodels.obj
 0001:00019fe0       ?operationModel@OperationParamSelector@@QAE?AVQStringList@@XZ 0041afe0 f i moc_workmodels.obj
 0001:0001a000       ?operationNameChanged@SingleOperationObject@@QAEXXZ 0041b000 f   moc_workmodels.obj
 0001:0001a020       ?pageNameChanged@OperationParamSelector@@QAEXXZ 0041b020 f   moc_workmodels.obj
 0001:0001a040       ?paramListModelChanged@PlanSelector@@QAEXXZ 0041b040 f   moc_workmodels.obj
 0001:0001a060       ?paramModelChanged@OperationParamSelector@@QAEXXZ 0041b060 f   moc_workmodels.obj
 0001:0001a080       ?planCheckStatusChanged@PlanSelector@@QAEXABVQJsonObject@@@Z 0041b080 f   moc_workmodels.obj
 0001:0001a0b0       ?qt_metacall@AdministratorChecker@@UAEHW4Call@QMetaObject@@HPAPAX@Z 0041b0b0 f   moc_workmodels.obj
 0001:0001a160       ?qt_metacall@ConfigFileConverter@@UAEHW4Call@QMetaObject@@HPAPAX@Z 0041b160 f   moc_workmodels.obj
 0001:0001a1c0       ?qt_metacall@OperationParamObject@@UAEHW4Call@QMetaObject@@HPAPAX@Z 0041b1c0 f   moc_workmodels.obj
 0001:0001a260       ?qt_metacall@OperationParamSelector@@UAEHW4Call@QMetaObject@@HPAPAX@Z 0041b260 f   moc_workmodels.obj
 0001:0001a310       ?qt_metacall@PlanController@@UAEHW4Call@QMetaObject@@HPAPAX@Z 0041b310 f   moc_workmodels.obj
 0001:0001a370       ?qt_metacall@PlanSelector@@UAEHW4Call@QMetaObject@@HPAPAX@Z 0041b370 f   moc_workmodels.obj
 0001:0001a420       ?qt_metacall@StatusViewWatcher@@UAEHW4Call@QMetaObject@@HPAPAX@Z 0041b420 f   moc_workmodels.obj
 0001:0001a480       ?qt_metacall@TargetMachineObject@@UAEHW4Call@QMetaObject@@HPAPAX@Z 0041b480 f   moc_workmodels.obj
 0001:0001a540       ?qt_metacast@AdministratorChecker@@UAEPAXPBD@Z 0041b540 f   moc_workmodels.obj
 0001:0001a5a0       ?qt_metacast@ConfigFileConverter@@UAEPAXPBD@Z 0041b5a0 f   moc_workmodels.obj
 0001:0001a600       ?qt_metacast@OperationParamObject@@UAEPAXPBD@Z 0041b600 f   moc_workmodels.obj
 0001:0001a6a0       ?qt_metacast@OperationParamSelector@@UAEPAXPBD@Z 0041b6a0 f   moc_workmodels.obj
 0001:0001a700       ?qt_metacast@PlanController@@UAEPAXPBD@Z 0041b700 f   moc_workmodels.obj
 0001:0001a760       ?qt_metacast@PlanSelector@@UAEPAXPBD@Z 0041b760 f   moc_workmodels.obj
 0001:0001a7c0       ?qt_metacast@StatusViewWatcher@@UAEPAXPBD@Z 0041b7c0 f   moc_workmodels.obj
 0001:0001a820       ?qt_metacast@TargetMachineObject@@UAEPAXPBD@Z 0041b820 f   moc_workmodels.obj
 0001:0001a8c0       ?qt_metatype_id@?$QMetaTypeId@V?$QList@H@@@@SAHXZ 0041b8c0 f i moc_workmodels.obj
 0001:0001a9e0       ?qt_metatype_id@?$QMetaTypeId@V?$QList@PAVQObject@@@@@@SAHXZ 0041b9e0 f i moc_workmodels.obj
 0001:0001aa80       ?qt_metatype_id@?$QMetaTypeId@VQSequentialIterableImpl@QtMetaTypePrivate@@@@SAHXZ 0041ba80 f i moc_workmodels.obj
 0001:0001ab10       ?qt_static_metacall@AdministratorChecker@@CAXPAVQObject@@W4Call@QMetaObject@@HPAPAX@Z 0041bb10 f   moc_workmodels.obj
 0001:0001ab90       ?qt_static_metacall@ConfigFileConverter@@CAXPAVQObject@@W4Call@QMetaObject@@HPAPAX@Z 0041bb90 f   moc_workmodels.obj
 0001:0001abe0       ?qt_static_metacall@OperationParamObject@@CAXPAVQObject@@W4Call@QMetaObject@@HPAPAX@Z 0041bbe0 f   moc_workmodels.obj
 0001:0001b0c0       ?qt_static_metacall@OperationParamSelector@@CAXPAVQObject@@W4Call@QMetaObject@@HPAPAX@Z 0041c0c0 f   moc_workmodels.obj
 0001:0001b370       ?qt_static_metacall@PlanController@@CAXPAVQObject@@W4Call@QMetaObject@@HPAPAX@Z 0041c370 f   moc_workmodels.obj
 0001:0001b400       ?qt_static_metacall@PlanSelector@@CAXPAVQObject@@W4Call@QMetaObject@@HPAPAX@Z 0041c400 f   moc_workmodels.obj
 0001:0001b8a0       ?qt_static_metacall@SingleOperationObject@@CAXPAVQObject@@W4Call@QMetaObject@@HPAPAX@Z 0041c8a0 f   moc_workmodels.obj
 0001:0001b950       ?qt_static_metacall@StatusViewWatcher@@CAXPAVQObject@@W4Call@QMetaObject@@HPAPAX@Z 0041c950 f   moc_workmodels.obj
 0001:0001bb20       ?qt_static_metacall@TargetMachineObject@@CAXPAVQObject@@W4Call@QMetaObject@@HPAPAX@Z 0041cb20 f   moc_workmodels.obj
 0001:0001bc80       ?registerConverter@?$ValueTypeIsMetaType@V?$QList@H@@$00@QtPrivate@@SA_NH@Z 0041cc80 f i moc_workmodels.obj
 0001:0001bd10       ?registerConverter@?$ValueTypeIsMetaType@V?$QList@PAVQObject@@@@$00@QtPrivate@@SA_NH@Z 0041cd10 f i moc_workmodels.obj
 0001:0001bda0       ?setBoolValue@OperationParamObject@@QAEX_N@Z 0041cda0 f i moc_workmodels.obj
 0001:0001bdd0       ?setBottomValue@OperationParamObject@@QAEXH@Z 0041cdd0 f i moc_workmodels.obj
 0001:0001be00       ?setDisplay@OperationParamObject@@QAEXABVQString@@@Z 0041ce00 f i moc_workmodels.obj
 0001:0001be40       ?setFloatValue@OperationParamObject@@QAEXN@Z 0041ce40 f i moc_workmodels.obj
 0001:0001be80       ?setIntListValue@OperationParamObject@@QAEXABV?$QList@H@@@Z 0041ce80 f i moc_workmodels.obj
 0001:0001bf60       ?setIntegerValue@OperationParamObject@@QAEXH@Z 0041cf60 f i moc_workmodels.obj
 0001:0001bf90       ?setName@OperationParamObject@@QAEXABVQString@@@Z 0041cf90 f i moc_workmodels.obj
 0001:0001bfd0       ?setOperationName@SingleOperationObject@@QAEXABVQString@@@Z 0041cfd0 f i moc_workmodels.obj
 0001:0001c010       ?setParamListModel@PlanSelector@@QAEXABV?$QList@PAVQObject@@@@@Z 0041d010 f i moc_workmodels.obj
 0001:0001c0f0       ?setParamModel@OperationParamSelector@@QAEXABV?$QList@PAVQObject@@@@@Z 0041d0f0 f i moc_workmodels.obj
 0001:0001c1d0       ?setStringValue@OperationParamObject@@QAEXABVQString@@@Z 0041d1d0 f i moc_workmodels.obj
 0001:0001c210       ?setStringlistValue@OperationParamObject@@QAEXABVQStringList@@@Z 0041d210 f i moc_workmodels.obj
 0001:0001c290       ?setSwitchValue@OperationParamObject@@QAEXABVQString@@@Z 0041d290 f i moc_workmodels.obj
 0001:0001c2d0       ?setTopValue@OperationParamObject@@QAEXH@Z 0041d2d0 f i moc_workmodels.obj
 0001:0001c300       ?setUnit@OperationParamObject@@QAEXABVQString@@@Z 0041d300 f i moc_workmodels.obj
 0001:0001c340       ?settype@OperationParamObject@@QAEXABVQString@@@Z 0041d340 f i moc_workmodels.obj
 0001:0001c380       ?statusChanged@StatusViewWatcher@@QAEXABVQJsonObject@@@Z 0041d380 f   moc_workmodels.obj
 0001:0001c3b0       ?stringListValue@OperationParamObject@@QBE?AVQStringList@@XZ 0041d3b0 f i moc_workmodels.obj
 0001:0001c3d0       ?stringValue@OperationParamObject@@QBE?AVQString@@XZ 0041d3d0 f i moc_workmodels.obj
 0001:0001c3f0       ?stringValueChanged@OperationParamObject@@QAEXXZ 0041d3f0 f   moc_workmodels.obj
 0001:0001c410       ?stringlistValueChanged@OperationParamObject@@QAEXXZ 0041d410 f   moc_workmodels.obj
 0001:0001c430       ?switchValue@OperationParamObject@@QBE?AVQString@@XZ 0041d430 f i moc_workmodels.obj
 0001:0001c450       ?switchValueChanged@OperationParamObject@@QAEXXZ 0041d450 f   moc_workmodels.obj
 0001:0001c470       ?taskStateChanged@PlanController@@QAEX_N@Z 0041d470 f   moc_workmodels.obj
 0001:0001c4a0       ?topValueChanged@OperationParamObject@@QAEXXZ 0041d4a0 f   moc_workmodels.obj
 0001:0001c4c0       ?type@OperationParamObject@@QBE?AVQString@@XZ 0041d4c0 f i moc_workmodels.obj
 0001:0001c4e0       ?typeChanged@OperationParamObject@@QAEXXZ 0041d4e0 f   moc_workmodels.obj
 0001:0001c500       ?unit@OperationParamObject@@QBE?AVQString@@XZ 0041d500 f i moc_workmodels.obj
 0001:0001c520       ?workLocationTypeChanged@StatusViewWatcher@@QAEXXZ 0041d520 f   moc_workmodels.obj
 0001:0001c534       _MiniDumpWriteDump@28      0041d534 f   DbgHelp:dbghelp.dll
 0001:0001c53a       ?fixup@QValidator@@UBEXAAVQString@@@Z 0041d53a f   Qt5Gui:Qt5Gui.dll
 0001:0001c540       ?metaObject@QDoubleValidator@@UBEPBUQMetaObject@@XZ 0041d540 f   Qt5Gui:Qt5Gui.dll
 0001:0001c546       ?qt_metacall@QDoubleValidator@@UAEHW4Call@QMetaObject@@HPAPAX@Z 0041d546 f   Qt5Gui:Qt5Gui.dll
 0001:0001c54c       ?qt_metacast@QDoubleValidator@@UAEPAXPBD@Z 0041d54c f   Qt5Gui:Qt5Gui.dll
 0001:0001c552       ?setRange@QDoubleValidator@@UAEXNNH@Z 0041d552 f   Qt5Gui:Qt5Gui.dll
 0001:0001c558       ?childEvent@QObject@@MAEXPAVQChildEvent@@@Z 0041d558 f   Qt5Core:Qt5Core.dll
 0001:0001c55e       ?connectNotify@QObject@@MAEXABVQMetaMethod@@@Z 0041d55e f   Qt5Core:Qt5Core.dll
 0001:0001c564       ?customEvent@QObject@@MAEXPAVQEvent@@@Z 0041d564 f   Qt5Core:Qt5Core.dll
 0001:0001c56a       ?disconnectNotify@QObject@@MAEXABVQMetaMethod@@@Z 0041d56a f   Qt5Core:Qt5Core.dll
 0001:0001c570       ?event@QObject@@UAE_NPAVQEvent@@@Z 0041d570 f   Qt5Core:Qt5Core.dll
 0001:0001c576       ?eventFilter@QObject@@UAE_NPAV1@PAVQEvent@@@Z 0041d576 f   Qt5Core:Qt5Core.dll
 0001:0001c57c       ?timerEvent@QObject@@MAEXPAVQTimerEvent@@@Z 0041d57c f   Qt5Core:Qt5Core.dll
 0001:0001c582       ?qRegisterResourceData@@YA_NHPBE00@Z 0041d582 f   Qt5Core:Qt5Core.dll
 0001:0001c588       ?qUnregisterResourceData@@YA_NHPBE00@Z 0041d588 f   Qt5Core:Qt5Core.dll
 0001:0001c58e       @__security_check_cookie@4 0041d58e f   MSVCRT:_secchk_.obj
 0001:0001c59f       ??2@YAPAXI@Z               0041d59f f   MSVCRT:new_scalar.obj
 0001:0001c5d2       ??3@YAXPAXI@Z              0041d5d2 f   MSVCRT:delete_scalar_size.obj
 0001:0001c6a0       ??$__crt_fast_encode_pointer@P6GXPAU_RTL_CONDITION_VARIABLE@@@Z@@YAP6GXPAU_RTL_CONDITION_VARIABLE@@@ZQ6GX0@Z@Z 0041d6a0 f i MSVCRT:thread_safe_statics.obj
 0001:0001c6a0       ??$__crt_fast_encode_pointer@P6GHPAU_RTL_CONDITION_VARIABLE@@PAU_RTL_CRITICAL_SECTION@@K@Z@@YAP6GHPAU_RTL_CONDITION_VARIABLE@@PAU_RTL_CRITICAL_SECTION@@K@ZQ6GH01K@Z@Z 0041d6a0 f i MSVCRT:thread_safe_statics.obj
 0001:0001c6d9       __Init_thread_footer       0041d6d9 f   MSVCRT:thread_safe_statics.obj
 0001:0001c718       __Init_thread_header       0041d718 f   MSVCRT:thread_safe_statics.obj
 0001:0001c75e       __Init_thread_lock         0041d75e f   MSVCRT:thread_safe_statics.obj
 0001:0001c76a       __Init_thread_notify       0041d76a f   MSVCRT:thread_safe_statics.obj
 0001:0001c7ab       __Init_thread_unlock       0041d7ab f   MSVCRT:thread_safe_statics.obj
 0001:0001c7b7       __Init_thread_wait         0041d7b7 f   MSVCRT:thread_safe_statics.obj
 0001:0001c81c       ??_Etype_info@@UAEPAXI@Z   0041d81c f i MSVCRT:std_type_info_static.obj
 0001:0001c81c       ??_Gtype_info@@UAEPAXI@Z   0041d81c f i MSVCRT:std_type_info_static.obj
 0001:0001c883       ___scrt_acquire_startup_lock 0041d883 f   MSVCRT:utility.obj
 0001:0001c8b8       ___scrt_initialize_crt     0041d8b8 f   MSVCRT:utility.obj
 0001:0001c8f1       ___scrt_initialize_onexit_tables 0041d8f1 f   MSVCRT:utility.obj
 0001:0001c988       ___scrt_is_nonwritable_in_current_image 0041d988 f   MSVCRT:utility.obj
 0001:0001ca12       ___scrt_release_startup_lock 0041da12 f   MSVCRT:utility.obj
 0001:0001ca2f       ___scrt_uninitialize_crt   0041da2f f   MSVCRT:utility.obj
 0001:0001ca57       __onexit                   0041da57 f   MSVCRT:utility.obj
 0001:0001ca92       _atexit                    0041da92 f   MSVCRT:utility.obj
 0001:0001cccd       _WinMainCRTStartup         0041dccd f   MSVCRT:exe_winmain.obj
 0001:0001ccd7       ___raise_securityfailure   0041dcd7 f   MSVCRT:gs_report.obj
 0001:0001ccff       ___report_gsfailure        0041dcff f   MSVCRT:gs_report.obj
 0001:0001cdfa       ??0bad_alloc@std@@QAE@ABV01@@Z 0041ddfa f i MSVCRT:throw_bad_alloc.obj
 0001:0001ce15       ??0bad_alloc@std@@QAE@XZ   0041de15 f i MSVCRT:throw_bad_alloc.obj
 0001:0001ce2d       ??0bad_array_new_length@std@@QAE@ABV01@@Z 0041de2d f i MSVCRT:throw_bad_alloc.obj
 0001:0001ce48       ??0bad_array_new_length@std@@QAE@XZ 0041de48 f i MSVCRT:throw_bad_alloc.obj
 0001:0001ce60       ??0exception@std@@QAE@ABV01@@Z 0041de60 f i MSVCRT:throw_bad_alloc.obj
 0001:0001ce8c       ??1bad_array_new_length@std@@UAE@XZ 0041de8c f i MSVCRT:throw_bad_alloc.obj
 0001:0001ce8c       ??1bad_alloc@std@@UAE@XZ   0041de8c f i MSVCRT:throw_bad_alloc.obj
 0001:0001ce9d       ??_Ebad_alloc@std@@UAEPAXI@Z 0041de9d f i MSVCRT:throw_bad_alloc.obj
 0001:0001ce9d       ??_Gbad_array_new_length@std@@UAEPAXI@Z 0041de9d f i MSVCRT:throw_bad_alloc.obj
 0001:0001ce9d       ??_Eexception@std@@UAEPAXI@Z 0041de9d f i MSVCRT:throw_bad_alloc.obj
 0001:0001ce9d       ??_Ebad_array_new_length@std@@UAEPAXI@Z 0041de9d f i MSVCRT:throw_bad_alloc.obj
 0001:0001ce9d       ??_Gexception@std@@UAEPAXI@Z 0041de9d f i MSVCRT:throw_bad_alloc.obj
 0001:0001ce9d       ??_Gbad_alloc@std@@UAEPAXI@Z 0041de9d f i MSVCRT:throw_bad_alloc.obj
 0001:0001ceca       ?__scrt_throw_std_bad_alloc@@YAXXZ 0041deca f   MSVCRT:throw_bad_alloc.obj
 0001:0001cee7       ?__scrt_throw_std_bad_array_new_length@@YAXXZ 0041dee7 f   MSVCRT:throw_bad_alloc.obj
 0001:0001cf04       ?what@exception@std@@UBEPBDXZ 0041df04 f i MSVCRT:throw_bad_alloc.obj
 0001:0001cf11       ??3@YAXPAX@Z               0041df11 f   MSVCRT:delete_scalar.obj
 0001:0001cf16       ___scrt_fastfail           0041df16 f   MSVCRT:utility_desktop.obj
 0001:0001d031       ___scrt_get_show_window_mode 0041e031 f   MSVCRT:utility_desktop.obj
 0001:0001d064       ___scrt_is_managed_app     0041e064 f   MSVCRT:utility_desktop.obj
[...]
 0002:000541a0       __ehfuncinfo$?qt_metatype_id@?$QMetaTypeIdQObject@PAVOperationParamObject@@$07@@SAHXZ 004771a0     main.obj
 0002:000541a0       __ehfuncinfo$?qt_metatype_id@?$QMetaTypeIdQObject@PAVPlanSelector@@$07@@SAHXZ 004771a0     main.obj
 0002:000541c4       __unwindtable$??$createInto@VTextFieldDoubleValidator@@@QQmlPrivate@@YAXPAX@Z 004771c4     main.obj
 0002:000541c4       __unwindtable$??$createInto@VOperationParamSelector@@@QQmlPrivate@@YAXPAX@Z 004771c4     main.obj
 0002:000541c4       __unwindtable$??$createInto@VPlanController@@@QQmlPrivate@@YAXPAX@Z 004771c4     main.obj
 0002:000541c4       __unwindtable$??$createInto@VStatusViewWatcher@@@QQmlPrivate@@YAXPAX@Z 004771c4     main.obj
 0002:000541c4       __unwindtable$??$createInto@VOperationParamObject@@@QQmlPrivate@@YAXPAX@Z 004771c4     main.obj
 0002:000541c4       __unwindtable$??$createInto@VPlanSelector@@@QQmlPrivate@@YAXPAX@Z 004771c4     main.obj
 0002:000541cc       __ehfuncinfo$??$createInto@VPlanController@@@QQmlPrivate@@YAXPAX@Z 004771cc     main.obj
 0002:000541cc       __ehfuncinfo$??$createInto@VOperationParamObject@@@QQmlPrivate@@YAXPAX@Z 004771cc     main.obj
 0002:000541cc       __ehfuncinfo$??$createInto@VPlanSelector@@@QQmlPrivate@@YAXPAX@Z 004771cc     main.obj
 0002:000541cc       __ehfuncinfo$??$createInto@VTextFieldDoubleValidator@@@QQmlPrivate@@YAXPAX@Z 004771cc     main.obj
 0002:000541cc       __ehfuncinfo$??$createInto@VStatusViewWatcher@@@QQmlPrivate@@YAXPAX@Z 004771cc     main.obj
 0002:000541cc       __ehfuncinfo$??$createInto@VOperationParamSelector@@@QQmlPrivate@@YAXPAX@Z 004771cc     main.obj
 0002:000541f0       __unwindtable$??_G?$QQmlElement@VTextFieldDoubleValidator@@@QQmlPrivate@@UAEPAXI@Z 004771f0     main.obj
 0002:000541f0       __unwindtable$??1SingleOperationData@@QAE@XZ 004771f0     configfilehandler.obj
 0002:000541f0       __unwindtable$??_GPlanController@@UAEPAXI@Z 004771f0     workmodels.obj
 0002:000541f0       __unwindtable$??_G?$QQmlElement@VOperationParamSelector@@@QQmlPrivate@@UAEPAXI@Z 004771f0     main.obj
 0002:000541f0       __unwindtable$??_GSingleOperationData@@QAEPAXI@Z 004771f0     configfilehandler.obj
 0002:000541f0       __unwindtable$??_G?$QQmlElement@VPlanSelector@@@QQmlPrivate@@UAEPAXI@Z 004771f0     main.obj
 0002:000541f0       __unwindtable$??1OperationParamData@@QAE@XZ 004771f0     configfilehandler.obj
 0002:000541f0       __unwindtable$??_G?$QQmlElement@VStatusViewWatcher@@@QQmlPrivate@@UAEPAXI@Z 004771f0     main.obj
 0002:000541f0       __unwindtable$??1?$QForeachContainer@$$CBV?$QList@VSingleOperationData@@@@@@QAE@XZ 004771f0     environmentvariant.obj
 0002:000541f0       __unwindtable$??_G?$QQmlElement@VPlanController@@@QQmlPrivate@@UAEPAXI@Z 004771f0     main.obj
 0002:000541f0       __unwindtable$??_G?$QQmlElement@VOperationParamObject@@@QQmlPrivate@@UAEPAXI@Z 004771f0     main.obj
 0002:000541f8       __ehfuncinfo$??_G?$QQmlElement@VStatusViewWatcher@@@QQmlPrivate@@UAEPAXI@Z 004771f8     main.obj
 0002:000541f8       __ehfuncinfo$??1?$QForeachContainer@$$CBV?$QList@VSingleOperationData@@@@@@QAE@XZ 004771f8     environmentvariant.obj
 0002:000541f8       __ehfuncinfo$??_G?$QQmlElement@VPlanSelector@@@QQmlPrivate@@UAEPAXI@Z 004771f8     main.obj
 0002:000541f8       __ehfuncinfo$??_GSingleOperationData@@QAEPAXI@Z 004771f8     configfilehandler.obj
 0002:000541f8       __ehfuncinfo$??_G?$QQmlElement@VOperationParamSelector@@@QQmlPrivate@@UAEPAXI@Z 004771f8     main.obj
 0002:000541f8       __ehfuncinfo$??1OperationParamData@@QAE@XZ 004771f8     configfilehandler.obj
 0002:000541f8       __ehfuncinfo$??_G?$QQmlElement@VPlanController@@@QQmlPrivate@@UAEPAXI@Z 004771f8     main.obj
 0002:000541f8       __ehfuncinfo$??_G?$QQmlElement@VOperationParamObject@@@QQmlPrivate@@UAEPAXI@Z 004771f8     main.obj
 0002:000541f8       __ehfuncinfo$??_GPlanController@@UAEPAXI@Z 004771f8     workmodels.obj
 0002:000541f8       __ehfuncinfo$??_G?$QQmlElement@VTextFieldDoubleValidator@@@QQmlPrivate@@UAEPAXI@Z 004771f8     main.obj
 0002:000541f8       __ehfuncinfo$??1SingleOperationData@@QAE@XZ 004771f8     configfilehandler.obj
 0002:0005421c       __catchsym$??0?$QList@PAVQObject@@@@QAE@ABV0@@Z$7 0047721c     workmodels.obj
 0002:0005421c       __catchsym$??0?$QList@H@@QAE@ABV0@@Z$7 0047721c     configfilehandler.obj
 0002:0005422c       __unwindtable$??0?$QList@H@@QAE@ABV0@@Z 0047722c     configfilehandler.obj
 0002:0005422c       __unwindtable$??0?$QList@PAVQObject@@@@QAE@ABV0@@Z 0047722c     workmodels.obj
 0002:0005423c       __tryblocktable$??0?$QList@PAVQObject@@@@QAE@ABV0@@Z 0047723c     workmodels.obj
 0002:0005423c       __tryblocktable$??0?$QList@H@@QAE@ABV0@@Z 0047723c     configfilehandler.obj
 0002:00054250       __ehfuncinfo$??0?$QList@H@@QAE@ABV0@@Z 00477250     configfilehandler.obj
 0002:00054250       __ehfuncinfo$??0?$QList@PAVQObject@@@@QAE@ABV0@@Z 00477250     workmodels.obj
 0002:00054274       __ehfuncinfo$?setSelectedOperation@OperationParamSelector@@QAEXH@Z 00477274     workmodels.obj
 0002:00054298       __unwindtable$?setSelectedOperation@OperationParamSelector@@QAEXH@Z 00477298     workmodels.obj
 0002:00054300       __unwindtable$?getSwitch@PlanSelector@@QAEPAVQObject@@ABVQString@@@Z 00477300     workmodels.obj
 0002:00054300       __unwindtable$?getSwitch@OperationParamSelector@@QAEPAVQObject@@ABVQString@@@Z 00477300     workmodels.obj
 0002:00054318       __ehfuncinfo$?getSwitch@OperationParamSelector@@QAEPAVQObject@@ABVQString@@@Z 00477318     workmodels.obj
 0002:00054318       __ehfuncinfo$?getSwitch@PlanSelector@@QAEPAVQObject@@ABVQString@@@Z 00477318     workmodels.obj
 0002:0005433c       __ehfuncinfo$?onCompleteSingleOperation@OperationParamSelector@@QAEXXZ 0047733c     workmodels.obj
 0002:00054360       __unwindtable$?onCompleteSingleOperation@OperationParamSelector@@QAEXXZ 00477360     workmodels.obj
 0002:000543a0       __unwindtable$??0PlanSelector@@QAE@PAVQObject@@@Z 004773a0     workmodels.obj
 0002:000543c0       __ehfuncinfo$??0PlanSelector@@QAE@PAVQObject@@@Z 004773c0     workmodels.obj
 0002:000543e4       __unwindtable$??1PlanSelector@@UAE@XZ 004773e4     workmodels.obj
 0002:000543f4       __ehfuncinfo$??1PlanSelector@@UAE@XZ 004773f4     workmodels.obj
 0002:00054418       __ehfuncinfo$?setSelectedStep@PlanSelector@@QAEXHH@Z 00477418     workmodels.obj
 0002:0005443c       __unwindtable$?setSelectedStep@PlanSelector@@QAEXHH@Z 0047743c     workmodels.obj
 0002:000544a4       __ehfuncinfo$?setSelectedOperation@PlanSelector@@QAEXHHH@Z 004774a4     workmodels.obj
 0002:000544c8       __unwindtable$?setSelectedOperation@PlanSelector@@QAEXHHH@Z 004774c8     workmodels.obj
 0002:00054550       __unwindtable$??_GStatusViewWatcher@@UAEPAXI@Z 00477550     workmodels.obj
 0002:00054558       __ehfuncinfo$??_GStatusViewWatcher@@UAEPAXI@Z 00477558     workmodels.obj
 0002:0005457c       __unwindtable$?onMachineConfigChanged@TargetMachineObject@@QAE_NXZ 0047757c     workmodels.obj
 0002:00054584       __ehfuncinfo$?onMachineConfigChanged@TargetMachineObject@@QAE_NXZ 00477584     workmodels.obj
 0002:000545a8       __ehfuncinfo$?doCheck@SubThreadCheckWorker@@QAEXABVQJsonObject@@@Z 004775a8     workflowChecker.obj
 0002:000545cc       __unwindtable$?doCheck@SubThreadCheckWorker@@QAEXABVQJsonObject@@@Z 004775cc     workflowChecker.obj
 0002:000546c4       __ehfuncinfo$?configChecker@SubThreadCheckWorker@@QAEXABVQJsonArray@@@Z 004776c4     workflowChecker.obj
 0002:000546e8       __unwindtable$?configChecker@SubThreadCheckWorker@@QAEXABVQJsonArray@@@Z 004776e8     workflowChecker.obj
 0002:00054770       __ehfuncinfo$?CheckBoardConstraint@SubThreadCheckWorker@@IAE_NABVQJsonObject@@@Z 00477770     workflowChecker.obj
 0002:00054794       __unwindtable$?CheckBoardConstraint@SubThreadCheckWorker@@IAE_NABVQJsonObject@@@Z 00477794     workflowChecker.obj
 0002:00054844       __ehfuncinfo$?CheckParamConstraint@SubThreadCheckWorker@@IAE_NABVQJsonObject@@@Z 00477844     workflowChecker.obj
 0002:00054868       __unwindtable$?CheckParamConstraint@SubThreadCheckWorker@@IAE_NABVQJsonObject@@@Z 00477868     workflowChecker.obj
 0002:000549d0       __ehfuncinfo$?isFilteredCommand@SubThreadCheckWorker@@IAE_NABVQJsonObject@@@Z 004779d0     workflowChecker.obj
 0002:000549f4       __unwindtable$?isFilteredCommand@SubThreadCheckWorker@@IAE_NABVQJsonObject@@@Z 004779f4     workflowChecker.obj
 0002:00054a7c       __ehfuncinfo$??1?$QList@VOperationParamData@@@@QAE@XZ 00477a7c     configfilehandler.obj
 0002:00054a7c       __ehfuncinfo$??1?$QMap@VQString@@VOperationParamData@@@@QAE@XZ 00477a7c     configfilehandler.obj
 0002:00054a7c       __ehfuncinfo$??1?$QMap@VQString@@V1@@@QAE@XZ 00477a7c     configfilehandler.obj
 0002:00054a7c       __ehfuncinfo$??1?$QMap@VQString@@VQStringList@@@@QAE@XZ 00477a7c     configfilehandler.obj
 0002:00054a7c       __ehfuncinfo$??1?$QList@U?$QPair@VQString@@V?$QList@VSingleOperationData@@@@@@@@QAE@XZ 00477a7c     configfilehandler.obj
 0002:00054a7c       __ehfuncinfo$??1?$QList@VSingleOperationData@@@@QAE@XZ 00477a7c     configfilehandler.obj
 0002:00054a7c       __ehfuncinfo$??1StatusViewWatcher@@UAE@XZ 00477a7c     workmodels.obj
 0002:00054a7c       __ehfuncinfo$??1?$QMap@VQString@@H@@QAE@XZ 00477a7c     workflowChecker.obj
 0002:00054a7c       __ehfuncinfo$??1?$QList@VQByteArray@@@@QAE@XZ 00477a7c     configfilehandler.obj
 0002:00054a7c       __ehfuncinfo$??1?$QList@H@@QAE@XZ 00477a7c     configfilehandler.obj
 0002:00054a7c       __ehfuncinfo$??1?$QList@PAVQObject@@@@QAE@XZ 00477a7c     main.obj
 0002:00054a7c       __ehfuncinfo$??1WorkflowCheckerController@@UAE@XZ 00477a7c     workflowChecker.obj
 0002:00054a7c       __ehfuncinfo$??1PlanController@@UAE@XZ 00477a7c     workmodels.obj
 0002:00054a7c       __ehfuncinfo$??1?$QList@VQString@@@@QAE@XZ 00477a7c     workflowprotocol.obj
 0002:00054a7c       __ehfuncinfo$??1WorkflowController@@UAE@XZ 00477a7c     workflowprotocol.obj
 0002:00054aa0       __ehfuncinfo$??0WorkflowCheckerController@@QAE@PAVQObject@@@Z 00477aa0     workflowChecker.obj
 0002:00054ac4       __unwindtable$??0WorkflowCheckerController@@QAE@PAVQObject@@@Z 00477ac4     workflowChecker.obj
 0002:00054af4       __unwindtable$?statusChanged@WorkflowCheckerController@@QAEXABVQJsonObject@@@Z 00477af4     workflowChecker.obj
 0002:00054af4       __unwindtable$?statusChanged@WorkflowController@@QAEXABVQJsonObject@@@Z 00477af4     workflowprotocol.obj
 0002:00054b04       __ehfuncinfo$?statusChanged@WorkflowCheckerController@@QAEXABVQJsonObject@@@Z 00477b04     workflowChecker.obj
 0002:00054b04       __ehfuncinfo$?statusChanged@WorkflowController@@QAEXABVQJsonObject@@@Z 00477b04     workflowprotocol.obj
 0002:00054b28       __unwindtable$??__Ff@?4??registerConverter@?$ValueTypeIsMetaType@V?$QList@H@@$00@QtPrivate@@SA_NH@Z@YAXXZ 00477b28     moc_workmodels.obj
 0002:00054b28       __unwindtable$??__Ff@?4??registerConverter@?$ValueTypeIsMetaType@V?$QList@PAVQObject@@@@$00@QtPrivate@@SA_NH@Z@YAXXZ 00477b28     moc_workmodels.obj
 0002:00054b28       __unwindtable$?Destruct@?$QMetaTypeFunctionHelper@V?$QList@H@@$00@QtMetaTypePrivate@@SAXPAX@Z 00477b28     moc_workmodels.obj
 0002:00054b28       __unwindtable$?Destruct@?$QMetaTypeFunctionHelper@V?$QList@PAVQObject@@@@$00@QtMetaTypePrivate@@SAXPAX@Z 00477b28     moc_workmodels.obj
 0002:00054b28       __unwindtable$??__Fdummy@?A0x60b45615@@YAXXZ 00477b28     qrc_qml.obj
 0002:00054b30       __ehfuncinfo$??__Ff@?4??registerConverter@?$ValueTypeIsMetaType@V?$QList@H@@$00@QtPrivate@@SA_NH@Z@YAXXZ 00477b30     moc_workmodels.obj
 0002:00054b30       __ehfuncinfo$??__Ff@?4??registerConverter@?$ValueTypeIsMetaType@V?$QList@PAVQObject@@@@$00@QtPrivate@@SA_NH@Z@YAXXZ 00477b30     moc_workmodels.obj
 0002:00054b30       __ehfuncinfo$??__Fdummy@?A0x60b45615@@YAXXZ 00477b30     qrc_qml.obj
 0002:00054b30       __ehfuncinfo$?Destruct@?$QMetaTypeFunctionHelper@V?$QList@PAVQObject@@@@$00@QtMetaTypePrivate@@SAXPAX@Z 00477b30     moc_workmodels.obj
 0002:00054b30       __ehfuncinfo$?Destruct@?$QMetaTypeFunctionHelper@V?$QList@H@@$00@QtMetaTypePrivate@@SAXPAX@Z 00477b30     moc_workmodels.obj
 0002:00054b54       __unwindtable$?qt_metatype_id@?$QMetaTypeId@VQSequentialIterableImpl@QtMetaTypePrivate@@@@SAHXZ 00477b54     moc_workmodels.obj
 0002:00054b54       __unwindtable$?qt_metatype_id@?$QMetaTypeId@V?$QList@PAVQObject@@@@@@SAHXZ 00477b54     moc_workmodels.obj
 0002:00054b5c       __ehfuncinfo$?qt_metatype_id@?$QMetaTypeId@VQSequentialIterableImpl@QtMetaTypePrivate@@@@SAHXZ 00477b5c     moc_workmodels.obj
 0002:00054b5c       __ehfuncinfo$?qt_metatype_id@?$QMetaTypeId@V?$QList@PAVQObject@@@@@@SAHXZ 00477b5c     moc_workmodels.obj
 0002:00054b80       __unwindtable$?qt_static_metacall@OperationParamSelector@@CAXPAVQObject@@W4Call@QMetaObject@@HPAPAX@Z 00477b80     moc_workmodels.obj
 0002:00054b88       __ehfuncinfo$?qt_static_metacall@OperationParamSelector@@CAXPAVQObject@@W4Call@QMetaObject@@HPAPAX@Z 00477b88     moc_workmodels.obj
 0002:00054bac       __unwindtable$?qt_static_metacall@PlanSelector@@CAXPAVQObject@@W4Call@QMetaObject@@HPAPAX@Z 00477bac     moc_workmodels.obj
 0002:00054bcc       __ehfuncinfo$?qt_static_metacall@PlanSelector@@CAXPAVQObject@@W4Call@QMetaObject@@HPAPAX@Z 00477bcc     moc_workmodels.obj
 0002:00054bf0       __unwindtable$?setParamListModel@PlanSelector@@QAEXABV?$QList@PAVQObject@@@@@Z 00477bf0     moc_workmodels.obj
 0002:00054bf0       __unwindtable$?setParamModel@OperationParamSelector@@QAEXABV?$QList@PAVQObject@@@@@Z 00477bf0     moc_workmodels.obj
 0002:00054bf0       __unwindtable$?clear@?$QList@UloopControl@SubThreadWorker@@@@QAEXXZ 00477bf0     workflowprotocol.obj
 0002:00054bf0       __unwindtable$??4OperationParamData@@QAEAAV0@ABV0@@Z 00477bf0     configfilehandler.obj
 0002:00054bf0       __unwindtable$?setIntListValue@OperationParamObject@@QAEXABV?$QList@H@@@Z 00477bf0     moc_workmodels.obj
 0002:00054bf8       __ehfuncinfo$?setIntListValue@OperationParamObject@@QAEXABV?$QList@H@@@Z 00477bf8     moc_workmodels.obj
 0002:00054bf8       __ehfuncinfo$?setParamListModel@PlanSelector@@QAEXABV?$QList@PAVQObject@@@@@Z 00477bf8     moc_workmodels.obj
 0002:00054bf8       __ehfuncinfo$?setParamModel@OperationParamSelector@@QAEXABV?$QList@PAVQObject@@@@@Z 00477bf8     moc_workmodels.obj
 0002:00054bf8       __ehfuncinfo$?clear@?$QList@UloopControl@SubThreadWorker@@@@QAEXXZ 00477bf8     workflowprotocol.obj
 0002:00054bf8       __ehfuncinfo$??4OperationParamData@@QAEAAV0@ABV0@@Z 00477bf8     configfilehandler.obj
 0002:00054c1c       __unwindtable$?qt_static_metacall@StatusViewWatcher@@CAXPAVQObject@@W4Call@QMetaObject@@HPAPAX@Z 00477c1c     moc_workmodels.obj
 0002:00054c2c       __ehfuncinfo$?qt_static_metacall@StatusViewWatcher@@CAXPAVQObject@@W4Call@QMetaObject@@HPAPAX@Z 00477c2c     moc_workmodels.obj
 0002:00054c50       __unwindtable$?qt_metatype_id@?$QMetaTypeId@V?$QList@H@@@@SAHXZ 00477c50     moc_workmodels.obj
 0002:00054c58       __ehfuncinfo$?qt_metatype_id@?$QMetaTypeId@V?$QList@H@@@@SAHXZ 00477c58     moc_workmodels.obj
 0002:00054c7c       __unwindtable$?Construct@?$QMetaTypeFunctionHelper@V?$QList@H@@$00@QtMetaTypePrivate@@SAPAXPAXPBX@Z 00477c7c     moc_workmodels.obj
 0002:00054c7c       __unwindtable$?Construct@?$QMetaTypeFunctionHelper@V?$QList@PAVQObject@@@@$00@QtMetaTypePrivate@@SAPAXPAXPBX@Z 00477c7c     moc_workmodels.obj
 0002:00054c84       __ehfuncinfo$?Construct@?$QMetaTypeFunctionHelper@V?$QList@PAVQObject@@@@$00@QtMetaTypePrivate@@SAPAXPAXPBX@Z 00477c84     moc_workmodels.obj
 0002:00054c84       __ehfuncinfo$?Construct@?$QMetaTypeFunctionHelper@V?$QList@H@@$00@QtMetaTypePrivate@@SAPAXPAXPBX@Z 00477c84     moc_workmodels.obj
 0002:00054ca8       __sehtable$___scrt_is_nonwritable_in_current_image 00477ca8     MSVCRT:utility.obj
 0002:00054cc8       __sehtable$?__scrt_common_main_seh@@YAHXZ 00477cc8     MSVCRT:exe_winmain.obj
 0002:00055428       .idata$6                   00478428     DbgHelp:dbghelp.dll
 0002:0005552c       .idata$6                   0047852c     Qt5Quick:Qt5Quick.dll
 0002:00055884       .idata$6                   00478884     Qt5Gui:Qt5Gui.dll
 0002:000559e0       .idata$6                   004789e0     Qt5Qml:Qt5Qml.dll
 0002:00055af2       .idata$6                   00478af2     Qt5Network:Qt5Network.dll
 0002:00057dfa       .idata$6                   0047adfa     Qt5Core:Qt5Core.dll
 0002:00057fec       .idata$6                   0047afec     kernel32:KERNEL32.dll
 0002:000580d0       .idata$6                   0047b0d0     vcruntime:VCRUNTIME140.dll
 0002:000582b0       .idata$6                   0047b2b0     ucrt:api-ms-win-crt-heap-l1-1-0.dll
 0002:000582d0       .idata$6                   0047b2d0     ucrt:api-ms-win-crt-runtime-l1-1-0.dll
 0002:000582f2       .idata$6                   0047b2f2     ucrt:api-ms-win-crt-math-l1-1-0.dll
 0002:00058312       .idata$6                   0047b312     ucrt:api-ms-win-crt-stdio-l1-1-0.dll
 0002:00058332       .idata$6                   0047b332     ucrt:api-ms-win-crt-locale-l1-1-0.dll
 0002:0005836a       .idata$6                   0047b36a     shell32:SHELL32.dll
 0003:00000748       ?_Tss_mutex@@3U_RTL_CRITICAL_SECTION@@A 0047c748     MSVCRT:thread_safe_statics.obj
 0003:00000760       ?_Tss_cv@@3U_RTL_CONDITION_VARIABLE@@A 0047c760     MSVCRT:thread_safe_statics.obj
 0003:00000764       ?_Tss_event@@3PAXA         0047c764     MSVCRT:thread_safe_statics.obj
 0003:00000768       ?encoded_sleep_condition_variable_cs@@3P6GHPAU_RTL_CONDITION_VARIABLE@@PAU_RTL_CRITICAL_SECTION@@K@ZA 0047c768     MSVCRT:thread_safe_statics.obj
 0003:0000076c       ?encoded_wake_all_condition_variable@@3P6GXPAU_RTL_CONDITION_VARIABLE@@@ZA 0047c76c     MSVCRT:thread_safe_statics.obj
 0003:0000077c       ?module_local_atexit_table@@3U_onexit_table_t@@A 0047c77c     MSVCRT:utility.obj
 0003:00000788       ?module_local_at_quick_exit_table@@3U_onexit_table_t@@A 0047c788     MSVCRT:utility.obj
 0003:00000794       ?is_initialized_as_dll@@3_NA 0047c794     MSVCRT:utility.obj
 0003:00000798       _GS_ExceptionRecord        0047c798     MSVCRT:gs_report.obj
 0003:000007e8       _GS_ContextRecord          0047c7e8     MSVCRT:gs_report.obj
 0005:00000000       __guard_fids__             0047e000     MSVCRT:thread_safe_statics.obj
 0005:00000004       __guard_fids_?__scrt_initialize_thread_safe_statics@@YAHXZ 0047e004     MSVCRT:thread_safe_statics.obj
 0005:00000008       __guard_fids__             0047e008     MSVCRT:std_type_info_static.obj
 0005:0000000c       __guard_fids__             0047e00c     MSVCRT:exe_winmain.obj
 0005:00000010       __guard_fids__             0047e010     MSVCRT:exe_winmain.obj
 0005:00000014       __guard_fids__             0047e014     MSVCRT:exe_winmain.obj
 0005:00000018       __guard_fids_?pre_c_initialization@@YAHXZ 0047e018     MSVCRT:exe_winmain.obj
 0005:00000020       __guard_fids__             0047e020     MSVCRT:throw_bad_alloc.obj
 0005:00000028       __guard_fids__             0047e028     MSVCRT:throw_bad_alloc.obj
 0005:00000030       __guard_fids__             0047e030     MSVCRT:throw_bad_alloc.obj
 0005:00000038       __guard_fids__             0047e038     MSVCRT:throw_bad_alloc.obj
 0005:0000003c       __guard_fids__             0047e03c     MSVCRT:throw_bad_alloc.obj
 0005:00000040       __guard_fids__             0047e040     MSVCRT:throw_bad_alloc.obj
 0005:00000044       __guard_fids__             0047e044     MSVCRT:throw_bad_alloc.obj
 0005:00000048       __guard_fids__             0047e048     MSVCRT:throw_bad_alloc.obj
 0005:0000004c       __guard_fids____scrt_set_unhandled_exception_filter 0047e04c     MSVCRT:utility_desktop.obj
 0005:00000050       __guard_fids___except_handler4 0047e050     MSVCRT:_chandler4gs_.obj
 0005:00000054       __guard_fids__             0047e054     MSVCRT:guard_support.obj
 0006:00000060       $R000000                   0047f060     * linker generated manifest res *
