 MindGoTool_AllInOne

 Timestamp is 599d8e7e (Wed Aug 23 22:17:34 2017)

 Preferred load address is 00400000

 Start         Length     Name                   Class
 0001:00000000 00000130H .text$di                CODE
 0001:00000130 0001e9f0H .text$mn                CODE
 0001:0001eb20 00003d20H .text$x                 CODE
 0001:00022840 000000fdH .text$yd                CODE
 0002:00000000 0000057cH .idata$5                DATA
 0002:0000057c 00000004H .00cfg                  DATA
 0002:00000580 00000004H .CRT$XCA                DATA
 0002:00000584 00000004H .CRT$XCAA               DATA
 0002:00000588 00000044H .CRT$XCU                DATA
 0002:000005cc 00000004H .CRT$XCZ                DATA
 0002:000005d0 00000004H .CRT$XIA                DATA
 0002:000005d4 00000004H .CRT$XIAA               DATA
 0002:000005d8 00000004H .CRT$XIAC               DATA
 0002:000005dc 00000004H .CRT$XIC                DATA
 0002:000005e0 00000004H .CRT$XIZ                DATA
 0002:000005e4 00000004H .CRT$XLA                DATA
 0002:000005e8 00000004H .CRT$XLZ                DATA
 0002:000005ec 00000004H .CRT$XPA                DATA
 0002:000005f0 00000004H .CRT$XPZ                DATA
 0002:000005f4 00000004H .CRT$XTA                DATA
 0002:000005f8 00000008H .CRT$XTZ                DATA
 0002:00000600 000521e4H .rdata                  DATA
 0002:000527e4 00000018H .rdata$T                DATA
 0002:000527fc 00000a84H .rdata$r                DATA
 0002:00053280 0000025cH .rdata$sxdata           DATA
 0002:000534dc 000003ccH .rdata$zzzdbg           DATA
 0002:000538a8 00000004H .rtc$IAA                DATA
 0002:000538ac 00000004H .rtc$IZZ                DATA
 0002:000538b0 00000004H .rtc$TAA                DATA
 0002:000538b4 00000004H .rtc$TZZ                DATA
 0002:000538b8 00004634H .xdata$x                DATA
 0002:00057eec 00000000H .edata                  DATA
 0002:00057eec 00000118H .idata$2                DATA
 0002:00058004 00000014H .idata$3                DATA
 0002:00058018 0000057cH .idata$4                DATA
 0002:00058594 00002fdcH .idata$6                DATA
 0003:00000000 000001a8H .data                   DATA
 0003:000001a8 00000588H .data$r                 DATA
 0003:00000730 00000428H .bss                    DATA
 0004:00000000 00000004H .tls                    DATA
 0004:00000004 00000004H .tls$                   DATA
 0004:00000008 00000001H .tls$ZZZ                DATA
 0005:00000000 00000058H .gfids$y                DATA
 0006:00000000 00000060H .rsrc$01                DATA
 0006:00000060 00000290H .rsrc$02                DATA

  Address         Publics by Value              Rva+Base       Lib:Object

 0000:00000000       ___guard_iat_table         00000000     <absolute>
 0000:00000000       ___guard_longjmp_count     00000000     <absolute>
 0000:00000000       ___guard_longjmp_table     00000000     <absolute>
 0000:00000000       ___guard_fids_table        00000000     <absolute>
 0000:00000000       ___guard_iat_count         00000000     <absolute>
 0000:00000000       ___guard_fids_count        00000000     <absolute>
 0000:00000000       ___dynamic_value_reloc_table 00000000     <absolute>
 0000:0000002c       __tls_array                0000002c     <absolute>
 0000:00000097       ___safe_se_handler_count   00000097     <absolute>
 0000:00000100       ___guard_flags             00000100     <absolute>
 0000:00000000       ___ImageBase               00400000     <linker-defined>
 0001:00000130       ??0Communication@@QAE@XZ   00401130 f   communication.obj
 0001:00000150       ?connectToServer@Communication@@QAE_NABVQString@@G@Z 00401150 f   communication.obj
 0001:00000270       ?disconnect@Communication@@QAEXXZ 00401270 f   communication.obj
 0001:00000290       ?readData@Communication@@QAE?AVQByteArray@@H@Z 00401290 f   communication.obj
 0001:00000310       ?write@Communication@@QAE_JABVQByteArray@@@Z 00401310 f   communication.obj
 0001:00000360       ??$connect@P8QThread@@AEXUQPrivateSignal@1@@ZP8QObject@@AEXXZ@QObject@@SA?AVConnection@QMetaObject@@PBVQThread@@P83@AEXUQPrivateSignal@3@@ZPBV0@P80@AEXXZW4ConnectionType@Qt@@@Z 00401360 f i workflowprotocol.obj
 0001:000003c0       ??$connect@P8SubThreadWorker@@AEXABVQJsonObject@@@ZP8WorkflowController@@AEX0@Z@QObject@@SA?AVConnection@QMetaObject@@PBVSubThreadWorker@@P83@AEXABVQJsonObject@@@ZPBVWorkflowController@@P85@AEX1@ZW4ConnectionType@Qt@@@Z 004013c0 f i workflowprotocol.obj
 0001:00000430       ??$connect@P8SubThreadWorker@@AEXABVQString@@H@ZP8WorkflowController@@AEX0H@Z@QObject@@SA?AVConnection@QMetaObject@@PBVSubThreadWorker@@P83@AEXABVQString@@H@ZPBVWorkflowController@@P85@AEX1H@ZW4ConnectionType@Qt@@@Z 00401430 f i workflowprotocol.obj
 0001:000004a0       ??$connect@P8WorkflowController@@AEXABVQJsonObject@@@ZP8SubThreadWorker@@AEX0@Z@QObject@@SA?AVConnection@QMetaObject@@PBVWorkflowController@@P83@AEXABVQJsonObject@@@ZPBVSubThreadWorker@@P85@AEX1@ZW4ConnectionType@Qt@@@Z 004014a0 f i workflowprotocol.obj
 0001:00000510       ??$connect@P8WorkflowController@@AEXABVQString@@@ZP8SubThreadWorker@@AEX0@Z@QObject@@SA?AVConnection@QMetaObject@@PBVWorkflowController@@P83@AEXABVQString@@@ZPBVSubThreadWorker@@P85@AEX1@ZW4ConnectionType@Qt@@@Z 00401510 f i workflowprotocol.obj
 0001:00000580       ??$connect@P8WorkflowController@@AEXABVQString@@G@ZP8SubThreadWorker@@AEX0G@Z@QObject@@SA?AVConnection@QMetaObject@@PBVWorkflowController@@P83@AEXABVQString@@G@ZPBVSubThreadWorker@@P85@AEX1G@ZW4ConnectionType@Qt@@@Z 00401580 f i workflowprotocol.obj
 0001:000005f0       ??$connect@P8WorkflowController@@AEXXZP8SubThreadWorker@@AEXXZ@QObject@@SA?AVConnection@QMetaObject@@PBVWorkflowController@@P83@AEXXZPBVSubThreadWorker@@P84@AEXXZW4ConnectionType@Qt@@@Z 004015f0 f i workflowprotocol.obj
 0001:00000650       ??$formatWord@E@WorkflowProtocol@@IAE?AVQByteArray@@E@Z 00401650 f i workflowprotocol.obj
 0001:00000680       ??$formatWord@G@WorkflowProtocol@@IAE?AVQByteArray@@G@Z 00401680 f i workflowprotocol.obj
 0001:000006b0       ??0?$QList@VQString@@@@QAE@ABV0@@Z 004016b0 f i workflowprotocol.obj
 0001:00000760       ??0WorkflowController@@QAE@PAVQObject@@@Z 00401760 f   workflowprotocol.obj
 0001:000009a0       ??1?$QList@VQString@@@@QAE@XZ 004019a0 f i workflowprotocol.obj
 0001:00000a30       ??1Communication@@QAE@XZ   00401a30 f i workflowprotocol.obj
 0001:00000a40       ??1QStringList@@QAE@XZ     00401a40 f i workflowprotocol.obj
 0001:00000a40       ??1?$QForeachContainer@$$CBVQStringList@@@@QAE@XZ 00401a40 f i environmentvariant.obj
 0001:00000a40       ??1?$QForeachContainer@VQStringList@@@@QAE@XZ 00401a40 f i workflowprotocol.obj
 0001:00000a50       ??1SubThreadWorker@@UAE@XZ 00401a50 f   workflowprotocol.obj
 0001:00000b00       ??1WorkflowController@@UAE@XZ 00401b00 f   workflowprotocol.obj
 0001:00000b70       ??4?$QList@UloopControl@SubThreadWorker@@@@QAEAAV0@$$QAV0@@Z 00401b70 f i workflowprotocol.obj
 0001:00000c20       ??_ERunningStateChangeEvent@@UAEPAXI@Z 00401c20 f i workflowprotocol.obj
 0001:00000c20       ??_GRunningStateChangeEvent@@UAEPAXI@Z 00401c20 f i workflowprotocol.obj
 0001:00000c50       ??_GSubThreadWorker@@UAEPAXI@Z 00401c50 f i workflowprotocol.obj
 0001:00000c50       ??_ESubThreadWorker@@UAEPAXI@Z 00401c50 f i workflowprotocol.obj
 0001:00000c70       ??_GWorkflowController@@UAEPAXI@Z 00401c70 f i workflowprotocol.obj
 0001:00000c70       ??_EWorkflowController@@UAEPAXI@Z 00401c70 f i workflowprotocol.obj
 0001:00000d00       ?append@?$QList@UloopControl@SubThreadWorker@@@@QAEXABUloopControl@SubThreadWorker@@@Z 00401d00 f i workflowprotocol.obj
 0001:00000db0       ?append@?$QList@VQString@@@@QAEXABVQString@@@Z 00401db0 f i workflowprotocol.obj
 0001:00000e60       ?changeHost@SubThreadWorker@@QAEXABVQString@@G@Z 00401e60 f   workflowprotocol.obj
 0001:00000e80       ?clear@?$QList@UloopControl@SubThreadWorker@@@@QAEXXZ 00401e80 f i workflowprotocol.obj
 0001:00000f20       ?configProtocol@SubThreadWorker@@QAEXABVQString@@@Z 00401f20 f   workflowprotocol.obj
 0001:00000f30       ?dealloc@?$QList@UloopControl@SubThreadWorker@@@@AAEXPAUData@QListData@@@Z 00401f30 f i workflowprotocol.obj
 0001:00000f80       ?detach_helper@?$QList@UloopControl@SubThreadWorker@@@@AAEXH@Z 00401f80 f i workflowprotocol.obj
 0001:00001050       ?detach_helper_grow@?$QList@UloopControl@SubThreadWorker@@@@AAEPAUNode@1@HH@Z 00402050 f i workflowprotocol.obj
 0001:000011a0       ?detach_helper_grow@?$QList@VQString@@@@AAEPAUNode@1@HH@Z 004021a0 f i workflowprotocol.obj
 0001:00001320       ?doTunning@SubThreadWorker@@QAEXABVQJsonObject@@@Z 00402320 f   workflowprotocol.obj
 0001:00001460       ?doWork@SubThreadWorker@@QAEXABVQJsonObject@@@Z 00402460 f   workflowprotocol.obj
 0001:000017e0       ?erase@?$QList@UloopControl@SubThreadWorker@@@@QAE?AViterator@1@V21@@Z 004027e0 f i workflowprotocol.obj
 0001:00001860       ?formatRecvFrameToJsonObject@WorkflowProtocol@@QAE_NAAVQJsonObject@@@Z 00402860 f   workflowprotocol.obj
 0001:00001900       ?handleControlCommand@SubThreadWorker@@IAE_NAAVCommunication@@AAVQJsonObject@@@Z 00402900 f   workflowprotocol.obj
 0001:00002400       ?handleLogicalCommand@SubThreadWorker@@IAE_NAAVQJsonObject@@AAH@Z 00403400 f   workflowprotocol.obj
 0001:00002ce0       ?handleLoopCommand@SubThreadWorker@@IAE_NAAVQJsonObject@@AAH@Z 00403ce0 f   workflowprotocol.obj
 0001:000034d0       ?impl@?$QSlotObject@P8SubThreadWorker@@AEXABVQString@@G@ZU?$List@ABVQString@@G@QtPrivate@@X@QtPrivate@@CAXHPAVQSlotObjectBase@2@PAVQObject@@PAPAXPA_N@Z 004044d0 f i workflowprotocol.obj
 0001:00003530       ?impl@?$QSlotObject@P8QObject@@AEXXZU?$List@$$V@QtPrivate@@X@QtPrivate@@CAXHPAVQSlotObjectBase@2@PAVQObject@@PAPAXPA_N@Z 00404530 f i workflowprotocol.obj
 0001:00003530       ?impl@?$QSlotObject@P8SubThreadWorker@@AEXXZU?$List@$$V@QtPrivate@@X@QtPrivate@@CAXHPAVQSlotObjectBase@2@PAVQObject@@PAPAXPA_N@Z 00404530 f i workflowprotocol.obj
 0001:00003530       ?impl@?$QSlotObject@P8SubThreadCheckWorker@@AEXXZU?$List@$$V@QtPrivate@@X@QtPrivate@@CAXHPAVQSlotObjectBase@2@PAVQObject@@PAPAXPA_N@Z 00404530 f i workflowChecker.obj
 0001:00003530       ?impl@?$QSlotObject@P8StatusViewWatcher@@AEXXZU?$List@$$V@QtPrivate@@X@QtPrivate@@CAXHPAVQSlotObjectBase@2@PAVQObject@@PAPAXPA_N@Z 00404530 f i workmodels.obj
 0001:00003580       ?impl@?$QSlotObject@P8WorkflowController@@AEXABVQString@@H@ZU?$List@ABVQString@@H@QtPrivate@@X@QtPrivate@@CAXHPAVQSlotObjectBase@2@PAVQObject@@PAPAXPA_N@Z 00404580 f i workflowprotocol.obj
 0001:000035e0       ?init@WorkflowController@@QAEXABVQString@@@Z 004045e0 f   workflowprotocol.obj
 0001:000035f0       ?initProtocol@WorkflowProtocol@@QAE_NABVQString@@@Z 004045f0 f   workflowprotocol.obj
 0001:00003740       ?isLogicalCommand@SubThreadWorker@@IAE_NABVQString@@@Z 00404740 f   workflowprotocol.obj
 0001:00003960       ?isLoopCommand@SubThreadWorker@@IAE_NABVQString@@@Z 00404960 f   workflowprotocol.obj
 0001:00003bb0       ?node_copy@?$QList@UloopControl@SubThreadWorker@@@@AAEXPAUNode@1@00@Z 00404bb0 f i workflowprotocol.obj
 0001:00003c50       ?node_copy@?$QList@VQString@@@@AAEXPAUNode@1@00@Z 00404c50 f i workflowprotocol.obj
 0001:00003c90       ?node_destruct@?$QList@UloopControl@SubThreadWorker@@@@AAEXPAUNode@1@0@Z 00404c90 f i workflowprotocol.obj
 0001:00003cc0       ?node_destruct@?$QList@VQString@@@@AAEXPAUNode@1@0@Z 00404cc0 f i workflowprotocol.obj
 0001:00003cf0       ?parseAckFrame@WorkflowProtocol@@QAE_NABVQByteArray@@AAVQJsonObject@@@Z 00404cf0 f   workflowprotocol.obj
 0001:00003dd0       ?parseJsonObjectToSendFrame@WorkflowProtocol@@QAE_NABVQJsonObject@@AAV2@@Z 00404dd0 f   workflowprotocol.obj
 0001:000044a0       ?pauseCurrentTask@WorkflowController@@QAEXXZ 004054a0 f   workflowprotocol.obj
 0001:000044c0       ?pauseTask@SubThreadWorker@@QAEXXZ 004054c0 f   workflowprotocol.obj
 0001:000044d0       ?pop_back@?$QList@UloopControl@SubThreadWorker@@@@QAEXXZ 004054d0 f i workflowprotocol.obj
 0001:00004510       ?runTask@WorkflowController@@QAEXABVQJsonObject@@@Z 00405510 f   workflowprotocol.obj
 0001:00004560       ?runTunning@WorkflowController@@QAEXABVQJsonObject@@@Z 00405560 f   workflowprotocol.obj
 0001:000045b0       ?serializeSendFrame@WorkflowProtocol@@QAE?AVQByteArray@@XZ 004055b0 f   workflowprotocol.obj
 0001:00004710       ?sethost@WorkflowController@@QAEXABVQString@@G@Z 00405710 f   workflowprotocol.obj
 0001:00004720       ?statusChanged@WorkflowController@@QAEXABVQJsonObject@@@Z 00405720 f   workflowprotocol.obj
 0001:000047c0       ?stopCurrentTask@WorkflowController@@QAEXXZ 004057c0 f   workflowprotocol.obj
 0001:000047f0       ?stopTask@SubThreadWorker@@QAEXXZ 004057f0 f   workflowprotocol.obj
 0001:00004800       ?taskStateChanged@WorkflowController@@QAEXABVQString@@H@Z 00405800 f   workflowprotocol.obj
 0001:000048b0       ?types@?$ConnectionTypes@U?$List@ABVQJsonObject@@@QtPrivate@@$00@QtPrivate@@SAPBHXZ 004058b0 f i workflowprotocol.obj
 0001:00004910       ?types@?$ConnectionTypes@U?$List@ABVQString@@@QtPrivate@@$00@QtPrivate@@SAPBHXZ 00405910 f i workflowprotocol.obj
 0001:00004970       ?types@?$ConnectionTypes@U?$List@ABVQString@@G@QtPrivate@@$00@QtPrivate@@SAPBHXZ 00405970 f i workflowprotocol.obj
 0001:000049e0       ?types@?$ConnectionTypes@U?$List@ABVQString@@H@QtPrivate@@$00@QtPrivate@@SAPBHXZ 004059e0 f i workflowprotocol.obj
 0001:00004a50       ?unserializeRecvFrame@WorkflowProtocol@@QAEXABVQByteArray@@@Z 00405a50 f   workflowprotocol.obj
 0001:00004b90       ?updateStopState@SubThreadWorker@@QAEXXZ 00405b90 f   workflowprotocol.obj
 0001:00004bd0       ??0?$QList@VOperationParamData@@@@QAE@ABV0@@Z 00405bd0 f i configfilehandler.obj
 0001:00004c80       ??0?$QList@VSingleOperationData@@@@QAE@ABV0@@Z 00405c80 f i configfilehandler.obj
 0001:00004d30       ??0OperationParamData@@QAE@ABV0@@Z 00405d30 f i configfilehandler.obj
 0001:00004eb0       ??0OperationParamData@@QAE@ABVQString@@00ABVQStringList@@_NHH0V?$QList@H@@00HH2H@Z 00405eb0 f i configfilehandler.obj
 0001:00005050       ??0OperationParamData@@QAE@XZ 00406050 f i configfilehandler.obj
 0001:000050c0       ??0SingleOperationData@@QAE@ABV0@@Z 004060c0 f i configfilehandler.obj
 0001:00005130       ??0configFileHandler@@QAE@PAVQObject@@@Z 00406130 f   configfilehandler.obj
 0001:00005190       ??1?$QList@VOperationParamData@@@@QAE@XZ 00406190 f i configfilehandler.obj
 0001:000051f0       ??1?$QList@VQByteArray@@@@QAE@XZ 004061f0 f i configfilehandler.obj
 0001:00005280       ??1?$QList@VSingleOperationData@@@@QAE@XZ 00406280 f i configfilehandler.obj
 0001:00005300       ??1?$QList@VSinglePlanData@@@@QAE@XZ 00406300 f i configfilehandler.obj
 0001:00005380       ??1?$QMap@VQString@@V1@@@QAE@XZ 00406380 f i configfilehandler.obj
 0001:00005400       ??1?$QMap@VQString@@VOperationParamData@@@@QAE@XZ 00406400 f i configfilehandler.obj
 0001:000054a0       ??1?$QMap@VQString@@VQStringList@@@@QAE@XZ 004064a0 f i configfilehandler.obj
 0001:00005540       ??1OperationParamData@@QAE@XZ 00406540 f i configfilehandler.obj
 0001:000055f0       ??1QJsonValuePtr@@QAE@XZ   004065f0 f i configfilehandler.obj
 0001:00005600       ??1SingleOperationData@@QAE@XZ 00406600 f i configfilehandler.obj
 0001:00005670       ??1SinglePlanData@@QAE@XZ  00406670 f i configfilehandler.obj
 0001:00005700       ??1configFileHandler@@UAE@XZ 00406700 f i configfilehandler.obj
 0001:00005720       ??4?$QList@VSinglePlanData@@@@QAEAAV0@$$QAV0@@Z 00406720 f i configfilehandler.obj
 0001:000057c0       ??4OperationParamData@@QAEAAV0@ABV0@@Z 004067c0 f i configfilehandler.obj
 0001:000058e0       ??4QStringList@@QAEAAV0@ABV0@@Z 004068e0 f i configfilehandler.obj
 0001:00005920       ??A?$QList@VQString@@@@QAEAAVQString@@H@Z 00406920 f i configfilehandler.obj
 0001:00005950       ??A?$QMap@VQString@@V1@@@QAEAAVQString@@ABV1@@Z 00406950 f i configfilehandler.obj
 0001:00005a10       ??A?$QMap@VQString@@VOperationParamData@@@@QAEAAVOperationParamData@@ABVQString@@@Z 00406a10 f i configfilehandler.obj
 0001:00005ad0       ??A?$QMap@VQString@@VOperationParamData@@@@QBE?BVOperationParamData@@ABVQString@@@Z 00406ad0 f i configfilehandler.obj
 0001:00005b40       ??A?$QMap@VQString@@VQStringList@@@@QAEAAVQStringList@@ABVQString@@@Z 00406b40 f i configfilehandler.obj
 0001:00005c00       ??Cconst_iterator@QJsonArray@@QBE?AVQJsonValuePtr@@XZ 00406c00 f i configfilehandler.obj
 0001:00005c70       ??H@YA?BVQString@@ABV0@D@Z 00406c70 f i configfilehandler.obj
 0001:00005cf0       ??H@YA?BVQString@@ABV0@PBD@Z 00406cf0 f i configfilehandler.obj
 0001:00005d80       ??H@YA?BVQString@@PBDABV0@@Z 00406d80 f i configfilehandler.obj
 0001:00005df0       ??_GSingleOperationData@@QAEPAXI@Z 00406df0 f i configfilehandler.obj
 0001:00005e70       ??_GSinglePlanData@@QAEPAXI@Z 00406e70 f i configfilehandler.obj
 0001:00005f10       ??_GconfigFileHandler@@UAEPAXI@Z 00406f10 f i configfilehandler.obj
 0001:00005f10       ??_EconfigFileHandler@@UAEPAXI@Z 00406f10 f i configfilehandler.obj
 0001:00005f40       ?ConvertCSVtoJSON@configFileHandler@@QAE_NABVQString@@0@Z 00406f40 f   configfilehandler.obj
 0001:00006130       ?ConvertJSONtoCSV@configFileHandler@@QAE_NABVQString@@0@Z 00407130 f   configfilehandler.obj
 0001:00006420       ?GetLicense@configFileHandler@@QAE?AVQString@@XZ 00407420 f   configfilehandler.obj
 0001:000064b0       ?ImportConfig@configFileHandler@@QAE_NAAVQJsonObject@@ABVQByteArray@@@Z 004074b0 f   configfilehandler.obj
 0001:000065f0       ?ImportPlan@configFileHandler@@QAE_NABV?$QList@VQByteArray@@@@AAVQJsonObject@@@Z 004075f0 f   configfilehandler.obj
 0001:00006f20       ?ImportWorkSpace@configFileHandler@@QAE_NABV?$QList@VQByteArray@@@@AAVQJsonObject@@@Z 00407f20 f   configfilehandler.obj
 0001:00007880       ?ParseHostIP@configFileHandler@@QAE?AVQString@@XZ 00408880 f   configfilehandler.obj
 0001:00007950       ?ParseHostPort@configFileHandler@@QAEFXZ 00408950 f   configfilehandler.obj
 0001:00007a30       ?ParseHostSingleOperationThreshold@configFileHandler@@QAEHXZ 00408a30 f   configfilehandler.obj
 0001:00007b10       ?ParseListMap@configFileHandler@@QAE?AV?$QMap@VQString@@VQStringList@@@@ABVQString@@@Z 00408b10 f   configfilehandler.obj
 0001:00007db0       ?ParseMap@configFileHandler@@QAE?AV?$QMap@VQString@@V1@@@ABVQString@@@Z 00408db0 f   configfilehandler.obj
 0001:00007f00       ?ParseMapRevertKeyValue@configFileHandler@@QAE?AV?$QMap@VQString@@V1@@@ABVQString@@@Z 00408f00 f   configfilehandler.obj
 0001:00008060       ?ParseParamValue@configFileHandler@@QAE?AV?$QMap@VQString@@VOperationParamData@@@@ABVQString@@@Z 00409060 f   configfilehandler.obj
 0001:000092f0       ?ParsePlan@configFileHandler@@QAE?AVQString@@ABVQJsonArray@@@Z 0040a2f0 f   configfilehandler.obj
 0001:000099b0       ?ParsePlanList@configFileHandler@@QAEXAAV?$QList@VSinglePlanData@@@@ABV?$QMap@VQString@@VOperationParamData@@@@@Z 0040a9b0 f   configfilehandler.obj
 0001:0000a4d0       ?ParseWorkPlaceConstraint@configFileHandler@@QAE?AVQJsonArray@@XZ 0040b4d0 f   configfilehandler.obj
 0001:0000a560       ?ParseWorkSpace@configFileHandler@@QAE?AVQString@@ABVQJsonObject@@@Z 0040b560 f   configfilehandler.obj
 0001:0000ab40       ?ParseWorkSpaceTypeList@configFileHandler@@QAEXAAVQJsonObject@@@Z 0040bb40 f   configfilehandler.obj
 0001:0000abe0       ?SaveMachineConfig@configFileHandler@@QAE_NABVQString@@ABVMachineConfigData@@ABVQJsonObject@@@Z 0040bbe0 f   configfilehandler.obj
 0001:0000afb0       ?SavePlanList@configFileHandler@@QAE_NABVQString@@ABV?$QList@VSinglePlanData@@@@ABV?$QMap@VQString@@VQStringList@@@@@Z 0040bfb0 f   configfilehandler.obj
 0001:0000b880       ?append@?$QList@PAVQObject@@@@QAEXABQAVQObject@@@Z 0040c880 f i workmodels.obj
 0001:0000b880       ?append@?$QList@H@@QAEXABH@Z 0040c880 f i configfilehandler.obj
 0001:0000b910       ?append@?$QList@VOperationParamData@@@@QAEXABVOperationParamData@@@Z 0040c910 f i configfilehandler.obj
 0001:0000b9d0       ?append@?$QList@VSingleOperationData@@@@QAEXABVSingleOperationData@@@Z 0040c9d0 f i configfilehandler.obj
 0001:0000bab0       ?append@?$QList@VSinglePlanData@@@@QAEXABVSinglePlanData@@@Z 0040cab0 f i configfilehandler.obj
 0001:0000bb90       ?clear@?$QList@VSinglePlanData@@@@QAEXXZ 0040cb90 f i configfilehandler.obj
 0001:0000bc20       ?copy@?$QMapNode@VQString@@V1@@@QBEPAU1@PAU?$QMapData@VQString@@V1@@@@Z 0040cc20 f i configfilehandler.obj
 0001:0000bca0       ?copy@?$QMapNode@VQString@@VOperationParamData@@@@QBEPAU1@PAU?$QMapData@VQString@@VOperationParamData@@@@@Z 0040cca0 f i configfilehandler.obj
 0001:0000bd20       ?copy@?$QMapNode@VQString@@VQStringList@@@@QBEPAU1@PAU?$QMapData@VQString@@VQStringList@@@@@Z 0040cd20 f i configfilehandler.obj
 0001:0000bda0       ?createNode@?$QMapData@VQString@@V1@@@QAEPAU?$QMapNode@VQString@@V1@@@ABVQString@@0PAU2@_N@Z 0040cda0 f i configfilehandler.obj
 0001:0000bde0       ?createNode@?$QMapData@VQString@@VOperationParamData@@@@QAEPAU?$QMapNode@VQString@@VOperationParamData@@@@ABVQString@@ABVOperationParamData@@PAU2@_N@Z 0040cde0 f i configfilehandler.obj
 0001:0000bea0       ?createNode@?$QMapData@VQString@@VQStringList@@@@QAEPAU?$QMapNode@VQString@@VQStringList@@@@ABVQString@@ABVQStringList@@PAU2@_N@Z 0040cea0 f i configfilehandler.obj
 0001:0000bf60       ?dealloc@?$QList@VOperationParamData@@@@AAEXPAUData@QListData@@@Z 0040cf60 f i configfilehandler.obj
 0001:0000bfc0       ?destroySubTree@?$QMapNode@VQString@@V1@@@QAEXXZ 0040cfc0 f i configfilehandler.obj
 0001:0000bff0       ?destroySubTree@?$QMapNode@VQString@@VOperationParamData@@@@QAEXXZ 0040cff0 f i configfilehandler.obj
 0001:0000c020       ?destroySubTree@?$QMapNode@VQString@@VQStringList@@@@QAEXXZ 0040d020 f i configfilehandler.obj
 0001:0000c050       ?detach_helper@?$QList@VQByteArray@@@@AAEXH@Z 0040d050 f i configfilehandler.obj
 0001:0000c140       ?detach_helper@?$QList@VQString@@@@AAEXH@Z 0040d140 f i configfilehandler.obj
 0001:0000c230       ?detach_helper@?$QMap@VQString@@V1@@@AAEXXZ 0040d230 f i configfilehandler.obj
 0001:0000c2b0       ?detach_helper@?$QMap@VQString@@VOperationParamData@@@@AAEXXZ 0040d2b0 f i configfilehandler.obj
 0001:0000c350       ?detach_helper@?$QMap@VQString@@VQStringList@@@@AAEXXZ 0040d350 f i configfilehandler.obj
 0001:0000c3f0       ?detach_helper_grow@?$QList@VOperationParamData@@@@AAEPAUNode@1@HH@Z 0040d3f0 f i configfilehandler.obj
 0001:0000c540       ?detach_helper_grow@?$QList@VSingleOperationData@@@@AAEPAUNode@1@HH@Z 0040d540 f i configfilehandler.obj
 0001:0000c6b0       ?detach_helper_grow@?$QList@VSinglePlanData@@@@AAEPAUNode@1@HH@Z 0040d6b0 f i configfilehandler.obj
 0001:0000c820       ?insert@?$QMap@VQString@@V1@@@QAE?AViterator@1@ABVQString@@0@Z 0040d820 f i configfilehandler.obj
 0001:0000c8f0       ?insert@?$QMap@VQString@@VOperationParamData@@@@QAE?AViterator@1@ABVQString@@ABVOperationParamData@@@Z 0040d8f0 f i configfilehandler.obj
 0001:0000c9c0       ?insert@?$QMap@VQString@@VQStringList@@@@QAE?AViterator@1@ABVQString@@ABVQStringList@@@Z 0040d9c0 f i configfilehandler.obj
 0001:0000cab0       ?key@iterator@QJsonObject@@QBE?AVQString@@XZ 0040dab0 f i configfilehandler.obj
 0001:0000cad0       ?loadConfigFile@configFileHandler@@QAE_NABVQString@@@Z 0040dad0 f   configfilehandler.obj
 0001:0000cbd0       ?lowerBound@?$QMapNode@VQString@@H@@QAEPAU1@ABVQString@@@Z 0040dbd0 f i workflowChecker.obj
 0001:0000cbd0       ?lowerBound@?$QMapNode@VQString@@VQStringList@@@@QAEPAU1@ABVQString@@@Z 0040dbd0 f i configfilehandler.obj
 0001:0000cbd0       ?lowerBound@?$QMapNode@VQString@@VOperationParamData@@@@QAEPAU1@ABVQString@@@Z 0040dbd0 f i configfilehandler.obj
 0001:0000cbd0       ?lowerBound@?$QMapNode@VQString@@V1@@@QAEPAU1@ABVQString@@@Z 0040dbd0 f i configfilehandler.obj
 0001:0000cc10       ?node_copy@?$QList@VOperationParamData@@@@AAEXPAUNode@1@00@Z 0040dc10 f i configfilehandler.obj
 0001:0000cce0       ?node_copy@?$QList@VQByteArray@@@@AAEXPAUNode@1@00@Z 0040dce0 f i configfilehandler.obj
 0001:0000cd20       ?node_copy@?$QList@VSingleOperationData@@@@AAEXPAUNode@1@00@Z 0040dd20 f i configfilehandler.obj
 0001:0000cdf0       ?node_copy@?$QList@VSinglePlanData@@@@AAEXPAUNode@1@00@Z 0040ddf0 f i configfilehandler.obj
 0001:0000cec0       ?node_destruct@?$QList@VOperationParamData@@@@AAEXPAUNode@1@0@Z 0040dec0 f i configfilehandler.obj
 0001:0000cf00       ?node_destruct@?$QList@VSingleOperationData@@@@AAEXPAUNode@1@0@Z 0040df00 f i configfilehandler.obj
 0001:0000cfa0       ?node_destruct@?$QList@VSingleOperationData@@@@AAEXPAUNode@1@@Z 0040dfa0 f i configfilehandler.obj
 0001:0000d020       ?node_destruct@?$QList@VSinglePlanData@@@@AAEXPAUNode@1@0@Z 0040e020 f i configfilehandler.obj
 0001:0000d0e0       ?toList@configFileHandler@@QAE?AVQStringList@@ABVQString@@@Z 0040e0e0 f   configfilehandler.obj
 0001:0000d1c0       ?value@?$QMap@VQString@@VOperationParamData@@@@QBE?BVOperationParamData@@ABVQString@@ABV2@@Z 0040e1c0 f i configfilehandler.obj
 0001:0000d230       ??0EnvironmentVariant@@AAE@XZ 0040e230 f i environmentvariant.obj
 0001:0000d380       ??0SingleOperationData@@QAE@$$QAV0@@Z 0040e380 f i environmentvariant.obj
 0001:0000d3b0       ??1?$QForeachContainer@V?$QList@VOperationParamData@@@@@@QAE@XZ 0040e3b0 f i configfilehandler.obj
 0001:0000d3b0       ??1?$QForeachContainer@$$CBV?$QList@VOperationParamData@@@@@@QAE@XZ 0040e3b0 f i environmentvariant.obj
 0001:0000d410       ??1?$QForeachContainer@$$CBV?$QList@VSingleOperationData@@@@@@QAE@XZ 0040e410 f i environmentvariant.obj
 0001:0000d490       ??1ConfigFileConverter@@UAE@XZ 0040e490 f i environmentvariant.obj
 0001:0000d490       ??1AdministratorChecker@@UAE@XZ 0040e490 f i environmentvariant.obj
 0001:0000d4a0       ??1EnvironmentVariant@@EAE@XZ 0040e4a0 f i environmentvariant.obj
 0001:0000d650       ??1MachineConfigData@@QAE@XZ 0040e650 f i environmentvariant.obj
 0001:0000d670       ??1TargetMachineObject@@UAE@XZ 0040e670 f i environmentvariant.obj
 0001:0000d690       ??4?$QList@VSingleOperationData@@@@QAEAAV0@ABV0@@Z 0040e690 f i environmentvariant.obj
 0001:0000d730       ??4QStringList@@QAEAAV0@$$QAV0@@Z 0040e730 f i environmentvariant.obj
 0001:0000d760       ??4SingleOperationData@@QAEAAV0@$$QAV0@@Z 0040e760 f i environmentvariant.obj
 0001:0000d7f0       ??4SingleOperationData@@QAEAAV0@ABV0@@Z 0040e7f0 f i environmentvariant.obj
 0001:0000d890       ??A?$QList@VSingleOperationData@@@@QAEAAVSingleOperationData@@H@Z 0040e890 f i environmentvariant.obj
 0001:0000d8c0       ??H@YA?BVQString@@ABV0@0@Z 0040e8c0 f i environmentvariant.obj
 0001:0000d930       ??Y?$QList@VQString@@@@QAEAAV0@ABV0@@Z 0040e930 f i environmentvariant.obj
 0001:0000da30       ??_GAdministratorChecker@@UAEPAXI@Z 0040ea30 f i environmentvariant.obj
 0001:0000da30       ??_EAdministratorChecker@@UAEPAXI@Z 0040ea30 f i environmentvariant.obj
 0001:0000da60       ??_GConfigFileConverter@@UAEPAXI@Z 0040ea60 f i environmentvariant.obj
 0001:0000da60       ??_EConfigFileConverter@@UAEPAXI@Z 0040ea60 f i environmentvariant.obj
 0001:0000da90       ??_EEnvironmentVariant@@EAEPAXI@Z 0040ea90 f i environmentvariant.obj
 0001:0000da90       ??_GEnvironmentVariant@@EAEPAXI@Z 0040ea90 f i environmentvariant.obj
 0001:0000dac0       ??_ETargetMachineObject@@UAEPAXI@Z 0040eac0 f i environmentvariant.obj
 0001:0000dac0       ??_GTargetMachineObject@@UAEPAXI@Z 0040eac0 f i environmentvariant.obj
 0001:0000db00       ?AddPlan@EnvironmentVariant@@QAEXABVQString@@@Z 0040eb00 f   environmentvariant.obj
 0001:0000dc20       ?AddPlanStep@EnvironmentVariant@@QAEXHHH@Z 0040ec20 f   environmentvariant.obj
 0001:0000ddc0       ?CopyPlanStep@EnvironmentVariant@@QAE?AVQString@@HHH@Z 0040edc0 f   environmentvariant.obj
 0001:0000ded0       ?ExportConfig@EnvironmentVariant@@QAE_NABVQString@@@Z 0040eed0 f   environmentvariant.obj
 0001:0000dfb0       ?ImportConfig@EnvironmentVariant@@QAE_NABVQString@@@Z 0040efb0 f   environmentvariant.obj
 0001:0000e080       ?LogicalControlList@EnvironmentVariant@@QAE?AVQStringList@@XZ 0040f080 f   environmentvariant.obj
 0001:0000e220       ?MovePlanStep@EnvironmentVariant@@QAEXHHH@Z 0040f220 f   environmentvariant.obj
 0001:0000e300       ?OperationNameList@EnvironmentVariant@@QAE?AVQStringList@@XZ 0040f300 f   environmentvariant.obj
 0001:0000e4a0       ?PausePlan@EnvironmentVariant@@QAEXXZ 0040f4a0 f   environmentvariant.obj
 0001:0000e4b0       ?PlanList@EnvironmentVariant@@QAE?AVQStringList@@XZ 0040f4b0 f   environmentvariant.obj
 0001:0000e570       ?RemovePlan@EnvironmentVariant@@QAEXH@Z 0040f570 f   environmentvariant.obj
 0001:0000e5a0       ?RemovePlanStep@EnvironmentVariant@@QAEXHH@Z 0040f5a0 f   environmentvariant.obj
 0001:0000e600       ?SaveMachineConfig@EnvironmentVariant@@QAE_NABVMachineConfigData@@@Z 0040f600 f   environmentvariant.obj
 0001:0000e700       ?SavePlan@EnvironmentVariant@@QAE_NXZ 0040f700 f   environmentvariant.obj
 0001:0000e780       ?SetPlanName@EnvironmentVariant@@QAEXHABVQString@@@Z 0040f780 f   environmentvariant.obj
 0001:0000e7d0       ?SetPlanStepSingleParam@EnvironmentVariant@@QAEXHHABVQString@@ABVQVariant@@@Z 0040f7d0 f   environmentvariant.obj
 0001:0000e970       ?SetPlanStepToDefault@EnvironmentVariant@@QAEXHHH@Z 0040f970 f   environmentvariant.obj
 0001:0000ea50       ?StartPlan@EnvironmentVariant@@QAEXHH@Z 0040fa50 f   environmentvariant.obj
 0001:0000f220       ?StartTunning@EnvironmentVariant@@QAEXABVSingleOperationData@@@Z 00410220 f   environmentvariant.obj
 0001:0000f310       ?StepList@EnvironmentVariant@@QAE?AVQStringList@@H@Z 00410310 f   environmentvariant.obj
 0001:0000f750       ?StopPlan@EnvironmentVariant@@QAEXXZ 00410750 f   environmentvariant.obj
 0001:0000f760       ?begin@?$QList@VOperationParamData@@@@QAE?AViterator@1@XZ 00410760 f i environmentvariant.obj
 0001:0000f790       ?calculateLicense@EnvironmentVariant@@QAEXABVQString@@@Z 00410790 f   environmentvariant.obj
 0001:0000f8c0       ?contains@?$QMap@VQString@@VQStringList@@@@QBE_NABVQString@@@Z 004108c0 f i environmentvariant.obj
 0001:0000f900       ?defaultValue@EnvironmentVariant@@QAE?AVSingleOperationData@@ABVQString@@@Z 00410900 f   environmentvariant.obj
 0001:0000fb30       ?detach_helper@?$QList@H@@AAEXH@Z 00410b30 f i environmentvariant.obj
 0001:0000fc00       ?detach_helper@?$QList@VOperationParamData@@@@AAEXH@Z 00410c00 f i environmentvariant.obj
 0001:0000fcd0       ?detach_helper@?$QList@VSingleOperationData@@@@AAEXH@Z 00410cd0 f i environmentvariant.obj
 0001:0000fdb0       ?detach_helper@?$QList@VSinglePlanData@@@@AAEXH@Z 00410db0 f i environmentvariant.obj
 0001:0000fe90       ?formatSingleOperationParam@EnvironmentVariant@@QAE?AVQJsonObject@@ABVSingleOperationData@@@Z 00410e90 f   environmentvariant.obj
 0001:00010430       ?getBoardTypeIndexByPosition@EnvironmentVariant@@QAEHH@Z 00411430 f   environmentvariant.obj
 0001:000106e0       ?name@OperationParamObject@@QBE?AVQString@@XZ 004116e0 f i workmodels.obj
 0001:000106e0       ?getIpAddress@TargetMachineObject@@QBE?AVQString@@XZ 004116e0 f i environmentvariant.obj
 0001:000106e0       ?getOperationName@SingleOperationObject@@QAE?AVQString@@XZ 004116e0 f i moc_workmodels.obj
 0001:00010700       ?getOperationIndex@EnvironmentVariant@@QAEHABVQString@@@Z 00411700 f   environmentvariant.obj
 0001:00010770       ?getOperationParams@EnvironmentVariant@@QAE?AV?$QList@VOperationParamData@@@@H@Z 00411770 f   environmentvariant.obj
 0001:00010950       ?getPlanBoardTypeIndexByPosition@EnvironmentVariant@@QAEHHH@Z 00411950 f   environmentvariant.obj
 0001:00010c50       ?getWorkLocationTypeList@EnvironmentVariant@@QAE?AVQJsonObject@@XZ 00411c50 f   environmentvariant.obj
 0001:00010c70       ?initModels@EnvironmentVariant@@QAEXPAVQQmlContext@@@Z 00411c70 f   environmentvariant.obj
 0001:00010dd0       ?initProtocol@EnvironmentVariant@@QAEXABVQString@@@Z 00411dd0 f   environmentvariant.obj
 0001:00010e40       ?initUserConfig@EnvironmentVariant@@QAEXABVQString@@@Z 00411e40 f   environmentvariant.obj
 0001:00010f60       ?insert@?$QList@VSingleOperationData@@@@QAEXHABVSingleOperationData@@@Z 00411f60 f i environmentvariant.obj
 0001:00011040       ?instance@EnvironmentVariant@@SAPAV1@XZ 00412040 f   environmentvariant.obj
 0001:000110a0       ?parseConfigFile@EnvironmentVariant@@QAEXABVQString@@@Z 004120a0 f   environmentvariant.obj
 0001:00011780       ?planBoardConfig@EnvironmentVariant@@QAEHH@Z 00412780 f   environmentvariant.obj
 0001:000117c0       ?planSelectStepListModel@EnvironmentVariant@@QAE?AVQStringList@@H@Z 004127c0 f   environmentvariant.obj
 0001:00011a40       ?planStepParam@EnvironmentVariant@@QAE?AVSingleOperationData@@HH@Z 00412a40 f   environmentvariant.obj
 0001:00011da0       ?removeAt@?$QList@VSingleOperationData@@@@QAEXH@Z 00412da0 f i environmentvariant.obj
 0001:00011df0       ?removeAt@?$QList@VSinglePlanData@@@@QAEXH@Z 00412df0 f i environmentvariant.obj
 0001:00011e50       ?setAdministrator@AdministratorChecker@@QAEX_N@Z 00412e50 f i environmentvariant.obj
 0001:00011e70       ?setIpAddress@TargetMachineObject@@QAEXABVQString@@@Z 00412e70 f i environmentvariant.obj
 0001:00011eb0       ?setLicenseNumber@TargetMachineObject@@QAEXABVQString@@@Z 00412eb0 f i environmentvariant.obj
 0001:00011ef0       ?setMaxReceiveTime@TargetMachineObject@@QAEXH@Z 00412ef0 f i environmentvariant.obj
 0001:00011f10       ?setPlanBoardConfig@EnvironmentVariant@@QAEXHH@Z 00412f10 f   environmentvariant.obj
 0001:00011f80       ?setPort@TargetMachineObject@@QAEXF@Z 00412f80 f i environmentvariant.obj
 0001:00011fa0       ?setWorkLocationType@EnvironmentVariant@@QAE_NHHABVQString@@@Z 00412fa0 f   environmentvariant.obj
 0001:000123f0       ?startCheckPlan@EnvironmentVariant@@QAEXH@Z 004133f0 f   environmentvariant.obj
 0001:00012bd0       ?stopCheckPlan@EnvironmentVariant@@QAEXXZ 00413bd0 f   environmentvariant.obj
 0001:00012be0       ?updateWorkPlace@EnvironmentVariant@@QAE_NABVQJsonObject@@@Z 00413be0 f   environmentvariant.obj
 0001:00012c30       ??$connect@P8QQmlEngine@@AEXXZP6AXXZ@QObject@@SA?AVConnection@QMetaObject@@PBVQQmlEngine@@P83@AEXXZPBV0@P6AXXZW4ConnectionType@Qt@@@Z 00413c30 f i main.obj
 0001:00012c90       ??$createInto@VOperationParamObject@@@QQmlPrivate@@YAXPAX@Z 00413c90 f i main.obj
 0001:00012cf0       ??$createInto@VOperationParamSelector@@@QQmlPrivate@@YAXPAX@Z 00413cf0 f i main.obj
 0001:00012d50       ??$createInto@VPlanController@@@QQmlPrivate@@YAXPAX@Z 00413d50 f i main.obj
 0001:00012db0       ??$createInto@VPlanSelector@@@QQmlPrivate@@YAXPAX@Z 00413db0 f i main.obj
 0001:00012e10       ??$createInto@VStatusViewWatcher@@@QQmlPrivate@@YAXPAX@Z 00413e10 f i main.obj
 0001:00012e70       ??$createInto@VTextFieldDoubleValidator@@@QQmlPrivate@@YAXPAX@Z 00413e70 f i main.obj
 0001:00012ed0       ??$createInto@VWorkLocationManager@@@QQmlPrivate@@YAXPAX@Z 00413ed0 f i main.obj
 0001:00012f30       ??$qRegisterNormalizedMetaType@PAVOperationParamObject@@@@YAHABVQByteArray@@PAPAVOperationParamObject@@W4DefinedType@?$MetaTypeDefinedHelper@PAVOperationParamObject@@$00@QtPrivate@@@Z 00413f30 f i main.obj
 0001:00012f90       ??$qRegisterNormalizedMetaType@PAVOperationParamSelector@@@@YAHABVQByteArray@@PAPAVOperationParamSelector@@W4DefinedType@?$MetaTypeDefinedHelper@PAVOperationParamSelector@@$00@QtPrivate@@@Z 00413f90 f i main.obj
 0001:00012ff0       ??$qRegisterNormalizedMetaType@PAVPlanController@@@@YAHABVQByteArray@@PAPAVPlanController@@W4DefinedType@?$MetaTypeDefinedHelper@PAVPlanController@@$00@QtPrivate@@@Z 00413ff0 f i main.obj
 0001:00013050       ??$qRegisterNormalizedMetaType@PAVPlanSelector@@@@YAHABVQByteArray@@PAPAVPlanSelector@@W4DefinedType@?$MetaTypeDefinedHelper@PAVPlanSelector@@$00@QtPrivate@@@Z 00414050 f i main.obj
 0001:000130b0       ??$qRegisterNormalizedMetaType@PAVStatusViewWatcher@@@@YAHABVQByteArray@@PAPAVStatusViewWatcher@@W4DefinedType@?$MetaTypeDefinedHelper@PAVStatusViewWatcher@@$00@QtPrivate@@@Z 004140b0 f i main.obj
 0001:00013110       ??$qRegisterNormalizedMetaType@PAVTextFieldDoubleValidator@@@@YAHABVQByteArray@@PAPAVTextFieldDoubleValidator@@W4DefinedType@?$MetaTypeDefinedHelper@PAVTextFieldDoubleValidator@@$00@QtPrivate@@@Z 00414110 f i main.obj
 0001:00013170       ??$qRegisterNormalizedMetaType@PAVWorkLocationManager@@@@YAHABVQByteArray@@PAPAVWorkLocationManager@@W4DefinedType@?$MetaTypeDefinedHelper@PAVWorkLocationManager@@$00@QtPrivate@@@Z 00414170 f i main.obj
 0001:000131d0       ??$qmlRegisterType@VOperationParamObject@@@@YAHPBDHH0@Z 004141d0 f i main.obj
 0001:00013480       ??$qmlRegisterType@VOperationParamSelector@@@@YAHPBDHH0@Z 00414480 f i main.obj
 0001:00013730       ??$qmlRegisterType@VPlanController@@@@YAHPBDHH0@Z 00414730 f i main.obj
 0001:000139e0       ??$qmlRegisterType@VPlanSelector@@@@YAHPBDHH0@Z 004149e0 f i main.obj
 0001:00013c90       ??$qmlRegisterType@VStatusViewWatcher@@@@YAHPBDHH0@Z 00414c90 f i main.obj
 0001:00013f40       ??$qmlRegisterType@VTextFieldDoubleValidator@@@@YAHPBDHH0@Z 00414f40 f i main.obj
 0001:000141f0       ??$qmlRegisterType@VWorkLocationManager@@@@YAHPBDHH0@Z 004151f0 f i main.obj
 0001:000144a0       ??1?$QList@PAVQObject@@@@QAE@XZ 004154a0 f i main.obj
 0001:000144a0       ??1?$QList@H@@QAE@XZ       004154a0 f i configfilehandler.obj
 0001:00014500       ??1?$QVarLengthArray@D$0DA@@@QAE@XZ 00415500 f i main.obj
 0001:00014500       ??1?$QVarLengthArray@D$0EA@@@QAE@XZ 00415500 f i main.obj
 0001:00014520       ??1OperationParamSelector@@UAE@XZ 00415520 f i main.obj
 0001:000145d0       ??1RegisterType@QQmlPrivate@@QAE@XZ 004155d0 f i main.obj
 0001:000145e0       ??_G?$QQmlElement@VOperationParamObject@@@QQmlPrivate@@UAEPAXI@Z 004155e0 f i main.obj
 0001:000145e0       ??_E?$QQmlElement@VOperationParamObject@@@QQmlPrivate@@UAEPAXI@Z 004155e0 f i main.obj
 0001:00014660       ??_G?$QQmlElement@VOperationParamSelector@@@QQmlPrivate@@UAEPAXI@Z 00415660 f i main.obj
 0001:00014660       ??_E?$QQmlElement@VOperationParamSelector@@@QQmlPrivate@@UAEPAXI@Z 00415660 f i main.obj
 0001:000146d0       ??_G?$QQmlElement@VPlanController@@@QQmlPrivate@@UAEPAXI@Z 004156d0 f i main.obj
 0001:000146d0       ??_E?$QQmlElement@VPlanController@@@QQmlPrivate@@UAEPAXI@Z 004156d0 f i main.obj
 0001:00014740       ??_G?$QQmlElement@VPlanSelector@@@QQmlPrivate@@UAEPAXI@Z 00415740 f i main.obj
 0001:00014740       ??_E?$QQmlElement@VPlanSelector@@@QQmlPrivate@@UAEPAXI@Z 00415740 f i main.obj
 0001:000147b0       ??_G?$QQmlElement@VStatusViewWatcher@@@QQmlPrivate@@UAEPAXI@Z 004157b0 f i main.obj
 0001:000147b0       ??_E?$QQmlElement@VStatusViewWatcher@@@QQmlPrivate@@UAEPAXI@Z 004157b0 f i main.obj
 0001:00014820       ??_G?$QQmlElement@VTextFieldDoubleValidator@@@QQmlPrivate@@UAEPAXI@Z 00415820 f i main.obj
 0001:00014820       ??_E?$QQmlElement@VTextFieldDoubleValidator@@@QQmlPrivate@@UAEPAXI@Z 00415820 f i main.obj
 0001:00014890       ??_G?$QQmlElement@VWorkLocationManager@@@QQmlPrivate@@UAEPAXI@Z 00415890 f i main.obj
 0001:00014890       ??_E?$QQmlElement@VWorkLocationManager@@@QQmlPrivate@@UAEPAXI@Z 00415890 f i main.obj
 0001:00014900       ??_GOperationParamObject@@UAEPAXI@Z 00415900 f i main.obj
 0001:00014900       ??_EOperationParamObject@@UAEPAXI@Z 00415900 f i main.obj
 0001:00014930       ?Construct@?$QMetaTypeFunctionHelper@PAVOperationParamSelector@@$00@QtMetaTypePrivate@@SAPAXPAXPBX@Z 00415930 f i main.obj
 0001:00014930       ?Construct@?$QMetaTypeFunctionHelper@PAVOperationParamObject@@$00@QtMetaTypePrivate@@SAPAXPAXPBX@Z 00415930 f i main.obj
 0001:00014930       ?Construct@?$QMetaTypeFunctionHelper@PAVWorkLocationManager@@$00@QtMetaTypePrivate@@SAPAXPAXPBX@Z 00415930 f i main.obj
 0001:00014930       ?Construct@?$QMetaTypeFunctionHelper@PAVTextFieldDoubleValidator@@$00@QtMetaTypePrivate@@SAPAXPAXPBX@Z 00415930 f i main.obj
 0001:00014930       ?Construct@?$QMetaTypeFunctionHelper@PAVPlanSelector@@$00@QtMetaTypePrivate@@SAPAXPAXPBX@Z 00415930 f i main.obj
 0001:00014930       ?Construct@?$QMetaTypeFunctionHelper@PAVPlanController@@$00@QtMetaTypePrivate@@SAPAXPAXPBX@Z 00415930 f i main.obj
 0001:00014930       ?Construct@?$QMetaTypeFunctionHelper@PAVStatusViewWatcher@@$00@QtMetaTypePrivate@@SAPAXPAXPBX@Z 00415930 f i main.obj
 0001:00014960       ?Construct@?$QMetaTypeFunctionHelper@V?$QQmlListProperty@VOperationParamSelector@@@@$00@QtMetaTypePrivate@@SAPAXPAXPBX@Z 00415960 f i main.obj
 0001:00014960       ?Construct@?$QMetaTypeFunctionHelper@V?$QQmlListProperty@VPlanController@@@@$00@QtMetaTypePrivate@@SAPAXPAXPBX@Z 00415960 f i main.obj
 0001:00014960       ?Construct@?$QMetaTypeFunctionHelper@V?$QQmlListProperty@VOperationParamObject@@@@$00@QtMetaTypePrivate@@SAPAXPAXPBX@Z 00415960 f i main.obj
 0001:00014960       ?Construct@?$QMetaTypeFunctionHelper@V?$QQmlListProperty@VStatusViewWatcher@@@@$00@QtMetaTypePrivate@@SAPAXPAXPBX@Z 00415960 f i main.obj
 0001:00014960       ?Construct@?$QMetaTypeFunctionHelper@V?$QQmlListProperty@VPlanSelector@@@@$00@QtMetaTypePrivate@@SAPAXPAXPBX@Z 00415960 f i main.obj
 0001:00014960       ?Construct@?$QMetaTypeFunctionHelper@V?$QQmlListProperty@VWorkLocationManager@@@@$00@QtMetaTypePrivate@@SAPAXPAXPBX@Z 00415960 f i main.obj
 0001:00014960       ?Construct@?$QMetaTypeFunctionHelper@V?$QQmlListProperty@VTextFieldDoubleValidator@@@@$00@QtMetaTypePrivate@@SAPAXPAXPBX@Z 00415960 f i main.obj
 0001:000149c0       ?Destruct@?$QMetaTypeFunctionHelper@VQSequentialIterableImpl@QtMetaTypePrivate@@$00@QtMetaTypePrivate@@SAXPAX@Z 004159c0 f i moc_workmodels.obj
 0001:000149c0       ?onComplete@PlanSelector@@QAEXXZ 004159c0 f i workmodels.obj
 0001:000149c0       ?qt_static_metacall@configFileHandler@@CAXPAVQObject@@W4Call@QMetaObject@@HPAPAX@Z 004159c0 f i moc_configfilehandler.obj
 0001:000149c0       ?Destruct@?$QMetaTypeFunctionHelper@PAVTextFieldDoubleValidator@@$00@QtMetaTypePrivate@@SAXPAX@Z 004159c0 f i main.obj
 0001:000149c0       @_guard_check_icall_nop@4  004159c0 f i MSVCRT:guard_support.obj
 0001:000149c0       ?Destruct@?$QMetaTypeFunctionHelper@V?$QQmlListProperty@VOperationParamObject@@@@$00@QtMetaTypePrivate@@SAXPAX@Z 004159c0 f i main.obj
 0001:000149c0       ?Destruct@?$QMetaTypeFunctionHelper@PAVOperationParamObject@@$00@QtMetaTypePrivate@@SAXPAX@Z 004159c0 f i main.obj
 0001:000149c0       ?Destruct@?$QMetaTypeFunctionHelper@V?$QQmlListProperty@VTextFieldDoubleValidator@@@@$00@QtMetaTypePrivate@@SAXPAX@Z 004159c0 f i main.obj
 0001:000149c0       __initialize_invalid_parameter_handler 004159c0 f i MSVCRT:invalid_parameter_handler.obj
 0001:000149c0       ?Destruct@?$QMetaTypeFunctionHelper@PAVPlanSelector@@$00@QtMetaTypePrivate@@SAXPAX@Z 004159c0 f i main.obj
 0001:000149c0       ?Destruct@?$QMetaTypeFunctionHelper@PAVOperationParamSelector@@$00@QtMetaTypePrivate@@SAXPAX@Z 004159c0 f i main.obj
 0001:000149c0       ?Destruct@?$QMetaTypeFunctionHelper@PAVPlanController@@$00@QtMetaTypePrivate@@SAXPAX@Z 004159c0 f i main.obj
 0001:000149c0       ?Destruct@?$QMetaTypeFunctionHelper@PAVWorkLocationManager@@$00@QtMetaTypePrivate@@SAXPAX@Z 004159c0 f i main.obj
 0001:000149c0       ??3@YAXPAX0@Z              004159c0 f i configfilehandler.obj
 0001:000149c0       ?Destruct@?$QMetaTypeFunctionHelper@PAVStatusViewWatcher@@$00@QtMetaTypePrivate@@SAXPAX@Z 004159c0 f i main.obj
 0001:000149c0       __initialize_denormal_control 004159c0 f i MSVCRT:denormal_control.obj
 0001:000149c0       ?Destruct@?$QMetaTypeFunctionHelper@V?$QQmlListProperty@VPlanSelector@@@@$00@QtMetaTypePrivate@@SAXPAX@Z 004159c0 f i main.obj
 0001:000149c0       ?Destruct@?$QMetaTypeFunctionHelper@V?$QQmlListProperty@VStatusViewWatcher@@@@$00@QtMetaTypePrivate@@SAXPAX@Z 004159c0 f i main.obj
 0001:000149c0       ?Destruct@?$QMetaTypeFunctionHelper@V?$QQmlListProperty@VPlanController@@@@$00@QtMetaTypePrivate@@SAXPAX@Z 004159c0 f i main.obj
 0001:000149c0       ?Destruct@?$QMetaTypeFunctionHelper@V?$QQmlListProperty@VWorkLocationManager@@@@$00@QtMetaTypePrivate@@SAXPAX@Z 004159c0 f i main.obj
 0001:000149c0       ?Destruct@?$QMetaTypeFunctionHelper@V?$QQmlListProperty@VOperationParamSelector@@@@$00@QtMetaTypePrivate@@SAXPAX@Z 004159c0 f i main.obj
 0001:000149d0       ?TopLevelExceptionFilter@@YGJPAU_EXCEPTION_POINTERS@@@Z 004159d0 f   main.obj
 0001:00014a40       ?customMessageHandler@@YAXW4QtMsgType@@ABVQMessageLogContext@@ABVQString@@@Z 00415a40 f   main.obj
 0001:00014db0       ?getConfigFullName@@YA?AVQString@@PBD@Z 00415db0 f   main.obj
 0001:00014e20       ?impl@?$QStaticSlotObject@P6AXXZU?$List@$$V@QtPrivate@@X@QtPrivate@@CAXHPAVQSlotObjectBase@2@PAVQObject@@PAPAXPA_N@Z 00415e20 f i main.obj
 0001:00014e50       ?qt_metatype_id@?$QMetaTypeIdQObject@PAVOperationParamObject@@$07@@SAHXZ 00415e50 f i main.obj
 0001:00014f00       ?qt_metatype_id@?$QMetaTypeIdQObject@PAVOperationParamSelector@@$07@@SAHXZ 00415f00 f i main.obj
 0001:00014fb0       ?qt_metatype_id@?$QMetaTypeIdQObject@PAVPlanController@@$07@@SAHXZ 00415fb0 f i main.obj
 0001:00015060       ?qt_metatype_id@?$QMetaTypeIdQObject@PAVPlanSelector@@$07@@SAHXZ 00416060 f i main.obj
 0001:00015110       ?qt_metatype_id@?$QMetaTypeIdQObject@PAVStatusViewWatcher@@$07@@SAHXZ 00416110 f i main.obj
 0001:000151c0       ?qt_metatype_id@?$QMetaTypeIdQObject@PAVTextFieldDoubleValidator@@$07@@SAHXZ 004161c0 f i main.obj
 0001:00015270       ?qt_metatype_id@?$QMetaTypeIdQObject@PAVWorkLocationManager@@$07@@SAHXZ 00416270 f i main.obj
 0001:00015320       ?validate@TextFieldDoubleValidator@@UBE?AW4State@QValidator@@AAVQString@@AAH@Z 00416320 f i main.obj
 0001:000154a0       _main                      004164a0 f   main.obj
 0001:000158e0       ??$connect@P8EnvironmentVariant@@AEXXZP8StatusViewWatcher@@AEXXZ@QObject@@SA?AVConnection@QMetaObject@@PBVEnvironmentVariant@@P83@AEXXZPBVStatusViewWatcher@@P84@AEXXZW4ConnectionType@Qt@@@Z 004168e0 f i workmodels.obj
 0001:00015940       ??0?$QList@H@@QAE@ABV0@@Z  00416940 f i configfilehandler.obj
 0001:00015940       ??0?$QList@PAVQObject@@@@QAE@ABV0@@Z 00416940 f i workmodels.obj
 0001:000159f0       ??0OperationParamSelector@@QAE@PAVQObject@@@Z 004169f0 f   workmodels.obj
 0001:00015a40       ??0PlanController@@QAE@PAVQObject@@@Z 00416a40 f   workmodels.obj
 0001:00015ab0       ??0PlanSelector@@QAE@PAVQObject@@@Z 00416ab0 f   workmodels.obj
 0001:00015b70       ??0StatusViewWatcher@@QAE@PAVQObject@@@Z 00416b70 f   workmodels.obj
 0001:00015c00       ??0WorkLocationManager@@QAE@PAVQObject@@@Z 00416c00 f   workmodels.obj
 0001:00015c20       ??1?$QForeachContainer@V?$QList@PAVQObject@@@@@@QAE@XZ 00416c20 f i workmodels.obj
 0001:00015c80       ??1PlanController@@UAE@XZ  00416c80 f   workmodels.obj
 0001:00015ce0       ??1PlanSelector@@UAE@XZ    00416ce0 f   workmodels.obj
 0001:00015da0       ??1StatusViewWatcher@@UAE@XZ 00416da0 f   workmodels.obj
 0001:00015e20       ??1WorkLocationManager@@UAE@XZ 00416e20 f   workmodels.obj
 0001:00015e30       ??4?$QList@PAVQObject@@@@QAEAAV0@$$QAV0@@Z 00416e30 f i workmodels.obj
 0001:00015e30       ??4?$QList@H@@QAEAAV0@$$QAV0@@Z 00416e30 f i configfilehandler.obj
 0001:00015eb0       ??_GOperationParamSelector@@UAEPAXI@Z 00416eb0 f i workmodels.obj
 0001:00015eb0       ??_EOperationParamSelector@@UAEPAXI@Z 00416eb0 f i workmodels.obj
 0001:00015ed0       ??_GPlanController@@UAEPAXI@Z 00416ed0 f i workmodels.obj
 0001:00015ed0       ??_EPlanController@@UAEPAXI@Z 00416ed0 f i workmodels.obj
 0001:00015f40       ??_GPlanSelector@@UAEPAXI@Z 00416f40 f i workmodels.obj
 0001:00015f40       ??_EPlanSelector@@UAEPAXI@Z 00416f40 f i workmodels.obj
 0001:00015f60       ??_EStatusViewWatcher@@UAEPAXI@Z 00416f60 f i workmodels.obj
 0001:00015f60       ??_GStatusViewWatcher@@UAEPAXI@Z 00416f60 f i workmodels.obj
 0001:00016000       ??_EWorkLocationManager@@UAEPAXI@Z 00417000 f i workmodels.obj
 0001:00016000       ??_GWorkLocationManager@@UAEPAXI@Z 00417000 f i workmodels.obj
 0001:00016030       ?WorkPlaceConstraint@EnvironmentVariant@@QAE?AVQJsonArray@@XZ 00417030 f i workmodels.obj
 0001:00016060       ?addPlan@PlanSelector@@QAEXABVQString@@@Z 00417060 f   workmodels.obj
 0001:00016080       ?addStep@PlanSelector@@QAEXHHH@Z 00417080 f   workmodels.obj
 0001:000160a0       ?boardConfigIndex@PlanSelector@@QAEHH@Z 004170a0 f   workmodels.obj
 0001:000160c0       ?commitParam@PlanSelector@@QAEXHHABVQString@@ABVQVariant@@@Z 004170c0 f   workmodels.obj
 0001:000160e0       ?copyStep@PlanSelector@@QAE?AVQString@@HHH@Z 004170e0 f   workmodels.obj
 0001:00016110       ?detach_helper_grow@?$QList@H@@AAEPAUNode@1@HH@Z 00417110 f i configfilehandler.obj
 0001:00016110       ?detach_helper_grow@?$QList@PAVQObject@@@@AAEPAUNode@1@HH@Z 00417110 f i workmodels.obj
 0001:00016250       ?eventFilter@PlanController@@UAE_NPAVQObject@@PAVQEvent@@@Z 00417250 f   workmodels.obj
 0001:000162a0       ?eventFilter@PlanSelector@@MAE_NPAVQObject@@PAVQEvent@@@Z 004172a0 f   workmodels.obj
 0001:000162f0       ?eventFilter@StatusViewWatcher@@UAE_NPAVQObject@@PAVQEvent@@@Z 004172f0 f   workmodels.obj
 0001:00016330       ?exportConfigFile@ConfigFileConverter@@QAE_NABVQUrl@@@Z 00417330 f   workmodels.obj
 0001:000163a0       ?getBoardTypeIndexByPosition@PlanSelector@@QAEHH@Z 004173a0 f   workmodels.obj
 0001:000163a0       ?getBoardTypeIndexByPosition@OperationParamSelector@@QAEHH@Z 004173a0 f   workmodels.obj
 0001:000163c0       ?getPlanBoardTypeIndexByPosition@PlanSelector@@QAEHHH@Z 004173c0 f   workmodels.obj
 0001:000163e0       ?getSwitch@OperationParamSelector@@QAEPAVQObject@@ABVQString@@@Z 004173e0 f   workmodels.obj
 0001:00016550       ?getSwitch@PlanSelector@@QAEPAVQObject@@ABVQString@@@Z 00417550 f   workmodels.obj
 0001:000166c0       ?getWorkLocationTypeList@WorkLocationManager@@QAE?AVQJsonObject@@XZ 004176c0 f   workmodels.obj
 0001:000166f0       ?getWorkPlaceConstraint@WorkLocationManager@@QAE?AVQJsonArray@@XZ 004176f0 f   workmodels.obj
 0001:00016720       ?importConfigFile@ConfigFileConverter@@QAE_NABVQUrl@@@Z 00417720 f   workmodels.obj
 0001:00016790       ?init@OperationParamSelector@@QAEXABVQString@@@Z 00417790 f   workmodels.obj
 0001:00016810       ?moveStep@PlanSelector@@QAEXHHH@Z 00417810 f   workmodels.obj
 0001:00016830       ?node_copy@?$QList@H@@AAEXPAUNode@1@00@Z 00417830 f i configfilehandler.obj
 0001:00016830       ?node_copy@?$QList@PAVQObject@@@@AAEXPAUNode@1@00@Z 00417830 f i workmodels.obj
 0001:00016860       ?onCompleteSingleOperation@OperationParamSelector@@QAEXXZ 00417860 f   workmodels.obj
 0001:00016af0       ?onMachineConfigChanged@TargetMachineObject@@QAE_NXZ 00417af0 f   workmodels.obj
 0001:00016b90       ?onSave@PlanSelector@@QAE_NXZ 00417b90 f   workmodels.obj
 0001:00016ba0       ?operationCurrentIndex@PlanSelector@@QAEHXZ 00417ba0 f   workmodels.obj
 0001:00016bc0       ?pausePlan@PlanController@@QAEXXZ 00417bc0 f   workmodels.obj
 0001:00016bd0       ?planListModel@PlanSelector@@QAE?AVQStringList@@XZ 00417bd0 f   workmodels.obj
 0001:00016c00       ?planSelectStepListModel@PlanSelector@@QAE?AVQStringList@@H@Z 00417c00 f   workmodels.obj
 0001:00016c30       ?removePlan@PlanSelector@@QAEXH@Z 00417c30 f   workmodels.obj
 0001:00016c50       ?removeStep@PlanSelector@@QAEXHH@Z 00417c50 f   workmodels.obj
 0001:00016c70       ?resumePlan@PlanController@@QAEXXZ 00417c70 f   workmodels.obj
 0001:00016ca0       ?setBoardConfigIndex@PlanSelector@@QAEXHH@Z 00417ca0 f   workmodels.obj
 0001:00016cc0       ?setPlanName@PlanSelector@@QAEXHABVQString@@@Z 00417cc0 f   workmodels.obj
 0001:00016ce0       ?setSelectedOperation@OperationParamSelector@@QAEXH@Z 00417ce0 f   workmodels.obj
 0001:000170b0       ?setSelectedOperation@PlanSelector@@QAEXHHH@Z 004180b0 f   workmodels.obj
 0001:00017570       ?setSelectedStep@PlanSelector@@QAEXHH@Z 00418570 f   workmodels.obj
 0001:00017950       ?setWorkLocationType@WorkLocationManager@@QAE_NHHABVQString@@@Z 00418950 f   workmodels.obj
 0001:00017970       ?startCheckPlan@PlanSelector@@QAEXH@Z 00418970 f   workmodels.obj
 0001:00017990       ?startPlan@PlanController@@QAEXHH@Z 00418990 f   workmodels.obj
 0001:000179c0       ?stepListModel@PlanSelector@@QAE?AVQStringList@@H@Z 004189c0 f   workmodels.obj
 0001:000179f0       ?stopCheckPlan@PlanSelector@@QAEXXZ 004189f0 f   workmodels.obj
 0001:00017a00       ?stopPlan@PlanController@@QAEXXZ 00418a00 f   workmodels.obj
 0001:00017a10       ?updateWorkPlace@WorkLocationManager@@QAE_NABVQJsonObject@@@Z 00418a10 f   workmodels.obj
 0001:00017a30       ??$connect@P8SubThreadCheckWorker@@AEXABVQJsonObject@@@ZP8WorkflowCheckerController@@AEX0@Z@QObject@@SA?AVConnection@QMetaObject@@PBVSubThreadCheckWorker@@P83@AEXABVQJsonObject@@@ZPBVWorkflowCheckerController@@P85@AEX1@ZW4ConnectionType@Qt@@@Z 00418a30 f i workflowChecker.obj
 0001:00017aa0       ??$connect@P8WorkflowCheckerController@@AEXABVQJsonArray@@@ZP8SubThreadCheckWorker@@AEX0@Z@QObject@@SA?AVConnection@QMetaObject@@PBVWorkflowCheckerController@@P83@AEXABVQJsonArray@@@ZPBVSubThreadCheckWorker@@P85@AEX1@ZW4ConnectionType@Qt@@@Z 00418aa0 f i workflowChecker.obj
 0001:00017b10       ??$connect@P8WorkflowCheckerController@@AEXABVQJsonObject@@@ZP8SubThreadCheckWorker@@AEX0@Z@QObject@@SA?AVConnection@QMetaObject@@PBVWorkflowCheckerController@@P83@AEXABVQJsonObject@@@ZPBVSubThreadCheckWorker@@P85@AEX1@ZW4ConnectionType@Qt@@@Z 00418b10 f i workflowChecker.obj
 0001:00017b80       ??$connect@P8WorkflowCheckerController@@AEXXZP8SubThreadCheckWorker@@AEXXZ@QObject@@SA?AVConnection@QMetaObject@@PBVWorkflowCheckerController@@P83@AEXXZPBVSubThreadCheckWorker@@P84@AEXXZW4ConnectionType@Qt@@@Z 00418b80 f i workflowChecker.obj
 0001:00017be0       ??0WorkflowCheckerController@@QAE@PAVQObject@@@Z 00418be0 f   workflowChecker.obj
 0001:00017d60       ??1?$QMap@VQString@@H@@QAE@XZ 00418d60 f i workflowChecker.obj
 0001:00017e00       ??1WorkflowCheckerController@@UAE@XZ 00418e00 f   workflowChecker.obj
 0001:00017e70       ??A?$QMap@VQString@@H@@QAEAAHABVQString@@@Z 00418e70 f i workflowChecker.obj
 0001:00017ef0       ??_GStatusChangeEvent@@UAEPAXI@Z 00418ef0 f i workflowprotocol.obj
 0001:00017ef0       ??_ECheckStateChangeEvent@@UAEPAXI@Z 00418ef0 f i workflowChecker.obj
 0001:00017ef0       ??_GCheckStateChangeEvent@@UAEPAXI@Z 00418ef0 f i workflowChecker.obj
 0001:00017ef0       ??_EStatusChangeEvent@@UAEPAXI@Z 00418ef0 f i workflowprotocol.obj
 0001:00017f20       ??_ESubThreadCheckWorker@@UAEPAXI@Z 00418f20 f i workflowChecker.obj
 0001:00017f20       ??_GSubThreadCheckWorker@@UAEPAXI@Z 00418f20 f i workflowChecker.obj
 0001:00017f70       ??_EWorkflowCheckerController@@UAEPAXI@Z 00418f70 f i workflowChecker.obj
 0001:00017f70       ??_GWorkflowCheckerController@@UAEPAXI@Z 00418f70 f i workflowChecker.obj
 0001:00018000       ?CheckBoardConstraint@SubThreadCheckWorker@@IAE_NABVQJsonObject@@@Z 00419000 f   workflowChecker.obj
 0001:000183b0       ?CheckParamConstraint@SubThreadCheckWorker@@IAE_NABVQJsonObject@@@Z 004193b0 f   workflowChecker.obj
 0001:00018c60       ?checkTask@WorkflowCheckerController@@QAEXABVQJsonObject@@@Z 00419c60 f   workflowChecker.obj
 0001:00018c70       ?configChecker@SubThreadCheckWorker@@QAEXABVQJsonArray@@@Z 00419c70 f   workflowChecker.obj
 0001:00018fd0       ?copy@?$QMapNode@VQString@@H@@QBEPAU1@PAU?$QMapData@VQString@@H@@@Z 00419fd0 f i workflowChecker.obj
 0001:00019050       ?createNode@?$QMapData@VQString@@H@@QAEPAU?$QMapNode@VQString@@H@@ABVQString@@ABHPAU2@_N@Z 0041a050 f i workflowChecker.obj
 0001:00019090       ?destroySubTree@?$QMapNode@VQString@@H@@QAEXXZ 0041a090 f i workflowChecker.obj
 0001:000190c0       ?detach_helper@?$QMap@VQString@@H@@AAEXXZ 0041a0c0 f i workflowChecker.obj
 0001:00019160       ?doCheck@SubThreadCheckWorker@@QAEXABVQJsonObject@@@Z 0041a160 f   workflowChecker.obj
 0001:000196d0       ?forceStop@SubThreadCheckWorker@@QAEXXZ 0041a6d0 f   workflowChecker.obj
 0001:000196e0       ?impl@?$QSlotObject@P8WorkflowCheckerController@@AEXABVQJsonObject@@@ZU?$List@ABVQJsonObject@@@QtPrivate@@X@QtPrivate@@CAXHPAVQSlotObjectBase@2@PAVQObject@@PAPAXPA_N@Z 0041a6e0 f i workflowChecker.obj
 0001:000196e0       ?impl@?$QSlotObject@P8SubThreadWorker@@AEXABVQJsonObject@@@ZU?$List@ABVQJsonObject@@@QtPrivate@@X@QtPrivate@@CAXHPAVQSlotObjectBase@2@PAVQObject@@PAPAXPA_N@Z 0041a6e0 f i workflowprotocol.obj
 0001:000196e0       ?impl@?$QSlotObject@P8SubThreadCheckWorker@@AEXABVQJsonArray@@@ZU?$List@ABVQJsonArray@@@QtPrivate@@X@QtPrivate@@CAXHPAVQSlotObjectBase@2@PAVQObject@@PAPAXPA_N@Z 0041a6e0 f i workflowChecker.obj
 0001:000196e0       ?impl@?$QSlotObject@P8SubThreadWorker@@AEXABVQString@@@ZU?$List@ABVQString@@@QtPrivate@@X@QtPrivate@@CAXHPAVQSlotObjectBase@2@PAVQObject@@PAPAXPA_N@Z 0041a6e0 f i workflowprotocol.obj
 0001:000196e0       ?impl@?$QSlotObject@P8WorkflowController@@AEXABVQJsonObject@@@ZU?$List@ABVQJsonObject@@@QtPrivate@@X@QtPrivate@@CAXHPAVQSlotObjectBase@2@PAVQObject@@PAPAXPA_N@Z 0041a6e0 f i workflowprotocol.obj
 0001:000196e0       ?impl@?$QSlotObject@P8SubThreadCheckWorker@@AEXABVQJsonObject@@@ZU?$List@ABVQJsonObject@@@QtPrivate@@X@QtPrivate@@CAXHPAVQSlotObjectBase@2@PAVQObject@@PAPAXPA_N@Z 0041a6e0 f i workflowChecker.obj
 0001:00019740       ?init@WorkflowCheckerController@@QAEXABVQJsonArray@@@Z 0041a740 f   workflowChecker.obj
 0001:00019750       ?insert@?$QMap@VQString@@H@@QAE?AViterator@1@ABVQString@@ABH@Z 0041a750 f i workflowChecker.obj
 0001:00019810       ?isFilteredCommand@SubThreadCheckWorker@@IAE_NABVQJsonObject@@@Z 0041a810 f   workflowChecker.obj
 0001:00019bb0       ?remove@?$QMap@VQString@@H@@QAEHABVQString@@@Z 0041abb0 f i workflowChecker.obj
 0001:00019c60       ?statusChanged@WorkflowCheckerController@@QAEXABVQJsonObject@@@Z 0041ac60 f   workflowChecker.obj
 0001:00019d00       ?stopCurrentCheck@WorkflowCheckerController@@QAEXXZ 0041ad00 f   workflowChecker.obj
 0001:00019d20       ?types@?$ConnectionTypes@U?$List@ABVQJsonArray@@@QtPrivate@@$00@QtPrivate@@SAPBHXZ 0041ad20 f i workflowChecker.obj
 0001:00019d80       ?changeHost@WorkflowController@@QAEXABVQString@@G@Z 0041ad80 f   moc_workflowprotocol.obj
 0001:00019dd0       ?configProtocol@WorkflowController@@QAEXABVQString@@@Z 0041add0 f   moc_workflowprotocol.obj
 0001:00019e00       ?metaObject@SubThreadWorker@@UBEPBUQMetaObject@@XZ 0041ae00 f   moc_workflowprotocol.obj
 0001:00019e20       ?metaObject@WorkflowController@@UBEPBUQMetaObject@@XZ 0041ae20 f   moc_workflowprotocol.obj
 0001:00019e40       ?pauseTask@WorkflowController@@QAEXXZ 0041ae40 f   moc_workflowprotocol.obj
 0001:00019e60       ?qt_metacall@SubThreadWorker@@UAEHW4Call@QMetaObject@@HPAPAX@Z 0041ae60 f   moc_workflowprotocol.obj
 0001:00019ec0       ?qt_metacall@WorkflowController@@UAEHW4Call@QMetaObject@@HPAPAX@Z 0041aec0 f   moc_workflowprotocol.obj
 0001:00019f20       ?qt_metacast@SubThreadWorker@@UAEPAXPBD@Z 0041af20 f   moc_workflowprotocol.obj
 0001:00019f80       ?qt_metacast@WorkflowController@@UAEPAXPBD@Z 0041af80 f   moc_workflowprotocol.obj
 0001:00019fe0       ?qt_static_metacall@SubThreadWorker@@CAXPAVQObject@@W4Call@QMetaObject@@HPAPAX@Z 0041afe0 f   moc_workflowprotocol.obj
 0001:0001a0e0       ?qt_static_metacall@WorkflowController@@CAXPAVQObject@@W4Call@QMetaObject@@HPAPAX@Z 0041b0e0 f   moc_workflowprotocol.obj
 0001:0001a230       ?runNewTask@WorkflowController@@QAEXABVQJsonObject@@@Z 0041b230 f   moc_workflowprotocol.obj
 0001:0001a260       ?runNewTunning@WorkflowController@@QAEXABVQJsonObject@@@Z 0041b260 f   moc_workflowprotocol.obj
 0001:0001a290       ?statusChanged@SubThreadWorker@@QAEXABVQJsonObject@@@Z 0041b290 f   moc_workflowprotocol.obj
 0001:0001a2c0       ?stopTask@WorkflowController@@QAEXXZ 0041b2c0 f   moc_workflowprotocol.obj
 0001:0001a2e0       ?taskStateChanged@SubThreadWorker@@QAEXABVQString@@H@Z 0041b2e0 f   moc_workflowprotocol.obj
 0001:0001a330       ?updateStopState@WorkflowController@@QAEXXZ 0041b330 f   moc_workflowprotocol.obj
 0001:0001a350       ?configChecker@WorkflowCheckerController@@QAEXABVQJsonArray@@@Z 0041b350 f   moc_workflowChecker.obj
 0001:0001a380       ?metaObject@SubThreadCheckWorker@@UBEPBUQMetaObject@@XZ 0041b380 f   moc_workflowChecker.obj
 0001:0001a3a0       ?metaObject@WorkflowCheckerController@@UBEPBUQMetaObject@@XZ 0041b3a0 f   moc_workflowChecker.obj
 0001:0001a3c0       ?qt_metacall@SubThreadCheckWorker@@UAEHW4Call@QMetaObject@@HPAPAX@Z 0041b3c0 f   moc_workflowChecker.obj
 0001:0001a420       ?qt_metacall@WorkflowCheckerController@@UAEHW4Call@QMetaObject@@HPAPAX@Z 0041b420 f   moc_workflowChecker.obj
 0001:0001a480       ?qt_metacast@SubThreadCheckWorker@@UAEPAXPBD@Z 0041b480 f   moc_workflowChecker.obj
 0001:0001a4e0       ?qt_metacast@WorkflowCheckerController@@UAEPAXPBD@Z 0041b4e0 f   moc_workflowChecker.obj
 0001:0001a540       ?qt_static_metacall@SubThreadCheckWorker@@CAXPAVQObject@@W4Call@QMetaObject@@HPAPAX@Z 0041b540 f   moc_workflowChecker.obj
 0001:0001a5d0       ?qt_static_metacall@WorkflowCheckerController@@CAXPAVQObject@@W4Call@QMetaObject@@HPAPAX@Z 0041b5d0 f   moc_workflowChecker.obj
 0001:0001a690       ?runNewCheck@WorkflowCheckerController@@QAEXABVQJsonObject@@@Z 0041b690 f   moc_workflowChecker.obj
 0001:0001a6c0       ?statusChanged@SubThreadCheckWorker@@QAEXABVQJsonObject@@@Z 0041b6c0 f   moc_workflowChecker.obj
 0001:0001a6f0       ?stopCheck@WorkflowCheckerController@@QAEXXZ 0041b6f0 f   moc_workflowChecker.obj
 0001:0001a710       ?metaObject@configFileHandler@@UBEPBUQMetaObject@@XZ 0041b710 f   moc_configfilehandler.obj
 0001:0001a730       ?qt_metacall@configFileHandler@@UAEHW4Call@QMetaObject@@HPAPAX@Z 0041b730 f   moc_configfilehandler.obj
 0001:0001a740       ?qt_metacast@configFileHandler@@UAEPAXPBD@Z 0041b740 f   moc_configfilehandler.obj
 0001:0001a7a0       ?metaObject@EnvironmentVariant@@UBEPBUQMetaObject@@XZ 0041b7a0 f   moc_environmentvariant.obj
 0001:0001a7c0       ?qt_metacall@EnvironmentVariant@@UAEHW4Call@QMetaObject@@HPAPAX@Z 0041b7c0 f   moc_environmentvariant.obj
 0001:0001a820       ?qt_metacast@EnvironmentVariant@@UAEPAXPBD@Z 0041b820 f   moc_environmentvariant.obj
 0001:0001a880       ?qt_static_metacall@EnvironmentVariant@@CAXPAVQObject@@W4Call@QMetaObject@@HPAPAX@Z 0041b880 f   moc_environmentvariant.obj
 0001:0001a8d0       ?workLocationTypeChanged@EnvironmentVariant@@QAEXXZ 0041b8d0 f   moc_environmentvariant.obj
 0001:0001a8f0       ??$atImpl@V?$QList@H@@@QSequentialIterableImpl@QtMetaTypePrivate@@SAPBXPBXH@Z 0041b8f0 f i moc_workmodels.obj
 0001:0001a8f0       ??$atImpl@V?$QList@PAVQObject@@@@@QSequentialIterableImpl@QtMetaTypePrivate@@SAPBXPBXH@Z 0041b8f0 f i moc_workmodels.obj
 0001:0001a910       ??$equal@PBQAVQObject@@V?$checked_array_iterator@PBQAVQObject@@@stdext@@U?$equal_to@X@std@@@std@@YA_NPBQAVQObject@@0V?$checked_array_iterator@PBQAVQObject@@@stdext@@U?$equal_to@X@0@@Z 0041b910 f i moc_workmodels.obj
 0001:0001a910       ??$equal@PBHV?$checked_array_iterator@PBH@stdext@@U?$equal_to@X@std@@@std@@YA_NPBH0V?$checked_array_iterator@PBH@stdext@@U?$equal_to@X@0@@Z 0041b910 f i moc_workmodels.obj
 0001:0001a990       ??$getImpl@V?$QList@H@@@QSequentialIterableImpl@QtMetaTypePrivate@@SA?AUVariantData@1@PBQAXHI@Z 0041b990 f i moc_workmodels.obj
 0001:0001a990       ??$getImpl@V?$QList@PAVQObject@@@@@QSequentialIterableImpl@QtMetaTypePrivate@@SA?AUVariantData@1@PBQAXHI@Z 0041b990 f i moc_workmodels.obj
 0001:0001a9b0       ??$moveToBeginImpl@V?$QList@H@@@QSequentialIterableImpl@QtMetaTypePrivate@@SAXPBXPAPAX@Z 0041b9b0 f i moc_workmodels.obj
 0001:0001a9b0       ??$moveToBeginImpl@V?$QList@PAVQObject@@@@@QSequentialIterableImpl@QtMetaTypePrivate@@SAXPBXPAPAX@Z 0041b9b0 f i moc_workmodels.obj
 0001:0001a9e0       ??$moveToEndImpl@V?$QList@PAVQObject@@@@@QSequentialIterableImpl@QtMetaTypePrivate@@SAXPBXPAPAX@Z 0041b9e0 f i moc_workmodels.obj
 0001:0001a9e0       ??$moveToEndImpl@V?$QList@H@@@QSequentialIterableImpl@QtMetaTypePrivate@@SAXPBXPAPAX@Z 0041b9e0 f i moc_workmodels.obj
 0001:0001aa10       ??$sizeImpl@V?$QList@H@@@QSequentialIterableImpl@QtMetaTypePrivate@@SAHPBX@Z 0041ba10 f i moc_workmodels.obj
 0001:0001aa10       ??$sizeImpl@V?$QList@PAVQObject@@@@@QSequentialIterableImpl@QtMetaTypePrivate@@SAHPBX@Z 0041ba10 f i moc_workmodels.obj
 0001:0001aa20       ??0QSequentialIterableImpl@QtMetaTypePrivate@@QAE@XZ 0041ba20 f i moc_workmodels.obj
 0001:0001aa90       ?Construct@?$QMetaTypeFunctionHelper@V?$QList@H@@$00@QtMetaTypePrivate@@SAPAXPAXPBX@Z 0041ba90 f i moc_workmodels.obj
 0001:0001aa90       ?Construct@?$QMetaTypeFunctionHelper@V?$QList@PAVQObject@@@@$00@QtMetaTypePrivate@@SAPAXPAXPBX@Z 0041ba90 f i moc_workmodels.obj
 0001:0001ab10       ?Construct@?$QMetaTypeFunctionHelper@VQSequentialIterableImpl@QtMetaTypePrivate@@$00@QtMetaTypePrivate@@SAPAXPAXPBX@Z 0041bb10 f i moc_workmodels.obj
 0001:0001ab50       ?Destruct@?$QMetaTypeFunctionHelper@V?$QList@PAVQObject@@@@$00@QtMetaTypePrivate@@SAXPAX@Z 0041bb50 f i moc_workmodels.obj
 0001:0001ab50       ?Destruct@?$QMetaTypeFunctionHelper@V?$QList@H@@$00@QtMetaTypePrivate@@SAXPAX@Z 0041bb50 f i moc_workmodels.obj
 0001:0001abc0       ?MachineConfigChanged@TargetMachineObject@@QAEXXZ 0041bbc0 f   moc_workmodels.obj
 0001:0001abe0       ?UnitChanged@OperationParamObject@@QAEXXZ 0041bbe0 f   moc_workmodels.obj
 0001:0001ac00       ?administratorChanged@AdministratorChecker@@QAEXXZ 0041bc00 f   moc_workmodels.obj
 0001:0001ac20       ?advance@?$IteratorOwnerCommon@Vconst_iterator@?$QList@PAVQObject@@@@@QtMetaTypePrivate@@SAXPAPAXH@Z 0041bc20 f i moc_workmodels.obj
 0001:0001ac20       ?advance@?$IteratorOwnerCommon@Vconst_iterator@?$QList@H@@@QtMetaTypePrivate@@SAXPAPAXH@Z 0041bc20 f i moc_workmodels.obj
 0001:0001ac30       ?assign@?$IteratorOwnerCommon@Vconst_iterator@?$QList@PAVQObject@@@@@QtMetaTypePrivate@@SAXPAPAXPBQAX@Z 0041bc30 f i moc_workmodels.obj
 0001:0001ac30       ?assign@?$IteratorOwnerCommon@Vconst_iterator@?$QList@H@@@QtMetaTypePrivate@@SAXPAPAXPBQAX@Z 0041bc30 f i moc_workmodels.obj
 0001:0001ac50       ?boolValueChanged@OperationParamObject@@QAEXXZ 0041bc50 f   moc_workmodels.obj
 0001:0001ac70       ?bottomValueChanged@OperationParamObject@@QAEXXZ 0041bc70 f   moc_workmodels.obj
 0001:0001ac90       ?convert@?$ConverterFunctor@V?$QList@H@@VQSequentialIterableImpl@QtMetaTypePrivate@@U?$QSequentialIterableConvertFunctor@V?$QList@H@@@3@@QtPrivate@@SA_NPBUAbstractConverterFunction@2@PBXPAX@Z 0041bc90 f i moc_workmodels.obj
 0001:0001ad30       ?convert@?$ConverterFunctor@V?$QList@PAVQObject@@@@VQSequentialIterableImpl@QtMetaTypePrivate@@U?$QSequentialIterableConvertFunctor@V?$QList@PAVQObject@@@@@3@@QtPrivate@@SA_NPBUAbstractConverterFunction@2@PBXPAX@Z 0041bd30 f i moc_workmodels.obj
 0001:0001add0       ?currentIndexChanged@OperationParamSelector@@QAEXXZ 0041bdd0 f   moc_workmodels.obj
 0001:0001adf0       ?destroy@?$IteratorOwnerCommon@Vconst_iterator@?$QList@H@@@QtMetaTypePrivate@@SAXPAPAX@Z 0041bdf0 f i moc_workmodels.obj
 0001:0001adf0       ?destroy@?$IteratorOwnerCommon@Vconst_iterator@?$QList@PAVQObject@@@@@QtMetaTypePrivate@@SAXPAPAX@Z 0041bdf0 f i moc_workmodels.obj
 0001:0001ae10       ?display@OperationParamObject@@QBE?AVQString@@XZ 0041be10 f i moc_workmodels.obj
 0001:0001ae30       ?displayChanged@OperationParamObject@@QAEXXZ 0041be30 f   moc_workmodels.obj
 0001:0001ae50       ?equal@?$IteratorOwnerCommon@Vconst_iterator@?$QList@H@@@QtMetaTypePrivate@@SA_NPBQAX0@Z 0041be50 f i moc_workmodels.obj
 0001:0001ae50       ?equal@?$IteratorOwnerCommon@Vconst_iterator@?$QList@PAVQObject@@@@@QtMetaTypePrivate@@SA_NPBQAX0@Z 0041be50 f i moc_workmodels.obj
 0001:0001ae70       ?factorChanged@OperationParamObject@@QAEXXZ 0041be70 f   moc_workmodels.obj
 0001:0001ae90       ?floatValueChanged@OperationParamObject@@QAEXXZ 0041be90 f   moc_workmodels.obj
 0001:0001aeb0       ?getLicenseNumber@TargetMachineObject@@QBE?AVQString@@XZ 0041beb0 f i moc_workmodels.obj
 0001:0001aed0       ?getParamListModel@PlanSelector@@QAE?AV?$QList@PAVQObject@@@@XZ 0041bed0 f i moc_workmodels.obj
 0001:0001aef0       ?getParamModel@OperationParamSelector@@QAE?AV?$QList@PAVQObject@@@@XZ 0041bef0 f i moc_workmodels.obj
 0001:0001af10       ?intListValue@OperationParamObject@@QAE?AV?$QList@H@@XZ 0041bf10 f i moc_workmodels.obj
 0001:0001af30       ?intListValueChanged@OperationParamObject@@QAEXXZ 0041bf30 f   moc_workmodels.obj
 0001:0001af50       ?integerValueChanged@OperationParamObject@@QAEXXZ 0041bf50 f   moc_workmodels.obj
 0001:0001af70       ?metaObject@AdministratorChecker@@UBEPBUQMetaObject@@XZ 0041bf70 f   moc_workmodels.obj
 0001:0001af90       ?metaObject@ConfigFileConverter@@UBEPBUQMetaObject@@XZ 0041bf90 f   moc_workmodels.obj
 0001:0001afb0       ?metaObject@OperationParamObject@@UBEPBUQMetaObject@@XZ 0041bfb0 f   moc_workmodels.obj
 0001:0001afd0       ?metaObject@OperationParamSelector@@UBEPBUQMetaObject@@XZ 0041bfd0 f   moc_workmodels.obj
 0001:0001aff0       ?metaObject@PlanController@@UBEPBUQMetaObject@@XZ 0041bff0 f   moc_workmodels.obj
 0001:0001b010       ?metaObject@PlanSelector@@UBEPBUQMetaObject@@XZ 0041c010 f   moc_workmodels.obj
 0001:0001b030       ?metaObject@StatusViewWatcher@@UBEPBUQMetaObject@@XZ 0041c030 f   moc_workmodels.obj
 0001:0001b050       ?metaObject@TargetMachineObject@@UBEPBUQMetaObject@@XZ 0041c050 f   moc_workmodels.obj
 0001:0001b070       ?metaObject@WorkLocationManager@@UBEPBUQMetaObject@@XZ 0041c070 f   moc_workmodels.obj
 0001:0001b090       ?nameChanged@OperationParamObject@@QAEXXZ 0041c090 f   moc_workmodels.obj
 0001:0001b0b0       ?op_eq_impl@?$QList@H@@ABE_NABV1@UArrayCompatibleLayout@QListData@@@Z 0041c0b0 f i moc_workmodels.obj
 0001:0001b0b0       ?op_eq_impl@?$QList@PAVQObject@@@@ABE_NABV1@UArrayCompatibleLayout@QListData@@@Z 0041c0b0 f i moc_workmodels.obj
 0001:0001b120       ?op_eq_impl@?$QList@VQString@@@@ABE_NABV1@UArrayCompatibleLayout@QListData@@@Z 0041c120 f i moc_workmodels.obj
 0001:0001b190       ?operationListModel@PlanSelector@@QAE?AVQStringList@@XZ 0041c190 f i moc_workmodels.obj
 0001:0001b1b0       ?operationModel@OperationParamSelector@@QAE?AVQStringList@@XZ 0041c1b0 f i moc_workmodels.obj
 0001:0001b1d0       ?operationNameChanged@SingleOperationObject@@QAEXXZ 0041c1d0 f   moc_workmodels.obj
 0001:0001b1f0       ?pageNameChanged@OperationParamSelector@@QAEXXZ 0041c1f0 f   moc_workmodels.obj
 0001:0001b210       ?paramListModelChanged@PlanSelector@@QAEXXZ 0041c210 f   moc_workmodels.obj
 0001:0001b230       ?paramModelChanged@OperationParamSelector@@QAEXXZ 0041c230 f   moc_workmodels.obj
 0001:0001b250       ?planCheckStatusChanged@PlanSelector@@QAEXABVQJsonObject@@@Z 0041c250 f   moc_workmodels.obj
 0001:0001b280       ?qt_metacall@AdministratorChecker@@UAEHW4Call@QMetaObject@@HPAPAX@Z 0041c280 f   moc_workmodels.obj
 0001:0001b330       ?qt_metacall@ConfigFileConverter@@UAEHW4Call@QMetaObject@@HPAPAX@Z 0041c330 f   moc_workmodels.obj
 0001:0001b390       ?qt_metacall@OperationParamObject@@UAEHW4Call@QMetaObject@@HPAPAX@Z 0041c390 f   moc_workmodels.obj
 0001:0001b430       ?qt_metacall@OperationParamSelector@@UAEHW4Call@QMetaObject@@HPAPAX@Z 0041c430 f   moc_workmodels.obj
 0001:0001b4e0       ?qt_metacall@PlanController@@UAEHW4Call@QMetaObject@@HPAPAX@Z 0041c4e0 f   moc_workmodels.obj
 0001:0001b540       ?qt_metacall@PlanSelector@@UAEHW4Call@QMetaObject@@HPAPAX@Z 0041c540 f   moc_workmodels.obj
 0001:0001b5f0       ?qt_metacall@StatusViewWatcher@@UAEHW4Call@QMetaObject@@HPAPAX@Z 0041c5f0 f   moc_workmodels.obj
 0001:0001b650       ?qt_metacall@TargetMachineObject@@UAEHW4Call@QMetaObject@@HPAPAX@Z 0041c650 f   moc_workmodels.obj
 0001:0001b710       ?qt_metacall@WorkLocationManager@@UAEHW4Call@QMetaObject@@HPAPAX@Z 0041c710 f   moc_workmodels.obj
 0001:0001b770       ?qt_metacast@AdministratorChecker@@UAEPAXPBD@Z 0041c770 f   moc_workmodels.obj
 0001:0001b7d0       ?qt_metacast@ConfigFileConverter@@UAEPAXPBD@Z 0041c7d0 f   moc_workmodels.obj
 0001:0001b830       ?qt_metacast@OperationParamObject@@UAEPAXPBD@Z 0041c830 f   moc_workmodels.obj
 0001:0001b8d0       ?qt_metacast@OperationParamSelector@@UAEPAXPBD@Z 0041c8d0 f   moc_workmodels.obj
 0001:0001b930       ?qt_metacast@PlanController@@UAEPAXPBD@Z 0041c930 f   moc_workmodels.obj
 0001:0001b990       ?qt_metacast@PlanSelector@@UAEPAXPBD@Z 0041c990 f   moc_workmodels.obj
 0001:0001b9f0       ?qt_metacast@StatusViewWatcher@@UAEPAXPBD@Z 0041c9f0 f   moc_workmodels.obj
 0001:0001ba50       ?qt_metacast@TargetMachineObject@@UAEPAXPBD@Z 0041ca50 f   moc_workmodels.obj
 0001:0001baf0       ?qt_metacast@WorkLocationManager@@UAEPAXPBD@Z 0041caf0 f   moc_workmodels.obj
 0001:0001bb50       ?qt_metatype_id@?$QMetaTypeId@V?$QList@H@@@@SAHXZ 0041cb50 f i moc_workmodels.obj
 0001:0001bc70       ?qt_metatype_id@?$QMetaTypeId@V?$QList@PAVQObject@@@@@@SAHXZ 0041cc70 f i moc_workmodels.obj
 0001:0001bd10       ?qt_metatype_id@?$QMetaTypeId@VQSequentialIterableImpl@QtMetaTypePrivate@@@@SAHXZ 0041cd10 f i moc_workmodels.obj
 0001:0001bda0       ?qt_static_metacall@AdministratorChecker@@CAXPAVQObject@@W4Call@QMetaObject@@HPAPAX@Z 0041cda0 f   moc_workmodels.obj
 0001:0001be20       ?qt_static_metacall@ConfigFileConverter@@CAXPAVQObject@@W4Call@QMetaObject@@HPAPAX@Z 0041ce20 f   moc_workmodels.obj
 0001:0001be70       ?qt_static_metacall@OperationParamObject@@CAXPAVQObject@@W4Call@QMetaObject@@HPAPAX@Z 0041ce70 f   moc_workmodels.obj
 0001:0001c3e0       ?qt_static_metacall@OperationParamSelector@@CAXPAVQObject@@W4Call@QMetaObject@@HPAPAX@Z 0041d3e0 f   moc_workmodels.obj
 0001:0001c690       ?qt_static_metacall@PlanController@@CAXPAVQObject@@W4Call@QMetaObject@@HPAPAX@Z 0041d690 f   moc_workmodels.obj
 0001:0001c720       ?qt_static_metacall@PlanSelector@@CAXPAVQObject@@W4Call@QMetaObject@@HPAPAX@Z 0041d720 f   moc_workmodels.obj
 0001:0001cca0       ?qt_static_metacall@SingleOperationObject@@CAXPAVQObject@@W4Call@QMetaObject@@HPAPAX@Z 0041dca0 f   moc_workmodels.obj
 0001:0001cd50       ?qt_static_metacall@StatusViewWatcher@@CAXPAVQObject@@W4Call@QMetaObject@@HPAPAX@Z 0041dd50 f   moc_workmodels.obj
 0001:0001cdf0       ?qt_static_metacall@TargetMachineObject@@CAXPAVQObject@@W4Call@QMetaObject@@HPAPAX@Z 0041ddf0 f   moc_workmodels.obj
 0001:0001cf50       ?qt_static_metacall@WorkLocationManager@@CAXPAVQObject@@W4Call@QMetaObject@@HPAPAX@Z 0041df50 f   moc_workmodels.obj
 0001:0001d080       ?registerConverter@?$ValueTypeIsMetaType@V?$QList@H@@$00@QtPrivate@@SA_NH@Z 0041e080 f i moc_workmodels.obj
 0001:0001d110       ?registerConverter@?$ValueTypeIsMetaType@V?$QList@PAVQObject@@@@$00@QtPrivate@@SA_NH@Z 0041e110 f i moc_workmodels.obj
 0001:0001d1a0       ?revertSwitchChanged@OperationParamObject@@QAEXXZ 0041e1a0 f   moc_workmodels.obj
 0001:0001d1c0       ?setBoolValue@OperationParamObject@@QAEX_N@Z 0041e1c0 f i moc_workmodels.obj
 0001:0001d1f0       ?setBottomValue@OperationParamObject@@QAEXH@Z 0041e1f0 f i moc_workmodels.obj
 0001:0001d220       ?setDisplay@OperationParamObject@@QAEXABVQString@@@Z 0041e220 f i moc_workmodels.obj
 0001:0001d260       ?setFactor@OperationParamObject@@QAEXH@Z 0041e260 f i moc_workmodels.obj
 0001:0001d290       ?setFloatValue@OperationParamObject@@QAEXN@Z 0041e290 f i moc_workmodels.obj
 0001:0001d2d0       ?setIntListValue@OperationParamObject@@QAEXABV?$QList@H@@@Z 0041e2d0 f i moc_workmodels.obj
 0001:0001d3b0       ?setIntegerValue@OperationParamObject@@QAEXH@Z 0041e3b0 f i moc_workmodels.obj
 0001:0001d3e0       ?setName@OperationParamObject@@QAEXABVQString@@@Z 0041e3e0 f i moc_workmodels.obj
 0001:0001d420       ?setOperationName@SingleOperationObject@@QAEXABVQString@@@Z 0041e420 f i moc_workmodels.obj
 0001:0001d460       ?setParamListModel@PlanSelector@@QAEXABV?$QList@PAVQObject@@@@@Z 0041e460 f i moc_workmodels.obj
 0001:0001d540       ?setParamModel@OperationParamSelector@@QAEXABV?$QList@PAVQObject@@@@@Z 0041e540 f i moc_workmodels.obj
 0001:0001d620       ?setRevertSwitch@OperationParamObject@@QAEX_N@Z 0041e620 f i moc_workmodels.obj
 0001:0001d650       ?setStringValue@OperationParamObject@@QAEXABVQString@@@Z 0041e650 f i moc_workmodels.obj
 0001:0001d690       ?setStringlistValue@OperationParamObject@@QAEXABVQStringList@@@Z 0041e690 f i moc_workmodels.obj
 0001:0001d710       ?setSwitchValue@OperationParamObject@@QAEXABVQString@@@Z 0041e710 f i moc_workmodels.obj
 0001:0001d750       ?setTopValue@OperationParamObject@@QAEXH@Z 0041e750 f i moc_workmodels.obj
 0001:0001d780       ?setUnit@OperationParamObject@@QAEXABVQString@@@Z 0041e780 f i moc_workmodels.obj
 0001:0001d7c0       ?settype@OperationParamObject@@QAEXABVQString@@@Z 0041e7c0 f i moc_workmodels.obj
 0001:0001d800       ?statusChanged@StatusViewWatcher@@QAEXABVQJsonObject@@@Z 0041e800 f   moc_workmodels.obj
 0001:0001d830       ?stringListValue@OperationParamObject@@QBE?AVQStringList@@XZ 0041e830 f i moc_workmodels.obj
 0001:0001d850       ?stringValue@OperationParamObject@@QBE?AVQString@@XZ 0041e850 f i moc_workmodels.obj
 0001:0001d870       ?stringValueChanged@OperationParamObject@@QAEXXZ 0041e870 f   moc_workmodels.obj
 0001:0001d890       ?stringlistValueChanged@OperationParamObject@@QAEXXZ 0041e890 f   moc_workmodels.obj
 0001:0001d8b0       ?switchValue@OperationParamObject@@QBE?AVQString@@XZ 0041e8b0 f i moc_workmodels.obj
 0001:0001d8d0       ?switchValueChanged@OperationParamObject@@QAEXXZ 0041e8d0 f   moc_workmodels.obj
 0001:0001d8f0       ?taskStateChanged@PlanController@@QAEXABVQString@@@Z 0041e8f0 f   moc_workmodels.obj
 0001:0001d920       ?topValueChanged@OperationParamObject@@QAEXXZ 0041e920 f   moc_workmodels.obj
 0001:0001d940       ?type@OperationParamObject@@QBE?AVQString@@XZ 0041e940 f i moc_workmodels.obj
 0001:0001d960       ?typeChanged@OperationParamObject@@QAEXXZ 0041e960 f   moc_workmodels.obj
 0001:0001d980       ?unit@OperationParamObject@@QBE?AVQString@@XZ 0041e980 f i moc_workmodels.obj
 0001:0001d9a0       ?workLocationTypeChanged@StatusViewWatcher@@QAEXXZ 0041e9a0 f   moc_workmodels.obj
 0001:0001d9b4       _MiniDumpWriteDump@28      0041e9b4 f   DbgHelp:dbghelp.dll
 0001:0001d9ba       ?fixup@QValidator@@UBEXAAVQString@@@Z 0041e9ba f   Qt5Gui:Qt5Gui.dll
 0001:0001d9c0       ?metaObject@QDoubleValidator@@UBEPBUQMetaObject@@XZ 0041e9c0 f   Qt5Gui:Qt5Gui.dll
 0001:0001d9c6       ?qt_metacall@QDoubleValidator@@UAEHW4Call@QMetaObject@@HPAPAX@Z 0041e9c6 f   Qt5Gui:Qt5Gui.dll
 0001:0001d9cc       ?qt_metacast@QDoubleValidator@@UAEPAXPBD@Z 0041e9cc f   Qt5Gui:Qt5Gui.dll
 0001:0001d9d2       ?setRange@QDoubleValidator@@UAEXNNH@Z 0041e9d2 f   Qt5Gui:Qt5Gui.dll
 0001:0001d9d8       ?childEvent@QObject@@MAEXPAVQChildEvent@@@Z 0041e9d8 f   Qt5Core:Qt5Core.dll
 0001:0001d9de       ?connectNotify@QObject@@MAEXABVQMetaMethod@@@Z 0041e9de f   Qt5Core:Qt5Core.dll
 0001:0001d9e4       ?customEvent@QObject@@MAEXPAVQEvent@@@Z 0041e9e4 f   Qt5Core:Qt5Core.dll
 0001:0001d9ea       ?disconnectNotify@QObject@@MAEXABVQMetaMethod@@@Z 0041e9ea f   Qt5Core:Qt5Core.dll
 0001:0001d9f0       ?event@QObject@@UAE_NPAVQEvent@@@Z 0041e9f0 f   Qt5Core:Qt5Core.dll
 0001:0001d9f6       ?eventFilter@QObject@@UAE_NPAV1@PAVQEvent@@@Z 0041e9f6 f   Qt5Core:Qt5Core.dll
 0001:0001d9fc       ?timerEvent@QObject@@MAEXPAVQTimerEvent@@@Z 0041e9fc f   Qt5Core:Qt5Core.dll
 0001:0001da02       ?qRegisterResourceData@@YA_NHPBE00@Z 0041ea02 f   Qt5Core:Qt5Core.dll
 0001:0001da08       ?qUnregisterResourceData@@YA_NHPBE00@Z 0041ea08 f   Qt5Core:Qt5Core.dll
 0001:0001da0e       @__security_check_cookie@4 0041ea0e f   MSVCRT:_secchk_.obj
 0001:0001da1f       ??2@YAPAXI@Z               0041ea1f f   MSVCRT:new_scalar.obj
 0001:0001da52       ??3@YAXPAXI@Z              0041ea52 f   MSVCRT:delete_scalar_size.obj
 0001:0001db20       ??$__crt_fast_encode_pointer@P6GHPAU_RTL_CONDITION_VARIABLE@@PAU_RTL_CRITICAL_SECTION@@K@Z@@YAP6GHPAU_RTL_CONDITION_VARIABLE@@PAU_RTL_CRITICAL_SECTION@@K@ZQ6GH01K@Z@Z 0041eb20 f i MSVCRT:thread_safe_statics.obj
 0001:0001db20       ??$__crt_fast_encode_pointer@P6GXPAU_RTL_CONDITION_VARIABLE@@@Z@@YAP6GXPAU_RTL_CONDITION_VARIABLE@@@ZQ6GX0@Z@Z 0041eb20 f i MSVCRT:thread_safe_statics.obj
 0001:0001db59       __Init_thread_footer       0041eb59 f   MSVCRT:thread_safe_statics.obj
[...]
 0002:000572b4       __ehfuncinfo$?qt_metatype_id@?$QMetaTypeIdQObject@PAVOperationParamSelector@@$07@@SAHXZ 0047b2b4     main.obj
 0002:000572b4       __ehfuncinfo$?qt_metatype_id@?$QMetaTypeIdQObject@PAVStatusViewWatcher@@$07@@SAHXZ 0047b2b4     main.obj
 0002:000572b4       __ehfuncinfo$?qt_metatype_id@?$QMetaTypeIdQObject@PAVPlanSelector@@$07@@SAHXZ 0047b2b4     main.obj
 0002:000572b4       __ehfuncinfo$?qt_metatype_id@?$QMetaTypeIdQObject@PAVOperationParamObject@@$07@@SAHXZ 0047b2b4     main.obj
 0002:000572b4       __ehfuncinfo$?qt_metatype_id@?$QMetaTypeIdQObject@PAVTextFieldDoubleValidator@@$07@@SAHXZ 0047b2b4     main.obj
 0002:000572b4       __ehfuncinfo$?qt_metatype_id@?$QMetaTypeIdQObject@PAVWorkLocationManager@@$07@@SAHXZ 0047b2b4     main.obj
 0002:000572d8       __unwindtable$??1SingleOperationData@@QAE@XZ 0047b2d8     configfilehandler.obj
 0002:000572d8       __unwindtable$??1?$QForeachContainer@$$CBV?$QList@VSingleOperationData@@@@@@QAE@XZ 0047b2d8     environmentvariant.obj
 0002:000572d8       __unwindtable$??_G?$QQmlElement@VStatusViewWatcher@@@QQmlPrivate@@UAEPAXI@Z 0047b2d8     main.obj
 0002:000572d8       __unwindtable$??_GSingleOperationData@@QAEPAXI@Z 0047b2d8     configfilehandler.obj
 0002:000572d8       __unwindtable$??_G?$QQmlElement@VTextFieldDoubleValidator@@@QQmlPrivate@@UAEPAXI@Z 0047b2d8     main.obj
 0002:000572d8       __unwindtable$??_GPlanController@@UAEPAXI@Z 0047b2d8     workmodels.obj
 0002:000572d8       __unwindtable$??1OperationParamData@@QAE@XZ 0047b2d8     configfilehandler.obj
 0002:000572d8       __unwindtable$??_G?$QQmlElement@VPlanSelector@@@QQmlPrivate@@UAEPAXI@Z 0047b2d8     main.obj
 0002:000572d8       __unwindtable$??_G?$QQmlElement@VOperationParamSelector@@@QQmlPrivate@@UAEPAXI@Z 0047b2d8     main.obj
 0002:000572d8       __unwindtable$??_G?$QQmlElement@VOperationParamObject@@@QQmlPrivate@@UAEPAXI@Z 0047b2d8     main.obj
 0002:000572d8       __unwindtable$??_G?$QQmlElement@VWorkLocationManager@@@QQmlPrivate@@UAEPAXI@Z 0047b2d8     main.obj
 0002:000572d8       __unwindtable$??_G?$QQmlElement@VPlanController@@@QQmlPrivate@@UAEPAXI@Z 0047b2d8     main.obj
 0002:000572e0       __ehfuncinfo$??_GPlanController@@UAEPAXI@Z 0047b2e0     workmodels.obj
 0002:000572e0       __ehfuncinfo$??_G?$QQmlElement@VOperationParamObject@@@QQmlPrivate@@UAEPAXI@Z 0047b2e0     main.obj
 0002:000572e0       __ehfuncinfo$??_G?$QQmlElement@VPlanSelector@@@QQmlPrivate@@UAEPAXI@Z 0047b2e0     main.obj
 0002:000572e0       __ehfuncinfo$??1OperationParamData@@QAE@XZ 0047b2e0     configfilehandler.obj
 0002:000572e0       __ehfuncinfo$??_G?$QQmlElement@VStatusViewWatcher@@@QQmlPrivate@@UAEPAXI@Z 0047b2e0     main.obj
 0002:000572e0       __ehfuncinfo$??_GSingleOperationData@@QAEPAXI@Z 0047b2e0     configfilehandler.obj
 0002:000572e0       __ehfuncinfo$??_G?$QQmlElement@VTextFieldDoubleValidator@@@QQmlPrivate@@UAEPAXI@Z 0047b2e0     main.obj
 0002:000572e0       __ehfuncinfo$??1?$QForeachContainer@$$CBV?$QList@VSingleOperationData@@@@@@QAE@XZ 0047b2e0     environmentvariant.obj
 0002:000572e0       __ehfuncinfo$??1SingleOperationData@@QAE@XZ 0047b2e0     configfilehandler.obj
 0002:000572e0       __ehfuncinfo$??_G?$QQmlElement@VWorkLocationManager@@@QQmlPrivate@@UAEPAXI@Z 0047b2e0     main.obj
 0002:000572e0       __ehfuncinfo$??_G?$QQmlElement@VOperationParamSelector@@@QQmlPrivate@@UAEPAXI@Z 0047b2e0     main.obj
 0002:000572e0       __ehfuncinfo$??_G?$QQmlElement@VPlanController@@@QQmlPrivate@@UAEPAXI@Z 0047b2e0     main.obj
 0002:00057304       __catchsym$??0?$QList@H@@QAE@ABV0@@Z$7 0047b304     configfilehandler.obj
 0002:00057304       __catchsym$??0?$QList@PAVQObject@@@@QAE@ABV0@@Z$7 0047b304     workmodels.obj
 0002:00057314       __unwindtable$??0?$QList@PAVQObject@@@@QAE@ABV0@@Z 0047b314     workmodels.obj
 0002:00057314       __unwindtable$??0?$QList@H@@QAE@ABV0@@Z 0047b314     configfilehandler.obj
 0002:00057324       __tryblocktable$??0?$QList@PAVQObject@@@@QAE@ABV0@@Z 0047b324     workmodels.obj
 0002:00057324       __tryblocktable$??0?$QList@H@@QAE@ABV0@@Z 0047b324     configfilehandler.obj
 0002:00057338       __ehfuncinfo$??0?$QList@H@@QAE@ABV0@@Z 0047b338     configfilehandler.obj
 0002:00057338       __ehfuncinfo$??0?$QList@PAVQObject@@@@QAE@ABV0@@Z 0047b338     workmodels.obj
 0002:0005735c       __catchsym$?detach_helper_grow@?$QList@PAVQObject@@@@AAEPAUNode@1@HH@Z$10 0047b35c     workmodels.obj
 0002:0005735c       __catchsym$?detach_helper_grow@?$QList@H@@AAEPAUNode@1@HH@Z$10 0047b35c     configfilehandler.obj
 0002:0005736c       __catchsym$?detach_helper_grow@?$QList@H@@AAEPAUNode@1@HH@Z$9 0047b36c     configfilehandler.obj
 0002:0005736c       __catchsym$?detach_helper_grow@?$QList@PAVQObject@@@@AAEPAUNode@1@HH@Z$9 0047b36c     workmodels.obj
 0002:0005737c       __unwindtable$?detach_helper_grow@?$QList@H@@AAEPAUNode@1@HH@Z 0047b37c     configfilehandler.obj
 0002:0005737c       __unwindtable$?detach_helper_grow@?$QList@PAVQObject@@@@AAEPAUNode@1@HH@Z 0047b37c     workmodels.obj
 0002:0005739c       __ehfuncinfo$?detach_helper_grow@?$QList@PAVQObject@@@@AAEPAUNode@1@HH@Z 0047b39c     workmodels.obj
 0002:0005739c       __ehfuncinfo$?detach_helper_grow@?$QList@H@@AAEPAUNode@1@HH@Z 0047b39c     configfilehandler.obj
 0002:000573c0       __tryblocktable$?detach_helper_grow@?$QList@PAVQObject@@@@AAEPAUNode@1@HH@Z 0047b3c0     workmodels.obj
 0002:000573c0       __tryblocktable$?detach_helper_grow@?$QList@H@@AAEPAUNode@1@HH@Z 0047b3c0     configfilehandler.obj
 0002:000573e8       __ehfuncinfo$?setSelectedOperation@OperationParamSelector@@QAEXH@Z 0047b3e8     workmodels.obj
 0002:0005740c       __unwindtable$?setSelectedOperation@OperationParamSelector@@QAEXH@Z 0047b40c     workmodels.obj
 0002:00057474       __ehfuncinfo$?onCompleteSingleOperation@OperationParamSelector@@QAEXXZ 0047b474     workmodels.obj
 0002:00057498       __unwindtable$?onCompleteSingleOperation@OperationParamSelector@@QAEXXZ 0047b498     workmodels.obj
 0002:000574d8       __unwindtable$??0PlanSelector@@QAE@PAVQObject@@@Z 0047b4d8     workmodels.obj
 0002:000574f8       __ehfuncinfo$??0PlanSelector@@QAE@PAVQObject@@@Z 0047b4f8     workmodels.obj
 0002:0005751c       __unwindtable$??1PlanSelector@@UAE@XZ 0047b51c     workmodels.obj
 0002:0005752c       __ehfuncinfo$??1PlanSelector@@UAE@XZ 0047b52c     workmodels.obj
 0002:00057550       __ehfuncinfo$?setSelectedStep@PlanSelector@@QAEXHH@Z 0047b550     workmodels.obj
 0002:00057574       __unwindtable$?setSelectedStep@PlanSelector@@QAEXHH@Z 0047b574     workmodels.obj
 0002:000575dc       __ehfuncinfo$?setSelectedOperation@PlanSelector@@QAEXHHH@Z 0047b5dc     workmodels.obj
 0002:00057600       __unwindtable$?setSelectedOperation@PlanSelector@@QAEXHHH@Z 0047b600     workmodels.obj
 0002:00057688       __unwindtable$?getSwitch@OperationParamSelector@@QAEPAVQObject@@ABVQString@@@Z 0047b688     workmodels.obj
 0002:00057688       __unwindtable$?getSwitch@PlanSelector@@QAEPAVQObject@@ABVQString@@@Z 0047b688     workmodels.obj
 0002:000576a0       __ehfuncinfo$?getSwitch@OperationParamSelector@@QAEPAVQObject@@ABVQString@@@Z 0047b6a0     workmodels.obj
 0002:000576a0       __ehfuncinfo$?getSwitch@PlanSelector@@QAEPAVQObject@@ABVQString@@@Z 0047b6a0     workmodels.obj
 0002:000576c4       __unwindtable$??0configFileHandler@@QAE@PAVQObject@@@Z 0047b6c4     configfilehandler.obj
 0002:000576c4       __unwindtable$??0PlanController@@QAE@PAVQObject@@@Z 0047b6c4     workmodels.obj
 0002:000576c4       __unwindtable$??0StatusViewWatcher@@QAE@PAVQObject@@@Z 0047b6c4     workmodels.obj
 0002:000576cc       __ehfuncinfo$??0PlanController@@QAE@PAVQObject@@@Z 0047b6cc     workmodels.obj
 0002:000576cc       __ehfuncinfo$??0StatusViewWatcher@@QAE@PAVQObject@@@Z 0047b6cc     workmodels.obj
 0002:000576cc       __ehfuncinfo$??0configFileHandler@@QAE@PAVQObject@@@Z 0047b6cc     configfilehandler.obj
 0002:000576f0       __unwindtable$??_GStatusViewWatcher@@UAEPAXI@Z 0047b6f0     workmodels.obj
 0002:000576f8       __ehfuncinfo$??_GStatusViewWatcher@@UAEPAXI@Z 0047b6f8     workmodels.obj
 0002:0005771c       __unwindtable$?onMachineConfigChanged@TargetMachineObject@@QAE_NXZ 0047b71c     workmodels.obj
 0002:00057724       __ehfuncinfo$?onMachineConfigChanged@TargetMachineObject@@QAE_NXZ 0047b724     workmodels.obj
 0002:00057748       __unwindtable$??1?$QForeachContainer@$$CBV?$QList@VOperationParamData@@@@@@QAE@XZ 0047b748     environmentvariant.obj
 0002:00057748       __unwindtable$??1?$QForeachContainer@V?$QList@VOperationParamData@@@@@@QAE@XZ 0047b748     configfilehandler.obj
 0002:00057748       __unwindtable$??1?$QForeachContainer@V?$QList@PAVQObject@@@@@@QAE@XZ 0047b748     workmodels.obj
 0002:00057750       __ehfuncinfo$??1?$QForeachContainer@V?$QList@VOperationParamData@@@@@@QAE@XZ 0047b750     configfilehandler.obj
 0002:00057750       __ehfuncinfo$??1?$QForeachContainer@$$CBV?$QList@VOperationParamData@@@@@@QAE@XZ 0047b750     environmentvariant.obj
 0002:00057750       __ehfuncinfo$??1?$QForeachContainer@V?$QList@PAVQObject@@@@@@QAE@XZ 0047b750     workmodels.obj
 0002:00057774       __ehfuncinfo$?doCheck@SubThreadCheckWorker@@QAEXABVQJsonObject@@@Z 0047b774     workflowChecker.obj
 0002:00057798       __unwindtable$?doCheck@SubThreadCheckWorker@@QAEXABVQJsonObject@@@Z 0047b798     workflowChecker.obj
 0002:00057890       __ehfuncinfo$?configChecker@SubThreadCheckWorker@@QAEXABVQJsonArray@@@Z 0047b890     workflowChecker.obj
 0002:000578b4       __unwindtable$?configChecker@SubThreadCheckWorker@@QAEXABVQJsonArray@@@Z 0047b8b4     workflowChecker.obj
 0002:0005793c       __ehfuncinfo$?CheckBoardConstraint@SubThreadCheckWorker@@IAE_NABVQJsonObject@@@Z 0047b93c     workflowChecker.obj
 0002:00057960       __unwindtable$?CheckBoardConstraint@SubThreadCheckWorker@@IAE_NABVQJsonObject@@@Z 0047b960     workflowChecker.obj
 0002:00057a10       __ehfuncinfo$?CheckParamConstraint@SubThreadCheckWorker@@IAE_NABVQJsonObject@@@Z 0047ba10     workflowChecker.obj
 0002:00057a34       __unwindtable$?CheckParamConstraint@SubThreadCheckWorker@@IAE_NABVQJsonObject@@@Z 0047ba34     workflowChecker.obj
 0002:00057b9c       __ehfuncinfo$?isFilteredCommand@SubThreadCheckWorker@@IAE_NABVQJsonObject@@@Z 0047bb9c     workflowChecker.obj
 0002:00057bc0       __unwindtable$?isFilteredCommand@SubThreadCheckWorker@@IAE_NABVQJsonObject@@@Z 0047bbc0     workflowChecker.obj
 0002:00057c48       __ehfuncinfo$??0WorkflowCheckerController@@QAE@PAVQObject@@@Z 0047bc48     workflowChecker.obj
 0002:00057c6c       __unwindtable$??0WorkflowCheckerController@@QAE@PAVQObject@@@Z 0047bc6c     workflowChecker.obj
 0002:00057c9c       __unwindtable$??__Fdummy@?A0x60b45615@@YAXXZ 0047bc9c     qrc_qml.obj
 0002:00057c9c       __unwindtable$??__Ff@?4??registerConverter@?$ValueTypeIsMetaType@V?$QList@H@@$00@QtPrivate@@SA_NH@Z@YAXXZ 0047bc9c     moc_workmodels.obj
 0002:00057c9c       __unwindtable$?Destruct@?$QMetaTypeFunctionHelper@V?$QList@H@@$00@QtMetaTypePrivate@@SAXPAX@Z 0047bc9c     moc_workmodels.obj
 0002:00057c9c       __unwindtable$?Destruct@?$QMetaTypeFunctionHelper@V?$QList@PAVQObject@@@@$00@QtMetaTypePrivate@@SAXPAX@Z 0047bc9c     moc_workmodels.obj
 0002:00057c9c       __unwindtable$??__Ff@?4??registerConverter@?$ValueTypeIsMetaType@V?$QList@PAVQObject@@@@$00@QtPrivate@@SA_NH@Z@YAXXZ 0047bc9c     moc_workmodels.obj
 0002:00057ca4       __ehfuncinfo$??__Fdummy@?A0x60b45615@@YAXXZ 0047bca4     qrc_qml.obj
 0002:00057ca4       __ehfuncinfo$?Destruct@?$QMetaTypeFunctionHelper@V?$QList@PAVQObject@@@@$00@QtMetaTypePrivate@@SAXPAX@Z 0047bca4     moc_workmodels.obj
 0002:00057ca4       __ehfuncinfo$??__Ff@?4??registerConverter@?$ValueTypeIsMetaType@V?$QList@H@@$00@QtPrivate@@SA_NH@Z@YAXXZ 0047bca4     moc_workmodels.obj
 0002:00057ca4       __ehfuncinfo$?Destruct@?$QMetaTypeFunctionHelper@V?$QList@H@@$00@QtMetaTypePrivate@@SAXPAX@Z 0047bca4     moc_workmodels.obj
 0002:00057ca4       __ehfuncinfo$??__Ff@?4??registerConverter@?$ValueTypeIsMetaType@V?$QList@PAVQObject@@@@$00@QtPrivate@@SA_NH@Z@YAXXZ 0047bca4     moc_workmodels.obj
 0002:00057cc8       __unwindtable$?qt_metatype_id@?$QMetaTypeId@VQSequentialIterableImpl@QtMetaTypePrivate@@@@SAHXZ 0047bcc8     moc_workmodels.obj
 0002:00057cc8       __unwindtable$?qt_metatype_id@?$QMetaTypeId@V?$QList@PAVQObject@@@@@@SAHXZ 0047bcc8     moc_workmodels.obj
 0002:00057cd0       __ehfuncinfo$?qt_metatype_id@?$QMetaTypeId@V?$QList@PAVQObject@@@@@@SAHXZ 0047bcd0     moc_workmodels.obj
 0002:00057cd0       __ehfuncinfo$?qt_metatype_id@?$QMetaTypeId@VQSequentialIterableImpl@QtMetaTypePrivate@@@@SAHXZ 0047bcd0     moc_workmodels.obj
 0002:00057cf4       __unwindtable$?qt_static_metacall@OperationParamSelector@@CAXPAVQObject@@W4Call@QMetaObject@@HPAPAX@Z 0047bcf4     moc_workmodels.obj
 0002:00057cfc       __ehfuncinfo$?qt_static_metacall@OperationParamSelector@@CAXPAVQObject@@W4Call@QMetaObject@@HPAPAX@Z 0047bcfc     moc_workmodels.obj
 0002:00057d20       __unwindtable$?qt_static_metacall@PlanSelector@@CAXPAVQObject@@W4Call@QMetaObject@@HPAPAX@Z 0047bd20     moc_workmodels.obj
 0002:00057d40       __ehfuncinfo$?qt_static_metacall@PlanSelector@@CAXPAVQObject@@W4Call@QMetaObject@@HPAPAX@Z 0047bd40     moc_workmodels.obj
 0002:00057d64       __unwindtable$?setParamModel@OperationParamSelector@@QAEXABV?$QList@PAVQObject@@@@@Z 0047bd64     moc_workmodels.obj
 0002:00057d64       __unwindtable$??4OperationParamData@@QAEAAV0@ABV0@@Z 0047bd64     configfilehandler.obj
 0002:00057d64       __unwindtable$?clear@?$QList@UloopControl@SubThreadWorker@@@@QAEXXZ 0047bd64     workflowprotocol.obj
 0002:00057d64       __unwindtable$?setIntListValue@OperationParamObject@@QAEXABV?$QList@H@@@Z 0047bd64     moc_workmodels.obj
 0002:00057d64       __unwindtable$?setParamListModel@PlanSelector@@QAEXABV?$QList@PAVQObject@@@@@Z 0047bd64     moc_workmodels.obj
 0002:00057d6c       __ehfuncinfo$?setIntListValue@OperationParamObject@@QAEXABV?$QList@H@@@Z 0047bd6c     moc_workmodels.obj
 0002:00057d6c       __ehfuncinfo$?clear@?$QList@UloopControl@SubThreadWorker@@@@QAEXXZ 0047bd6c     workflowprotocol.obj
 0002:00057d6c       __ehfuncinfo$?setParamModel@OperationParamSelector@@QAEXABV?$QList@PAVQObject@@@@@Z 0047bd6c     moc_workmodels.obj
 0002:00057d6c       __ehfuncinfo$??4OperationParamData@@QAEAAV0@ABV0@@Z 0047bd6c     configfilehandler.obj
 0002:00057d6c       __ehfuncinfo$?setParamListModel@PlanSelector@@QAEXABV?$QList@PAVQObject@@@@@Z 0047bd6c     moc_workmodels.obj
 0002:00057d90       __unwindtable$?qt_static_metacall@WorkLocationManager@@CAXPAVQObject@@W4Call@QMetaObject@@HPAPAX@Z 0047bd90     moc_workmodels.obj
 0002:00057da0       __ehfuncinfo$?qt_static_metacall@WorkLocationManager@@CAXPAVQObject@@W4Call@QMetaObject@@HPAPAX@Z 0047bda0     moc_workmodels.obj
 0002:00057dc4       __unwindtable$?qt_metatype_id@?$QMetaTypeId@V?$QList@H@@@@SAHXZ 0047bdc4     moc_workmodels.obj
 0002:00057dcc       __ehfuncinfo$?qt_metatype_id@?$QMetaTypeId@V?$QList@H@@@@SAHXZ 0047bdcc     moc_workmodels.obj
 0002:00057df0       __unwindtable$?Construct@?$QMetaTypeFunctionHelper@V?$QList@PAVQObject@@@@$00@QtMetaTypePrivate@@SAPAXPAXPBX@Z 0047bdf0     moc_workmodels.obj
 0002:00057df0       __unwindtable$?Construct@?$QMetaTypeFunctionHelper@V?$QList@H@@$00@QtMetaTypePrivate@@SAPAXPAXPBX@Z 0047bdf0     moc_workmodels.obj
 0002:00057df8       __ehfuncinfo$?Construct@?$QMetaTypeFunctionHelper@V?$QList@PAVQObject@@@@$00@QtMetaTypePrivate@@SAPAXPAXPBX@Z 0047bdf8     moc_workmodels.obj
 0002:00057df8       __ehfuncinfo$?Construct@?$QMetaTypeFunctionHelper@V?$QList@H@@$00@QtMetaTypePrivate@@SAPAXPAXPBX@Z 0047bdf8     moc_workmodels.obj
 0002:00057e20       __sehtable$___scrt_is_nonwritable_in_current_image 0047be20     MSVCRT:utility.obj
 0002:00057e40       __sehtable$?__scrt_common_main_seh@@YAHXZ 0047be40     MSVCRT:exe_winmain.obj
 0002:000585a8       .idata$6                   0047c5a8     DbgHelp:dbghelp.dll
 0002:000586ac       .idata$6                   0047c6ac     Qt5Quick:Qt5Quick.dll
 0002:00058a04       .idata$6                   0047ca04     Qt5Gui:Qt5Gui.dll
 0002:00058b60       .idata$6                   0047cb60     Qt5Qml:Qt5Qml.dll
 0002:00058c72       .idata$6                   0047cc72     Qt5Network:Qt5Network.dll
 0002:0005afc0       .idata$6                   0047efc0     Qt5Core:Qt5Core.dll
 0002:0005b1b2       .idata$6                   0047f1b2     kernel32:KERNEL32.dll
 0002:0005b296       .idata$6                   0047f296     vcruntime:VCRUNTIME140.dll
 0002:0005b476       .idata$6                   0047f476     ucrt:api-ms-win-crt-heap-l1-1-0.dll
 0002:0005b496       .idata$6                   0047f496     ucrt:api-ms-win-crt-runtime-l1-1-0.dll
 0002:0005b4b8       .idata$6                   0047f4b8     ucrt:api-ms-win-crt-math-l1-1-0.dll
 0002:0005b4d8       .idata$6                   0047f4d8     ucrt:api-ms-win-crt-stdio-l1-1-0.dll
 0002:0005b4f8       .idata$6                   0047f4f8     ucrt:api-ms-win-crt-locale-l1-1-0.dll
 0002:0005b530       .idata$6                   0047f530     shell32:SHELL32.dll
 0003:000007bc       ?_Tss_mutex@@3U_RTL_CRITICAL_SECTION@@A 004807bc     MSVCRT:thread_safe_statics.obj
 0003:000007d4       ?_Tss_cv@@3U_RTL_CONDITION_VARIABLE@@A 004807d4     MSVCRT:thread_safe_statics.obj
 0003:000007d8       ?_Tss_event@@3PAXA         004807d8     MSVCRT:thread_safe_statics.obj
 0003:000007dc       ?encoded_sleep_condition_variable_cs@@3P6GHPAU_RTL_CONDITION_VARIABLE@@PAU_RTL_CRITICAL_SECTION@@K@ZA 004807dc     MSVCRT:thread_safe_statics.obj
 0003:000007e0       ?encoded_wake_all_condition_variable@@3P6GXPAU_RTL_CONDITION_VARIABLE@@@ZA 004807e0     MSVCRT:thread_safe_statics.obj
 0003:000007f0       ?module_local_atexit_table@@3U_onexit_table_t@@A 004807f0     MSVCRT:utility.obj
 0003:000007fc       ?module_local_at_quick_exit_table@@3U_onexit_table_t@@A 004807fc     MSVCRT:utility.obj
 0003:00000808       ?is_initialized_as_dll@@3_NA 00480808     MSVCRT:utility.obj
 0003:00000810       _GS_ExceptionRecord        00480810     MSVCRT:gs_report.obj
 0003:00000860       _GS_ContextRecord          00480860     MSVCRT:gs_report.obj
 0005:00000000       __guard_fids__             00482000     MSVCRT:thread_safe_statics.obj
 0005:00000004       __guard_fids_?__scrt_initialize_thread_safe_statics@@YAHXZ 00482004     MSVCRT:thread_safe_statics.obj
 0005:00000008       __guard_fids__             00482008     MSVCRT:std_type_info_static.obj
 0005:0000000c       __guard_fids__             0048200c     MSVCRT:exe_winmain.obj
 0005:00000010       __guard_fids__             00482010     MSVCRT:exe_winmain.obj
 0005:00000014       __guard_fids__             00482014     MSVCRT:exe_winmain.obj
 0005:00000018       __guard_fids_?pre_c_initialization@@YAHXZ 00482018     MSVCRT:exe_winmain.obj
 0005:00000020       __guard_fids__             00482020     MSVCRT:throw_bad_alloc.obj
 0005:00000028       __guard_fids__             00482028     MSVCRT:throw_bad_alloc.obj
 0005:00000030       __guard_fids__             00482030     MSVCRT:throw_bad_alloc.obj
 0005:00000038       __guard_fids__             00482038     MSVCRT:throw_bad_alloc.obj
 0005:0000003c       __guard_fids__             0048203c     MSVCRT:throw_bad_alloc.obj
 0005:00000040       __guard_fids__             00482040     MSVCRT:throw_bad_alloc.obj
 0005:00000044       __guard_fids__             00482044     MSVCRT:throw_bad_alloc.obj
 0005:00000048       __guard_fids__             00482048     MSVCRT:throw_bad_alloc.obj
 0005:0000004c       __guard_fids____scrt_set_unhandled_exception_filter 0048204c     MSVCRT:utility_desktop.obj
 0005:00000050       __guard_fids___except_handler4 00482050     MSVCRT:_chandler4gs_.obj
 0005:00000054       __guard_fids__             00482054     MSVCRT:guard_support.obj
 0006:00000060       $R000000                   00483060     * linker generated manifest res *
