 WorkflowProtocol

 Timestamp is 59356e90 (Mon Jun  5 22:45:36 2017)

 Preferred load address is 10000000

 Start         Length     Name                   Class
 0001:00000000 00000020H .text$di                CODE
 0001:00000020 00004c20H .text$mn                CODE
 0001:00004c40 000008a4H .text$x                 CODE
 0002:00000000 0000028cH .idata$5                DATA
 0002:0000028c 00000004H .00cfg                  DATA
 0002:00000290 00000004H .CRT$XCA                DATA
 0002:00000294 00000008H .CRT$XCU                DATA
 0002:0000029c 00000004H .CRT$XCZ                DATA
 0002:000002a0 00000004H .CRT$XIA                DATA
 0002:000002a4 00000004H .CRT$XIC                DATA
 0002:000002a8 00000004H .CRT$XIZ                DATA
 0002:000002ac 00000004H .CRT$XLA                DATA
 0002:000002b0 00000004H .CRT$XLZ                DATA
 0002:000002b4 00000004H .CRT$XPA                DATA
 0002:000002b8 00000004H .CRT$XPZ                DATA
 0002:000002bc 00000004H .CRT$XTA                DATA
 0002:000002c0 00000010H .CRT$XTZ                DATA
 0002:000002d0 00000844H .rdata                  DATA
 0002:00000b14 00000018H .rdata$T                DATA
 0002:00000b2c 000002c4H .rdata$r                DATA
 0002:00000df0 00000050H .rdata$sxdata           DATA
 0002:00000e40 000003c0H .rdata$zzzdbg           DATA
 0002:00001200 00000004H .rtc$IAA                DATA
 0002:00001204 00000004H .rtc$IZZ                DATA
 0002:00001208 00000004H .rtc$TAA                DATA
 0002:0000120c 00000004H .rtc$TZZ                DATA
 0002:00001210 00000a60H .xdata$x                DATA
 0002:00001c70 000007d8H .edata                  DATA
 0002:00002448 00000078H .idata$2                DATA
 0002:000024c0 00000014H .idata$3                DATA
 0002:000024d4 0000028cH .idata$4                DATA
 0002:00002760 00001488H .idata$6                DATA
 0003:00000000 0000004cH .data                   DATA
 0003:0000004c 00000134H .data$r                 DATA
 0003:00000180 000003d4H .bss                    DATA
 0004:00000000 00000004H .tls                    DATA
 0004:00000004 00000004H .tls$                   DATA
 0004:00000008 00000001H .tls$ZZZ                DATA
 0005:00000000 0000004cH .gfids$y                DATA
 0006:00000000 00000060H .rsrc$01                DATA
 0006:00000060 00000180H .rsrc$02                DATA

  Address         Publics by Value              Rva+Base       Lib:Object

 0000:00000000       ___guard_fids_table        00000000     <absolute>
 0000:00000000       ___guard_fids_count        00000000     <absolute>
 0000:00000000       ___guard_iat_table         00000000     <absolute>
 0000:00000000       ___guard_longjmp_table     00000000     <absolute>
 0000:00000000       ___dynamic_value_reloc_table 00000000     <absolute>
 0000:00000000       ___guard_longjmp_count     00000000     <absolute>
 0000:00000000       ___guard_iat_count         00000000     <absolute>
 0000:00000014       ___safe_se_handler_count   00000014     <absolute>
 0000:0000002c       __tls_array                0000002c     <absolute>
 0000:00000100       ___guard_flags             00000100     <absolute>
 0000:00000000       ___ImageBase               10000000     <linker-defined>
 0001:00000020       ??$connect@P8QThread@@AEXUQPrivateSignal@1@@ZP8QObject@@AEXXZ@QObject@@SA?AVConnection@QMetaObject@@PBVQThread@@P83@AEXUQPrivateSignal@3@@ZPBV0@P80@AEXXZW4ConnectionType@Qt@@@Z 10001020 f i workflowprotocol.obj
 0001:00000080       ??$connect@P8SubThreadWorker@@AEXABVQJsonObject@@@ZP8WorkflowController@@AEX0@Z@QObject@@SA?AVConnection@QMetaObject@@PBVSubThreadWorker@@P83@AEXABVQJsonObject@@@ZPBVWorkflowController@@P85@AEX1@ZW4ConnectionType@Qt@@@Z 10001080 f i workflowprotocol.obj
 0001:000000f0       ??$connect@P8SubThreadWorker@@AEX_NH@ZP8WorkflowController@@AEX0H@Z@QObject@@SA?AVConnection@QMetaObject@@PBVSubThreadWorker@@P83@AEX_NH@ZPBVWorkflowController@@P84@AEX1H@ZW4ConnectionType@Qt@@@Z 100010f0 f i workflowprotocol.obj
 0001:00000160       ??$connect@P8WorkflowController@@AEXABVQJsonObject@@@ZP8SubThreadWorker@@AEX0@Z@QObject@@SA?AVConnection@QMetaObject@@PBVWorkflowController@@P83@AEXABVQJsonObject@@@ZPBVSubThreadWorker@@P85@AEX1@ZW4ConnectionType@Qt@@@Z 10001160 f i workflowprotocol.obj
 0001:000001d0       ??$connect@P8WorkflowController@@AEXABVQString@@@ZP8SubThreadWorker@@AEX0@Z@QObject@@SA?AVConnection@QMetaObject@@PBVWorkflowController@@P83@AEXABVQString@@@ZPBVSubThreadWorker@@P85@AEX1@ZW4ConnectionType@Qt@@@Z 100011d0 f i workflowprotocol.obj
 0001:00000240       ??$connect@P8WorkflowController@@AEXABVQString@@G@ZP8SubThreadWorker@@AEX0G@Z@QObject@@SA?AVConnection@QMetaObject@@PBVWorkflowController@@P83@AEXABVQString@@G@ZPBVSubThreadWorker@@P85@AEX1G@ZW4ConnectionType@Qt@@@Z 10001240 f i workflowprotocol.obj
 0001:000002b0       ??$connect@P8WorkflowController@@AEXXZP8SubThreadWorker@@AEXXZ@QObject@@SA?AVConnection@QMetaObject@@PBVWorkflowController@@P83@AEXXZPBVSubThreadWorker@@P84@AEXXZW4ConnectionType@Qt@@@Z 100012b0 f i workflowprotocol.obj
 0001:00000310       ??$formatWord@E@WorkflowProtocol@@IAE?AVQByteArray@@E@Z 10001310 f i workflowprotocol.obj
 0001:00000340       ??$formatWord@G@WorkflowProtocol@@IAE?AVQByteArray@@G@Z 10001340 f i workflowprotocol.obj
 0001:00000370       ??$qMakeForeachContainer@AAV?$QList@VQString@@@@@QtPrivate@@YA?AV?$QForeachContainer@V?$QList@VQString@@@@@0@AAV?$QList@VQString@@@@@Z 10001370 f i workflowprotocol.obj
 0001:000003b0       ??$qMakeForeachContainer@AAVQStringList@@@QtPrivate@@YA?AV?$QForeachContainer@VQStringList@@@0@AAVQStringList@@@Z 100013b0 f i workflowprotocol.obj
 0001:000003f0       ??0?$QList@VQString@@@@QAE@ABV0@@Z 100013f0 f i workflowprotocol.obj
 0001:000004a0       ??0WorkflowController@@QAE@PAVQObject@@@Z 100014a0 f   workflowprotocol.obj
 0001:00000680       ??0WorkflowProtocol@@QAE@ABV0@@Z 10001680 f i workflowprotocol.obj
 0001:00000680       ??0WorkflowProtocol@@QAE@$$QAV0@@Z 10001680 f i workflowprotocol.obj
 0001:000006d0       ??0WorkflowProtocol@@QAE@XZ 100016d0 f   workflowprotocol.obj
 0001:000006f0       ??1?$QList@VQString@@@@QAE@XZ 100016f0 f i workflowprotocol.obj
 0001:00000780       ??1QStringList@@QAE@XZ     10001780 f i workflowprotocol.obj
 0001:00000780       ??1?$QForeachContainer@VQStringList@@@QtPrivate@@QAE@XZ 10001780 f i workflowprotocol.obj
 0001:00000790       ??1WorkflowController@@UAE@XZ 10001790 f   workflowprotocol.obj
 0001:00000800       ??1WorkflowProtocol@@QAE@XZ 10001800 f i workflowprotocol.obj
 0001:00000810       ??4WorkflowProtocol@@QAEAAV0@ABV0@@Z 10001810 f i workflowprotocol.obj
 0001:00000810       ??4WorkflowProtocol@@QAEAAV0@$$QAV0@@Z 10001810 f i workflowprotocol.obj
 0001:00000860       ??_EWorkflowController@@UAEPAXI@Z 10001860 f i workflowprotocol.obj
 0001:00000940       ??_FWorkflowController@@QAEXXZ 10001940 f i workflowprotocol.obj
 0001:00000950       ??_ERunningStateChangeEvent@@UAEPAXI@Z 10001950 f i workflowprotocol.obj
 0001:00000950       ??_GRunningStateChangeEvent@@UAEPAXI@Z 10001950 f i workflowprotocol.obj
 0001:00000980       ??_GStatusChangeEvent@@UAEPAXI@Z 10001980 f i workflowprotocol.obj
 0001:00000980       ??_EStatusChangeEvent@@UAEPAXI@Z 10001980 f i workflowprotocol.obj
 0001:000009b0       ??_GSubThreadWorker@@UAEPAXI@Z 100019b0 f i workflowprotocol.obj
 0001:000009b0       ??_ESubThreadWorker@@UAEPAXI@Z 100019b0 f i workflowprotocol.obj
 0001:00000a10       ?append@?$QList@VQString@@@@QAEXABVQString@@@Z 10001a10 f i workflowprotocol.obj
 0001:00000ac0       ?changeHost@SubThreadWorker@@QAEXABVQString@@G@Z 10001ac0 f   workflowprotocol.obj
 0001:00000ae0       ?configProtocol@SubThreadWorker@@QAEXABVQString@@@Z 10001ae0 f   workflowprotocol.obj
 0001:00000af0       ?detach_helper_grow@?$QList@VQString@@@@AAEPAUNode@1@HH@Z 10001af0 f i workflowprotocol.obj
 0001:00000c70       ?doWork@SubThreadWorker@@QAEXABVQJsonObject@@@Z 10001c70 f   workflowprotocol.obj
 0001:00000f00       ?formatRecvFrameToJsonObject@WorkflowProtocol@@QAE_NAAVQJsonObject@@@Z 10001f00 f   workflowprotocol.obj
 0001:00000fa0       ?handleControlCommand@SubThreadWorker@@IAE_NAAVCommunication@@AAVQJsonObject@@@Z 10001fa0 f   workflowprotocol.obj
 0001:000018c0       ?handleLogicalCommand@SubThreadWorker@@IAE_NAAVQJsonObject@@AAH@Z 100028c0 f   workflowprotocol.obj
 0001:00002200       ?impl@?$QSlotObject@P8WorkflowController@@AEXABVQJsonObject@@@ZU?$List@ABVQJsonObject@@@QtPrivate@@X@QtPrivate@@CAXHPAVQSlotObjectBase@2@PAVQObject@@PAPAXPA_N@Z 10003200 f i workflowprotocol.obj
 0001:00002200       ?impl@?$QSlotObject@P8SubThreadWorker@@AEXABVQJsonObject@@@ZU?$List@ABVQJsonObject@@@QtPrivate@@X@QtPrivate@@CAXHPAVQSlotObjectBase@2@PAVQObject@@PAPAXPA_N@Z 10003200 f i workflowprotocol.obj
 0001:00002200       ?impl@?$QSlotObject@P8SubThreadWorker@@AEXABVQString@@@ZU?$List@ABVQString@@@QtPrivate@@X@QtPrivate@@CAXHPAVQSlotObjectBase@2@PAVQObject@@PAPAXPA_N@Z 10003200 f i workflowprotocol.obj
 0001:00002260       ?impl@?$QSlotObject@P8SubThreadWorker@@AEXABVQString@@G@ZU?$List@ABVQString@@G@QtPrivate@@X@QtPrivate@@CAXHPAVQSlotObjectBase@2@PAVQObject@@PAPAXPA_N@Z 10003260 f i workflowprotocol.obj
 0001:000022c0       ?impl@?$QSlotObject@P8SubThreadWorker@@AEXXZU?$List@$$V@QtPrivate@@X@QtPrivate@@CAXHPAVQSlotObjectBase@2@PAVQObject@@PAPAXPA_N@Z 100032c0 f i workflowprotocol.obj
 0001:000022c0       ?impl@?$QSlotObject@P8QObject@@AEXXZU?$List@$$V@QtPrivate@@X@QtPrivate@@CAXHPAVQSlotObjectBase@2@PAVQObject@@PAPAXPA_N@Z 100032c0 f i workflowprotocol.obj
 0001:00002310       ?impl@?$QSlotObject@P8WorkflowController@@AEX_NH@ZU?$List@_NH@QtPrivate@@X@QtPrivate@@CAXHPAVQSlotObjectBase@2@PAVQObject@@PAPAXPA_N@Z 10003310 f i workflowprotocol.obj
 0001:00002370       ?init@WorkflowController@@QAEXABVQString@@@Z 10003370 f   workflowprotocol.obj
 0001:00002380       ?initProtocol@WorkflowProtocol@@QAE_NABVQString@@@Z 10003380 f   workflowprotocol.obj
 0001:000024d0       ?isLogicalCommand@SubThreadWorker@@IAE_NABVQString@@@Z 100034d0 f   workflowprotocol.obj
 0001:00002740       ?node_copy@?$QList@VQString@@@@AAEXPAUNode@1@00@Z 10003740 f i workflowprotocol.obj
 0001:00002780       ?node_destruct@?$QList@VQString@@@@AAEXPAUNode@1@0@Z 10003780 f i workflowprotocol.obj
 0001:000027b0       ?parseAckFrame@WorkflowProtocol@@QAE_NABVQByteArray@@AAVQJsonObject@@@Z 100037b0 f   workflowprotocol.obj
 0001:000028d0       ?parseJsonObjectToSendFrame@WorkflowProtocol@@QAE_NABVQJsonObject@@AAV2@@Z 100038d0 f   workflowprotocol.obj
 0001:00002f50       ?runTask@WorkflowController@@QAEXABVQJsonObject@@@Z 10003f50 f   workflowprotocol.obj
 0001:00002fb0       ?serializeSendFrame@WorkflowProtocol@@QAE?AVQByteArray@@XZ 10003fb0 f   workflowprotocol.obj
 0001:00003110       ?sethost@WorkflowController@@QAEXABVQString@@G@Z 10004110 f   workflowprotocol.obj
 0001:00003120       ?statusChanged@WorkflowController@@QAEXABVQJsonObject@@@Z 10004120 f   workflowprotocol.obj
 0001:000031c0       ?stopCurrentTask@WorkflowController@@QAEXXZ 100041c0 f   workflowprotocol.obj
 0001:000031e0       ?stopTask@SubThreadWorker@@QAEXXZ 100041e0 f   workflowprotocol.obj
 0001:000031f0       ?taskStateChanged@WorkflowController@@QAEX_NH@Z 100041f0 f   workflowprotocol.obj
 0001:00003280       ?trUtf8@WorkflowController@@SA?AVQString@@PBD0H@Z 10004280 f i workflowprotocol.obj
 0001:00003280       ?tr@WorkflowController@@SA?AVQString@@PBD0H@Z 10004280 f i workflowprotocol.obj
 0001:000032b0       ?types@?$ConnectionTypes@U?$List@ABVQJsonObject@@@QtPrivate@@$00@QtPrivate@@SAPBHXZ 100042b0 f i workflowprotocol.obj
 0001:00003310       ?types@?$ConnectionTypes@U?$List@ABVQString@@@QtPrivate@@$00@QtPrivate@@SAPBHXZ 10004310 f i workflowprotocol.obj
 0001:00003370       ?types@?$ConnectionTypes@U?$List@ABVQString@@G@QtPrivate@@$00@QtPrivate@@SAPBHXZ 10004370 f i workflowprotocol.obj
 0001:000033e0       ?types@?$ConnectionTypes@U?$List@_NH@QtPrivate@@$00@QtPrivate@@SAPBHXZ 100043e0 f i workflowprotocol.obj
 0001:00003450       ?unserializeRecvFrame@WorkflowProtocol@@QAEXABVQByteArray@@@Z 10004450 f   workflowprotocol.obj
 0001:00003590       ?changeHost@WorkflowController@@QAEXABVQString@@G@Z 10004590 f   moc_workflowprotocol.obj
 0001:000035e0       ?configProtocol@WorkflowController@@QAEXABVQString@@@Z 100045e0 f   moc_workflowprotocol.obj
 0001:00003610       ?metaObject@SubThreadWorker@@UBEPBUQMetaObject@@XZ 10004610 f   moc_workflowprotocol.obj
 0001:00003630       ?metaObject@WorkflowController@@UBEPBUQMetaObject@@XZ 10004630 f   moc_workflowprotocol.obj
 0001:00003650       ?qt_metacall@SubThreadWorker@@UAEHW4Call@QMetaObject@@HPAPAX@Z 10004650 f   moc_workflowprotocol.obj
 0001:000036b0       ?qt_metacall@WorkflowController@@UAEHW4Call@QMetaObject@@HPAPAX@Z 100046b0 f   moc_workflowprotocol.obj
 0001:00003710       ?qt_metacast@SubThreadWorker@@UAEPAXPBD@Z 10004710 f   moc_workflowprotocol.obj
 0001:00003770       ?qt_metacast@WorkflowController@@UAEPAXPBD@Z 10004770 f   moc_workflowprotocol.obj
 0001:000037d0       ?qt_static_metacall@SubThreadWorker@@CAXPAVQObject@@W4Call@QMetaObject@@HPAPAX@Z 100047d0 f   moc_workflowprotocol.obj
 0001:000038b0       ?qt_static_metacall@WorkflowController@@CAXPAVQObject@@W4Call@QMetaObject@@HPAPAX@Z 100048b0 f   moc_workflowprotocol.obj
 0001:000039c0       ?runNewTask@WorkflowController@@QAEXABVQJsonObject@@@Z 100049c0 f   moc_workflowprotocol.obj
 0001:000039f0       ?statusChanged@SubThreadWorker@@QAEXABVQJsonObject@@@Z 100049f0 f   moc_workflowprotocol.obj
 0001:00003a20       ?stopTask@WorkflowController@@QAEXXZ 10004a20 f   moc_workflowprotocol.obj
 0001:00003a40       ?taskStateChanged@SubThreadWorker@@QAEX_NH@Z 10004a40 f   moc_workflowprotocol.obj
 0001:00003a8c       ?childEvent@QObject@@MAEXPAVQChildEvent@@@Z 10004a8c f   Qt5Core:Qt5Core.dll
 0001:00003a92       ?connectNotify@QObject@@MAEXABVQMetaMethod@@@Z 10004a92 f   Qt5Core:Qt5Core.dll
 0001:00003a98       ?customEvent@QObject@@MAEXPAVQEvent@@@Z 10004a98 f   Qt5Core:Qt5Core.dll
 0001:00003a9e       ?disconnectNotify@QObject@@MAEXABVQMetaMethod@@@Z 10004a9e f   Qt5Core:Qt5Core.dll
 0001:00003aa4       ?event@QObject@@UAE_NPAVQEvent@@@Z 10004aa4 f   Qt5Core:Qt5Core.dll
 0001:00003aaa       ?eventFilter@QObject@@UAE_NPAV1@PAVQEvent@@@Z 10004aaa f   Qt5Core:Qt5Core.dll
 0001:00003ab0       ?timerEvent@QObject@@MAEXPAVQTimerEvent@@@Z 10004ab0 f   Qt5Core:Qt5Core.dll
 0001:00003ab6       ??_M@YGXPAXIIP6EX0@Z@Z     10004ab6 f   MSVCRT:ehvecdtr.obj
 0001:00003b30       ?__ArrayUnwind@@YGXPAXIIP6EX0@Z@Z 10004b30 f   MSVCRT:ehvecdtr.obj
 0001:00003b9d       ??2@YAPAXI@Z               10004b9d f   MSVCRT:new_scalar.obj
 0001:00003bd0       ??3@YAXPAXI@Z              10004bd0 f   MSVCRT:delete_scalar_size.obj
 0001:00003bde       ??_V@YAXPAXI@Z             10004bde f   MSVCRT:delete_array_size.obj
 0001:00003cac       ??$__crt_fast_encode_pointer@P6GHPAU_RTL_CONDITION_VARIABLE@@PAU_RTL_CRITICAL_SECTION@@K@Z@@YAP6GHPAU_RTL_CONDITION_VARIABLE@@PAU_RTL_CRITICAL_SECTION@@K@ZQ6GH01K@Z@Z 10004cac f i MSVCRT:thread_safe_statics.obj
 0001:00003cac       ??$__crt_fast_encode_pointer@P6GXPAU_RTL_CONDITION_VARIABLE@@@Z@@YAP6GXPAU_RTL_CONDITION_VARIABLE@@@ZQ6GX0@Z@Z 10004cac f i MSVCRT:thread_safe_statics.obj
 0001:00003ce5       __Init_thread_footer       10004ce5 f   MSVCRT:thread_safe_statics.obj
 0001:00003d24       __Init_thread_header       10004d24 f   MSVCRT:thread_safe_statics.obj
 0001:00003d6a       __Init_thread_lock         10004d6a f   MSVCRT:thread_safe_statics.obj
 0001:00003d76       __Init_thread_notify       10004d76 f   MSVCRT:thread_safe_statics.obj
 0001:00003db7       __Init_thread_unlock       10004db7 f   MSVCRT:thread_safe_statics.obj
 0001:00003dc3       __Init_thread_wait         10004dc3 f   MSVCRT:thread_safe_statics.obj
 0001:00003e28       @__security_check_cookie@4 10004e28 f   MSVCRT:_secchk_.obj
 0001:00003e39       ??_Gtype_info@@UAEPAXI@Z   10004e39 f i MSVCRT:std_type_info_static.obj
 0001:00003e39       ??_Etype_info@@UAEPAXI@Z   10004e39 f i MSVCRT:std_type_info_static.obj
 0001:00004164       __DllMainCRTStartup@12     10005164 f   MSVCRT:dll_dllmain.obj
 0001:00004187       @_guard_check_icall@4      10005187 f i MSVCRT:checkcfg.obj
 0001:00004190       __SEH_prolog4              10005190 f   MSVCRT:_sehprolg4_.obj
 0001:000041d6       __SEH_epilog4              100051d6 f   MSVCRT:_sehprolg4_.obj
 0001:000041eb       __except_handler4          100051eb f   MSVCRT:_chandler4gs_.obj
 0001:0000420e       ??0bad_alloc@std@@QAE@ABV01@@Z 1000520e f i MSVCRT:throw_bad_alloc.obj
 0001:00004229       ??0bad_alloc@std@@QAE@XZ   10005229 f i MSVCRT:throw_bad_alloc.obj
 0001:00004241       ??0bad_array_new_length@std@@QAE@ABV01@@Z 10005241 f i MSVCRT:throw_bad_alloc.obj
 0001:0000425c       ??0bad_array_new_length@std@@QAE@XZ 1000525c f i MSVCRT:throw_bad_alloc.obj
 0001:00004274       ??0exception@std@@QAE@ABV01@@Z 10005274 f i MSVCRT:throw_bad_alloc.obj
 0001:000042a0       ??1bad_alloc@std@@UAE@XZ   100052a0 f i MSVCRT:throw_bad_alloc.obj
 0001:000042a0       ??1bad_array_new_length@std@@UAE@XZ 100052a0 f i MSVCRT:throw_bad_alloc.obj
 0001:000042b1       ??_Gbad_alloc@std@@UAEPAXI@Z 100052b1 f i MSVCRT:throw_bad_alloc.obj
 0001:000042b1       ??_Ebad_alloc@std@@UAEPAXI@Z 100052b1 f i MSVCRT:throw_bad_alloc.obj
 0001:000042b1       ??_Eexception@std@@UAEPAXI@Z 100052b1 f i MSVCRT:throw_bad_alloc.obj
 0001:000042b1       ??_Gbad_array_new_length@std@@UAEPAXI@Z 100052b1 f i MSVCRT:throw_bad_alloc.obj
 0001:000042b1       ??_Gexception@std@@UAEPAXI@Z 100052b1 f i MSVCRT:throw_bad_alloc.obj
 0001:000042b1       ??_Ebad_array_new_length@std@@UAEPAXI@Z 100052b1 f i MSVCRT:throw_bad_alloc.obj
 0001:000042de       ?__scrt_throw_std_bad_alloc@@YAXXZ 100052de f   MSVCRT:throw_bad_alloc.obj
 0001:000042fb       ?__scrt_throw_std_bad_array_new_length@@YAXXZ 100052fb f   MSVCRT:throw_bad_alloc.obj
 0001:00004318       ?what@exception@std@@UBEPBDXZ 10005318 f i MSVCRT:throw_bad_alloc.obj
 0001:00004325       ??3@YAXPAX@Z               10005325 f   MSVCRT:delete_scalar.obj
 0001:0000432a       ??_V@YAXPAX@Z              1000532a f   MSVCRT:delete_array.obj
 0001:00004373       ___scrt_acquire_startup_lock 10005373 f   MSVCRT:utility.obj
 0001:000043a8       ___scrt_dllmain_after_initialize_c 100053a8 f   MSVCRT:utility.obj
 0001:000043d3       ___scrt_dllmain_before_initialize_c 100053d3 f   MSVCRT:utility.obj
 0001:000043e1       ___scrt_dllmain_crt_thread_attach 100053e1 f   MSVCRT:utility.obj
 0001:00004400       ___scrt_dllmain_crt_thread_detach 10005400 f   MSVCRT:utility.obj
 0001:0000440d       ___scrt_dllmain_exception_filter 1000540d f   MSVCRT:utility.obj
 0001:00004440       ___scrt_dllmain_uninitialize_c 10005440 f   MSVCRT:utility.obj
 0001:00004463       ___scrt_dllmain_uninitialize_critical 10005463 f   MSVCRT:utility.obj
 0001:00004470       ___scrt_initialize_crt     10005470 f   MSVCRT:utility.obj
 0001:000044a9       ___scrt_initialize_onexit_tables 100054a9 f   MSVCRT:utility.obj
 0001:00004540       ___scrt_is_nonwritable_in_current_image 10005540 f   MSVCRT:utility.obj
 0001:000045ca       ___scrt_release_startup_lock 100055ca f   MSVCRT:utility.obj
 0001:000045e7       ___scrt_uninitialize_crt   100055e7 f   MSVCRT:utility.obj
 0001:0000460f       __onexit                   1000560f f   MSVCRT:utility.obj
 0001:0000464a       _atexit                    1000564a f   MSVCRT:utility.obj
 0001:0000465f       ___scrt_fastfail           1000565f f   MSVCRT:utility_desktop.obj
 0001:0000477a       ___raise_securityfailure   1000577a f   MSVCRT:gs_report.obj
 0001:000047a2       ___report_gsfailure        100057a2 f   MSVCRT:gs_report.obj
 0001:0000489d       ___security_init_cookie    1000589d f   MSVCRT:gs_support.obj
 0001:00004939       _DllMain@12                10005939 f   MSVCRT:dll_dllmain_stub.obj
 0001:0000495b       ?__scrt_initialize_type_info@@YAXXZ 1000595b f   MSVCRT:tncleanup.obj
 0001:00004967       ?__scrt_uninitialize_type_info@@YAXXZ 10005967 f   MSVCRT:tncleanup.obj
 0001:00004973       ___local_stdio_printf_options 10005973 f i MSVCRT:default_local_stdio_options.obj
 0001:00004979       ___local_stdio_scanf_options 10005979 f i MSVCRT:default_local_stdio_options.obj
 0001:0000497f       ___scrt_initialize_default_local_stdio_options 1000597f f   MSVCRT:default_local_stdio_options.obj
 0001:0000499c       ___scrt_get_dyn_tls_init_callback 1000599c f   MSVCRT:dyn_tls_init.obj
 0001:000049a2       __RTC_Initialize           100059a2 f   MSVCRT:_initsect_.obj
 0001:000049cd       __RTC_Terminate            100059cd f   MSVCRT:_initsect_.obj
 0001:000049f8       @_guard_check_icall_nop@4  100059f8 f i MSVCRT:guard_support.obj
 0001:000049f9       ___isa_available_init      100059f9 f   MSVCRT:_cpu_disp_.obj
 0001:00004b93       __get_startup_argv_mode    10005b93 f   MSVCRT:argv_mode.obj
 0001:00004b97       ___scrt_is_ucrt_dll_in_use 10005b97 f   MSVCRT:ucrt_detection.obj
 0001:00004ba4       _IsProcessorFeaturePresent@4 10005ba4 f   kernel32:KERNEL32.dll
 0001:00004baa       ___std_terminate           10005baa f   vcruntime:VCRUNTIME140.dll
 0001:00004bb0       __CxxThrowException@8      10005bb0 f   vcruntime:VCRUNTIME140.dll
 0001:00004bb6       ___CxxFrameHandler3        10005bb6 f   vcruntime:VCRUNTIME140.dll
 0001:00004bbc       ___vcrt_InitializeCriticalSectionEx 10005bbc f   vcruntime:VCRUNTIME140.dll
 0001:00004bc2       __except_handler4_common   10005bc2 f   vcruntime:VCRUNTIME140.dll
 0001:00004bc8       ___std_exception_copy      10005bc8 f   vcruntime:VCRUNTIME140.dll
 0001:00004bce       ___std_exception_destroy   10005bce f   vcruntime:VCRUNTIME140.dll
 0001:00004bd4       _memset                    10005bd4 f   vcruntime:VCRUNTIME140.dll
 0001:00004bda       ___std_type_info_destroy_list 10005bda f   vcruntime:VCRUNTIME140.dll
 0001:00004be0       _terminate                 10005be0 f   ucrt:api-ms-win-crt-runtime-l1-1-0.dll
 0001:00004be6       __callnewh                 10005be6 f   ucrt:api-ms-win-crt-heap-l1-1-0.dll
 0001:00004bec       _malloc                    10005bec f   ucrt:api-ms-win-crt-heap-l1-1-0.dll
 0001:00004bf2       __initterm                 10005bf2 f   ucrt:api-ms-win-crt-runtime-l1-1-0.dll
 0001:00004bf8       __initterm_e               10005bf8 f   ucrt:api-ms-win-crt-runtime-l1-1-0.dll
 0001:00004bfe       _free                      10005bfe f   ucrt:api-ms-win-crt-heap-l1-1-0.dll
 0001:00004c04       __seh_filter_dll           10005c04 f   ucrt:api-ms-win-crt-runtime-l1-1-0.dll
 0001:00004c0a       __configure_narrow_argv    10005c0a f   ucrt:api-ms-win-crt-runtime-l1-1-0.dll
 0001:00004c10       __initialize_narrow_environment 10005c10 f   ucrt:api-ms-win-crt-runtime-l1-1-0.dll
 0001:00004c16       __initialize_onexit_table  10005c16 f   ucrt:api-ms-win-crt-runtime-l1-1-0.dll
 0001:00004c1c       __register_onexit_function 10005c1c f   ucrt:api-ms-win-crt-runtime-l1-1-0.dll
 0001:00004c22       __execute_onexit_table     10005c22 f   ucrt:api-ms-win-crt-runtime-l1-1-0.dll
 0001:00004c28       __crt_atexit               10005c28 f   ucrt:api-ms-win-crt-runtime-l1-1-0.dll
 0001:00004c2e       __cexit                    10005c2e f   ucrt:api-ms-win-crt-runtime-l1-1-0.dll
 0001:00004c34       ___scrt_stub_for_acrt_thread_attach 10005c34 f   MSVCRT:ucrt_stubs.obj
 0001:00004c34       ___vcrt_thread_detach      10005c34 f   MSVCRT:ucrt_stubs.obj
 0001:00004c34       ___acrt_thread_detach      10005c34 f   MSVCRT:ucrt_stubs.obj
 0001:00004c34       ___scrt_stub_for_acrt_uninitialize 10005c34 f   MSVCRT:ucrt_stubs.obj
 0001:00004c34       ___scrt_stub_for_acrt_thread_detach 10005c34 f   MSVCRT:ucrt_stubs.obj
 0001:00004c34       ___vcrt_uninitialize_critical 10005c34 f   MSVCRT:ucrt_stubs.obj
 0001:00004c34       ___vcrt_thread_attach      10005c34 f   MSVCRT:ucrt_stubs.obj
 0001:00004c34       ___acrt_uninitialize       10005c34 f   MSVCRT:ucrt_stubs.obj
 0001:00004c34       ___acrt_thread_attach      10005c34 f   MSVCRT:ucrt_stubs.obj
 0001:00004c34       ___scrt_stub_for_acrt_initialize 10005c34 f   MSVCRT:ucrt_stubs.obj
 0001:00004c34       ___acrt_uninitialize_critical 10005c34 f   MSVCRT:ucrt_stubs.obj
 0001:00004c34       ___scrt_stub_for_acrt_uninitialize_critical 10005c34 f   MSVCRT:ucrt_stubs.obj
 0001:00004c34       ___acrt_initialize         10005c34 f   MSVCRT:ucrt_stubs.obj
 0001:00004c34       ___vcrt_uninitialize       10005c34 f   MSVCRT:ucrt_stubs.obj
 0001:00004c34       ___vcrt_initialize         10005c34 f   MSVCRT:ucrt_stubs.obj
 0001:00004c37       __is_c_termination_complete 10005c37 f   MSVCRT:ucrt_stubs.obj
 0001:00004c37       ___scrt_stub_for_is_c_termination_complete 10005c37 f   MSVCRT:ucrt_stubs.obj
 0002:00000000       __imp_?connectToServer@Communication@@QAE_NABVQString@@G@Z 10007000     Communication:Communication.dll
 0002:00000004       __imp_?disconnect@Communication@@QAEXXZ 10007004     Communication:Communication.dll
 0002:00000008       __imp_?write@Communication@@QAE_JABVQByteArray@@@Z 10007008     Communication:Communication.dll
 0002:0000000c       __imp_?readData@Communication@@QAE?AVQByteArray@@H@Z 1000700c     Communication:Communication.dll
 0002:00000010       __imp_??1Communication@@QAE@XZ 10007010     Communication:Communication.dll
 0002:00000014       __imp_??0Communication@@QAE@XZ 10007014     Communication:Communication.dll
 0002:00000018       \177Communication_NULL_THUNK_DATA 10007018     Communication:Communication.dll
 0002:0000001c       __imp__InitializeSListHead@4 1000701c     kernel32:KERNEL32.dll
 0002:00000020       __imp__DisableThreadLibraryCalls@4 10007020     kernel32:KERNEL32.dll
 0002:00000024       __imp__GetSystemTimeAsFileTime@4 10007024     kernel32:KERNEL32.dll
 0002:00000028       __imp__GetCurrentThreadId@0 10007028     kernel32:KERNEL32.dll
 0002:0000002c       __imp__GetCurrentProcessId@0 1000702c     kernel32:KERNEL32.dll
 0002:00000030       __imp__QueryPerformanceCounter@4 10007030     kernel32:KERNEL32.dll
 0002:00000034       __imp__TerminateProcess@8  10007034     kernel32:KERNEL32.dll
 0002:00000038       __imp__GetCurrentProcess@0 10007038     kernel32:KERNEL32.dll
 0002:0000003c       __imp__IsProcessorFeaturePresent@4 1000703c     kernel32:KERNEL32.dll
 0002:00000040       __imp__SetUnhandledExceptionFilter@4 10007040     kernel32:KERNEL32.dll
 0002:00000044       __imp__UnhandledExceptionFilter@4 10007044     kernel32:KERNEL32.dll
 0002:00000048       __imp__IsDebuggerPresent@0 10007048     kernel32:KERNEL32.dll
 0002:0000004c       __imp__GetProcAddress@8    1000704c     kernel32:KERNEL32.dll
 0002:00000050       __imp__GetModuleHandleW@4  10007050     kernel32:KERNEL32.dll
 0002:00000054       __imp__CreateEventW@16     10007054     kernel32:KERNEL32.dll
 0002:00000058       __imp__WaitForSingleObjectEx@12 10007058     kernel32:KERNEL32.dll
 0002:0000005c       __imp__ResetEvent@4        1000705c     kernel32:KERNEL32.dll
 0002:00000060       __imp__SetEvent@4          10007060     kernel32:KERNEL32.dll
 0002:00000064       __imp__DeleteCriticalSection@4 10007064     kernel32:KERNEL32.dll
 0002:00000068       __imp__LeaveCriticalSection@4 10007068     kernel32:KERNEL32.dll
 0002:0000006c       __imp__EnterCriticalSection@4 1000706c     kernel32:KERNEL32.dll
 0002:00000070       __imp__CloseHandle@4       10007070     kernel32:KERNEL32.dll
 0002:00000074       \177KERNEL32_NULL_THUNK_DATA 10007074     kernel32:KERNEL32.dll
 0002:00000078       __imp_?fromAscii_helper@QString@@CAPAU?$QTypedArrayData@G@@PBDH@Z 10007078     Qt5Core:Qt5Core.dll
 0002:0000007c       __imp_??0QJsonValue@@QAE@_N@Z 1000707c     Qt5Core:Qt5Core.dll
 0002:00000080       __imp_??0QJsonValue@@QAE@H@Z 10007080     Qt5Core:Qt5Core.dll
 0002:00000084       __imp_??0QJsonValue@@QAE@ABVQString@@@Z 10007084     Qt5Core:Qt5Core.dll
 0002:00000088       __imp_??0QJsonValue@@QAE@PBD@Z 10007088     Qt5Core:Qt5Core.dll
 0002:0000008c       __imp_??1QJsonValue@@QAE@XZ 1000708c     Qt5Core:Qt5Core.dll
 0002:00000090       __imp_?toInt@QJsonValue@@QBEHH@Z 10007090     Qt5Core:Qt5Core.dll
 0002:00000094       __imp_?toString@QJsonValue@@QBE?AVQString@@XZ 10007094     Qt5Core:Qt5Core.dll
 0002:00000098       __imp_?toArray@QJsonValue@@QBE?AVQJsonArray@@XZ 10007098     Qt5Core:Qt5Core.dll
 0002:0000009c       __imp_?toObject@QJsonValue@@QBE?AVQJsonObject@@XZ 1000709c     Qt5Core:Qt5Core.dll
 0002:000000a0       __imp_??4QJsonValueRef@@QAEAAV0@ABVQJsonValue@@@Z 100070a0     Qt5Core:Qt5Core.dll
 0002:000000a4       __imp_??4QJsonValueRef@@QAEAAV0@ABV0@@Z 100070a4     Qt5Core:Qt5Core.dll
 0002:000000a8       __imp_?toString@QJsonValueRef@@QBE?AVQString@@XZ 100070a8     Qt5Core:Qt5Core.dll
 0002:000000ac       __imp_?toArray@QJsonValueRef@@QBE?AVQJsonArray@@XZ 100070ac     Qt5Core:Qt5Core.dll
 0002:000000b0       __imp_?toObject@QJsonValueRef@@QBE?AVQJsonObject@@XZ 100070b0     Qt5Core:Qt5Core.dll
 0002:000000b4       __imp_?toValue@QJsonValueRef@@ABE?AVQJsonValue@@XZ 100070b4     Qt5Core:Qt5Core.dll
 0002:000000b8       __imp_??0QJsonObject@@QAE@XZ 100070b8     Qt5Core:Qt5Core.dll
 0002:000000bc       __imp_??1QJsonObject@@QAE@XZ 100070bc     Qt5Core:Qt5Core.dll
 0002:000000c0       __imp_??0QJsonObject@@QAE@ABV0@@Z 100070c0     Qt5Core:Qt5Core.dll
 0002:000000c4       __imp_??4QJsonObject@@QAEAAV0@ABV0@@Z 100070c4     Qt5Core:Qt5Core.dll
 0002:000000c8       __imp_??AQJsonObject@@QBE?AVQJsonValue@@ABVQString@@@Z 100070c8     Qt5Core:Qt5Core.dll
 0002:000000cc       __imp_??AQJsonObject@@QAE?AVQJsonValueRef@@ABVQString@@@Z 100070cc     Qt5Core:Qt5Core.dll
 0002:000000d0       __imp_?tr@QMetaObject@@QBE?AVQString@@PBD0H@Z 100070d0     Qt5Core:Qt5Core.dll
 0002:000000d4       __imp_??1Connection@QMetaObject@@QAE@XZ 100070d4     Qt5Core:Qt5Core.dll
 0002:000000d8       __imp_?detach@QListData@@QAEPAUData@1@H@Z 100070d8     Qt5Core:Qt5Core.dll
 0002:000000dc       __imp_?detach_grow@QListData@@QAEPAUData@1@PAHH@Z 100070dc     Qt5Core:Qt5Core.dll
 0002:000000e0       __imp_?dispose@QListData@@SAXPAUData@1@@Z 100070e0     Qt5Core:Qt5Core.dll
 0002:000000e4       __imp_?append@QListData@@QAEPAPAXXZ 100070e4     Qt5Core:Qt5Core.dll
 0002:000000e8       __imp_?begin@QListData@@QBEPAPAXXZ 100070e8     Qt5Core:Qt5Core.dll
 0002:000000ec       __imp_?end@QListData@@QBEPAPAXXZ 100070ec     Qt5Core:Qt5Core.dll
 0002:000000f0       __imp_??0QObject@@QAE@PAV0@@Z 100070f0     Qt5Core:Qt5Core.dll
 0002:000000f4       __imp_??1QObject@@UAE@XZ   100070f4     Qt5Core:Qt5Core.dll
 0002:000000f8       __imp_?moveToThread@QObject@@QAEXPAVQThread@@@Z 100070f8     Qt5Core:Qt5Core.dll
 0002:000000fc       __imp_?deleteLater@QObject@@QAEXXZ 100070fc     Qt5Core:Qt5Core.dll
 0002:00000100       __imp_?connectImpl@QObject@@CA?AVConnection@QMetaObject@@PBV1@PAPAX01PAVQSlotObjectBase@QtPrivate@@W4ConnectionType@Qt@@PBHPBU3@@Z 10007100     Qt5Core:Qt5Core.dll
 0002:00000104       __imp_??0QThread@@QAE@PAVQObject@@@Z 10007104     Qt5Core:Qt5Core.dll
 0002:00000108       __imp_??1QThread@@UAE@XZ   10007108     Qt5Core:Qt5Core.dll
 0002:0000010c       __imp_?isRunning@QThread@@QBE_NXZ 1000710c     Qt5Core:Qt5Core.dll
 0002:00000110       __imp_??8QString@@QBE_NPBD@Z 10007110     Qt5Core:Qt5Core.dll
 0002:00000114       __imp_?quit@QThread@@QAEXXZ 10007114     Qt5Core:Qt5Core.dll
 0002:00000118       __imp_?wait@QThread@@QAE_NK@Z 10007118     Qt5Core:Qt5Core.dll
 0002:0000011c       __imp_?msleep@QThread@@SAXK@Z 1000711c     Qt5Core:Qt5Core.dll
 0002:00000120       __imp_?finished@QThread@@QAEXUQPrivateSignal@1@@Z 10007120     Qt5Core:Qt5Core.dll
 0002:00000124       __imp_?isOpen@QIODevice@@QBE_NXZ 10007124     Qt5Core:Qt5Core.dll
 0002:00000128       __imp_?readAll@QIODevice@@QAE?AVQByteArray@@XZ 10007128     Qt5Core:Qt5Core.dll
 0002:0000012c       __imp_?hex@@YAAAVQTextStream@@AAV1@@Z 1000712c     Qt5Core:Qt5Core.dll
 0002:00000130       __imp_??1QDebug@@QAE@XZ    10007130     Qt5Core:Qt5Core.dll
 0002:00000134       __imp_??6QDebug@@QAEAAV0@H@Z 10007134     Qt5Core:Qt5Core.dll
 0002:00000138       __imp_??6QDebug@@QAEAAV0@PBD@Z 10007138     Qt5Core:Qt5Core.dll
 0002:0000013c       __imp_??6QDebug@@QAEAAV0@ABVQByteArray@@@Z 1000713c     Qt5Core:Qt5Core.dll
 0002:00000140       __imp_??6QDebug@@QAEAAV0@P6AAAVQTextStream@@AAV1@@Z@Z 10007140     Qt5Core:Qt5Core.dll
 0002:00000144       __imp_??0QEvent@@QAE@W4Type@0@@Z 10007144     Qt5Core:Qt5Core.dll
 0002:00000148       __imp_??1QEvent@@UAE@XZ    10007148     Qt5Core:Qt5Core.dll
 0002:0000014c       __imp_??1QJsonDocument@@QAE@XZ 1000714c     Qt5Core:Qt5Core.dll
 0002:00000150       __imp_?fromJson@QJsonDocument@@SA?AV1@ABVQByteArray@@PAUQJsonParseError@@@Z 10007150     Qt5Core:Qt5Core.dll
 0002:00000154       __imp_?object@QJsonDocument@@QBE?AVQJsonObject@@XZ 10007154     Qt5Core:Qt5Core.dll
 0002:00000158       __imp_??1QJsonArray@@QAE@XZ 10007158     Qt5Core:Qt5Core.dll
 0002:0000015c       __imp_?size@QJsonArray@@QBEHXZ 1000715c     Qt5Core:Qt5Core.dll
 0002:00000160       __imp_??AQJsonArray@@QAE?AVQJsonValueRef@@H@Z 10007160     Qt5Core:Qt5Core.dll
 0002:00000164       __imp_?start@QElapsedTimer@@QAEXXZ 10007164     Qt5Core:Qt5Core.dll
 0002:00000168       __imp_?restart@QElapsedTimer@@QAE_JXZ 10007168     Qt5Core:Qt5Core.dll
 0002:0000016c       __imp_?elapsed@QElapsedTimer@@QBE_JXZ 1000716c     Qt5Core:Qt5Core.dll
 0002:00000170       __imp_?close@QFileDevice@@UAEXXZ 10007170     Qt5Core:Qt5Core.dll
 0002:00000174       __imp_??0QFile@@QAE@ABVQString@@@Z 10007174     Qt5Core:Qt5Core.dll
 0002:00000178       __imp_??1QFile@@UAE@XZ     10007178     Qt5Core:Qt5Core.dll
 0002:0000017c       __imp_?open@QFile@@UAE_NV?$QFlags@W4OpenModeFlag@QIODevice@@@@@Z 1000717c     Qt5Core:Qt5Core.dll
 0002:00000180       __imp_?postEvent@QCoreApplication@@SAXPAVQObject@@PAVQEvent@@H@Z 10007180     Qt5Core:Qt5Core.dll
 0002:00000184       __imp_?childEvent@QObject@@MAEXPAVQChildEvent@@@Z 10007184     Qt5Core:Qt5Core.dll
 0002:00000188       __imp_?connectNotify@QObject@@MAEXABVQMetaMethod@@@Z 10007188     Qt5Core:Qt5Core.dll
 0002:0000018c       __imp_?customEvent@QObject@@MAEXPAVQEvent@@@Z 1000718c     Qt5Core:Qt5Core.dll
 0002:00000190       __imp_?disconnectNotify@QObject@@MAEXABVQMetaMethod@@@Z 10007190     Qt5Core:Qt5Core.dll
 0002:00000194       __imp_?event@QObject@@UAE_NPAVQEvent@@@Z 10007194     Qt5Core:Qt5Core.dll
 0002:00000198       __imp_?eventFilter@QObject@@UAE_NPAV1@PAVQEvent@@@Z 10007198     Qt5Core:Qt5Core.dll
 0002:0000019c       __imp_?timerEvent@QObject@@MAEXPAVQTimerEvent@@@Z 1000719c     Qt5Core:Qt5Core.dll
 0002:000001a0       __imp_?shared_null@QListData@@2UData@1@B 100071a0     Qt5Core:Qt5Core.dll
 0002:000001a4       __imp_?staticMetaObject@QThread@@2UQMetaObject@@B 100071a4     Qt5Core:Qt5Core.dll
 0002:000001a8       __imp_?self@QCoreApplication@@0PAV1@A 100071a8     Qt5Core:Qt5Core.dll
 0002:000001ac       __imp_?staticMetaObject@QObject@@2UQMetaObject@@B 100071ac     Qt5Core:Qt5Core.dll
 0002:000001b0       __imp_?activate@QMetaObject@@SAXPAVQObject@@PBU1@HPAPAX@Z 100071b0     Qt5Core:Qt5Core.dll
 0002:000001b4       __imp_?dynamicMetaObject@QObjectData@@QBEPAUQMetaObject@@XZ 100071b4     Qt5Core:Qt5Core.dll
 0002:000001b8       __imp_?qt_metacast@QObject@@UAEPAXPBD@Z 100071b8     Qt5Core:Qt5Core.dll
 0002:000001bc       __imp_?qt_metacall@QObject@@UAEHW4Call@QMetaObject@@HPAPAX@Z 100071bc     Qt5Core:Qt5Core.dll
 0002:000001c0       __imp_??8@YA_NABVQString@@0@Z 100071c0     Qt5Core:Qt5Core.dll
 0002:000001c4       __imp_?toInt@QString@@QBEHPA_NH@Z 100071c4     Qt5Core:Qt5Core.dll
 0002:000001c8       __imp_?right@QString@@QBE?AV1@H@Z 100071c8     Qt5Core:Qt5Core.dll
 0002:000001cc       __imp_?at@QString@@QBE?BVQChar@@H@Z 100071cc     Qt5Core:Qt5Core.dll
 0002:000001d0       __imp_??4QString@@QAEAAV0@ABV0@@Z 100071d0     Qt5Core:Qt5Core.dll
 0002:000001d4       __imp_??1QString@@QAE@XZ   100071d4     Qt5Core:Qt5Core.dll
 0002:000001d8       __imp_??0QString@@QAE@ABV0@@Z 100071d8     Qt5Core:Qt5Core.dll
 0002:000001dc       __imp_??0QString@@QAE@XZ   100071dc     Qt5Core:Qt5Core.dll
 0002:000001e0       __imp_?remove@QByteArray@@QAEAAV1@HH@Z 100071e0     Qt5Core:Qt5Core.dll
 0002:000001e4       __imp_?append@QByteArray@@QAEAAV1@ABV1@@Z 100071e4     Qt5Core:Qt5Core.dll
 0002:000001e8       __imp_?right@QByteArray@@QBE?AV1@H@Z 100071e8     Qt5Core:Qt5Core.dll
 0002:000001ec       __imp_?left@QByteArray@@QBE?AV1@H@Z 100071ec     Qt5Core:Qt5Core.dll
 0002:000001f0       __imp_?data@QByteArray@@QBEPBDXZ 100071f0     Qt5Core:Qt5Core.dll
 0002:000001f4       __imp_?data@QByteArray@@QAEPADXZ 100071f4     Qt5Core:Qt5Core.dll
 0002:000001f8       __imp_??4QByteArray@@QAEAAV0@$$QAV0@@Z 100071f8     Qt5Core:Qt5Core.dll
 0002:000001fc       __imp_??1QByteArray@@QAE@XZ 100071fc     Qt5Core:Qt5Core.dll
 0002:00000200       __imp_??0QByteArray@@QAE@ABV0@@Z 10007200     Qt5Core:Qt5Core.dll
 0002:00000204       __imp_??0QByteArray@@QAE@PBDH@Z 10007204     Qt5Core:Qt5Core.dll
 0002:00000208       __imp_??0QByteArray@@QAE@XZ 10007208     Qt5Core:Qt5Core.dll
 0002:0000020c       __imp_??0QChar@@QAE@H@Z    1000720c     Qt5Core:Qt5Core.dll
 0002:00000210       __imp_?debug@QMessageLogger@@QBE?AVQDebug@@XZ 10007210     Qt5Core:Qt5Core.dll
 0002:00000214       __imp_?warning@QMessageLogger@@QBAXPBDZZ 10007214     Qt5Core:Qt5Core.dll
 0002:00000218       __imp_??0QMessageLogger@@QAE@PBDH0@Z 10007218     Qt5Core:Qt5Core.dll
 0002:0000021c       __imp_?start@QThread@@QAEXW4Priority@1@@Z 1000721c     Qt5Core:Qt5Core.dll
 0002:00000220       \177Qt5Core_NULL_THUNK_DATA 10007220     Qt5Core:Qt5Core.dll
 0002:00000224       __imp____std_terminate     10007224     vcruntime:VCRUNTIME140.dll
 0002:00000228       __imp___CxxThrowException@8 10007228     vcruntime:VCRUNTIME140.dll
 0002:0000022c       __imp____CxxFrameHandler3  1000722c     vcruntime:VCRUNTIME140.dll
 0002:00000230       __imp____vcrt_InitializeCriticalSectionEx 10007230     vcruntime:VCRUNTIME140.dll
 0002:00000234       __imp___except_handler4_common 10007234     vcruntime:VCRUNTIME140.dll
 0002:00000238       __imp____std_exception_copy 10007238     vcruntime:VCRUNTIME140.dll
 0002:0000023c       __imp____std_exception_destroy 1000723c     vcruntime:VCRUNTIME140.dll
 0002:00000240       __imp__memset              10007240     vcruntime:VCRUNTIME140.dll
 0002:00000244       __imp____std_type_info_destroy_list 10007244     vcruntime:VCRUNTIME140.dll
 0002:00000248       \177VCRUNTIME140_NULL_THUNK_DATA 10007248     vcruntime:VCRUNTIME140.dll
 0002:0000024c       __imp__free                1000724c     ucrt:api-ms-win-crt-heap-l1-1-0.dll
 0002:00000250       __imp___callnewh           10007250     ucrt:api-ms-win-crt-heap-l1-1-0.dll
 0002:00000254       __imp__malloc              10007254     ucrt:api-ms-win-crt-heap-l1-1-0.dll
 0002:00000258       \177api-ms-win-crt-heap-l1-1-0_NULL_THUNK_DATA 10007258     ucrt:api-ms-win-crt-heap-l1-1-0.dll
 0002:0000025c       __imp___initterm_e         1000725c     ucrt:api-ms-win-crt-runtime-l1-1-0.dll
 0002:00000260       __imp__terminate           10007260     ucrt:api-ms-win-crt-runtime-l1-1-0.dll
 0002:00000264       __imp___seh_filter_dll     10007264     ucrt:api-ms-win-crt-runtime-l1-1-0.dll
 0002:00000268       __imp___configure_narrow_argv 10007268     ucrt:api-ms-win-crt-runtime-l1-1-0.dll
 0002:0000026c       __imp___initialize_narrow_environment 1000726c     ucrt:api-ms-win-crt-runtime-l1-1-0.dll
 0002:00000270       __imp___initialize_onexit_table 10007270     ucrt:api-ms-win-crt-runtime-l1-1-0.dll
 0002:00000274       __imp___register_onexit_function 10007274     ucrt:api-ms-win-crt-runtime-l1-1-0.dll
 0002:00000278       __imp___execute_onexit_table 10007278     ucrt:api-ms-win-crt-runtime-l1-1-0.dll
 0002:0000027c       __imp___crt_atexit         1000727c     ucrt:api-ms-win-crt-runtime-l1-1-0.dll
 0002:00000280       __imp___cexit              10007280     ucrt:api-ms-win-crt-runtime-l1-1-0.dll
 0002:00000284       __imp___initterm           10007284     ucrt:api-ms-win-crt-runtime-l1-1-0.dll
 0002:00000288       \177api-ms-win-crt-runtime-l1-1-0_NULL_THUNK_DATA 10007288     ucrt:api-ms-win-crt-runtime-l1-1-0.dll
 0002:0000028c       ___guard_check_icall_fptr  1000728c     MSVCRT:guard_support.obj
 0002:00000290       ___xc_a                    10007290     MSVCRT:initializers.obj
 0002:0000029c       ___xc_z                    1000729c     MSVCRT:initializers.obj
 0002:000002a0       ___xi_a                    100072a0     MSVCRT:initializers.obj
 0002:000002a8       ___xi_z                    100072a8     MSVCRT:initializers.obj
 0002:000002ac       ___xl_a                    100072ac     MSVCRT:tlssup.obj
 0002:000002b0       ___xl_z                    100072b0     MSVCRT:tlssup.obj
 0002:000002b4       ___xp_a                    100072b4     MSVCRT:initializers.obj
 0002:000002b8       ___xp_z                    100072b8     MSVCRT:initializers.obj
 0002:000002bc       ___xt_a                    100072bc     MSVCRT:initializers.obj
 0002:000002c0       ___xt_z                    100072c0     MSVCRT:initializers.obj
 0002:000002d0       ??_C@_00CNPNBAHC@?$AA@     100072d0     workflowprotocol.obj
 0002:000002d8       ??_7SubThreadWorker@@6B@   100072d8     workflowprotocol.obj
 0002:00000308       ??_7WorkflowController@@6B@ 10007308     workflowprotocol.obj
 0002:00000338       ??_7StatusChangeEvent@@6B@ 10007338     workflowprotocol.obj
 0002:00000340       ??_7RunningStateChangeEvent@@6B@ 10007340     workflowprotocol.obj
 0002:00000344       ??_C@_0BL@HDECHFNK@Couldn?8t?5open?5config?5file?4?$AA@ 10007344     workflowprotocol.obj
 0002:00000360       ??_C@_08NAKOFPNG@Protocol?$AA@ 10007360     workflowprotocol.obj
 0002:0000036c       ??_C@_0M@NNEGCPOA@send?5buffer?$AA@ 1000736c     workflowprotocol.obj
 0002:00000378       ??_C@_09BOOHIMDB@operation?$AA@ 10007378     workflowprotocol.obj
 0002:00000384       ??_C@_04PJOLNDGD@data?$AA@ 10007384     workflowprotocol.obj
 0002:0000038c       ??_C@_06JMGHNNK@params?$AA@ 1000738c     workflowprotocol.obj
 0002:00000394       ??_C@_09NKOPJPKG@byte?5size?$AA@ 10007394     workflowprotocol.obj
 0002:000003a0       ??_C@_08IBBDGPOF@sequence?$AA@ 100073a0     workflowprotocol.obj
 0002:000003ac       ??_C@_09MOEBNLDL@ackResult?$AA@ 100073ac     workflowprotocol.obj
 0002:000003b8       ??_C@_0BI@LHNHBKK@recv?5head?5code?5error?5?$CFd?$AA@ 100073b8     workflowprotocol.obj
 0002:000003d0       ??_C@_0BK@JEOIEKEG@recv?5length?5code?5error?5?$CFd?$AA@ 100073d0     workflowprotocol.obj
 0002:000003ec       ??_C@_0P@HBMDFJEL@maxReceiveTime?$AA@ 100073ec     workflowprotocol.obj
 0002:000003fc       ??_C@_0L@FFNCMNID@operations?$AA@ 100073fc     workflowprotocol.obj
 0002:00000408       ??_C@_0L@KCLLKANI@startIndex?$AA@ 10007408     workflowprotocol.obj
 0002:00000414       ??_C@_09OKOOLBCO@WaitArray?$AA@ 10007414     workflowprotocol.obj
 0002:00000420       ??_C@_04KLCPKPBE@Loop?$AA@ 10007420     workflowprotocol.obj
 0002:00000428       ??_C@_07CBLODBBN@EndLoop?$AA@ 10007428     workflowprotocol.obj
 0002:00000430       ??_C@_08OAGMDKAF@position?$AA@ 10007430     workflowprotocol.obj
 0002:0000043c       ??_C@_04MIIPNNEF@send?$AA@ 1000743c     workflowprotocol.obj
 0002:00000444       ??_C@_03JBLJHHJA@ack?$AA@  10007444     workflowprotocol.obj
 0002:00000448       ??_C@_0BB@FNMNOOKH@newOperationItem?$AA@ 10007448     workflowprotocol.obj
 0002:0000045c       ??_C@_0P@LBPHMCAN@logicalCommand?$AA@ 1000745c     workflowprotocol.obj
 0002:0000046c       ??_C@_09KFLDLCPO@waitArray?$AA@ 1000746c     workflowprotocol.obj
 0002:00000478       ??_C@_08DNGBEGEF@waitting?$AA@ 10007478     workflowprotocol.obj
 0002:00000484       ??_C@_09HGICMNBG@loopCount?$AA@ 10007484     workflowprotocol.obj
 0002:00000490       ??_C@_0BA@EAIKJHPJ@remainLoopCount?$AA@ 10007490     workflowprotocol.obj
 0002:000004a0       ??_C@_08MMNALFJK@waitTime?$AA@ 100074a0     workflowprotocol.obj
 0002:000004ac       ??_C@_0L@KLGDOJIH@cycleCount?$AA@ 100074ac     workflowprotocol.obj
 0002:000004b8       ??_C@_0O@IBBMKKDB@client?5write?5?$AA@ 100074b8     workflowprotocol.obj
 0002:000004c8       ??_C@_06LCIDCBMH@?5bytes?$AA@ 100074c8     workflowprotocol.obj
 0002:000004d0       ??_C@_08LGEOGOAO@recv?5ack?$AA@ 100074d0     workflowprotocol.obj
 0002:000004dc       ??_C@_0BH@JPFKMKFK@worker?5thread?5is?5dead?4?$AA@ 100074dc     workflowprotocol.obj
 0002:0000097c       ??_C@_1BK@MGMFAEKH@?$AAk?$AAe?$AAr?$AAn?$AAe?$AAl?$AA3?$AA2?$AA?4?$AAd?$AAl?$AAl?$AA?$AA@ 1000797c     MSVCRT:thread_safe_statics.obj
 0002:00000998       ??_C@_0BM@HLJJNPAH@InitializeConditionVariable?$AA@ 10007998     MSVCRT:thread_safe_statics.obj
 0002:000009b4       ??_C@_0BJ@JEBJOJFJ@SleepConditionVariableCS?$AA@ 100079b4     MSVCRT:thread_safe_statics.obj
 0002:000009d0       ??_C@_0BJ@PGPPEPCC@WakeAllConditionVariable?$AA@ 100079d0     MSVCRT:thread_safe_statics.obj
 0002:000009f0       ??_7type_info@@6B@         100079f0     MSVCRT:std_type_info_static.obj
 0002:000009f4       __pRawDllMain              100079f4     MSVCRT:dll_dllmain.obj
 0002:000009f4       __pDefaultRawDllMain       100079f4     MSVCRT:dll_dllmain.obj
 0002:000009fc       ??_7exception@std@@6B@     100079fc     MSVCRT:throw_bad_alloc.obj
 0002:00000a04       ??_C@_0BC@EOODALEL@Unknown?5exception?$AA@ 10007a04     MSVCRT:throw_bad_alloc.obj
 0002:00000a1c       ??_7bad_alloc@std@@6B@     10007a1c     MSVCRT:throw_bad_alloc.obj
 0002:00000a24       ??_C@_0P@GHFPNOJB@bad?5allocation?$AA@ 10007a24     MSVCRT:throw_bad_alloc.obj
 0002:00000a38       ??_7bad_array_new_length@std@@6B@ 10007a38     MSVCRT:throw_bad_alloc.obj
 0002:00000a40       ??_C@_0BF@KINCDENJ@bad?5array?5new?5length?$AA@ 10007a40     MSVCRT:throw_bad_alloc.obj
 0002:00000ab8       __load_config_used         10007ab8     MSVCRT:loadcfg.obj
 0002:00000b14       __tls_used                 10007b14     MSVCRT:tlssup.obj
 0002:00000b2c       ??_R4SubThreadWorker@@6B@  10007b2c     workflowprotocol.obj
 0002:00000b40       ??_R3SubThreadWorker@@8    10007b40     workflowprotocol.obj
 0002:00000b50       ??_R2SubThreadWorker@@8    10007b50     workflowprotocol.obj
 0002:00000b5c       ??_R1A@?0A@EA@SubThreadWorker@@8 10007b5c     workflowprotocol.obj
 0002:00000b78       ??_R1A@?0A@EA@QObject@@8   10007b78     workflowprotocol.obj
 0002:00000b94       ??_R3QObject@@8            10007b94     workflowprotocol.obj
 0002:00000ba4       ??_R2QObject@@8            10007ba4     workflowprotocol.obj
 0002:00000bac       ??_R4WorkflowController@@6B@ 10007bac     workflowprotocol.obj
 0002:00000bc0       ??_R3WorkflowController@@8 10007bc0     workflowprotocol.obj
 0002:00000bd0       ??_R2WorkflowController@@8 10007bd0     workflowprotocol.obj
 0002:00000bdc       ??_R1A@?0A@EA@WorkflowController@@8 10007bdc     workflowprotocol.obj
 0002:00000bf8       ??_R4StatusChangeEvent@@6B@ 10007bf8     workflowprotocol.obj
 0002:00000c0c       ??_R3StatusChangeEvent@@8  10007c0c     workflowprotocol.obj
 0002:00000c1c       ??_R2StatusChangeEvent@@8  10007c1c     workflowprotocol.obj
 0002:00000c28       ??_R1A@?0A@EA@StatusChangeEvent@@8 10007c28     workflowprotocol.obj
 0002:00000c44       ??_R1A@?0A@EA@QEvent@@8    10007c44     workflowprotocol.obj
 0002:00000c60       ??_R3QEvent@@8             10007c60     workflowprotocol.obj
 0002:00000c70       ??_R2QEvent@@8             10007c70     workflowprotocol.obj
 0002:00000c78       ??_R4RunningStateChangeEvent@@6B@ 10007c78     workflowprotocol.obj
 0002:00000c8c       ??_R3RunningStateChangeEvent@@8 10007c8c     workflowprotocol.obj
 0002:00000c9c       ??_R2RunningStateChangeEvent@@8 10007c9c     workflowprotocol.obj
 0002:00000ca8       ??_R1A@?0A@EA@RunningStateChangeEvent@@8 10007ca8     workflowprotocol.obj
 0002:00000cc4       ??_R4type_info@@6B@        10007cc4     MSVCRT:std_type_info_static.obj
 0002:00000cd8       ??_R3type_info@@8          10007cd8     MSVCRT:std_type_info_static.obj
 0002:00000ce8       ??_R2type_info@@8          10007ce8     MSVCRT:std_type_info_static.obj
 0002:00000cf0       ??_R1A@?0A@EA@type_info@@8 10007cf0     MSVCRT:std_type_info_static.obj
 0002:00000d0c       ??_R4exception@std@@6B@    10007d0c     MSVCRT:throw_bad_alloc.obj
 0002:00000d20       ??_R3exception@std@@8      10007d20     MSVCRT:throw_bad_alloc.obj
 0002:00000d30       ??_R2exception@std@@8      10007d30     MSVCRT:throw_bad_alloc.obj
 0002:00000d38       ??_R1A@?0A@EA@exception@std@@8 10007d38     MSVCRT:throw_bad_alloc.obj
 0002:00000d54       ??_R4bad_alloc@std@@6B@    10007d54     MSVCRT:throw_bad_alloc.obj
 0002:00000d68       ??_R3bad_alloc@std@@8      10007d68     MSVCRT:throw_bad_alloc.obj
 0002:00000d78       ??_R2bad_alloc@std@@8      10007d78     MSVCRT:throw_bad_alloc.obj
 0002:00000d84       ??_R1A@?0A@EA@bad_alloc@std@@8 10007d84     MSVCRT:throw_bad_alloc.obj
 0002:00000da0       ??_R4bad_array_new_length@std@@6B@ 10007da0     MSVCRT:throw_bad_alloc.obj
 0002:00000db4       ??_R3bad_array_new_length@std@@8 10007db4     MSVCRT:throw_bad_alloc.obj
 0002:00000dc4       ??_R2bad_array_new_length@std@@8 10007dc4     MSVCRT:throw_bad_alloc.obj
 0002:00000dd4       ??_R1A@?0A@EA@bad_array_new_length@std@@8 10007dd4     MSVCRT:throw_bad_alloc.obj
 0002:00000df0       ___safe_se_handler_table   10007df0     <linker-defined>
 0002:00001200       ___rtc_iaa                 10008200     MSVCRT:_initsect_.obj
 0002:00001204       ___rtc_izz                 10008204     MSVCRT:_initsect_.obj
 0002:00001208       ___rtc_taa                 10008208     MSVCRT:_initsect_.obj
 0002:0000120c       ___rtc_tzz                 1000820c     MSVCRT:_initsect_.obj
 0002:00001bbc       __TI2?AVbad_alloc@std@@    10008bbc     MSVCRT:throw_bad_alloc.obj
 0002:00001bcc       __CTA2?AVbad_alloc@std@@   10008bcc     MSVCRT:throw_bad_alloc.obj
 0002:00001bd8       __CT??_R0?AVbad_alloc@std@@@8??0bad_alloc@std@@QAE@ABV01@@Z12 10008bd8     MSVCRT:throw_bad_alloc.obj
 0002:00001bf4       __CT??_R0?AVexception@std@@@8??0exception@std@@QAE@ABV01@@Z12 10008bf4     MSVCRT:throw_bad_alloc.obj
 0002:00001c10       __TI3?AVbad_array_new_length@std@@ 10008c10     MSVCRT:throw_bad_alloc.obj
 0002:00001c20       __CTA3?AVbad_array_new_length@std@@ 10008c20     MSVCRT:throw_bad_alloc.obj
 0002:00001c30       __CT??_R0?AVbad_array_new_length@std@@@8??0bad_array_new_length@std@@QAE@ABV01@@Z12 10008c30     MSVCRT:throw_bad_alloc.obj
 0002:00002448       __IMPORT_DESCRIPTOR_Communication 10009448     Communication:Communication.dll
 0002:0000245c       __IMPORT_DESCRIPTOR_Qt5Core 1000945c     Qt5Core:Qt5Core.dll
 0002:00002470       __IMPORT_DESCRIPTOR_KERNEL32 10009470     kernel32:KERNEL32.dll
 0002:00002484       __IMPORT_DESCRIPTOR_VCRUNTIME140 10009484     vcruntime:VCRUNTIME140.dll
 0002:00002498       __IMPORT_DESCRIPTOR_api-ms-win-crt-runtime-l1-1-0 10009498     ucrt:api-ms-win-crt-runtime-l1-1-0.dll
 0002:000024ac       __IMPORT_DESCRIPTOR_api-ms-win-crt-heap-l1-1-0 100094ac     ucrt:api-ms-win-crt-heap-l1-1-0.dll
 0002:000024c0       __NULL_IMPORT_DESCRIPTOR   100094c0     Communication:Communication.dll
 0003:00000000       ?staticMetaObject@SubThreadWorker@@2UQMetaObject@@B 1000b000     moc_workflowprotocol.obj
 0003:00000018       ?staticMetaObject@WorkflowController@@2UQMetaObject@@B 1000b018     moc_workflowprotocol.obj
 0003:00000030       __Init_global_epoch        1000b030     MSVCRT:thread_safe_statics.obj
 0003:00000034       ___security_cookie_complement 1000b034     MSVCRT:gs_cookie.obj
 0003:00000038       ___security_cookie         1000b038     MSVCRT:gs_cookie.obj
 0003:00000040       ___scrt_native_dllmain_reason 1000b040     MSVCRT:utility.obj
 0003:00000044       ___isa_enabled             1000b044     MSVCRT:_cpu_disp_.obj
 0003:00000048       ___scrt_ucrt_dll_is_in_use 1000b048     MSVCRT:ucrt_stubs.obj
 0003:0000004c       ??_R0?AVSubThreadWorker@@@8 1000b04c     workflowprotocol.obj
 0003:0000006c       ??_R0?AVQObject@@@8        1000b06c     workflowprotocol.obj
 0003:00000084       ??_R0?AVWorkflowController@@@8 1000b084     workflowprotocol.obj
 0003:000000a8       ??_R0?AVStatusChangeEvent@@@8 1000b0a8     workflowprotocol.obj
 0003:000000c8       ??_R0?AVQEvent@@@8         1000b0c8     workflowprotocol.obj
 0003:000000e0       ??_R0?AVRunningStateChangeEvent@@@8 1000b0e0     workflowprotocol.obj
 0003:00000108       ??_R0?AVtype_info@@@8      1000b108     MSVCRT:std_type_info_static.obj
 0003:00000120       ??_R0?AVbad_alloc@std@@@8  1000b120     MSVCRT:throw_bad_alloc.obj
 0003:0000013c       ??_R0?AVexception@std@@@8  1000b13c     MSVCRT:throw_bad_alloc.obj
 0003:00000158       ??_R0?AVbad_array_new_length@std@@@8 1000b158     MSVCRT:throw_bad_alloc.obj
 0003:00000180       ?t@?1??types@?$ConnectionTypes@U?$List@_NH@QtPrivate@@$00@QtPrivate@@SAPBHXZ@4QBHB 1000b180     workflowprotocol.obj
 0003:0000018c       ?$TSS0@?1??types@?$ConnectionTypes@U?$List@_NH@QtPrivate@@$00@QtPrivate@@SAPBHXZ@4HA 1000b18c     workflowprotocol.obj
 0003:00000190       ?t@?1??types@?$ConnectionTypes@U?$List@ABVQString@@@QtPrivate@@$00@QtPrivate@@SAPBHXZ@4QBHB 1000b190     workflowprotocol.obj
 0003:00000198       ?$TSS0@?1??types@?$ConnectionTypes@U?$List@ABVQString@@@QtPrivate@@$00@QtPrivate@@SAPBHXZ@4HA 1000b198     workflowprotocol.obj
 0003:0000019c       ?t@?1??types@?$ConnectionTypes@U?$List@ABVQString@@G@QtPrivate@@$00@QtPrivate@@SAPBHXZ@4QBHB 1000b19c     workflowprotocol.obj
 0003:000001a8       ?$TSS0@?1??types@?$ConnectionTypes@U?$List@ABVQString@@G@QtPrivate@@$00@QtPrivate@@SAPBHXZ@4HA 1000b1a8     workflowprotocol.obj
 0003:000001ac       ?t@?1??types@?$ConnectionTypes@U?$List@ABVQJsonObject@@@QtPrivate@@$00@QtPrivate@@SAPBHXZ@4QBHB 1000b1ac     workflowprotocol.obj
 0003:000001b4       ?$TSS0@?1??types@?$ConnectionTypes@U?$List@ABVQJsonObject@@@QtPrivate@@$00@QtPrivate@@SAPBHXZ@4HA 1000b1b4     workflowprotocol.obj
 0003:000001e0       __tls_index                1000b1e0     MSVCRT:tlssup.obj
 0003:000001e8       ___scrt_current_native_startup_state 1000b1e8     MSVCRT:utility.obj
 0003:000001ec       ___scrt_native_startup_lock 1000b1ec     MSVCRT:utility.obj
 0003:0000020c       ___scrt_debugger_hook_flag 1000b20c     MSVCRT:utility_desktop.obj
 0003:00000530       ?__type_info_root_node@@3U__type_info_node@@A 1000b530     MSVCRT:tncleanup.obj
 0003:00000538       ?_OptionsStorage@?1??__local_stdio_printf_options@@9@4_KA 1000b538     MSVCRT:default_local_stdio_options.obj
 0003:00000540       ?_OptionsStorage@?1??__local_stdio_scanf_options@@9@4_KA 1000b540     MSVCRT:default_local_stdio_options.obj
 0003:00000548       ___isa_available           1000b548     MSVCRT:_cpu_disp_.obj
 0003:0000054c       ___favor                   1000b54c     MSVCRT:_cpu_disp_.obj
 0003:00000550       ___dyn_tls_init_callback   1000b550     <common>
 0004:00000000       __tls_start                1000c000     MSVCRT:tlssup.obj
 0004:00000004       __Init_thread_epoch        1000c004     MSVCRT:thread_safe_statics.obj
 0004:00000008       __tls_end                  1000c008     MSVCRT:tlssup.obj

 entry point at        0001:00004164

 Static symbols

 0000:ffff0000       .debug$S                   10000000     Qt5Core:Qt5Core.dll
 0000:ffff0000       .debug$S                   10000000     kernel32:KERNEL32.dll
 0000:ffff0000       .debug$S                   10000000     WorkflowProtocol.exp
 0000:ffff0000       .debug$S                   10000000     kernel32:KERNEL32.dll
 0000:ffff0000       .debug$S                   10000000     kernel32:KERNEL32.dll
 0000:ffff0000       .debug$S                   10000000     kernel32:KERNEL32.dll
 0000:ffff0000       .debug$S                   10000000     kernel32:KERNEL32.dll
 0000:ffff0000       .debug$S                   10000000     kernel32:KERNEL32.dll
 0000:ffff0000       .debug$S                   10000000     kernel32:KERNEL32.dll
 0000:ffff0000       .debug$S                   10000000     kernel32:KERNEL32.dll
 0000:ffff0000       .debug$S                   10000000     kernel32:KERNEL32.dll
 0000:ffff0000       .debug$S                   10000000     kernel32:KERNEL32.dll
 0000:ffff0000       .debug$S                   10000000     kernel32:KERNEL32.dll
 0000:ffff0000       .debug$S                   10000000     kernel32:KERNEL32.dll
 0000:ffff0000       .debug$S                   10000000     kernel32:KERNEL32.dll
 0000:ffff0000       .debug$S                   10000000     kernel32:KERNEL32.dll
 0000:ffff0000       .debug$S                   10000000     kernel32:KERNEL32.dll
 0000:ffff0000       .debug$S                   10000000     kernel32:KERNEL32.dll
 0000:ffff0000       .debug$S                   10000000     kernel32:KERNEL32.dll
 0000:ffff0000       .debug$S                   10000000     kernel32:KERNEL32.dll
 0000:ffff0000       .debug$S                   10000000     kernel32:KERNEL32.dll
 0000:ffff0000       .debug$S                   10000000     kernel32:KERNEL32.dll
 0000:ffff0000       .debug$S                   10000000     kernel32:KERNEL32.dll
 0000:ffff0000       .debug$S                   10000000     kernel32:KERNEL32.dll
 0000:ffff0000       .debug$S                   10000000     kernel32:KERNEL32.dll
 0000:ffff0000       .debug$S                   10000000     vcruntime:VCRUNTIME140.dll
 0000:ffff0000       .debug$S                   10000000     Qt5Core:Qt5Core.dll
 0000:ffff0000       .debug$S                   10000000     vcruntime:VCRUNTIME140.dll
 0000:ffff0000       .debug$S                   10000000     vcruntime:VCRUNTIME140.dll
 0000:ffff0000       .debug$S                   10000000     vcruntime:VCRUNTIME140.dll
 0000:ffff0000       .debug$S                   10000000     vcruntime:VCRUNTIME140.dll
 0000:ffff0000       .debug$S                   10000000     Qt5Core:Qt5Core.dll
 0000:ffff0000       .debug$S                   10000000     Qt5Core:Qt5Core.dll
 0000:ffff0000       .debug$S                   10000000     ucrt:api-ms-win-crt-heap-l1-1-0.dll
 0000:ffff0000       .debug$S                   10000000     ucrt:api-ms-win-crt-heap-l1-1-0.dll
 0000:ffff0000       .debug$S                   10000000     ucrt:api-ms-win-crt-heap-l1-1-0.dll
 0000:ffff0000       .debug$S                   10000000     vcruntime:VCRUNTIME140.dll
 0000:ffff0000       .debug$S                   10000000     vcruntime:VCRUNTIME140.dll
 0000:ffff0000       .debug$S                   10000000     vcruntime:VCRUNTIME140.dll
 0000:ffff0000       .debug$S                   10000000     vcruntime:VCRUNTIME140.dll
 0000:ffff0000       .debug$S                   10000000     Qt5Core:Qt5Core.dll
 0000:ffff0000       .debug$S                   10000000     Qt5Core:Qt5Core.dll
 0000:ffff0000       .debug$S                   10000000     Qt5Core:Qt5Core.dll
 0000:ffff0000       .debug$S                   10000000     Qt5Core:Qt5Core.dll
 0000:ffff0000       .debug$S                   10000000     Qt5Core:Qt5Core.dll
 0000:ffff0000       .debug$S                   10000000     ucrt:api-ms-win-crt-runtime-l1-1-0.dll
 0000:ffff0000       .debug$S                   10000000     ucrt:api-ms-win-crt-runtime-l1-1-0.dll
 0000:ffff0000       .debug$S                   10000000     ucrt:api-ms-win-crt-runtime-l1-1-0.dll
 0000:ffff0000       .debug$S                   10000000     Qt5Core:Qt5Core.dll
 0000:ffff0000       .debug$S                   10000000     Qt5Core:Qt5Core.dll
 0000:ffff0000       .debug$S                   10000000     ucrt:api-ms-win-crt-runtime-l1-1-0.dll
 0000:ffff0000       .debug$S                   10000000     ucrt:api-ms-win-crt-runtime-l1-1-0.dll
 0000:ffff0000       .debug$S                   10000000     ucrt:api-ms-win-crt-runtime-l1-1-0.dll
 0000:ffff0000       .debug$S                   10000000     ucrt:api-ms-win-crt-runtime-l1-1-0.dll
 0000:ffff0000       .debug$S                   10000000     ucrt:api-ms-win-crt-runtime-l1-1-0.dll
 0000:ffff0000       .debug$S                   10000000     ucrt:api-ms-win-crt-runtime-l1-1-0.dll
 0000:ffff0000       .debug$S                   10000000     Qt5Core:Qt5Core.dll
 0000:ffff0000       .debug$S                   10000000     ucrt:api-ms-win-crt-runtime-l1-1-0.dll
 0000:ffff0000       .debug$S                   10000000     Qt5Core:Qt5Core.dll
 0000:ffff0000       .debug$S                   10000000     Qt5Core:Qt5Core.dll
 0000:ffff0000       .debug$S                   10000000     Qt5Core:Qt5Core.dll
 0000:ffff0000       .debug$S                   10000000     Qt5Core:Qt5Core.dll
 0000:ffff0000       .debug$S                   10000000     Qt5Core:Qt5Core.dll
 0000:ffff0000       .debug$S                   10000000     Qt5Core:Qt5Core.dll
 0000:ffff0000       .debug$S                   10000000     Qt5Core:Qt5Core.dll
 0000:ffff0000       .debug$S                   10000000     Qt5Core:Qt5Core.dll
 0000:ffff0000       .debug$S                   10000000     Qt5Core:Qt5Core.dll
 0000:ffff0000       .debug$S                   10000000     Qt5Core:Qt5Core.dll
 0000:ffff0000       .debug$S                   10000000     Qt5Core:Qt5Core.dll
 0000:ffff0000       .debug$S                   10000000     Qt5Core:Qt5Core.dll
 0000:ffff0000       .debug$S                   10000000     Qt5Core:Qt5Core.dll
 0000:ffff0000       .debug$S                   10000000     Qt5Core:Qt5Core.dll
 0000:ffff0000       .debug$S                   10000000     Qt5Core:Qt5Core.dll
 0000:ffff0000       .debug$S                   10000000     Qt5Core:Qt5Core.dll
 0000:ffff0000       .debug$S                   10000000     Qt5Core:Qt5Core.dll
 0000:ffff0000       .debug$S                   10000000     Qt5Core:Qt5Core.dll
 0000:ffff0000       .debug$S                   10000000     Qt5Core:Qt5Core.dll
 0000:ffff0000       .debug$S                   10000000     Qt5Core:Qt5Core.dll
 0000:ffff0000       .debug$S                   10000000     Qt5Core:Qt5Core.dll
 0000:ffff0000       .debug$S                   10000000     Qt5Core:Qt5Core.dll
 0000:ffff0000       .debug$S                   10000000     Qt5Core:Qt5Core.dll
 0000:ffff0000       .debug$S                   10000000     Qt5Core:Qt5Core.dll
 0000:ffff0000       .debug$S                   10000000     Qt5Core:Qt5Core.dll
 0000:ffff0000       .debug$S                   10000000     Qt5Core:Qt5Core.dll
 0000:ffff0000       .debug$S                   10000000     Qt5Core:Qt5Core.dll
 0000:ffff0000       .debug$S                   10000000     Qt5Core:Qt5Core.dll
 0000:ffff0000       .debug$S                   10000000     Qt5Core:Qt5Core.dll
 0000:ffff0000       .debug$S                   10000000     Qt5Core:Qt5Core.dll
 0000:ffff0000       .debug$S                   10000000     Qt5Core:Qt5Core.dll
 0000:ffff0000       .debug$S                   10000000     Qt5Core:Qt5Core.dll
 0000:ffff0000       .debug$S                   10000000     Qt5Core:Qt5Core.dll
 0000:ffff0000       .debug$S                   10000000     Qt5Core:Qt5Core.dll
 0000:ffff0000       .debug$S                   10000000     Qt5Core:Qt5Core.dll
 0000:ffff0000       .debug$S                   10000000     Qt5Core:Qt5Core.dll
 0000:ffff0000       .debug$S                   10000000     Qt5Core:Qt5Core.dll
 0000:ffff0000       .debug$S                   10000000     Qt5Core:Qt5Core.dll
 0000:ffff0000       .debug$S                   10000000     Qt5Core:Qt5Core.dll
 0000:ffff0000       .debug$S                   10000000     Qt5Core:Qt5Core.dll
 0000:ffff0000       .debug$S                   10000000     Qt5Core:Qt5Core.dll
 0000:ffff0000       .debug$S                   10000000     Qt5Core:Qt5Core.dll
 0000:ffff0000       .debug$S                   10000000     ucrt:api-ms-win-crt-runtime-l1-1-0.dll
 0000:ffff0000       .debug$S                   10000000     ucrt:api-ms-win-crt-runtime-l1-1-0.dll
 0000:ffff0000       .debug$S                   10000000     Qt5Core:Qt5Core.dll
 0000:ffff0000       .debug$S                   10000000     Qt5Core:Qt5Core.dll
 0000:ffff0000       .debug$S                   10000000     Qt5Core:Qt5Core.dll
 0000:ffff0000       .debug$S                   10000000     Qt5Core:Qt5Core.dll
 0000:ffff0000       .debug$S                   10000000     Qt5Core:Qt5Core.dll
 0000:ffff0000       .debug$S                   10000000     Qt5Core:Qt5Core.dll
 0000:ffff0000       .debug$S                   10000000     Qt5Core:Qt5Core.dll
 0000:ffff0000       .debug$S                   10000000     Qt5Core:Qt5Core.dll
 0000:ffff0000       .debug$S                   10000000     Qt5Core:Qt5Core.dll
 0000:ffff0000       .debug$S                   10000000     Qt5Core:Qt5Core.dll
 0000:ffff0000       .debug$S                   10000000     Qt5Core:Qt5Core.dll
 0000:ffff0000       .debug$S                   10000000     Qt5Core:Qt5Core.dll
 0000:ffff0000       .debug$S                   10000000     Qt5Core:Qt5Core.dll
 0000:ffff0000       .debug$S                   10000000     Qt5Core:Qt5Core.dll
 0000:ffff0000       .debug$S                   10000000     Qt5Core:Qt5Core.dll
 0000:ffff0000       .debug$S                   10000000     Qt5Core:Qt5Core.dll
 0000:ffff0000       .debug$S                   10000000     Qt5Core:Qt5Core.dll
 0000:ffff0000       .debug$S                   10000000     Qt5Core:Qt5Core.dll
 0000:ffff0000       .debug$S                   10000000     Qt5Core:Qt5Core.dll
 0000:ffff0000       .debug$S                   10000000     Qt5Core:Qt5Core.dll
 0000:ffff0000       .debug$S                   10000000     Communication:Communication.dll
 0000:ffff0000       .debug$S                   10000000     Communication:Communication.dll
 0000:ffff0000       .debug$S                   10000000     Communication:Communication.dll
 0000:ffff0000       .debug$S                   10000000     Communication:Communication.dll
 0000:ffff0000       .debug$S                   10000000     Communication:Communication.dll
 0000:ffff0000       .debug$S                   10000000     Communication:Communication.dll
 0000:ffff0000       .debug$S                   10000000     Qt5Core:Qt5Core.dll
 0000:ffff0000       .debug$S                   10000000     Qt5Core:Qt5Core.dll
 0000:ffff0000       .debug$S                   10000000     Qt5Core:Qt5Core.dll
 0000:ffff0000       .debug$S                   10000000     Qt5Core:Qt5Core.dll
 0000:ffff0000       .debug$S                   10000000     Qt5Core:Qt5Core.dll
 0000:ffff0000       .debug$S                   10000000     Qt5Core:Qt5Core.dll
 0000:ffff0000       .debug$S                   10000000     Qt5Core:Qt5Core.dll
 0000:ffff0000       .debug$S                   10000000     Qt5Core:Qt5Core.dll
 0000:ffff0000       .debug$S                   10000000     Qt5Core:Qt5Core.dll
 0000:ffff0000       .debug$S                   10000000     Qt5Core:Qt5Core.dll
 0000:ffff0000       .debug$S                   10000000     Qt5Core:Qt5Core.dll
 0000:ffff0000       .debug$S                   10000000     Qt5Core:Qt5Core.dll
 0000:ffff0000       .debug$S                   10000000     Qt5Core:Qt5Core.dll
 0000:ffff0000       .debug$S                   10000000     Qt5Core:Qt5Core.dll
 0000:ffff0000       .debug$S                   10000000     Qt5Core:Qt5Core.dll
 0000:ffff0000       .debug$S                   10000000     Qt5Core:Qt5Core.dll
 0000:ffff0000       .debug$S                   10000000     Qt5Core:Qt5Core.dll
 0000:ffff0000       .debug$S                   10000000     Qt5Core:Qt5Core.dll
 0000:ffff0000       .debug$S                   10000000     Qt5Core:Qt5Core.dll
 0000:ffff0000       .debug$S                   10000000     Qt5Core:Qt5Core.dll
 0000:ffff0000       .debug$S                   10000000     Qt5Core:Qt5Core.dll
 0000:ffff0000       .debug$S                   10000000     Qt5Core:Qt5Core.dll
 0000:ffff0000       .debug$S                   10000000     Qt5Core:Qt5Core.dll
 0000:ffff0000       .debug$S                   10000000     Qt5Core:Qt5Core.dll
 0000:ffff0000       .debug$S                   10000000     Qt5Core:Qt5Core.dll
 0000:ffff0000       .debug$S                   10000000     Qt5Core:Qt5Core.dll
 0000:ffff0000       .debug$S                   10000000     Qt5Core:Qt5Core.dll
 0000:ffff0000       .debug$S                   10000000     Qt5Core:Qt5Core.dll
 0000:ffff0000       .debug$S                   10000000     Qt5Core:Qt5Core.dll
 0000:ffff0000       .debug$S                   10000000     Qt5Core:Qt5Core.dll
 0000:ffff0000       .debug$S                   10000000     Qt5Core:Qt5Core.dll
 0000:ffff0000       .debug$S                   10000000     Qt5Core:Qt5Core.dll
 0001:00000000       ??__E?staticMetaObject@SubThreadWorker@@2UQMetaObject@@B@@YAXXZ 10001000 f   moc_workflowprotocol.obj
 0001:00000010       ??__E?staticMetaObject@WorkflowController@@2UQMetaObject@@B@@YAXXZ 10001010 f   moc_workflowprotocol.obj
 0001:00000481       __catch$??0?$QList@VQString@@@@QAE@ABV0@@Z$0 10001481 f i workflowprotocol.obj
 0001:00000aab       __catch$?append@?$QList@VQString@@@@QAEXABVQString@@@Z$4 10001aab f i workflowprotocol.obj
 0001:00000c0e       __catch$?detach_helper_grow@?$QList@VQString@@@@AAEPAUNode@1@HH@Z$2 10001c0e f i workflowprotocol.obj
 0001:00000c49       __catch$?detach_helper_grow@?$QList@VQString@@@@AAEPAUNode@1@HH@Z$0 10001c49 f i workflowprotocol.obj
 0001:0000388c       $LN19                      1000488c     moc_workflowprotocol.obj
 0001:0000399c       $LN22                      1000499c     moc_workflowprotocol.obj
 0001:00003bec       ?__scrt_initialize_thread_safe_statics@@YAHXZ 10004bec f   MSVCRT:thread_safe_statics.obj
 0001:00003cc9       ?__scrt_uninitialize_thread_safe_statics@@YAXXZ 10004cc9 f   MSVCRT:thread_safe_statics.obj
 0001:00003e5c       ?dllmain_crt_dispatch@@YGHQAUHINSTANCE__@@KQAX@Z 10004e5c f   MSVCRT:dll_dllmain.obj
 0001:00003eaf       ?dllmain_crt_process_attach@@YAHQAUHINSTANCE__@@QAX@Z 10004eaf f   MSVCRT:dll_dllmain.obj
 0001:00003fc1       ?dllmain_crt_process_detach@@YAH_N@Z 10004fc1 f   MSVCRT:dll_dllmain.obj
 0001:0000403e       ?dllmain_dispatch@@YAHQAUHINSTANCE__@@KQAX@Z 1000503e f   MSVCRT:dll_dllmain.obj
 0001:0000413a       ?dllmain_raw@@YGHQAUHINSTANCE__@@KQAX@Z 1000513a f   MSVCRT:dll_dllmain.obj
 0001:00004190       $$000000                   10005190     MSVCRT:_sehprolg4_.obj
 0001:0000432f       ?find_pe_section@@YAPAU_IMAGE_SECTION_HEADER@@QAEI@Z 1000532f f   MSVCRT:utility.obj
 0001:00004c40       __ehhandler$??0?$QList@VQString@@@@QAE@ABV0@@Z 10005c40 f   workflowprotocol.obj
 0001:00004c60       __unwindfunclet$??0WorkflowController@@QAE@PAVQObject@@@Z$0 10005c60 f   workflowprotocol.obj
 0001:00004c69       __unwindfunclet$??0WorkflowController@@QAE@PAVQObject@@@Z$1 10005c69 f   workflowprotocol.obj
 0001:00004c75       __unwindfunclet$??0WorkflowController@@QAE@PAVQObject@@@Z$2 10005c75 f   workflowprotocol.obj
 0001:00004c84       __unwindfunclet$??0WorkflowController@@QAE@PAVQObject@@@Z$3 10005c84 f   workflowprotocol.obj
 0001:00004c93       __ehhandler$??0WorkflowController@@QAE@PAVQObject@@@Z 10005c93 f   workflowprotocol.obj
 0001:00004cb0       __ehhandler$??1?$QList@VQString@@@@QAE@XZ 10005cb0 f   workflowprotocol.obj
 0001:00004cd0       __ehhandler$??1WorkflowController@@UAE@XZ 10005cd0 f   workflowprotocol.obj
 0001:00004cf0       __unwindfunclet$??_EWorkflowController@@UAEPAXI@Z$0 10005cf0 f   workflowprotocol.obj
 0001:00004cf6       __ehhandler$??_EWorkflowController@@UAEPAXI@Z 10005cf6 f   workflowprotocol.obj
 0001:00004d20       __ehhandler$?append@?$QList@VQString@@@@QAEXABVQString@@@Z 10005d20 f   workflowprotocol.obj
 0001:00004d40       __ehhandler$?detach_helper_grow@?$QList@VQString@@@@AAEPAUNode@1@HH@Z 10005d40 f   workflowprotocol.obj
 0001:00004d60       __unwindfunclet$?doWork@SubThreadWorker@@QAEXABVQJsonObject@@@Z$0 10005d60 f   workflowprotocol.obj
 0001:00004d69       __unwindfunclet$?doWork@SubThreadWorker@@QAEXABVQJsonObject@@@Z$1 10005d69 f   workflowprotocol.obj
 0001:00004d72       __unwindfunclet$?doWork@SubThreadWorker@@QAEXABVQJsonObject@@@Z$2 10005d72 f   workflowprotocol.obj
 0001:00004d7b       __unwindfunclet$?doWork@SubThreadWorker@@QAEXABVQJsonObject@@@Z$3 10005d7b f   workflowprotocol.obj
 0001:00004d84       __unwindfunclet$?doWork@SubThreadWorker@@QAEXABVQJsonObject@@@Z$4 10005d84 f   workflowprotocol.obj
 0001:00004d8d       __unwindfunclet$?doWork@SubThreadWorker@@QAEXABVQJsonObject@@@Z$5 10005d8d f   workflowprotocol.obj
 0001:00004d96       __unwindfunclet$?doWork@SubThreadWorker@@QAEXABVQJsonObject@@@Z$6 10005d96 f   workflowprotocol.obj
 0001:00004d9f       __unwindfunclet$?doWork@SubThreadWorker@@QAEXABVQJsonObject@@@Z$7 10005d9f f   workflowprotocol.obj
 0001:00004da8       __unwindfunclet$?doWork@SubThreadWorker@@QAEXABVQJsonObject@@@Z$8 10005da8 f   workflowprotocol.obj
 0001:00004db1       __unwindfunclet$?doWork@SubThreadWorker@@QAEXABVQJsonObject@@@Z$9 10005db1 f   workflowprotocol.obj
 0001:00004dba       __unwindfunclet$?doWork@SubThreadWorker@@QAEXABVQJsonObject@@@Z$10 10005dba f   workflowprotocol.obj
 0001:00004dc3       __ehhandler$?doWork@SubThreadWorker@@QAEXABVQJsonObject@@@Z 10005dc3 f   workflowprotocol.obj
 0001:00004de0       __unwindfunclet$?formatRecvFrameToJsonObject@WorkflowProtocol@@QAE_NAAVQJsonObject@@@Z$0 10005de0 f   workflowprotocol.obj
 0001:00004de9       __unwindfunclet$?formatRecvFrameToJsonObject@WorkflowProtocol@@QAE_NAAVQJsonObject@@@Z$1 10005de9 f   workflowprotocol.obj
 0001:00004df2       __ehhandler$?formatRecvFrameToJsonObject@WorkflowProtocol@@QAE_NAAVQJsonObject@@@Z 10005df2 f   workflowprotocol.obj
 0001:00004e10       __unwindfunclet$?handleControlCommand@SubThreadWorker@@IAE_NAAVCommunication@@AAVQJsonObject@@@Z$0 10005e10 f   workflowprotocol.obj
 0001:00004e19       __unwindfunclet$?handleControlCommand@SubThreadWorker@@IAE_NAAVCommunication@@AAVQJsonObject@@@Z$1 10005e19 f   workflowprotocol.obj
 0001:00004e22       __unwindfunclet$?handleControlCommand@SubThreadWorker@@IAE_NAAVCommunication@@AAVQJsonObject@@@Z$2 10005e22 f   workflowprotocol.obj
 0001:00004e2b       __unwindfunclet$?handleControlCommand@SubThreadWorker@@IAE_NAAVCommunication@@AAVQJsonObject@@@Z$3 10005e2b f   workflowprotocol.obj
 0001:00004e34       __unwindfunclet$?handleControlCommand@SubThreadWorker@@IAE_NAAVCommunication@@AAVQJsonObject@@@Z$4 10005e34 f   workflowprotocol.obj
 0001:00004e3d       __unwindfunclet$?handleControlCommand@SubThreadWorker@@IAE_NAAVCommunication@@AAVQJsonObject@@@Z$5 10005e3d f   workflowprotocol.obj
 0001:00004e46       __unwindfunclet$?handleControlCommand@SubThreadWorker@@IAE_NAAVCommunication@@AAVQJsonObject@@@Z$43 10005e46 f   workflowprotocol.obj
 0001:00004e52       __unwindfunclet$?handleControlCommand@SubThreadWorker@@IAE_NAAVCommunication@@AAVQJsonObject@@@Z$6 10005e52 f   workflowprotocol.obj
 0001:00004e5b       __unwindfunclet$?handleControlCommand@SubThreadWorker@@IAE_NAAVCommunication@@AAVQJsonObject@@@Z$7 10005e5b f   workflowprotocol.obj
 0001:00004e64       __unwindfunclet$?handleControlCommand@SubThreadWorker@@IAE_NAAVCommunication@@AAVQJsonObject@@@Z$8 10005e64 f   workflowprotocol.obj
 0001:00004e6d       __unwindfunclet$?handleControlCommand@SubThreadWorker@@IAE_NAAVCommunication@@AAVQJsonObject@@@Z$9 10005e6d f   workflowprotocol.obj
 0001:00004e76       __unwindfunclet$?handleControlCommand@SubThreadWorker@@IAE_NAAVCommunication@@AAVQJsonObject@@@Z$10 10005e76 f   workflowprotocol.obj
 0001:00004e7f       __unwindfunclet$?handleControlCommand@SubThreadWorker@@IAE_NAAVCommunication@@AAVQJsonObject@@@Z$11 10005e7f f   workflowprotocol.obj
 0001:00004e88       __unwindfunclet$?handleControlCommand@SubThreadWorker@@IAE_NAAVCommunication@@AAVQJsonObject@@@Z$12 10005e88 f   workflowprotocol.obj
 0001:00004e91       __unwindfunclet$?handleControlCommand@SubThreadWorker@@IAE_NAAVCommunication@@AAVQJsonObject@@@Z$13 10005e91 f   workflowprotocol.obj
 0001:00004e9a       __unwindfunclet$?handleControlCommand@SubThreadWorker@@IAE_NAAVCommunication@@AAVQJsonObject@@@Z$14 10005e9a f   workflowprotocol.obj
 0001:00004ea3       __unwindfunclet$?handleControlCommand@SubThreadWorker@@IAE_NAAVCommunication@@AAVQJsonObject@@@Z$15 10005ea3 f   workflowprotocol.obj
 0001:00004eac       __unwindfunclet$?handleControlCommand@SubThreadWorker@@IAE_NAAVCommunication@@AAVQJsonObject@@@Z$16 10005eac f   workflowprotocol.obj
 0001:00004eb5       __unwindfunclet$?handleControlCommand@SubThreadWorker@@IAE_NAAVCommunication@@AAVQJsonObject@@@Z$17 10005eb5 f   workflowprotocol.obj
 0001:00004ebe       __unwindfunclet$?handleControlCommand@SubThreadWorker@@IAE_NAAVCommunication@@AAVQJsonObject@@@Z$18 10005ebe f   workflowprotocol.obj
 0001:00004ec7       __unwindfunclet$?handleControlCommand@SubThreadWorker@@IAE_NAAVCommunication@@AAVQJsonObject@@@Z$19 10005ec7 f   workflowprotocol.obj
 0001:00004ed0       __unwindfunclet$?handleControlCommand@SubThreadWorker@@IAE_NAAVCommunication@@AAVQJsonObject@@@Z$20 10005ed0 f   workflowprotocol.obj
 0001:00004ed9       __unwindfunclet$?handleControlCommand@SubThreadWorker@@IAE_NAAVCommunication@@AAVQJsonObject@@@Z$21 10005ed9 f   workflowprotocol.obj
 0001:00004ee2       __unwindfunclet$?handleControlCommand@SubThreadWorker@@IAE_NAAVCommunication@@AAVQJsonObject@@@Z$22 10005ee2 f   workflowprotocol.obj
 0001:00004eeb       __unwindfunclet$?handleControlCommand@SubThreadWorker@@IAE_NAAVCommunication@@AAVQJsonObject@@@Z$23 10005eeb f   workflowprotocol.obj
 0001:00004ef4       __unwindfunclet$?handleControlCommand@SubThreadWorker@@IAE_NAAVCommunication@@AAVQJsonObject@@@Z$24 10005ef4 f   workflowprotocol.obj
 0001:00004efd       __unwindfunclet$?handleControlCommand@SubThreadWorker@@IAE_NAAVCommunication@@AAVQJsonObject@@@Z$25 10005efd f   workflowprotocol.obj
 0001:00004f06       __unwindfunclet$?handleControlCommand@SubThreadWorker@@IAE_NAAVCommunication@@AAVQJsonObject@@@Z$26 10005f06 f   workflowprotocol.obj
 0001:00004f0f       __unwindfunclet$?handleControlCommand@SubThreadWorker@@IAE_NAAVCommunication@@AAVQJsonObject@@@Z$27 10005f0f f   workflowprotocol.obj
 0001:00004f18       __unwindfunclet$?handleControlCommand@SubThreadWorker@@IAE_NAAVCommunication@@AAVQJsonObject@@@Z$28 10005f18 f   workflowprotocol.obj
 0001:00004f21       __unwindfunclet$?handleControlCommand@SubThreadWorker@@IAE_NAAVCommunication@@AAVQJsonObject@@@Z$29 10005f21 f   workflowprotocol.obj
 0001:00004f2a       __unwindfunclet$?handleControlCommand@SubThreadWorker@@IAE_NAAVCommunication@@AAVQJsonObject@@@Z$30 10005f2a f   workflowprotocol.obj
 0001:00004f33       __unwindfunclet$?handleControlCommand@SubThreadWorker@@IAE_NAAVCommunication@@AAVQJsonObject@@@Z$32 10005f33 f   workflowprotocol.obj
 0001:00004f3c       __unwindfunclet$?handleControlCommand@SubThreadWorker@@IAE_NAAVCommunication@@AAVQJsonObject@@@Z$33 10005f3c f   workflowprotocol.obj
 0001:00004f45       __unwindfunclet$?handleControlCommand@SubThreadWorker@@IAE_NAAVCommunication@@AAVQJsonObject@@@Z$34 10005f45 f   workflowprotocol.obj
 0001:00004f4e       __unwindfunclet$?handleControlCommand@SubThreadWorker@@IAE_NAAVCommunication@@AAVQJsonObject@@@Z$35 10005f4e f   workflowprotocol.obj
 0001:00004f57       __unwindfunclet$?handleControlCommand@SubThreadWorker@@IAE_NAAVCommunication@@AAVQJsonObject@@@Z$36 10005f57 f   workflowprotocol.obj
 0001:00004f60       __unwindfunclet$?handleControlCommand@SubThreadWorker@@IAE_NAAVCommunication@@AAVQJsonObject@@@Z$37 10005f60 f   workflowprotocol.obj
 0001:00004f69       __unwindfunclet$?handleControlCommand@SubThreadWorker@@IAE_NAAVCommunication@@AAVQJsonObject@@@Z$38 10005f69 f   workflowprotocol.obj
 0001:00004f72       __unwindfunclet$?handleControlCommand@SubThreadWorker@@IAE_NAAVCommunication@@AAVQJsonObject@@@Z$39 10005f72 f   workflowprotocol.obj
 0001:00004f7b       __unwindfunclet$?handleControlCommand@SubThreadWorker@@IAE_NAAVCommunication@@AAVQJsonObject@@@Z$40 10005f7b f   workflowprotocol.obj
[...]
 0001:00005299       __unwindfunclet$?parseJsonObjectToSendFrame@WorkflowProtocol@@QAE_NABVQJsonObject@@AAV2@@Z$1 10006299 f   workflowprotocol.obj
 0001:000052a2       __unwindfunclet$?parseJsonObjectToSendFrame@WorkflowProtocol@@QAE_NABVQJsonObject@@AAV2@@Z$2 100062a2 f   workflowprotocol.obj
 0001:000052ab       __unwindfunclet$?parseJsonObjectToSendFrame@WorkflowProtocol@@QAE_NABVQJsonObject@@AAV2@@Z$3 100062ab f   workflowprotocol.obj
 0001:000052b4       __unwindfunclet$?parseJsonObjectToSendFrame@WorkflowProtocol@@QAE_NABVQJsonObject@@AAV2@@Z$4 100062b4 f   workflowprotocol.obj
 0001:000052bd       __unwindfunclet$?parseJsonObjectToSendFrame@WorkflowProtocol@@QAE_NABVQJsonObject@@AAV2@@Z$5 100062bd f   workflowprotocol.obj
 0001:000052c6       __unwindfunclet$?parseJsonObjectToSendFrame@WorkflowProtocol@@QAE_NABVQJsonObject@@AAV2@@Z$6 100062c6 f   workflowprotocol.obj
 0001:000052cf       __unwindfunclet$?parseJsonObjectToSendFrame@WorkflowProtocol@@QAE_NABVQJsonObject@@AAV2@@Z$7 100062cf f   workflowprotocol.obj
 0001:000052db       __unwindfunclet$?parseJsonObjectToSendFrame@WorkflowProtocol@@QAE_NABVQJsonObject@@AAV2@@Z$8 100062db f   workflowprotocol.obj
 0001:000052e7       __unwindfunclet$?parseJsonObjectToSendFrame@WorkflowProtocol@@QAE_NABVQJsonObject@@AAV2@@Z$9 100062e7 f   workflowprotocol.obj
 0001:000052f0       __unwindfunclet$?parseJsonObjectToSendFrame@WorkflowProtocol@@QAE_NABVQJsonObject@@AAV2@@Z$10 100062f0 f   workflowprotocol.obj
 0001:000052f9       __unwindfunclet$?parseJsonObjectToSendFrame@WorkflowProtocol@@QAE_NABVQJsonObject@@AAV2@@Z$11 100062f9 f   workflowprotocol.obj
 0001:00005302       __unwindfunclet$?parseJsonObjectToSendFrame@WorkflowProtocol@@QAE_NABVQJsonObject@@AAV2@@Z$12 10006302 f   workflowprotocol.obj
 0001:0000530e       __unwindfunclet$?parseJsonObjectToSendFrame@WorkflowProtocol@@QAE_NABVQJsonObject@@AAV2@@Z$13 1000630e f   workflowprotocol.obj
 0001:00005317       __unwindfunclet$?parseJsonObjectToSendFrame@WorkflowProtocol@@QAE_NABVQJsonObject@@AAV2@@Z$14 10006317 f   workflowprotocol.obj
 0001:00005320       __unwindfunclet$?parseJsonObjectToSendFrame@WorkflowProtocol@@QAE_NABVQJsonObject@@AAV2@@Z$31 10006320 f   workflowprotocol.obj
 0001:0000532c       __unwindfunclet$?parseJsonObjectToSendFrame@WorkflowProtocol@@QAE_NABVQJsonObject@@AAV2@@Z$15 1000632c f   workflowprotocol.obj
 0001:00005335       __unwindfunclet$?parseJsonObjectToSendFrame@WorkflowProtocol@@QAE_NABVQJsonObject@@AAV2@@Z$16 10006335 f   workflowprotocol.obj
 0001:0000533e       __unwindfunclet$?parseJsonObjectToSendFrame@WorkflowProtocol@@QAE_NABVQJsonObject@@AAV2@@Z$17 1000633e f   workflowprotocol.obj
 0001:00005346       __unwindfunclet$?parseJsonObjectToSendFrame@WorkflowProtocol@@QAE_NABVQJsonObject@@AAV2@@Z$18 10006346 f   workflowprotocol.obj
 0001:0000534f       __unwindfunclet$?parseJsonObjectToSendFrame@WorkflowProtocol@@QAE_NABVQJsonObject@@AAV2@@Z$19 1000634f f   workflowprotocol.obj
 0001:00005358       __unwindfunclet$?parseJsonObjectToSendFrame@WorkflowProtocol@@QAE_NABVQJsonObject@@AAV2@@Z$20 10006358 f   workflowprotocol.obj
 0001:00005361       __unwindfunclet$?parseJsonObjectToSendFrame@WorkflowProtocol@@QAE_NABVQJsonObject@@AAV2@@Z$21 10006361 f   workflowprotocol.obj
 0001:0000536a       __unwindfunclet$?parseJsonObjectToSendFrame@WorkflowProtocol@@QAE_NABVQJsonObject@@AAV2@@Z$22 1000636a f   workflowprotocol.obj
 0001:00005373       __unwindfunclet$?parseJsonObjectToSendFrame@WorkflowProtocol@@QAE_NABVQJsonObject@@AAV2@@Z$23 10006373 f   workflowprotocol.obj
 0001:0000537c       __unwindfunclet$?parseJsonObjectToSendFrame@WorkflowProtocol@@QAE_NABVQJsonObject@@AAV2@@Z$24 1000637c f   workflowprotocol.obj
 0001:00005385       __unwindfunclet$?parseJsonObjectToSendFrame@WorkflowProtocol@@QAE_NABVQJsonObject@@AAV2@@Z$25 10006385 f   workflowprotocol.obj
 0001:0000538e       __unwindfunclet$?parseJsonObjectToSendFrame@WorkflowProtocol@@QAE_NABVQJsonObject@@AAV2@@Z$26 1000638e f   workflowprotocol.obj
 0001:00005397       __unwindfunclet$?parseJsonObjectToSendFrame@WorkflowProtocol@@QAE_NABVQJsonObject@@AAV2@@Z$27 10006397 f   workflowprotocol.obj
 0001:000053a0       __unwindfunclet$?parseJsonObjectToSendFrame@WorkflowProtocol@@QAE_NABVQJsonObject@@AAV2@@Z$28 100063a0 f   workflowprotocol.obj
 0001:000053a8       __unwindfunclet$?parseJsonObjectToSendFrame@WorkflowProtocol@@QAE_NABVQJsonObject@@AAV2@@Z$35 100063a8 f   workflowprotocol.obj
 0001:000053b1       __unwindfunclet$?parseJsonObjectToSendFrame@WorkflowProtocol@@QAE_NABVQJsonObject@@AAV2@@Z$38 100063b1 f   workflowprotocol.obj
 0001:000053b7       __unwindfunclet$?parseJsonObjectToSendFrame@WorkflowProtocol@@QAE_NABVQJsonObject@@AAV2@@Z$48 100063b7 f   workflowprotocol.obj
 0001:000053bd       __ehhandler$?parseJsonObjectToSendFrame@WorkflowProtocol@@QAE_NABVQJsonObject@@AAV2@@Z 100063bd f   workflowprotocol.obj
 0001:000053e0       __unwindfunclet$?serializeSendFrame@WorkflowProtocol@@QAE?AVQByteArray@@XZ$0 100063e0 f   workflowprotocol.obj
 0001:000053fa       __unwindfunclet$?serializeSendFrame@WorkflowProtocol@@QAE?AVQByteArray@@XZ$1 100063fa f   workflowprotocol.obj
 0001:00005403       __unwindfunclet$?serializeSendFrame@WorkflowProtocol@@QAE?AVQByteArray@@XZ$2 10006403 f   workflowprotocol.obj
 0001:0000540c       __unwindfunclet$?serializeSendFrame@WorkflowProtocol@@QAE?AVQByteArray@@XZ$3 1000640c f   workflowprotocol.obj
 0001:00005415       __unwindfunclet$?serializeSendFrame@WorkflowProtocol@@QAE?AVQByteArray@@XZ$4 10006415 f   workflowprotocol.obj
 0001:0000541e       __unwindfunclet$?serializeSendFrame@WorkflowProtocol@@QAE?AVQByteArray@@XZ$5 1000641e f   workflowprotocol.obj
 0001:00005427       __ehhandler$?serializeSendFrame@WorkflowProtocol@@QAE?AVQByteArray@@XZ 10006427 f   workflowprotocol.obj
 0001:00005450       __unwindfunclet$?statusChanged@WorkflowController@@QAEXABVQJsonObject@@@Z$0 10006450 f   workflowprotocol.obj
 0001:0000545f       __unwindfunclet$?statusChanged@WorkflowController@@QAEXABVQJsonObject@@@Z$1 1000645f f   workflowprotocol.obj
 0001:00005468       __ehhandler$?statusChanged@WorkflowController@@QAEXABVQJsonObject@@@Z 10006468 f   workflowprotocol.obj
 0001:00005490       __unwindfunclet$?taskStateChanged@WorkflowController@@QAEX_NH@Z$0 10006490 f   workflowprotocol.obj
 0001:0000549f       __ehhandler$?taskStateChanged@WorkflowController@@QAEX_NH@Z 1000649f f   workflowprotocol.obj
 0001:000054c0       __unwindfunclet$?unserializeRecvFrame@WorkflowProtocol@@QAEXABVQByteArray@@@Z$0 100064c0 f   workflowprotocol.obj
 0001:000054c9       __ehhandler$?unserializeRecvFrame@WorkflowProtocol@@QAEXABVQByteArray@@@Z 100064c9 f   workflowprotocol.obj
 0002:00000294       ??staticMetaObject$initializer$@SubThreadWorker@@2P6AXXZA@@3P6AXXZA 10007294     moc_workflowprotocol.obj
 0002:00000298       ??staticMetaObject$initializer$@WorkflowController@@2P6AXXZA@@3P6AXXZA 10007298     moc_workflowprotocol.obj
 0002:000002a4       ?__scrt_initialize_tss_var@@3P6AHXZA 100072a4     MSVCRT:thread_safe_statics.obj
 0002:000004f8       ?qt_meta_stringdata_SubThreadWorker@@3Uqt_meta_stringdata_SubThreadWorker_t@@B 100074f8     moc_workflowprotocol.obj
 0002:00000630       ?qt_meta_data_SubThreadWorker@@3QBIB 10007630     moc_workflowprotocol.obj
 0002:00000738       ?qt_meta_stringdata_WorkflowController@@3Uqt_meta_stringdata_WorkflowController_t@@B 10007738     moc_workflowprotocol.obj
 0002:00000878       ?qt_meta_data_WorkflowController@@3QBIB 10007878     moc_workflowprotocol.obj
 0002:00000a58       _GS_ExceptionPointers      10007a58     MSVCRT:gs_report.obj
 0002:00001210       __catchsym$??0?$QList@VQString@@@@QAE@ABV0@@Z$7 10008210     workflowprotocol.obj
 0002:00001220       __unwindtable$??0?$QList@VQString@@@@QAE@ABV0@@Z 10008220     workflowprotocol.obj
 0002:00001230       __tryblocktable$??0?$QList@VQString@@@@QAE@ABV0@@Z 10008230     workflowprotocol.obj
 0002:00001244       __ehfuncinfo$??0?$QList@VQString@@@@QAE@ABV0@@Z 10008244     workflowprotocol.obj
 0002:00001268       __ehfuncinfo$??1WorkflowController@@UAE@XZ 10008268     workflowprotocol.obj
 0002:00001268       __ehfuncinfo$??1?$QList@VQString@@@@QAE@XZ 10008268     workflowprotocol.obj
 0002:0000128c       __catchsym$?append@?$QList@VQString@@@@QAEXABVQString@@@Z$11 1000828c     workflowprotocol.obj
 0002:0000129c       __tryblocktable$?append@?$QList@VQString@@@@QAEXABVQString@@@Z 1000829c     workflowprotocol.obj
 0002:000012b0       __ehfuncinfo$?append@?$QList@VQString@@@@QAEXABVQString@@@Z 100082b0     workflowprotocol.obj
 0002:000012d4       __unwindtable$?append@?$QList@VQString@@@@QAEXABVQString@@@Z 100082d4     workflowprotocol.obj
 0002:00001304       __catchsym$?detach_helper_grow@?$QList@VQString@@@@AAEPAUNode@1@HH@Z$12 10008304     workflowprotocol.obj
 0002:00001314       __catchsym$?detach_helper_grow@?$QList@VQString@@@@AAEPAUNode@1@HH@Z$11 10008314     workflowprotocol.obj
 0002:00001324       __unwindtable$?detach_helper_grow@?$QList@VQString@@@@AAEPAUNode@1@HH@Z 10008324     workflowprotocol.obj
 0002:00001344       __ehfuncinfo$?detach_helper_grow@?$QList@VQString@@@@AAEPAUNode@1@HH@Z 10008344     workflowprotocol.obj
 0002:00001368       __tryblocktable$?detach_helper_grow@?$QList@VQString@@@@AAEPAUNode@1@HH@Z 10008368     workflowprotocol.obj
 0002:00001390       __ehfuncinfo$?initProtocol@WorkflowProtocol@@QAE_NABVQString@@@Z 10008390     workflowprotocol.obj
 0002:000013b4       __unwindtable$?initProtocol@WorkflowProtocol@@QAE_NABVQString@@@Z 100083b4     workflowprotocol.obj
 0002:000013e4       __ehfuncinfo$?parseJsonObjectToSendFrame@WorkflowProtocol@@QAE_NABVQJsonObject@@AAV2@@Z 100083e4     workflowprotocol.obj
 0002:00001408       __unwindtable$?parseJsonObjectToSendFrame@WorkflowProtocol@@QAE_NABVQJsonObject@@AAV2@@Z 10008408     workflowprotocol.obj
 0002:00001570       __unwindtable$?formatRecvFrameToJsonObject@WorkflowProtocol@@QAE_NAAVQJsonObject@@@Z 10008570     workflowprotocol.obj
 0002:00001580       __ehfuncinfo$?formatRecvFrameToJsonObject@WorkflowProtocol@@QAE_NAAVQJsonObject@@@Z 10008580     workflowprotocol.obj
 0002:000015a4       __unwindtable$?parseAckFrame@WorkflowProtocol@@QAE_NABVQByteArray@@AAVQJsonObject@@@Z 100085a4     workflowprotocol.obj
 0002:000015ac       __ehfuncinfo$?parseAckFrame@WorkflowProtocol@@QAE_NABVQByteArray@@AAVQJsonObject@@@Z 100085ac     workflowprotocol.obj
 0002:000015d0       __ehfuncinfo$?serializeSendFrame@WorkflowProtocol@@QAE?AVQByteArray@@XZ 100085d0     workflowprotocol.obj
 0002:000015f4       __unwindtable$?serializeSendFrame@WorkflowProtocol@@QAE?AVQByteArray@@XZ 100085f4     workflowprotocol.obj
 0002:00001624       __unwindtable$?unserializeRecvFrame@WorkflowProtocol@@QAEXABVQByteArray@@@Z 10008624     workflowprotocol.obj
 0002:0000162c       __ehfuncinfo$?unserializeRecvFrame@WorkflowProtocol@@QAEXABVQByteArray@@@Z 1000862c     workflowprotocol.obj
 0002:00001650       __ehfuncinfo$?doWork@SubThreadWorker@@QAEXABVQJsonObject@@@Z 10008650     workflowprotocol.obj
 0002:00001674       __unwindtable$?doWork@SubThreadWorker@@QAEXABVQJsonObject@@@Z 10008674     workflowprotocol.obj
 0002:000016dc       __ehfuncinfo$?handleControlCommand@SubThreadWorker@@IAE_NAAVCommunication@@AAVQJsonObject@@@Z 100086dc     workflowprotocol.obj
 0002:00001700       __unwindtable$?handleControlCommand@SubThreadWorker@@IAE_NAAVCommunication@@AAVQJsonObject@@@Z 10008700     workflowprotocol.obj
 0002:00001858       __ehfuncinfo$?handleLogicalCommand@SubThreadWorker@@IAE_NAAVQJsonObject@@AAH@Z 10008858     workflowprotocol.obj
 0002:0000187c       __unwindtable$?handleLogicalCommand@SubThreadWorker@@IAE_NAAVQJsonObject@@AAH@Z 1000887c     workflowprotocol.obj
 0002:000019f4       __ehfuncinfo$?isLogicalCommand@SubThreadWorker@@IAE_NABVQString@@@Z 100089f4     workflowprotocol.obj
 0002:00001a18       __unwindtable$?isLogicalCommand@SubThreadWorker@@IAE_NABVQString@@@Z 10008a18     workflowprotocol.obj
 0002:00001a50       __unwindtable$??0WorkflowController@@QAE@PAVQObject@@@Z 10008a50     workflowprotocol.obj
 0002:00001a70       __ehfuncinfo$??0WorkflowController@@QAE@PAVQObject@@@Z 10008a70     workflowprotocol.obj
 0002:00001a94       __unwindtable$?statusChanged@WorkflowController@@QAEXABVQJsonObject@@@Z 10008a94     workflowprotocol.obj
 0002:00001aa4       __ehfuncinfo$?statusChanged@WorkflowController@@QAEXABVQJsonObject@@@Z 10008aa4     workflowprotocol.obj
 0002:00001ac8       __unwindtable$?taskStateChanged@WorkflowController@@QAEX_NH@Z 10008ac8     workflowprotocol.obj
 0002:00001ad0       __ehfuncinfo$?taskStateChanged@WorkflowController@@QAEX_NH@Z 10008ad0     workflowprotocol.obj
 0002:00001af4       __unwindtable$??_EWorkflowController@@UAEPAXI@Z 10008af4     workflowprotocol.obj
 0002:00001afc       __ehfuncinfo$??_EWorkflowController@@UAEPAXI@Z 10008afc     workflowprotocol.obj
 0002:00001b20       __sehtable$??_M@YGXPAXIIP6EX0@Z@Z 10008b20     MSVCRT:ehvecdtr.obj
 0002:00001b40       __sehtable$?__ArrayUnwind@@YGXPAXIIP6EX0@Z@Z 10008b40     MSVCRT:ehvecdtr.obj
 0002:00001b60       __sehtable$?dllmain_crt_process_attach@@YAHQAUHINSTANCE__@@QAX@Z 10008b60     MSVCRT:dll_dllmain.obj
 0002:00001b80       __sehtable$?dllmain_crt_process_detach@@YAH_N@Z 10008b80     MSVCRT:dll_dllmain.obj
 0002:00001ba0       __sehtable$?dllmain_dispatch@@YAHQAUHINSTANCE__@@KQAX@Z 10008ba0     MSVCRT:dll_dllmain.obj
 0002:00001c50       __sehtable$___scrt_is_nonwritable_in_current_image 10008c50     MSVCRT:utility.obj
 0002:00001c70       .edata                     10008c70     WorkflowProtocol.exp
 0002:00001c98       rgpv                       10008c98     WorkflowProtocol.exp
 0002:00001d1c       rgszName                   10008d1c     WorkflowProtocol.exp
 0002:00001da0       rgwOrd                     10008da0     WorkflowProtocol.exp
 0002:00001de2       szName                     10008de2     WorkflowProtocol.exp
 0002:00001df7       $N00001                    10008df7     WorkflowProtocol.exp
 0002:00001e21       $N00002                    10008e21     WorkflowProtocol.exp
 0002:00001e44       $N00003                    10008e44     WorkflowProtocol.exp
 0002:00001e65       $N00004                    10008e65     WorkflowProtocol.exp
 0002:00001e81       $N00005                    10008e81     WorkflowProtocol.exp
 0002:00001e9f       $N00006                    10008e9f     WorkflowProtocol.exp
 0002:00001ebb       $N00007                    10008ebb     WorkflowProtocol.exp
 0002:00001ee2       $N00008                    10008ee2     WorkflowProtocol.exp
 0002:00001f07       $N00009                    10008f07     WorkflowProtocol.exp
 0002:00001f23       $N00010                    10008f23     WorkflowProtocol.exp
 0002:00001f42       $N00011                    10008f42     WorkflowProtocol.exp
 0002:00001f76       $N00012                    10008f76     WorkflowProtocol.exp
 0002:00001fad       $N00013                    10008fad     WorkflowProtocol.exp
 0002:00001ff4       $N00014                    10008ff4     WorkflowProtocol.exp
 0002:00002021       $N00015                    10009021     WorkflowProtocol.exp
 0002:00002055       $N00016                    10009055     WorkflowProtocol.exp
 0002:0000208b       $N00017                    1000908b     WorkflowProtocol.exp
 0002:000020d3       $N00018                    100090d3     WorkflowProtocol.exp
 0002:0000211e       $N00019                    1000911e     WorkflowProtocol.exp
 0002:00002160       $N00020                    10009160     WorkflowProtocol.exp
 0002:0000218d       $N00021                    1000918d     WorkflowProtocol.exp
 0002:000021e1       $N00022                    100091e1     WorkflowProtocol.exp
 0002:00002218       $N00023                    10009218     WorkflowProtocol.exp
 0002:0000224c       $N00024                    1000924c     WorkflowProtocol.exp
 0002:00002287       $N00025                    10009287     WorkflowProtocol.exp
 0002:000022b8       $N00026                    100092b8     WorkflowProtocol.exp
 0002:000022ef       $N00027                    100092ef     WorkflowProtocol.exp
 0002:00002329       $N00028                    10009329     WorkflowProtocol.exp
 0002:00002355       $N00029                    10009355     WorkflowProtocol.exp
 0002:0000237a       $N00030                    1000937a     WorkflowProtocol.exp
 0002:000023aa       $N00031                    100093aa     WorkflowProtocol.exp
 0002:000023d8       $N00032                    100093d8     WorkflowProtocol.exp
 0002:0000240a       $N00033                    1000940a     WorkflowProtocol.exp
 0002:00002856       .idata$6                   10009856     Communication:Communication.dll
 0002:000037c4       .idata$6                   1000a7c4     Qt5Core:Qt5Core.dll
 0002:000039b2       .idata$6                   1000a9b2     kernel32:KERNEL32.dll
 0002:00003a9a       .idata$6                   1000aa9a     vcruntime:VCRUNTIME140.dll
 0002:00003ba6       .idata$6                   1000aba6     ucrt:api-ms-win-crt-runtime-l1-1-0.dll
 0002:00003bc8       .idata$6                   1000abc8     ucrt:api-ms-win-crt-heap-l1-1-0.dll
 0003:000001b8       ?_Tss_mutex@@3U_RTL_CRITICAL_SECTION@@A 1000b1b8     MSVCRT:thread_safe_statics.obj
 0003:000001d0       ?_Tss_cv@@3U_RTL_CONDITION_VARIABLE@@A 1000b1d0     MSVCRT:thread_safe_statics.obj
 0003:000001d4       ?_Tss_event@@3PAXA         1000b1d4     MSVCRT:thread_safe_statics.obj
 0003:000001d8       ?encoded_sleep_condition_variable_cs@@3P6GHPAU_RTL_CONDITION_VARIABLE@@PAU_RTL_CRITICAL_SECTION@@K@ZA 1000b1d8     MSVCRT:thread_safe_statics.obj
 0003:000001dc       ?encoded_wake_all_condition_variable@@3P6GXPAU_RTL_CONDITION_VARIABLE@@@ZA 1000b1dc     MSVCRT:thread_safe_statics.obj
 0003:000001e4       ?__proc_attached@@3HA      1000b1e4     MSVCRT:dll_dllmain.obj
 0003:000001f0       ?module_local_atexit_table@@3U_onexit_table_t@@A 1000b1f0     MSVCRT:utility.obj
 0003:000001fc       ?module_local_at_quick_exit_table@@3U_onexit_table_t@@A 1000b1fc     MSVCRT:utility.obj
 0003:00000208       ?is_initialized_as_dll@@3_NA 1000b208     MSVCRT:utility.obj
 0003:00000210       _GS_ExceptionRecord        1000b210     MSVCRT:gs_report.obj
 0003:00000260       _GS_ContextRecord          1000b260     MSVCRT:gs_report.obj
 0005:00000000       __guard_fids__             1000d000     MSVCRT:thread_safe_statics.obj
 0005:00000004       __guard_fids_?__scrt_initialize_thread_safe_statics@@YAHXZ 1000d004     MSVCRT:thread_safe_statics.obj
 0005:00000008       __guard_fids__             1000d008     MSVCRT:std_type_info_static.obj
 0005:0000000c       __guard_fids_?dllmain_crt_process_attach@@YAHQAUHINSTANCE__@@QAX@Z 1000d00c     MSVCRT:dll_dllmain.obj
 0005:00000014       __guard_fids_?dllmain_dispatch@@YAHQAUHINSTANCE__@@KQAX@Z 1000d014     MSVCRT:dll_dllmain.obj
 0005:00000018       __guard_fids___except_handler4 1000d018     MSVCRT:_chandler4gs_.obj
 0005:0000001c       __guard_fids__             1000d01c     MSVCRT:throw_bad_alloc.obj
 0005:00000024       __guard_fids__             1000d024     MSVCRT:throw_bad_alloc.obj
 0005:0000002c       __guard_fids__             1000d02c     MSVCRT:throw_bad_alloc.obj
 0005:00000034       __guard_fids__             1000d034     MSVCRT:throw_bad_alloc.obj
 0005:00000038       __guard_fids__             1000d038     MSVCRT:throw_bad_alloc.obj
 0005:0000003c       __guard_fids__             1000d03c     MSVCRT:throw_bad_alloc.obj
 0005:00000040       __guard_fids__             1000d040     MSVCRT:throw_bad_alloc.obj
 0005:00000044       __guard_fids__             1000d044     MSVCRT:throw_bad_alloc.obj
 0005:00000048       __guard_fids__             1000d048     MSVCRT:guard_support.obj
 0006:00000060       $R000000                   1000e060     * linker generated manifest res *
