 WorkflowProtocol

 Timestamp is 5932d701 (Sat Jun  3 23:34:25 2017)

 Preferred load address is 0000000180000000

 Start         Length     Name                   Class
 0001:00000000 00000020H .text$di                CODE
 0001:00000020 00004da0H .text$mn                CODE
 0001:00004dc0 00000020H .text$mn$00             CODE
 0001:00004de0 000009acH .text$x                 CODE
 0002:00000000 00000530H .idata$5                DATA
 0002:00000530 00000010H .00cfg                  DATA
 0002:00000540 00000008H .CRT$XCA                DATA
 0002:00000548 00000010H .CRT$XCU                DATA
 0002:00000558 00000008H .CRT$XCZ                DATA
 0002:00000560 00000008H .CRT$XIA                DATA
 0002:00000568 00000008H .CRT$XIC                DATA
 0002:00000570 00000008H .CRT$XIZ                DATA
 0002:00000578 00000008H .CRT$XLA                DATA
 0002:00000580 00000008H .CRT$XLZ                DATA
 0002:00000588 00000008H .CRT$XPA                DATA
 0002:00000590 00000008H .CRT$XPZ                DATA
 0002:00000598 00000008H .CRT$XTA                DATA
 0002:000005a0 00000010H .CRT$XTZ                DATA
 0002:000005b0 00000d48H .rdata                  DATA
 0002:000012f8 00000028H .rdata$T                DATA
 0002:00001320 00000494H .rdata$r                DATA
 0002:000017b4 000003dcH .rdata$zzzdbg           DATA
 0002:00001b90 00000008H .rtc$IAA                DATA
 0002:00001b98 00000008H .rtc$IZZ                DATA
 0002:00001ba0 00000008H .rtc$TAA                DATA
 0002:00001ba8 00000008H .rtc$TZZ                DATA
 0002:00001bb0 000013b8H .xdata                  DATA
 0002:00002f68 000000f8H .xdata$x                DATA
 0002:00003060 00000814H .edata                  DATA
 0002:00003874 00000078H .idata$2                DATA
 0002:000038ec 00000014H .idata$3                DATA
 0002:00003900 00000530H .idata$4                DATA
 0002:00003e30 00001584H .idata$6                DATA
 0003:00000000 000000a8H .data                   DATA
 0003:000000a8 00000198H .data$r                 DATA
 0003:00000240 00000680H .bss                    DATA
 0004:00000000 00000594H .pdata                  DATA
 0005:00000000 00000004H .tls                    DATA
 0005:00000004 00000004H .tls$                   DATA
 0005:00000008 00000001H .tls$ZZZ                DATA
 0006:00000000 00000034H .gfids$y                DATA
 0007:00000000 00000060H .rsrc$01                DATA
 0007:00000060 00000180H .rsrc$02                DATA

  Address         Publics by Value              Rva+Base               Lib:Object

 0000:00000000       __dynamic_value_reloc_table 0000000000000000     <absolute>
 0000:00000000       __guard_iat_count          0000000000000000     <absolute>
 0000:00000000       __guard_iat_table          0000000000000000     <absolute>
 0000:00000000       __guard_fids_count         0000000000000000     <absolute>
 0000:00000000       ___safe_se_handler_table   0000000000000000     <absolute>
 0000:00000000       __guard_longjmp_table      0000000000000000     <absolute>
 0000:00000000       __guard_longjmp_count      0000000000000000     <absolute>
 0000:00000000       ___safe_se_handler_count   0000000000000000     <absolute>
 0000:00000000       __guard_fids_table         0000000000000000     <absolute>
 0000:00000100       __guard_flags              0000000000000100     <absolute>
 0000:00000000       __ImageBase                0000000180000000     <linker-defined>
 0001:00000020       ??$connect@P8QThread@@EAAXUQPrivateSignal@1@@ZP8QObject@@EAAXXZ@QObject@@SA?AVConnection@QMetaObject@@PEBVQThread@@P83@EAAXUQPrivateSignal@3@@ZPEBV0@P80@EAAXXZW4ConnectionType@Qt@@@Z 0000000180001020 f i workflowprotocol.obj
 0001:000000d0       ??$connect@P8SubThreadWorker@@EAAXAEBVQJsonObject@@@ZP8WorkflowController@@EAAX0@Z@QObject@@SA?AVConnection@QMetaObject@@PEBVSubThreadWorker@@P83@EAAXAEBVQJsonObject@@@ZPEBVWorkflowController@@P85@EAAX1@ZW4ConnectionType@Qt@@@Z 00000001800010d0 f i workflowprotocol.obj
 0001:000001f0       ??$connect@P8SubThreadWorker@@EAAX_NH@ZP8WorkflowController@@EAAX0H@Z@QObject@@SA?AVConnection@QMetaObject@@PEBVSubThreadWorker@@P83@EAAX_NH@ZPEBVWorkflowController@@P84@EAAX1H@ZW4ConnectionType@Qt@@@Z 00000001800011f0 f i workflowprotocol.obj
 0001:000002c0       ??$connect@P8WorkflowController@@EAAXAEBVQJsonObject@@@ZP8SubThreadWorker@@EAAX0@Z@QObject@@SA?AVConnection@QMetaObject@@PEBVWorkflowController@@P83@EAAXAEBVQJsonObject@@@ZPEBVSubThreadWorker@@P85@EAAX1@ZW4ConnectionType@Qt@@@Z 00000001800012c0 f i workflowprotocol.obj
 0001:000003e0       ??$connect@P8WorkflowController@@EAAXAEBVQString@@@ZP8SubThreadWorker@@EAAX0@Z@QObject@@SA?AVConnection@QMetaObject@@PEBVWorkflowController@@P83@EAAXAEBVQString@@@ZPEBVSubThreadWorker@@P85@EAAX1@ZW4ConnectionType@Qt@@@Z 00000001800013e0 f i workflowprotocol.obj
 0001:00000500       ??$connect@P8WorkflowController@@EAAXAEBVQString@@G@ZP8SubThreadWorker@@EAAX0G@Z@QObject@@SA?AVConnection@QMetaObject@@PEBVWorkflowController@@P83@EAAXAEBVQString@@G@ZPEBVSubThreadWorker@@P85@EAAX1G@ZW4ConnectionType@Qt@@@Z 0000000180001500 f i workflowprotocol.obj
 0001:000005d0       ??$connect@P8WorkflowController@@EAAXXZP8SubThreadWorker@@EAAXXZ@QObject@@SA?AVConnection@QMetaObject@@PEBVWorkflowController@@P83@EAAXXZPEBVSubThreadWorker@@P84@EAAXXZW4ConnectionType@Qt@@@Z 00000001800015d0 f i workflowprotocol.obj
 0001:00000680       ??$formatWord@E@WorkflowProtocol@@IEAA?AVQByteArray@@E@Z 0000000180001680 f i workflowprotocol.obj
 0001:000006c0       ??$formatWord@G@WorkflowProtocol@@IEAA?AVQByteArray@@G@Z 00000001800016c0 f i workflowprotocol.obj
 0001:00000710       ??0?$QList@VQString@@@@QEAA@AEBV0@@Z 0000000180001710 f i workflowprotocol.obj
 0001:000007a0       ??0WorkflowController@@QEAA@PEAVQObject@@@Z 00000001800017a0 f   workflowprotocol.obj
 0001:000009f0       ??0WorkflowProtocol@@QEAA@$$QEAV0@@Z 00000001800019f0 f i workflowprotocol.obj
 0001:000009f0       ??0WorkflowProtocol@@QEAA@AEBV0@@Z 00000001800019f0 f i workflowprotocol.obj
 0001:00000a40       ??0WorkflowProtocol@@QEAA@XZ 0000000180001a40 f   workflowprotocol.obj
 0001:00000a60       ??1?$QForeachContainer@VQStringList@@@@QEAA@XZ 0000000180001a60 f i workflowprotocol.obj
 0001:00000a60       ??1QStringList@@QEAA@XZ    0000000180001a60 f i workflowprotocol.obj
 0001:00000a70       ??1?$QList@VQString@@@@QEAA@XZ 0000000180001a70 f i workflowprotocol.obj
 0001:00000af0       ??1WorkflowController@@UEAA@XZ 0000000180001af0 f   workflowprotocol.obj
 0001:00000b60       ??1WorkflowProtocol@@QEAA@XZ 0000000180001b60 f i workflowprotocol.obj
 0001:00000b70       ??4WorkflowProtocol@@QEAAAEAV0@AEBV0@@Z 0000000180001b70 f i workflowprotocol.obj
 0001:00000b70       ??4WorkflowProtocol@@QEAAAEAV0@$$QEAV0@@Z 0000000180001b70 f i workflowprotocol.obj
 0001:00000bc0       ??_EWorkflowController@@UEAAPEAXI@Z 0000000180001bc0 f i workflowprotocol.obj
 0001:00000c50       ??_FWorkflowController@@QEAAXXZ 0000000180001c50 f i workflowprotocol.obj
 0001:00000c60       ??_GRunningStateChangeEvent@@UEAAPEAXI@Z 0000000180001c60 f i workflowprotocol.obj
 0001:00000c60       ??_ERunningStateChangeEvent@@UEAAPEAXI@Z 0000000180001c60 f i workflowprotocol.obj
 0001:00000ca0       ??_EStatusChangeEvent@@UEAAPEAXI@Z 0000000180001ca0 f i workflowprotocol.obj
 0001:00000ca0       ??_GStatusChangeEvent@@UEAAPEAXI@Z 0000000180001ca0 f i workflowprotocol.obj
 0001:00000cf0       ??_ESubThreadWorker@@UEAAPEAXI@Z 0000000180001cf0 f i workflowprotocol.obj
 0001:00000cf0       ??_GSubThreadWorker@@UEAAPEAXI@Z 0000000180001cf0 f i workflowprotocol.obj
 0001:00000d70       ?append@?$QList@VQString@@@@QEAAXAEBVQString@@@Z 0000000180001d70 f i workflowprotocol.obj
 0001:00000df0       ?changeHost@SubThreadWorker@@QEAAXAEBVQString@@G@Z 0000000180001df0 f   workflowprotocol.obj
 0001:00000e20       ?configProtocol@SubThreadWorker@@QEAAXAEBVQString@@@Z 0000000180001e20 f   workflowprotocol.obj
 0001:00000e30       ?detach_helper_grow@?$QList@VQString@@@@AEAAPEAUNode@1@HH@Z 0000000180001e30 f i workflowprotocol.obj
 0001:00000f50       ?doWork@SubThreadWorker@@QEAAXAEBVQJsonObject@@@Z 0000000180001f50 f   workflowprotocol.obj
 0001:000011f0       ?formatRecvFrameToJsonObject@WorkflowProtocol@@QEAA_NAEAVQJsonObject@@@Z 00000001800021f0 f   workflowprotocol.obj
 0001:00001270       ?handleControlCommand@SubThreadWorker@@IEAA_NAEAVCommunication@@AEAVQJsonObject@@@Z 0000000180002270 f   workflowprotocol.obj
 0001:00001a00       ?handleLogicalCommand@SubThreadWorker@@IEAA_NAEAVQJsonObject@@AEAH@Z 0000000180002a00 f   workflowprotocol.obj
 0001:00001f70       ?impl@?$QSlotObject@P8SubThreadWorker@@EAAXXZU?$List@$$V@QtPrivate@@X@QtPrivate@@CAXHPEAVQSlotObjectBase@2@PEAVQObject@@PEAPEAXPEA_N@Z 0000000180002f70 f i workflowprotocol.obj
 0001:00001f70       ?impl@?$QSlotObject@P8QObject@@EAAXXZU?$List@$$V@QtPrivate@@X@QtPrivate@@CAXHPEAVQSlotObjectBase@2@PEAVQObject@@PEAPEAXPEA_N@Z 0000000180002f70 f i workflowprotocol.obj
 0001:00001fb0       ?impl@?$QSlotObject@P8SubThreadWorker@@EAAXAEBVQString@@@ZU?$List@AEBVQString@@@QtPrivate@@X@QtPrivate@@CAXHPEAVQSlotObjectBase@2@PEAVQObject@@PEAPEAXPEA_N@Z 0000000180002fb0 f i workflowprotocol.obj
 0001:00001fb0       ?impl@?$QSlotObject@P8SubThreadWorker@@EAAXAEBVQJsonObject@@@ZU?$List@AEBVQJsonObject@@@QtPrivate@@X@QtPrivate@@CAXHPEAVQSlotObjectBase@2@PEAVQObject@@PEAPEAXPEA_N@Z 0000000180002fb0 f i workflowprotocol.obj
 0001:00001fb0       ?impl@?$QSlotObject@P8WorkflowController@@EAAXAEBVQJsonObject@@@ZU?$List@AEBVQJsonObject@@@QtPrivate@@X@QtPrivate@@CAXHPEAVQSlotObjectBase@2@PEAVQObject@@PEAPEAXPEA_N@Z 0000000180002fb0 f i workflowprotocol.obj
 0001:00002000       ?impl@?$QSlotObject@P8SubThreadWorker@@EAAXAEBVQString@@G@ZU?$List@AEBVQString@@G@QtPrivate@@X@QtPrivate@@CAXHPEAVQSlotObjectBase@2@PEAVQObject@@PEAPEAXPEA_N@Z 0000000180003000 f i workflowprotocol.obj
 0001:00002050       ?impl@?$QSlotObject@P8WorkflowController@@EAAX_NH@ZU?$List@_NH@QtPrivate@@X@QtPrivate@@CAXHPEAVQSlotObjectBase@2@PEAVQObject@@PEAPEAXPEA_N@Z 0000000180003050 f i workflowprotocol.obj
 0001:000020a0       ?init@WorkflowController@@QEAAXAEBVQString@@@Z 00000001800030a0 f   workflowprotocol.obj
 0001:000020b0       ?initProtocol@WorkflowProtocol@@QEAA_NAEBVQString@@@Z 00000001800030b0 f   workflowprotocol.obj
 0001:00002200       ?isLogicalCommand@SubThreadWorker@@IEAA_NAEBVQString@@@Z 0000000180003200 f   workflowprotocol.obj
 0001:00002470       ?node_copy@?$QList@VQString@@@@AEAAXPEAUNode@1@00@Z 0000000180003470 f i workflowprotocol.obj
 0001:000024e0       ?node_destruct@?$QList@VQString@@@@AEAAXPEAUNode@1@0@Z 00000001800034e0 f i workflowprotocol.obj
 0001:00002520       ?parseAckFrame@WorkflowProtocol@@QEAA_NAEBVQByteArray@@AEAVQJsonObject@@@Z 0000000180003520 f   workflowprotocol.obj
 0001:00002630       ?parseJsonObjectToSendFrame@WorkflowProtocol@@QEAA_NAEBVQJsonObject@@AEAV2@@Z 0000000180003630 f   workflowprotocol.obj
 0001:00002d40       ?runTask@WorkflowController@@QEAAXAEBVQJsonObject@@@Z 0000000180003d40 f   workflowprotocol.obj
 0001:00002db0       ?serializeSendFrame@WorkflowProtocol@@QEAA?AVQByteArray@@XZ 0000000180003db0 f   workflowprotocol.obj
 0001:00002f00       ?sethost@WorkflowController@@QEAAXAEBVQString@@G@Z 0000000180003f00 f   workflowprotocol.obj
 0001:00002f10       ?statusChanged@WorkflowController@@QEAAXAEBVQJsonObject@@@Z 0000000180003f10 f   workflowprotocol.obj
 0001:00002fa0       ?stopCurrentTask@WorkflowController@@QEAAXXZ 0000000180003fa0 f   workflowprotocol.obj
 0001:00002fd0       ?stopTask@SubThreadWorker@@QEAAXXZ 0000000180003fd0 f   workflowprotocol.obj
 0001:00002fe0       ?taskStateChanged@WorkflowController@@QEAAX_NH@Z 0000000180003fe0 f   workflowprotocol.obj
 0001:00003060       ?tr@WorkflowController@@SA?AVQString@@PEBD0H@Z 0000000180004060 f i workflowprotocol.obj
 0001:00003060       ?trUtf8@WorkflowController@@SA?AVQString@@PEBD0H@Z 0000000180004060 f i workflowprotocol.obj
 0001:000030a0       ?types@?$ConnectionTypes@U?$List@AEBVQString@@G@QtPrivate@@$00@QtPrivate@@SAPEBHXZ 00000001800040a0 f i workflowprotocol.obj
 0001:00003110       ?types@?$ConnectionTypes@U?$List@_NH@QtPrivate@@$00@QtPrivate@@SAPEBHXZ 0000000180004110 f i workflowprotocol.obj
 0001:00003180       ?unserializeRecvFrame@WorkflowProtocol@@QEAAXAEBVQByteArray@@@Z 0000000180004180 f   workflowprotocol.obj
 0001:000032e0       ?changeHost@WorkflowController@@QEAAXAEBVQString@@G@Z 00000001800042e0 f   moc_workflowprotocol.obj
 0001:00003340       ?configProtocol@WorkflowController@@QEAAXAEBVQString@@@Z 0000000180004340 f   moc_workflowprotocol.obj
 0001:00003370       ?metaObject@SubThreadWorker@@UEBAPEBUQMetaObject@@XZ 0000000180004370 f   moc_workflowprotocol.obj
 0001:00003390       ?metaObject@WorkflowController@@UEBAPEBUQMetaObject@@XZ 0000000180004390 f   moc_workflowprotocol.obj
 0001:000033b0       ?qt_metacall@SubThreadWorker@@UEAAHW4Call@QMetaObject@@HPEAPEAX@Z 00000001800043b0 f   moc_workflowprotocol.obj
 0001:00003420       ?qt_metacall@WorkflowController@@UEAAHW4Call@QMetaObject@@HPEAPEAX@Z 0000000180004420 f   moc_workflowprotocol.obj
 0001:00003490       ?qt_metacast@SubThreadWorker@@UEAAPEAXPEBD@Z 0000000180004490 f   moc_workflowprotocol.obj
 0001:000034e0       ?qt_metacast@WorkflowController@@UEAAPEAXPEBD@Z 00000001800044e0 f   moc_workflowprotocol.obj
 0001:00003530       ?qt_static_metacall@SubThreadWorker@@CAXPEAVQObject@@W4Call@QMetaObject@@HPEAPEAX@Z 0000000180004530 f   moc_workflowprotocol.obj
 0001:00003650       ?qt_static_metacall@WorkflowController@@CAXPEAVQObject@@W4Call@QMetaObject@@HPEAPEAX@Z 0000000180004650 f   moc_workflowprotocol.obj
 0001:00003790       ?runNewTask@WorkflowController@@QEAAXAEBVQJsonObject@@@Z 0000000180004790 f   moc_workflowprotocol.obj
 0001:000037c0       ?statusChanged@SubThreadWorker@@QEAAXAEBVQJsonObject@@@Z 00000001800047c0 f   moc_workflowprotocol.obj
 0001:000037f0       ?stopTask@WorkflowController@@QEAAXXZ 00000001800047f0 f   moc_workflowprotocol.obj
 0001:00003810       ?taskStateChanged@SubThreadWorker@@QEAAX_NH@Z 0000000180004810 f   moc_workflowprotocol.obj
 0001:00003870       ?childEvent@QObject@@MEAAXPEAVQChildEvent@@@Z 0000000180004870 f   Qt5Core:Qt5Core.dll
 0001:00003876       ?connectNotify@QObject@@MEAAXAEBVQMetaMethod@@@Z 0000000180004876 f   Qt5Core:Qt5Core.dll
 0001:0000387c       ?customEvent@QObject@@MEAAXPEAVQEvent@@@Z 000000018000487c f   Qt5Core:Qt5Core.dll
 0001:00003882       ?disconnectNotify@QObject@@MEAAXAEBVQMetaMethod@@@Z 0000000180004882 f   Qt5Core:Qt5Core.dll
 0001:00003888       ?event@QObject@@UEAA_NPEAVQEvent@@@Z 0000000180004888 f   Qt5Core:Qt5Core.dll
 0001:0000388e       ?eventFilter@QObject@@UEAA_NPEAV1@PEAVQEvent@@@Z 000000018000488e f   Qt5Core:Qt5Core.dll
 0001:00003894       ?timerEvent@QObject@@MEAAXPEAVQTimerEvent@@@Z 0000000180004894 f   Qt5Core:Qt5Core.dll
 0001:0000389c       ??_M@YAXPEAX_K1P6AX0@Z@Z   000000018000489c f   MSVCRT:ehvecdtr.obj
 0001:00003908       ?__ArrayUnwind@@YAXPEAX_K1P6AX0@Z@Z 0000000180004908 f   MSVCRT:ehvecdtr.obj
 0001:0000396c       ??2@YAPEAX_K@Z             000000018000496c f   MSVCRT:new_scalar.obj
 0001:000039a8       ??_V@YAXPEAX_K@Z           00000001800049a8 f   MSVCRT:delete_array_size.obj
 0001:00003af8       _Init_thread_footer        0000000180004af8 f   MSVCRT:thread_safe_statics.obj
 0001:00003b58       _Init_thread_header        0000000180004b58 f   MSVCRT:thread_safe_statics.obj
 0001:00003bc0       _Init_thread_notify        0000000180004bc0 f   MSVCRT:thread_safe_statics.obj
 0001:00003c1c       _Init_thread_wait          0000000180004c1c f   MSVCRT:thread_safe_statics.obj
 0001:00003cb4       ??_Gtype_info@@UEAAPEAXI@Z 0000000180004cb4 f i MSVCRT:std_type_info_static.obj
 0001:00003cb4       ??_Etype_info@@UEAAPEAXI@Z 0000000180004cb4 f i MSVCRT:std_type_info_static.obj
 0001:00003ce0       __GSHandlerCheck           0000000180004ce0 f   MSVCRT:_gshandler_.obj
 0001:00003d00       __GSHandlerCheckCommon     0000000180004d00 f   MSVCRT:_gshandler_.obj
 0001:00003d70       __security_check_cookie    0000000180004d70 f   MSVCRT:_amdsecgs_.obj
 0001:000040e0       _DllMainCRTStartup         00000001800050e0 f   MSVCRT:dll_dllmain.obj
 0001:00004120       _guard_check_icall         0000000180005120 f i MSVCRT:checkcfg.obj
 0001:00004128       ??0bad_alloc@std@@QEAA@AEBV01@@Z 0000000180005128 f i MSVCRT:throw_bad_alloc.obj
 0001:00004168       ??0bad_alloc@std@@QEAA@XZ  0000000180005168 f i MSVCRT:throw_bad_alloc.obj
 0001:00004188       ??0bad_array_new_length@std@@QEAA@AEBV01@@Z 0000000180005188 f i MSVCRT:throw_bad_alloc.obj
 0001:000041c8       ??0bad_array_new_length@std@@QEAA@XZ 00000001800051c8 f i MSVCRT:throw_bad_alloc.obj
 0001:000041e8       ??0exception@std@@QEAA@AEBV01@@Z 00000001800051e8 f i MSVCRT:throw_bad_alloc.obj
 0001:00004220       ??1bad_array_new_length@std@@UEAA@XZ 0000000180005220 f i MSVCRT:throw_bad_alloc.obj
 0001:00004220       ??1bad_alloc@std@@UEAA@XZ  0000000180005220 f i MSVCRT:throw_bad_alloc.obj
 0001:00004234       ??_Gexception@std@@UEAAPEAXI@Z 0000000180005234 f i MSVCRT:throw_bad_alloc.obj
 0001:00004234       ??_Gbad_array_new_length@std@@UEAAPEAXI@Z 0000000180005234 f i MSVCRT:throw_bad_alloc.obj
 0001:00004234       ??_Ebad_alloc@std@@UEAAPEAXI@Z 0000000180005234 f i MSVCRT:throw_bad_alloc.obj
 0001:00004234       ??_Ebad_array_new_length@std@@UEAAPEAXI@Z 0000000180005234 f i MSVCRT:throw_bad_alloc.obj
 0001:00004234       ??_Gbad_alloc@std@@UEAAPEAXI@Z 0000000180005234 f i MSVCRT:throw_bad_alloc.obj
 0001:00004234       ??_Eexception@std@@UEAAPEAXI@Z 0000000180005234 f i MSVCRT:throw_bad_alloc.obj
 0001:00004278       ?__scrt_throw_std_bad_alloc@@YAXXZ 0000000180005278 f   MSVCRT:throw_bad_alloc.obj
 0001:00004298       ?__scrt_throw_std_bad_array_new_length@@YAXXZ 0000000180005298 f   MSVCRT:throw_bad_alloc.obj
 0001:000042b8       ?what@exception@std@@UEBAPEBDXZ 00000001800052b8 f i MSVCRT:throw_bad_alloc.obj
 0001:000042cc       ??3@YAXPEAX@Z              00000001800052cc f   MSVCRT:delete_scalar.obj
 0001:000042d4       ??3@YAXPEAX_K@Z            00000001800052d4 f   MSVCRT:delete_scalar_size.obj
 0001:000042d4       ??_V@YAXPEAX@Z             00000001800052d4 f   MSVCRT:delete_array.obj
 0001:000042dc       __scrt_acquire_startup_lock 00000001800052dc f   MSVCRT:utility.obj
 0001:00004318       __scrt_dllmain_after_initialize_c 0000000180005318 f   MSVCRT:utility.obj
 0001:0000434c       __scrt_dllmain_before_initialize_c 000000018000534c f   MSVCRT:utility.obj
 0001:00004364       __scrt_dllmain_crt_thread_attach 0000000180005364 f   MSVCRT:utility.obj
 0001:0000438c       __scrt_dllmain_crt_thread_detach 000000018000538c f   MSVCRT:utility.obj
 0001:000043a4       __scrt_dllmain_exception_filter 00000001800053a4 f   MSVCRT:utility.obj
 0001:00004408       __scrt_dllmain_uninitialize_c 0000000180005408 f   MSVCRT:utility.obj
 0001:00004438       __scrt_dllmain_uninitialize_critical 0000000180005438 f   MSVCRT:utility.obj
 0001:0000444c       __scrt_initialize_crt      000000018000544c f   MSVCRT:utility.obj
 0001:00004498       __scrt_initialize_onexit_tables 0000000180005498 f   MSVCRT:utility.obj
 0001:00004564       __scrt_is_nonwritable_in_current_image 0000000180005564 f   MSVCRT:utility.obj
 0001:00004600       __scrt_release_startup_lock 0000000180005600 f   MSVCRT:utility.obj
 0001:00004624       __scrt_uninitialize_crt    0000000180005624 f   MSVCRT:utility.obj
 0001:00004650       _onexit                    0000000180005650 f   MSVCRT:utility.obj
 0001:000046a0       atexit                     00000001800056a0 f   MSVCRT:utility.obj
 0001:000046b8       __scrt_fastfail            00000001800056b8 f   MSVCRT:utility_desktop.obj
 0001:00004800       __raise_securityfailure    0000000180005800 f   MSVCRT:gs_report.obj
 0001:00004834       __report_gsfailure         0000000180005834 f   MSVCRT:gs_report.obj
 0001:0000497c       __security_init_cookie     000000018000597c f   MSVCRT:gs_support.obj
 0001:00004a28       DllMain                    0000000180005a28 f   MSVCRT:dll_dllmain_stub.obj
 0001:00004a4c       ?__scrt_initialize_type_info@@YAXXZ 0000000180005a4c f   MSVCRT:tncleanup.obj
 0001:00004a5c       ?__scrt_uninitialize_type_info@@YAXXZ 0000000180005a5c f   MSVCRT:tncleanup.obj
 0001:00004a68       __local_stdio_printf_options 0000000180005a68 f i MSVCRT:default_local_stdio_options.obj
 0001:00004a70       __local_stdio_scanf_options 0000000180005a70 f i MSVCRT:default_local_stdio_options.obj
 0001:00004a78       __scrt_initialize_default_local_stdio_options 0000000180005a78 f   MSVCRT:default_local_stdio_options.obj
 0001:00004a94       __scrt_get_dyn_tls_init_callback 0000000180005a94 f   MSVCRT:dyn_tls_init.obj
 0001:00004a9c       _RTC_Initialize            0000000180005a9c f   MSVCRT:_initsect_.obj
 0001:00004ae8       _RTC_Terminate             0000000180005ae8 f   MSVCRT:_initsect_.obj
 0001:00004b34       _guard_check_icall_nop     0000000180005b34 f i MSVCRT:guard_support.obj
 0001:00004b38       __isa_available_init       0000000180005b38 f   MSVCRT:_cpu_disp_.obj
 0001:00004d00       _get_startup_argv_mode     0000000180005d00 f   MSVCRT:argv_mode.obj
 0001:00004d08       __scrt_is_ucrt_dll_in_use  0000000180005d08 f   MSVCRT:ucrt_detection.obj
 0001:00004d20       IsProcessorFeaturePresent  0000000180005d20 f   kernel32:KERNEL32.dll
 0001:00004d26       __std_terminate            0000000180005d26 f   vcruntime:VCRUNTIME140.dll
 0001:00004d2c       _CxxThrowException         0000000180005d2c f   vcruntime:VCRUNTIME140.dll
 0001:00004d32       __CxxFrameHandler3         0000000180005d32 f   vcruntime:VCRUNTIME140.dll
 0001:00004d38       __C_specific_handler       0000000180005d38 f   vcruntime:VCRUNTIME140.dll
 0001:00004d3e       __vcrt_InitializeCriticalSectionEx 0000000180005d3e f   vcruntime:VCRUNTIME140.dll
 0001:00004d44       __std_exception_copy       0000000180005d44 f   vcruntime:VCRUNTIME140.dll
 0001:00004d4a       __std_exception_destroy    0000000180005d4a f   vcruntime:VCRUNTIME140.dll
 0001:00004d50       memset                     0000000180005d50 f   vcruntime:VCRUNTIME140.dll
 0001:00004d56       __std_type_info_destroy_list 0000000180005d56 f   vcruntime:VCRUNTIME140.dll
 0001:00004d5c       terminate                  0000000180005d5c f   ucrt:api-ms-win-crt-runtime-l1-1-0.dll
 0001:00004d62       _callnewh                  0000000180005d62 f   ucrt:api-ms-win-crt-heap-l1-1-0.dll
 0001:00004d68       malloc                     0000000180005d68 f   ucrt:api-ms-win-crt-heap-l1-1-0.dll
 0001:00004d6e       _initterm                  0000000180005d6e f   ucrt:api-ms-win-crt-runtime-l1-1-0.dll
 0001:00004d74       _initterm_e                0000000180005d74 f   ucrt:api-ms-win-crt-runtime-l1-1-0.dll
 0001:00004d7a       free                       0000000180005d7a f   ucrt:api-ms-win-crt-heap-l1-1-0.dll
 0001:00004d80       _seh_filter_dll            0000000180005d80 f   ucrt:api-ms-win-crt-runtime-l1-1-0.dll
 0001:00004d86       _configure_narrow_argv     0000000180005d86 f   ucrt:api-ms-win-crt-runtime-l1-1-0.dll
 0001:00004d8c       _initialize_narrow_environment 0000000180005d8c f   ucrt:api-ms-win-crt-runtime-l1-1-0.dll
 0001:00004d92       _initialize_onexit_table   0000000180005d92 f   ucrt:api-ms-win-crt-runtime-l1-1-0.dll
 0001:00004d98       _register_onexit_function  0000000180005d98 f   ucrt:api-ms-win-crt-runtime-l1-1-0.dll
 0001:00004d9e       _execute_onexit_table      0000000180005d9e f   ucrt:api-ms-win-crt-runtime-l1-1-0.dll
 0001:00004da4       _crt_atexit                0000000180005da4 f   ucrt:api-ms-win-crt-runtime-l1-1-0.dll
 0001:00004daa       _cexit                     0000000180005daa f   ucrt:api-ms-win-crt-runtime-l1-1-0.dll
 0001:00004db0       __vcrt_thread_detach       0000000180005db0 f   MSVCRT:ucrt_stubs.obj
 0001:00004db0       __acrt_thread_attach       0000000180005db0 f   MSVCRT:ucrt_stubs.obj
 0001:00004db0       __acrt_uninitialize_critical 0000000180005db0 f   MSVCRT:ucrt_stubs.obj
 0001:00004db0       __scrt_stub_for_acrt_initialize 0000000180005db0 f   MSVCRT:ucrt_stubs.obj
 0001:00004db0       __scrt_stub_for_acrt_uninitialize_critical 0000000180005db0 f   MSVCRT:ucrt_stubs.obj
 0001:00004db0       __scrt_stub_for_acrt_thread_attach 0000000180005db0 f   MSVCRT:ucrt_stubs.obj
 0001:00004db0       __vcrt_uninitialize_critical 0000000180005db0 f   MSVCRT:ucrt_stubs.obj
 0001:00004db0       __acrt_initialize          0000000180005db0 f   MSVCRT:ucrt_stubs.obj
 0001:00004db0       __acrt_uninitialize        0000000180005db0 f   MSVCRT:ucrt_stubs.obj
 0001:00004db0       __vcrt_thread_attach       0000000180005db0 f   MSVCRT:ucrt_stubs.obj
 0001:00004db0       __scrt_stub_for_acrt_thread_detach 0000000180005db0 f   MSVCRT:ucrt_stubs.obj
 0001:00004db0       __scrt_stub_for_acrt_uninitialize 0000000180005db0 f   MSVCRT:ucrt_stubs.obj
 0001:00004db0       __vcrt_uninitialize        0000000180005db0 f   MSVCRT:ucrt_stubs.obj
 0001:00004db0       __vcrt_initialize          0000000180005db0 f   MSVCRT:ucrt_stubs.obj
 0001:00004db0       __acrt_thread_detach       0000000180005db0 f   MSVCRT:ucrt_stubs.obj
 0001:00004db4       __scrt_stub_for_is_c_termination_complete 0000000180005db4 f   MSVCRT:ucrt_stubs.obj
 0001:00004db4       _is_c_termination_complete 0000000180005db4 f   MSVCRT:ucrt_stubs.obj
 0001:00004dd0       _guard_dispatch_icall_nop  0000000180005dd0 f   MSVCRT:_guard_dispatch_.obj
 0002:00000000       __imp_?connectToServer@Communication@@QEAA_NAEBVQString@@G@Z 0000000180007000     Communication:Communication.dll
 0002:00000008       __imp_?disconnect@Communication@@QEAAXXZ 0000000180007008     Communication:Communication.dll
 0002:00000010       __imp_?write@Communication@@QEAA_JAEBVQByteArray@@@Z 0000000180007010     Communication:Communication.dll
 0002:00000018       __imp_?readData@Communication@@QEAA?AVQByteArray@@H@Z 0000000180007018     Communication:Communication.dll
 0002:00000020       __imp_??1Communication@@QEAA@XZ 0000000180007020     Communication:Communication.dll
 0002:00000028       __imp_??0Communication@@QEAA@XZ 0000000180007028     Communication:Communication.dll
 0002:00000030       \177Communication_NULL_THUNK_DATA 0000000180007030     Communication:Communication.dll
 0002:00000038       __imp_InitializeSListHead  0000000180007038     kernel32:KERNEL32.dll
 0002:00000040       __imp_DisableThreadLibraryCalls 0000000180007040     kernel32:KERNEL32.dll
 0002:00000048       __imp_GetSystemTimeAsFileTime 0000000180007048     kernel32:KERNEL32.dll
 0002:00000050       __imp_GetCurrentThreadId   0000000180007050     kernel32:KERNEL32.dll
 0002:00000058       __imp_GetCurrentProcessId  0000000180007058     kernel32:KERNEL32.dll
 0002:00000060       __imp_QueryPerformanceCounter 0000000180007060     kernel32:KERNEL32.dll
 0002:00000068       __imp_TerminateProcess     0000000180007068     kernel32:KERNEL32.dll
 0002:00000070       __imp_GetCurrentProcess    0000000180007070     kernel32:KERNEL32.dll
 0002:00000078       __imp_IsProcessorFeaturePresent 0000000180007078     kernel32:KERNEL32.dll
 0002:00000080       __imp_SetUnhandledExceptionFilter 0000000180007080     kernel32:KERNEL32.dll
 0002:00000088       __imp_UnhandledExceptionFilter 0000000180007088     kernel32:KERNEL32.dll
 0002:00000090       __imp_IsDebuggerPresent    0000000180007090     kernel32:KERNEL32.dll
 0002:00000098       __imp_RtlVirtualUnwind     0000000180007098     kernel32:KERNEL32.dll
 0002:000000a0       __imp_RtlLookupFunctionEntry 00000001800070a0     kernel32:KERNEL32.dll
 0002:000000a8       __imp_RtlCaptureContext    00000001800070a8     kernel32:KERNEL32.dll
 0002:000000b0       __imp_GetProcAddress       00000001800070b0     kernel32:KERNEL32.dll
 0002:000000b8       __imp_GetModuleHandleW     00000001800070b8     kernel32:KERNEL32.dll
 0002:000000c0       __imp_CreateEventW         00000001800070c0     kernel32:KERNEL32.dll
 0002:000000c8       __imp_WaitForSingleObjectEx 00000001800070c8     kernel32:KERNEL32.dll
 0002:000000d0       __imp_ResetEvent           00000001800070d0     kernel32:KERNEL32.dll
 0002:000000d8       __imp_SetEvent             00000001800070d8     kernel32:KERNEL32.dll
 0002:000000e0       __imp_DeleteCriticalSection 00000001800070e0     kernel32:KERNEL32.dll
 0002:000000e8       __imp_LeaveCriticalSection 00000001800070e8     kernel32:KERNEL32.dll
 0002:000000f0       __imp_EnterCriticalSection 00000001800070f0     kernel32:KERNEL32.dll
 0002:000000f8       __imp_CloseHandle          00000001800070f8     kernel32:KERNEL32.dll
 0002:00000100       \177KERNEL32_NULL_THUNK_DATA 0000000180007100     kernel32:KERNEL32.dll
 0002:00000108       __imp_??0QJsonValue@@QEAA@AEBVQString@@@Z 0000000180007108     Qt5Core:Qt5Core.dll
 0002:00000110       __imp_??0QJsonValue@@QEAA@PEBD@Z 0000000180007110     Qt5Core:Qt5Core.dll
 0002:00000118       __imp_??1QJsonValue@@QEAA@XZ 0000000180007118     Qt5Core:Qt5Core.dll
 0002:00000120       __imp_?toInt@QJsonValue@@QEBAHH@Z 0000000180007120     Qt5Core:Qt5Core.dll
 0002:00000128       __imp_?toString@QJsonValue@@QEBA?AVQString@@XZ 0000000180007128     Qt5Core:Qt5Core.dll
 0002:00000130       __imp_?toArray@QJsonValue@@QEBA?AVQJsonArray@@XZ 0000000180007130     Qt5Core:Qt5Core.dll
 0002:00000138       __imp_?toObject@QJsonValue@@QEBA?AVQJsonObject@@XZ 0000000180007138     Qt5Core:Qt5Core.dll
 0002:00000140       __imp_??4QJsonValueRef@@QEAAAEAV0@AEBVQJsonValue@@@Z 0000000180007140     Qt5Core:Qt5Core.dll
 0002:00000148       __imp_??4QJsonValueRef@@QEAAAEAV0@AEBV0@@Z 0000000180007148     Qt5Core:Qt5Core.dll
 0002:00000150       __imp_?toString@QJsonValueRef@@QEBA?AVQString@@XZ 0000000180007150     Qt5Core:Qt5Core.dll
 0002:00000158       __imp_?toArray@QJsonValueRef@@QEBA?AVQJsonArray@@XZ 0000000180007158     Qt5Core:Qt5Core.dll
 0002:00000160       __imp_?toObject@QJsonValueRef@@QEBA?AVQJsonObject@@XZ 0000000180007160     Qt5Core:Qt5Core.dll
 0002:00000168       __imp_?toValue@QJsonValueRef@@AEBA?AVQJsonValue@@XZ 0000000180007168     Qt5Core:Qt5Core.dll
 0002:00000170       __imp_??0QJsonObject@@QEAA@XZ 0000000180007170     Qt5Core:Qt5Core.dll
 0002:00000178       __imp_??1QJsonObject@@QEAA@XZ 0000000180007178     Qt5Core:Qt5Core.dll
 0002:00000180       __imp_??0QJsonObject@@QEAA@AEBV0@@Z 0000000180007180     Qt5Core:Qt5Core.dll
 0002:00000188       __imp_??4QJsonObject@@QEAAAEAV0@AEBV0@@Z 0000000180007188     Qt5Core:Qt5Core.dll
 0002:00000190       __imp_??AQJsonObject@@QEBA?AVQJsonValue@@AEBVQString@@@Z 0000000180007190     Qt5Core:Qt5Core.dll
 0002:00000198       __imp_??AQJsonObject@@QEAA?AVQJsonValueRef@@AEBVQString@@@Z 0000000180007198     Qt5Core:Qt5Core.dll
 0002:000001a0       __imp_?tr@QMetaObject@@QEBA?AVQString@@PEBD0H@Z 00000001800071a0     Qt5Core:Qt5Core.dll
 0002:000001a8       __imp_??1Connection@QMetaObject@@QEAA@XZ 00000001800071a8     Qt5Core:Qt5Core.dll
 0002:000001b0       __imp_?detach@QListData@@QEAAPEAUData@1@H@Z 00000001800071b0     Qt5Core:Qt5Core.dll
 0002:000001b8       __imp_?detach_grow@QListData@@QEAAPEAUData@1@PEAHH@Z 00000001800071b8     Qt5Core:Qt5Core.dll
 0002:000001c0       __imp_?dispose@QListData@@SAXPEAUData@1@@Z 00000001800071c0     Qt5Core:Qt5Core.dll
 0002:000001c8       __imp_?append@QListData@@QEAAPEAPEAXXZ 00000001800071c8     Qt5Core:Qt5Core.dll
 0002:000001d0       __imp_?begin@QListData@@QEBAPEAPEAXXZ 00000001800071d0     Qt5Core:Qt5Core.dll
 0002:000001d8       __imp_?end@QListData@@QEBAPEAPEAXXZ 00000001800071d8     Qt5Core:Qt5Core.dll
 0002:000001e0       __imp_??0QObject@@QEAA@PEAV0@@Z 00000001800071e0     Qt5Core:Qt5Core.dll
 0002:000001e8       __imp_??1QObject@@UEAA@XZ  00000001800071e8     Qt5Core:Qt5Core.dll
 0002:000001f0       __imp_?moveToThread@QObject@@QEAAXPEAVQThread@@@Z 00000001800071f0     Qt5Core:Qt5Core.dll
 0002:000001f8       __imp_?deleteLater@QObject@@QEAAXXZ 00000001800071f8     Qt5Core:Qt5Core.dll
 0002:00000200       __imp_?connectImpl@QObject@@CA?AVConnection@QMetaObject@@PEBV1@PEAPEAX01PEAVQSlotObjectBase@QtPrivate@@W4ConnectionType@Qt@@PEBHPEBU3@@Z 0000000180007200     Qt5Core:Qt5Core.dll
 0002:00000208       __imp_??0QThread@@QEAA@PEAVQObject@@@Z 0000000180007208     Qt5Core:Qt5Core.dll
 0002:00000210       __imp_??1QThread@@UEAA@XZ  0000000180007210     Qt5Core:Qt5Core.dll
 0002:00000218       __imp_?isRunning@QThread@@QEBA_NXZ 0000000180007218     Qt5Core:Qt5Core.dll
 0002:00000220       __imp_?start@QThread@@QEAAXW4Priority@1@@Z 0000000180007220     Qt5Core:Qt5Core.dll
 0002:00000228       __imp_??0QJsonValue@@QEAA@H@Z 0000000180007228     Qt5Core:Qt5Core.dll
 0002:00000230       __imp_?wait@QThread@@QEAA_NK@Z 0000000180007230     Qt5Core:Qt5Core.dll
 0002:00000238       __imp_?usleep@QThread@@SAXK@Z 0000000180007238     Qt5Core:Qt5Core.dll
 0002:00000240       __imp_?finished@QThread@@QEAAXUQPrivateSignal@1@@Z 0000000180007240     Qt5Core:Qt5Core.dll
 0002:00000248       __imp_?isOpen@QIODevice@@QEBA_NXZ 0000000180007248     Qt5Core:Qt5Core.dll
 0002:00000250       __imp_?readAll@QIODevice@@QEAA?AVQByteArray@@XZ 0000000180007250     Qt5Core:Qt5Core.dll
 0002:00000258       __imp_?hex@@YAAEAVQTextStream@@AEAV1@@Z 0000000180007258     Qt5Core:Qt5Core.dll
 0002:00000260       __imp_??1QDebug@@QEAA@XZ   0000000180007260     Qt5Core:Qt5Core.dll
 0002:00000268       __imp_??6QDebug@@QEAAAEAV0@H@Z 0000000180007268     Qt5Core:Qt5Core.dll
 0002:00000270       __imp_??6QDebug@@QEAAAEAV0@PEBD@Z 0000000180007270     Qt5Core:Qt5Core.dll
 0002:00000278       __imp_??6QDebug@@QEAAAEAV0@AEBVQByteArray@@@Z 0000000180007278     Qt5Core:Qt5Core.dll
 0002:00000280       __imp_??6QDebug@@QEAAAEAV0@P6AAEAVQTextStream@@AEAV1@@Z@Z 0000000180007280     Qt5Core:Qt5Core.dll
 0002:00000288       __imp_??0QEvent@@QEAA@W4Type@0@@Z 0000000180007288     Qt5Core:Qt5Core.dll
 0002:00000290       __imp_??1QEvent@@UEAA@XZ   0000000180007290     Qt5Core:Qt5Core.dll
 0002:00000298       __imp_??1QJsonDocument@@QEAA@XZ 0000000180007298     Qt5Core:Qt5Core.dll
 0002:000002a0       __imp_?fromJson@QJsonDocument@@SA?AV1@AEBVQByteArray@@PEAUQJsonParseError@@@Z 00000001800072a0     Qt5Core:Qt5Core.dll
 0002:000002a8       __imp_?object@QJsonDocument@@QEBA?AVQJsonObject@@XZ 00000001800072a8     Qt5Core:Qt5Core.dll
 0002:000002b0       __imp_??1QJsonArray@@QEAA@XZ 00000001800072b0     Qt5Core:Qt5Core.dll
 0002:000002b8       __imp_?size@QJsonArray@@QEBAHXZ 00000001800072b8     Qt5Core:Qt5Core.dll
 0002:000002c0       __imp_??AQJsonArray@@QEAA?AVQJsonValueRef@@H@Z 00000001800072c0     Qt5Core:Qt5Core.dll
 0002:000002c8       __imp_?start@QElapsedTimer@@QEAAXXZ 00000001800072c8     Qt5Core:Qt5Core.dll
 0002:000002d0       __imp_?restart@QElapsedTimer@@QEAA_JXZ 00000001800072d0     Qt5Core:Qt5Core.dll
 0002:000002d8       __imp_?elapsed@QElapsedTimer@@QEBA_JXZ 00000001800072d8     Qt5Core:Qt5Core.dll
 0002:000002e0       __imp_?close@QFileDevice@@UEAAXXZ 00000001800072e0     Qt5Core:Qt5Core.dll
 0002:000002e8       __imp_??0QFile@@QEAA@AEBVQString@@@Z 00000001800072e8     Qt5Core:Qt5Core.dll
 0002:000002f0       __imp_??1QFile@@UEAA@XZ    00000001800072f0     Qt5Core:Qt5Core.dll
 0002:000002f8       __imp_?open@QFile@@UEAA_NV?$QFlags@W4OpenModeFlag@QIODevice@@@@@Z 00000001800072f8     Qt5Core:Qt5Core.dll
 0002:00000300       __imp_?postEvent@QCoreApplication@@SAXPEAVQObject@@PEAVQEvent@@H@Z 0000000180007300     Qt5Core:Qt5Core.dll
 0002:00000308       __imp_?childEvent@QObject@@MEAAXPEAVQChildEvent@@@Z 0000000180007308     Qt5Core:Qt5Core.dll
 0002:00000310       __imp_?connectNotify@QObject@@MEAAXAEBVQMetaMethod@@@Z 0000000180007310     Qt5Core:Qt5Core.dll
 0002:00000318       __imp_?customEvent@QObject@@MEAAXPEAVQEvent@@@Z 0000000180007318     Qt5Core:Qt5Core.dll
 0002:00000320       __imp_?disconnectNotify@QObject@@MEAAXAEBVQMetaMethod@@@Z 0000000180007320     Qt5Core:Qt5Core.dll
 0002:00000328       __imp_?event@QObject@@UEAA_NPEAVQEvent@@@Z 0000000180007328     Qt5Core:Qt5Core.dll
 0002:00000330       __imp_?eventFilter@QObject@@UEAA_NPEAV1@PEAVQEvent@@@Z 0000000180007330     Qt5Core:Qt5Core.dll
 0002:00000338       __imp_?timerEvent@QObject@@MEAAXPEAVQTimerEvent@@@Z 0000000180007338     Qt5Core:Qt5Core.dll
 0002:00000340       __imp_?shared_null@QListData@@2UData@1@B 0000000180007340     Qt5Core:Qt5Core.dll
 0002:00000348       __imp_?staticMetaObject@QThread@@2UQMetaObject@@B 0000000180007348     Qt5Core:Qt5Core.dll
 0002:00000350       __imp_?self@QCoreApplication@@0PEAV1@EA 0000000180007350     Qt5Core:Qt5Core.dll
 0002:00000358       __imp_?activate@QMetaObject@@SAXPEAVQObject@@PEBU1@HPEAPEAX@Z 0000000180007358     Qt5Core:Qt5Core.dll
 0002:00000360       __imp_?dynamicMetaObject@QObjectData@@QEBAPEAUQMetaObject@@XZ 0000000180007360     Qt5Core:Qt5Core.dll
 0002:00000368       __imp_?qt_metacast@QObject@@UEAAPEAXPEBD@Z 0000000180007368     Qt5Core:Qt5Core.dll
 0002:00000370       __imp_?qt_metacall@QObject@@UEAAHW4Call@QMetaObject@@HPEAPEAX@Z 0000000180007370     Qt5Core:Qt5Core.dll
 0002:00000378       __imp_?staticMetaObject@QObject@@2UQMetaObject@@B 0000000180007378     Qt5Core:Qt5Core.dll
 0002:00000380       __imp_??0QJsonValue@@QEAA@_N@Z 0000000180007380     Qt5Core:Qt5Core.dll
 0002:00000388       __imp_?fromAscii_helper@QString@@CAPEAU?$QTypedArrayData@G@@PEBDH@Z 0000000180007388     Qt5Core:Qt5Core.dll
 0002:00000390       __imp_??8QString@@QEBA_NPEBD@Z 0000000180007390     Qt5Core:Qt5Core.dll
 0002:00000398       __imp_??8@YA_NAEBVQString@@0@Z 0000000180007398     Qt5Core:Qt5Core.dll
 0002:000003a0       __imp_?toInt@QString@@QEBAHPEA_NH@Z 00000001800073a0     Qt5Core:Qt5Core.dll
 0002:000003a8       __imp_?right@QString@@QEBA?AV1@H@Z 00000001800073a8     Qt5Core:Qt5Core.dll
 0002:000003b0       __imp_?at@QString@@QEBA?BVQChar@@H@Z 00000001800073b0     Qt5Core:Qt5Core.dll
 0002:000003b8       __imp_??4QString@@QEAAAEAV0@AEBV0@@Z 00000001800073b8     Qt5Core:Qt5Core.dll
 0002:000003c0       __imp_??1QString@@QEAA@XZ  00000001800073c0     Qt5Core:Qt5Core.dll
 0002:000003c8       __imp_??0QString@@QEAA@AEBV0@@Z 00000001800073c8     Qt5Core:Qt5Core.dll
 0002:000003d0       __imp_??0QString@@QEAA@XZ  00000001800073d0     Qt5Core:Qt5Core.dll
 0002:000003d8       __imp_?remove@QByteArray@@QEAAAEAV1@HH@Z 00000001800073d8     Qt5Core:Qt5Core.dll
 0002:000003e0       __imp_?append@QByteArray@@QEAAAEAV1@AEBV1@@Z 00000001800073e0     Qt5Core:Qt5Core.dll
 0002:000003e8       __imp_?right@QByteArray@@QEBA?AV1@H@Z 00000001800073e8     Qt5Core:Qt5Core.dll
 0002:000003f0       __imp_?left@QByteArray@@QEBA?AV1@H@Z 00000001800073f0     Qt5Core:Qt5Core.dll
 0002:000003f8       __imp_?data@QByteArray@@QEBAPEBDXZ 00000001800073f8     Qt5Core:Qt5Core.dll
 0002:00000400       __imp_?data@QByteArray@@QEAAPEADXZ 0000000180007400     Qt5Core:Qt5Core.dll
 0002:00000408       __imp_??4QByteArray@@QEAAAEAV0@$$QEAV0@@Z 0000000180007408     Qt5Core:Qt5Core.dll
 0002:00000410       __imp_??1QByteArray@@QEAA@XZ 0000000180007410     Qt5Core:Qt5Core.dll
 0002:00000418       __imp_??0QByteArray@@QEAA@AEBV0@@Z 0000000180007418     Qt5Core:Qt5Core.dll
 0002:00000420       __imp_??0QByteArray@@QEAA@PEBDH@Z 0000000180007420     Qt5Core:Qt5Core.dll
 0002:00000428       __imp_??0QByteArray@@QEAA@XZ 0000000180007428     Qt5Core:Qt5Core.dll
 0002:00000430       __imp_??0QChar@@QEAA@H@Z   0000000180007430     Qt5Core:Qt5Core.dll
 0002:00000438       __imp_?debug@QMessageLogger@@QEBA?AVQDebug@@XZ 0000000180007438     Qt5Core:Qt5Core.dll
 0002:00000440       __imp_?warning@QMessageLogger@@QEBAXPEBDZZ 0000000180007440     Qt5Core:Qt5Core.dll
 0002:00000448       __imp_??0QMessageLogger@@QEAA@PEBDH0@Z 0000000180007448     Qt5Core:Qt5Core.dll
 0002:00000450       __imp_?quit@QThread@@QEAAXXZ 0000000180007450     Qt5Core:Qt5Core.dll
 0002:00000458       \177Qt5Core_NULL_THUNK_DATA 0000000180007458     Qt5Core:Qt5Core.dll
 0002:00000460       __imp___std_terminate      0000000180007460     vcruntime:VCRUNTIME140.dll
 0002:00000468       __imp__CxxThrowException   0000000180007468     vcruntime:VCRUNTIME140.dll
 0002:00000470       __imp___CxxFrameHandler3   0000000180007470     vcruntime:VCRUNTIME140.dll
 0002:00000478       __imp___C_specific_handler 0000000180007478     vcruntime:VCRUNTIME140.dll
 0002:00000480       __imp___vcrt_InitializeCriticalSectionEx 0000000180007480     vcruntime:VCRUNTIME140.dll
 0002:00000488       __imp___std_exception_copy 0000000180007488     vcruntime:VCRUNTIME140.dll
 0002:00000490       __imp___std_exception_destroy 0000000180007490     vcruntime:VCRUNTIME140.dll
 0002:00000498       __imp_memset               0000000180007498     vcruntime:VCRUNTIME140.dll
 0002:000004a0       __imp___std_type_info_destroy_list 00000001800074a0     vcruntime:VCRUNTIME140.dll
 0002:000004a8       \177VCRUNTIME140_NULL_THUNK_DATA 00000001800074a8     vcruntime:VCRUNTIME140.dll
 0002:000004b0       __imp_free                 00000001800074b0     ucrt:api-ms-win-crt-heap-l1-1-0.dll
 0002:000004b8       __imp__callnewh            00000001800074b8     ucrt:api-ms-win-crt-heap-l1-1-0.dll
 0002:000004c0       __imp_malloc               00000001800074c0     ucrt:api-ms-win-crt-heap-l1-1-0.dll
 0002:000004c8       \177api-ms-win-crt-heap-l1-1-0_NULL_THUNK_DATA 00000001800074c8     ucrt:api-ms-win-crt-heap-l1-1-0.dll
 0002:000004d0       __imp__initterm_e          00000001800074d0     ucrt:api-ms-win-crt-runtime-l1-1-0.dll
 0002:000004d8       __imp_terminate            00000001800074d8     ucrt:api-ms-win-crt-runtime-l1-1-0.dll
 0002:000004e0       __imp__seh_filter_dll      00000001800074e0     ucrt:api-ms-win-crt-runtime-l1-1-0.dll
 0002:000004e8       __imp__configure_narrow_argv 00000001800074e8     ucrt:api-ms-win-crt-runtime-l1-1-0.dll
 0002:000004f0       __imp__initialize_narrow_environment 00000001800074f0     ucrt:api-ms-win-crt-runtime-l1-1-0.dll
 0002:000004f8       __imp__initialize_onexit_table 00000001800074f8     ucrt:api-ms-win-crt-runtime-l1-1-0.dll
 0002:00000500       __imp__register_onexit_function 0000000180007500     ucrt:api-ms-win-crt-runtime-l1-1-0.dll
 0002:00000508       __imp__execute_onexit_table 0000000180007508     ucrt:api-ms-win-crt-runtime-l1-1-0.dll
 0002:00000510       __imp__crt_atexit          0000000180007510     ucrt:api-ms-win-crt-runtime-l1-1-0.dll
 0002:00000518       __imp__cexit               0000000180007518     ucrt:api-ms-win-crt-runtime-l1-1-0.dll
 0002:00000520       __imp__initterm            0000000180007520     ucrt:api-ms-win-crt-runtime-l1-1-0.dll
 0002:00000528       \177api-ms-win-crt-runtime-l1-1-0_NULL_THUNK_DATA 0000000180007528     ucrt:api-ms-win-crt-runtime-l1-1-0.dll
 0002:00000530       __guard_check_icall_fptr   0000000180007530     MSVCRT:guard_support.obj
 0002:00000538       __guard_dispatch_icall_fptr 0000000180007538     MSVCRT:guard_support.obj
 0002:00000540       __xc_a                     0000000180007540     MSVCRT:initializers.obj
 0002:00000558       __xc_z                     0000000180007558     MSVCRT:initializers.obj
 0002:00000560       __xi_a                     0000000180007560     MSVCRT:initializers.obj
 0002:00000570       __xi_z                     0000000180007570     MSVCRT:initializers.obj
 0002:00000578       __xl_a                     0000000180007578     MSVCRT:tlssup.obj
 0002:00000580       __xl_z                     0000000180007580     MSVCRT:tlssup.obj
 0002:00000588       __xp_a                     0000000180007588     MSVCRT:initializers.obj
 0002:00000590       __xp_z                     0000000180007590     MSVCRT:initializers.obj
 0002:00000598       __xt_a                     0000000180007598     MSVCRT:initializers.obj
 0002:000005a0       __xt_z                     00000001800075a0     MSVCRT:initializers.obj
 0002:000008d0       ??_C@_00CNPNBAHC@?$AA@     00000001800078d0     workflowprotocol.obj
 0002:000008e0       ??_7SubThreadWorker@@6B@   00000001800078e0     workflowprotocol.obj
 0002:00000940       ??_7WorkflowController@@6B@ 0000000180007940     workflowprotocol.obj
 0002:000009a0       ??_7StatusChangeEvent@@6B@ 00000001800079a0     workflowprotocol.obj
 0002:000009b0       ??_7RunningStateChangeEvent@@6B@ 00000001800079b0     workflowprotocol.obj
 0002:000009b8       ??_C@_0BL@HDECHFNK@Couldn?8t?5open?5config?5file?4?$AA@ 00000001800079b8     workflowprotocol.obj
 0002:000009d8       ??_C@_08NAKOFPNG@Protocol?$AA@ 00000001800079d8     workflowprotocol.obj
 0002:000009e8       ??_C@_0M@NNEGCPOA@send?5buffer?$AA@ 00000001800079e8     workflowprotocol.obj
 0002:000009f8       ??_C@_09BOOHIMDB@operation?$AA@ 00000001800079f8     workflowprotocol.obj
 0002:00000a04       ??_C@_04PJOLNDGD@data?$AA@ 0000000180007a04     workflowprotocol.obj
 0002:00000a0c       ??_C@_06JMGHNNK@params?$AA@ 0000000180007a0c     workflowprotocol.obj
 0002:00000a18       ??_C@_09NKOPJPKG@byte?5size?$AA@ 0000000180007a18     workflowprotocol.obj
 0002:00000a28       ??_C@_08IBBDGPOF@sequence?$AA@ 0000000180007a28     workflowprotocol.obj
 0002:00000a38       ??_C@_09MOEBNLDL@ackResult?$AA@ 0000000180007a38     workflowprotocol.obj
 0002:00000a48       ??_C@_0BI@LHNHBKK@recv?5head?5code?5error?5?$CFd?$AA@ 0000000180007a48     workflowprotocol.obj
 0002:00000a60       ??_C@_0BK@JEOIEKEG@recv?5length?5code?5error?5?$CFd?$AA@ 0000000180007a60     workflowprotocol.obj
 0002:00000a80       ??_C@_0P@HBMDFJEL@maxReceiveTime?$AA@ 0000000180007a80     workflowprotocol.obj
 0002:00000a90       ??_C@_0L@FFNCMNID@operations?$AA@ 0000000180007a90     workflowprotocol.obj
 0002:00000aa0       ??_C@_0L@KCLLKANI@startIndex?$AA@ 0000000180007aa0     workflowprotocol.obj
 0002:00000ab0       ??_C@_09OKOOLBCO@WaitArray?$AA@ 0000000180007ab0     workflowprotocol.obj
 0002:00000abc       ??_C@_04KLCPKPBE@Loop?$AA@ 0000000180007abc     workflowprotocol.obj
 0002:00000ac8       ??_C@_07CBLODBBN@EndLoop?$AA@ 0000000180007ac8     workflowprotocol.obj
 0002:00000ad0       ??_C@_08OAGMDKAF@position?$AA@ 0000000180007ad0     workflowprotocol.obj
 0002:00000adc       ??_C@_04MIIPNNEF@send?$AA@ 0000000180007adc     workflowprotocol.obj
 0002:00000ae4       ??_C@_03JBLJHHJA@ack?$AA@  0000000180007ae4     workflowprotocol.obj
 0002:00000ae8       ??_C@_0BB@FNMNOOKH@newOperationItem?$AA@ 0000000180007ae8     workflowprotocol.obj
 0002:00000b00       ??_C@_08MMNALFJK@waitTime?$AA@ 0000000180007b00     workflowprotocol.obj
 0002:00000b10       ??_C@_0L@KLGDOJIH@cycleCount?$AA@ 0000000180007b10     workflowprotocol.obj
 0002:00000b20       ??_C@_0O@IBBMKKDB@client?5write?5?$AA@ 0000000180007b20     workflowprotocol.obj
 0002:00000b30       ??_C@_06LCIDCBMH@?5bytes?$AA@ 0000000180007b30     workflowprotocol.obj
 0002:00000b38       ??_C@_08LGEOGOAO@recv?5ack?$AA@ 0000000180007b38     workflowprotocol.obj
 0002:00000b48       ??_C@_0BH@JPFKMKFK@worker?5thread?5is?5dead?4?$AA@ 0000000180007b48     workflowprotocol.obj
 0002:00000b60       __xmm@80000000000000008000000000000000 0000000180007b60     workflowprotocol.obj
 0002:000010c8       ??_C@_1BK@MGMFAEKH@?$AAk?$AAe?$AAr?$AAn?$AAe?$AAl?$AA3?$AA2?$AA?4?$AAd?$AAl?$AAl?$AA?$AA@ 00000001800080c8     MSVCRT:thread_safe_statics.obj
 0002:000010e8       ??_C@_0BM@HLJJNPAH@InitializeConditionVariable?$AA@ 00000001800080e8     MSVCRT:thread_safe_statics.obj
 0002:00001108       ??_C@_0BJ@JEBJOJFJ@SleepConditionVariableCS?$AA@ 0000000180008108     MSVCRT:thread_safe_statics.obj
 0002:00001128       ??_C@_0BJ@PGPPEPCC@WakeAllConditionVariable?$AA@ 0000000180008128     MSVCRT:thread_safe_statics.obj
 0002:00001150       ??_7type_info@@6B@         0000000180008150     MSVCRT:std_type_info_static.obj
 0002:00001158       _pRawDllMain               0000000180008158     MSVCRT:dll_dllmain.obj
 0002:00001158       _pDefaultRawDllMain        0000000180008158     MSVCRT:dll_dllmain.obj
 0002:00001168       ??_7exception@std@@6B@     0000000180008168     MSVCRT:throw_bad_alloc.obj
 0002:00001178       ??_C@_0BC@EOODALEL@Unknown?5exception?$AA@ 0000000180008178     MSVCRT:throw_bad_alloc.obj
 0002:00001198       ??_7bad_alloc@std@@6B@     0000000180008198     MSVCRT:throw_bad_alloc.obj
 0002:000011a8       ??_C@_0P@GHFPNOJB@bad?5allocation?$AA@ 00000001800081a8     MSVCRT:throw_bad_alloc.obj
 0002:000011c0       ??_7bad_array_new_length@std@@6B@ 00000001800081c0     MSVCRT:throw_bad_alloc.obj
 0002:000011d0       ??_C@_0BF@KINCDENJ@bad?5array?5new?5length?$AA@ 00000001800081d0     MSVCRT:throw_bad_alloc.obj
 0002:00001260       _load_config_used          0000000180008260     MSVCRT:loadcfg.obj
 0002:000012f8       _tls_used                  00000001800082f8     MSVCRT:tlssup.obj
 0002:00001320       ??_R4SubThreadWorker@@6B@  0000000180008320     workflowprotocol.obj
 0002:00001348       ??_R3SubThreadWorker@@8    0000000180008348     workflowprotocol.obj
 0002:00001360       ??_R2SubThreadWorker@@8    0000000180008360     workflowprotocol.obj
 0002:00001378       ??_R1A@?0A@EA@SubThreadWorker@@8 0000000180008378     workflowprotocol.obj
 0002:000013a0       ??_R1A@?0A@EA@QObject@@8   00000001800083a0     workflowprotocol.obj
 0002:000013c8       ??_R3QObject@@8            00000001800083c8     workflowprotocol.obj
 0002:000013e0       ??_R2QObject@@8            00000001800083e0     workflowprotocol.obj
 0002:000013f0       ??_R4WorkflowController@@6B@ 00000001800083f0     workflowprotocol.obj
 0002:00001418       ??_R3WorkflowController@@8 0000000180008418     workflowprotocol.obj
 0002:00001430       ??_R2WorkflowController@@8 0000000180008430     workflowprotocol.obj
 0002:00001448       ??_R1A@?0A@EA@WorkflowController@@8 0000000180008448     workflowprotocol.obj
 0002:00001470       ??_R4StatusChangeEvent@@6B@ 0000000180008470     workflowprotocol.obj
 0002:00001498       ??_R3StatusChangeEvent@@8  0000000180008498     workflowprotocol.obj
 0002:000014b0       ??_R2StatusChangeEvent@@8  00000001800084b0     workflowprotocol.obj
 0002:000014c8       ??_R1A@?0A@EA@StatusChangeEvent@@8 00000001800084c8     workflowprotocol.obj
 0002:000014f0       ??_R1A@?0A@EA@QEvent@@8    00000001800084f0     workflowprotocol.obj
 0002:00001518       ??_R3QEvent@@8             0000000180008518     workflowprotocol.obj
 0002:00001530       ??_R2QEvent@@8             0000000180008530     workflowprotocol.obj
 0002:00001540       ??_R4RunningStateChangeEvent@@6B@ 0000000180008540     workflowprotocol.obj
 0002:00001568       ??_R3RunningStateChangeEvent@@8 0000000180008568     workflowprotocol.obj
 0002:00001580       ??_R2RunningStateChangeEvent@@8 0000000180008580     workflowprotocol.obj
 0002:00001598       ??_R1A@?0A@EA@RunningStateChangeEvent@@8 0000000180008598     workflowprotocol.obj
 0002:000015c0       ??_R4type_info@@6B@        00000001800085c0     MSVCRT:std_type_info_static.obj
 0002:000015e8       ??_R3type_info@@8          00000001800085e8     MSVCRT:std_type_info_static.obj
 0002:00001600       ??_R2type_info@@8          0000000180008600     MSVCRT:std_type_info_static.obj
 0002:00001610       ??_R1A@?0A@EA@type_info@@8 0000000180008610     MSVCRT:std_type_info_static.obj
 0002:00001638       ??_R4exception@std@@6B@    0000000180008638     MSVCRT:throw_bad_alloc.obj
 0002:00001660       ??_R3exception@std@@8      0000000180008660     MSVCRT:throw_bad_alloc.obj
 0002:00001678       ??_R2exception@std@@8      0000000180008678     MSVCRT:throw_bad_alloc.obj
 0002:00001688       ??_R1A@?0A@EA@exception@std@@8 0000000180008688     MSVCRT:throw_bad_alloc.obj
 0002:000016b0       ??_R4bad_alloc@std@@6B@    00000001800086b0     MSVCRT:throw_bad_alloc.obj
 0002:000016d8       ??_R3bad_alloc@std@@8      00000001800086d8     MSVCRT:throw_bad_alloc.obj
 0002:000016f0       ??_R2bad_alloc@std@@8      00000001800086f0     MSVCRT:throw_bad_alloc.obj
 0002:00001708       ??_R1A@?0A@EA@bad_alloc@std@@8 0000000180008708     MSVCRT:throw_bad_alloc.obj
 0002:00001730       ??_R4bad_array_new_length@std@@6B@ 0000000180008730     MSVCRT:throw_bad_alloc.obj
 0002:00001758       ??_R3bad_array_new_length@std@@8 0000000180008758     MSVCRT:throw_bad_alloc.obj
 0002:00001770       ??_R2bad_array_new_length@std@@8 0000000180008770     MSVCRT:throw_bad_alloc.obj
 0002:00001790       ??_R1A@?0A@EA@bad_array_new_length@std@@8 0000000180008790     MSVCRT:throw_bad_alloc.obj
 0002:00001b90       __rtc_iaa                  0000000180008b90     MSVCRT:_initsect_.obj
 0002:00001b98       __rtc_izz                  0000000180008b98     MSVCRT:_initsect_.obj
 0002:00001ba0       __rtc_taa                  0000000180008ba0     MSVCRT:_initsect_.obj
 0002:00001ba8       __rtc_tzz                  0000000180008ba8     MSVCRT:_initsect_.obj
 0002:00002f68       _TI2?AVbad_alloc@std@@     0000000180009f68     MSVCRT:throw_bad_alloc.obj
 0002:00002f88       _CTA2?AVbad_alloc@std@@    0000000180009f88     MSVCRT:throw_bad_alloc.obj
 0002:00002fa0       _CT??_R0?AVbad_alloc@std@@@8??0bad_alloc@std@@QEAA@AEBV01@@Z24 0000000180009fa0     MSVCRT:throw_bad_alloc.obj
 0002:00002fc8       _CT??_R0?AVexception@std@@@8??0exception@std@@QEAA@AEBV01@@Z24 0000000180009fc8     MSVCRT:throw_bad_alloc.obj
 0002:00002ff0       _TI3?AVbad_array_new_length@std@@ 0000000180009ff0     MSVCRT:throw_bad_alloc.obj
 0002:00003010       _CTA3?AVbad_array_new_length@std@@ 000000018000a010     MSVCRT:throw_bad_alloc.obj
 0002:00003030       _CT??_R0?AVbad_array_new_length@std@@@8??0bad_array_new_length@std@@QEAA@AEBV01@@Z24 000000018000a030     MSVCRT:throw_bad_alloc.obj
 0002:00003874       __IMPORT_DESCRIPTOR_Communication 000000018000a874     Communication:Communication.dll
 0002:00003888       __IMPORT_DESCRIPTOR_Qt5Core 000000018000a888     Qt5Core:Qt5Core.dll
 0002:0000389c       __IMPORT_DESCRIPTOR_KERNEL32 000000018000a89c     kernel32:KERNEL32.dll
 0002:000038b0       __IMPORT_DESCRIPTOR_VCRUNTIME140 000000018000a8b0     vcruntime:VCRUNTIME140.dll
 0002:000038c4       __IMPORT_DESCRIPTOR_api-ms-win-crt-runtime-l1-1-0 000000018000a8c4     ucrt:api-ms-win-crt-runtime-l1-1-0.dll
 0002:000038d8       __IMPORT_DESCRIPTOR_api-ms-win-crt-heap-l1-1-0 000000018000a8d8     ucrt:api-ms-win-crt-heap-l1-1-0.dll
 0002:000038ec       __NULL_IMPORT_DESCRIPTOR   000000018000a8ec     Communication:Communication.dll
 0003:00000000       ?staticMetaObject@SubThreadWorker@@2UQMetaObject@@B 000000018000d000     moc_workflowprotocol.obj
 0003:00000030       ?staticMetaObject@WorkflowController@@2UQMetaObject@@B 000000018000d030     moc_workflowprotocol.obj
 0003:00000060       _Init_global_epoch         000000018000d060     MSVCRT:thread_safe_statics.obj
 0003:00000070       __security_cookie          000000018000d070     MSVCRT:gs_cookie.obj
 0003:00000078       __security_cookie_complement 000000018000d078     MSVCRT:gs_cookie.obj
 0003:00000080       __scrt_native_dllmain_reason 000000018000d080     MSVCRT:utility.obj
 0003:00000088       __isa_available            000000018000d088     MSVCRT:_cpu_disp_.obj
 0003:0000008c       __isa_enabled              000000018000d08c     MSVCRT:_cpu_disp_.obj
 0003:00000090       __memcpy_nt_iters          000000018000d090     MSVCRT:_cpu_disp_.obj
 0003:000000a0       __scrt_ucrt_dll_is_in_use  000000018000d0a0     MSVCRT:ucrt_stubs.obj
 0003:000000a8       ??_R0?AVSubThreadWorker@@@8 000000018000d0a8     workflowprotocol.obj
 0003:000000d0       ??_R0?AVQObject@@@8        000000018000d0d0     workflowprotocol.obj
 0003:000000f0       ??_R0?AVWorkflowController@@@8 000000018000d0f0     workflowprotocol.obj
 0003:00000120       ??_R0?AVStatusChangeEvent@@@8 000000018000d120     workflowprotocol.obj
 0003:00000148       ??_R0?AVQEvent@@@8         000000018000d148     workflowprotocol.obj
 0003:00000168       ??_R0?AVRunningStateChangeEvent@@@8 000000018000d168     workflowprotocol.obj
 0003:00000198       ??_R0?AVtype_info@@@8      000000018000d198     MSVCRT:std_type_info_static.obj
 0003:000001b8       ??_R0?AVbad_alloc@std@@@8  000000018000d1b8     MSVCRT:throw_bad_alloc.obj
 0003:000001e0       ??_R0?AVexception@std@@@8  000000018000d1e0     MSVCRT:throw_bad_alloc.obj
 0003:00000208       ??_R0?AVbad_array_new_length@std@@@8 000000018000d208     MSVCRT:throw_bad_alloc.obj
 0003:00000240       ?t@?1??types@?$ConnectionTypes@U?$List@_NH@QtPrivate@@$00@QtPrivate@@SAPEBHXZ@4QBHB 000000018000d240     workflowprotocol.obj
 0003:0000024c       ?$TSS0@?1??types@?$ConnectionTypes@U?$List@_NH@QtPrivate@@$00@QtPrivate@@SAPEBHXZ@4HA 000000018000d24c     workflowprotocol.obj
 0003:00000250       ?t@?1??types@?$ConnectionTypes@U?$List@AEBVQString@@@QtPrivate@@$00@QtPrivate@@SAPEBHXZ@4QBHB 000000018000d250     workflowprotocol.obj
 0003:00000258       ?$TSS0@?1??types@?$ConnectionTypes@U?$List@AEBVQString@@@QtPrivate@@$00@QtPrivate@@SAPEBHXZ@4HA 000000018000d258     workflowprotocol.obj
 0003:00000260       ?t@?1??types@?$ConnectionTypes@U?$List@AEBVQString@@G@QtPrivate@@$00@QtPrivate@@SAPEBHXZ@4QBHB 000000018000d260     workflowprotocol.obj
 0003:0000026c       ?$TSS0@?1??types@?$ConnectionTypes@U?$List@AEBVQString@@G@QtPrivate@@$00@QtPrivate@@SAPEBHXZ@4HA 000000018000d26c     workflowprotocol.obj
 0003:00000270       ?t@?1??types@?$ConnectionTypes@U?$List@AEBVQJsonObject@@@QtPrivate@@$00@QtPrivate@@SAPEBHXZ@4QBHB 000000018000d270     workflowprotocol.obj
 0003:00000278       ?$TSS0@?1??types@?$ConnectionTypes@U?$List@AEBVQJsonObject@@@QtPrivate@@$00@QtPrivate@@SAPEBHXZ@4HA 000000018000d278     workflowprotocol.obj
 0003:000002c8       _tls_index                 000000018000d2c8     MSVCRT:tlssup.obj
 0003:000002d0       __scrt_current_native_startup_state 000000018000d2d0     MSVCRT:utility.obj
 0003:000002d8       __scrt_native_startup_lock 000000018000d2d8     MSVCRT:utility.obj
 0003:00000314       __scrt_debugger_hook_flag  000000018000d314     MSVCRT:utility_desktop.obj
 0003:00000890       ?__type_info_root_node@@3U__type_info_node@@A 000000018000d890     MSVCRT:tncleanup.obj
 0003:000008a0       ?_OptionsStorage@?1??__local_stdio_printf_options@@9@4_KA 000000018000d8a0     MSVCRT:default_local_stdio_options.obj
 0003:000008a8       ?_OptionsStorage@?1??__local_stdio_scanf_options@@9@4_KA 000000018000d8a8     MSVCRT:default_local_stdio_options.obj
 0003:000008b0       __favor                    000000018000d8b0     MSVCRT:_cpu_disp_.obj
 0003:000008b8       __dyn_tls_init_callback    000000018000d8b8     <common>
 0005:00000000       _tls_start                 000000018000f000     MSVCRT:tlssup.obj
 0005:00000004       _Init_thread_epoch         000000018000f004     MSVCRT:thread_safe_statics.obj
 0005:00000008       _tls_end                   000000018000f008     MSVCRT:tlssup.obj

 entry point at        0001:000040e0

 Static symbols

 0000:fffed000       .debug$S                   0000000180000000     ucrt:api-ms-win-crt-runtime-l1-1-0.dll
 0000:fffed000       .debug$S                   0000000180000000     vcruntime:VCRUNTIME140.dll
 0000:fffed000       .debug$S                   0000000180000000     WorkflowProtocol.exp
 0000:fffed000       .debug$S                   0000000180000000     vcruntime:VCRUNTIME140.dll
 0000:fffed000       .debug$S                   0000000180000000     vcruntime:VCRUNTIME140.dll
 0000:fffed000       .debug$S                   0000000180000000     vcruntime:VCRUNTIME140.dll
 0000:fffed000       .debug$S                   0000000180000000     vcruntime:VCRUNTIME140.dll
 0000:fffed000       .debug$S                   0000000180000000     vcruntime:VCRUNTIME140.dll
 0000:fffed000       .debug$S                   0000000180000000     vcruntime:VCRUNTIME140.dll
 0000:fffed000       .debug$S                   0000000180000000     vcruntime:VCRUNTIME140.dll
 0000:fffed000       .debug$S                   0000000180000000     vcruntime:VCRUNTIME140.dll
 0000:fffed000       .debug$S                   0000000180000000     kernel32:KERNEL32.dll
 0000:fffed000       .debug$S                   0000000180000000     kernel32:KERNEL32.dll
 0000:fffed000       .debug$S                   0000000180000000     kernel32:KERNEL32.dll
 0000:fffed000       .debug$S                   0000000180000000     kernel32:KERNEL32.dll
 0000:fffed000       .debug$S                   0000000180000000     kernel32:KERNEL32.dll
 0000:fffed000       .debug$S                   0000000180000000     kernel32:KERNEL32.dll
 0000:fffed000       .debug$S                   0000000180000000     kernel32:KERNEL32.dll
 0000:fffed000       .debug$S                   0000000180000000     kernel32:KERNEL32.dll
 0000:fffed000       .debug$S                   0000000180000000     kernel32:KERNEL32.dll
 0000:fffed000       .debug$S                   0000000180000000     kernel32:KERNEL32.dll
 0000:fffed000       .debug$S                   0000000180000000     kernel32:KERNEL32.dll
 0000:fffed000       .debug$S                   0000000180000000     kernel32:KERNEL32.dll
 0000:fffed000       .debug$S                   0000000180000000     kernel32:KERNEL32.dll
 0000:fffed000       .debug$S                   0000000180000000     kernel32:KERNEL32.dll
 0000:fffed000       .debug$S                   0000000180000000     kernel32:KERNEL32.dll
 0000:fffed000       .debug$S                   0000000180000000     kernel32:KERNEL32.dll
 0000:fffed000       .debug$S                   0000000180000000     kernel32:KERNEL32.dll
 0000:fffed000       .debug$S                   0000000180000000     kernel32:KERNEL32.dll
 0000:fffed000       .debug$S                   0000000180000000     kernel32:KERNEL32.dll
 0000:fffed000       .debug$S                   0000000180000000     kernel32:KERNEL32.dll
 0000:fffed000       .debug$S                   0000000180000000     kernel32:KERNEL32.dll
 0000:fffed000       .debug$S                   0000000180000000     kernel32:KERNEL32.dll
 0000:fffed000       .debug$S                   0000000180000000     kernel32:KERNEL32.dll
 0000:fffed000       .debug$S                   0000000180000000     kernel32:KERNEL32.dll
 0000:fffed000       .debug$S                   0000000180000000     kernel32:KERNEL32.dll
 0000:fffed000       .debug$S                   0000000180000000     kernel32:KERNEL32.dll
 0000:fffed000       .debug$S                   0000000180000000     ucrt:api-ms-win-crt-runtime-l1-1-0.dll
 0000:fffed000       .debug$S                   0000000180000000     Qt5Core:Qt5Core.dll
 0000:fffed000       .debug$S                   0000000180000000     ucrt:api-ms-win-crt-runtime-l1-1-0.dll
 0000:fffed000       .debug$S                   0000000180000000     Qt5Core:Qt5Core.dll
 0000:fffed000       .debug$S                   0000000180000000     Qt5Core:Qt5Core.dll
 0000:fffed000       .debug$S                   0000000180000000     Qt5Core:Qt5Core.dll
 0000:fffed000       .debug$S                   0000000180000000     Qt5Core:Qt5Core.dll
 0000:fffed000       .debug$S                   0000000180000000     Qt5Core:Qt5Core.dll
 0000:fffed000       .debug$S                   0000000180000000     Qt5Core:Qt5Core.dll
 0000:fffed000       .debug$S                   0000000180000000     Qt5Core:Qt5Core.dll
 0000:fffed000       .debug$S                   0000000180000000     Qt5Core:Qt5Core.dll
 0000:fffed000       .debug$S                   0000000180000000     ucrt:api-ms-win-crt-runtime-l1-1-0.dll
 0000:fffed000       .debug$S                   0000000180000000     ucrt:api-ms-win-crt-runtime-l1-1-0.dll
 0000:fffed000       .debug$S                   0000000180000000     Qt5Core:Qt5Core.dll
 0000:fffed000       .debug$S                   0000000180000000     ucrt:api-ms-win-crt-runtime-l1-1-0.dll
 0000:fffed000       .debug$S                   0000000180000000     Qt5Core:Qt5Core.dll
 0000:fffed000       .debug$S                   0000000180000000     ucrt:api-ms-win-crt-runtime-l1-1-0.dll
 0000:fffed000       .debug$S                   0000000180000000     Qt5Core:Qt5Core.dll
 0000:fffed000       .debug$S                   0000000180000000     Qt5Core:Qt5Core.dll
 0000:fffed000       .debug$S                   0000000180000000     Qt5Core:Qt5Core.dll
 0000:fffed000       .debug$S                   0000000180000000     Qt5Core:Qt5Core.dll
 0000:fffed000       .debug$S                   0000000180000000     Qt5Core:Qt5Core.dll
 0000:fffed000       .debug$S                   0000000180000000     Qt5Core:Qt5Core.dll
 0000:fffed000       .debug$S                   0000000180000000     Qt5Core:Qt5Core.dll
 0000:fffed000       .debug$S                   0000000180000000     Qt5Core:Qt5Core.dll
 0000:fffed000       .debug$S                   0000000180000000     ucrt:api-ms-win-crt-runtime-l1-1-0.dll
 0000:fffed000       .debug$S                   0000000180000000     Qt5Core:Qt5Core.dll
 0000:fffed000       .debug$S                   0000000180000000     ucrt:api-ms-win-crt-runtime-l1-1-0.dll
 0000:fffed000       .debug$S                   0000000180000000     Qt5Core:Qt5Core.dll
 0000:fffed000       .debug$S                   0000000180000000     Qt5Core:Qt5Core.dll
 0000:fffed000       .debug$S                   0000000180000000     Qt5Core:Qt5Core.dll
 0000:fffed000       .debug$S                   0000000180000000     Qt5Core:Qt5Core.dll
 0000:fffed000       .debug$S                   0000000180000000     Qt5Core:Qt5Core.dll
 0000:fffed000       .debug$S                   0000000180000000     Qt5Core:Qt5Core.dll
 0000:fffed000       .debug$S                   0000000180000000     Qt5Core:Qt5Core.dll
 0000:fffed000       .debug$S                   0000000180000000     Qt5Core:Qt5Core.dll
 0000:fffed000       .debug$S                   0000000180000000     Qt5Core:Qt5Core.dll
 0000:fffed000       .debug$S                   0000000180000000     Qt5Core:Qt5Core.dll
 0000:fffed000       .debug$S                   0000000180000000     Qt5Core:Qt5Core.dll
 0000:fffed000       .debug$S                   0000000180000000     Qt5Core:Qt5Core.dll
 0000:fffed000       .debug$S                   0000000180000000     Qt5Core:Qt5Core.dll
 0000:fffed000       .debug$S                   0000000180000000     Qt5Core:Qt5Core.dll
 0000:fffed000       .debug$S                   0000000180000000     Qt5Core:Qt5Core.dll
 0000:fffed000       .debug$S                   0000000180000000     Qt5Core:Qt5Core.dll
 0000:fffed000       .debug$S                   0000000180000000     Qt5Core:Qt5Core.dll
 0000:fffed000       .debug$S                   0000000180000000     Qt5Core:Qt5Core.dll
 0000:fffed000       .debug$S                   0000000180000000     Qt5Core:Qt5Core.dll
 0000:fffed000       .debug$S                   0000000180000000     Qt5Core:Qt5Core.dll
 0000:fffed000       .debug$S                   0000000180000000     Qt5Core:Qt5Core.dll
 0000:fffed000       .debug$S                   0000000180000000     Qt5Core:Qt5Core.dll
 0000:fffed000       .debug$S                   0000000180000000     Qt5Core:Qt5Core.dll
 0000:fffed000       .debug$S                   0000000180000000     Qt5Core:Qt5Core.dll
 0000:fffed000       .debug$S                   0000000180000000     Qt5Core:Qt5Core.dll
 0000:fffed000       .debug$S                   0000000180000000     Qt5Core:Qt5Core.dll
 0000:fffed000       .debug$S                   0000000180000000     Qt5Core:Qt5Core.dll
 0000:fffed000       .debug$S                   0000000180000000     Qt5Core:Qt5Core.dll
 0000:fffed000       .debug$S                   0000000180000000     Communication:Communication.dll
 0000:fffed000       .debug$S                   0000000180000000     Communication:Communication.dll
 0000:fffed000       .debug$S                   0000000180000000     Communication:Communication.dll
 0000:fffed000       .debug$S                   0000000180000000     Communication:Communication.dll
 0000:fffed000       .debug$S                   0000000180000000     Communication:Communication.dll
 0000:fffed000       .debug$S                   0000000180000000     Communication:Communication.dll
 0000:fffed000       .debug$S                   0000000180000000     Qt5Core:Qt5Core.dll
 0000:fffed000       .debug$S                   0000000180000000     Qt5Core:Qt5Core.dll
 0000:fffed000       .debug$S                   0000000180000000     Qt5Core:Qt5Core.dll
 0000:fffed000       .debug$S                   0000000180000000     Qt5Core:Qt5Core.dll
 0000:fffed000       .debug$S                   0000000180000000     Qt5Core:Qt5Core.dll
 0000:fffed000       .debug$S                   0000000180000000     Qt5Core:Qt5Core.dll
 0000:fffed000       .debug$S                   0000000180000000     Qt5Core:Qt5Core.dll
 0000:fffed000       .debug$S                   0000000180000000     Qt5Core:Qt5Core.dll
 0000:fffed000       .debug$S                   0000000180000000     Qt5Core:Qt5Core.dll
 0000:fffed000       .debug$S                   0000000180000000     Qt5Core:Qt5Core.dll
 0000:fffed000       .debug$S                   0000000180000000     Qt5Core:Qt5Core.dll
 0000:fffed000       .debug$S                   0000000180000000     Qt5Core:Qt5Core.dll
 0000:fffed000       .debug$S                   0000000180000000     Qt5Core:Qt5Core.dll
 0000:fffed000       .debug$S                   0000000180000000     Qt5Core:Qt5Core.dll
 0000:fffed000       .debug$S                   0000000180000000     Qt5Core:Qt5Core.dll
 0000:fffed000       .debug$S                   0000000180000000     Qt5Core:Qt5Core.dll
 0000:fffed000       .debug$S                   0000000180000000     Qt5Core:Qt5Core.dll
 0000:fffed000       .debug$S                   0000000180000000     Qt5Core:Qt5Core.dll
 0000:fffed000       .debug$S                   0000000180000000     Qt5Core:Qt5Core.dll
 0000:fffed000       .debug$S                   0000000180000000     Qt5Core:Qt5Core.dll
 0000:fffed000       .debug$S                   0000000180000000     Qt5Core:Qt5Core.dll
 0000:fffed000       .debug$S                   0000000180000000     Qt5Core:Qt5Core.dll
 0000:fffed000       .debug$S                   0000000180000000     Qt5Core:Qt5Core.dll
 0000:fffed000       .debug$S                   0000000180000000     Qt5Core:Qt5Core.dll
 0000:fffed000       .debug$S                   0000000180000000     Qt5Core:Qt5Core.dll
 0000:fffed000       .debug$S                   0000000180000000     Qt5Core:Qt5Core.dll
 0000:fffed000       .debug$S                   0000000180000000     Qt5Core:Qt5Core.dll
 0000:fffed000       .debug$S                   0000000180000000     Qt5Core:Qt5Core.dll
 0000:fffed000       .debug$S                   0000000180000000     Qt5Core:Qt5Core.dll
 0000:fffed000       .debug$S                   0000000180000000     Qt5Core:Qt5Core.dll
 0000:fffed000       .debug$S                   0000000180000000     Qt5Core:Qt5Core.dll
 0000:fffed000       .debug$S                   0000000180000000     Qt5Core:Qt5Core.dll
 0000:fffed000       .debug$S                   0000000180000000     Qt5Core:Qt5Core.dll
 0000:fffed000       .debug$S                   0000000180000000     Qt5Core:Qt5Core.dll
 0000:fffed000       .debug$S                   0000000180000000     Qt5Core:Qt5Core.dll
 0000:fffed000       .debug$S                   0000000180000000     Qt5Core:Qt5Core.dll
 0000:fffed000       .debug$S                   0000000180000000     Qt5Core:Qt5Core.dll
 0000:fffed000       .debug$S                   0000000180000000     Qt5Core:Qt5Core.dll
 0000:fffed000       .debug$S                   0000000180000000     Qt5Core:Qt5Core.dll
 0000:fffed000       .debug$S                   0000000180000000     Qt5Core:Qt5Core.dll
 0000:fffed000       .debug$S                   0000000180000000     Qt5Core:Qt5Core.dll
 0000:fffed000       .debug$S                   0000000180000000     Qt5Core:Qt5Core.dll
 0000:fffed000       .debug$S                   0000000180000000     Qt5Core:Qt5Core.dll
 0000:fffed000       .debug$S                   0000000180000000     Qt5Core:Qt5Core.dll
 0000:fffed000       .debug$S                   0000000180000000     Qt5Core:Qt5Core.dll
 0000:fffed000       .debug$S                   0000000180000000     Qt5Core:Qt5Core.dll
 0000:fffed000       .debug$S                   0000000180000000     Qt5Core:Qt5Core.dll
 0000:fffed000       .debug$S                   0000000180000000     Qt5Core:Qt5Core.dll
 0000:fffed000       .debug$S                   0000000180000000     Qt5Core:Qt5Core.dll
 0000:fffed000       .debug$S                   0000000180000000     Qt5Core:Qt5Core.dll
 0000:fffed000       .debug$S                   0000000180000000     Qt5Core:Qt5Core.dll
 0000:fffed000       .debug$S                   0000000180000000     Qt5Core:Qt5Core.dll
 0000:fffed000       .debug$S                   0000000180000000     Qt5Core:Qt5Core.dll
 0000:fffed000       .debug$S                   0000000180000000     Qt5Core:Qt5Core.dll
 0000:fffed000       .debug$S                   0000000180000000     Qt5Core:Qt5Core.dll
 0000:fffed000       .debug$S                   0000000180000000     Qt5Core:Qt5Core.dll
 0000:fffed000       .debug$S                   0000000180000000     Qt5Core:Qt5Core.dll
 0000:fffed000       .debug$S                   0000000180000000     ucrt:api-ms-win-crt-heap-l1-1-0.dll
 0000:fffed000       .debug$S                   0000000180000000     ucrt:api-ms-win-crt-heap-l1-1-0.dll
 0000:fffed000       .debug$S                   0000000180000000     ucrt:api-ms-win-crt-heap-l1-1-0.dll
 0000:fffed000       .debug$S                   0000000180000000     ucrt:api-ms-win-crt-runtime-l1-1-0.dll
 0000:fffed000       .debug$S                   0000000180000000     ucrt:api-ms-win-crt-runtime-l1-1-0.dll
 0000:fffed000       .debug$S                   0000000180000000     ucrt:api-ms-win-crt-runtime-l1-1-0.dll
 0000:fffed000       .debug$S                   0000000180000000     Qt5Core:Qt5Core.dll
 0001:00000000       ??__E?staticMetaObject@SubThreadWorker@@2UQMetaObject@@B@@YAXXZ 0000000180001000 f   moc_workflowprotocol.obj
 0001:00000010       ??__E?staticMetaObject@WorkflowController@@2UQMetaObject@@B@@YAXXZ 0000000180001010 f   moc_workflowprotocol.obj
 0001:0000362c       $LN19                      000000018000462c     moc_workflowprotocol.obj
 0001:00003774       $LN23                      0000000180004774     moc_workflowprotocol.obj
 0001:000039b0       ?__scrt_initialize_thread_safe_statics@@YAHXZ 00000001800049b0 f   MSVCRT:thread_safe_statics.obj
 0001:00003ad0       ?__scrt_uninitialize_thread_safe_statics@@YAXXZ 0000000180004ad0 f   MSVCRT:thread_safe_statics.obj
 0001:00003d60       $$000000                   0000000180004d60     MSVCRT:_amdsecgs_.obj
 0001:00003d94       ?dllmain_crt_dispatch@@YAHQEAUHINSTANCE__@@KQEAX@Z 0000000180004d94 f   MSVCRT:dll_dllmain.obj
 0001:00003de4       ?dllmain_crt_process_attach@@YAHQEAUHINSTANCE__@@QEAX@Z 0000000180004de4 f   MSVCRT:dll_dllmain.obj
 0001:00003f10       ?dllmain_crt_process_detach@@YAH_N@Z 0000000180004f10 f   MSVCRT:dll_dllmain.obj
 0001:00003f94       ?dllmain_dispatch@@YAHQEAUHINSTANCE__@@KQEAX@Z 0000000180004f94 f   MSVCRT:dll_dllmain.obj
 0001:0000408c       ?dllmain_raw@@YAHQEAUHINSTANCE__@@KQEAX@Z 000000018000508c f   MSVCRT:dll_dllmain.obj
 0001:00004908       capture_previous_context   0000000180005908 f   MSVCRT:gs_report.obj
 0001:00004dc0       $$000000                   0000000180005dc0     MSVCRT:_guard_dispatch_.obj
 0001:00004de0       ?catch$5@?0???0?$QList@VQString@@@@QEAA@AEBV0@@Z@4HA 0000000180005de0 f   workflowprotocol.obj
 0001:00004ded       __catch$??0?$QList@VQString@@@@QEAA@AEBV0@@Z$0 0000000180005ded f   workflowprotocol.obj
 0001:00004e10       ?dtor$0@?0???0WorkflowController@@QEAA@PEAVQObject@@@Z@4HA 0000000180005e10 f   workflowprotocol.obj
 0001:00004e1e       ?dtor$1@?0???0WorkflowController@@QEAA@PEAVQObject@@@Z@4HA 0000000180005e1e f   workflowprotocol.obj
 0001:00004e30       ?dtor$2@?0???0WorkflowController@@QEAA@PEAVQObject@@@Z@4HA 0000000180005e30 f   workflowprotocol.obj
 0001:00004e50       ?dtor$3@?0???0WorkflowController@@QEAA@PEAVQObject@@@Z@4HA 0000000180005e50 f   workflowprotocol.obj
 0001:00004e70       ?catch$5@?0??append@?$QList@VQString@@@@QEAAXAEBVQString@@@Z@4HA 0000000180005e70 f   workflowprotocol.obj
 0001:00004e7d       __catch$?append@?$QList@VQString@@@@QEAAXAEBVQString@@@Z$0 0000000180005e7d f   workflowprotocol.obj
 0001:00004e91       ?catch$6@?0??append@?$QList@VQString@@@@QEAAXAEBVQString@@@Z@4HA 0000000180005e91 f   workflowprotocol.obj
 0001:00004e9e       __catch$?append@?$QList@VQString@@@@QEAAXAEBVQString@@@Z$4 0000000180005e9e f   workflowprotocol.obj
 0001:00004ec0       ?catch$8@?0??detach_helper_grow@?$QList@VQString@@@@AEAAPEAUNode@1@HH@Z@4HA 0000000180005ec0 f   workflowprotocol.obj
 0001:00004ece       __catch$?detach_helper_grow@?$QList@VQString@@@@AEAAPEAUNode@1@HH@Z$0 0000000180005ece f   workflowprotocol.obj
 0001:00004eec       ?catch$7@?0??detach_helper_grow@?$QList@VQString@@@@AEAAPEAUNode@1@HH@Z@4HA 0000000180005eec f   workflowprotocol.obj
 0001:00004efb       __catch$?detach_helper_grow@?$QList@VQString@@@@AEAAPEAUNode@1@HH@Z$2 0000000180005efb f   workflowprotocol.obj
 0001:00004f50       ?dtor$0@?0??doWork@SubThreadWorker@@QEAAXAEBVQJsonObject@@@Z@4HA 0000000180005f50 f   workflowprotocol.obj
 0001:00004f5e       ?dtor$1@?0??doWork@SubThreadWorker@@QEAAXAEBVQJsonObject@@@Z@4HA 0000000180005f5e f   workflowprotocol.obj
 0001:00004f6c       ?dtor$2@?0??doWork@SubThreadWorker@@QEAAXAEBVQJsonObject@@@Z@4HA 0000000180005f6c f   workflowprotocol.obj
 0001:00004f7a       ?dtor$3@?0??doWork@SubThreadWorker@@QEAAXAEBVQJsonObject@@@Z@4HA 0000000180005f7a f   workflowprotocol.obj
 0001:00004f88       ?dtor$4@?0??doWork@SubThreadWorker@@QEAAXAEBVQJsonObject@@@Z@4HA 0000000180005f88 f   workflowprotocol.obj
 0001:00004f96       ?dtor$5@?0??doWork@SubThreadWorker@@QEAAXAEBVQJsonObject@@@Z@4HA 0000000180005f96 f   workflowprotocol.obj
 0001:00004fa4       ?dtor$6@?0??doWork@SubThreadWorker@@QEAAXAEBVQJsonObject@@@Z@4HA 0000000180005fa4 f   workflowprotocol.obj
 0001:00004fb2       ?dtor$7@?0??doWork@SubThreadWorker@@QEAAXAEBVQJsonObject@@@Z@4HA 0000000180005fb2 f   workflowprotocol.obj
 0001:00004fc0       ?dtor$8@?0??doWork@SubThreadWorker@@QEAAXAEBVQJsonObject@@@Z@4HA 0000000180005fc0 f   workflowprotocol.obj
 0001:00004fce       ?dtor$9@?0??doWork@SubThreadWorker@@QEAAXAEBVQJsonObject@@@Z@4HA 0000000180005fce f   workflowprotocol.obj
 0001:00004fdc       ?dtor$10@?0??doWork@SubThreadWorker@@QEAAXAEBVQJsonObject@@@Z@4HA 0000000180005fdc f   workflowprotocol.obj
 0001:00004ff0       ?dtor$0@?0??formatRecvFrameToJsonObject@WorkflowProtocol@@QEAA_NAEAVQJsonObject@@@Z@4HA 0000000180005ff0 f   workflowprotocol.obj
 0001:00004ffe       ?dtor$1@?0??formatRecvFrameToJsonObject@WorkflowProtocol@@QEAA_NAEAVQJsonObject@@@Z@4HA 0000000180005ffe f   workflowprotocol.obj
 0001:00005010       ?dtor$0@?0??handleControlCommand@SubThreadWorker@@IEAA_NAEAVCommunication@@AEAVQJsonObject@@@Z@4HA 0000000180006010 f   workflowprotocol.obj
 0001:0000501e       ?dtor$1@?0??handleControlCommand@SubThreadWorker@@IEAA_NAEAVCommunication@@AEAVQJsonObject@@@Z@4HA 000000018000601e f   workflowprotocol.obj
 0001:0000502c       ?dtor$2@?0??handleControlCommand@SubThreadWorker@@IEAA_NAEAVCommunication@@AEAVQJsonObject@@@Z@4HA 000000018000602c f   workflowprotocol.obj
 0001:0000503a       ?dtor$3@?0??handleControlCommand@SubThreadWorker@@IEAA_NAEAVCommunication@@AEAVQJsonObject@@@Z@4HA 000000018000603a f   workflowprotocol.obj
 0001:00005048       ?dtor$4@?0??handleControlCommand@SubThreadWorker@@IEAA_NAEAVCommunication@@AEAVQJsonObject@@@Z@4HA 0000000180006048 f   workflowprotocol.obj
 0001:00005056       ?dtor$5@?0??handleControlCommand@SubThreadWorker@@IEAA_NAEAVCommunication@@AEAVQJsonObject@@@Z@4HA 0000000180006056 f   workflowprotocol.obj
 0001:00005064       ?dtor$33@?0??handleControlCommand@SubThreadWorker@@IEAA_NAEAVCommunication@@AEAVQJsonObject@@@Z@4HA 0000000180006064 f   workflowprotocol.obj
 0001:00005072       ?dtor$6@?0??handleControlCommand@SubThreadWorker@@IEAA_NAEAVCommunication@@AEAVQJsonObject@@@Z@4HA 0000000180006072 f   workflowprotocol.obj
[...]
 0002:00003429       $N00015                    000000018000a429     WorkflowProtocol.exp
 0002:0000345f       $N00016                    000000018000a45f     WorkflowProtocol.exp
 0002:00003497       $N00017                    000000018000a497     WorkflowProtocol.exp
 0002:000034e2       $N00018                    000000018000a4e2     WorkflowProtocol.exp
 0002:00003530       $N00019                    000000018000a530     WorkflowProtocol.exp
 0002:00003575       $N00020                    000000018000a575     WorkflowProtocol.exp
 0002:000035a5       $N00021                    000000018000a5a5     WorkflowProtocol.exp
 0002:000035fc       $N00022                    000000018000a5fc     WorkflowProtocol.exp
 0002:00003635       $N00023                    000000018000a635     WorkflowProtocol.exp
 0002:0000366b       $N00024                    000000018000a66b     WorkflowProtocol.exp
 0002:000036a7       $N00025                    000000018000a6a7     WorkflowProtocol.exp
 0002:000036da       $N00026                    000000018000a6da     WorkflowProtocol.exp
 0002:00003711       $N00027                    000000018000a711     WorkflowProtocol.exp
 0002:0000374d       $N00028                    000000018000a74d     WorkflowProtocol.exp
 0002:0000377a       $N00029                    000000018000a77a     WorkflowProtocol.exp
 0002:000037a0       $N00030                    000000018000a7a0     WorkflowProtocol.exp
 0002:000037d1       $N00031                    000000018000a7d1     WorkflowProtocol.exp
 0002:00003800       $N00032                    000000018000a800     WorkflowProtocol.exp
 0002:00003833       $N00033                    000000018000a833     WorkflowProtocol.exp
 0002:00003f2c       .idata$6                   000000018000af2c     Communication:Communication.dll
 0002:00004f50       .idata$6                   000000018000bf50     Qt5Core:Qt5Core.dll
 0002:00005180       .idata$6                   000000018000c180     kernel32:KERNEL32.dll
 0002:00005266       .idata$6                   000000018000c266     vcruntime:VCRUNTIME140.dll
 0002:00005372       .idata$6                   000000018000c372     ucrt:api-ms-win-crt-runtime-l1-1-0.dll
 0002:00005394       .idata$6                   000000018000c394     ucrt:api-ms-win-crt-heap-l1-1-0.dll
 0003:00000280       ?_Tss_mutex@@3U_RTL_CRITICAL_SECTION@@A 000000018000d280     MSVCRT:thread_safe_statics.obj
 0003:000002a8       ?_Tss_cv@@3U_RTL_CONDITION_VARIABLE@@A 000000018000d2a8     MSVCRT:thread_safe_statics.obj
 0003:000002b0       ?_Tss_event@@3PEAXEA       000000018000d2b0     MSVCRT:thread_safe_statics.obj
 0003:000002b8       ?encoded_sleep_condition_variable_cs@@3P6AHPEAU_RTL_CONDITION_VARIABLE@@PEAU_RTL_CRITICAL_SECTION@@K@ZEA 000000018000d2b8     MSVCRT:thread_safe_statics.obj
 0003:000002c0       ?encoded_wake_all_condition_variable@@3P6AXPEAU_RTL_CONDITION_VARIABLE@@@ZEA 000000018000d2c0     MSVCRT:thread_safe_statics.obj
 0003:000002cc       ?__proc_attached@@3HA      000000018000d2cc     MSVCRT:dll_dllmain.obj
 0003:000002e0       ?module_local_atexit_table@@3U_onexit_table_t@@A 000000018000d2e0     MSVCRT:utility.obj
 0003:000002f8       ?module_local_at_quick_exit_table@@3U_onexit_table_t@@A 000000018000d2f8     MSVCRT:utility.obj
 0003:00000310       ?is_initialized_as_dll@@3_NA 000000018000d310     MSVCRT:utility.obj
 0003:00000320       GS_ExceptionRecord         000000018000d320     MSVCRT:gs_report.obj
 0003:000003c0       GS_ContextRecord           000000018000d3c0     MSVCRT:gs_report.obj
 0004:00000000       $pdata$??$connect@P8QThread@@EAAXUQPrivateSignal@1@@ZP8QObject@@EAAXXZ@QObject@@SA?AVConnection@QMetaObject@@PEBVQThread@@P83@EAAXUQPrivateSignal@3@@ZPEBV0@P80@EAAXXZW4ConnectionType@Qt@@@Z 000000018000e000     workflowprotocol.obj
 0004:0000000c       $pdata$??$connect@P8SubThreadWorker@@EAAXAEBVQJsonObject@@@ZP8WorkflowController@@EAAX0@Z@QObject@@SA?AVConnection@QMetaObject@@PEBVSubThreadWorker@@P83@EAAXAEBVQJsonObject@@@ZPEBVWorkflowController@@P85@EAAX1@ZW4ConnectionType@Qt@@@Z 000000018000e00c     workflowprotocol.obj
 0004:00000018       $pdata$??$connect@P8SubThreadWorker@@EAAX_NH@ZP8WorkflowController@@EAAX0H@Z@QObject@@SA?AVConnection@QMetaObject@@PEBVSubThreadWorker@@P83@EAAX_NH@ZPEBVWorkflowController@@P84@EAAX1H@ZW4ConnectionType@Qt@@@Z 000000018000e018     workflowprotocol.obj
 0004:00000024       $pdata$??$connect@P8WorkflowController@@EAAXAEBVQJsonObject@@@ZP8SubThreadWorker@@EAAX0@Z@QObject@@SA?AVConnection@QMetaObject@@PEBVWorkflowController@@P83@EAAXAEBVQJsonObject@@@ZPEBVSubThreadWorker@@P85@EAAX1@ZW4ConnectionType@Qt@@@Z 000000018000e024     workflowprotocol.obj
 0004:00000030       $pdata$??$connect@P8WorkflowController@@EAAXAEBVQString@@@ZP8SubThreadWorker@@EAAX0@Z@QObject@@SA?AVConnection@QMetaObject@@PEBVWorkflowController@@P83@EAAXAEBVQString@@@ZPEBVSubThreadWorker@@P85@EAAX1@ZW4ConnectionType@Qt@@@Z 000000018000e030     workflowprotocol.obj
 0004:0000003c       $pdata$??$connect@P8WorkflowController@@EAAXAEBVQString@@G@ZP8SubThreadWorker@@EAAX0G@Z@QObject@@SA?AVConnection@QMetaObject@@PEBVWorkflowController@@P83@EAAXAEBVQString@@G@ZPEBVSubThreadWorker@@P85@EAAX1G@ZW4ConnectionType@Qt@@@Z 000000018000e03c     workflowprotocol.obj
 0004:00000048       $pdata$??$connect@P8WorkflowController@@EAAXXZP8SubThreadWorker@@EAAXXZ@QObject@@SA?AVConnection@QMetaObject@@PEBVWorkflowController@@P83@EAAXXZPEBVSubThreadWorker@@P84@EAAXXZW4ConnectionType@Qt@@@Z 000000018000e048     workflowprotocol.obj
 0004:00000054       $pdata$??$formatWord@E@WorkflowProtocol@@IEAA?AVQByteArray@@E@Z 000000018000e054     workflowprotocol.obj
 0004:00000060       $pdata$??$formatWord@G@WorkflowProtocol@@IEAA?AVQByteArray@@G@Z 000000018000e060     workflowprotocol.obj
 0004:0000006c       $pdata$??0?$QList@VQString@@@@QEAA@AEBV0@@Z 000000018000e06c     workflowprotocol.obj
 0004:00000078       $pdata$??0WorkflowController@@QEAA@PEAVQObject@@@Z 000000018000e078     workflowprotocol.obj
 0004:00000084       $pdata$??0WorkflowProtocol@@QEAA@$$QEAV0@@Z 000000018000e084     workflowprotocol.obj
 0004:00000084       $pdata$??0WorkflowProtocol@@QEAA@AEBV0@@Z 000000018000e084     workflowprotocol.obj
 0004:00000090       $pdata$??0WorkflowProtocol@@QEAA@XZ 000000018000e090     workflowprotocol.obj
 0004:0000009c       $pdata$??1?$QList@VQString@@@@QEAA@XZ 000000018000e09c     workflowprotocol.obj
 0004:000000a8       $pdata$??1WorkflowController@@UEAA@XZ 000000018000e0a8     workflowprotocol.obj
 0004:000000b4       $pdata$??4WorkflowProtocol@@QEAAAEAV0@AEBV0@@Z 000000018000e0b4     workflowprotocol.obj
 0004:000000b4       $pdata$??4WorkflowProtocol@@QEAAAEAV0@$$QEAV0@@Z 000000018000e0b4     workflowprotocol.obj
 0004:000000c0       $pdata$??_EWorkflowController@@UEAAPEAXI@Z 000000018000e0c0     workflowprotocol.obj
 0004:000000cc       $pdata$??_GRunningStateChangeEvent@@UEAAPEAXI@Z 000000018000e0cc     workflowprotocol.obj
 0004:000000d8       $pdata$??_GStatusChangeEvent@@UEAAPEAXI@Z 000000018000e0d8     workflowprotocol.obj
 0004:000000e4       $pdata$??_GSubThreadWorker@@UEAAPEAXI@Z 000000018000e0e4     workflowprotocol.obj
 0004:000000f0       $pdata$?append@?$QList@VQString@@@@QEAAXAEBVQString@@@Z 000000018000e0f0     workflowprotocol.obj
 0004:000000fc       $pdata$?changeHost@SubThreadWorker@@QEAAXAEBVQString@@G@Z 000000018000e0fc     workflowprotocol.obj
 0004:00000108       $pdata$?detach_helper_grow@?$QList@VQString@@@@AEAAPEAUNode@1@HH@Z 000000018000e108     workflowprotocol.obj
 0004:00000114       $pdata$?doWork@SubThreadWorker@@QEAAXAEBVQJsonObject@@@Z 000000018000e114     workflowprotocol.obj
 0004:00000120       $pdata$?formatRecvFrameToJsonObject@WorkflowProtocol@@QEAA_NAEAVQJsonObject@@@Z 000000018000e120     workflowprotocol.obj
 0004:0000012c       $pdata$?handleControlCommand@SubThreadWorker@@IEAA_NAEAVCommunication@@AEAVQJsonObject@@@Z 000000018000e12c     workflowprotocol.obj
 0004:00000138       $pdata$?handleLogicalCommand@SubThreadWorker@@IEAA_NAEAVQJsonObject@@AEAH@Z 000000018000e138     workflowprotocol.obj
 0004:00000144       $pdata$?initProtocol@WorkflowProtocol@@QEAA_NAEBVQString@@@Z 000000018000e144     workflowprotocol.obj
 0004:00000150       $pdata$?isLogicalCommand@SubThreadWorker@@IEAA_NAEBVQString@@@Z 000000018000e150     workflowprotocol.obj
 0004:0000015c       $pdata$?node_copy@?$QList@VQString@@@@AEAAXPEAUNode@1@00@Z 000000018000e15c     workflowprotocol.obj
 0004:00000168       $pdata$?node_destruct@?$QList@VQString@@@@AEAAXPEAUNode@1@0@Z 000000018000e168     workflowprotocol.obj
 0004:00000174       $pdata$?parseAckFrame@WorkflowProtocol@@QEAA_NAEBVQByteArray@@AEAVQJsonObject@@@Z 000000018000e174     workflowprotocol.obj
 0004:00000180       $pdata$?parseJsonObjectToSendFrame@WorkflowProtocol@@QEAA_NAEBVQJsonObject@@AEAV2@@Z 000000018000e180     workflowprotocol.obj
 0004:0000018c       $pdata$?runTask@WorkflowController@@QEAAXAEBVQJsonObject@@@Z 000000018000e18c     workflowprotocol.obj
 0004:00000198       $pdata$?serializeSendFrame@WorkflowProtocol@@QEAA?AVQByteArray@@XZ 000000018000e198     workflowprotocol.obj
 0004:000001a4       $pdata$?statusChanged@WorkflowController@@QEAAXAEBVQJsonObject@@@Z 000000018000e1a4     workflowprotocol.obj
 0004:000001b0       $pdata$?stopCurrentTask@WorkflowController@@QEAAXXZ 000000018000e1b0     workflowprotocol.obj
 0004:000001bc       $pdata$?taskStateChanged@WorkflowController@@QEAAX_NH@Z 000000018000e1bc     workflowprotocol.obj
 0004:000001c8       $pdata$?trUtf8@WorkflowController@@SA?AVQString@@PEBD0H@Z 000000018000e1c8     workflowprotocol.obj
 0004:000001c8       $pdata$?tr@WorkflowController@@SA?AVQString@@PEBD0H@Z 000000018000e1c8     workflowprotocol.obj
 0004:000001d4       $pdata$?types@?$ConnectionTypes@U?$List@AEBVQString@@G@QtPrivate@@$00@QtPrivate@@SAPEBHXZ 000000018000e1d4     workflowprotocol.obj
 0004:000001e0       $pdata$?types@?$ConnectionTypes@U?$List@_NH@QtPrivate@@$00@QtPrivate@@SAPEBHXZ 000000018000e1e0     workflowprotocol.obj
 0004:000001ec       $pdata$?unserializeRecvFrame@WorkflowProtocol@@QEAAXAEBVQByteArray@@@Z 000000018000e1ec     workflowprotocol.obj
 0004:000001f8       $pdata$?changeHost@WorkflowController@@QEAAXAEBVQString@@G@Z 000000018000e1f8     moc_workflowprotocol.obj
 0004:00000204       $pdata$?configProtocol@WorkflowController@@QEAAXAEBVQString@@@Z 000000018000e204     moc_workflowprotocol.obj
 0004:00000210       $pdata$?qt_metacall@SubThreadWorker@@UEAAHW4Call@QMetaObject@@HPEAPEAX@Z 000000018000e210     moc_workflowprotocol.obj
 0004:0000021c       $pdata$?qt_metacall@WorkflowController@@UEAAHW4Call@QMetaObject@@HPEAPEAX@Z 000000018000e21c     moc_workflowprotocol.obj
 0004:00000228       $pdata$?qt_static_metacall@SubThreadWorker@@CAXPEAVQObject@@W4Call@QMetaObject@@HPEAPEAX@Z 000000018000e228     moc_workflowprotocol.obj
 0004:00000234       $pdata$?qt_static_metacall@WorkflowController@@CAXPEAVQObject@@W4Call@QMetaObject@@HPEAPEAX@Z 000000018000e234     moc_workflowprotocol.obj
 0004:00000240       $pdata$?runNewTask@WorkflowController@@QEAAXAEBVQJsonObject@@@Z 000000018000e240     moc_workflowprotocol.obj
 0004:0000024c       $pdata$?statusChanged@SubThreadWorker@@QEAAXAEBVQJsonObject@@@Z 000000018000e24c     moc_workflowprotocol.obj
 0004:00000258       $pdata$?taskStateChanged@SubThreadWorker@@QEAAX_NH@Z 000000018000e258     moc_workflowprotocol.obj
 0004:00000264       $pdata$??_M@YAXPEAX_K1P6AX0@Z@Z 000000018000e264     MSVCRT:ehvecdtr.obj
 0004:00000270       $pdata$?__ArrayUnwind@@YAXPEAX_K1P6AX0@Z@Z 000000018000e270     MSVCRT:ehvecdtr.obj
 0004:0000027c       $pdata$??2@YAPEAX_K@Z      000000018000e27c     MSVCRT:new_scalar.obj
 0004:00000288       $pdata$?__scrt_initialize_thread_safe_statics@@YAHXZ 000000018000e288     MSVCRT:thread_safe_statics.obj
 0004:00000294       $pdata$?__scrt_uninitialize_thread_safe_statics@@YAXXZ 000000018000e294     MSVCRT:thread_safe_statics.obj
 0004:000002a0       $pdata$_Init_thread_footer 000000018000e2a0     MSVCRT:thread_safe_statics.obj
 0004:000002ac       $pdata$_Init_thread_header 000000018000e2ac     MSVCRT:thread_safe_statics.obj
 0004:000002b8       $pdata$_Init_thread_notify 000000018000e2b8     MSVCRT:thread_safe_statics.obj
 0004:000002c4       $pdata$_Init_thread_wait   000000018000e2c4     MSVCRT:thread_safe_statics.obj
 0004:000002d0       $pdata$??_Gtype_info@@UEAAPEAXI@Z 000000018000e2d0     MSVCRT:std_type_info_static.obj
 0004:000002dc       $pdata$__GSHandlerCheck    000000018000e2dc     MSVCRT:_gshandler_.obj
 0004:000002e8       $pdata$__GSHandlerCheckCommon 000000018000e2e8     MSVCRT:_gshandler_.obj
 0004:00000300       $pdata$?dllmain_crt_dispatch@@YAHQEAUHINSTANCE__@@KQEAX@Z 000000018000e300     MSVCRT:dll_dllmain.obj
 0004:0000030c       $pdata$?dllmain_crt_process_attach@@YAHQEAUHINSTANCE__@@QEAX@Z 000000018000e30c     MSVCRT:dll_dllmain.obj
 0004:00000318       $pdata$?dllmain_crt_process_detach@@YAH_N@Z 000000018000e318     MSVCRT:dll_dllmain.obj
 0004:00000324       $pdata$?dllmain_dispatch@@YAHQEAUHINSTANCE__@@KQEAX@Z 000000018000e324     MSVCRT:dll_dllmain.obj
 0004:00000330       $pdata$?dllmain_raw@@YAHQEAUHINSTANCE__@@KQEAX@Z 000000018000e330     MSVCRT:dll_dllmain.obj
 0004:0000033c       $pdata$_DllMainCRTStartup  000000018000e33c     MSVCRT:dll_dllmain.obj
 0004:00000348       $pdata$??0bad_alloc@std@@QEAA@AEBV01@@Z 000000018000e348     MSVCRT:throw_bad_alloc.obj
 0004:00000354       $pdata$??0bad_array_new_length@std@@QEAA@AEBV01@@Z 000000018000e354     MSVCRT:throw_bad_alloc.obj
 0004:00000360       $pdata$??0exception@std@@QEAA@AEBV01@@Z 000000018000e360     MSVCRT:throw_bad_alloc.obj
 0004:0000036c       $pdata$??_Gexception@std@@UEAAPEAXI@Z 000000018000e36c     MSVCRT:throw_bad_alloc.obj
 0004:0000036c       $pdata$??_Gbad_array_new_length@std@@UEAAPEAXI@Z 000000018000e36c     MSVCRT:throw_bad_alloc.obj
 0004:0000036c       $pdata$??_Gbad_alloc@std@@UEAAPEAXI@Z 000000018000e36c     MSVCRT:throw_bad_alloc.obj
 0004:00000378       $pdata$?__scrt_throw_std_bad_alloc@@YAXXZ 000000018000e378     MSVCRT:throw_bad_alloc.obj
 0004:00000384       $pdata$?__scrt_throw_std_bad_array_new_length@@YAXXZ 000000018000e384     MSVCRT:throw_bad_alloc.obj
 0004:00000390       $pdata$__scrt_acquire_startup_lock 000000018000e390     MSVCRT:utility.obj
 0004:0000039c       $pdata$__scrt_dllmain_after_initialize_c 000000018000e39c     MSVCRT:utility.obj
 0004:000003a8       $pdata$__scrt_dllmain_before_initialize_c 000000018000e3a8     MSVCRT:utility.obj
 0004:000003b4       $pdata$__scrt_dllmain_crt_thread_attach 000000018000e3b4     MSVCRT:utility.obj
 0004:000003c0       $pdata$__scrt_dllmain_crt_thread_detach 000000018000e3c0     MSVCRT:utility.obj
 0004:000003cc       $pdata$__scrt_dllmain_exception_filter 000000018000e3cc     MSVCRT:utility.obj
 0004:000003d8       $pdata$__scrt_dllmain_uninitialize_c 000000018000e3d8     MSVCRT:utility.obj
 0004:000003e4       $pdata$__scrt_dllmain_uninitialize_critical 000000018000e3e4     MSVCRT:utility.obj
 0004:000003f0       $pdata$__scrt_initialize_crt 000000018000e3f0     MSVCRT:utility.obj
 0004:000003fc       $pdata$__scrt_initialize_onexit_tables 000000018000e3fc     MSVCRT:utility.obj
 0004:00000408       $pdata$__scrt_is_nonwritable_in_current_image 000000018000e408     MSVCRT:utility.obj
 0004:00000414       $pdata$__scrt_release_startup_lock 000000018000e414     MSVCRT:utility.obj
 0004:00000420       $pdata$__scrt_uninitialize_crt 000000018000e420     MSVCRT:utility.obj
 0004:0000042c       $pdata$_onexit             000000018000e42c     MSVCRT:utility.obj
 0004:00000438       $pdata$atexit              000000018000e438     MSVCRT:utility.obj
 0004:00000444       $pdata$__scrt_fastfail     000000018000e444     MSVCRT:utility_desktop.obj
 0004:00000450       $pdata$__raise_securityfailure 000000018000e450     MSVCRT:gs_report.obj
 0004:0000045c       $pdata$__report_gsfailure  000000018000e45c     MSVCRT:gs_report.obj
 0004:00000468       $pdata$capture_previous_context 000000018000e468     MSVCRT:gs_report.obj
 0004:00000474       $pdata$__security_init_cookie 000000018000e474     MSVCRT:gs_support.obj
 0004:00000480       $pdata$DllMain             000000018000e480     MSVCRT:dll_dllmain_stub.obj
 0004:0000048c       $pdata$__scrt_initialize_default_local_stdio_options 000000018000e48c     MSVCRT:default_local_stdio_options.obj
 0004:00000498       $pdata$_RTC_Initialize     000000018000e498     MSVCRT:_initsect_.obj
 0004:000004a4       $pdata$_RTC_Terminate      000000018000e4a4     MSVCRT:_initsect_.obj
 0004:000004b0       $pdata$__isa_available_init 000000018000e4b0     MSVCRT:_cpu_disp_.obj
 0004:000004c8       $pdata$?catch$5@?0???0?$QList@VQString@@@@QEAA@AEBV0@@Z@4HA 000000018000e4c8     workflowprotocol.obj
 0004:000004d4       $pdata$?dtor$2@?0???0WorkflowController@@QEAA@PEAVQObject@@@Z@4HA 000000018000e4d4     workflowprotocol.obj
 0004:000004e0       $pdata$?dtor$3@?0???0WorkflowController@@QEAA@PEAVQObject@@@Z@4HA 000000018000e4e0     workflowprotocol.obj
 0004:000004ec       $pdata$?catch$5@?0??append@?$QList@VQString@@@@QEAAXAEBVQString@@@Z@4HA 000000018000e4ec     workflowprotocol.obj
 0004:000004f8       $pdata$?catch$6@?0??append@?$QList@VQString@@@@QEAAXAEBVQString@@@Z@4HA 000000018000e4f8     workflowprotocol.obj
 0004:00000504       $pdata$?catch$8@?0??detach_helper_grow@?$QList@VQString@@@@AEAAPEAUNode@1@HH@Z@4HA 000000018000e504     workflowprotocol.obj
 0004:00000510       $pdata$?catch$7@?0??detach_helper_grow@?$QList@VQString@@@@AEAAPEAUNode@1@HH@Z@4HA 000000018000e510     workflowprotocol.obj
 0004:0000051c       $pdata$?catch$2@?0??node_copy@?$QList@VQString@@@@AEAAXPEAUNode@1@00@Z@4HA 000000018000e51c     workflowprotocol.obj
 0004:00000528       $pdata$?dtor$0@?0??serializeSendFrame@WorkflowProtocol@@QEAA?AVQByteArray@@XZ@4HA 000000018000e528     workflowprotocol.obj
 0004:00000534       $pdata$?dtor$0@?0??statusChanged@WorkflowController@@QEAAXAEBVQJsonObject@@@Z@4HA 000000018000e534     workflowprotocol.obj
 0004:00000540       $pdata$?dtor$0@?0??taskStateChanged@WorkflowController@@QEAAX_NH@Z@4HA 000000018000e540     workflowprotocol.obj
 0004:0000054c       $pdata$?fin$0@?0???_M@YAXPEAX_K1P6AX0@Z@Z@4HA 000000018000e54c     MSVCRT:ehvecdtr.obj
 0004:00000558       $pdata$?filt$0@?0??__ArrayUnwind@@YAXPEAX_K1P6AX0@Z@Z@4HA 000000018000e558     MSVCRT:ehvecdtr.obj
 0004:00000564       $pdata$?fin$0@?0??dllmain_crt_process_attach@@YAHQEAUHINSTANCE__@@QEAX@Z@4HA 000000018000e564     MSVCRT:dll_dllmain.obj
 0004:00000570       $pdata$?fin$0@?0??dllmain_crt_process_detach@@YAH_N@Z@4HA 000000018000e570     MSVCRT:dll_dllmain.obj
 0004:0000057c       $pdata$?filt$0@?0??dllmain_dispatch@@YAHQEAUHINSTANCE__@@KQEAX@Z@4HA 000000018000e57c     MSVCRT:dll_dllmain.obj
 0004:00000588       $pdata$__scrt_is_nonwritable_in_current_image$filt$0 000000018000e588     MSVCRT:utility.obj
 0006:00000000       __guard_fids__             0000000180010000     MSVCRT:thread_safe_statics.obj
 0006:00000004       __guard_fids_?__scrt_initialize_thread_safe_statics@@YAHXZ 0000000180010004     MSVCRT:thread_safe_statics.obj
 0006:00000008       __guard_fids__             0000000180010008     MSVCRT:std_type_info_static.obj
 0006:0000000c       __guard_fids_?dllmain_crt_process_attach@@YAHQEAUHINSTANCE__@@QEAX@Z 000000018001000c     MSVCRT:dll_dllmain.obj
 0006:00000014       __guard_fids_?dllmain_dispatch@@YAHQEAUHINSTANCE__@@KQEAX@Z 0000000180010014     MSVCRT:dll_dllmain.obj
 0006:00000018       __guard_fids__             0000000180010018     MSVCRT:throw_bad_alloc.obj
 0006:00000020       __guard_fids__             0000000180010020     MSVCRT:throw_bad_alloc.obj
 0006:00000028       __guard_fids__             0000000180010028     MSVCRT:throw_bad_alloc.obj
 0006:00000030       __guard_fids__             0000000180010030     MSVCRT:guard_support.obj
 0007:00000060       $R000000                   0000000180011060     * linker generated manifest res *
